$ taskset -c 0 java -Dprotos.benchmarks.peer.language=js -cp /workspaces/protos-benchmarks/.work/embedded/peer-25.4.4.1.1/executable-value/d0088eaa89ece882c7363b6d2a332ffbdffae8594feb7a0767135a1f7f2b5cd4/classes:/home/vscode/.m2/repository/org/graalvm/polyglot/polyglot/25.4.4.1.1/polyglot-25.4.4.1.1.jar:/home/vscode/.m2/repository/org/graalvm/sdk/collections/25.4.4.1.1/collections-25.4.4.1.1.jar:/home/vscode/.m2/repository/org/graalvm/sdk/nativeimage/25.4.4.1.1/nativeimage-25.4.4.1.1.jar:/home/vscode/.m2/repository/org/graalvm/sdk/word/25.4.4.1.1/word-25.4.4.1.1.jar:/home/vscode/.m2/repository/org/graalvm/polyglot/js/25.4.4.1.1/js-25.4.4.1.1.pom:/home/vscode/.m2/repository/org/graalvm/js/js/25.4.4.1.1/js-25.4.4.1.1.pom:/home/vscode/.m2/repository/org/graalvm/js/js-language/25.4.4.1.1/js-language-25.4.4.1.1.jar:/home/vscode/.m2/repository/org/graalvm/regex/regex/25.4.4.1.1/regex-25.4.4.1.1.jar:/home/vscode/.m2/repository/org/graalvm/truffle/truffle-api/25.4.4.1.1/truffle-api-25.4.4.1.1.jar:/home/vscode/.m2/repository/org/graalvm/sdk/jniutils/25.4.4.1.1/jniutils-25.4.4.1.1.jar:/home/vscode/.m2/repository/org/graalvm/shadowed/icu4j/25.4.4.1.1/icu4j-25.4.4.1.1.jar:/home/vscode/.m2/repository/org/graalvm/truffle/truffle-runtime/25.4.4.1.1/truffle-runtime-25.4.4.1.1.jar:/home/vscode/.m2/repository/org/graalvm/truffle/truffle-compiler/25.4.4.1.1/truffle-compiler-25.4.4.1.1.jar:/home/vscode/.m2/repository/org/graalvm/polyglot/python/25.4.4.1.1/python-25.4.4.1.1.pom:/home/vscode/.m2/repository/org/graalvm/python/python/25.4.4.1.1/python-25.4.4.1.1.pom:/home/vscode/.m2/repository/org/graalvm/python/python-language/25.4.4.1.1/python-language-25.4.4.1.1.jar:/home/vscode/.m2/repository/org/graalvm/tools/profiler-tool/25.4.4.1.1/profiler-tool-25.4.4.1.1.jar:/home/vscode/.m2/repository/org/graalvm/shadowed/json/25.4.4.1.1/json-25.4.4.1.1.jar:/home/vscode/.m2/repository/org/graalvm/shadowed/xz/25.4.4.1.1/xz-25.4.4.1.1.jar:/home/vscode/.m2/repository/org/graalvm/python/python-resources/25.4.4.1.1/python-resources-25.4.4.1.1.jar com.guillermomolina.protos.benchmarks.measure.peer.PeerExecutableSurface measure - /workspaces/protos-benchmarks/truffle/workloads/primitive-closure-call/primitive-closure-call.mjs 50 10 10000 -
WARNING: A restricted method in java.lang.System has been called
WARNING: java.lang.System::load has been called by com.oracle.truffle.polyglot.JDKSupport in an unnamed module (file:/home/vscode/.m2/repository/org/graalvm/truffle/truffle-api/25.4.4.1.1/truffle-api-25.4.4.1.1.jar)
WARNING: Use --enable-native-access=ALL-UNNAMED to avoid a warning for callers in this module
WARNING: Restricted methods will be blocked in a future release unless native access is enabled

WARNING: A terminally deprecated method in sun.misc.Unsafe has been called
WARNING: sun.misc.Unsafe::objectFieldOffset has been called by com.oracle.truffle.runtime.hotspot.HotSpotTruffleRuntime (file:/home/vscode/.m2/repository/org/graalvm/truffle/truffle-runtime/25.4.4.1.1/truffle-runtime-25.4.4.1.1.jar)
WARNING: Please consider reporting this to the maintainers of class com.oracle.truffle.runtime.hotspot.HotSpotTruffleRuntime
WARNING: sun.misc.Unsafe::objectFieldOffset will be removed in a future release
mode=jvm
surface=executable-value
language=js
run_mode=executable-value
source=/workspaces/protos-benchmarks/truffle/workloads/primitive-closure-call/primitive-closure-call.mjs
warmup_iterations=50
steady_iterations=10
sample_calls=10000
setup_ns=1080533343
sample phase=cold iteration=1 elapsed_ns=6686542
sample phase=warmup iteration=1 elapsed_ns=323708540
sample phase=warmup iteration=2 elapsed_ns=51833962
sample phase=warmup iteration=3 elapsed_ns=27052479
sample phase=warmup iteration=4 elapsed_ns=15615258
sample phase=warmup iteration=5 elapsed_ns=12522017
sample phase=warmup iteration=6 elapsed_ns=12467757
sample phase=warmup iteration=7 elapsed_ns=10414724
sample phase=warmup iteration=8 elapsed_ns=6870493
sample phase=warmup iteration=9 elapsed_ns=6838972
sample phase=warmup iteration=10 elapsed_ns=8387063
sample phase=warmup iteration=11 elapsed_ns=7045114
sample phase=warmup iteration=12 elapsed_ns=8620414
sample phase=warmup iteration=13 elapsed_ns=4932500
sample phase=warmup iteration=14 elapsed_ns=5682915
sample phase=warmup iteration=15 elapsed_ns=3501982
sample phase=warmup iteration=16 elapsed_ns=3517152
sample phase=warmup iteration=17 elapsed_ns=5169392
sample phase=warmup iteration=18 elapsed_ns=3378041
sample phase=warmup iteration=19 elapsed_ns=3370811
sample phase=warmup iteration=20 elapsed_ns=3560362
sample phase=warmup iteration=21 elapsed_ns=3360981
sample phase=warmup iteration=22 elapsed_ns=3377781
sample phase=warmup iteration=23 elapsed_ns=5111082
sample phase=warmup iteration=24 elapsed_ns=2752787
sample phase=warmup iteration=25 elapsed_ns=3155290
sample phase=warmup iteration=26 elapsed_ns=3295221
sample phase=warmup iteration=27 elapsed_ns=3149049
sample phase=warmup iteration=28 elapsed_ns=3050259
sample phase=warmup iteration=29 elapsed_ns=3915915
sample phase=warmup iteration=30 elapsed_ns=2914808
sample phase=warmup iteration=31 elapsed_ns=2472206
sample phase=warmup iteration=32 elapsed_ns=2808417
sample phase=warmup iteration=33 elapsed_ns=6307480
sample phase=warmup iteration=34 elapsed_ns=1045826
sample phase=warmup iteration=35 elapsed_ns=2687996
sample phase=warmup iteration=36 elapsed_ns=2664946
sample phase=warmup iteration=37 elapsed_ns=1040557
sample phase=warmup iteration=38 elapsed_ns=2192713
sample phase=warmup iteration=39 elapsed_ns=2438655
sample phase=warmup iteration=40 elapsed_ns=1052037
sample phase=warmup iteration=41 elapsed_ns=2661706
sample phase=warmup iteration=42 elapsed_ns=3070969
sample phase=warmup iteration=43 elapsed_ns=534023
sample phase=warmup iteration=44 elapsed_ns=537993
sample phase=warmup iteration=45 elapsed_ns=2146434
sample phase=warmup iteration=46 elapsed_ns=537503
sample phase=warmup iteration=47 elapsed_ns=535333
sample phase=warmup iteration=48 elapsed_ns=1708750
sample phase=warmup iteration=49 elapsed_ns=526824
sample phase=warmup iteration=50 elapsed_ns=533823
sample phase=steady iteration=1 elapsed_ns=2921729
sample phase=steady iteration=2 elapsed_ns=562703
sample phase=steady iteration=3 elapsed_ns=535163
sample phase=steady iteration=4 elapsed_ns=2147883
sample phase=steady iteration=5 elapsed_ns=534833
sample phase=steady iteration=6 elapsed_ns=536183
sample phase=steady iteration=7 elapsed_ns=2152034
sample phase=steady iteration=8 elapsed_ns=534383
sample phase=steady iteration=9 elapsed_ns=533553
sample phase=steady iteration=10 elapsed_ns=535904
result=1
