$ taskset -c 0 java -cp /workspaces/protos-benchmarks/.work/embedded/db85f8538479ef0dd0b44cbe9ece32f0eeb2dbbf/canonical/b02ba483daf51d2246cae320fba6e0529488d3632928219a811f1208dd30a294/classes:/workspaces/protos/target/classes:/home/vscode/.m2/repository/org/jline/jline/3.30.6/jline-3.30.6.jar:/home/vscode/.m2/repository/com/ibm/icu/icu4j/78.1/icu4j-78.1.jar:/home/vscode/.m2/repository/org/graalvm/sdk/graal-sdk/25.4.4.1.1/graal-sdk-25.4.4.1.1.jar:/home/vscode/.m2/repository/org/graalvm/sdk/collections/25.4.4.1.1/collections-25.4.4.1.1.jar:/home/vscode/.m2/repository/org/graalvm/sdk/nativeimage/25.4.4.1.1/nativeimage-25.4.4.1.1.jar:/home/vscode/.m2/repository/org/graalvm/sdk/word/25.4.4.1.1/word-25.4.4.1.1.jar:/home/vscode/.m2/repository/org/graalvm/polyglot/polyglot/25.4.4.1.1/polyglot-25.4.4.1.1.jar:/home/vscode/.m2/repository/org/graalvm/truffle/truffle-api/25.4.4.1.1/truffle-api-25.4.4.1.1.jar:/home/vscode/.m2/repository/org/graalvm/sdk/jniutils/25.4.4.1.1/jniutils-25.4.4.1.1.jar:/home/vscode/.m2/repository/org/graalvm/truffle/truffle-runtime/25.4.4.1.1/truffle-runtime-25.4.4.1.1.jar:/home/vscode/.m2/repository/org/graalvm/truffle/truffle-compiler/25.4.4.1.1/truffle-compiler-25.4.4.1.1.jar:/home/vscode/.m2/repository/org/graalvm/polyglot/dap/25.4.4.1.1/dap-25.4.4.1.1.pom:/home/vscode/.m2/repository/org/graalvm/tools/dap-tool/25.4.4.1.1/dap-tool-25.4.4.1.1.jar:/home/vscode/.m2/repository/org/graalvm/shadowed/json/25.4.4.1.1/json-25.4.4.1.1.jar:/home/vscode/.m2/repository/org/eclipse/lsp4j/org.eclipse.lsp4j/1.0.0/org.eclipse.lsp4j-1.0.0.jar:/home/vscode/.m2/repository/org/eclipse/lsp4j/org.eclipse.lsp4j.jsonrpc/1.0.0/org.eclipse.lsp4j.jsonrpc-1.0.0.jar:/home/vscode/.m2/repository/com/google/code/gson/gson/2.14.0/gson-2.14.0.jar:/home/vscode/.m2/repository/com/google/errorprone/error_prone_annotations/2.48.0/error_prone_annotations-2.48.0.jar:/home/vscode/.m2/repository/org/junit/jupiter/junit-jupiter/5.10.2/junit-jupiter-5.10.2.jar:/home/vscode/.m2/repository/org/junit/jupiter/junit-jupiter-api/5.10.2/junit-jupiter-api-5.10.2.jar:/home/vscode/.m2/repository/org/opentest4j/opentest4j/1.3.0/opentest4j-1.3.0.jar:/home/vscode/.m2/repository/org/junit/platform/junit-platform-commons/1.10.2/junit-platform-commons-1.10.2.jar:/home/vscode/.m2/repository/org/apiguardian/apiguardian-api/1.1.2/apiguardian-api-1.1.2.jar:/home/vscode/.m2/repository/org/junit/jupiter/junit-jupiter-params/5.10.2/junit-jupiter-params-5.10.2.jar:/home/vscode/.m2/repository/org/junit/jupiter/junit-jupiter-engine/5.10.2/junit-jupiter-engine-5.10.2.jar:/home/vscode/.m2/repository/org/junit/platform/junit-platform-engine/1.10.2/junit-platform-engine-1.10.2.jar com.guillermomolina.protos.benchmarks.measure.protos.ProtosCanonicalSurface measure /workspaces/protos/protos/lib/core /workspaces/protos-benchmarks/truffle/workloads/primitive-local-read/primitive-local-read.protos 50 10 10000 -
WARNING: A restricted method in java.lang.System has been called
WARNING: java.lang.System::load has been called by com.oracle.truffle.polyglot.JDKSupport in an unnamed module (file:/home/vscode/.m2/repository/org/graalvm/truffle/truffle-api/25.4.4.1.1/truffle-api-25.4.4.1.1.jar)
WARNING: Use --enable-native-access=ALL-UNNAMED to avoid a warning for callers in this module
WARNING: Restricted methods will be blocked in a future release unless native access is enabled

WARNING: A terminally deprecated method in sun.misc.Unsafe has been called
WARNING: sun.misc.Unsafe::objectFieldOffset has been called by com.oracle.truffle.runtime.hotspot.HotSpotTruffleRuntime (file:/home/vscode/.m2/repository/org/graalvm/truffle/truffle-runtime/25.4.4.1.1/truffle-runtime-25.4.4.1.1.jar)
WARNING: Please consider reporting this to the maintainers of class com.oracle.truffle.runtime.hotspot.HotSpotTruffleRuntime
WARNING: sun.misc.Unsafe::objectFieldOffset will be removed in a future release
mode=jvm
surface=canonical
language=protos
run_mode=canonical
source=/workspaces/protos-benchmarks/truffle/workloads/primitive-local-read/primitive-local-read.protos
warmup_iterations=50
steady_iterations=10
sample_calls=10000
setup_ns=980020597
sample phase=cold iteration=1 elapsed_ns=22878371
sample phase=warmup iteration=1 elapsed_ns=424681905
sample phase=warmup iteration=2 elapsed_ns=84355277
sample phase=warmup iteration=3 elapsed_ns=41278608
sample phase=warmup iteration=4 elapsed_ns=26626308
sample phase=warmup iteration=5 elapsed_ns=30772849
sample phase=warmup iteration=6 elapsed_ns=28725978
sample phase=warmup iteration=7 elapsed_ns=26021489
sample phase=warmup iteration=8 elapsed_ns=24533602
sample phase=warmup iteration=9 elapsed_ns=16750985
sample phase=warmup iteration=10 elapsed_ns=10818627
sample phase=warmup iteration=11 elapsed_ns=14853204
sample phase=warmup iteration=12 elapsed_ns=9321706
sample phase=warmup iteration=13 elapsed_ns=9237656
sample phase=warmup iteration=14 elapsed_ns=14458517
sample phase=warmup iteration=15 elapsed_ns=9694073
sample phase=warmup iteration=16 elapsed_ns=9684507
sample phase=warmup iteration=17 elapsed_ns=14563584
sample phase=warmup iteration=18 elapsed_ns=8455309
sample phase=warmup iteration=19 elapsed_ns=9308009
sample phase=warmup iteration=20 elapsed_ns=8823219
sample phase=warmup iteration=21 elapsed_ns=8576410
sample phase=warmup iteration=22 elapsed_ns=8995279
sample phase=warmup iteration=23 elapsed_ns=11812700
sample phase=warmup iteration=24 elapsed_ns=8244925
sample phase=warmup iteration=25 elapsed_ns=5502017
sample phase=warmup iteration=26 elapsed_ns=5329642
sample phase=warmup iteration=27 elapsed_ns=5205773
sample phase=warmup iteration=28 elapsed_ns=5616905
sample phase=warmup iteration=29 elapsed_ns=5718510
sample phase=warmup iteration=30 elapsed_ns=5294185
sample phase=warmup iteration=31 elapsed_ns=2669848
sample phase=warmup iteration=32 elapsed_ns=5370452
sample phase=warmup iteration=33 elapsed_ns=2149099
sample phase=warmup iteration=34 elapsed_ns=5126760
sample phase=warmup iteration=35 elapsed_ns=4983961
sample phase=warmup iteration=36 elapsed_ns=16856707
sample phase=warmup iteration=37 elapsed_ns=5361938
sample phase=warmup iteration=38 elapsed_ns=2150017
sample phase=warmup iteration=39 elapsed_ns=4378917
sample phase=warmup iteration=40 elapsed_ns=5160086
sample phase=warmup iteration=41 elapsed_ns=5058212
sample phase=warmup iteration=42 elapsed_ns=4872749
sample phase=warmup iteration=43 elapsed_ns=2000095
sample phase=warmup iteration=44 elapsed_ns=4858204
sample phase=warmup iteration=45 elapsed_ns=4822582
sample phase=warmup iteration=46 elapsed_ns=1964311
sample phase=warmup iteration=47 elapsed_ns=4785808
sample phase=warmup iteration=48 elapsed_ns=4818146
sample phase=warmup iteration=49 elapsed_ns=1943562
sample phase=warmup iteration=50 elapsed_ns=5078023
sample phase=steady iteration=1 elapsed_ns=4800047
sample phase=steady iteration=2 elapsed_ns=4832776
sample phase=steady iteration=3 elapsed_ns=1984979
sample phase=steady iteration=4 elapsed_ns=4542096
sample phase=steady iteration=5 elapsed_ns=4483022
sample phase=steady iteration=6 elapsed_ns=1599925
sample phase=steady iteration=7 elapsed_ns=4423131
sample phase=steady iteration=8 elapsed_ns=1590415
sample phase=steady iteration=9 elapsed_ns=3342339
sample phase=steady iteration=10 elapsed_ns=1600473
result=1
