#0 building with "default" instance using docker driver

#1 [internal] load build definition from Dockerfile
#1 transferring dockerfile: 2.81kB done
#1 DONE 0.0s

#2 [internal] load metadata for ghcr.io/graalvm/jdk-community:22.0.0
#2 DONE 0.0s

#3 [internal] load metadata for docker.io/library/maven:3.9.9-eclipse-temurin-21
#3 DONE 0.0s

#4 [internal] load .dockerignore
#4 transferring context: 2B done
#4 DONE 0.0s

#5 [stage-1 1/6] FROM ghcr.io/graalvm/jdk-community:22.0.0
#5 DONE 0.0s

#6 [build 1/9] FROM docker.io/library/maven:3.9.9-eclipse-temurin-21
#6 DONE 0.0s

#7 [internal] load build context
#7 transferring context: 121B done
#7 DONE 0.0s

#8 [build 9/9] RUN mkdir -p /out/diag     && javac -cp '/out/protos.jar:/out/truffle-runtime/*'         -d /out/diag /tmp/DiagnosticEval.java /tmp/RuntimeProbe.java
#8 CACHED

#9 [build 2/9] RUN test -n "3c93912a5579326374782a43527fbb51046f8f91"
#9 CACHED

#10 [build 5/9] COPY DiagnosticEval.java /tmp/DiagnosticEval.java
#10 CACHED

#11 [stage-1 2/6] COPY --from=build /src /opt/protos
#11 CACHED

#12 [build 4/9] COPY truffle-runtime-pom.xml /tmp/truffle-runtime-pom.xml
#12 CACHED

#13 [build 3/9] RUN apt-get update     && apt-get install -y --no-install-recommends git ca-certificates     && rm -rf /var/lib/apt/lists/*
#13 CACHED

#14 [stage-1 4/6] COPY --from=build /out/truffle-runtime /opt/truffle-runtime
#14 CACHED

#15 [build 8/9] RUN mkdir -p /out/truffle-runtime     && mvn -q -f /tmp/truffle-runtime-pom.xml         -Dtruffle.version="24.0.0"         dependency:copy-dependencies         -DincludeScope=runtime         -DoutputDirectory=/out/truffle-runtime
#15 CACHED

#16 [build 7/9] RUN git init /src     && cd /src     && git remote add origin "https://github.com/guillermomolina/protos.git"     && git fetch --depth 1 origin "3c93912a5579326374782a43527fbb51046f8f91"     && git checkout --detach FETCH_HEAD     && test "$(git rev-parse HEAD)" = "3c93912a5579326374782a43527fbb51046f8f91"     && mvn -q -DskipTests package     && mkdir -p /out     && JAR="$(find /src/target -maxdepth 1 -type f -name 'protos-*.jar' ! -name 'original-*' | LC_ALL=C sort | tail -n 1)"     && test -n "$JAR"     && cp "$JAR" /out/protos.jar
#16 CACHED

#17 [stage-1 5/6] COPY --from=build /out/diag /opt/diag
#17 CACHED

#18 [stage-1 3/6] COPY --from=build /out/protos.jar /opt/protos/protos.jar
#18 CACHED

#19 [build 6/9] COPY RuntimeProbe.java /tmp/RuntimeProbe.java
#19 CACHED

#20 [stage-1 6/6] WORKDIR /opt/protos
#20 CACHED

#21 exporting to image
#21 exporting layers done
#21 writing image sha256:15d06fa7c5f02e4aa60b7726acdc7526c87ce396072ab5b9a415db1639e1c938 done
#21 naming to docker.io/library/protos-benchmarks-perf002b:3c93912a5579 done
#21 DONE 0.0s
