[To redirect Truffle log output to a file use one of the following options:
* '--log.file=<path>' if the option is passed using a guest language launcher.
* '-Dpolyglot.log.file=<path>' if the option is passed using the host Java launcher.
* Configure logging using the polyglot embedding API.]
[engine] opt done   id=101   ProtosRootNode@fb7b545                             |Tier 1|Time   117(  72+45  )ms|AST    2|Inlined   0Y   0N|IR    591/  1658|CodeSize    7561|Addr 0x7fd483141e20|Timestamp 127868983216689|Src n/a
[engine] opt done   id=102   ProtosRootNode@7c07b94c                            |Tier 1|Time   444( 110+333 )ms|AST    9|Inlined   0Y   0N|IR   6624/ 23763|CodeSize  120983|Addr 0x7fd48314f240|Timestamp 127869434376724|Src n/a
[engine] opt done   id=99    ProtosRootNode@5bbee6c7                            |Tier 1|Time    26(  11+14  )ms|AST    2|Inlined   0Y   0N|IR    888/  1275|CodeSize    5532|Addr 0x7fd48317f8e0|Timestamp 127869463919794|Src n/a
[engine] opt done   id=100   ProtosRootNode@577b4cc7                            |Tier 1|Time   671(  69+601 )ms|AST   13|Inlined   0Y   0N|IR  10909/ 36824|CodeSize  192065|Addr 0x7fd483186340|Timestamp 127870145099777|Src n/a
[engine] opt done   id=106   ProtosRootNode@df547c0                             |Tier 1|Time    33(   5+28  )ms|AST    2|Inlined   0Y   0N|IR    888/  1275|CodeSize    5532|Addr 0x7fd4831d1260|Timestamp 127870179106903|Src n/a
[engine] opt done   id=107   ProtosRootNode@1cd1358                             |Tier 1|Time   149(  22+126 )ms|AST    7|Inlined   0Y   0N|IR   3977/ 13632|CodeSize   66729|Addr 0x7fd4831d4a20|Timestamp 127870328793723|Src n/a
[engine] opt done   id=103   ProtosRootNode@6be82d8e                            |Tier 1|Time    36(   3+33  )ms|AST    2|Inlined   0Y   0N|IR    575/  1647|CodeSize    7498|Addr 0x7fd4831ef2a0|Timestamp 127870365957893|Src n/a
[engine] opt done   id=104   ProtosRootNode@3524debc                            |Tier 1|Time    26(   6+20  )ms|AST    3|Inlined   0Y   0N|IR    965/  2712|CodeSize   12265|Addr 0x7fd4831f30c0|Timestamp 127870392593749|Src n/a
[engine] opt done   id=101   ProtosRootNode@fb7b545                             |Tier 2|Time    49(   7+42  )ms|AST    2|Inlined   0Y   0N|IR    518/  1448|CodeSize    7174|Addr 0x7fd48320a2e0|Timestamp 127870641370132|Src n/a
[engine] opt done   id=102   ProtosRootNode@7c07b94c                            |Tier 2|Time   447(  57+390 )ms|AST    9|Inlined   0Y   0N|IR   6551/ 19778|CodeSize  105532|Addr 0x7fd4832126a0|Timestamp 127871090232594|Src n/a
[engine] opt done   id=99    ProtosRootNode@5bbee6c7                            |Tier 2|Time    21(   4+16  )ms|AST    2|Inlined   0Y   0N|IR    815/   944|CodeSize    4429|Addr 0x7fd48323b900|Timestamp 127871111812422|Src n/a
[engine] opt done   id=100   ProtosRootNode@577b4cc7                            |Tier 2|Time   673(  61+613 )ms|AST   13|Inlined   0Y   0N|IR  10836/ 30021|CodeSize  163109|Addr 0x7fd4832406c0|Timestamp 127871786691417|Src n/a
[engine] opt done   id=106   ProtosRootNode@df547c0                             |Tier 2|Time    29(   7+22  )ms|AST    2|Inlined   0Y   0N|IR    815/   944|CodeSize    4429|Addr 0x7fd483280d80|Timestamp 127871818044929|Src n/a
[engine] opt done   id=107   ProtosRootNode@1cd1358                             |Tier 2|Time   179(  21+158 )ms|AST    7|Inlined   0Y   0N|IR   3904/ 11211|CodeSize   57892|Addr 0x7fd4832840e0|Timestamp 127871998886061|Src n/a
[engine] opt done   id=103   ProtosRootNode@6be82d8e                            |Tier 2|Time    23(   3+21  )ms|AST    2|Inlined   0Y   0N|IR    502/  1344|CodeSize    6459|Addr 0x7fd48329b4a0|Timestamp 127872025304946|Src n/a
[engine] opt done   id=104   ProtosRootNode@3524debc                            |Tier 2|Time    29(   5+25  )ms|AST    3|Inlined   0Y   0N|IR    892/  2166|CodeSize   10426|Addr 0x7fd48329e680|Timestamp 127872055605387|Src n/a
