[To redirect Truffle log output to a file use one of the following options:
* '--log.file=<path>' if the option is passed using a guest language launcher.
* '-Dpolyglot.log.file=<path>' if the option is passed using the host Java launcher.
* Configure logging using the polyglot embedding API.]
[engine] opt done   id=101   ProtosRootNode@a781801                             |Tier 1|Time   100(  69+31  )ms|AST    2|Inlined   0Y   0N|IR    591/  1658|CodeSize    7561|Addr 0x7f69f714bf20|Timestamp 127908423051196|Src n/a
[engine] opt done   id=102   ProtosRootNode@2a0f9a4c                            |Tier 1|Time   386(  75+311 )ms|AST    9|Inlined   0Y   0N|IR   6624/ 23763|CodeSize  120983|Addr 0x7f69f7156ac0|Timestamp 127908817496888|Src n/a
[engine] opt done   id=99    ProtosRootNode@60f85953                            |Tier 1|Time    14(   5+9   )ms|AST    2|Inlined   0Y   0N|IR    888/  1275|CodeSize    5532|Addr 0x7f69f7186260|Timestamp 127908833524130|Src n/a
[engine] opt done   id=100   ProtosRootNode@3d30831c                            |Tier 1|Time   648(  66+582 )ms|AST   13|Inlined   0Y   0N|IR  10909/ 36824|CodeSize  192065|Addr 0x7f69f718be40|Timestamp 127909483063749|Src n/a
[engine] opt done   id=106   ProtosRootNode@6ade4ab0                            |Tier 1|Time    30(   5+25  )ms|AST    2|Inlined   0Y   0N|IR    888/  1275|CodeSize    5532|Addr 0x7f69f71d6d60|Timestamp 127909514924981|Src n/a
[engine] opt done   id=107   ProtosRootNode@a4acbbe                             |Tier 1|Time   148(  20+128 )ms|AST    6|Inlined   0Y   0N|IR   3797/ 13045|CodeSize   64253|Addr 0x7f69f71daae0|Timestamp 127909664452959|Src n/a
[engine] opt done   id=103   ProtosRootNode@17720ddf                            |Tier 1|Time    27(   5+22  )ms|AST    2|Inlined   0Y   0N|IR    888/  1275|CodeSize    5532|Addr 0x7f69f71f3de0|Timestamp 127909694863989|Src n/a
[engine] opt done   id=104   ProtosRootNode@238672d4                            |Tier 1|Time     4(   1+3   )ms|AST    3|Inlined   0Y   0N|IR    172/   317|CodeSize    1142|Addr 0x7f69f71f7140|Timestamp 127909699909776|Src n/a
[engine] opt done   id=101   ProtosRootNode@a781801                             |Tier 2|Time    46(   7+39  )ms|AST    2|Inlined   0Y   0N|IR    518/  1448|CodeSize    7174|Addr 0x7f69f7209c60|Timestamp 127909946948623|Src n/a
[engine] opt done   id=102   ProtosRootNode@2a0f9a4c                            |Tier 2|Time   373(  41+333 )ms|AST    9|Inlined   0Y   0N|IR   6551/ 19778|CodeSize  105532|Addr 0x7f69f720ff20|Timestamp 127910322254489|Src n/a
[engine] opt done   id=99    ProtosRootNode@60f85953                            |Tier 2|Time    17(   4+12  )ms|AST    2|Inlined   0Y   0N|IR    815/   944|CodeSize    4429|Addr 0x7f69f7239180|Timestamp 127910339841073|Src n/a
[engine] opt done   id=100   ProtosRootNode@3d30831c                            |Tier 2|Time   704(  62+642 )ms|AST   13|Inlined   0Y   0N|IR  10836/ 30021|CodeSize  163109|Addr 0x7f69f723e340|Timestamp 127911045839886|Src n/a
[engine] opt done   id=106   ProtosRootNode@6ade4ab0                            |Tier 2|Time    23(   4+18  )ms|AST    2|Inlined   0Y   0N|IR    815/   944|CodeSize    4429|Addr 0x7f69f727db00|Timestamp 127911069124117|Src n/a
[engine] opt done   id=107   ProtosRootNode@a4acbbe                             |Tier 2|Time   160(  17+143 )ms|AST    6|Inlined   0Y   0N|IR   3724/ 10516|CodeSize   53965|Addr 0x7f69f72806a0|Timestamp 127911230694571|Src n/a
[engine] opt done   id=103   ProtosRootNode@17720ddf                            |Tier 2|Time    31(   4+27  )ms|AST    2|Inlined   0Y   0N|IR    815/   944|CodeSize    4429|Addr 0x7f69f7295880|Timestamp 127911263458464|Src n/a
[engine] opt done   id=104   ProtosRootNode@238672d4                            |Tier 2|Time     3(   1+2   )ms|AST    3|Inlined   0Y   0N|IR     99/   221|CodeSize     858|Addr 0x7f69f7297920|Timestamp 127911267155559|Src n/a
