[To redirect Truffle log output to a file use one of the following options:
* '--log.file=<path>' if the option is passed using a guest language launcher.
* '-Dpolyglot.log.file=<path>' if the option is passed using the host Java launcher.
* Configure logging using the polyglot embedding API.]
[engine] opt done   id=101   ProtosRootNode@fb7b545                             |Tier 1|Time   141(  81+60  )ms|AST    2|Inlined   0Y   0N|IR    591/  1658|CodeSize    7561|Addr 0x7f96a7142520|Timestamp 127861905578758|Src n/a
[engine] opt done   id=102   ProtosRootNode@6d509d3d                            |Tier 1|Time   405(  83+323 )ms|AST    9|Inlined   0Y   0N|IR   6624/ 23763|CodeSize  120983|Addr 0x7f96a714d6c0|Timestamp 127862315838600|Src n/a
[engine] opt done   id=99    ProtosRootNode@4b6ba778                            |Tier 1|Time    29(   9+20  )ms|AST    2|Inlined   0Y   0N|IR    888/  1275|CodeSize    5532|Addr 0x7f96a717cb60|Timestamp 127862345953230|Src n/a
[engine] opt done   id=100   ProtosRootNode@77b68c34                            |Tier 1|Time   640(  79+560 )ms|AST   13|Inlined   0Y   0N|IR  10909/ 36824|CodeSize  192065|Addr 0x7f96a71835c0|Timestamp 127862988734584|Src n/a
[engine] opt done   id=105   ProtosRootNode@243ccab8                            |Tier 1|Time    18(   5+13  )ms|AST    2|Inlined   0Y   0N|IR    888/  1275|CodeSize    5532|Addr 0x7f96a71ce4e0|Timestamp 127863045047590|Src n/a
[engine] opt done   id=106   ProtosRootNode@6e7cc3a7                            |Tier 1|Time   162(  25+137 )ms|AST    7|Inlined   0Y   0N|IR   3649/ 11862|CodeSize   60468|Addr 0x7f96a71d1b00|Timestamp 127863208206089|Src n/a
[engine] opt done   id=103   ProtosRootNode@6be82d8e                            |Tier 1|Time    14(   4+10  )ms|AST    2|Inlined   0Y   0N|IR    575/  1647|CodeSize    7498|Addr 0x7f96a71ea8a0|Timestamp 127863223249609|Src n/a
[engine] opt done   id=104   ProtosRootNode@3524debc                            |Tier 1|Time    27(   5+21  )ms|AST    3|Inlined   0Y   0N|IR    965/  2712|CodeSize   12265|Addr 0x7f96a71ee6c0|Timestamp 127863251645897|Src n/a
[engine] opt done   id=101   ProtosRootNode@fb7b545                             |Tier 2|Time    63(   7+56  )ms|AST    2|Inlined   0Y   0N|IR    518/  1448|CodeSize    7174|Addr 0x7f96a7207160|Timestamp 127863512413397|Src n/a
[engine] opt done   id=102   ProtosRootNode@6d509d3d                            |Tier 2|Time   389(  53+336 )ms|AST    9|Inlined   0Y   0N|IR   6551/ 19778|CodeSize  105532|Addr 0x7f96a720f320|Timestamp 127863903645123|Src n/a
[engine] opt done   id=99    ProtosRootNode@4b6ba778                            |Tier 2|Time    21(   5+17  )ms|AST    2|Inlined   0Y   0N|IR    815/   944|CodeSize    4429|Addr 0x7f96a7238180|Timestamp 127863925818833|Src n/a
[engine] opt done   id=100   ProtosRootNode@77b68c34                            |Tier 2|Time   682(  68+614 )ms|AST   13|Inlined   0Y   0N|IR  10836/ 30021|CodeSize  163109|Addr 0x7f96a723cc40|Timestamp 127864609607891|Src n/a
[engine] opt done   id=105   ProtosRootNode@243ccab8                            |Tier 2|Time    35(   8+27  )ms|AST    2|Inlined   0Y   0N|IR    815/   944|CodeSize    4429|Addr 0x7f96a727d200|Timestamp 127864647021701|Src n/a
[engine] opt done   id=106   ProtosRootNode@6e7cc3a7                            |Tier 2|Time   163(  17+146 )ms|AST    7|Inlined   0Y   0N|IR   3576/  9824|CodeSize   50985|Addr 0x7f96a7280020|Timestamp 127864811814982|Src n/a
[engine] opt done   id=103   ProtosRootNode@6be82d8e                            |Tier 2|Time    21(   4+18  )ms|AST    2|Inlined   0Y   0N|IR    502/  1344|CodeSize    6459|Addr 0x7f96a72952a0|Timestamp 127864835132134|Src n/a
[engine] opt done   id=104   ProtosRootNode@3524debc                            |Tier 2|Time    29(   5+25  )ms|AST    3|Inlined   0Y   0N|IR    892/  2166|CodeSize   10426|Addr 0x7f96a7298480|Timestamp 127864865090604|Src n/a
