$ taskset -c 0 java -Dprotos.benchmarks.peer.language=js -cp /workspaces/protos-benchmarks/.work/embedded/peer-25.4.4.1.1/executable-value/d0088eaa89ece882c7363b6d2a332ffbdffae8594feb7a0767135a1f7f2b5cd4/classes:/home/vscode/.m2/repository/org/graalvm/polyglot/polyglot/25.4.4.1.1/polyglot-25.4.4.1.1.jar:/home/vscode/.m2/repository/org/graalvm/sdk/collections/25.4.4.1.1/collections-25.4.4.1.1.jar:/home/vscode/.m2/repository/org/graalvm/sdk/nativeimage/25.4.4.1.1/nativeimage-25.4.4.1.1.jar:/home/vscode/.m2/repository/org/graalvm/sdk/word/25.4.4.1.1/word-25.4.4.1.1.jar:/home/vscode/.m2/repository/org/graalvm/polyglot/js/25.4.4.1.1/js-25.4.4.1.1.pom:/home/vscode/.m2/repository/org/graalvm/js/js/25.4.4.1.1/js-25.4.4.1.1.pom:/home/vscode/.m2/repository/org/graalvm/js/js-language/25.4.4.1.1/js-language-25.4.4.1.1.jar:/home/vscode/.m2/repository/org/graalvm/regex/regex/25.4.4.1.1/regex-25.4.4.1.1.jar:/home/vscode/.m2/repository/org/graalvm/truffle/truffle-api/25.4.4.1.1/truffle-api-25.4.4.1.1.jar:/home/vscode/.m2/repository/org/graalvm/sdk/jniutils/25.4.4.1.1/jniutils-25.4.4.1.1.jar:/home/vscode/.m2/repository/org/graalvm/shadowed/icu4j/25.4.4.1.1/icu4j-25.4.4.1.1.jar:/home/vscode/.m2/repository/org/graalvm/truffle/truffle-runtime/25.4.4.1.1/truffle-runtime-25.4.4.1.1.jar:/home/vscode/.m2/repository/org/graalvm/truffle/truffle-compiler/25.4.4.1.1/truffle-compiler-25.4.4.1.1.jar:/home/vscode/.m2/repository/org/graalvm/polyglot/python/25.4.4.1.1/python-25.4.4.1.1.pom:/home/vscode/.m2/repository/org/graalvm/python/python/25.4.4.1.1/python-25.4.4.1.1.pom:/home/vscode/.m2/repository/org/graalvm/python/python-language/25.4.4.1.1/python-language-25.4.4.1.1.jar:/home/vscode/.m2/repository/org/graalvm/tools/profiler-tool/25.4.4.1.1/profiler-tool-25.4.4.1.1.jar:/home/vscode/.m2/repository/org/graalvm/shadowed/json/25.4.4.1.1/json-25.4.4.1.1.jar:/home/vscode/.m2/repository/org/graalvm/shadowed/xz/25.4.4.1.1/xz-25.4.4.1.1.jar:/home/vscode/.m2/repository/org/graalvm/python/python-resources/25.4.4.1.1/python-resources-25.4.4.1.1.jar com.guillermomolina.protos.benchmarks.measure.peer.PeerExecutableSurface measure - /workspaces/protos-benchmarks/truffle/workloads/primitive-return-literal/primitive-return-literal.mjs 60 10 1000000 -
WARNING: A restricted method in java.lang.System has been called
WARNING: java.lang.System::load has been called by com.oracle.truffle.polyglot.JDKSupport in an unnamed module (file:/home/vscode/.m2/repository/org/graalvm/truffle/truffle-api/25.4.4.1.1/truffle-api-25.4.4.1.1.jar)
WARNING: Use --enable-native-access=ALL-UNNAMED to avoid a warning for callers in this module
WARNING: Restricted methods will be blocked in a future release unless native access is enabled

WARNING: A terminally deprecated method in sun.misc.Unsafe has been called
WARNING: sun.misc.Unsafe::objectFieldOffset has been called by com.oracle.truffle.runtime.hotspot.HotSpotTruffleRuntime (file:/home/vscode/.m2/repository/org/graalvm/truffle/truffle-runtime/25.4.4.1.1/truffle-runtime-25.4.4.1.1.jar)
WARNING: Please consider reporting this to the maintainers of class com.oracle.truffle.runtime.hotspot.HotSpotTruffleRuntime
WARNING: sun.misc.Unsafe::objectFieldOffset will be removed in a future release
mode=jvm
surface=executable-value
language=js
run_mode=executable-value
source=/workspaces/protos-benchmarks/truffle/workloads/primitive-return-literal/primitive-return-literal.mjs
warmup_iterations=60
steady_iterations=10
sample_calls=1000000
setup_ns=1083092056
sample phase=cold iteration=1 elapsed_ns=6396489
sample phase=warmup iteration=1 elapsed_ns=579208670
sample phase=warmup iteration=2 elapsed_ns=161668334
sample phase=warmup iteration=3 elapsed_ns=85671453
sample phase=warmup iteration=4 elapsed_ns=159987478
sample phase=warmup iteration=5 elapsed_ns=81508291
sample phase=warmup iteration=6 elapsed_ns=86163943
sample phase=warmup iteration=7 elapsed_ns=72333667
sample phase=warmup iteration=8 elapsed_ns=41814519
sample phase=warmup iteration=9 elapsed_ns=45637742
sample phase=warmup iteration=10 elapsed_ns=50774253
sample phase=warmup iteration=11 elapsed_ns=44312904
sample phase=warmup iteration=12 elapsed_ns=41763779
sample phase=warmup iteration=13 elapsed_ns=41375539
sample phase=warmup iteration=14 elapsed_ns=43677796
sample phase=warmup iteration=15 elapsed_ns=42258068
sample phase=warmup iteration=16 elapsed_ns=39638682
sample phase=warmup iteration=17 elapsed_ns=39479603
sample phase=warmup iteration=18 elapsed_ns=39717052
sample phase=warmup iteration=19 elapsed_ns=39550342
sample phase=warmup iteration=20 elapsed_ns=39556943
sample phase=warmup iteration=21 elapsed_ns=39491992
sample phase=warmup iteration=22 elapsed_ns=39970832
sample phase=warmup iteration=23 elapsed_ns=39677752
sample phase=warmup iteration=24 elapsed_ns=39715313
sample phase=warmup iteration=25 elapsed_ns=46602610
sample phase=warmup iteration=26 elapsed_ns=50313855
sample phase=warmup iteration=27 elapsed_ns=48348038
sample phase=warmup iteration=28 elapsed_ns=47524059
sample phase=warmup iteration=29 elapsed_ns=51252473
sample phase=warmup iteration=30 elapsed_ns=47347839
sample phase=warmup iteration=31 elapsed_ns=44123675
sample phase=warmup iteration=32 elapsed_ns=43428006
sample phase=warmup iteration=33 elapsed_ns=43513196
sample phase=warmup iteration=34 elapsed_ns=44914864
sample phase=warmup iteration=35 elapsed_ns=41912858
sample phase=warmup iteration=36 elapsed_ns=39723733
sample phase=warmup iteration=37 elapsed_ns=45710803
sample phase=warmup iteration=38 elapsed_ns=45567062
sample phase=warmup iteration=39 elapsed_ns=44948593
sample phase=warmup iteration=40 elapsed_ns=42077369
sample phase=warmup iteration=41 elapsed_ns=41100360
sample phase=warmup iteration=42 elapsed_ns=39864372
sample phase=warmup iteration=43 elapsed_ns=39560583
sample phase=warmup iteration=44 elapsed_ns=39691433
sample phase=warmup iteration=45 elapsed_ns=39496823
sample phase=warmup iteration=46 elapsed_ns=40606982
sample phase=warmup iteration=47 elapsed_ns=42062529
sample phase=warmup iteration=48 elapsed_ns=42500028
sample phase=warmup iteration=49 elapsed_ns=41628960
sample phase=warmup iteration=50 elapsed_ns=39951092
sample phase=warmup iteration=51 elapsed_ns=39759022
sample phase=warmup iteration=52 elapsed_ns=39597263
sample phase=warmup iteration=53 elapsed_ns=39724722
sample phase=warmup iteration=54 elapsed_ns=39798943
sample phase=warmup iteration=55 elapsed_ns=39852613
sample phase=warmup iteration=56 elapsed_ns=39553183
sample phase=warmup iteration=57 elapsed_ns=42005059
sample phase=warmup iteration=58 elapsed_ns=39788192
sample phase=warmup iteration=59 elapsed_ns=39618963
sample phase=warmup iteration=60 elapsed_ns=39608482
sample phase=steady iteration=1 elapsed_ns=39621063
sample phase=steady iteration=2 elapsed_ns=39840702
sample phase=steady iteration=3 elapsed_ns=39550293
sample phase=steady iteration=4 elapsed_ns=39549393
sample phase=steady iteration=5 elapsed_ns=39526243
sample phase=steady iteration=6 elapsed_ns=39668013
sample phase=steady iteration=7 elapsed_ns=39591153
sample phase=steady iteration=8 elapsed_ns=39586853
sample phase=steady iteration=9 elapsed_ns=40651711
sample phase=steady iteration=10 elapsed_ns=40959641
result=1
