$ taskset -c 0 java -Dprotos.benchmarks.peer.language=python -cp /workspaces/protos-benchmarks/.work/embedded/peer-25.4.4.1.1/executable-value/d0088eaa89ece882c7363b6d2a332ffbdffae8594feb7a0767135a1f7f2b5cd4/classes:/home/vscode/.m2/repository/org/graalvm/polyglot/polyglot/25.4.4.1.1/polyglot-25.4.4.1.1.jar:/home/vscode/.m2/repository/org/graalvm/sdk/collections/25.4.4.1.1/collections-25.4.4.1.1.jar:/home/vscode/.m2/repository/org/graalvm/sdk/nativeimage/25.4.4.1.1/nativeimage-25.4.4.1.1.jar:/home/vscode/.m2/repository/org/graalvm/sdk/word/25.4.4.1.1/word-25.4.4.1.1.jar:/home/vscode/.m2/repository/org/graalvm/polyglot/js/25.4.4.1.1/js-25.4.4.1.1.pom:/home/vscode/.m2/repository/org/graalvm/js/js/25.4.4.1.1/js-25.4.4.1.1.pom:/home/vscode/.m2/repository/org/graalvm/js/js-language/25.4.4.1.1/js-language-25.4.4.1.1.jar:/home/vscode/.m2/repository/org/graalvm/regex/regex/25.4.4.1.1/regex-25.4.4.1.1.jar:/home/vscode/.m2/repository/org/graalvm/truffle/truffle-api/25.4.4.1.1/truffle-api-25.4.4.1.1.jar:/home/vscode/.m2/repository/org/graalvm/sdk/jniutils/25.4.4.1.1/jniutils-25.4.4.1.1.jar:/home/vscode/.m2/repository/org/graalvm/shadowed/icu4j/25.4.4.1.1/icu4j-25.4.4.1.1.jar:/home/vscode/.m2/repository/org/graalvm/truffle/truffle-runtime/25.4.4.1.1/truffle-runtime-25.4.4.1.1.jar:/home/vscode/.m2/repository/org/graalvm/truffle/truffle-compiler/25.4.4.1.1/truffle-compiler-25.4.4.1.1.jar:/home/vscode/.m2/repository/org/graalvm/polyglot/python/25.4.4.1.1/python-25.4.4.1.1.pom:/home/vscode/.m2/repository/org/graalvm/python/python/25.4.4.1.1/python-25.4.4.1.1.pom:/home/vscode/.m2/repository/org/graalvm/python/python-language/25.4.4.1.1/python-language-25.4.4.1.1.jar:/home/vscode/.m2/repository/org/graalvm/tools/profiler-tool/25.4.4.1.1/profiler-tool-25.4.4.1.1.jar:/home/vscode/.m2/repository/org/graalvm/shadowed/json/25.4.4.1.1/json-25.4.4.1.1.jar:/home/vscode/.m2/repository/org/graalvm/shadowed/xz/25.4.4.1.1/xz-25.4.4.1.1.jar:/home/vscode/.m2/repository/org/graalvm/python/python-resources/25.4.4.1.1/python-resources-25.4.4.1.1.jar com.guillermomolina.protos.benchmarks.measure.peer.PeerExecutableSurface measure - /workspaces/protos-benchmarks/truffle/workloads/primitive-integer-add/primitive-integer-add.py 50 10 10000 -
WARNING: A restricted method in java.lang.System has been called
WARNING: java.lang.System::load has been called by com.oracle.truffle.polyglot.JDKSupport in an unnamed module (file:/home/vscode/.m2/repository/org/graalvm/truffle/truffle-api/25.4.4.1.1/truffle-api-25.4.4.1.1.jar)
WARNING: Use --enable-native-access=ALL-UNNAMED to avoid a warning for callers in this module
WARNING: Restricted methods will be blocked in a future release unless native access is enabled

WARNING: A terminally deprecated method in sun.misc.Unsafe has been called
WARNING: sun.misc.Unsafe::objectFieldOffset has been called by com.oracle.truffle.runtime.hotspot.HotSpotTruffleRuntime (file:/home/vscode/.m2/repository/org/graalvm/truffle/truffle-runtime/25.4.4.1.1/truffle-runtime-25.4.4.1.1.jar)
WARNING: Please consider reporting this to the maintainers of class com.oracle.truffle.runtime.hotspot.HotSpotTruffleRuntime
WARNING: sun.misc.Unsafe::objectFieldOffset will be removed in a future release
mode=jvm
surface=executable-value
language=python
run_mode=executable-value
source=/workspaces/protos-benchmarks/truffle/workloads/primitive-integer-add/primitive-integer-add.py
warmup_iterations=50
steady_iterations=10
sample_calls=10000
setup_ns=4884179578
sample phase=cold iteration=1 elapsed_ns=9836863
sample phase=warmup iteration=1 elapsed_ns=214585509
sample phase=warmup iteration=2 elapsed_ns=14689048
sample phase=warmup iteration=3 elapsed_ns=16278100
sample phase=warmup iteration=4 elapsed_ns=16100109
sample phase=warmup iteration=5 elapsed_ns=10649999
sample phase=warmup iteration=6 elapsed_ns=9453549
sample phase=warmup iteration=7 elapsed_ns=9578050
sample phase=warmup iteration=8 elapsed_ns=6401527
sample phase=warmup iteration=9 elapsed_ns=6645869
sample phase=warmup iteration=10 elapsed_ns=8491303
sample phase=warmup iteration=11 elapsed_ns=7105212
sample phase=warmup iteration=12 elapsed_ns=8739035
sample phase=warmup iteration=13 elapsed_ns=7113462
sample phase=warmup iteration=14 elapsed_ns=6092474
sample phase=warmup iteration=15 elapsed_ns=5884053
sample phase=warmup iteration=16 elapsed_ns=4293362
sample phase=warmup iteration=17 elapsed_ns=4239241
sample phase=warmup iteration=18 elapsed_ns=4060930
sample phase=warmup iteration=19 elapsed_ns=18615636
sample phase=warmup iteration=20 elapsed_ns=4932276
sample phase=warmup iteration=21 elapsed_ns=3477646
sample phase=warmup iteration=22 elapsed_ns=3408895
sample phase=warmup iteration=23 elapsed_ns=3397135
sample phase=warmup iteration=24 elapsed_ns=1918254
sample phase=warmup iteration=25 elapsed_ns=4191341
sample phase=warmup iteration=26 elapsed_ns=4189811
sample phase=warmup iteration=27 elapsed_ns=3000772
sample phase=warmup iteration=28 elapsed_ns=2696300
sample phase=warmup iteration=29 elapsed_ns=1138098
sample phase=warmup iteration=30 elapsed_ns=2526809
sample phase=warmup iteration=31 elapsed_ns=2761681
sample phase=warmup iteration=32 elapsed_ns=1150078
sample phase=warmup iteration=33 elapsed_ns=1152019
sample phase=warmup iteration=34 elapsed_ns=2479628
sample phase=warmup iteration=35 elapsed_ns=701426
sample phase=warmup iteration=36 elapsed_ns=2490088
sample phase=warmup iteration=37 elapsed_ns=1305800
sample phase=warmup iteration=38 elapsed_ns=1741153
sample phase=warmup iteration=39 elapsed_ns=703755
sample phase=warmup iteration=40 elapsed_ns=699725
sample phase=warmup iteration=41 elapsed_ns=701456
sample phase=warmup iteration=42 elapsed_ns=703015
sample phase=warmup iteration=43 elapsed_ns=2314317
sample phase=warmup iteration=44 elapsed_ns=702015
sample phase=warmup iteration=45 elapsed_ns=2312857
sample phase=warmup iteration=46 elapsed_ns=702885
sample phase=warmup iteration=47 elapsed_ns=2312217
sample phase=warmup iteration=48 elapsed_ns=709315
sample phase=warmup iteration=49 elapsed_ns=2315967
sample phase=warmup iteration=50 elapsed_ns=704275
sample phase=steady iteration=1 elapsed_ns=2332207
sample phase=steady iteration=2 elapsed_ns=704435
sample phase=steady iteration=3 elapsed_ns=2312697
sample phase=steady iteration=4 elapsed_ns=698325
sample phase=steady iteration=5 elapsed_ns=2315857
sample phase=steady iteration=6 elapsed_ns=697295
sample phase=steady iteration=7 elapsed_ns=2313127
sample phase=steady iteration=8 elapsed_ns=702485
sample phase=steady iteration=9 elapsed_ns=2311887
sample phase=steady iteration=10 elapsed_ns=707125
result=3
