$ taskset -c 0 java -Dprotos.benchmarks.peer.language=python -cp /workspaces/protos-benchmarks/.work/embedded/peer-25.4.4.1.1/executable-value/d0088eaa89ece882c7363b6d2a332ffbdffae8594feb7a0767135a1f7f2b5cd4/classes:/home/vscode/.m2/repository/org/graalvm/polyglot/polyglot/25.4.4.1.1/polyglot-25.4.4.1.1.jar:/home/vscode/.m2/repository/org/graalvm/sdk/collections/25.4.4.1.1/collections-25.4.4.1.1.jar:/home/vscode/.m2/repository/org/graalvm/sdk/nativeimage/25.4.4.1.1/nativeimage-25.4.4.1.1.jar:/home/vscode/.m2/repository/org/graalvm/sdk/word/25.4.4.1.1/word-25.4.4.1.1.jar:/home/vscode/.m2/repository/org/graalvm/polyglot/js/25.4.4.1.1/js-25.4.4.1.1.pom:/home/vscode/.m2/repository/org/graalvm/js/js/25.4.4.1.1/js-25.4.4.1.1.pom:/home/vscode/.m2/repository/org/graalvm/js/js-language/25.4.4.1.1/js-language-25.4.4.1.1.jar:/home/vscode/.m2/repository/org/graalvm/regex/regex/25.4.4.1.1/regex-25.4.4.1.1.jar:/home/vscode/.m2/repository/org/graalvm/truffle/truffle-api/25.4.4.1.1/truffle-api-25.4.4.1.1.jar:/home/vscode/.m2/repository/org/graalvm/sdk/jniutils/25.4.4.1.1/jniutils-25.4.4.1.1.jar:/home/vscode/.m2/repository/org/graalvm/shadowed/icu4j/25.4.4.1.1/icu4j-25.4.4.1.1.jar:/home/vscode/.m2/repository/org/graalvm/truffle/truffle-runtime/25.4.4.1.1/truffle-runtime-25.4.4.1.1.jar:/home/vscode/.m2/repository/org/graalvm/truffle/truffle-compiler/25.4.4.1.1/truffle-compiler-25.4.4.1.1.jar:/home/vscode/.m2/repository/org/graalvm/polyglot/python/25.4.4.1.1/python-25.4.4.1.1.pom:/home/vscode/.m2/repository/org/graalvm/python/python/25.4.4.1.1/python-25.4.4.1.1.pom:/home/vscode/.m2/repository/org/graalvm/python/python-language/25.4.4.1.1/python-language-25.4.4.1.1.jar:/home/vscode/.m2/repository/org/graalvm/tools/profiler-tool/25.4.4.1.1/profiler-tool-25.4.4.1.1.jar:/home/vscode/.m2/repository/org/graalvm/shadowed/json/25.4.4.1.1/json-25.4.4.1.1.jar:/home/vscode/.m2/repository/org/graalvm/shadowed/xz/25.4.4.1.1/xz-25.4.4.1.1.jar:/home/vscode/.m2/repository/org/graalvm/python/python-resources/25.4.4.1.1/python-resources-25.4.4.1.1.jar com.guillermomolina.protos.benchmarks.measure.peer.PeerExecutableSurface measure - /workspaces/protos-benchmarks/truffle/workloads/primitive-closure-call/primitive-closure-call.py 50 10 10000 -
WARNING: A restricted method in java.lang.System has been called
WARNING: java.lang.System::load has been called by com.oracle.truffle.polyglot.JDKSupport in an unnamed module (file:/home/vscode/.m2/repository/org/graalvm/truffle/truffle-api/25.4.4.1.1/truffle-api-25.4.4.1.1.jar)
WARNING: Use --enable-native-access=ALL-UNNAMED to avoid a warning for callers in this module
WARNING: Restricted methods will be blocked in a future release unless native access is enabled

WARNING: A terminally deprecated method in sun.misc.Unsafe has been called
WARNING: sun.misc.Unsafe::objectFieldOffset has been called by com.oracle.truffle.runtime.hotspot.HotSpotTruffleRuntime (file:/home/vscode/.m2/repository/org/graalvm/truffle/truffle-runtime/25.4.4.1.1/truffle-runtime-25.4.4.1.1.jar)
WARNING: Please consider reporting this to the maintainers of class com.oracle.truffle.runtime.hotspot.HotSpotTruffleRuntime
WARNING: sun.misc.Unsafe::objectFieldOffset will be removed in a future release
mode=jvm
surface=executable-value
language=python
run_mode=executable-value
source=/workspaces/protos-benchmarks/truffle/workloads/primitive-closure-call/primitive-closure-call.py
warmup_iterations=50
steady_iterations=10
sample_calls=10000
setup_ns=4809575671
sample phase=cold iteration=1 elapsed_ns=7217434
sample phase=warmup iteration=1 elapsed_ns=280811320
sample phase=warmup iteration=2 elapsed_ns=15300292
sample phase=warmup iteration=3 elapsed_ns=16392589
sample phase=warmup iteration=4 elapsed_ns=16433569
sample phase=warmup iteration=5 elapsed_ns=16799962
sample phase=warmup iteration=6 elapsed_ns=11064936
sample phase=warmup iteration=7 elapsed_ns=10180991
sample phase=warmup iteration=8 elapsed_ns=9355217
sample phase=warmup iteration=9 elapsed_ns=8942114
sample phase=warmup iteration=10 elapsed_ns=7778077
sample phase=warmup iteration=11 elapsed_ns=9075345
sample phase=warmup iteration=12 elapsed_ns=9160555
sample phase=warmup iteration=13 elapsed_ns=9137855
sample phase=warmup iteration=14 elapsed_ns=22058213
sample phase=warmup iteration=15 elapsed_ns=8711393
sample phase=warmup iteration=16 elapsed_ns=8903593
sample phase=warmup iteration=17 elapsed_ns=7211703
sample phase=warmup iteration=18 elapsed_ns=7203903
sample phase=warmup iteration=19 elapsed_ns=5896695
sample phase=warmup iteration=20 elapsed_ns=6172938
sample phase=warmup iteration=21 elapsed_ns=3759452
sample phase=warmup iteration=22 elapsed_ns=6090796
sample phase=warmup iteration=23 elapsed_ns=3566252
sample phase=warmup iteration=24 elapsed_ns=3599471
sample phase=warmup iteration=25 elapsed_ns=5209342
sample phase=warmup iteration=26 elapsed_ns=3611542
sample phase=warmup iteration=27 elapsed_ns=3606181
sample phase=warmup iteration=28 elapsed_ns=3569742
sample phase=warmup iteration=29 elapsed_ns=3413811
sample phase=warmup iteration=30 elapsed_ns=3311430
sample phase=warmup iteration=31 elapsed_ns=3262680
sample phase=warmup iteration=32 elapsed_ns=3735282
sample phase=warmup iteration=33 elapsed_ns=3267110
sample phase=warmup iteration=34 elapsed_ns=3258859
sample phase=warmup iteration=35 elapsed_ns=3277120
sample phase=warmup iteration=36 elapsed_ns=3270020
sample phase=warmup iteration=37 elapsed_ns=3359300
sample phase=warmup iteration=38 elapsed_ns=3087689
sample phase=warmup iteration=39 elapsed_ns=3002858
sample phase=warmup iteration=40 elapsed_ns=1374869
sample phase=warmup iteration=41 elapsed_ns=2975257
sample phase=warmup iteration=42 elapsed_ns=2990578
sample phase=warmup iteration=43 elapsed_ns=2695616
sample phase=warmup iteration=44 elapsed_ns=897976
sample phase=warmup iteration=45 elapsed_ns=2564645
sample phase=warmup iteration=46 elapsed_ns=2485685
sample phase=warmup iteration=47 elapsed_ns=683214
sample phase=warmup iteration=48 elapsed_ns=690875
sample phase=warmup iteration=49 elapsed_ns=2310704
sample phase=warmup iteration=50 elapsed_ns=688894
sample phase=steady iteration=1 elapsed_ns=1655480
sample phase=steady iteration=2 elapsed_ns=682734
sample phase=steady iteration=3 elapsed_ns=3103199
sample phase=steady iteration=4 elapsed_ns=687764
sample phase=steady iteration=5 elapsed_ns=2303594
sample phase=steady iteration=6 elapsed_ns=688624
sample phase=steady iteration=7 elapsed_ns=672824
sample phase=steady iteration=8 elapsed_ns=2327524
sample phase=steady iteration=9 elapsed_ns=677154
sample phase=steady iteration=10 elapsed_ns=2319004
result=1
