$ taskset -c 0 java -cp /workspaces/protos-benchmarks/.work/embedded/997f633755574bab438897379229b75ace2bd733/canonical/56c598ef559eb45ffbe2fdb5747559be39d1620490cb45998b52efa800949b82/classes:/workspaces/protos/target/classes:/home/vscode/.m2/repository/org/jline/jline/3.30.6/jline-3.30.6.jar:/home/vscode/.m2/repository/com/ibm/icu/icu4j/78.1/icu4j-78.1.jar:/home/vscode/.m2/repository/org/graalvm/sdk/graal-sdk/25.4.4.1.1/graal-sdk-25.4.4.1.1.jar:/home/vscode/.m2/repository/org/graalvm/sdk/collections/25.4.4.1.1/collections-25.4.4.1.1.jar:/home/vscode/.m2/repository/org/graalvm/sdk/nativeimage/25.4.4.1.1/nativeimage-25.4.4.1.1.jar:/home/vscode/.m2/repository/org/graalvm/sdk/word/25.4.4.1.1/word-25.4.4.1.1.jar:/home/vscode/.m2/repository/org/graalvm/polyglot/polyglot/25.4.4.1.1/polyglot-25.4.4.1.1.jar:/home/vscode/.m2/repository/org/graalvm/truffle/truffle-api/25.4.4.1.1/truffle-api-25.4.4.1.1.jar:/home/vscode/.m2/repository/org/graalvm/sdk/jniutils/25.4.4.1.1/jniutils-25.4.4.1.1.jar:/home/vscode/.m2/repository/org/graalvm/truffle/truffle-runtime/25.4.4.1.1/truffle-runtime-25.4.4.1.1.jar:/home/vscode/.m2/repository/org/graalvm/truffle/truffle-compiler/25.4.4.1.1/truffle-compiler-25.4.4.1.1.jar:/home/vscode/.m2/repository/org/graalvm/polyglot/dap/25.4.4.1.1/dap-25.4.4.1.1.pom:/home/vscode/.m2/repository/org/graalvm/tools/dap-tool/25.4.4.1.1/dap-tool-25.4.4.1.1.jar:/home/vscode/.m2/repository/org/graalvm/shadowed/json/25.4.4.1.1/json-25.4.4.1.1.jar:/home/vscode/.m2/repository/org/eclipse/lsp4j/org.eclipse.lsp4j/1.0.0/org.eclipse.lsp4j-1.0.0.jar:/home/vscode/.m2/repository/org/eclipse/lsp4j/org.eclipse.lsp4j.jsonrpc/1.0.0/org.eclipse.lsp4j.jsonrpc-1.0.0.jar:/home/vscode/.m2/repository/com/google/code/gson/gson/2.14.0/gson-2.14.0.jar:/home/vscode/.m2/repository/com/google/errorprone/error_prone_annotations/2.48.0/error_prone_annotations-2.48.0.jar:/home/vscode/.m2/repository/org/junit/jupiter/junit-jupiter/5.10.2/junit-jupiter-5.10.2.jar:/home/vscode/.m2/repository/org/junit/jupiter/junit-jupiter-api/5.10.2/junit-jupiter-api-5.10.2.jar:/home/vscode/.m2/repository/org/opentest4j/opentest4j/1.3.0/opentest4j-1.3.0.jar:/home/vscode/.m2/repository/org/junit/platform/junit-platform-commons/1.10.2/junit-platform-commons-1.10.2.jar:/home/vscode/.m2/repository/org/apiguardian/apiguardian-api/1.1.2/apiguardian-api-1.1.2.jar:/home/vscode/.m2/repository/org/junit/jupiter/junit-jupiter-params/5.10.2/junit-jupiter-params-5.10.2.jar:/home/vscode/.m2/repository/org/junit/jupiter/junit-jupiter-engine/5.10.2/junit-jupiter-engine-5.10.2.jar:/home/vscode/.m2/repository/org/junit/platform/junit-platform-engine/1.10.2/junit-platform-engine-1.10.2.jar com.guillermomolina.protos.benchmarks.measure.protos.ProtosCanonicalSurface measure /workspaces/protos/protos/lib/core /workspaces/protos-benchmarks/truffle/workloads/fibonacci/fibonacci.protos 60 10 1 -
WARNING: A restricted method in java.lang.System has been called
WARNING: java.lang.System::load has been called by com.oracle.truffle.polyglot.JDKSupport in an unnamed module (file:/home/vscode/.m2/repository/org/graalvm/truffle/truffle-api/25.4.4.1.1/truffle-api-25.4.4.1.1.jar)
WARNING: Use --enable-native-access=ALL-UNNAMED to avoid a warning for callers in this module
WARNING: Restricted methods will be blocked in a future release unless native access is enabled

WARNING: A terminally deprecated method in sun.misc.Unsafe has been called
WARNING: sun.misc.Unsafe::objectFieldOffset has been called by com.oracle.truffle.runtime.hotspot.HotSpotTruffleRuntime (file:/home/vscode/.m2/repository/org/graalvm/truffle/truffle-runtime/25.4.4.1.1/truffle-runtime-25.4.4.1.1.jar)
WARNING: Please consider reporting this to the maintainers of class com.oracle.truffle.runtime.hotspot.HotSpotTruffleRuntime
WARNING: sun.misc.Unsafe::objectFieldOffset will be removed in a future release
mode=jvm
surface=canonical
language=protos
run_mode=canonical
source=/workspaces/protos-benchmarks/truffle/workloads/fibonacci/fibonacci.protos
warmup_iterations=60
steady_iterations=10
sample_calls=1
setup_ns=1141228480
sample phase=cold iteration=1 elapsed_ns=2240270389
sample phase=warmup iteration=1 elapsed_ns=240664949
sample phase=warmup iteration=2 elapsed_ns=177611722
sample phase=warmup iteration=3 elapsed_ns=149953501
sample phase=warmup iteration=4 elapsed_ns=146535049
sample phase=warmup iteration=5 elapsed_ns=126029433
sample phase=warmup iteration=6 elapsed_ns=130956792
sample phase=warmup iteration=7 elapsed_ns=97741163
sample phase=warmup iteration=8 elapsed_ns=76017279
sample phase=warmup iteration=9 elapsed_ns=84021012
sample phase=warmup iteration=10 elapsed_ns=73976644
sample phase=warmup iteration=11 elapsed_ns=77209426
sample phase=warmup iteration=12 elapsed_ns=86898356
sample phase=warmup iteration=13 elapsed_ns=77115396
sample phase=warmup iteration=14 elapsed_ns=86010698
sample phase=warmup iteration=15 elapsed_ns=80788119
sample phase=warmup iteration=16 elapsed_ns=905530588
sample phase=warmup iteration=17 elapsed_ns=64515954
sample phase=warmup iteration=18 elapsed_ns=51798671
sample phase=warmup iteration=19 elapsed_ns=51715921
sample phase=warmup iteration=20 elapsed_ns=65926581
sample phase=warmup iteration=21 elapsed_ns=53342418
sample phase=warmup iteration=22 elapsed_ns=52239260
sample phase=warmup iteration=23 elapsed_ns=68075117
sample phase=warmup iteration=24 elapsed_ns=57489449
sample phase=warmup iteration=25 elapsed_ns=54069006
sample phase=warmup iteration=26 elapsed_ns=65000713
sample phase=warmup iteration=27 elapsed_ns=53339468
sample phase=warmup iteration=28 elapsed_ns=53083258
sample phase=warmup iteration=29 elapsed_ns=59438105
sample phase=warmup iteration=30 elapsed_ns=53183348
sample phase=warmup iteration=31 elapsed_ns=58451377
sample phase=warmup iteration=32 elapsed_ns=62572878
sample phase=warmup iteration=33 elapsed_ns=53605217
sample phase=warmup iteration=34 elapsed_ns=56867490
sample phase=warmup iteration=35 elapsed_ns=67657698
sample phase=warmup iteration=36 elapsed_ns=55175725
sample phase=warmup iteration=37 elapsed_ns=54003137
sample phase=warmup iteration=38 elapsed_ns=63637586
sample phase=warmup iteration=39 elapsed_ns=55214215
sample phase=warmup iteration=40 elapsed_ns=52186471
sample phase=warmup iteration=41 elapsed_ns=44186488
sample phase=warmup iteration=42 elapsed_ns=34730787
sample phase=warmup iteration=43 elapsed_ns=33963279
sample phase=warmup iteration=44 elapsed_ns=43452459
sample phase=warmup iteration=45 elapsed_ns=35111496
sample phase=warmup iteration=46 elapsed_ns=36042944
sample phase=warmup iteration=47 elapsed_ns=43047330
sample phase=warmup iteration=48 elapsed_ns=35809165
sample phase=warmup iteration=49 elapsed_ns=35398736
sample phase=warmup iteration=50 elapsed_ns=35987315
sample phase=warmup iteration=51 elapsed_ns=35359685
sample phase=warmup iteration=52 elapsed_ns=35251666
sample phase=warmup iteration=53 elapsed_ns=34865097
sample phase=warmup iteration=54 elapsed_ns=37332082
sample phase=warmup iteration=55 elapsed_ns=33782129
sample phase=warmup iteration=56 elapsed_ns=35955164
sample phase=warmup iteration=57 elapsed_ns=36808173
sample phase=warmup iteration=58 elapsed_ns=35609815
sample phase=warmup iteration=59 elapsed_ns=35293606
sample phase=warmup iteration=60 elapsed_ns=34806177
sample phase=steady iteration=1 elapsed_ns=35391906
sample phase=steady iteration=2 elapsed_ns=37295862
sample phase=steady iteration=3 elapsed_ns=35926775
sample phase=steady iteration=4 elapsed_ns=34538797
sample phase=steady iteration=5 elapsed_ns=35740566
sample phase=steady iteration=6 elapsed_ns=34073778
sample phase=steady iteration=7 elapsed_ns=37097443
sample phase=steady iteration=8 elapsed_ns=35386316
sample phase=steady iteration=9 elapsed_ns=35380816
sample phase=steady iteration=10 elapsed_ns=34984467
result=6765
