$ taskset -c 0 java -cp /workspaces/protos-benchmarks/.work/embedded/997f633755574bab438897379229b75ace2bd733/canonical/56c598ef559eb45ffbe2fdb5747559be39d1620490cb45998b52efa800949b82/classes:/workspaces/protos/target/classes:/home/vscode/.m2/repository/org/jline/jline/3.30.6/jline-3.30.6.jar:/home/vscode/.m2/repository/com/ibm/icu/icu4j/78.1/icu4j-78.1.jar:/home/vscode/.m2/repository/org/graalvm/sdk/graal-sdk/25.4.4.1.1/graal-sdk-25.4.4.1.1.jar:/home/vscode/.m2/repository/org/graalvm/sdk/collections/25.4.4.1.1/collections-25.4.4.1.1.jar:/home/vscode/.m2/repository/org/graalvm/sdk/nativeimage/25.4.4.1.1/nativeimage-25.4.4.1.1.jar:/home/vscode/.m2/repository/org/graalvm/sdk/word/25.4.4.1.1/word-25.4.4.1.1.jar:/home/vscode/.m2/repository/org/graalvm/polyglot/polyglot/25.4.4.1.1/polyglot-25.4.4.1.1.jar:/home/vscode/.m2/repository/org/graalvm/truffle/truffle-api/25.4.4.1.1/truffle-api-25.4.4.1.1.jar:/home/vscode/.m2/repository/org/graalvm/sdk/jniutils/25.4.4.1.1/jniutils-25.4.4.1.1.jar:/home/vscode/.m2/repository/org/graalvm/truffle/truffle-runtime/25.4.4.1.1/truffle-runtime-25.4.4.1.1.jar:/home/vscode/.m2/repository/org/graalvm/truffle/truffle-compiler/25.4.4.1.1/truffle-compiler-25.4.4.1.1.jar:/home/vscode/.m2/repository/org/graalvm/polyglot/dap/25.4.4.1.1/dap-25.4.4.1.1.pom:/home/vscode/.m2/repository/org/graalvm/tools/dap-tool/25.4.4.1.1/dap-tool-25.4.4.1.1.jar:/home/vscode/.m2/repository/org/graalvm/shadowed/json/25.4.4.1.1/json-25.4.4.1.1.jar:/home/vscode/.m2/repository/org/eclipse/lsp4j/org.eclipse.lsp4j/1.0.0/org.eclipse.lsp4j-1.0.0.jar:/home/vscode/.m2/repository/org/eclipse/lsp4j/org.eclipse.lsp4j.jsonrpc/1.0.0/org.eclipse.lsp4j.jsonrpc-1.0.0.jar:/home/vscode/.m2/repository/com/google/code/gson/gson/2.14.0/gson-2.14.0.jar:/home/vscode/.m2/repository/com/google/errorprone/error_prone_annotations/2.48.0/error_prone_annotations-2.48.0.jar:/home/vscode/.m2/repository/org/junit/jupiter/junit-jupiter/5.10.2/junit-jupiter-5.10.2.jar:/home/vscode/.m2/repository/org/junit/jupiter/junit-jupiter-api/5.10.2/junit-jupiter-api-5.10.2.jar:/home/vscode/.m2/repository/org/opentest4j/opentest4j/1.3.0/opentest4j-1.3.0.jar:/home/vscode/.m2/repository/org/junit/platform/junit-platform-commons/1.10.2/junit-platform-commons-1.10.2.jar:/home/vscode/.m2/repository/org/apiguardian/apiguardian-api/1.1.2/apiguardian-api-1.1.2.jar:/home/vscode/.m2/repository/org/junit/jupiter/junit-jupiter-params/5.10.2/junit-jupiter-params-5.10.2.jar:/home/vscode/.m2/repository/org/junit/jupiter/junit-jupiter-engine/5.10.2/junit-jupiter-engine-5.10.2.jar:/home/vscode/.m2/repository/org/junit/platform/junit-platform-engine/1.10.2/junit-platform-engine-1.10.2.jar com.guillermomolina.protos.benchmarks.measure.protos.ProtosCanonicalSurface measure /workspaces/protos/protos/lib/core /workspaces/protos-benchmarks/truffle/workloads/factorial/factorial.protos 60 10 1 -
WARNING: A restricted method in java.lang.System has been called
WARNING: java.lang.System::load has been called by com.oracle.truffle.polyglot.JDKSupport in an unnamed module (file:/home/vscode/.m2/repository/org/graalvm/truffle/truffle-api/25.4.4.1.1/truffle-api-25.4.4.1.1.jar)
WARNING: Use --enable-native-access=ALL-UNNAMED to avoid a warning for callers in this module
WARNING: Restricted methods will be blocked in a future release unless native access is enabled

WARNING: A terminally deprecated method in sun.misc.Unsafe has been called
WARNING: sun.misc.Unsafe::objectFieldOffset has been called by com.oracle.truffle.runtime.hotspot.HotSpotTruffleRuntime (file:/home/vscode/.m2/repository/org/graalvm/truffle/truffle-runtime/25.4.4.1.1/truffle-runtime-25.4.4.1.1.jar)
WARNING: Please consider reporting this to the maintainers of class com.oracle.truffle.runtime.hotspot.HotSpotTruffleRuntime
WARNING: sun.misc.Unsafe::objectFieldOffset will be removed in a future release
mode=jvm
surface=canonical
language=protos
run_mode=canonical
source=/workspaces/protos-benchmarks/truffle/workloads/factorial/factorial.protos
warmup_iterations=60
steady_iterations=10
sample_calls=1
setup_ns=1093639779
sample phase=cold iteration=1 elapsed_ns=63815383
sample phase=warmup iteration=1 elapsed_ns=8735142
sample phase=warmup iteration=2 elapsed_ns=12491455
sample phase=warmup iteration=3 elapsed_ns=7936915
sample phase=warmup iteration=4 elapsed_ns=11888787
sample phase=warmup iteration=5 elapsed_ns=7847084
sample phase=warmup iteration=6 elapsed_ns=8501593
sample phase=warmup iteration=7 elapsed_ns=8907322
sample phase=warmup iteration=8 elapsed_ns=7813084
sample phase=warmup iteration=9 elapsed_ns=9494902
sample phase=warmup iteration=10 elapsed_ns=7499236
sample phase=warmup iteration=11 elapsed_ns=4689381
sample phase=warmup iteration=12 elapsed_ns=6010238
sample phase=warmup iteration=13 elapsed_ns=6469547
sample phase=warmup iteration=14 elapsed_ns=8343693
sample phase=warmup iteration=15 elapsed_ns=5082400
sample phase=warmup iteration=16 elapsed_ns=5236470
sample phase=warmup iteration=17 elapsed_ns=3829402
sample phase=warmup iteration=18 elapsed_ns=9884571
sample phase=warmup iteration=19 elapsed_ns=120199052
sample phase=warmup iteration=20 elapsed_ns=7243836
sample phase=warmup iteration=21 elapsed_ns=11027588
sample phase=warmup iteration=22 elapsed_ns=6417187
sample phase=warmup iteration=23 elapsed_ns=5951118
sample phase=warmup iteration=24 elapsed_ns=6400138
sample phase=warmup iteration=25 elapsed_ns=6403588
sample phase=warmup iteration=26 elapsed_ns=6755896
sample phase=warmup iteration=27 elapsed_ns=9241542
sample phase=warmup iteration=28 elapsed_ns=5437719
sample phase=warmup iteration=29 elapsed_ns=5249489
sample phase=warmup iteration=30 elapsed_ns=7396456
sample phase=warmup iteration=31 elapsed_ns=6168818
sample phase=warmup iteration=32 elapsed_ns=6240028
sample phase=warmup iteration=33 elapsed_ns=1275337
sample phase=warmup iteration=34 elapsed_ns=6180188
sample phase=warmup iteration=35 elapsed_ns=6131817
sample phase=warmup iteration=36 elapsed_ns=5347980
sample phase=warmup iteration=37 elapsed_ns=5587508
sample phase=warmup iteration=38 elapsed_ns=1124968
sample phase=warmup iteration=39 elapsed_ns=6650127
sample phase=warmup iteration=40 elapsed_ns=5491139
sample phase=warmup iteration=41 elapsed_ns=5526409
sample phase=warmup iteration=42 elapsed_ns=943458
sample phase=warmup iteration=43 elapsed_ns=6153378
sample phase=warmup iteration=44 elapsed_ns=806489
sample phase=warmup iteration=45 elapsed_ns=841028
sample phase=warmup iteration=46 elapsed_ns=4062982
sample phase=warmup iteration=47 elapsed_ns=862278
sample phase=warmup iteration=48 elapsed_ns=6697747
sample phase=warmup iteration=49 elapsed_ns=824978
sample phase=warmup iteration=50 elapsed_ns=2965404
sample phase=warmup iteration=51 elapsed_ns=694889
sample phase=warmup iteration=52 elapsed_ns=5206009
sample phase=warmup iteration=53 elapsed_ns=726449
sample phase=warmup iteration=54 elapsed_ns=657469
sample phase=warmup iteration=55 elapsed_ns=704458
sample phase=warmup iteration=56 elapsed_ns=678549
sample phase=warmup iteration=57 elapsed_ns=3953912
sample phase=warmup iteration=58 elapsed_ns=2313315
sample phase=warmup iteration=59 elapsed_ns=2712275
sample phase=warmup iteration=60 elapsed_ns=2304035
sample phase=steady iteration=1 elapsed_ns=2671915
sample phase=steady iteration=2 elapsed_ns=709519
sample phase=steady iteration=3 elapsed_ns=4394901
sample phase=steady iteration=4 elapsed_ns=716118
sample phase=steady iteration=5 elapsed_ns=4163002
sample phase=steady iteration=6 elapsed_ns=699909
sample phase=steady iteration=7 elapsed_ns=2310285
sample phase=steady iteration=8 elapsed_ns=2946644
sample phase=steady iteration=9 elapsed_ns=679419
sample phase=steady iteration=10 elapsed_ns=4607290
result=2432902008176640000
