$ taskset -c 0 java -Dprotos.benchmarks.peer.language=js -cp /workspaces/protos-benchmarks/.work/embedded/peer-25.4.4.1.1/executable-value/d0088eaa89ece882c7363b6d2a332ffbdffae8594feb7a0767135a1f7f2b5cd4/classes:/home/vscode/.m2/repository/org/graalvm/polyglot/polyglot/25.4.4.1.1/polyglot-25.4.4.1.1.jar:/home/vscode/.m2/repository/org/graalvm/sdk/collections/25.4.4.1.1/collections-25.4.4.1.1.jar:/home/vscode/.m2/repository/org/graalvm/sdk/nativeimage/25.4.4.1.1/nativeimage-25.4.4.1.1.jar:/home/vscode/.m2/repository/org/graalvm/sdk/word/25.4.4.1.1/word-25.4.4.1.1.jar:/home/vscode/.m2/repository/org/graalvm/polyglot/js/25.4.4.1.1/js-25.4.4.1.1.pom:/home/vscode/.m2/repository/org/graalvm/js/js/25.4.4.1.1/js-25.4.4.1.1.pom:/home/vscode/.m2/repository/org/graalvm/js/js-language/25.4.4.1.1/js-language-25.4.4.1.1.jar:/home/vscode/.m2/repository/org/graalvm/regex/regex/25.4.4.1.1/regex-25.4.4.1.1.jar:/home/vscode/.m2/repository/org/graalvm/truffle/truffle-api/25.4.4.1.1/truffle-api-25.4.4.1.1.jar:/home/vscode/.m2/repository/org/graalvm/sdk/jniutils/25.4.4.1.1/jniutils-25.4.4.1.1.jar:/home/vscode/.m2/repository/org/graalvm/shadowed/icu4j/25.4.4.1.1/icu4j-25.4.4.1.1.jar:/home/vscode/.m2/repository/org/graalvm/truffle/truffle-runtime/25.4.4.1.1/truffle-runtime-25.4.4.1.1.jar:/home/vscode/.m2/repository/org/graalvm/truffle/truffle-compiler/25.4.4.1.1/truffle-compiler-25.4.4.1.1.jar:/home/vscode/.m2/repository/org/graalvm/polyglot/python/25.4.4.1.1/python-25.4.4.1.1.pom:/home/vscode/.m2/repository/org/graalvm/python/python/25.4.4.1.1/python-25.4.4.1.1.pom:/home/vscode/.m2/repository/org/graalvm/python/python-language/25.4.4.1.1/python-language-25.4.4.1.1.jar:/home/vscode/.m2/repository/org/graalvm/tools/profiler-tool/25.4.4.1.1/profiler-tool-25.4.4.1.1.jar:/home/vscode/.m2/repository/org/graalvm/shadowed/json/25.4.4.1.1/json-25.4.4.1.1.jar:/home/vscode/.m2/repository/org/graalvm/shadowed/xz/25.4.4.1.1/xz-25.4.4.1.1.jar:/home/vscode/.m2/repository/org/graalvm/python/python-resources/25.4.4.1.1/python-resources-25.4.4.1.1.jar com.guillermomolina.protos.benchmarks.measure.peer.PeerExecutableSurface measure - /workspaces/protos-benchmarks/truffle/workloads/primitive-local-read/primitive-local-read.mjs 50 10 10000 -
WARNING: A restricted method in java.lang.System has been called
WARNING: java.lang.System::load has been called by com.oracle.truffle.polyglot.JDKSupport in an unnamed module (file:/home/vscode/.m2/repository/org/graalvm/truffle/truffle-api/25.4.4.1.1/truffle-api-25.4.4.1.1.jar)
WARNING: Use --enable-native-access=ALL-UNNAMED to avoid a warning for callers in this module
WARNING: Restricted methods will be blocked in a future release unless native access is enabled

WARNING: A terminally deprecated method in sun.misc.Unsafe has been called
WARNING: sun.misc.Unsafe::objectFieldOffset has been called by com.oracle.truffle.runtime.hotspot.HotSpotTruffleRuntime (file:/home/vscode/.m2/repository/org/graalvm/truffle/truffle-runtime/25.4.4.1.1/truffle-runtime-25.4.4.1.1.jar)
WARNING: Please consider reporting this to the maintainers of class com.oracle.truffle.runtime.hotspot.HotSpotTruffleRuntime
WARNING: sun.misc.Unsafe::objectFieldOffset will be removed in a future release
mode=jvm
surface=executable-value
language=js
run_mode=executable-value
source=/workspaces/protos-benchmarks/truffle/workloads/primitive-local-read/primitive-local-read.mjs
warmup_iterations=50
steady_iterations=10
sample_calls=10000
setup_ns=1072778210
sample phase=cold iteration=1 elapsed_ns=6605539
sample phase=warmup iteration=1 elapsed_ns=279879334
sample phase=warmup iteration=2 elapsed_ns=21348205
sample phase=warmup iteration=3 elapsed_ns=15571715
sample phase=warmup iteration=4 elapsed_ns=16830222
sample phase=warmup iteration=5 elapsed_ns=16023534
sample phase=warmup iteration=6 elapsed_ns=6925309
sample phase=warmup iteration=7 elapsed_ns=12321259
sample phase=warmup iteration=8 elapsed_ns=4458123
sample phase=warmup iteration=9 elapsed_ns=5105721
sample phase=warmup iteration=10 elapsed_ns=6583460
sample phase=warmup iteration=11 elapsed_ns=5603501
sample phase=warmup iteration=12 elapsed_ns=4538533
sample phase=warmup iteration=13 elapsed_ns=6595699
sample phase=warmup iteration=14 elapsed_ns=6290290
sample phase=warmup iteration=15 elapsed_ns=5986761
sample phase=warmup iteration=16 elapsed_ns=3303764
sample phase=warmup iteration=17 elapsed_ns=5875501
sample phase=warmup iteration=18 elapsed_ns=3633024
sample phase=warmup iteration=19 elapsed_ns=5250401
sample phase=warmup iteration=20 elapsed_ns=3751534
sample phase=warmup iteration=21 elapsed_ns=3491264
sample phase=warmup iteration=22 elapsed_ns=3489694
sample phase=warmup iteration=23 elapsed_ns=4059924
sample phase=warmup iteration=24 elapsed_ns=3469244
sample phase=warmup iteration=25 elapsed_ns=3461724
sample phase=warmup iteration=26 elapsed_ns=5217982
sample phase=warmup iteration=27 elapsed_ns=3475624
sample phase=warmup iteration=28 elapsed_ns=3474464
sample phase=warmup iteration=29 elapsed_ns=3082065
sample phase=warmup iteration=30 elapsed_ns=4864772
sample phase=warmup iteration=31 elapsed_ns=3455975
sample phase=warmup iteration=32 elapsed_ns=3586974
sample phase=warmup iteration=33 elapsed_ns=2035497
sample phase=warmup iteration=34 elapsed_ns=3454934
sample phase=warmup iteration=35 elapsed_ns=8189077
sample phase=warmup iteration=36 elapsed_ns=3569624
sample phase=warmup iteration=37 elapsed_ns=3454214
sample phase=warmup iteration=38 elapsed_ns=2009027
sample phase=warmup iteration=39 elapsed_ns=2583406
sample phase=warmup iteration=40 elapsed_ns=2851275
sample phase=warmup iteration=41 elapsed_ns=875349
sample phase=warmup iteration=42 elapsed_ns=2483895
sample phase=warmup iteration=43 elapsed_ns=866989
sample phase=warmup iteration=44 elapsed_ns=4118463
sample phase=warmup iteration=45 elapsed_ns=870539
sample phase=warmup iteration=46 elapsed_ns=2491096
sample phase=warmup iteration=47 elapsed_ns=882838
sample phase=warmup iteration=48 elapsed_ns=878359
sample phase=warmup iteration=49 elapsed_ns=880499
sample phase=warmup iteration=50 elapsed_ns=2500756
sample phase=steady iteration=1 elapsed_ns=917149
sample phase=steady iteration=2 elapsed_ns=874829
sample phase=steady iteration=3 elapsed_ns=2446906
sample phase=steady iteration=4 elapsed_ns=718039
sample phase=steady iteration=5 elapsed_ns=728729
sample phase=steady iteration=6 elapsed_ns=2341456
sample phase=steady iteration=7 elapsed_ns=723458
sample phase=steady iteration=8 elapsed_ns=2336267
sample phase=steady iteration=9 elapsed_ns=718308
sample phase=steady iteration=10 elapsed_ns=722728
result=1
