[To redirect Truffle log output to a file use one of the following options:
* '--log.file=<path>' if the option is passed using a guest language launcher.
* '-Dpolyglot.log.file=<path>' if the option is passed using the host Java launcher.
* Configure logging using the polyglot embedding API.]
[engine] opt done   id=150   ProtosRootNode@3a043962                            |Tier 1|Time   185( 106+79  )ms|AST    2|Inlined   0Y   0N|IR    591/  1658|CodeSize    7561|Addr 0x7f277b149920|Timestamp 197999865249790|Src n/a
[engine] opt done   id=151   ProtosRootNode@7db8c634                            |Tier 1|Time  2688( 312+2376)ms|AST   21|Inlined   0Y   0N|IR  16855/ 67720|CodeSize  356878|Addr 0x7f277b15c0a0|Timestamp 198002565449807|Src n/a
[engine] opt done   id=146   ProtosRootNode@2ead3c9a                            |Tier 1|Time   115(  16+99  )ms|AST    2|Inlined   0Y   0N|IR    888/  1275|CodeSize    5532|Addr 0x7f277b1e81e0|Timestamp 198002710252298|Src n/a
[engine] opt done   id=147   ProtosRootNode@2e66c221                            |Tier 1|Time   759( 100+659 )ms|AST   11|Inlined   0Y   0N|IR   9112/ 33591|CodeSize  180157|Addr 0x7f277b1ed5e0|Timestamp 198003474352257|Src n/a
[engine] opt done   id=103   ProtosRootNode@6c205b01                            |Tier 1|Time    22(   8+14  )ms|AST    2|Inlined   0Y   0N|IR    591/  1658|CodeSize    7561|Addr 0x7f277b235aa0|Timestamp 198003514846148|Src n/a
[engine] opt done   id=104   ProtosRootNode@25fa3fca                            |Tier 1|Time   255(  27+228 )ms|AST    6|Inlined   0Y   0N|IR   4416/ 16587|CodeSize   86160|Addr 0x7f277b23a740|Timestamp 198003774748058|Src n/a
[engine] opt done   id=148   ProtosRootNode@66a07d82                            |Tier 1|Time    44(  12+31  )ms|AST    2|Inlined   0Y   0N|IR    888/  1275|CodeSize    5532|Addr 0x7f277b25e2e0|Timestamp 198003820221393|Src n/a
[engine] opt done   id=149   ProtosRootNode@43077f8c                            |Tier 1|Time  2206( 149+2057)ms|AST   20|Inlined   0Y   0N|IR  17156/ 63796|CodeSize  348108|Addr 0x7f277b265ba0|Timestamp 198006027391303|Src n/a
[engine] opt done   id=150   ProtosRootNode@3a043962                            |Tier 2|Time    70(   9+61  )ms|AST    2|Inlined   0Y   0N|IR    518/  1448|CodeSize    7174|Addr 0x7f277b2ff5e0|Timestamp 198006463014699|Src n/a
[engine] opt done   id=151   ProtosRootNode@7db8c634                            |Tier 2|Time  2488( 182+2306)ms|AST   21|Inlined   0Y   0N|IR  16782/ 57193|CodeSize  326361|Addr 0x7f277b309560|Timestamp 198008955876291|Src n/a
[engine] opt done   id=146   ProtosRootNode@2ead3c9a                            |Tier 2|Time    47(  12+36  )ms|AST    2|Inlined   0Y   0N|IR    815/   944|CodeSize    4429|Addr 0x7f277b38b200|Timestamp 198009222224447|Src n/a
[engine] opt done   id=147   ProtosRootNode@2e66c221                            |Tier 2|Time  1041( 159+882 )ms|AST   11|Inlined   0Y   0N|IR   9039/ 27852|CodeSize  153619|Addr 0x7f277b39a000|Timestamp 198010267391113|Src n/a
[engine] opt done   id=103   ProtosRootNode@6c205b01                            |Tier 2|Time    36(   5+31  )ms|AST    2|Inlined   0Y   0N|IR    518/  1448|CodeSize    7174|Addr 0x7f277b3d5360|Timestamp 198010306630954|Src n/a
[engine] opt done   id=104   ProtosRootNode@25fa3fca                            |Tier 2|Time   502(  44+458 )ms|AST    6|Inlined   0Y   0N|IR   4343/ 13746|CodeSize   73470|Addr 0x7f277b3db4c0|Timestamp 198010810359902|Src n/a
[engine] opt done   id=148   ProtosRootNode@66a07d82                            |Tier 2|Time    49(  14+35  )ms|AST    2|Inlined   0Y   0N|IR    815/   944|CodeSize    4429|Addr 0x7f277b3f9780|Timestamp 198010872828321|Src n/a
[engine] opt done   id=149   ProtosRootNode@43077f8c                            |Tier 2|Time  2150( 162+1988)ms|AST   20|Inlined   0Y   0N|IR  17083/ 52763|CodeSize  294464|Addr 0x7f277b4022e0|Timestamp 198013025241703|Src n/a
[engine] opt done   id=101   ProtosRootNode@f12d49f                             |Tier 1|Time    50(  12+37  )ms|AST    2|Inlined   0Y   0N|IR    591/  1658|CodeSize    7561|Addr 0x7f277b475420|Timestamp 198013135631098|Src n/a
[engine] opt done   id=102   ProtosRootNode@669ac201                            |Tier 1|Time   678( 108+570 )ms|AST    9|Inlined   0Y   0N|IR   6352/ 25823|CodeSize  137051|Addr 0x7f277b47cec0|Timestamp 198013817694205|Src n/a
[engine] opt done   id=99    ProtosRootNode@f87d2a9                             |Tier 1|Time    25(   9+16  )ms|AST    2|Inlined   0Y   0N|IR    888/  1275|CodeSize    5532|Addr 0x7f277b4b19e0|Timestamp 198013843506405|Src n/a
[engine] opt done   id=100   ProtosRootNode@4884b65                             |Tier 1|Time  1228( 142+1086)ms|AST   13|Inlined   0Y   0N|IR  10501/ 39912|CodeSize  216035|Addr 0x7f277b4ba000|Timestamp 198015072666156|Src n/a
[engine] opt done   id=105   ProtosRootNode@5cc417a7                            |Tier 1|Time    22(   6+16  )ms|AST    2|Inlined   0Y   0N|IR    888/  1275|CodeSize    5532|Addr 0x7f277b50df60|Timestamp 198015117806970|Src n/a
[engine] opt done   id=106   ProtosRootNode@45ec32ba                            |Tier 1|Time   468(  76+392 )ms|AST    9|Inlined   0Y   0N|IR   5686/ 20920|CodeSize  110219|Addr 0x7f277b5127c0|Timestamp 198015587635654|Src n/a
[engine] opt done   id=152   ProtosRootNode@616dcc7                             |Tier 1|Time    52(  19+33  )ms|AST    2|Inlined   0Y   0N|IR    888/  2671|CodeSize   13140|Addr 0x7f277b53d640|Timestamp 198015640534135|Src n/a
[engine] opt failed id=153   ProtosRootNode@53ca3877                            |Tier 1|Time   71(-198015643+198015714)ms|Reason: jdk.graal.compiler.truffle.GraphTooBigBailoutException: Graph too big to safely compile. Node count: 48153. Graph Size: 150001. Limit: 150000.|Timestamp 198015713858941|Src n/a
[engine] opt failed id=153   ProtosRootNode@53ca3877                            |Tier 1|Time   72(-198015730+198015802)ms|Reason: jdk.graal.compiler.truffle.GraphTooBigBailoutException: Graph too big to safely compile. Node count: 48153. Graph Size: 150001. Limit: 150000.|Timestamp 198015802413790|Src n/a
[engine] opt done   id=140   ProtosRootNode@1401e0bc                            |Tier 1|Time    26(   8+18  )ms|AST    2|Inlined   0Y   0N|IR    888/  1275|CodeSize    5532|Addr 0x7f277b544660|Timestamp 198015838046527|Src n/a
[engine] opt done   id=141   ProtosRootNode@66f733d4                            |Tier 1|Time   274(  37+237 )ms|AST    7|Inlined   0Y   0N|IR   3841/ 14660|CodeSize   75731|Addr 0x7f277b547ec0|Timestamp 198016112150319|Src n/a
[engine] opt done   id=241   ProtosRootNode@222fa14f                            |Tier 1|Time    74(  19+56  )ms|AST    2|Inlined   0Y   0N|IR    591/  1658|CodeSize    7561|Addr 0x7f277b577ea0|Timestamp 198016745676699|Src n/a
[engine] opt done   id=242   ProtosRootNode@64ff68e0                            |Tier 1|Time  2703( 272+2431)ms|AST   21|Inlined   0Y   0N|IR  16855/ 67720|CodeSize  356878|Addr 0x7f277b57f9a0|Timestamp 198019450037513|Src n/a
[engine] opt done   id=237   ProtosRootNode@e6644f6                             |Tier 1|Time    57(  14+43  )ms|AST    2|Inlined   0Y   0N|IR    888/  1275|CodeSize    5532|Addr 0x7f277b60a760|Timestamp 198019518219546|Src n/a
[engine] opt done   id=238   ProtosRootNode@676b3a1a                            |Tier 1|Time   817(  84+732 )ms|AST   11|Inlined   0Y   0N|IR   9112/ 33591|CodeSize  180157|Addr 0x7f277b60fce0|Timestamp 198020337128510|Src n/a
[engine] opt done   id=239   ProtosRootNode@11eeaa05                            |Tier 1|Time    24(   5+19  )ms|AST    2|Inlined   0Y   0N|IR    888/  1275|CodeSize    5532|Addr 0x7f277b657ce0|Timestamp 198020363706260|Src n/a
[engine] opt done   id=240   ProtosRootNode@13a34a58                            |Tier 1|Time  2220( 149+2072)ms|AST   20|Inlined   0Y   0N|IR  17156/ 63796|CodeSize  348108|Addr 0x7f277b65eba0|Timestamp 198022584463361|Src n/a
[engine] opt done   id=241   ProtosRootNode@222fa14f                            |Tier 2|Time    75(  20+55  )ms|AST    2|Inlined   0Y   0N|IR    518/  1448|CodeSize    7174|Addr 0x7f277b6ec360|Timestamp 198022903030169|Src n/a
[engine] opt done   id=242   ProtosRootNode@64ff68e0                            |Tier 2|Time  2706( 222+2484)ms|AST   21|Inlined   0Y   0N|IR  16782/ 57193|CodeSize  326361|Addr 0x7f277b6f69e0|Timestamp 198025610598429|Src n/a
[engine] opt done   id=237   ProtosRootNode@e6644f6                             |Tier 2|Time    48(   9+39  )ms|AST    2|Inlined   0Y   0N|IR    815/   944|CodeSize    4429|Addr 0x7f277b774b80|Timestamp 198025840503437|Src n/a
[engine] opt done   id=238   ProtosRootNode@676b3a1a                            |Tier 2|Time  1176( 114+1062)ms|AST   11|Inlined   0Y   0N|IR   9039/ 27852|CodeSize  153619|Addr 0x7f277b77a000|Timestamp 198027018066732|Src n/a
[engine] opt done   id=239   ProtosRootNode@11eeaa05                            |Tier 2|Time    34(   8+26  )ms|AST    2|Inlined   0Y   0N|IR    815/   944|CodeSize    4429|Addr 0x7f277b7b4b80|Timestamp 198027058845543|Src n/a
[engine] opt done   id=240   ProtosRootNode@13a34a58                            |Tier 2|Time  2569( 249+2320)ms|AST   20|Inlined   0Y   0N|IR  17083/ 52763|CodeSize  294464|Addr 0x7f277b7bb9e0|Timestamp 198029632526263|Src n/a
[engine] opt done   id=243   ProtosRootNode@2a6f178a                            |Tier 1|Time    26(   6+20  )ms|AST    2|Inlined   0Y   0N|IR    888/  2671|CodeSize   13140|Addr 0x7f277b82b240|Timestamp 198029709856333|Src n/a
[engine] opt failed id=244   ProtosRootNode@7e10ec40                            |Tier 1|Time   52(-198029710+198029762)ms|Reason: jdk.graal.compiler.truffle.GraphTooBigBailoutException: Graph too big to safely compile. Node count: 48153. Graph Size: 150001. Limit: 150000.|Timestamp 198029762170883|Src n/a
[engine] opt failed id=244   ProtosRootNode@7e10ec40                            |Tier 1|Time   59(-198029770+198029829)ms|Reason: jdk.graal.compiler.truffle.GraphTooBigBailoutException: Graph too big to safely compile. Node count: 48153. Graph Size: 150001. Limit: 150000.|Timestamp 198029830504326|Src n/a
[engine] opt done   id=231   ProtosRootNode@382c015d                            |Tier 1|Time    18(   6+12  )ms|AST    2|Inlined   0Y   0N|IR    888/  1275|CodeSize    5532|Addr 0x7f277b831460|Timestamp 198029854192805|Src n/a
[engine] opt done   id=232   ProtosRootNode@57467104                            |Tier 1|Time   242(  27+215 )ms|AST    7|Inlined   0Y   0N|IR   3841/ 14660|CodeSize   75731|Addr 0x7f277b8352c0|Timestamp 198030096767313|Src n/a
[engine] opt done   id=332   ProtosRootNode@3ec7f987                            |Tier 1|Time    28(  13+15  )ms|AST    2|Inlined   0Y   0N|IR    591/  1658|CodeSize    7561|Addr 0x7f277b858d20|Timestamp 198030423141327|Src n/a
[engine] opt done   id=333   ProtosRootNode@2b71e593                            |Tier 1|Time  2795( 204+2591)ms|AST   21|Inlined   0Y   0N|IR  16855/ 67720|CodeSize  356878|Addr 0x7f277b860820|Timestamp 198033220618343|Src n/a
[engine] opt done   id=328   ProtosRootNode@1e29eb95                            |Tier 1|Time    35(   8+28  )ms|AST    2|Inlined   0Y   0N|IR    888/  1275|CodeSize    5532|Addr 0x7f277b8e9f60|Timestamp 198033263242246|Src n/a
[engine] opt done   id=329   ProtosRootNode@756085b6                            |Tier 1|Time   869(  84+785 )ms|AST   11|Inlined   0Y   0N|IR   9112/ 33591|CodeSize  180157|Addr 0x7f277b8ef0e0|Timestamp 198034133135993|Src n/a
[engine] opt done   id=330   ProtosRootNode@4564ea5c                            |Tier 1|Time    21(   7+14  )ms|AST    2|Inlined   0Y   0N|IR    888/  1275|CodeSize    5532|Addr 0x7f277b936de0|Timestamp 198034174408135|Src n/a
[engine] opt done   id=331   ProtosRootNode@17b85c81                            |Tier 1|Time  2533( 200+2333)ms|AST   20|Inlined   0Y   0N|IR  17156/ 63796|CodeSize  348108|Addr 0x7f277b93eca0|Timestamp 198036709955240|Src n/a
[engine] opt done   id=332   ProtosRootNode@3ec7f987                            |Tier 2|Time    50(  14+35  )ms|AST    2|Inlined   0Y   0N|IR    518/  1448|CodeSize    7174|Addr 0x7f277b9c9a60|Timestamp 198036865257721|Src n/a
[engine] opt done   id=333   ProtosRootNode@2b71e593                            |Tier 2|Time  2372( 194+2177)ms|AST   21|Inlined   0Y   0N|IR  16782/ 57193|CodeSize  326361|Addr 0x7f277b9d0ee0|Timestamp 198039241246903|Src n/a
[engine] opt done   id=328   ProtosRootNode@1e29eb95                            |Tier 2|Time    64(  14+51  )ms|AST    2|Inlined   0Y   0N|IR    815/   944|CodeSize    4429|Addr 0x7f277ba4a100|Timestamp 198039440424739|Src n/a
[engine] opt done   id=329   ProtosRootNode@756085b6                            |Tier 2|Time  1110( 185+925 )ms|AST   11|Inlined   0Y   0N|IR   9039/ 27852|CodeSize  153619|Addr 0x7f277ba54600|Timestamp 198040551725625|Src n/a
[engine] opt done   id=330   ProtosRootNode@4564ea5c                            |Tier 2|Time    25(   5+20  )ms|AST    2|Inlined   0Y   0N|IR    815/   944|CodeSize    4429|Addr 0x7f277ba8f180|Timestamp 198040602324645|Src n/a
[engine] opt done   id=331   ProtosRootNode@17b85c81                            |Tier 2|Time  2370( 192+2178)ms|AST   20|Inlined   0Y   0N|IR  17083/ 52763|CodeSize  294464|Addr 0x7f277ba945e0|Timestamp 198042972763265|Src n/a
[engine] opt done   id=334   ProtosRootNode@62b89b9                             |Tier 1|Time    30(   6+24  )ms|AST    2|Inlined   0Y   0N|IR    888/  2671|CodeSize   13140|Addr 0x7f277bb03940|Timestamp 198043056579670|Src n/a
[engine] opt failed id=335   ProtosRootNode@41b02bbe                            |Tier 1|Time   54(-198043057+198043111)ms|Reason: jdk.graal.compiler.truffle.GraphTooBigBailoutException: Graph too big to safely compile. Node count: 48153. Graph Size: 150001. Limit: 150000.|Timestamp 198043110622503|Src n/a
[engine] opt failed id=335   ProtosRootNode@41b02bbe                            |Tier 1|Time   56(-198043119+198043176)ms|Reason: jdk.graal.compiler.truffle.GraphTooBigBailoutException: Graph too big to safely compile. Node count: 48153. Graph Size: 150001. Limit: 150000.|Timestamp 198043175634793|Src n/a
[engine] opt done   id=322   ProtosRootNode@35cd06e6                            |Tier 1|Time    20(   9+11  )ms|AST    2|Inlined   0Y   0N|IR    888/  1275|CodeSize    5532|Addr 0x7f277bb09560|Timestamp 198043201900894|Src n/a
[engine] opt done   id=323   ProtosRootNode@b624849                             |Tier 1|Time   588(  52+536 )ms|AST    7|Inlined   0Y   0N|IR   3841/ 14660|CodeSize   75731|Addr 0x7f277bb0cac0|Timestamp 198043792331795|Src n/a
[engine] opt done   id=423   ProtosRootNode@3926a650                            |Tier 1|Time    31(  11+21  )ms|AST    2|Inlined   0Y   0N|IR    591/  1658|CodeSize    7561|Addr 0x7f277bb2f120|Timestamp 198044307404837|Src n/a
[engine] opt done   id=424   ProtosRootNode@5fc17010                            |Tier 1|Time  2188( 236+1952)ms|AST   21|Inlined   0Y   0N|IR  16855/ 67720|CodeSize  356878|Addr 0x7f277bb36c20|Timestamp 198046496175348|Src n/a
[engine] opt done   id=419   ProtosRootNode@24b48141                            |Tier 1|Time    32(   7+25  )ms|AST    2|Inlined   0Y   0N|IR    888/  1275|CodeSize    5532|Addr 0x7f277bbc08e0|Timestamp 198046531325845|Src n/a
[engine] opt done   id=420   ProtosRootNode@49b87efa                            |Tier 1|Time   713(  89+624 )ms|AST   11|Inlined   0Y   0N|IR   9112/ 33591|CodeSize  180157|Addr 0x7f277bbc55e0|Timestamp 198047245347483|Src n/a
[engine] opt done   id=421   ProtosRootNode@3c9617c5                            |Tier 1|Time    26(   9+17  )ms|AST    2|Inlined   0Y   0N|IR    888/  1275|CodeSize    5532|Addr 0x7f277bc0d2e0|Timestamp 198047293978641|Src n/a
[engine] opt done   id=422   ProtosRootNode@45e7a57f                            |Tier 1|Time  2488( 168+2319)ms|AST   20|Inlined   0Y   0N|IR  17156/ 63796|CodeSize  348108|Addr 0x7f277bc144a0|Timestamp 198049781966658|Src n/a
[engine] opt done   id=423   ProtosRootNode@3926a650                            |Tier 2|Time    36(  12+24  )ms|AST    2|Inlined   0Y   0N|IR    518/  1448|CodeSize    7174|Addr 0x7f277bc9cf60|Timestamp 198049948891258|Src n/a
[engine] opt done   id=424   ProtosRootNode@5fc17010                            |Tier 2|Time  2849( 187+2661)ms|AST   21|Inlined   0Y   0N|IR  16782/ 57193|CodeSize  326361|Addr 0x7f277bca3c60|Timestamp 198052799052520|Src n/a
[engine] opt done   id=419   ProtosRootNode@24b48141                            |Tier 2|Time    34(  10+25  )ms|AST    2|Inlined   0Y   0N|IR    815/   944|CodeSize    4429|Addr 0x7f277bd1ce80|Timestamp 198052964673370|Src n/a
[engine] opt done   id=420   ProtosRootNode@49b87efa                            |Tier 2|Time  1831( 274+1557)ms|AST   11|Inlined   0Y   0N|IR   9039/ 27852|CodeSize  153619|Addr 0x7f277bd21400|Timestamp 198054798558057|Src n/a
[engine] opt done   id=421   ProtosRootNode@3c9617c5                            |Tier 2|Time    36(   8+28  )ms|AST    2|Inlined   0Y   0N|IR    815/   944|CodeSize    4429|Addr 0x7f277bd5db80|Timestamp 198054843607082|Src n/a
[engine] opt done   id=422   ProtosRootNode@45e7a57f                            |Tier 2|Time  2126( 151+1974)ms|AST   20|Inlined   0Y   0N|IR  17083/ 52763|CodeSize  294464|Addr 0x7f277bd647e0|Timestamp 198056971536341|Src n/a
[engine] opt done   id=425   ProtosRootNode@57a26af3                            |Tier 1|Time    29(   5+24  )ms|AST    2|Inlined   0Y   0N|IR    888/  2671|CodeSize   13140|Addr 0x7f277bdd3e40|Timestamp 198057050753103|Src n/a
[engine] opt failed id=426   ProtosRootNode@16863166                            |Tier 1|Time   65(-198057051+198057116)ms|Reason: jdk.graal.compiler.truffle.GraphTooBigBailoutException: Graph too big to safely compile. Node count: 48153. Graph Size: 150001. Limit: 150000.|Timestamp 198057116550665|Src n/a
[engine] opt failed id=426   ProtosRootNode@16863166                            |Tier 1|Time   66(-198057126+198057192)ms|Reason: jdk.graal.compiler.truffle.GraphTooBigBailoutException: Graph too big to safely compile. Node count: 48153. Graph Size: 150001. Limit: 150000.|Timestamp 198057192097004|Src n/a
[engine] opt done   id=413   ProtosRootNode@26b1ef06                            |Tier 1|Time    20(   7+13  )ms|AST    2|Inlined   0Y   0N|IR    888/  1275|CodeSize    5532|Addr 0x7f277bdda3e0|Timestamp 198057216927913|Src n/a
[engine] opt done   id=414   ProtosRootNode@5f52c434                            |Tier 1|Time   280(  31+249 )ms|AST    7|Inlined   0Y   0N|IR   3841/ 14660|CodeSize   75731|Addr 0x7f277bdddcc0|Timestamp 198057497787514|Src n/a
[engine] opt done   id=514   ProtosRootNode@568456a7                            |Tier 1|Time    58(  20+38  )ms|AST    2|Inlined   0Y   0N|IR    591/  1658|CodeSize    7561|Addr 0x7f277bdfe820|Timestamp 198057948970008|Src n/a
[engine] opt done   id=515   ProtosRootNode@b9ff7f5                             |Tier 1|Time  2756( 464+2292)ms|AST   21|Inlined   0Y   0N|IR  16855/ 67720|CodeSize  356878|Addr 0x7f277be08aa0|Timestamp 198060705683792|Src n/a
[engine] opt done   id=510   ProtosRootNode@3b6f2122                            |Tier 1|Time    26(   4+21  )ms|AST    2|Inlined   0Y   0N|IR    888/  1275|CodeSize    5532|Addr 0x7f277be91e60|Timestamp 198060734068794|Src n/a
[engine] opt done   id=511   ProtosRootNode@834ee4e                             |Tier 1|Time   684(  61+623 )ms|AST   11|Inlined   0Y   0N|IR   9112/ 33591|CodeSize  180157|Addr 0x7f277be96860|Timestamp 198061418494242|Src n/a
[engine] opt done   id=512   ProtosRootNode@285ee1dd                            |Tier 1|Time    18(   5+13  )ms|AST    2|Inlined   0Y   0N|IR    888/  1275|CodeSize    5532|Addr 0x7f277bede560|Timestamp 198061463045947|Src n/a
[engine] opt done   id=513   ProtosRootNode@2f614ac2                            |Tier 1|Time  1870( 139+1731)ms|AST   20|Inlined   0Y   0N|IR  17156/ 63796|CodeSize  348108|Addr 0x7f277bee5420|Timestamp 198063333748237|Src n/a
[engine] opt done   id=514   ProtosRootNode@568456a7                            |Tier 2|Time    31(   4+27  )ms|AST    2|Inlined   0Y   0N|IR    518/  1448|CodeSize    7174|Addr 0x7f277bf6dbe0|Timestamp 198063407224055|Src n/a
[engine] opt done   id=515   ProtosRootNode@b9ff7f5                             |Tier 2|Time  1634( 115+1519)ms|AST   21|Inlined   0Y   0N|IR  16782/ 57193|CodeSize  326361|Addr 0x7f277bf74be0|Timestamp 198065044612612|Src n/a
[engine] opt done   id=510   ProtosRootNode@3b6f2122                            |Tier 2|Time    18(   4+13  )ms|AST    2|Inlined   0Y   0N|IR    815/   944|CodeSize    4429|Addr 0x7f277bfee180|Timestamp 198065140543888|Src n/a
[engine] opt done   id=511   ProtosRootNode@834ee4e                             |Tier 2|Time   606(  50+556 )ms|AST   11|Inlined   0Y   0N|IR   9039/ 27852|CodeSize  153619|Addr 0x7f277bff2400|Timestamp 198065748698496|Src n/a
[engine] opt done   id=512   ProtosRootNode@285ee1dd                            |Tier 2|Time    18(   4+14  )ms|AST    2|Inlined   0Y   0N|IR    815/   944|CodeSize    4429|Addr 0x7f277c02cf80|Timestamp 198065771191974|Src n/a
[engine] opt done   id=513   ProtosRootNode@2f614ac2                            |Tier 2|Time  1500( 108+1392)ms|AST   20|Inlined   0Y   0N|IR  17083/ 52763|CodeSize  294464|Addr 0x7f277c0323e0|Timestamp 198067281812613|Src n/a
[engine] opt done   id=516   ProtosRootNode@64287a9d                            |Tier 1|Time    25(   6+19  )ms|AST    2|Inlined   0Y   0N|IR    888/  2671|CodeSize   13140|Addr 0x7f277c0a1b40|Timestamp 198067342868441|Src n/a
[engine] opt failed id=517   ProtosRootNode@5620cc4                             |Tier 1|Time   42(-198067343+198067386)ms|Reason: jdk.graal.compiler.truffle.GraphTooBigBailoutException: Graph too big to safely compile. Node count: 48153. Graph Size: 150001. Limit: 150000.|Timestamp 198067385702444|Src n/a
[engine] opt failed id=517   ProtosRootNode@5620cc4                             |Tier 1|Time   62(-198067394+198067456)ms|Reason: jdk.graal.compiler.truffle.GraphTooBigBailoutException: Graph too big to safely compile. Node count: 48153. Graph Size: 150001. Limit: 150000.|Timestamp 198067456063170|Src n/a
[engine] opt done   id=504   ProtosRootNode@436a672d                            |Tier 1|Time    18(   7+10  )ms|AST    2|Inlined   0Y   0N|IR    888/  1275|CodeSize    5532|Addr 0x7f277c0a8a60|Timestamp 198067475834425|Src n/a
[engine] opt done   id=505   ProtosRootNode@422917b1                            |Tier 1|Time   175(  21+154 )ms|AST    7|Inlined   0Y   0N|IR   3841/ 14660|CodeSize   75731|Addr 0x7f277c0abfc0|Timestamp 198067651632784|Src n/a
[engine] opt done   id=605   ProtosRootNode@72fea10f                            |Tier 1|Time    16(   5+11  )ms|AST    2|Inlined   0Y   0N|IR    591/  1658|CodeSize    7561|Addr 0x7f277c0cb920|Timestamp 198067850986541|Src n/a
[engine] opt done   id=606   ProtosRootNode@6f86670e                            |Tier 1|Time  1756( 130+1626)ms|AST   21|Inlined   0Y   0N|IR  16855/ 67720|CodeSize  356878|Addr 0x7f277c0d3720|Timestamp 198069608294855|Src n/a
[engine] opt done   id=601   ProtosRootNode@bca1441                             |Tier 1|Time    27(   6+21  )ms|AST    2|Inlined   0Y   0N|IR    888/  1275|CodeSize    5532|Addr 0x7f277c15cae0|Timestamp 198069637928078|Src n/a
[engine] opt done   id=602   ProtosRootNode@6d69bcf0                            |Tier 1|Time   556(  54+503 )ms|AST   11|Inlined   0Y   0N|IR   9112/ 33591|CodeSize  180157|Addr 0x7f277c1614e0|Timestamp 198070195777647|Src n/a
[engine] opt done   id=603   ProtosRootNode@5106a958                            |Tier 1|Time    16(   6+11  )ms|AST    2|Inlined   0Y   0N|IR    888/  1275|CodeSize    5532|Addr 0x7f277c1a91e0|Timestamp 198070235853219|Src n/a
[engine] opt done   id=604   ProtosRootNode@10adff60                            |Tier 1|Time  1629( 167+1461)ms|AST   20|Inlined   0Y   0N|IR  17156/ 63796|CodeSize  348108|Addr 0x7f277c1b1820|Timestamp 198071864780893|Src n/a
[engine] opt done   id=605   ProtosRootNode@72fea10f                            |Tier 2|Time    32(   4+27  )ms|AST    2|Inlined   0Y   0N|IR    518/  1448|CodeSize    7174|Addr 0x7f277c23a360|Timestamp 198071953830903|Src n/a
[engine] opt done   id=606   ProtosRootNode@6f86670e                            |Tier 2|Time  1722( 132+1589)ms|AST   21|Inlined   0Y   0N|IR  16782/ 57193|CodeSize  326361|Addr 0x7f277c241060|Timestamp 198073675774670|Src n/a
[engine] opt done   id=601   ProtosRootNode@bca1441                             |Tier 2|Time    20(   5+15  )ms|AST    2|Inlined   0Y   0N|IR    815/   944|CodeSize    4429|Addr 0x7f277c2ba280|Timestamp 198073768477174|Src n/a
[engine] opt done   id=602   ProtosRootNode@6d69bcf0                            |Tier 2|Time   664(  62+602 )ms|AST   11|Inlined   0Y   0N|IR   9039/ 27852|CodeSize  153619|Addr 0x7f277c2bde80|Timestamp 198074432602107|Src n/a
[engine] opt done   id=603   ProtosRootNode@5106a958                            |Tier 2|Time    35(   6+29  )ms|AST    2|Inlined   0Y   0N|IR    815/   944|CodeSize    4429|Addr 0x7f277c2f8a00|Timestamp 198074471005668|Src n/a
[engine] opt done   id=604   ProtosRootNode@10adff60                            |Tier 2|Time  1755( 122+1632)ms|AST   20|Inlined   0Y   0N|IR  17083/ 52763|CodeSize  294464|Addr 0x7f277c2fde60|Timestamp 198076225874563|Src n/a
[engine] opt done   id=607   ProtosRootNode@168f85c4                            |Tier 1|Time    44(  10+33  )ms|AST    2|Inlined   0Y   0N|IR    888/  2671|CodeSize   13140|Addr 0x7f277c36d740|Timestamp 198076329965615|Src n/a
[engine] opt failed id=608   ProtosRootNode@63a58cea                            |Tier 1|Time   55(-198076330+198076385)ms|Reason: jdk.graal.compiler.truffle.GraphTooBigBailoutException: Graph too big to safely compile. Node count: 48153. Graph Size: 150001. Limit: 150000.|Timestamp 198076385499559|Src n/a
[engine] opt failed id=608   ProtosRootNode@63a58cea                            |Tier 1|Time   49(-198076395+198076444)ms|Reason: jdk.graal.compiler.truffle.GraphTooBigBailoutException: Graph too big to safely compile. Node count: 48153. Graph Size: 150001. Limit: 150000.|Timestamp 198076443860865|Src n/a
[engine] opt done   id=595   ProtosRootNode@42964d0c                            |Tier 1|Time    17(   4+12  )ms|AST    2|Inlined   0Y   0N|IR    888/  1275|CodeSize    5532|Addr 0x7f277c373860|Timestamp 198076460764958|Src n/a
[engine] opt done   id=596   ProtosRootNode@1739011                             |Tier 1|Time   202(  40+162 )ms|AST    7|Inlined   0Y   0N|IR   3841/ 14660|CodeSize   75731|Addr 0x7f277c378340|Timestamp 198076664695429|Src n/a
[engine] opt done   id=696   ProtosRootNode@3468460c                            |Tier 1|Time    20(   9+11  )ms|AST    2|Inlined   0Y   0N|IR    591/  1658|CodeSize    7561|Addr 0x7f277c396b20|Timestamp 198076884137272|Src n/a
[engine] opt done   id=697   ProtosRootNode@7f3e86ec                            |Tier 1|Time  1838( 122+1715)ms|AST   21|Inlined   0Y   0N|IR  16855/ 67720|CodeSize  356878|Addr 0x7f277c39e920|Timestamp 198078722305724|Src n/a
[engine] opt done   id=692   ProtosRootNode@61273691                            |Tier 1|Time    16(   4+11  )ms|AST    2|Inlined   0Y   0N|IR    888/  1275|CodeSize    5532|Addr 0x7f277c427fe0|Timestamp 198078776069286|Src n/a
[engine] opt done   id=693   ProtosRootNode@4d8d09e7                            |Tier 1|Time   594(  54+540 )ms|AST   11|Inlined   0Y   0N|IR   9112/ 33591|CodeSize  180157|Addr 0x7f277c42c9e0|Timestamp 198079370790326|Src n/a
[engine] opt done   id=694   ProtosRootNode@432504a2                            |Tier 1|Time    15(   5+10  )ms|AST    2|Inlined   0Y   0N|IR    888/  1275|CodeSize    5532|Addr 0x7f277c4746e0|Timestamp 198079403199562|Src n/a
[engine] opt done   id=695   ProtosRootNode@75dca8b3                            |Tier 1|Time  1595( 113+1482)ms|AST   20|Inlined   0Y   0N|IR  17156/ 63796|CodeSize  348108|Addr 0x7f277c47b5a0|Timestamp 198080998757743|Src n/a
[engine] opt done   id=696   ProtosRootNode@3468460c                            |Tier 2|Time    21(   4+17  )ms|AST    2|Inlined   0Y   0N|IR    518/  1448|CodeSize    7174|Addr 0x7f277c504a60|Timestamp 198081144014338|Src n/a
[engine] opt done   id=697   ProtosRootNode@7f3e86ec                            |Tier 2|Time  2068( 135+1933)ms|AST   21|Inlined   0Y   0N|IR  16782/ 57193|CodeSize  326361|Addr 0x7f277c50bbe0|Timestamp 198083214336315|Src n/a
[engine] opt done   id=692   ProtosRootNode@61273691                            |Tier 2|Time    24(  10+14  )ms|AST    2|Inlined   0Y   0N|IR    815/   944|CodeSize    4429|Addr 0x7f277c584e00|Timestamp 198083313090753|Src n/a
[engine] opt done   id=693   ProtosRootNode@4d8d09e7                            |Tier 2|Time   765(  62+703 )ms|AST   11|Inlined   0Y   0N|IR   9039/ 27852|CodeSize  153619|Addr 0x7f277c588d00|Timestamp 198084079980640|Src n/a
[engine] opt done   id=694   ProtosRootNode@432504a2                            |Tier 2|Time    31(   8+23  )ms|AST    2|Inlined   0Y   0N|IR    815/   944|CodeSize    4429|Addr 0x7f277c5c3880|Timestamp 198084117480029|Src n/a
[engine] opt done   id=695   ProtosRootNode@75dca8b3                            |Tier 2|Time  1809( 137+1672)ms|AST   20|Inlined   0Y   0N|IR  17083/ 52763|CodeSize  294464|Addr 0x7f277c5c8ce0|Timestamp 198085927739792|Src n/a
[engine] opt done   id=698   ProtosRootNode@74c32c68                            |Tier 1|Time    23(   5+18  )ms|AST    2|Inlined   0Y   0N|IR    888/  2671|CodeSize   13140|Addr 0x7f277c6385c0|Timestamp 198086011041938|Src n/a
[engine] opt failed id=699   ProtosRootNode@7faee5d3                            |Tier 1|Time   43(-198086012+198086055)ms|Reason: jdk.graal.compiler.truffle.GraphTooBigBailoutException: Graph too big to safely compile. Node count: 48153. Graph Size: 150001. Limit: 150000.|Timestamp 198086054774713|Src n/a
[engine] opt failed id=699   ProtosRootNode@7faee5d3                            |Tier 1|Time   44(-198086064+198086108)ms|Reason: jdk.graal.compiler.truffle.GraphTooBigBailoutException: Graph too big to safely compile. Node count: 48153. Graph Size: 150001. Limit: 150000.|Timestamp 198086108109205|Src n/a
[engine] opt done   id=686   ProtosRootNode@4593dfae                            |Tier 1|Time    16(   5+11  )ms|AST    2|Inlined   0Y   0N|IR    888/  1275|CodeSize    5532|Addr 0x7f277c63f1e0|Timestamp 198086124455408|Src n/a
[engine] opt done   id=687   ProtosRootNode@4d7262c                             |Tier 1|Time   178(  22+155 )ms|AST    7|Inlined   0Y   0N|IR   3841/ 14660|CodeSize   75731|Addr 0x7f277c644840|Timestamp 198086304055760|Src n/a
[engine] opt done   id=787   ProtosRootNode@2cdfac9c                            |Tier 1|Time    23(   7+16  )ms|AST    2|Inlined   0Y   0N|IR    591/  1658|CodeSize    7561|Addr 0x7f277c663ca0|Timestamp 198086512105465|Src n/a
[engine] opt done   id=788   ProtosRootNode@46581754                            |Tier 1|Time  1538( 115+1424)ms|AST   21|Inlined   0Y   0N|IR  16855/ 67720|CodeSize  356878|Addr 0x7f277c66b7a0|Timestamp 198088050849254|Src n/a
[engine] opt done   id=783   ProtosRootNode@734df436                            |Tier 1|Time    39(   5+34  )ms|AST    2|Inlined   0Y   0N|IR    888/  1275|CodeSize    5532|Addr 0x7f277c6f4b60|Timestamp 198088093270208|Src n/a
[engine] opt done   id=784   ProtosRootNode@5d759aa0                            |Tier 1|Time   606(  53+553 )ms|AST   11|Inlined   0Y   0N|IR   9112/ 33591|CodeSize  180157|Addr 0x7f277c6f9560|Timestamp 198088699469418|Src n/a
[engine] opt done   id=785   ProtosRootNode@2f3b91cd                            |Tier 1|Time    23(   6+17  )ms|AST    2|Inlined   0Y   0N|IR    888/  1275|CodeSize    5532|Addr 0x7f277c741260|Timestamp 198088723253637|Src n/a
[engine] opt done   id=786   ProtosRootNode@1060e583                            |Tier 1|Time  1813( 139+1674)ms|AST   20|Inlined   0Y   0N|IR  17156/ 63796|CodeSize  348108|Addr 0x7f277c748420|Timestamp 198090537259904|Src n/a
[engine] opt done   id=787   ProtosRootNode@2cdfac9c                            |Tier 2|Time    21(   4+18  )ms|AST    2|Inlined   0Y   0N|IR    518/  1448|CodeSize    7174|Addr 0x7f277c7d0be0|Timestamp 198090645672240|Src n/a
[engine] opt done   id=788   ProtosRootNode@46581754                            |Tier 2|Time  1749( 121+1627)ms|AST   21|Inlined   0Y   0N|IR  16782/ 57193|CodeSize  326361|Addr 0x7f277c7d78e0|Timestamp 198092394527857|Src n/a
[engine] opt done   id=783   ProtosRootNode@734df436                            |Tier 2|Time    17(   4+13  )ms|AST    2|Inlined   0Y   0N|IR    815/   944|CodeSize    4429|Addr 0x7f277c853400|Timestamp 198092509571379|Src n/a
[engine] opt done   id=784   ProtosRootNode@5d759aa0                            |Tier 2|Time   673(  50+623 )ms|AST   11|Inlined   0Y   0N|IR   9039/ 27852|CodeSize  153619|Addr 0x7f277c857000|Timestamp 198093182750423|Src n/a
[engine] opt done   id=785   ProtosRootNode@2f3b91cd                            |Tier 2|Time    34(   7+28  )ms|AST    2|Inlined   0Y   0N|IR    815/   944|CodeSize    4429|Addr 0x7f277c891b80|Timestamp 198093220603753|Src n/a
[engine] opt done   id=786   ProtosRootNode@1060e583                            |Tier 2|Time  1508( 116+1392)ms|AST   20|Inlined   0Y   0N|IR  17083/ 52763|CodeSize  294464|Addr 0x7f277c896fe0|Timestamp 198094729390290|Src n/a
[engine] opt done   id=789   ProtosRootNode@48cf3940                            |Tier 1|Time    25(   5+20  )ms|AST    2|Inlined   0Y   0N|IR    888/  2671|CodeSize   13140|Addr 0x7f277c906340|Timestamp 198094807599682|Src n/a
[engine] opt failed id=790   ProtosRootNode@625a07ef                            |Tier 1|Time   44(-198094809+198094852)ms|Reason: jdk.graal.compiler.truffle.GraphTooBigBailoutException: Graph too big to safely compile. Node count: 48153. Graph Size: 150001. Limit: 150000.|Timestamp 198094852117098|Src n/a
[engine] opt failed id=790   ProtosRootNode@625a07ef                            |Tier 1|Time   43(-198094861+198094904)ms|Reason: jdk.graal.compiler.truffle.GraphTooBigBailoutException: Graph too big to safely compile. Node count: 48153. Graph Size: 150001. Limit: 150000.|Timestamp 198094903906659|Src n/a
[engine] opt done   id=777   ProtosRootNode@177beec4                            |Tier 1|Time    15(   5+10  )ms|AST    2|Inlined   0Y   0N|IR    888/  1275|CodeSize    5532|Addr 0x7f277c90d660|Timestamp 198094918868901|Src n/a
[engine] opt done   id=778   ProtosRootNode@de55c94                             |Tier 1|Time   167(  21+146 )ms|AST    7|Inlined   0Y   0N|IR   3841/ 14660|CodeSize   75731|Addr 0x7f277c910bc0|Timestamp 198095086608374|Src n/a
[engine] opt done   id=878   ProtosRootNode@4694d11b                            |Tier 1|Time    16(   4+11  )ms|AST    2|Inlined   0Y   0N|IR    591/  1658|CodeSize    7561|Addr 0x7f277c92f6a0|Timestamp 198095292661738|Src n/a
[engine] opt done   id=879   ProtosRootNode@4f8f1d0a                            |Tier 1|Time  1659( 114+1545)ms|AST   21|Inlined   0Y   0N|IR  16855/ 67720|CodeSize  356878|Addr 0x7f277c9371a0|Timestamp 198096952009405|Src n/a
[engine] opt done   id=874   ProtosRootNode@23d16953                            |Tier 1|Time    29(   7+22  )ms|AST    2|Inlined   0Y   0N|IR    888/  1275|CodeSize    5532|Addr 0x7f277c9c0560|Timestamp 198097021506211|Src n/a
[engine] opt done   id=875   ProtosRootNode@735b5d60                            |Tier 1|Time   619(  78+541 )ms|AST   11|Inlined   0Y   0N|IR   9112/ 33591|CodeSize  180157|Addr 0x7f277c9c80e0|Timestamp 198097642413874|Src n/a
[engine] opt done   id=876   ProtosRootNode@73a46927                            |Tier 1|Time    14(   4+9   )ms|AST    2|Inlined   0Y   0N|IR    888/  1275|CodeSize    5532|Addr 0x7f277ca0fde0|Timestamp 198097672890928|Src n/a
[engine] opt done   id=877   ProtosRootNode@6ace4393                            |Tier 1|Time  1519( 107+1412)ms|AST   20|Inlined   0Y   0N|IR  17156/ 63796|CodeSize  348108|Addr 0x7f277ca16ca0|Timestamp 198099192497756|Src n/a
[engine] opt done   id=878   ProtosRootNode@4694d11b                            |Tier 2|Time    20(   3+16  )ms|AST    2|Inlined   0Y   0N|IR    518/  1448|CodeSize    7174|Addr 0x7f277ca9f7e0|Timestamp 198099321256528|Src n/a
[engine] opt done   id=879   ProtosRootNode@4f8f1d0a                            |Tier 2|Time  1663( 110+1553)ms|AST   21|Inlined   0Y   0N|IR  16782/ 57193|CodeSize  326361|Addr 0x7f277caa64e0|Timestamp 198100984616161|Src n/a
[engine] opt done   id=874   ProtosRootNode@23d16953                            |Tier 2|Time    22(   6+16  )ms|AST    2|Inlined   0Y   0N|IR    815/   944|CodeSize    4429|Addr 0x7f277cb1f700|Timestamp 198101076635204|Src n/a
[engine] opt done   id=875   ProtosRootNode@735b5d60                            |Tier 2|Time   652(  57+595 )ms|AST   11|Inlined   0Y   0N|IR   9039/ 27852|CodeSize  153619|Addr 0x7f277cb23300|Timestamp 198101729389253|Src n/a
[engine] opt done   id=876   ProtosRootNode@73a46927                            |Tier 2|Time    27(   4+23  )ms|AST    2|Inlined   0Y   0N|IR    815/   944|CodeSize    4429|Addr 0x7f277cb5de80|Timestamp 198101760299918|Src n/a
[engine] opt done   id=877   ProtosRootNode@6ace4393                            |Tier 2|Time  1538( 109+1429)ms|AST   20|Inlined   0Y   0N|IR  17083/ 52763|CodeSize  294464|Addr 0x7f277cb635e0|Timestamp 198103298892892|Src n/a
[engine] opt done   id=880   ProtosRootNode@55cf9823                            |Tier 1|Time    31(  10+21  )ms|AST    2|Inlined   0Y   0N|IR    888/  2671|CodeSize   13140|Addr 0x7f277cbd2c40|Timestamp 198103385456811|Src n/a
[engine] opt failed id=881   ProtosRootNode@392d6ba9                            |Tier 1|Time   43(-198103386+198103429)ms|Reason: jdk.graal.compiler.truffle.GraphTooBigBailoutException: Graph too big to safely compile. Node count: 48153. Graph Size: 150001. Limit: 150000.|Timestamp 198103429031266|Src n/a
[engine] opt failed id=881   ProtosRootNode@392d6ba9                            |Tier 1|Time   43(-198103439+198103481)ms|Reason: jdk.graal.compiler.truffle.GraphTooBigBailoutException: Graph too big to safely compile. Node count: 48153. Graph Size: 150001. Limit: 150000.|Timestamp 198103481157237|Src n/a
[engine] opt done   id=868   ProtosRootNode@cf4824c                             |Tier 1|Time    24(   9+15  )ms|AST    2|Inlined   0Y   0N|IR    888/  1275|CodeSize    5532|Addr 0x7f277cbd9ae0|Timestamp 198103505615927|Src n/a
[engine] opt done   id=869   ProtosRootNode@6ffdf5ab                            |Tier 1|Time   170(  21+149 )ms|AST    7|Inlined   0Y   0N|IR   3841/ 14660|CodeSize   75731|Addr 0x7f277cbdd040|Timestamp 198103676098692|Src n/a
[engine] opt done   id=969   ProtosRootNode@60984223                            |Tier 1|Time    33(   9+24  )ms|AST    2|Inlined   0Y   0N|IR    591/  1658|CodeSize    7561|Addr 0x7f277cbfbfa0|Timestamp 198103896148237|Src n/a
[engine] opt done   id=970   ProtosRootNode@5a9ccdb5                            |Tier 1|Time  1580( 121+1460)ms|AST   21|Inlined   0Y   0N|IR  16855/ 67720|CodeSize  356878|Addr 0x7f277cc05ba0|Timestamp 198105476982446|Src n/a
[engine] opt done   id=965   ProtosRootNode@61821771                            |Tier 1|Time    27(   5+22  )ms|AST    2|Inlined   0Y   0N|IR    888/  1275|CodeSize    5532|Addr 0x7f277cc8f2e0|Timestamp 198105506666370|Src n/a
[engine] opt done   id=966   ProtosRootNode@28b30418                            |Tier 1|Time   596(  71+525 )ms|AST   11|Inlined   0Y   0N|IR   9112/ 33591|CodeSize  180157|Addr 0x7f277cc93ce0|Timestamp 198106103398545|Src n/a
[engine] opt done   id=967   ProtosRootNode@63e80a04                            |Tier 1|Time    15(   5+10  )ms|AST    2|Inlined   0Y   0N|IR    888/  1275|CodeSize    5532|Addr 0x7f277ccdb9e0|Timestamp 198106135360220|Src n/a
[engine] opt done   id=968   ProtosRootNode@4d5d6d12                            |Tier 1|Time  1575( 108+1467)ms|AST   20|Inlined   0Y   0N|IR  17156/ 63796|CodeSize  348108|Addr 0x7f277cce28a0|Timestamp 198107710824946|Src n/a
[engine] opt done   id=969   ProtosRootNode@60984223                            |Tier 2|Time    31(   4+27  )ms|AST    2|Inlined   0Y   0N|IR    518/  1448|CodeSize    7174|Addr 0x7f277cd6b060|Timestamp 198107789708379|Src n/a
[engine] opt done   id=970   ProtosRootNode@5a9ccdb5                            |Tier 2|Time  1756( 108+1648)ms|AST   21|Inlined   0Y   0N|IR  16782/ 57193|CodeSize  326361|Addr 0x7f277cd71d60|Timestamp 198109546770509|Src n/a
[engine] opt done   id=965   ProtosRootNode@61821771                            |Tier 2|Time    18(   5+14  )ms|AST    2|Inlined   0Y   0N|IR    815/   944|CodeSize    4429|Addr 0x7f277cdeaf80|Timestamp 198109634462829|Src n/a
[engine] opt done   id=966   ProtosRootNode@28b30418                            |Tier 2|Time   651(  51+600 )ms|AST   11|Inlined   0Y   0N|IR   9039/ 27852|CodeSize  153619|Addr 0x7f277b39a000|Timestamp 198110286390569|Src n/a
[engine] opt done   id=967   ProtosRootNode@63e80a04                            |Tier 2|Time    30(  11+19  )ms|AST    2|Inlined   0Y   0N|IR    815/   944|CodeSize    4429|Addr 0x7f277b3f9780|Timestamp 198110326906741|Src n/a
[engine] opt done   id=968   ProtosRootNode@4d5d6d12                            |Tier 2|Time  1601( 147+1454)ms|AST   20|Inlined   0Y   0N|IR  17083/ 52763|CodeSize  294464|Addr 0x7f277b4022e0|Timestamp 198111929920560|Src n/a
[engine] opt done   id=971   ProtosRootNode@5c1ceb44                            |Tier 1|Time    27(   5+22  )ms|AST    2|Inlined   0Y   0N|IR    888/  2671|CodeSize   13140|Addr 0x7f277b53d640|Timestamp 198112005589771|Src n/a
[engine] opt failed id=972   ProtosRootNode@6b4ff17d                            |Tier 1|Time   47(-198112006+198112053)ms|Reason: jdk.graal.compiler.truffle.GraphTooBigBailoutException: Graph too big to safely compile. Node count: 48153. Graph Size: 150001. Limit: 150000.|Timestamp 198112053309009|Src n/a
[engine] opt failed id=972   ProtosRootNode@6b4ff17d                            |Tier 1|Time   53(-198112066+198112119)ms|Reason: jdk.graal.compiler.truffle.GraphTooBigBailoutException: Graph too big to safely compile. Node count: 48153. Graph Size: 150001. Limit: 150000.|Timestamp 198112119231701|Src n/a
[engine] opt done   id=959   ProtosRootNode@37b84684                            |Tier 1|Time    15(   4+10  )ms|AST    2|Inlined   0Y   0N|IR    888/  1275|CodeSize    5532|Addr 0x7f277b1e81e0|Timestamp 198112138639517|Src n/a
[engine] opt done   id=960   ProtosRootNode@62f465eb                            |Tier 1|Time   184(  24+161 )ms|AST    7|Inlined   0Y   0N|IR   3841/ 14660|CodeSize   75731|Addr 0x7f277b547ec0|Timestamp 198112323358304|Src n/a
[engine] opt done   id=101   ProtosRootNode@f12d49f                             |Tier 2|Time    20(   3+16  )ms|AST    2|Inlined   0Y   0N|IR    518/  1448|CodeSize    7174|Addr 0x7f277b2ff5e0|Timestamp 198112510971074|Src n/a
[engine] opt done   id=102   ProtosRootNode@669ac201                            |Tier 2|Time   435(  34+401 )ms|AST    9|Inlined   0Y   0N|IR   6284/ 22073|CodeSize  124733|Addr 0x7f277bd2d260|Timestamp 198112952100506|Src n/a
[engine] opt done   id=99    ProtosRootNode@f87d2a9                             |Tier 2|Time    18(   4+13  )ms|AST    2|Inlined   0Y   0N|IR    815/   944|CodeSize    4429|Addr 0x7f277b774b80|Timestamp 198112984280402|Src n/a
[engine] opt done   id=100   ProtosRootNode@4884b65                             |Tier 2|Time   956(  67+889 )ms|AST   13|Inlined   0Y   0N|IR  10433/ 33460|CodeSize  186564|Addr 0x7f277b1efc00|Timestamp 198113941080045|Src n/a
[engine] opt done   id=105   ProtosRootNode@5cc417a7                            |Tier 2|Time    18(   5+13  )ms|AST    2|Inlined   0Y   0N|IR    815/   944|CodeSize    4429|Addr 0x7f277bd5db80|Timestamp 198113983754329|Src n/a
[engine] opt done   id=106   ProtosRootNode@45ec32ba                            |Tier 2|Time   391(  32+359 )ms|AST    9|Inlined   0Y   0N|IR   5614/ 17344|CodeSize   92222|Addr 0x7f277b7931c0|Timestamp 198114374687022|Src n/a
[engine] opt done   id=1060  ProtosRootNode@70fa8b8b                            |Tier 1|Time    34(  10+24  )ms|AST    2|Inlined   0Y   0N|IR    591/  1658|CodeSize    7561|Addr 0x7f277b149920|Timestamp 198114433508629|Src n/a
[engine] opt done   id=1061  ProtosRootNode@464fa63b                            |Tier 1|Time  1693( 170+1524)ms|AST   21|Inlined   0Y   0N|IR  16855/ 67720|CodeSize  356878|Addr 0x7f277b15c0a0|Timestamp 198116129139473|Src n/a
[engine] opt done   id=1056  ProtosRootNode@57f179fb                            |Tier 1|Time    29(   5+24  )ms|AST    2|Inlined   0Y   0N|IR    888/  1275|CodeSize    5532|Addr 0x7f277b1eb3e0|Timestamp 198116160962248|Src n/a
[engine] opt done   id=1057  ProtosRootNode@2b60e705                            |Tier 1|Time   614(  59+556 )ms|AST   11|Inlined   0Y   0N|IR   9112/ 33591|CodeSize  180157|Addr 0x7f277b60fce0|Timestamp 198116775696639|Src n/a
[engine] opt done   id=1058  ProtosRootNode@6892caf3                            |Tier 1|Time    16(   5+12  )ms|AST    2|Inlined   0Y   0N|IR    888/  1275|CodeSize    5532|Addr 0x7f277b25e2e0|Timestamp 198116810662517|Src n/a
[engine] opt done   id=1059  ProtosRootNode@f2455f2                             |Tier 1|Time  1598( 109+1489)ms|AST   20|Inlined   0Y   0N|IR  17156/ 63796|CodeSize  348108|Addr 0x7f277b265ba0|Timestamp 198118409334595|Src n/a
[engine] opt done   id=1060  ProtosRootNode@70fa8b8b                            |Tier 2|Time    24(   4+19  )ms|AST    2|Inlined   0Y   0N|IR    518/  1448|CodeSize    7174|Addr 0x7f277b6ec360|Timestamp 198118518767833|Src n/a
[engine] opt done   id=1061  ProtosRootNode@464fa63b                            |Tier 2|Time  1662( 112+1549)ms|AST   21|Inlined   0Y   0N|IR  16782/ 57193|CodeSize  326361|Addr 0x7f277b309560|Timestamp 198120180716081|Src n/a
[engine] opt done   id=1056  ProtosRootNode@57f179fb                            |Tier 2|Time    21(   5+15  )ms|AST    2|Inlined   0Y   0N|IR    815/   944|CodeSize    4429|Addr 0x7f277b544c80|Timestamp 198120268249082|Src n/a
[engine] opt done   id=1057  ProtosRootNode@2b60e705                            |Tier 2|Time   724(  56+668 )ms|AST   11|Inlined   0Y   0N|IR   9039/ 27852|CodeSize  153619|Addr 0x7f277b8fea00|Timestamp 198120992493931|Src n/a
[engine] opt done   id=1058  ProtosRootNode@6892caf3                            |Tier 2|Time    37(   6+30  )ms|AST    2|Inlined   0Y   0N|IR    815/   944|CodeSize    4429|Addr 0x7f277b60ad80|Timestamp 198121032679613|Src n/a
[engine] opt done   id=1059  ProtosRootNode@f2455f2                             |Tier 2|Time  1721( 124+1596)ms|AST   20|Inlined   0Y   0N|IR  17083/ 52763|CodeSize  294464|Addr 0x7f277b7bb9e0|Timestamp 198122753854330|Src n/a
[engine] opt done   id=1062  ProtosRootNode@755ce5e                             |Tier 1|Time    24(   5+19  )ms|AST    2|Inlined   0Y   0N|IR    888/  2671|CodeSize   13140|Addr 0x7f277b82b240|Timestamp 198122818450102|Src n/a
[engine] opt failed id=1063  ProtosRootNode@1c916319                            |Tier 1|Time   44(-198122819+198122863)ms|Reason: jdk.graal.compiler.truffle.GraphTooBigBailoutException: Graph too big to safely compile. Node count: 48153. Graph Size: 150001. Limit: 150000.|Timestamp 198122863242118|Src n/a
[engine] opt failed id=1063  ProtosRootNode@1c916319                            |Tier 1|Time   46(-198122873+198122919)ms|Reason: jdk.graal.compiler.truffle.GraphTooBigBailoutException: Graph too big to safely compile. Node count: 48153. Graph Size: 150001. Limit: 150000.|Timestamp 198122918874272|Src n/a
[engine] opt done   id=1050  ProtosRootNode@40bd909f                            |Tier 1|Time    17(   5+12  )ms|AST    2|Inlined   0Y   0N|IR    888/  1275|CodeSize    5532|Addr 0x7f277b831460|Timestamp 198122936377736|Src n/a
[engine] opt done   id=1051  ProtosRootNode@5c23932a                            |Tier 1|Time   201(  24+177 )ms|AST    7|Inlined   0Y   0N|IR   3841/ 14660|CodeSize   75731|Addr 0x7f277b8352c0|Timestamp 198123137594897|Src n/a
[engine] opt done   id=1151  ProtosRootNode@5d7ad4c9                            |Tier 1|Time    17(   4+13  )ms|AST    2|Inlined   0Y   0N|IR    591/  1658|CodeSize    7561|Addr 0x7f277bdfe820|Timestamp 198123361382167|Src n/a
[engine] opt done   id=1152  ProtosRootNode@72369932                            |Tier 1|Time  1806( 134+1672)ms|AST   21|Inlined   0Y   0N|IR  16855/ 67720|CodeSize  356878|Addr 0x7f277c39e920|Timestamp 198125168110233|Src n/a
[engine] opt done   id=1147  ProtosRootNode@2fee759a                            |Tier 1|Time    16(   4+11  )ms|AST    2|Inlined   0Y   0N|IR    888/  1275|CodeSize    5532|Addr 0x7f277b8e9f60|Timestamp 198125224183788|Src n/a
[engine] opt done   id=1148  ProtosRootNode@110b94a0                            |Tier 1|Time   596(  67+529 )ms|AST   11|Inlined   0Y   0N|IR   9112/ 33591|CodeSize  180157|Addr 0x7f277bbc7de0|Timestamp 198125820223486|Src n/a
[engine] opt done   id=1149  ProtosRootNode@178a0ce2                            |Tier 1|Time    14(   4+10  )ms|AST    2|Inlined   0Y   0N|IR    888/  1275|CodeSize    5532|Addr 0x7f277bbc33e0|Timestamp 198125853793673|Src n/a
[engine] opt done   id=1150  ProtosRootNode@551f0576                            |Tier 1|Time  1694( 121+1574)ms|AST   20|Inlined   0Y   0N|IR  17156/ 63796|CodeSize  348108|Addr 0x7f277b93eca0|Timestamp 198127549892082|Src n/a
[engine] opt done   id=1151  ProtosRootNode@5d7ad4c9                            |Tier 2|Time    38(   4+34  )ms|AST    2|Inlined   0Y   0N|IR    518/  1448|CodeSize    7174|Addr 0x7f277b9c9a60|Timestamp 198127666083655|Src n/a
[engine] opt done   id=1152  ProtosRootNode@72369932                            |Tier 2|Time  1904( 213+1691)ms|AST   21|Inlined   0Y   0N|IR  16782/ 57193|CodeSize  326361|Addr 0x7f277b6f69e0|Timestamp 198129569983721|Src n/a
[engine] opt done   id=1147  ProtosRootNode@2fee759a                            |Tier 2|Time    20(   5+15  )ms|AST    2|Inlined   0Y   0N|IR    815/   944|CodeSize    4429|Addr 0x7f277bddaa00|Timestamp 198129665809498|Src n/a
[engine] opt done   id=1148  ProtosRootNode@110b94a0                            |Tier 2|Time   723(  69+654 )ms|AST   11|Inlined   0Y   0N|IR   9039/ 27852|CodeSize  153619|Addr 0x7f277bd98d80|Timestamp 198130389382168|Src n/a
[engine] opt done   id=1149  ProtosRootNode@178a0ce2                            |Tier 2|Time    24(   8+16  )ms|AST    2|Inlined   0Y   0N|IR    815/   944|CodeSize    4429|Addr 0x7f277c373e80|Timestamp 198130417160291|Src n/a
[engine] opt done   id=1150  ProtosRootNode@551f0576                            |Tier 2|Time  1607( 123+1483)ms|AST   20|Inlined   0Y   0N|IR  17083/ 52763|CodeSize  294464|Addr 0x7f277cb635e0|Timestamp 198132039859393|Src n/a
[engine] opt done   id=1153  ProtosRootNode@23b97cf7                            |Tier 1|Time    27(   7+21  )ms|AST    2|Inlined   0Y   0N|IR    888/  2671|CodeSize   13140|Addr 0x7f277bdd3e40|Timestamp 198132123387200|Src n/a
[engine] opt failed id=1154  ProtosRootNode@1c3f684e                            |Tier 1|Time   76(-198132124+198132200)ms|Reason: jdk.graal.compiler.truffle.GraphTooBigBailoutException: Graph too big to safely compile. Node count: 48153. Graph Size: 150001. Limit: 150000.|Timestamp 198132199585141|Src n/a
[engine] opt failed id=1154  ProtosRootNode@1c3f684e                            |Tier 1|Time   53(-198132200+198132253)ms|Reason: jdk.graal.compiler.truffle.GraphTooBigBailoutException: Graph too big to safely compile. Node count: 48153. Graph Size: 150001. Limit: 150000.|Timestamp 198132252762733|Src n/a
[engine] opt done   id=1141  ProtosRootNode@45ce8c52                            |Tier 1|Time    26(   5+21  )ms|AST    2|Inlined   0Y   0N|IR    888/  1275|CodeSize    5532|Addr 0x7f277c63f1e0|Timestamp 198132279674665|Src n/a
[engine] opt done   id=1142  ProtosRootNode@3236bd33                            |Tier 1|Time   219(  26+193 )ms|AST    7|Inlined   0Y   0N|IR   3841/ 14660|CodeSize   75731|Addr 0x7f277bdddcc0|Timestamp 198132499988182|Src n/a
[engine] opt done   id=1242  ProtosRootNode@ebc93ed                             |Tier 1|Time    24(   7+17  )ms|AST    2|Inlined   0Y   0N|IR    591/  1658|CodeSize    7561|Addr 0x7f277c0cb920|Timestamp 198132708898759|Src n/a
[engine] opt done   id=1243  ProtosRootNode@d774a8d                             |Tier 1|Time  1567( 119+1448)ms|AST   21|Inlined   0Y   0N|IR  16855/ 67720|CodeSize  356878|Addr 0x7f277b65df20|Timestamp 198134275757837|Src n/a
[engine] opt done   id=1238  ProtosRootNode@270c9adc                            |Tier 1|Time    15(   4+10  )ms|AST    2|Inlined   0Y   0N|IR    888/  1275|CodeSize    5532|Addr 0x7f277c505760|Timestamp 198134324173286|Src n/a
[engine] opt done   id=1239  ProtosRootNode@255278b1                            |Tier 1|Time   542(  57+485 )ms|AST   11|Inlined   0Y   0N|IR   9112/ 33591|CodeSize  180157|Addr 0x7f277bfa6160|Timestamp 198134868153133|Src n/a
[engine] opt done   id=1240  ProtosRootNode@7a2089c                             |Tier 1|Time    14(   4+10  )ms|AST    2|Inlined   0Y   0N|IR    888/  1275|CodeSize    5532|Addr 0x7f277c3979e0|Timestamp 198134900762919|Src n/a
[engine] opt done   id=1241  ProtosRootNode@68319e41                            |Tier 1|Time  1423( 115+1308)ms|AST   20|Inlined   0Y   0N|IR  17156/ 63796|CodeSize  348108|Addr 0x7f277bc144a0|Timestamp 198136325687754|Src n/a
[engine] opt done   id=1242  ProtosRootNode@ebc93ed                             |Tier 2|Time    29(   4+26  )ms|AST    2|Inlined   0Y   0N|IR    518/  1448|CodeSize    7174|Addr 0x7f277c0a4260|Timestamp 198136399510303|Src n/a
[engine] opt done   id=1243  ProtosRootNode@d774a8d                             |Tier 2|Time  1595( 109+1486)ms|AST   21|Inlined   0Y   0N|IR  16782/ 57193|CodeSize  326361|Addr 0x7f277b9d3060|Timestamp 198137994841935|Src n/a
[engine] opt done   id=1238  ProtosRootNode@270c9adc                            |Tier 2|Time    17(   4+13  )ms|AST    2|Inlined   0Y   0N|IR    815/   944|CodeSize    4429|Addr 0x7f277b9cd680|Timestamp 198138083347636|Src n/a
[engine] opt done   id=1239  ProtosRootNode@255278b1                            |Tier 2|Time   601(  56+546 )ms|AST   11|Inlined   0Y   0N|IR   9039/ 27852|CodeSize  153619|Addr 0x7f277c54c400|Timestamp 198138685066090|Src n/a
[engine] opt done   id=1240  ProtosRootNode@7a2089c                             |Tier 2|Time    22(   4+18  )ms|AST    2|Inlined   0Y   0N|IR    815/   944|CodeSize    4429|Addr 0x7f277c0a2000|Timestamp 198138710591951|Src n/a
[engine] opt done   id=1241  ProtosRootNode@68319e41                            |Tier 2|Time  1442( 103+1340)ms|AST   20|Inlined   0Y   0N|IR  17083/ 52763|CodeSize  294464|Addr 0x7f277bcafee0|Timestamp 198140153793741|Src n/a
[engine] opt done   id=1244  ProtosRootNode@63261429                            |Tier 1|Time    29(   5+25  )ms|AST    2|Inlined   0Y   0N|IR    888/  2671|CodeSize   13140|Addr 0x7f277c36d740|Timestamp 198140203672981|Src n/a
[engine] opt failed id=1245  ProtosRootNode@6a26a186                            |Tier 1|Time   43(-198140204+198140247)ms|Reason: jdk.graal.compiler.truffle.GraphTooBigBailoutException: Graph too big to safely compile. Node count: 48153. Graph Size: 150001. Limit: 150000.|Timestamp 198140246885736|Src n/a
[engine] opt failed id=1245  ProtosRootNode@6a26a186                            |Tier 1|Time   47(-198140247+198140294)ms|Reason: jdk.graal.compiler.truffle.GraphTooBigBailoutException: Graph too big to safely compile. Node count: 48153. Graph Size: 150001. Limit: 150000.|Timestamp 198140293754534|Src n/a
[engine] opt done   id=1232  ProtosRootNode@e85b36d                             |Tier 1|Time    20(   6+14  )ms|AST    2|Inlined   0Y   0N|IR    888/  1275|CodeSize    5532|Addr 0x7f277c63b9e0|Timestamp 198140323692088|Src n/a
[engine] opt done   id=1233  ProtosRootNode@18d8d150                            |Tier 1|Time   179(  26+153 )ms|AST    7|Inlined   0Y   0N|IR   3841/ 14660|CodeSize   75731|Addr 0x7f277c378340|Timestamp 198140503145602|Src n/a
[engine] opt done   id=1333  ProtosRootNode@2eba6141                            |Tier 1|Time    31(   8+22  )ms|AST    2|Inlined   0Y   0N|IR    591/  1658|CodeSize    7561|Addr 0x7f277cbd51a0|Timestamp 198140720941737|Src n/a
[engine] opt done   id=1334  ProtosRootNode@30ad3401                            |Tier 1|Time  1544( 106+1438)ms|AST   21|Inlined   0Y   0N|IR  16855/ 67720|CodeSize  356878|Addr 0x7f277b57f9a0|Timestamp 198142265550170|Src n/a
[engine] opt done   id=1329  ProtosRootNode@b47979c                             |Tier 1|Time    16(   4+12  )ms|AST    2|Inlined   0Y   0N|IR    888/  1275|CodeSize    5532|Addr 0x7f277c6391e0|Timestamp 198142311413757|Src n/a
[engine] opt done   id=1330  ProtosRootNode@569373d                             |Tier 1|Time   580(  58+522 )ms|AST   11|Inlined   0Y   0N|IR   9112/ 33591|CodeSize  180157|Addr 0x7f277c1f2260|Timestamp 198142891666884|Src n/a
[engine] opt done   id=1331  ProtosRootNode@51dad6d                             |Tier 1|Time    15(   4+10  )ms|AST    2|Inlined   0Y   0N|IR    888/  1275|CodeSize    5532|Addr 0x7f277b578d60|Timestamp 198142923763380|Src n/a
[engine] opt done   id=1332  ProtosRootNode@32b1a84e                            |Tier 1|Time  2008( 117+1891)ms|AST   20|Inlined   0Y   0N|IR  17156/ 63796|CodeSize  348108|Addr 0x7f277b8614a0|Timestamp 198144934288039|Src n/a
[engine] opt done   id=1333  ProtosRootNode@2eba6141                            |Tier 2|Time    54(   5+49  )ms|AST    2|Inlined   0Y   0N|IR    518/  1448|CodeSize    7174|Addr 0x7f277b8598e0|Timestamp 198145037668012|Src n/a
[engine] opt done   id=1334  ProtosRootNode@30ad3401                            |Tier 2|Time  3326( 207+3119)ms|AST   21|Inlined   0Y   0N|IR  16782/ 57193|CodeSize  326361|Addr 0x7f277bb46d60|Timestamp 198148364352732|Src n/a
[engine] opt done   id=1329  ProtosRootNode@b47979c                             |Tier 2|Time    25(   7+18  )ms|AST    2|Inlined   0Y   0N|IR    815/   944|CodeSize    4429|Addr 0x7f277cbd2f80|Timestamp 198148486150530|Src n/a
[engine] opt done   id=1330  ProtosRootNode@569373d                             |Tier 2|Time  1035(  84+950 )ms|AST   11|Inlined   0Y   0N|IR   9039/ 27852|CodeSize  153619|Addr 0x7f277c50fe00|Timestamp 198149521307305|Src n/a
[engine] opt done   id=1331  ProtosRootNode@51dad6d                             |Tier 2|Time    21(   6+16  )ms|AST    2|Inlined   0Y   0N|IR    815/   944|CodeSize    4429|Addr 0x7f277c50c200|Timestamp 198149546368645|Src n/a
[engine] opt done   id=1332  ProtosRootNode@32b1a84e                            |Tier 2|Time  2112( 161+1951)ms|AST   20|Inlined   0Y   0N|IR  17083/ 52763|CodeSize  294464|Addr 0x7f277c953be0|Timestamp 198151670525718|Src n/a
[engine] opt done   id=1335  ProtosRootNode@16fdf31c                            |Tier 1|Time    45(  10+35  )ms|AST    2|Inlined   0Y   0N|IR    888/  2671|CodeSize   13140|Addr 0x7f277bd261c0|Timestamp 198151778718446|Src n/a
[engine] opt failed id=1336  ProtosRootNode@23b8141a                            |Tier 1|Time   85(-198151779+198151864)ms|Reason: jdk.graal.compiler.truffle.GraphTooBigBailoutException: Graph too big to safely compile. Node count: 48153. Graph Size: 150001. Limit: 150000.|Timestamp 198151864433655|Src n/a
[engine] opt failed id=1336  ProtosRootNode@23b8141a                            |Tier 1|Time   77(-198151876+198151953)ms|Reason: jdk.graal.compiler.truffle.GraphTooBigBailoutException: Graph too big to safely compile. Node count: 48153. Graph Size: 150001. Limit: 150000.|Timestamp 198151952781966|Src n/a
[engine] opt done   id=1323  ProtosRootNode@7c68a1c5                            |Tier 1|Time    29(   8+20  )ms|AST    2|Inlined   0Y   0N|IR    888/  1275|CodeSize    5532|Addr 0x7f277c509a60|Timestamp 198151988205275|Src n/a
[engine] opt done   id=1324  ProtosRootNode@30167c7e                            |Tier 1|Time   262(  27+235 )ms|AST    7|Inlined   0Y   0N|IR   3841/ 14660|CodeSize   75731|Addr 0x7f277c644840|Timestamp 198152251242847|Src n/a
[engine] opt done   id=1424  ProtosRootNode@781021a                             |Tier 1|Time    46(  14+32  )ms|AST    2|Inlined   0Y   0N|IR    591/  1658|CodeSize    7561|Addr 0x7f277bd22920|Timestamp 198152565856691|Src n/a
[engine] opt done   id=1425  ProtosRootNode@7837ffcd                            |Tier 1|Time  2775( 252+2523)ms|AST   21|Inlined   0Y   0N|IR  16855/ 67720|CodeSize  356878|Addr 0x7f277c0181a0|Timestamp 198155346399055|Src n/a
[engine] opt done   id=1420  ProtosRootNode@9508a33                             |Tier 1|Time    27(  12+15  )ms|AST    2|Inlined   0Y   0N|IR    888/  1275|CodeSize    5532|Addr 0x7f277bd200e0|Timestamp 198155423996498|Src n/a
[engine] opt done   id=1421  ProtosRootNode@2c15376c                            |Tier 1|Time   843(  70+774 )ms|AST   11|Inlined   0Y   0N|IR   9112/ 33591|CodeSize  180157|Addr 0x7f277c5f0160|Timestamp 198156267850140|Src n/a
[engine] opt done   id=1422  ProtosRootNode@3b8c9c76                            |Tier 1|Time    31(  11+21  )ms|AST    2|Inlined   0Y   0N|IR    888/  1275|CodeSize    5532|Addr 0x7f277bcaa460|Timestamp 198156326340077|Src n/a
[engine] opt done   id=1423  ProtosRootNode@2fab7b5e                            |Tier 1|Time  2395( 196+2199)ms|AST   20|Inlined   0Y   0N|IR  17156/ 63796|CodeSize  348108|Addr 0x7f277c883820|Timestamp 198158724051724|Src n/a
[engine] opt done   id=1424  ProtosRootNode@781021a                             |Tier 2|Time    39(   4+35  )ms|AST    2|Inlined   0Y   0N|IR    518/  1448|CodeSize    7174|Addr 0x7f277bca6f60|Timestamp 198158813649107|Src n/a
[engine] opt done   id=1425  ProtosRootNode@7837ffcd                            |Tier 2|Time  2206( 157+2050)ms|AST   21|Inlined   0Y   0N|IR  16782/ 57193|CodeSize  326361|Addr 0x7f277cae6de0|Timestamp 198161020568761|Src n/a
[engine] opt done   id=1420  ProtosRootNode@9508a33                             |Tier 2|Time    18(   4+14  )ms|AST    2|Inlined   0Y   0N|IR    815/   944|CodeSize    4429|Addr 0x7f277bca4d00|Timestamp 198161109148673|Src n/a
[engine] opt done   id=1421  ProtosRootNode@2c15376c                            |Tier 2|Time   690(  51+638 )ms|AST   11|Inlined   0Y   0N|IR   9039/ 27852|CodeSize  153619|Addr 0x7f277c1b5480|Timestamp 198161799098901|Src n/a
[engine] opt done   id=1422  ProtosRootNode@3b8c9c76                            |Tier 2|Time    19(   6+14  )ms|AST    2|Inlined   0Y   0N|IR    815/   944|CodeSize    4429|Addr 0x7f277c1b1880|Timestamp 198161822634440|Src n/a
[engine] opt done   id=1423  ProtosRootNode@2fab7b5e                            |Tier 2|Time  1584( 122+1462)ms|AST   20|Inlined   0Y   0N|IR  17083/ 52763|CodeSize  294464|Addr 0x7f277babb760|Timestamp 198163420179842|Src n/a
[engine] opt done   id=1426  ProtosRootNode@9979cb9                             |Tier 1|Time    24(   6+18  )ms|AST    2|Inlined   0Y   0N|IR    888/  2671|CodeSize   13140|Addr 0x7f277bc9f140|Timestamp 198163480208471|Src n/a
[engine] opt failed id=1427  ProtosRootNode@16b0f452                            |Tier 1|Time   53(-198163482+198163536)ms|Reason: jdk.graal.compiler.truffle.GraphTooBigBailoutException: Graph too big to safely compile. Node count: 48153. Graph Size: 150001. Limit: 150000.|Timestamp 198163535899996|Src n/a
[engine] opt failed id=1427  ProtosRootNode@16b0f452                            |Tier 1|Time   44(-198163545+198163589)ms|Reason: jdk.graal.compiler.truffle.GraphTooBigBailoutException: Graph too big to safely compile. Node count: 48153. Graph Size: 150001. Limit: 150000.|Timestamp 198163589014899|Src n/a
[engine] opt done   id=1414  ProtosRootNode@2d2f2185                            |Tier 1|Time    15(   4+10  )ms|AST    2|Inlined   0Y   0N|IR    888/  1275|CodeSize    5532|Addr 0x7f277c1af0e0|Timestamp 198163605462682|Src n/a
[engine] opt done   id=1415  ProtosRootNode@1949cf6b                            |Tier 1|Time   191(  22+169 )ms|AST    7|Inlined   0Y   0N|IR   3841/ 14660|CodeSize   75731|Addr 0x7f277c932b40|Timestamp 198163797339368|Src n/a
[engine] opt done   id=1515  ProtosRootNode@5557529f                            |Tier 1|Time    30(   7+23  )ms|AST    2|Inlined   0Y   0N|IR    591/  1658|CodeSize    7561|Addr 0x7f277b8f9920|Timestamp 198164087193742|Src n/a
[engine] opt done   id=1516  ProtosRootNode@3a511c32                            |Tier 1|Time  2098( 254+1844)ms|AST   21|Inlined   0Y   0N|IR  16855/ 67720|CodeSize  356878|Addr 0x7f277ca16020|Timestamp 198166186394632|Src n/a
[engine] opt done   id=1511  ProtosRootNode@4da06a8d                            |Tier 1|Time    15(   5+11  )ms|AST    2|Inlined   0Y   0N|IR    888/  1275|CodeSize    5532|Addr 0x7f277b8f70e0|Timestamp 198166243069588|Src n/a
[engine] opt done   id=1512  ProtosRootNode@4a985503                            |Tier 1|Time   595(  52+543 )ms|AST   11|Inlined   0Y   0N|IR   9112/ 33591|CodeSize  180157|Addr 0x7f277c9c9ee0|Timestamp 198166837988120|Src n/a
[engine] opt done   id=1513  ProtosRootNode@36a622bd                            |Tier 1|Time    17(   5+12  )ms|AST    2|Inlined   0Y   0N|IR    888/  1275|CodeSize    5532|Addr 0x7f277b8f48e0|Timestamp 198166876259211|Src n/a
[engine] opt done   id=1514  ProtosRootNode@255fe557                            |Tier 1|Time  1715( 177+1539)ms|AST   20|Inlined   0Y   0N|IR  17156/ 63796|CodeSize  348108|Addr 0x7f277c47b5a0|Timestamp 198168591932610|Src n/a
[engine] opt done   id=1515  ProtosRootNode@5557529f                            |Tier 2|Time    32(   4+28  )ms|AST    2|Inlined   0Y   0N|IR    518/  1448|CodeSize    7174|Addr 0x7f277b8f13e0|Timestamp 198168669055503|Src n/a
[engine] opt done   id=1516  ProtosRootNode@3a511c32                            |Tier 2|Time  1840( 203+1637)ms|AST   21|Inlined   0Y   0N|IR  16782/ 57193|CodeSize  326361|Addr 0x7f277c132760|Timestamp 198170511350106|Src n/a
[engine] opt done   id=1511  ProtosRootNode@4da06a8d                            |Tier 2|Time    21(   6+16  )ms|AST    2|Inlined   0Y   0N|IR    815/   944|CodeSize    4429|Addr 0x7f277c92fc00|Timestamp 198170601954250|Src n/a
[engine] opt done   id=1512  ProtosRootNode@4a985503                            |Tier 2|Time   679(  66+613 )ms|AST   11|Inlined   0Y   0N|IR   9039/ 27852|CodeSize  153619|Addr 0x7f277caa8a00|Timestamp 198171281304651|Src n/a
[engine] opt done   id=1513  ProtosRootNode@36a622bd                            |Tier 2|Time    35(   7+28  )ms|AST    2|Inlined   0Y   0N|IR    815/   944|CodeSize    4429|Addr 0x7f277b8ef180|Timestamp 198171325262946|Src n/a
[engine] opt done   id=1514  ProtosRootNode@255fe557                            |Tier 2|Time  1645( 109+1536)ms|AST   20|Inlined   0Y   0N|IR  17083/ 52763|CodeSize  294464|Addr 0x7f277c6d48e0|Timestamp 198172970852301|Src n/a
[engine] opt done   id=1517  ProtosRootNode@684a2177                            |Tier 1|Time    31(   5+26  )ms|AST    2|Inlined   0Y   0N|IR    888/  2671|CodeSize   13140|Addr 0x7f277caa13c0|Timestamp 198173053200568|Src n/a
[engine] opt failed id=1518  ProtosRootNode@5acb3278                            |Tier 1|Time   61(-198173053+198173114)ms|Reason: jdk.graal.compiler.truffle.GraphTooBigBailoutException: Graph too big to safely compile. Node count: 48153. Graph Size: 150001. Limit: 150000.|Timestamp 198173114203837|Src n/a
[engine] opt failed id=1518  ProtosRootNode@5acb3278                            |Tier 1|Time   58(-198173126+198173184)ms|Reason: jdk.graal.compiler.truffle.GraphTooBigBailoutException: Graph too big to safely compile. Node count: 48153. Graph Size: 150001. Limit: 150000.|Timestamp 198173184123964|Src n/a
[engine] opt done   id=1505  ProtosRootNode@288a271b                            |Tier 1|Time    17(   5+12  )ms|AST    2|Inlined   0Y   0N|IR    888/  1275|CodeSize    5532|Addr 0x7f277bb40d60|Timestamp 198173201369468|Src n/a
[engine] opt done   id=1506  ProtosRootNode@56a79fb1                            |Tier 1|Time   188(  23+165 )ms|AST    7|Inlined   0Y   0N|IR   3841/ 14660|CodeSize   75731|Addr 0x7f277c0abfc0|Timestamp 198173391051772|Src n/a
[engine] opt done   id=1606  ProtosRootNode@3e2eda68                            |Tier 1|Time    34(   7+27  )ms|AST    2|Inlined   0Y   0N|IR    591/  1658|CodeSize    7561|Addr 0x7f277bb3d6a0|Timestamp 198173623634190|Src n/a
[engine] opt done   id=1607  ProtosRootNode@546fc62e                            |Tier 1|Time  1744( 145+1599)ms|AST   21|Inlined   0Y   0N|IR  16855/ 67720|CodeSize  356878|Addr 0x7f277c7c77a0|Timestamp 198175369443627|Src n/a
[engine] opt done   id=1602  ProtosRootNode@756c70d9                            |Tier 1|Time    39(   5+34  )ms|AST    2|Inlined   0Y   0N|IR    888/  1275|CodeSize    5532|Addr 0x7f277c0a8a60|Timestamp 198175411195681|Src n/a
[engine] opt done   id=1603  ProtosRootNode@29d3ff03                            |Tier 1|Time   626(  60+567 )ms|AST   11|Inlined   0Y   0N|IR   9112/ 33591|CodeSize  180157|Addr 0x7f277c42f1e0|Timestamp 198176037614250|Src n/a
[engine] opt done   id=1604  ProtosRootNode@5db34eb7                            |Tier 1|Time    21(   4+17  )ms|AST    2|Inlined   0Y   0N|IR    888/  1275|CodeSize    5532|Addr 0x7f277c42a7e0|Timestamp 198176059704278|Src n/a
[engine] opt done   id=1605  ProtosRootNode@6e5b5a75                            |Tier 1|Time  1699( 118+1580)ms|AST   20|Inlined   0Y   0N|IR  17156/ 63796|CodeSize  348108|Addr 0x7f277c2e48a0|Timestamp 198177762181660|Src n/a
[engine] opt done   id=1606  ProtosRootNode@3e2eda68                            |Tier 2|Time    34(   7+27  )ms|AST    2|Inlined   0Y   0N|IR    518/  1448|CodeSize    7174|Addr 0x7f277bb3a160|Timestamp 198177894916178|Src n/a
[engine] opt done   id=1607  ProtosRootNode@546fc62e                            |Tier 2|Time  1849( 160+1689)ms|AST   21|Inlined   0Y   0N|IR  16782/ 57193|CodeSize  326361|Addr 0x7f277c74a0e0|Timestamp 198179745646902|Src n/a
[engine] opt done   id=1602  ProtosRootNode@756c70d9                            |Tier 2|Time    26(   5+21  )ms|AST    2|Inlined   0Y   0N|IR    815/   944|CodeSize    4429|Addr 0x7f277b8ece80|Timestamp 198179820760923|Src n/a
[engine] opt done   id=1603  ProtosRootNode@29d3ff03                            |Tier 2|Time   730(  54+676 )ms|AST   11|Inlined   0Y   0N|IR   9039/ 27852|CodeSize  153619|Addr 0x7f277c0f4380|Timestamp 198180551137676|Src n/a
[engine] opt done   id=1604  ProtosRootNode@5db34eb7                            |Tier 2|Time    20(   5+15  )ms|AST    2|Inlined   0Y   0N|IR    815/   944|CodeSize    4429|Addr 0x7f277c428600|Timestamp 198180573963875|Src n/a
[engine] opt done   id=1605  ProtosRootNode@6e5b5a75                            |Tier 2|Time  1485( 114+1371)ms|AST   20|Inlined   0Y   0N|IR  17083/ 52763|CodeSize  294464|Addr 0x7f277c271060|Timestamp 198182074845245|Src n/a
[engine] opt done   id=1608  ProtosRootNode@43cbfbe7                            |Tier 1|Time    26(   7+19  )ms|AST    2|Inlined   0Y   0N|IR    888/  2671|CodeSize   13140|Addr 0x7f277bb344c0|Timestamp 198182146011153|Src n/a
[engine] opt failed id=1609  ProtosRootNode@2e0f26c8                            |Tier 1|Time   47(-198182147+198182194)ms|Reason: jdk.graal.compiler.truffle.GraphTooBigBailoutException: Graph too big to safely compile. Node count: 48153. Graph Size: 150001. Limit: 150000.|Timestamp 198182194392132|Src n/a
[engine] opt failed id=1609  ProtosRootNode@2e0f26c8                            |Tier 1|Time   47(-198182205+198182252)ms|Reason: jdk.graal.compiler.truffle.GraphTooBigBailoutException: Graph too big to safely compile. Node count: 48153. Graph Size: 150001. Limit: 150000.|Timestamp 198182252375589|Src n/a
[engine] opt done   id=1596  ProtosRootNode@55f93761                            |Tier 1|Time    15(   4+10  )ms|AST    2|Inlined   0Y   0N|IR    888/  1275|CodeSize    5532|Addr 0x7f277c7440e0|Timestamp 198182271120185|Src n/a
[engine] opt done   id=1597  ProtosRootNode@65c144c5                            |Tier 1|Time   184(  32+152 )ms|AST    7|Inlined   0Y   0N|IR   3841/ 14660|CodeSize   75731|Addr 0x7f277c910bc0|Timestamp 198182456892436|Src n/a
[engine] opt done   id=1697  ProtosRootNode@6aa82df0                            |Tier 1|Time    21(   7+14  )ms|AST    2|Inlined   0Y   0N|IR    591/  1658|CodeSize    7561|Addr 0x7f277bb30420|Timestamp 198182658034329|Src n/a
[engine] opt done   id=1698  ProtosRootNode@48d8bbbc                            |Tier 1|Time  1762( 133+1629)ms|AST   21|Inlined   0Y   0N|IR  16855/ 67720|CodeSize  356878|Addr 0x7f277bee7d20|Timestamp 198184420169243|Src n/a
[engine] opt done   id=1693  ProtosRootNode@76fe7750                            |Tier 1|Time    34(   5+29  )ms|AST    2|Inlined   0Y   0N|IR    888/  1275|CodeSize    5532|Addr 0x7f277c90d660|Timestamp 198184457103333|Src n/a
[engine] opt done   id=1694  ProtosRootNode@1a7b9ab4                            |Tier 1|Time   715(  58+657 )ms|AST   11|Inlined   0Y   0N|IR   9112/ 33591|CodeSize  180157|Addr 0x7f277ba707e0|Timestamp 198185172254785|Src n/a
[engine] opt done   id=1695  ProtosRootNode@51f17c73                            |Tier 1|Time    17(   4+12  )ms|AST    2|Inlined   0Y   0N|IR    888/  1275|CodeSize    5532|Addr 0x7f277b78f9e0|Timestamp 198185208920824|Src n/a
[engine] opt done   id=1696  ProtosRootNode@239d659                             |Tier 1|Time  1749( 116+1633)ms|AST   20|Inlined   0Y   0N|IR  17156/ 63796|CodeSize  348108|Addr 0x7f277be5b1a0|Timestamp 198186958248368|Src n/a
[engine] opt done   id=1697  ProtosRootNode@6aa82df0                            |Tier 2|Time    32(   4+28  )ms|AST    2|Inlined   0Y   0N|IR    518/  1448|CodeSize    7174|Addr 0x7f277b78c4e0|Timestamp 198187040469935|Src n/a
[engine] opt done   id=1698  ProtosRootNode@48d8bbbc                            |Tier 2|Time  1640( 109+1531)ms|AST   21|Inlined   0Y   0N|IR  16782/ 57193|CodeSize  326361|Addr 0x7f277cdf0c60|Timestamp 198188680996901|Src n/a
[engine] opt done   id=1693  ProtosRootNode@76fe7750                            |Tier 2|Time    18(   5+13  )ms|AST    2|Inlined   0Y   0N|IR    815/   944|CodeSize    4429|Addr 0x7f277b78a280|Timestamp 198188766278390|Src n/a
[engine] opt done   id=1694  ProtosRootNode@1a7b9ab4                            |Tier 2|Time   640(  53+587 )ms|AST   11|Inlined   0Y   0N|IR   9039/ 27852|CodeSize  153619|Addr 0x7f277be1bf00|Timestamp 198189406965872|Src n/a
[engine] opt done   id=1695  ProtosRootNode@51f17c73                            |Tier 2|Time    18(   4+14  )ms|AST    2|Inlined   0Y   0N|IR    815/   944|CodeSize    4429|Addr 0x7f277b788100|Timestamp 198189439819319|Src n/a
[engine] opt done   id=1696  ProtosRootNode@239d659                             |Tier 2|Time  1565( 120+1445)ms|AST   20|Inlined   0Y   0N|IR  17083/ 52763|CodeSize  294464|Addr 0x7f277ce6d160|Timestamp 198191005138024|Src n/a
[engine] opt done   id=1699  ProtosRootNode@f076143                             |Tier 1|Time    24(   5+19  )ms|AST    2|Inlined   0Y   0N|IR    888/  2671|CodeSize   13140|Addr 0x7f277b781d40|Timestamp 198191089475183|Src n/a
[engine] opt failed id=1700  ProtosRootNode@6f66375e                            |Tier 1|Time   66(-198191090+198191156)ms|Reason: jdk.graal.compiler.truffle.GraphTooBigBailoutException: Graph too big to safely compile. Node count: 48153. Graph Size: 150001. Limit: 150000.|Timestamp 198191156242877|Src n/a
[engine] opt failed id=1700  ProtosRootNode@6f66375e                            |Tier 1|Time   42(-198191156+198191198)ms|Reason: jdk.graal.compiler.truffle.GraphTooBigBailoutException: Graph too big to safely compile. Node count: 48153. Graph Size: 150001. Limit: 150000.|Timestamp 198191197986112|Src n/a
[engine] opt done   id=1687  ProtosRootNode@5ffac719                            |Tier 1|Time    16(   4+12  )ms|AST    2|Inlined   0Y   0N|IR    888/  1275|CodeSize    5532|Addr 0x7f277b77f360|Timestamp 198191214285635|Src n/a
[engine] opt done   id=1688  ProtosRootNode@4cf3af07                            |Tier 1|Time   162(  18+144 )ms|AST    7|Inlined   0Y   0N|IR   3841/ 14660|CodeSize   75731|Addr 0x7f277cbdd040|Timestamp 198191376755177|Src n/a
[engine] opt done   id=1788  ProtosRootNode@60a297f1                            |Tier 1|Time    22(   7+15  )ms|AST    2|Inlined   0Y   0N|IR    591/  1658|CodeSize    7561|Addr 0x7f277b77bca0|Timestamp 198191569331654|Src n/a
[engine] opt done   id=1789  ProtosRootNode@17ccd535                            |Tier 1|Time  1530( 122+1409)ms|AST   21|Inlined   0Y   0N|IR  16855/ 67720|CodeSize  356878|Addr 0x7f277cee0720|Timestamp 198193100077172|Src n/a
[engine] opt done   id=1784  ProtosRootNode@7877332d                            |Tier 1|Time    24(   4+20  )ms|AST    2|Inlined   0Y   0N|IR    888/  1275|CodeSize    5532|Addr 0x7f277b779460|Timestamp 198193126738004|Src n/a
[engine] opt done   id=1785  ProtosRootNode@207f2787                            |Tier 1|Time   558(  49+509 )ms|AST   11|Inlined   0Y   0N|IR   9112/ 33591|CodeSize  180157|Addr 0x7f277c5a6260|Timestamp 198193684798269|Src n/a
[engine] opt done   id=1786  ProtosRootNode@286a501a                            |Tier 1|Time    14(   4+10  )ms|AST    2|Inlined   0Y   0N|IR    888/  1275|CodeSize    5532|Addr 0x7f277be17ce0|Timestamp 198193714977553|Src n/a
[engine] opt done   id=1787  ProtosRootNode@573714d7                            |Tier 1|Time  1431( 107+1324)ms|AST   20|Inlined   0Y   0N|IR  17156/ 63796|CodeSize  348108|Addr 0x7f277cf6e1a0|Timestamp 198195146483141|Src n/a
[engine] opt done   id=1788  ProtosRootNode@60a297f1                            |Tier 2|Time    29(   4+25  )ms|AST    2|Inlined   0Y   0N|IR    518/  1448|CodeSize    7174|Addr 0x7f277be147e0|Timestamp 198195220112061|Src n/a
[engine] opt done   id=1789  ProtosRootNode@17ccd535                            |Tier 2|Time  1451( 103+1347)ms|AST   21|Inlined   0Y   0N|IR  16782/ 57193|CodeSize  326361|Addr 0x7f277cffa0e0|Timestamp 198196671137435|Src n/a
[engine] opt done   id=1784  ProtosRootNode@7877332d                            |Tier 2|Time    17(   4+13  )ms|AST    2|Inlined   0Y   0N|IR    815/   944|CodeSize    4429|Addr 0x7f277be12580|Timestamp 198196749617719|Src n/a
[engine] opt done   id=1785  ProtosRootNode@207f2787                            |Tier 2|Time   598(  51+547 )ms|AST   11|Inlined   0Y   0N|IR   9039/ 27852|CodeSize  153619|Addr 0x7f277c696a80|Timestamp 198197347678997|Src n/a
[engine] opt done   id=1786  ProtosRootNode@286a501a                            |Tier 2|Time    22(   4+18  )ms|AST    2|Inlined   0Y   0N|IR    815/   944|CodeSize    4429|Addr 0x7f277be10400|Timestamp 198197372830987|Src n/a
[engine] opt done   id=1787  ProtosRootNode@573714d7                            |Tier 2|Time  1443( 138+1305)ms|AST   20|Inlined   0Y   0N|IR  17083/ 52763|CodeSize  294464|Addr 0x7f277d0765e0|Timestamp 198198816303506|Src n/a
[engine] opt done   id=1790  ProtosRootNode@5a8c210c                            |Tier 1|Time    22(   5+17  )ms|AST    2|Inlined   0Y   0N|IR    888/  2671|CodeSize   13140|Addr 0x7f277be0a840|Timestamp 198198879641847|Src n/a
[engine] opt failed id=1791  ProtosRootNode@4fe4e171                            |Tier 1|Time   41(-198198880+198198921)ms|Reason: jdk.graal.compiler.truffle.GraphTooBigBailoutException: Graph too big to safely compile. Node count: 48153. Graph Size: 150001. Limit: 150000.|Timestamp 198198920878091|Src n/a
[engine] opt failed id=1791  ProtosRootNode@4fe4e171                            |Tier 1|Time   40(-198198926+198198967)ms|Reason: jdk.graal.compiler.truffle.GraphTooBigBailoutException: Graph too big to safely compile. Node count: 48153. Graph Size: 150001. Limit: 150000.|Timestamp 198198966621358|Src n/a
[engine] opt done   id=1778  ProtosRootNode@31f26146                            |Tier 1|Time    14(   4+10  )ms|AST    2|Inlined   0Y   0N|IR    888/  1275|CodeSize    5532|Addr 0x7f277be07e60|Timestamp 198198984371383|Src n/a
[engine] opt done   id=1779  ProtosRootNode@48ce7f1e                            |Tier 1|Time   167(  21+146 )ms|AST    7|Inlined   0Y   0N|IR   3841/ 14660|CodeSize   75731|Addr 0x7f277bff5f40|Timestamp 198199151512919|Src n/a
[engine] opt done   id=1879  ProtosRootNode@50d00e54                            |Tier 1|Time    27(   7+21  )ms|AST    2|Inlined   0Y   0N|IR    591/  1658|CodeSize    7561|Addr 0x7f277be046a0|Timestamp 198199351276132|Src n/a
[engine] opt done   id=1880  ProtosRootNode@c436ada                             |Tier 1|Time  1543( 169+1374)ms|AST   21|Inlined   0Y   0N|IR  16855/ 67720|CodeSize  356878|Addr 0x7f277d0e9ba0|Timestamp 198200894787113|Src n/a
[engine] opt done   id=1875  ProtosRootNode@14b6db0c                            |Tier 1|Time    35(   5+31  )ms|AST    2|Inlined   0Y   0N|IR    888/  1275|CodeSize    5532|Addr 0x7f277bff11e0|Timestamp 198200932799914|Src n/a
[engine] opt done   id=1876  ProtosRootNode@76281ca5                            |Tier 1|Time   561(  51+510 )ms|AST   11|Inlined   0Y   0N|IR   9112/ 33591|CodeSize  180157|Addr 0x7f277d175160|Timestamp 198201494470783|Src n/a
[engine] opt done   id=1877  ProtosRootNode@1d09f2d3                            |Tier 1|Time    20(   5+16  )ms|AST    2|Inlined   0Y   0N|IR    888/  1275|CodeSize    5532|Addr 0x7f277ba6bde0|Timestamp 198201515399890|Src n/a
[engine] opt done   id=1878  ProtosRootNode@6ad99ee6                            |Tier 1|Time  1432( 111+1321)ms|AST   20|Inlined   0Y   0N|IR  17156/ 63796|CodeSize  348108|Addr 0x7f277d1c1520|Timestamp 198202948156881|Src n/a
[engine] opt done   id=1879  ProtosRootNode@50d00e54                            |Tier 2|Time    38(   4+34  )ms|AST    2|Inlined   0Y   0N|IR    518/  1448|CodeSize    7174|Addr 0x7f277ba688e0|Timestamp 198203043341258|Src n/a
[engine] opt done   id=1880  ProtosRootNode@c436ada                             |Tier 2|Time  1603( 128+1475)ms|AST   21|Inlined   0Y   0N|IR  16782/ 57193|CodeSize  326361|Addr 0x7f277d24d460|Timestamp 198204647321860|Src n/a
[engine] opt done   id=1875  ProtosRootNode@14b6db0c                            |Tier 2|Time    18(   5+14  )ms|AST    2|Inlined   0Y   0N|IR    815/   944|CodeSize    4429|Addr 0x7f277ba66680|Timestamp 198204731611539|Src n/a
[engine] opt done   id=1876  ProtosRootNode@76281ca5                            |Tier 2|Time   616(  54+562 )ms|AST   11|Inlined   0Y   0N|IR   9039/ 27852|CodeSize  153619|Addr 0x7f277d2c8100|Timestamp 198205347968642|Src n/a
[engine] opt done   id=1877  ProtosRootNode@1d09f2d3                            |Tier 2|Time    17(   4+13  )ms|AST    2|Inlined   0Y   0N|IR    815/   944|CodeSize    4429|Addr 0x7f277ba64500|Timestamp 198205379598608|Src n/a
[engine] opt done   id=1878  ProtosRootNode@6ad99ee6                            |Tier 2|Time  1566( 116+1450)ms|AST   20|Inlined   0Y   0N|IR  17083/ 52763|CodeSize  294464|Addr 0x7f277d305f60|Timestamp 198206945899589|Src n/a
[engine] opt done   id=1881  ProtosRootNode@263298e1                            |Tier 1|Time    23(   5+18  )ms|AST    2|Inlined   0Y   0N|IR    888/  2671|CodeSize   13140|Addr 0x7f277ba5d740|Timestamp 198207032231090|Src n/a
[engine] opt failed id=1882  ProtosRootNode@341cc92b                            |Tier 1|Time   67(-198207033+198207099)ms|Reason: jdk.graal.compiler.truffle.GraphTooBigBailoutException: Graph too big to safely compile. Node count: 48153. Graph Size: 150001. Limit: 150000.|Timestamp 198207099284185|Src n/a
[engine] opt failed id=1882  ProtosRootNode@341cc92b                            |Tier 1|Time   47(-198207101+198207149)ms|Reason: jdk.graal.compiler.truffle.GraphTooBigBailoutException: Graph too big to safely compile. Node count: 48153. Graph Size: 150001. Limit: 150000.|Timestamp 198207150221627|Src n/a
[engine] opt done   id=1869  ProtosRootNode@732844ed                            |Tier 1|Time    28(   7+21  )ms|AST    2|Inlined   0Y   0N|IR    888/  1275|CodeSize    5532|Addr 0x7f277ba5ad60|Timestamp 198207199229697|Src n/a
[engine] opt done   id=1870  ProtosRootNode@1c4b5dd5                            |Tier 1|Time   174(  22+152 )ms|AST    7|Inlined   0Y   0N|IR   3841/ 14660|CodeSize   75731|Addr 0x7f277c0d4b40|Timestamp 198207374383270|Src n/a
