[To redirect Truffle log output to a file use one of the following options:
* '--log.file=<path>' if the option is passed using a guest language launcher.
* '-Dpolyglot.log.file=<path>' if the option is passed using the host Java launcher.
* Configure logging using the polyglot embedding API.]
[engine] opt done   id=150   ProtosRootNode@2bbe4615                            |Tier 1|Time   128(  72+55  )ms|AST    2|Inlined   0Y   0N|IR    591/  1658|CodeSize    7561|Addr 0x7fdbcb144f20|Timestamp 197729827719000|Src n/a
[engine] opt done   id=151   ProtosRootNode@47a56e6f                            |Tier 1|Time  2132( 242+1890)ms|AST   21|Inlined   0Y   0N|IR  20851/ 81773|CodeSize  436754|Addr 0x7fdbcb15b5a0|Timestamp 197731967286536|Src n/a
[engine] opt done   id=146   ProtosRootNode@5a8a4cd9                            |Tier 1|Time    28(  10+18  )ms|AST    2|Inlined   0Y   0N|IR    888/  1275|CodeSize    5532|Addr 0x7fdbcb201960|Timestamp 197732081508502|Src n/a
[engine] opt done   id=147   ProtosRootNode@24b62564                            |Tier 1|Time   686(  82+603 )ms|AST   11|Inlined   0Y   0N|IR  10711/ 39220|CodeSize  206041|Addr 0x7fdbcb20a0c0|Timestamp 197732768775651|Src n/a
[engine] opt done   id=103   ProtosRootNode@3f2bca74                            |Tier 1|Time    21(   4+17  )ms|AST    2|Inlined   0Y   0N|IR    591/  1658|CodeSize    7561|Addr 0x7fdbcb25a920|Timestamp 197732793604558|Src n/a
[engine] opt done   id=104   ProtosRootNode@69a9e3c6                            |Tier 1|Time   222(  25+197 )ms|AST    6|Inlined   0Y   0N|IR   5217/ 19409|CodeSize  101975|Addr 0x7fdbcb25ff20|Timestamp 197733016759817|Src n/a
[engine] opt done   id=148   ProtosRootNode@63a637ba                            |Tier 1|Time    28(   8+20  )ms|AST    2|Inlined   0Y   0N|IR    888/  1275|CodeSize    5532|Addr 0x7fdbcb287660|Timestamp 197733049231918|Src n/a
[engine] opt done   id=149   ProtosRootNode@ed6adb                              |Tier 1|Time  2280( 296+1984)ms|AST   20|Inlined   0Y   0N|IR  20353/ 75041|CodeSize  397465|Addr 0x7fdbcb291040|Timestamp 197735330030823|Src n/a
[engine] opt done   id=150   ProtosRootNode@2bbe4615                            |Tier 2|Time    46(   7+39  )ms|AST    2|Inlined   0Y   0N|IR    518/  1448|CodeSize    7174|Addr 0x7fdbcb339160|Timestamp 197735608064869|Src n/a
[engine] opt done   id=151   ProtosRootNode@47a56e6f                            |Tier 2|Time  2067( 135+1933)ms|AST   21|Inlined   0Y   0N|IR  20778/ 68815|CodeSize  387532|Addr 0x7fdbcb344320|Timestamp 197737677877814|Src n/a
[engine] opt done   id=146   ProtosRootNode@5a8a4cd9                            |Tier 2|Time    34(   8+27  )ms|AST    2|Inlined   0Y   0N|IR    815/   944|CodeSize    4429|Addr 0x7fdbcb3ddc00|Timestamp 197737874837857|Src n/a
[engine] opt done   id=147   ProtosRootNode@24b62564                            |Tier 2|Time   768( 112+656 )ms|AST   11|Inlined   0Y   0N|IR  10638/ 32814|CodeSize  176872|Addr 0x7fdbcb3e9160|Timestamp 197738645989423|Src n/a
[engine] opt done   id=103   ProtosRootNode@3f2bca74                            |Tier 2|Time    30(   3+26  )ms|AST    2|Inlined   0Y   0N|IR    518/  1448|CodeSize    7174|Addr 0x7fdbcb42c8e0|Timestamp 197738676571894|Src n/a
[engine] opt done   id=104   ProtosRootNode@69a9e3c6                            |Tier 2|Time   245(  23+222 )ms|AST    6|Inlined   0Y   0N|IR   5144/ 16227|CodeSize   85747|Addr 0x7fdbcb430b60|Timestamp 197738922902369|Src n/a
[engine] opt done   id=148   ProtosRootNode@63a637ba                            |Tier 2|Time    51(   7+44  )ms|AST    2|Inlined   0Y   0N|IR    815/   944|CodeSize    4429|Addr 0x7fdbcb454600|Timestamp 197738984058800|Src n/a
[engine] opt done   id=149   ProtosRootNode@ed6adb                              |Tier 2|Time  1791( 125+1666)ms|AST   20|Inlined   0Y   0N|IR  20280/ 62658|CodeSize  342484|Addr 0x7fdbcb45bd80|Timestamp 197740775922663|Src n/a
[engine] opt done   id=101   ProtosRootNode@52036a68                            |Tier 1|Time    31(   7+24  )ms|AST    2|Inlined   0Y   0N|IR    591/  1658|CodeSize    7561|Addr 0x7fdbcb4df1a0|Timestamp 197740866885664|Src n/a
[engine] opt done   id=102   ProtosRootNode@7e156b33                            |Tier 1|Time   450(  58+392 )ms|AST    9|Inlined   0Y   0N|IR   7951/ 31452|CodeSize  167494|Addr 0x7fdbcb4e70c0|Timestamp 197741319113918|Src n/a
[engine] opt done   id=99    ProtosRootNode@117754f7                            |Tier 1|Time    14(   5+9   )ms|AST    2|Inlined   0Y   0N|IR    888/  1275|CodeSize    5532|Addr 0x7fdbcb5264e0|Timestamp 197741349834198|Src n/a
[engine] opt done   id=100   ProtosRootNode@506c05c1                            |Tier 1|Time  1173(  83+1090)ms|AST   13|Inlined   0Y   0N|IR  12899/ 48349|CodeSize  260527|Addr 0x7fdbcb52dba0|Timestamp 197742523352397|Src n/a
[engine] opt done   id=105   ProtosRootNode@52691d81                            |Tier 1|Time    19(   7+12  )ms|AST    2|Inlined   0Y   0N|IR    888/  1275|CodeSize    5532|Addr 0x7fdbcb591260|Timestamp 197742543872281|Src n/a
[engine] opt done   id=106   ProtosRootNode@3e6e89f5                            |Tier 1|Time   510(  94+416 )ms|AST    9|Inlined   0Y   0N|IR   6486/ 23741|CodeSize  126115|Addr 0x7fdbcb595ea0|Timestamp 197743055680785|Src n/a
[engine] opt done   id=152   ProtosRootNode@3fbc6478                            |Tier 1|Time    34(   8+26  )ms|AST    2|Inlined   0Y   0N|IR    888/  2671|CodeSize   13140|Addr 0x7fdbcb5c7dc0|Timestamp 197743092296929|Src n/a
[engine] opt failed id=153   ProtosRootNode@7a5f9f6                             |Tier 1|Time   68(-197743095+197743163)ms|Reason: jdk.graal.compiler.truffle.GraphTooBigBailoutException: Graph too big to safely compile. Node count: 50681. Graph Size: 150026. Limit: 150000.|Timestamp 197743163167557|Src n/a
[engine] opt failed id=153   ProtosRootNode@7a5f9f6                             |Tier 1|Time   60(-197743180+197743240)ms|Reason: jdk.graal.compiler.truffle.GraphTooBigBailoutException: Graph too big to safely compile. Node count: 50681. Graph Size: 150026. Limit: 150000.|Timestamp 197743241350630|Src n/a
[engine] opt done   id=140   ProtosRootNode@59e7deed                            |Tier 1|Time    19(   6+13  )ms|AST    2|Inlined   0Y   0N|IR    888/  1275|CodeSize    5532|Addr 0x7fdbcb5cf260|Timestamp 197743260817113|Src n/a
[engine] opt done   id=141   ProtosRootNode@efc6a18                             |Tier 1|Time   324(  30+294 )ms|AST    7|Inlined   0Y   0N|IR   4642/ 17482|CodeSize   90120|Addr 0x7fdbcb5d2e00|Timestamp 197743598722590|Src n/a
[engine] opt done   id=241   ProtosRootNode@58e7e0c2                            |Tier 1|Time    45(  13+32  )ms|AST    2|Inlined   0Y   0N|IR    591/  1658|CodeSize    7561|Addr 0x7fdbcb60f020|Timestamp 197744154635954|Src n/a
[engine] opt done   id=242   ProtosRootNode@6526d5c2                            |Tier 1|Time  3191( 283+2908)ms|AST   21|Inlined   0Y   0N|IR  20851/ 81773|CodeSize  436754|Addr 0x7fdbcb618d20|Timestamp 197747346430015|Src n/a
[engine] opt done   id=237   ProtosRootNode@40420c97                            |Tier 1|Time    35(  11+24  )ms|AST    2|Inlined   0Y   0N|IR    888/  1275|CodeSize    5532|Addr 0x7fdbcb6bdfe0|Timestamp 197747418987594|Src n/a
[engine] opt done   id=238   ProtosRootNode@341f0885                            |Tier 1|Time  1030(  96+934 )ms|AST   11|Inlined   0Y   0N|IR  10711/ 39220|CodeSize  206041|Addr 0x7fdbcb6c8340|Timestamp 197748449874810|Src n/a
[engine] opt done   id=239   ProtosRootNode@d5285dd                             |Tier 1|Time    20(   5+15  )ms|AST    2|Inlined   0Y   0N|IR    888/  1275|CodeSize    5532|Addr 0x7fdbcb718860|Timestamp 197748473412536|Src n/a
[engine] opt done   id=240   ProtosRootNode@66c98ae                             |Tier 1|Time  2618( 196+2421)ms|AST   20|Inlined   0Y   0N|IR  20353/ 75041|CodeSize  397465|Addr 0x7fdbcb7209c0|Timestamp 197751092123876|Src n/a
[engine] opt done   id=241   ProtosRootNode@58e7e0c2                            |Tier 2|Time    29(   8+21  )ms|AST    2|Inlined   0Y   0N|IR    518/  1448|CodeSize    7174|Addr 0x7fdbcb7bfae0|Timestamp 197751307082651|Src n/a
[engine] opt done   id=242   ProtosRootNode@6526d5c2                            |Tier 2|Time  3129( 227+2902)ms|AST   21|Inlined   0Y   0N|IR  20778/ 68815|CodeSize  387532|Addr 0x7fdbcb7c7620|Timestamp 197754436770051|Src n/a
[engine] opt done   id=237   ProtosRootNode@40420c97                            |Tier 2|Time    37(   7+30  )ms|AST    2|Inlined   0Y   0N|IR    815/   944|CodeSize    4429|Addr 0x7fdbcb85bd80|Timestamp 197754600306811|Src n/a
[engine] opt done   id=238   ProtosRootNode@341f0885                            |Tier 2|Time  1082(  94+989 )ms|AST   11|Inlined   0Y   0N|IR  10638/ 32814|CodeSize  176872|Addr 0x7fdbcb85fde0|Timestamp 197755683623976|Src n/a
[engine] opt done   id=239   ProtosRootNode@d5285dd                             |Tier 2|Time    36(   5+31  )ms|AST    2|Inlined   0Y   0N|IR    815/   944|CodeSize    4429|Addr 0x7fdbcb8a3180|Timestamp 197755723194123|Src n/a
[engine] opt done   id=240   ProtosRootNode@66c98ae                             |Tier 2|Time  2676( 268+2409)ms|AST   20|Inlined   0Y   0N|IR  20280/ 62658|CodeSize  342484|Addr 0x7fdbcb8aa680|Timestamp 197758400683062|Src n/a
[engine] opt done   id=243   ProtosRootNode@10a105ff                            |Tier 1|Time    35(   9+26  )ms|AST    2|Inlined   0Y   0N|IR    888/  2671|CodeSize   13140|Addr 0x7fdbcb92b1c0|Timestamp 197758505729603|Src n/a
[engine] opt failed id=244   ProtosRootNode@361b33ac                            |Tier 1|Time   67(-197758506+197758573)ms|Reason: jdk.graal.compiler.truffle.GraphTooBigBailoutException: Graph too big to safely compile. Node count: 50681. Graph Size: 150026. Limit: 150000.|Timestamp 197758573253959|Src n/a
[engine] opt failed id=244   ProtosRootNode@361b33ac                            |Tier 1|Time   54(-197758581+197758635)ms|Reason: jdk.graal.compiler.truffle.GraphTooBigBailoutException: Graph too big to safely compile. Node count: 50681. Graph Size: 150026. Limit: 150000.|Timestamp 197758634962301|Src n/a
[engine] opt done   id=231   ProtosRootNode@ffc2192                             |Tier 1|Time    17(   5+12  )ms|AST    2|Inlined   0Y   0N|IR    888/  1275|CodeSize    5532|Addr 0x7fdbcb931460|Timestamp 197758658017527|Src n/a
[engine] opt done   id=232   ProtosRootNode@3ee93bf0                            |Tier 1|Time   279(  38+240 )ms|AST    7|Inlined   0Y   0N|IR   4642/ 17482|CodeSize   90120|Addr 0x7fdbcb935580|Timestamp 197758937649417|Src n/a
[engine] opt done   id=332   ProtosRootNode@70f14ebd                            |Tier 1|Time    29(   8+21  )ms|AST    2|Inlined   0Y   0N|IR    591/  1658|CodeSize    7561|Addr 0x7fdbcb962fa0|Timestamp 197759285550163|Src n/a
[engine] opt done   id=333   ProtosRootNode@5b682db0                            |Tier 1|Time  3083( 208+2875)ms|AST   21|Inlined   0Y   0N|IR  20851/ 81773|CodeSize  436754|Addr 0x7fdbcb96bca0|Timestamp 197762369139913|Src n/a
[engine] opt done   id=328   ProtosRootNode@19cee4cf                            |Tier 1|Time    21(   7+14  )ms|AST    2|Inlined   0Y   0N|IR    888/  1275|CodeSize    5532|Addr 0x7fdbcba10060|Timestamp 197762429709194|Src n/a
[engine] opt done   id=329   ProtosRootNode@57f95d7c                            |Tier 1|Time   906(  83+824 )ms|AST   11|Inlined   0Y   0N|IR  10711/ 39220|CodeSize  206041|Addr 0x7fdbcba151c0|Timestamp 197763336327933|Src n/a
[engine] opt done   id=330   ProtosRootNode@69a62456                            |Tier 1|Time    15(   5+11  )ms|AST    2|Inlined   0Y   0N|IR    888/  1275|CodeSize    5532|Addr 0x7fdbcba653e0|Timestamp 197763372169867|Src n/a
[engine] opt done   id=331   ProtosRootNode@415bac6a                            |Tier 1|Time  2705( 190+2515)ms|AST   20|Inlined   0Y   0N|IR  20353/ 75041|CodeSize  397465|Addr 0x7fdbcba6d140|Timestamp 197766078214445|Src n/a
[engine] opt done   id=332   ProtosRootNode@70f14ebd                            |Tier 2|Time    23(   4+19  )ms|AST    2|Inlined   0Y   0N|IR    518/  1448|CodeSize    7174|Addr 0x7fdbcbb062e0|Timestamp 197766215895269|Src n/a
[engine] opt done   id=333   ProtosRootNode@5b682db0                            |Tier 2|Time  2830( 244+2586)ms|AST   21|Inlined   0Y   0N|IR  20778/ 68815|CodeSize  387532|Addr 0x7fdbcbb0db20|Timestamp 197769046446325|Src n/a
[engine] opt done   id=328   ProtosRootNode@19cee4cf                            |Tier 2|Time    27(   9+18  )ms|AST    2|Inlined   0Y   0N|IR    815/   944|CodeSize    4429|Addr 0x7fdbcbba1280|Timestamp 197769176773334|Src n/a
[engine] opt done   id=329   ProtosRootNode@57f95d7c                            |Tier 2|Time   795(  76+719 )ms|AST   11|Inlined   0Y   0N|IR  10638/ 32814|CodeSize  176872|Addr 0x7fdbcbba52e0|Timestamp 197769972745050|Src n/a
[engine] opt done   id=330   ProtosRootNode@69a62456                            |Tier 2|Time    30(   5+25  )ms|AST    2|Inlined   0Y   0N|IR    815/   944|CodeSize    4429|Addr 0x7fdbcbbe8680|Timestamp 197770008276634|Src n/a
[engine] opt done   id=331   ProtosRootNode@415bac6a                            |Tier 2|Time  2317( 224+2093)ms|AST   20|Inlined   0Y   0N|IR  20280/ 62658|CodeSize  342484|Addr 0x7fdbcbbf0680|Timestamp 197772326193143|Src n/a
[engine] opt done   id=334   ProtosRootNode@74aa8f4f                            |Tier 1|Time    24(   5+19  )ms|AST    2|Inlined   0Y   0N|IR    888/  2671|CodeSize   13140|Addr 0x7fdbcbc70cc0|Timestamp 197772396400561|Src n/a
[engine] opt failed id=335   ProtosRootNode@67252d08                            |Tier 1|Time   62(-197772397+197772459)ms|Reason: jdk.graal.compiler.truffle.GraphTooBigBailoutException: Graph too big to safely compile. Node count: 50681. Graph Size: 150026. Limit: 150000.|Timestamp 197772458701114|Src n/a
[engine] opt failed id=335   ProtosRootNode@67252d08                            |Tier 1|Time   46(-197772459+197772504)ms|Reason: jdk.graal.compiler.truffle.GraphTooBigBailoutException: Graph too big to safely compile. Node count: 50681. Graph Size: 150026. Limit: 150000.|Timestamp 197772504590806|Src n/a
[engine] opt done   id=322   ProtosRootNode@36e8e28f                            |Tier 1|Time    15(   5+10  )ms|AST    2|Inlined   0Y   0N|IR    888/  1275|CodeSize    5532|Addr 0x7fdbcbc768e0|Timestamp 197772531628894|Src n/a
[engine] opt done   id=323   ProtosRootNode@64ff5d1c                            |Tier 1|Time   223(  26+197 )ms|AST    7|Inlined   0Y   0N|IR   4642/ 17482|CodeSize   90120|Addr 0x7fdbcbc7a100|Timestamp 197772756736579|Src n/a
[engine] opt done   id=423   ProtosRootNode@6f304cc9                            |Tier 1|Time    33(  10+23  )ms|AST    2|Inlined   0Y   0N|IR    591/  1658|CodeSize    7561|Addr 0x7fdbcbca0da0|Timestamp 197773096639072|Src n/a
[engine] opt done   id=424   ProtosRootNode@3ae2ad6a                            |Tier 1|Time  2342( 145+2198)ms|AST   21|Inlined   0Y   0N|IR  20851/ 81773|CodeSize  436754|Addr 0x7fdbcbcaa5a0|Timestamp 197775440576542|Src n/a
[engine] opt done   id=419   ProtosRootNode@58063005                            |Tier 1|Time    18(   7+11  )ms|AST    2|Inlined   0Y   0N|IR    888/  1275|CodeSize    5532|Addr 0x7fdbcbd4f260|Timestamp 197775498068782|Src n/a
[engine] opt done   id=420   ProtosRootNode@1fa2f92a                            |Tier 1|Time   731(  61+670 )ms|AST   11|Inlined   0Y   0N|IR  10711/ 39220|CodeSize  206041|Addr 0x7fdbcbd546c0|Timestamp 197776229809745|Src n/a
[engine] opt done   id=421   ProtosRootNode@3239e5f7                            |Tier 1|Time    16(   5+10  )ms|AST    2|Inlined   0Y   0N|IR    888/  1275|CodeSize    5532|Addr 0x7fdbcbda48e0|Timestamp 197776266434850|Src n/a
[engine] opt done   id=422   ProtosRootNode@50afa11c                            |Tier 1|Time  2200( 148+2053)ms|AST   20|Inlined   0Y   0N|IR  20353/ 75041|CodeSize  397465|Addr 0x7fdbcbdac640|Timestamp 197778467330156|Src n/a
[engine] opt done   id=423   ProtosRootNode@6f304cc9                            |Tier 2|Time    20(   4+16  )ms|AST    2|Inlined   0Y   0N|IR    518/  1448|CodeSize    7174|Addr 0x7fdbcbe45060|Timestamp 197778556930687|Src n/a
[engine] opt done   id=424   ProtosRootNode@3ae2ad6a                            |Tier 2|Time  2170( 141+2029)ms|AST   21|Inlined   0Y   0N|IR  20778/ 68815|CodeSize  387532|Addr 0x7fdbcbe4c8a0|Timestamp 197780727925714|Src n/a
[engine] opt done   id=419   ProtosRootNode@58063005                            |Tier 2|Time    18(   4+14  )ms|AST    2|Inlined   0Y   0N|IR    815/   944|CodeSize    4429|Addr 0x7fdbcbedd300|Timestamp 197780857865754|Src n/a
[engine] opt done   id=420   ProtosRootNode@1fa2f92a                            |Tier 2|Time   842(  76+766 )ms|AST   11|Inlined   0Y   0N|IR  10638/ 32814|CodeSize  176872|Addr 0x7fdbcbee27e0|Timestamp 197781702366967|Src n/a
[engine] opt done   id=421   ProtosRootNode@3239e5f7                            |Tier 2|Time    26(   4+22  )ms|AST    2|Inlined   0Y   0N|IR    815/   944|CodeSize    4429|Addr 0x7fdbcbf25e80|Timestamp 197781733183278|Src n/a
[engine] opt done   id=422   ProtosRootNode@50afa11c                            |Tier 2|Time  2085( 207+1878)ms|AST   20|Inlined   0Y   0N|IR  20280/ 62658|CodeSize  342484|Addr 0x7fdbcbf2cb80|Timestamp 197783819719819|Src n/a
[engine] opt done   id=425   ProtosRootNode@2b864232                            |Tier 1|Time    45(  14+31  )ms|AST    2|Inlined   0Y   0N|IR    888/  2671|CodeSize   13140|Addr 0x7fdbcbfad4c0|Timestamp 197783914201685|Src n/a
[engine] opt failed id=426   ProtosRootNode@4ce8d5ad                            |Tier 1|Time   88(-197783915+197784003)ms|Reason: jdk.graal.compiler.truffle.GraphTooBigBailoutException: Graph too big to safely compile. Node count: 50681. Graph Size: 150026. Limit: 150000.|Timestamp 197784003108106|Src n/a
[engine] opt failed id=426   ProtosRootNode@4ce8d5ad                            |Tier 1|Time   56(-197784020+197784076)ms|Reason: jdk.graal.compiler.truffle.GraphTooBigBailoutException: Graph too big to safely compile. Node count: 50681. Graph Size: 150026. Limit: 150000.|Timestamp 197784075891086|Src n/a
[engine] opt done   id=413   ProtosRootNode@22051fc9                            |Tier 1|Time    16(   5+11  )ms|AST    2|Inlined   0Y   0N|IR    888/  1275|CodeSize    5532|Addr 0x7fdbcbfb5060|Timestamp 197784094445289|Src n/a
[engine] opt done   id=414   ProtosRootNode@43193878                            |Tier 1|Time   213(  23+190 )ms|AST    7|Inlined   0Y   0N|IR   4642/ 17482|CodeSize   90120|Addr 0x7fdbcbfb8880|Timestamp 197784308025437|Src n/a
[engine] opt done   id=514   ProtosRootNode@28046366                            |Tier 1|Time    32(   7+25  )ms|AST    2|Inlined   0Y   0N|IR    591/  1658|CodeSize    7561|Addr 0x7fdbcbfde520|Timestamp 197784592441034|Src n/a
[engine] opt done   id=515   ProtosRootNode@6cdc5e2e                            |Tier 1|Time  3014( 277+2737)ms|AST   21|Inlined   0Y   0N|IR  20851/ 81773|CodeSize  436754|Addr 0x7fdbcbfe95a0|Timestamp 197787608201312|Src n/a
[engine] opt done   id=510   ProtosRootNode@10f228e3                            |Tier 1|Time    15(   5+10  )ms|AST    2|Inlined   0Y   0N|IR    888/  1275|CodeSize    5532|Addr 0x7fdbcc08d960|Timestamp 197787653412943|Src n/a
[engine] opt done   id=511   ProtosRootNode@567076f9                            |Tier 1|Time   816(  72+744 )ms|AST   11|Inlined   0Y   0N|IR  10711/ 39220|CodeSize  206041|Addr 0x7fdbcc092f40|Timestamp 197788471197110|Src n/a
[engine] opt done   id=512   ProtosRootNode@1d5fe1df                            |Tier 1|Time    15(   5+10  )ms|AST    2|Inlined   0Y   0N|IR    888/  1275|CodeSize    5532|Addr 0x7fdbcc0e3160|Timestamp 197788487287581|Src n/a
[engine] opt done   id=513   ProtosRootNode@75cdfeb6                            |Tier 1|Time  2637( 261+2375)ms|AST   20|Inlined   0Y   0N|IR  20353/ 75041|CodeSize  397465|Addr 0x7fdbcc0eaec0|Timestamp 197791124961561|Src n/a
[engine] opt done   id=514   ProtosRootNode@28046366                            |Tier 2|Time    42(  13+29  )ms|AST    2|Inlined   0Y   0N|IR    518/  1448|CodeSize    7174|Addr 0x7fdbcc183be0|Timestamp 197791274257565|Src n/a
[engine] opt done   id=515   ProtosRootNode@6cdc5e2e                            |Tier 2|Time  2519( 200+2318)ms|AST   21|Inlined   0Y   0N|IR  20778/ 68815|CodeSize  387532|Addr 0x7fdbcc18b720|Timestamp 197793796534458|Src n/a
[engine] opt done   id=510   ProtosRootNode@10f228e3                            |Tier 2|Time    20(   5+15  )ms|AST    2|Inlined   0Y   0N|IR    815/   944|CodeSize    4429|Addr 0x7fdbcc21b200|Timestamp 197793885365060|Src n/a
[engine] opt done   id=511   ProtosRootNode@567076f9                            |Tier 2|Time   731(  66+665 )ms|AST   11|Inlined   0Y   0N|IR  10638/ 32814|CodeSize  176872|Addr 0x7fdbcc21f260|Timestamp 197794616406279|Src n/a
[engine] opt done   id=512   ProtosRootNode@1d5fe1df                            |Tier 2|Time    28(   5+23  )ms|AST    2|Inlined   0Y   0N|IR    815/   944|CodeSize    4429|Addr 0x7fdbcc262600|Timestamp 197794648056611|Src n/a
[engine] opt done   id=513   ProtosRootNode@75cdfeb6                            |Tier 2|Time  1923( 142+1781)ms|AST   20|Inlined   0Y   0N|IR  20280/ 62658|CodeSize  342484|Addr 0x7fdbcc268200|Timestamp 197796571418050|Src n/a
[engine] opt done   id=516   ProtosRootNode@2ee2c591                            |Tier 1|Time    24(   5+19  )ms|AST    2|Inlined   0Y   0N|IR    888/  2671|CodeSize   13140|Addr 0x7fdbcc2e8840|Timestamp 197796642913400|Src n/a
[engine] opt failed id=517   ProtosRootNode@7767c4cc                            |Tier 1|Time   47(-197796645+197796692)ms|Reason: jdk.graal.compiler.truffle.GraphTooBigBailoutException: Graph too big to safely compile. Node count: 50681. Graph Size: 150026. Limit: 150000.|Timestamp 197796692316845|Src n/a
[engine] opt failed id=517   ProtosRootNode@7767c4cc                            |Tier 1|Time   50(-197796706+197796756)ms|Reason: jdk.graal.compiler.truffle.GraphTooBigBailoutException: Graph too big to safely compile. Node count: 50681. Graph Size: 150026. Limit: 150000.|Timestamp 197796755829699|Src n/a
[engine] opt done   id=504   ProtosRootNode@59e7ed73                            |Tier 1|Time    15(   5+9   )ms|AST    2|Inlined   0Y   0N|IR    888/  1275|CodeSize    5532|Addr 0x7fdbcc2eeb60|Timestamp 197796771130290|Src n/a
[engine] opt done   id=505   ProtosRootNode@3199fc60                            |Tier 1|Time   208(  25+183 )ms|AST    7|Inlined   0Y   0N|IR   4642/ 17482|CodeSize   90120|Addr 0x7fdbcc2f2380|Timestamp 197796981058176|Src n/a
[engine] opt done   id=605   ProtosRootNode@67a24170                            |Tier 1|Time    19(   7+12  )ms|AST    2|Inlined   0Y   0N|IR    591/  1658|CodeSize    7561|Addr 0x7fdbcc317920|Timestamp 197797215606939|Src n/a
[engine] opt done   id=606   ProtosRootNode@4d55343d                            |Tier 1|Time  2204( 171+2033)ms|AST   21|Inlined   0Y   0N|IR  20851/ 81773|CodeSize  436754|Addr 0x7fdbcc320620|Timestamp 197799420152627|Src n/a
[engine] opt done   id=601   ProtosRootNode@bb0be03                             |Tier 1|Time    15(   4+10  )ms|AST    2|Inlined   0Y   0N|IR    888/  1275|CodeSize    5532|Addr 0x7fdbcc3c49e0|Timestamp 197799463035477|Src n/a
[engine] opt done   id=602   ProtosRootNode@655d8005                            |Tier 1|Time   642(  59+583 )ms|AST   11|Inlined   0Y   0N|IR  10711/ 39220|CodeSize  206041|Addr 0x7fdbcc3c9b40|Timestamp 197800106191436|Src n/a
[engine] opt done   id=603   ProtosRootNode@4e5246bf                            |Tier 1|Time    14(   4+9   )ms|AST    2|Inlined   0Y   0N|IR    888/  1275|CodeSize    5532|Addr 0x7fdbcc419d60|Timestamp 197800140955541|Src n/a
[engine] opt done   id=604   ProtosRootNode@45f07068                            |Tier 1|Time  1990( 145+1845)ms|AST   20|Inlined   0Y   0N|IR  20353/ 75041|CodeSize  397465|Addr 0x7fdbcc421ac0|Timestamp 197802130920181|Src n/a
[engine] opt done   id=605   ProtosRootNode@67a24170                            |Tier 2|Time    20(   4+16  )ms|AST    2|Inlined   0Y   0N|IR    518/  1448|CodeSize    7174|Addr 0x7fdbcc4ba4e0|Timestamp 197802214898130|Src n/a
[engine] opt done   id=606   ProtosRootNode@4d55343d                            |Tier 2|Time  2323( 203+2121)ms|AST   21|Inlined   0Y   0N|IR  20778/ 68815|CodeSize  387532|Addr 0x7fdbcc4c5720|Timestamp 197804538623306|Src n/a
[engine] opt done   id=601   ProtosRootNode@bb0be03                             |Tier 2|Time    18(   5+13  )ms|AST    2|Inlined   0Y   0N|IR    815/   944|CodeSize    4429|Addr 0x7fdbcc555580|Timestamp 197804637312345|Src n/a
[engine] opt done   id=602   ProtosRootNode@655d8005                            |Tier 2|Time   768(  79+689 )ms|AST   11|Inlined   0Y   0N|IR  10638/ 32814|CodeSize  176872|Addr 0x7fdbcc5595e0|Timestamp 197805405469893|Src n/a
[engine] opt done   id=603   ProtosRootNode@4e5246bf                            |Tier 2|Time    23(   4+19  )ms|AST    2|Inlined   0Y   0N|IR    815/   944|CodeSize    4429|Addr 0x7fdbcc59c980|Timestamp 197805432708132|Src n/a
[engine] opt done   id=604   ProtosRootNode@45f07068                            |Tier 2|Time  1975( 157+1818)ms|AST   20|Inlined   0Y   0N|IR  20280/ 62658|CodeSize  342484|Addr 0x7fdbcc5a2580|Timestamp 197807408077677|Src n/a
[engine] opt done   id=607   ProtosRootNode@77f17a47                            |Tier 1|Time    26(   5+21  )ms|AST    2|Inlined   0Y   0N|IR    888/  2671|CodeSize   13140|Addr 0x7fdbcc622bc0|Timestamp 197807456478391|Src n/a
[engine] opt failed id=608   ProtosRootNode@2984e8f5                            |Tier 1|Time   50(-197807457+197807506)ms|Reason: jdk.graal.compiler.truffle.GraphTooBigBailoutException: Graph too big to safely compile. Node count: 50681. Graph Size: 150026. Limit: 150000.|Timestamp 197807506531306|Src n/a
[engine] opt failed id=608   ProtosRootNode@2984e8f5                            |Tier 1|Time   50(-197807518+197807568)ms|Reason: jdk.graal.compiler.truffle.GraphTooBigBailoutException: Graph too big to safely compile. Node count: 50681. Graph Size: 150026. Limit: 150000.|Timestamp 197807568164969|Src n/a
[engine] opt done   id=595   ProtosRootNode@326a2333                            |Tier 1|Time    17(   6+11  )ms|AST    2|Inlined   0Y   0N|IR    888/  1275|CodeSize    5532|Addr 0x7fdbcc6287e0|Timestamp 197807585366491|Src n/a
[engine] opt done   id=596   ProtosRootNode@461e7161                            |Tier 1|Time   244(  31+213 )ms|AST    7|Inlined   0Y   0N|IR   4642/ 17482|CodeSize   90120|Addr 0x7fdbcc62c780|Timestamp 197807831866054|Src n/a
[engine] opt done   id=696   ProtosRootNode@2526ef75                            |Tier 1|Time    27(  16+12  )ms|AST    2|Inlined   0Y   0N|IR    591/  1658|CodeSize    7561|Addr 0x7fdbcc6512a0|Timestamp 197808076430356|Src n/a
[engine] opt done   id=697   ProtosRootNode@57488790                            |Tier 1|Time  2226( 158+2069)ms|AST   21|Inlined   0Y   0N|IR  20851/ 81773|CodeSize  436754|Addr 0x7fdbcc659fa0|Timestamp 197810303220429|Src n/a
[engine] opt done   id=692   ProtosRootNode@4380d1a8                            |Tier 1|Time    15(   5+10  )ms|AST    2|Inlined   0Y   0N|IR    888/  1275|CodeSize    5532|Addr 0x7fdbcc6fe660|Timestamp 197810341939917|Src n/a
[engine] opt done   id=693   ProtosRootNode@360bb0                              |Tier 1|Time   703(  63+640 )ms|AST   11|Inlined   0Y   0N|IR  10711/ 39220|CodeSize  206041|Addr 0x7fdbcc7037c0|Timestamp 197811045105901|Src n/a
[engine] opt done   id=694   ProtosRootNode@f3d8171                             |Tier 1|Time    16(   4+11  )ms|AST    2|Inlined   0Y   0N|IR    888/  1275|CodeSize    5532|Addr 0x7fdbcc7539e0|Timestamp 197811080634796|Src n/a
[engine] opt done   id=695   ProtosRootNode@7de2e23c                            |Tier 1|Time  1986( 136+1850)ms|AST   20|Inlined   0Y   0N|IR  20353/ 75041|CodeSize  397465|Addr 0x7fdbcc75b740|Timestamp 197813067207103|Src n/a
[engine] opt done   id=696   ProtosRootNode@2526ef75                            |Tier 2|Time    22(   5+17  )ms|AST    2|Inlined   0Y   0N|IR    518/  1448|CodeSize    7174|Addr 0x7fdbcc7f4960|Timestamp 197813196646304|Src n/a
[engine] opt done   id=697   ProtosRootNode@57488790                            |Tier 2|Time  2154( 163+1991)ms|AST   21|Inlined   0Y   0N|IR  20778/ 68815|CodeSize  387532|Addr 0x7fdbcc7fc1a0|Timestamp 197815351138442|Src n/a
[engine] opt done   id=692   ProtosRootNode@4380d1a8                            |Tier 2|Time    19(   5+13  )ms|AST    2|Inlined   0Y   0N|IR    815/   944|CodeSize    4429|Addr 0x7fdbcc88bc80|Timestamp 197815445108488|Src n/a
[engine] opt done   id=693   ProtosRootNode@360bb0                              |Tier 2|Time   867(  64+803 )ms|AST   11|Inlined   0Y   0N|IR  10638/ 32814|CodeSize  176872|Addr 0x7fdbcc88ffe0|Timestamp 197816312971860|Src n/a
[engine] opt done   id=694   ProtosRootNode@f3d8171                             |Tier 2|Time    28(   5+22  )ms|AST    2|Inlined   0Y   0N|IR    815/   944|CodeSize    4429|Addr 0x7fdbcc8d3380|Timestamp 197816345264452|Src n/a
[engine] opt done   id=695   ProtosRootNode@7de2e23c                            |Tier 2|Time  2023( 152+1871)ms|AST   20|Inlined   0Y   0N|IR  20280/ 62658|CodeSize  342484|Addr 0x7fdbcc8d9280|Timestamp 197818369128920|Src n/a
[engine] opt done   id=698   ProtosRootNode@7effd035                            |Tier 1|Time    23(   5+18  )ms|AST    2|Inlined   0Y   0N|IR    888/  2671|CodeSize   13140|Addr 0x7fdbcc9598c0|Timestamp 197818451673419|Src n/a
[engine] opt failed id=699   ProtosRootNode@49c0a1e5                            |Tier 1|Time   45(-197818452+197818497)ms|Reason: jdk.graal.compiler.truffle.GraphTooBigBailoutException: Graph too big to safely compile. Node count: 50681. Graph Size: 150026. Limit: 150000.|Timestamp 197818497239661|Src n/a
[engine] opt failed id=699   ProtosRootNode@49c0a1e5                            |Tier 1|Time   68(-197818508+197818576)ms|Reason: jdk.graal.compiler.truffle.GraphTooBigBailoutException: Graph too big to safely compile. Node count: 50681. Graph Size: 150026. Limit: 150000.|Timestamp 197818575913056|Src n/a
[engine] opt done   id=686   ProtosRootNode@16356ea7                            |Tier 1|Time    16(   7+10  )ms|AST    2|Inlined   0Y   0N|IR    888/  1275|CodeSize    5532|Addr 0x7fdbcc9609e0|Timestamp 197818594785710|Src n/a
[engine] opt done   id=687   ProtosRootNode@220f866c                            |Tier 1|Time   209(  27+183 )ms|AST    7|Inlined   0Y   0N|IR   4642/ 17482|CodeSize   90120|Addr 0x7fdbcc966300|Timestamp 197818804915408|Src n/a
[engine] opt done   id=787   ProtosRootNode@6d2a7c40                            |Tier 1|Time    25(  10+15  )ms|AST    2|Inlined   0Y   0N|IR    591/  1658|CodeSize    7561|Addr 0x7fdbcc98b320|Timestamp 197819030983708|Src n/a
[engine] opt done   id=788   ProtosRootNode@40ca11b6                            |Tier 1|Time  2221( 150+2071)ms|AST   21|Inlined   0Y   0N|IR  20851/ 81773|CodeSize  436754|Addr 0x7fdbcc994020|Timestamp 197821251865327|Src n/a
[engine] opt done   id=783   ProtosRootNode@78d98472                            |Tier 1|Time    24(   8+16  )ms|AST    2|Inlined   0Y   0N|IR    888/  1275|CodeSize    5532|Addr 0x7fdbcca38760|Timestamp 197821309328368|Src n/a
[engine] opt done   id=784   ProtosRootNode@1c8363b0                            |Tier 1|Time   666(  60+606 )ms|AST   11|Inlined   0Y   0N|IR  10711/ 39220|CodeSize  206041|Addr 0x7fdbcca3d8c0|Timestamp 197821975608789|Src n/a
[engine] opt done   id=785   ProtosRootNode@16b4093                             |Tier 1|Time    16(   5+11  )ms|AST    2|Inlined   0Y   0N|IR    888/  1275|CodeSize    5532|Addr 0x7fdbcca8dae0|Timestamp 197822013737296|Src n/a
[engine] opt done   id=786   ProtosRootNode@66a869f4                            |Tier 1|Time  1904( 125+1779)ms|AST   20|Inlined   0Y   0N|IR  20353/ 75041|CodeSize  397465|Addr 0x7fdbcca95b40|Timestamp 197823919026965|Src n/a
[engine] opt done   id=787   ProtosRootNode@6d2a7c40                            |Tier 2|Time    20(   4+16  )ms|AST    2|Inlined   0Y   0N|IR    518/  1448|CodeSize    7174|Addr 0x7fdbccb2e560|Timestamp 197824009691849|Src n/a
[engine] opt done   id=788   ProtosRootNode@40ca11b6                            |Tier 2|Time  2111( 130+1981)ms|AST   21|Inlined   0Y   0N|IR  20778/ 68815|CodeSize  387532|Addr 0x7fdbccb35da0|Timestamp 197826121316066|Src n/a
[engine] opt done   id=783   ProtosRootNode@78d98472                            |Tier 2|Time    18(   4+13  )ms|AST    2|Inlined   0Y   0N|IR    815/   944|CodeSize    4429|Addr 0x7fdbccbc7e80|Timestamp 197826240225330|Src n/a
[engine] opt done   id=784   ProtosRootNode@1c8363b0                            |Tier 2|Time   865(  61+804 )ms|AST   11|Inlined   0Y   0N|IR  10638/ 32814|CodeSize  176872|Addr 0x7fdbccbcbee0|Timestamp 197827105757834|Src n/a
[engine] opt done   id=785   ProtosRootNode@16b4093                             |Tier 2|Time    24(   5+19  )ms|AST    2|Inlined   0Y   0N|IR    815/   944|CodeSize    4429|Addr 0x7fdbccc0f280|Timestamp 197827133261304|Src n/a
[engine] opt done   id=786   ProtosRootNode@66a869f4                            |Tier 2|Time  1937( 132+1805)ms|AST   20|Inlined   0Y   0N|IR  20280/ 62658|CodeSize  342484|Addr 0x7fdbccc14e80|Timestamp 197829070731219|Src n/a
[engine] opt done   id=789   ProtosRootNode@155e5bdc                            |Tier 1|Time    24(   5+18  )ms|AST    2|Inlined   0Y   0N|IR    888/  2671|CodeSize   13140|Addr 0x7fdbccc958c0|Timestamp 197829135312565|Src n/a
[engine] opt failed id=790   ProtosRootNode@70a3836c                            |Tier 1|Time   45(-197829136+197829182)ms|Reason: jdk.graal.compiler.truffle.GraphTooBigBailoutException: Graph too big to safely compile. Node count: 50681. Graph Size: 150026. Limit: 150000.|Timestamp 197829183220269|Src n/a
[engine] opt failed id=790   ProtosRootNode@70a3836c                            |Tier 1|Time   91(-197829205+197829296)ms|Reason: jdk.graal.compiler.truffle.GraphTooBigBailoutException: Graph too big to safely compile. Node count: 50681. Graph Size: 150026. Limit: 150000.|Timestamp 197829296093049|Src n/a
[engine] opt done   id=777   ProtosRootNode@42bad297                            |Tier 1|Time    18(   7+11  )ms|AST    2|Inlined   0Y   0N|IR    888/  1275|CodeSize    5532|Addr 0x7fdbccc9f260|Timestamp 197829316646434|Src n/a
[engine] opt done   id=778   ProtosRootNode@5166b534                            |Tier 1|Time   230(  29+201 )ms|AST    7|Inlined   0Y   0N|IR   4642/ 17482|CodeSize   90120|Addr 0x7fdbccca2f00|Timestamp 197829547330018|Src n/a
[engine] opt done   id=878   ProtosRootNode@262745fd                            |Tier 1|Time    59(  23+37  )ms|AST    2|Inlined   0Y   0N|IR    591/  1658|CodeSize    7561|Addr 0x7fdbcccc7a20|Timestamp 197829846912501|Src n/a
[engine] opt done   id=879   ProtosRootNode@26ef66fa                            |Tier 1|Time  2543( 189+2355)ms|AST   21|Inlined   0Y   0N|IR  20851/ 81773|CodeSize  436754|Addr 0x7fdbcccd0720|Timestamp 197832390614760|Src n/a
[engine] opt done   id=874   ProtosRootNode@1f6bb05f                            |Tier 1|Time    34(  13+20  )ms|AST    2|Inlined   0Y   0N|IR    888/  1275|CodeSize    5532|Addr 0x7fdbccd74ae0|Timestamp 197832444908999|Src n/a
[engine] opt done   id=875   ProtosRootNode@7dbf4990                            |Tier 1|Time   727(  79+648 )ms|AST   11|Inlined   0Y   0N|IR  10711/ 39220|CodeSize  206041|Addr 0x7fdbccd7bcc0|Timestamp 197833172519056|Src n/a
[engine] opt done   id=876   ProtosRootNode@7e64b8c3                            |Tier 1|Time    15(   4+11  )ms|AST    2|Inlined   0Y   0N|IR    888/  1275|CodeSize    5532|Addr 0x7fdbccdcbee0|Timestamp 197833207479841|Src n/a
[engine] opt done   id=877   ProtosRootNode@6c192c4b                            |Tier 1|Time  2064( 135+1929)ms|AST   20|Inlined   0Y   0N|IR  20353/ 75041|CodeSize  397465|Addr 0x7fdbcb291040|Timestamp 197835271430882|Src n/a
[engine] opt done   id=878   ProtosRootNode@262745fd                            |Tier 2|Time    39(   8+31  )ms|AST    2|Inlined   0Y   0N|IR    518/  1448|CodeSize    7174|Addr 0x7fdbcb339160|Timestamp 197835404178346|Src n/a
[engine] opt done   id=879   ProtosRootNode@26ef66fa                            |Tier 2|Time  2135( 136+1999)ms|AST   21|Inlined   0Y   0N|IR  20778/ 68815|CodeSize  387532|Addr 0x7fdbcb344320|Timestamp 197837540098450|Src n/a
[engine] opt done   id=874   ProtosRootNode@1f6bb05f                            |Tier 2|Time    21(   6+14  )ms|AST    2|Inlined   0Y   0N|IR    815/   944|CodeSize    4429|Addr 0x7fdbcbedd300|Timestamp 197837641670913|Src n/a
[engine] opt done   id=875   ProtosRootNode@7dbf4990                            |Tier 2|Time   955(  71+884 )ms|AST   11|Inlined   0Y   0N|IR  10638/ 32814|CodeSize  176872|Addr 0x7fdbcb3e9160|Timestamp 197838597148095|Src n/a
[engine] opt done   id=876   ProtosRootNode@7e64b8c3                            |Tier 2|Time    25(   6+19  )ms|AST    2|Inlined   0Y   0N|IR    815/   944|CodeSize    4429|Addr 0x7fdbcbf25e80|Timestamp 197838662358181|Src n/a
[engine] opt done   id=877   ProtosRootNode@6c192c4b                            |Tier 2|Time  2876( 191+2685)ms|AST   20|Inlined   0Y   0N|IR  20280/ 62658|CodeSize  342484|Addr 0x7fdbcb45bd80|Timestamp 197841539187038|Src n/a
[engine] opt done   id=880   ProtosRootNode@3d6a00ed                            |Tier 1|Time    41(   8+33  )ms|AST    2|Inlined   0Y   0N|IR    888/  2671|CodeSize   13140|Addr 0x7fdbcb5c7dc0|Timestamp 197841649750177|Src n/a
[engine] opt failed id=881   ProtosRootNode@709d80a8                            |Tier 1|Time   83(-197841650+197841733)ms|Reason: jdk.graal.compiler.truffle.GraphTooBigBailoutException: Graph too big to safely compile. Node count: 50681. Graph Size: 150026. Limit: 150000.|Timestamp 197841732914686|Src n/a
[engine] opt failed id=881   ProtosRootNode@709d80a8                            |Tier 1|Time   76(-197841745+197841821)ms|Reason: jdk.graal.compiler.truffle.GraphTooBigBailoutException: Graph too big to safely compile. Node count: 50681. Graph Size: 150026. Limit: 150000.|Timestamp 197841821245479|Src n/a
[engine] opt done   id=868   ProtosRootNode@2fdd49c4                            |Tier 1|Time    19(   5+15  )ms|AST    2|Inlined   0Y   0N|IR    888/  1275|CodeSize    5532|Addr 0x7fdbcb201960|Timestamp 197841841405464|Src n/a
[engine] opt done   id=869   ProtosRootNode@5ab29fff                            |Tier 1|Time   319(  32+287 )ms|AST    7|Inlined   0Y   0N|IR   4642/ 17482|CodeSize   90120|Addr 0x7fdbcb5d2e00|Timestamp 197842160733722|Src n/a
[engine] opt done   id=969   ProtosRootNode@5616e621                            |Tier 1|Time    38(  12+26  )ms|AST    2|Inlined   0Y   0N|IR    591/  1658|CodeSize    7561|Addr 0x7fdbcb144f20|Timestamp 197842455454833|Src n/a
[engine] opt done   id=970   ProtosRootNode@1cad6f65                            |Tier 1|Time  2748( 193+2555)ms|AST   21|Inlined   0Y   0N|IR  20851/ 81773|CodeSize  436754|Addr 0x7fdbcb15b5a0|Timestamp 197845222077145|Src n/a
[engine] opt done   id=965   ProtosRootNode@26de7ec1                            |Tier 1|Time    15(   5+11  )ms|AST    2|Inlined   0Y   0N|IR    888/  1275|CodeSize    5532|Addr 0x7fdbcb5cf260|Timestamp 197845263075584|Src n/a
[engine] opt done   id=966   ProtosRootNode@4e9dccb2                            |Tier 1|Time   741(  68+673 )ms|AST   11|Inlined   0Y   0N|IR  10711/ 39220|CodeSize  206041|Addr 0x7fdbcb20a0c0|Timestamp 197846004301675|Src n/a
[engine] opt done   id=967   ProtosRootNode@1e9334e4                            |Tier 1|Time    28(   9+19  )ms|AST    2|Inlined   0Y   0N|IR    888/  1275|CodeSize    5532|Addr 0x7fdbcb6bdfe0|Timestamp 197846060863186|Src n/a
[engine] opt done   id=968   ProtosRootNode@44aef061                            |Tier 1|Time  2696( 266+2430)ms|AST   20|Inlined   0Y   0N|IR  20353/ 75041|CodeSize  397465|Addr 0x7fdbcb7209c0|Timestamp 197848757183911|Src n/a
[engine] opt done   id=969   ProtosRootNode@5616e621                            |Tier 2|Time    21(   4+17  )ms|AST    2|Inlined   0Y   0N|IR    518/  1448|CodeSize    7174|Addr 0x7fdbcb7bfae0|Timestamp 197848850732828|Src n/a
[engine] opt done   id=970   ProtosRootNode@1cad6f65                            |Tier 2|Time  2531( 153+2377)ms|AST   21|Inlined   0Y   0N|IR  20778/ 68815|CodeSize  387532|Addr 0x7fdbcb7c7620|Timestamp 197851382089127|Src n/a
[engine] opt done   id=965   ProtosRootNode@26de7ec1                            |Tier 2|Time    17(   4+13  )ms|AST    2|Inlined   0Y   0N|IR    815/   944|CodeSize    4429|Addr 0x7fdbcb718e80|Timestamp 197851468653230|Src n/a
[engine] opt done   id=966   ProtosRootNode@4e9dccb2                            |Tier 2|Time   968(  60+908 )ms|AST   11|Inlined   0Y   0N|IR  10638/ 32814|CodeSize  176872|Addr 0x7fdbcbee27e0|Timestamp 197852437589637|Src n/a
[engine] opt done   id=967   ProtosRootNode@1e9334e4                            |Tier 2|Time    36(   5+32  )ms|AST    2|Inlined   0Y   0N|IR    815/   944|CodeSize    4429|Addr 0x7fdbcb931a80|Timestamp 197852477831696|Src n/a
[engine] opt done   id=968   ProtosRootNode@44aef061                            |Tier 2|Time  3160( 253+2908)ms|AST   20|Inlined   0Y   0N|IR  20280/ 62658|CodeSize  342484|Addr 0x7fdbcb8aa680|Timestamp 197855638616902|Src n/a
[engine] opt done   id=971   ProtosRootNode@539e6784                            |Tier 1|Time    62(  22+40  )ms|AST    2|Inlined   0Y   0N|IR    888/  2671|CodeSize   13140|Addr 0x7fdbcb92b1c0|Timestamp 197855779830884|Src n/a
[engine] opt failed id=972   ProtosRootNode@74abaf05                            |Tier 1|Time   51(-197855780+197855832)ms|Reason: jdk.graal.compiler.truffle.GraphTooBigBailoutException: Graph too big to safely compile. Node count: 50681. Graph Size: 150026. Limit: 150000.|Timestamp 197855831956581|Src n/a
[engine] opt failed id=972   ProtosRootNode@74abaf05                            |Tier 1|Time   45(-197855839+197855884)ms|Reason: jdk.graal.compiler.truffle.GraphTooBigBailoutException: Graph too big to safely compile. Node count: 50681. Graph Size: 150026. Limit: 150000.|Timestamp 197855883540019|Src n/a
[engine] opt done   id=959   ProtosRootNode@516d05df                            |Tier 1|Time    16(   4+11  )ms|AST    2|Inlined   0Y   0N|IR    888/  1275|CodeSize    5532|Addr 0x7fdbcbd4f260|Timestamp 197855904315793|Src n/a
[engine] opt done   id=960   ProtosRootNode@7438f494                            |Tier 1|Time   293(  31+262 )ms|AST    7|Inlined   0Y   0N|IR   4642/ 17482|CodeSize   90120|Addr 0x7fdbcb935580|Timestamp 197856198007445|Src n/a
[engine] opt done   id=101   ProtosRootNode@52036a68                            |Tier 2|Time    22(   4+18  )ms|AST    2|Inlined   0Y   0N|IR    518/  1448|CodeSize    7174|Addr 0x7fdbcc183be0|Timestamp 197856545501956|Src n/a
[engine] opt done   id=102   ProtosRootNode@7e156b33                            |Tier 2|Time   789(  54+735 )ms|AST    9|Inlined   0Y   0N|IR   7883/ 27025|CodeSize  148759|Addr 0x7fdbcc89e280|Timestamp 197857334830585|Src n/a
[engine] opt done   id=99    ProtosRootNode@117754f7                            |Tier 2|Time    49(   7+42  )ms|AST    2|Inlined   0Y   0N|IR    815/   944|CodeSize    4429|Addr 0x7fdbcc961000|Timestamp 197857389498805|Src n/a
[engine] opt done   id=100   ProtosRootNode@506c05c1                            |Tier 2|Time  1410( 125+1284)ms|AST   13|Inlined   0Y   0N|IR  12831/ 40881|CodeSize  225171|Addr 0x7fdbcca3c380|Timestamp 197858799523832|Src n/a
[engine] opt done   id=105   ProtosRootNode@52691d81                            |Tier 2|Time    22(   6+16  )ms|AST    2|Inlined   0Y   0N|IR    815/   944|CodeSize    4429|Addr 0x7fdbccc9f880|Timestamp 197858861143127|Src n/a
[engine] opt done   id=106   ProtosRootNode@3e6e89f5                            |Tier 2|Time   415(  38+376 )ms|AST    9|Inlined   0Y   0N|IR   6414/ 19828|CodeSize  105112|Addr 0x7fdbcb87cf20|Timestamp 197859276174346|Src n/a
[engine] opt done   id=1060  ProtosRootNode@5a8e0857                            |Tier 1|Time    30(   6+24  )ms|AST    2|Inlined   0Y   0N|IR    591/  1658|CodeSize    7561|Addr 0x7fdbcb60f020|Timestamp 197859331318816|Src n/a
[engine] opt done   id=1061  ProtosRootNode@568d74f7                            |Tier 1|Time  3295( 219+3076)ms|AST   21|Inlined   0Y   0N|IR  20851/ 81773|CodeSize  436754|Addr 0x7fdbcb618d20|Timestamp 197862626877488|Src n/a
[engine] opt done   id=1056  ProtosRootNode@4d76cf61                            |Tier 1|Time    19(   5+14  )ms|AST    2|Inlined   0Y   0N|IR    888/  1275|CodeSize    5532|Addr 0x7fdbcbca1c60|Timestamp 197862675840534|Src n/a
[engine] opt done   id=1057  ProtosRootNode@12c40877                            |Tier 1|Time  1350( 132+1218)ms|AST   11|Inlined   0Y   0N|IR  10711/ 39220|CodeSize  206041|Addr 0x7fdbcb6c8340|Timestamp 197864026554561|Src n/a
[engine] opt done   id=1058  ProtosRootNode@598c4a11                            |Tier 1|Time    16(   6+10  )ms|AST    2|Inlined   0Y   0N|IR    888/  1275|CodeSize    5532|Addr 0x7fdbcbfdf3e0|Timestamp 197864066165330|Src n/a
[engine] opt done   id=1059  ProtosRootNode@355190fb                            |Tier 1|Time  2698( 268+2430)ms|AST   20|Inlined   0Y   0N|IR  20353/ 75041|CodeSize  397465|Addr 0x7fdbcbcb5fc0|Timestamp 197866764311505|Src n/a
[engine] opt done   id=1060  ProtosRootNode@5a8e0857                            |Tier 2|Time    26(   5+21  )ms|AST    2|Inlined   0Y   0N|IR    518/  1448|CodeSize    7174|Addr 0x7fdbcbfafbe0|Timestamp 197866880028399|Src n/a
[engine] opt done   id=1061  ProtosRootNode@568d74f7                            |Tier 2|Time  3279( 266+3013)ms|AST   21|Inlined   0Y   0N|IR  20778/ 68815|CodeSize  387532|Addr 0x7fdbcc4c5720|Timestamp 197870158963278|Src n/a
[engine] opt done   id=1056  ProtosRootNode@4d76cf61                            |Tier 2|Time    19(   5+14  )ms|AST    2|Inlined   0Y   0N|IR    815/   944|CodeSize    4429|Addr 0x7fdbcbfad980|Timestamp 197870267314517|Src n/a
[engine] opt done   id=1057  ProtosRootNode@12c40877                            |Tier 2|Time   916(  71+845 )ms|AST   11|Inlined   0Y   0N|IR  10638/ 32814|CodeSize  176872|Addr 0x7fdbcbba7460|Timestamp 197871183796863|Src n/a
[engine] opt done   id=1058  ProtosRootNode@598c4a11                            |Tier 2|Time    19(   4+15  )ms|AST    2|Inlined   0Y   0N|IR    815/   944|CodeSize    4429|Addr 0x7fdbcbba3400|Timestamp 197871232684178|Src n/a
[engine] opt done   id=1059  ProtosRootNode@355190fb                            |Tier 2|Time  2706( 285+2422)ms|AST   20|Inlined   0Y   0N|IR  20280/ 62658|CodeSize  342484|Addr 0x7fdbcbf2cb80|Timestamp 197873939600207|Src n/a
[engine] opt done   id=1062  ProtosRootNode@39c89a66                            |Tier 1|Time    32(   5+27  )ms|AST    2|Inlined   0Y   0N|IR    888/  2671|CodeSize   13140|Addr 0x7fdbccc958c0|Timestamp 197873994822067|Src n/a
[engine] opt failed id=1063  ProtosRootNode@1f0a77e0                            |Tier 1|Time   49(-197873995+197874044)ms|Reason: jdk.graal.compiler.truffle.GraphTooBigBailoutException: Graph too big to safely compile. Node count: 50681. Graph Size: 150026. Limit: 150000.|Timestamp 197874043914843|Src n/a
[engine] opt failed id=1063  ProtosRootNode@1f0a77e0                            |Tier 1|Time   47(-197874044+197874091)ms|Reason: jdk.graal.compiler.truffle.GraphTooBigBailoutException: Graph too big to safely compile. Node count: 50681. Graph Size: 150026. Limit: 150000.|Timestamp 197874090780467|Src n/a
[engine] opt done   id=1050  ProtosRootNode@17685168                            |Tier 1|Time    15(   4+11  )ms|AST    2|Inlined   0Y   0N|IR    888/  1275|CodeSize    5532|Addr 0x7fdbcbcae260|Timestamp 197874112602913|Src n/a
[engine] opt done   id=1051  ProtosRootNode@15c0f378                            |Tier 1|Time   244(  25+219 )ms|AST    7|Inlined   0Y   0N|IR   4642/ 17482|CodeSize   90120|Addr 0x7fdbcc62c780|Timestamp 197874356677130|Src n/a
[engine] opt done   id=1151  ProtosRootNode@748e824b                            |Tier 1|Time    18(   7+11  )ms|AST    2|Inlined   0Y   0N|IR    591/  1658|CodeSize    7561|Addr 0x7fdbcbcaaba0|Timestamp 197874573349828|Src n/a
[engine] opt done   id=1152  ProtosRootNode@28e8a82e                            |Tier 1|Time  2255( 141+2114)ms|AST   21|Inlined   0Y   0N|IR  20851/ 81773|CodeSize  436754|Addr 0x7fdbcbfebda0|Timestamp 197876828855021|Src n/a
[engine] opt done   id=1147  ProtosRootNode@6d97d2ae                            |Tier 1|Time    15(   5+10  )ms|AST    2|Inlined   0Y   0N|IR    888/  1275|CodeSize    5532|Addr 0x7fdbcbfe3f60|Timestamp 197876870598691|Src n/a
[engine] opt done   id=1148  ProtosRootNode@7f1b8c13                            |Tier 1|Time   767(  93+674 )ms|AST   11|Inlined   0Y   0N|IR  10711/ 39220|CodeSize  206041|Addr 0x7fdbcc90f2c0|Timestamp 197877639486041|Src n/a
[engine] opt done   id=1149  ProtosRootNode@3401acc5                            |Tier 1|Time    16(   5+10  )ms|AST    2|Inlined   0Y   0N|IR    888/  1275|CodeSize    5532|Addr 0x7fdbcbca8360|Timestamp 197877675314568|Src n/a
[engine] opt done   id=1150  ProtosRootNode@7c8abefb                            |Tier 1|Time  2050( 138+1912)ms|AST   20|Inlined   0Y   0N|IR  20353/ 75041|CodeSize  397465|Addr 0x7fdbcc6659c0|Timestamp 197879726406474|Src n/a
[engine] opt done   id=1151  ProtosRootNode@748e824b                            |Tier 2|Time    21(   4+17  )ms|AST    2|Inlined   0Y   0N|IR    518/  1448|CodeSize    7174|Addr 0x7fdbcc8993e0|Timestamp 197879818207591|Src n/a
[engine] opt done   id=1152  ProtosRootNode@28e8a82e                            |Tier 2|Time  2459( 146+2314)ms|AST   21|Inlined   0Y   0N|IR  20778/ 68815|CodeSize  387532|Addr 0x7fdbcbb0db20|Timestamp 197882278117547|Src n/a
[engine] opt done   id=1147  ProtosRootNode@6d97d2ae                            |Tier 2|Time    19(   5+14  )ms|AST    2|Inlined   0Y   0N|IR    815/   944|CodeSize    4429|Addr 0x7fdbcbca6180|Timestamp 197882362500529|Src n/a
[engine] opt done   id=1148  ProtosRootNode@7f1b8c13                            |Tier 2|Time  1180(  72+1108)ms|AST   11|Inlined   0Y   0N|IR  10638/ 32814|CodeSize  176872|Addr 0x7fdbcc84aa60|Timestamp 197883544464853|Src n/a
[engine] opt done   id=1149  ProtosRootNode@3401acc5                            |Tier 2|Time    32(  11+22  )ms|AST    2|Inlined   0Y   0N|IR    815/   944|CodeSize    4429|Addr 0x7fdbcbb07600|Timestamp 197883584892982|Src n/a
[engine] opt done   id=1150  ProtosRootNode@7c8abefb                            |Tier 2|Time  2701( 203+2498)ms|AST   20|Inlined   0Y   0N|IR  20280/ 62658|CodeSize  342484|Addr 0x7fdbcc9b7f80|Timestamp 197886286881949|Src n/a
[engine] opt done   id=1153  ProtosRootNode@71d857af                            |Tier 1|Time    25(   5+20  )ms|AST    2|Inlined   0Y   0N|IR    888/  2671|CodeSize   13140|Addr 0x7fdbcc893740|Timestamp 197886368773379|Src n/a
[engine] opt failed id=1154  ProtosRootNode@8e02f9e                             |Tier 1|Time   48(-197886369+197886417)ms|Reason: jdk.graal.compiler.truffle.GraphTooBigBailoutException: Graph too big to safely compile. Node count: 50681. Graph Size: 150026. Limit: 150000.|Timestamp 197886417307405|Src n/a
[engine] opt failed id=1154  ProtosRootNode@8e02f9e                             |Tier 1|Time   47(-197886423+197886471)ms|Reason: jdk.graal.compiler.truffle.GraphTooBigBailoutException: Graph too big to safely compile. Node count: 50681. Graph Size: 150026. Limit: 150000.|Timestamp 197886470666914|Src n/a
[engine] opt done   id=1141  ProtosRootNode@d5fecb                              |Tier 1|Time    15(   5+11  )ms|AST    2|Inlined   0Y   0N|IR    888/  1275|CodeSize    5532|Addr 0x7fdbcc890d60|Timestamp 197886490480928|Src n/a
[engine] opt done   id=1142  ProtosRootNode@103b4674                            |Tier 1|Time   221(  27+194 )ms|AST    7|Inlined   0Y   0N|IR   4642/ 17482|CodeSize   90120|Addr 0x7fdbcc966300|Timestamp 197886712111291|Src n/a
[engine] opt done   id=1242  ProtosRootNode@3cde75f6                            |Tier 1|Time    46(  10+36  )ms|AST    2|Inlined   0Y   0N|IR    591/  1658|CodeSize    7561|Addr 0x7fdbcc65cda0|Timestamp 197887035216137|Src n/a
[engine] opt done   id=1243  ProtosRootNode@1056ec19                            |Tier 1|Time  3619( 643+2976)ms|AST   21|Inlined   0Y   0N|IR  20851/ 81773|CodeSize  436754|Addr 0x7fdbcbbf96a0|Timestamp 197890654760871|Src n/a
[engine] opt done   id=1238  ProtosRootNode@245426af                            |Tier 1|Time    18(   6+12  )ms|AST    2|Inlined   0Y   0N|IR    888/  1275|CodeSize    5532|Addr 0x7fdbcbbf1860|Timestamp 197890699072283|Src n/a
[engine] opt done   id=1239  ProtosRootNode@70d3f109                            |Tier 1|Time  1032(  96+937 )ms|AST   11|Inlined   0Y   0N|IR  10711/ 39220|CodeSize  206041|Addr 0x7fdbcc7f89c0|Timestamp 197891731934191|Src n/a
[engine] opt done   id=1240  ProtosRootNode@25ddf9c3                            |Tier 1|Time    21(   5+16  )ms|AST    2|Inlined   0Y   0N|IR    888/  1275|CodeSize    5532|Addr 0x7fdbcbbef060|Timestamp 197891781453808|Src n/a
[engine] opt done   id=1241  ProtosRootNode@5f00c0e5                            |Tier 1|Time  2844( 244+2599)ms|AST   20|Inlined   0Y   0N|IR  20353/ 75041|CodeSize  397465|Addr 0x7fdbccbfc940|Timestamp 197894625430717|Src n/a
[engine] opt done   id=1242  ProtosRootNode@3cde75f6                            |Tier 2|Time    21(   4+18  )ms|AST    2|Inlined   0Y   0N|IR    518/  1448|CodeSize    7174|Addr 0x7fdbcc659860|Timestamp 197894760834437|Src n/a
[engine] opt done   id=1243  ProtosRootNode@1056ec19                            |Tier 2|Time  2840( 186+2654)ms|AST   21|Inlined   0Y   0N|IR  20778/ 68815|CodeSize  387532|Addr 0x7fdbcc59b4a0|Timestamp 197897601661507|Src n/a
[engine] opt done   id=1238  ProtosRootNode@245426af                            |Tier 2|Time    29(   6+23  )ms|AST    2|Inlined   0Y   0N|IR    815/   944|CodeSize    4429|Addr 0x7fdbcbbecc00|Timestamp 197897745173002|Src n/a
[engine] opt done   id=1239  ProtosRootNode@70d3f109                            |Tier 2|Time  1386(  95+1291)ms|AST   11|Inlined   0Y   0N|IR  10638/ 32814|CodeSize  176872|Addr 0x7fdbcc140460|Timestamp 197899131547503|Src n/a
[engine] opt done   id=1240  ProtosRootNode@25ddf9c3                            |Tier 2|Time    28(   6+21  )ms|AST    2|Inlined   0Y   0N|IR    815/   944|CodeSize    4429|Addr 0x7fdbcc657600|Timestamp 197899197837322|Src n/a
[engine] opt done   id=1241  ProtosRootNode@5f00c0e5                            |Tier 2|Time  2350( 288+2062)ms|AST   20|Inlined   0Y   0N|IR  20280/ 62658|CodeSize  342484|Addr 0x7fdbcc0be180|Timestamp 197901548934645|Src n/a
[engine] opt done   id=1244  ProtosRootNode@282107e6                            |Tier 1|Time    22(   4+18  )ms|AST    2|Inlined   0Y   0N|IR    888/  2671|CodeSize   13140|Addr 0x7fdbcc651a40|Timestamp 197901617385346|Src n/a
[engine] opt failed id=1245  ProtosRootNode@5e8af30d                            |Tier 1|Time   46(-197901618+197901664)ms|Reason: jdk.graal.compiler.truffle.GraphTooBigBailoutException: Graph too big to safely compile. Node count: 50681. Graph Size: 150026. Limit: 150000.|Timestamp 197901663786110|Src n/a
[engine] opt failed id=1245  ProtosRootNode@5e8af30d                            |Tier 1|Time   56(-197901671+197901727)ms|Reason: jdk.graal.compiler.truffle.GraphTooBigBailoutException: Graph too big to safely compile. Node count: 50681. Graph Size: 150026. Limit: 150000.|Timestamp 197901727476587|Src n/a
[engine] opt done   id=1232  ProtosRootNode@42b9c131                            |Tier 1|Time    14(   5+9   )ms|AST    2|Inlined   0Y   0N|IR    888/  1275|CodeSize    5532|Addr 0x7fdbcb8794e0|Timestamp 197901746264231|Src n/a
[engine] opt done   id=1233  ProtosRootNode@22f5de2e                            |Tier 1|Time   246(  25+221 )ms|AST    7|Inlined   0Y   0N|IR   4642/ 17482|CodeSize   90120|Addr 0x7fdbccca2f00|Timestamp 197901992247833|Src n/a
[engine] opt done   id=1333  ProtosRootNode@2b60d902                            |Tier 1|Time    41(   9+32  )ms|AST    2|Inlined   0Y   0N|IR    591/  1658|CodeSize    7561|Addr 0x7fdbcb875e20|Timestamp 197902272078009|Src n/a
[engine] opt done   id=1334  ProtosRootNode@2c4f4c07                            |Tier 1|Time  2349( 218+2131)ms|AST   21|Inlined   0Y   0N|IR  20851/ 81773|CodeSize  436754|Addr 0x7fdbcc74fd20|Timestamp 197904621696364|Src n/a
[engine] opt done   id=1329  ProtosRootNode@4567d17a                            |Tier 1|Time    15(   5+10  )ms|AST    2|Inlined   0Y   0N|IR    888/  1275|CodeSize    5532|Addr 0x7fdbcb8735e0|Timestamp 197904671734590|Src n/a
[engine] opt done   id=1330  ProtosRootNode@6866c40b                            |Tier 1|Time   996(  90+906 )ms|AST   11|Inlined   0Y   0N|IR  10711/ 39220|CodeSize  206041|Addr 0x7fdbccb756c0|Timestamp 197905670321538|Src n/a
[engine] opt done   id=1331  ProtosRootNode@75dcc2d5                            |Tier 1|Time    16(   5+12  )ms|AST    2|Inlined   0Y   0N|IR    888/  1275|CodeSize    5532|Addr 0x7fdbcb870de0|Timestamp 197905703897353|Src n/a
[engine] opt done   id=1332  ProtosRootNode@201f1a1e                            |Tier 1|Time  2240( 200+2040)ms|AST   20|Inlined   0Y   0N|IR  20353/ 75041|CodeSize  397465|Addr 0x7fdbccada3c0|Timestamp 197907945708041|Src n/a
[engine] opt done   id=1333  ProtosRootNode@2b60d902                            |Tier 2|Time    20(   4+17  )ms|AST    2|Inlined   0Y   0N|IR    518/  1448|CodeSize    7174|Addr 0x7fdbcb86d8e0|Timestamp 197908041984232|Src n/a
[engine] opt done   id=1334  ProtosRootNode@2c4f4c07                            |Tier 2|Time  2034( 148+1886)ms|AST   21|Inlined   0Y   0N|IR  20778/ 68815|CodeSize  387532|Addr 0x7fdbcc25e920|Timestamp 197910078314689|Src n/a
[engine] opt done   id=1329  ProtosRootNode@4567d17a                            |Tier 2|Time    17(   5+12  )ms|AST    2|Inlined   0Y   0N|IR    815/   944|CodeSize    4429|Addr 0x7fdbcb86b680|Timestamp 197910169135597|Src n/a
[engine] opt done   id=1330  ProtosRootNode@6866c40b                            |Tier 2|Time   756(  58+698 )ms|AST   11|Inlined   0Y   0N|IR  10638/ 32814|CodeSize  176872|Addr 0x7fdbcc7072e0|Timestamp 197910925684747|Src n/a
[engine] opt done   id=1331  ProtosRootNode@75dcc2d5                            |Tier 2|Time    25(   4+21  )ms|AST    2|Inlined   0Y   0N|IR    815/   944|CodeSize    4429|Addr 0x7fdbcc703280|Timestamp 197910953834328|Src n/a
[engine] opt done   id=1332  ProtosRootNode@201f1a1e                            |Tier 2|Time  2009( 140+1869)ms|AST   20|Inlined   0Y   0N|IR  20280/ 62658|CodeSize  342484|Addr 0x7fdbcc1da180|Timestamp 197912963110987|Src n/a
[engine] opt done   id=1335  ProtosRootNode@8060fd9                             |Tier 1|Time    24(   5+19  )ms|AST    2|Inlined   0Y   0N|IR    888/  2671|CodeSize   13140|Addr 0x7fdbcb865ac0|Timestamp 197913040906965|Src n/a
[engine] opt failed id=1336  ProtosRootNode@67573f66                            |Tier 1|Time   46(-197913041+197913087)ms|Reason: jdk.graal.compiler.truffle.GraphTooBigBailoutException: Graph too big to safely compile. Node count: 50681. Graph Size: 150026. Limit: 150000.|Timestamp 197913087415709|Src n/a
[engine] opt failed id=1336  ProtosRootNode@67573f66                            |Tier 1|Time   48(-197913094+197913143)ms|Reason: jdk.graal.compiler.truffle.GraphTooBigBailoutException: Graph too big to safely compile. Node count: 50681. Graph Size: 150026. Limit: 150000.|Timestamp 197913142634240|Src n/a
[engine] opt done   id=1323  ProtosRootNode@7eac70f3                            |Tier 1|Time    16(   5+11  )ms|AST    2|Inlined   0Y   0N|IR    888/  1275|CodeSize    5532|Addr 0x7fdbcc700ae0|Timestamp 197913162483535|Src n/a
[engine] opt done   id=1324  ProtosRootNode@288d930d                            |Tier 1|Time   258(  26+232 )ms|AST    7|Inlined   0Y   0N|IR   4642/ 17482|CodeSize   90120|Addr 0x7fdbcbfb8880|Timestamp 197913420983687|Src n/a
[engine] opt done   id=1424  ProtosRootNode@1d813da8                            |Tier 1|Time    37(   8+28  )ms|AST    2|Inlined   0Y   0N|IR    591/  1658|CodeSize    7561|Addr 0x7fdbcb862220|Timestamp 197913688511465|Src n/a
[engine] opt done   id=1425  ProtosRootNode@740a839f                            |Tier 1|Time  2795( 269+2527)ms|AST   21|Inlined   0Y   0N|IR  20851/ 81773|CodeSize  436754|Addr 0x7fdbcbe38020|Timestamp 197916484640371|Src n/a
[engine] opt done   id=1420  ProtosRootNode@7fe4100c                            |Tier 1|Time    15(   5+10  )ms|AST    2|Inlined   0Y   0N|IR    888/  1275|CodeSize    5532|Addr 0x7fdbcbfb5060|Timestamp 197916528245083|Src n/a
[engine] opt done   id=1421  ProtosRootNode@3abb6a17                            |Tier 1|Time   783(  59+724 )ms|AST   11|Inlined   0Y   0N|IR  10711/ 39220|CodeSize  206041|Addr 0x7fdbcbde27c0|Timestamp 197917311493555|Src n/a
[engine] opt done   id=1422  ProtosRootNode@2bab9e15                            |Tier 1|Time    25(   7+18  )ms|AST    2|Inlined   0Y   0N|IR    888/  1275|CodeSize    5532|Addr 0x7fdbcb85f9e0|Timestamp 197917338132815|Src n/a
[engine] opt done   id=1423  ProtosRootNode@4bf036bc                            |Tier 1|Time  2472( 245+2227)ms|AST   20|Inlined   0Y   0N|IR  20353/ 75041|CodeSize  397465|Addr 0x7fdbcba6d140|Timestamp 197919810423633|Src n/a
[engine] opt done   id=1424  ProtosRootNode@1d813da8                            |Tier 2|Time    20(   3+17  )ms|AST    2|Inlined   0Y   0N|IR    518/  1448|CodeSize    7174|Addr 0x7fdbcb85c4e0|Timestamp 197919974839325|Src n/a
[engine] opt done   id=1425  ProtosRootNode@740a839f                            |Tier 2|Time  2076( 138+1937)ms|AST   21|Inlined   0Y   0N|IR  20778/ 68815|CodeSize  387532|Addr 0x7fdbcb9d80a0|Timestamp 197922050911700|Src n/a
[engine] opt done   id=1420  ProtosRootNode@7fe4100c                            |Tier 2|Time    22(   5+17  )ms|AST    2|Inlined   0Y   0N|IR    815/   944|CodeSize    4429|Addr 0x7fdbcc313b00|Timestamp 197922151386355|Src n/a
[engine] opt done   id=1421  ProtosRootNode@3abb6a17                            |Tier 2|Time   906(  63+842 )ms|AST   11|Inlined   0Y   0N|IR  10638/ 32814|CodeSize  176872|Addr 0x7fdbcc193360|Timestamp 197923058074130|Src n/a
[engine] opt done   id=1422  ProtosRootNode@2bab9e15                            |Tier 2|Time    19(   5+14  )ms|AST    2|Inlined   0Y   0N|IR    815/   944|CodeSize    4429|Addr 0x7fdbcc18f300|Timestamp 197923119141276|Src n/a
[engine] opt done   id=1423  ProtosRootNode@4bf036bc                            |Tier 2|Time  2157( 207+1950)ms|AST   20|Inlined   0Y   0N|IR  20280/ 62658|CodeSize  342484|Addr 0x7fdbcbd5fa00|Timestamp 197925276532064|Src n/a
[engine] opt done   id=1426  ProtosRootNode@432052a9                            |Tier 1|Time    23(   5+19  )ms|AST    2|Inlined   0Y   0N|IR    888/  2671|CodeSize   13140|Addr 0x7fdbcc189740|Timestamp 197925342634983|Src n/a
[engine] opt failed id=1427  ProtosRootNode@158bae90                            |Tier 1|Time   53(-197925346+197925400)ms|Reason: jdk.graal.compiler.truffle.GraphTooBigBailoutException: Graph too big to safely compile. Node count: 50681. Graph Size: 150026. Limit: 150000.|Timestamp 197925399535645|Src n/a
[engine] opt failed id=1427  ProtosRootNode@158bae90                            |Tier 1|Time   45(-197925407+197925452)ms|Reason: jdk.graal.compiler.truffle.GraphTooBigBailoutException: Graph too big to safely compile. Node count: 50681. Graph Size: 150026. Limit: 150000.|Timestamp 197925451812744|Src n/a
[engine] opt done   id=1414  ProtosRootNode@8549fcb                             |Tier 1|Time    17(   5+11  )ms|AST    2|Inlined   0Y   0N|IR    888/  1275|CodeSize    5532|Addr 0x7fdbcbd597e0|Timestamp 197925469912238|Src n/a
[engine] opt done   id=1415  ProtosRootNode@75f082d1                            |Tier 1|Time   210(  23+187 )ms|AST    7|Inlined   0Y   0N|IR   4642/ 17482|CodeSize   90120|Addr 0x7fdbcc2f0200|Timestamp 197925681280215|Src n/a
[engine] opt done   id=1515  ProtosRootNode@52770d63                            |Tier 1|Time    17(   5+12  )ms|AST    2|Inlined   0Y   0N|IR    591/  1658|CodeSize    7561|Addr 0x7fdbcbd56120|Timestamp 197925897480867|Src n/a
[engine] opt done   id=1516  ProtosRootNode@35ead17d                            |Tier 1|Time  2299( 159+2140)ms|AST   21|Inlined   0Y   0N|IR  20851/ 81773|CodeSize  436754|Addr 0x7fdbcc419620|Timestamp 197928196465892|Src n/a
[engine] opt done   id=1511  ProtosRootNode@23b983fc                            |Tier 1|Time    16(   5+10  )ms|AST    2|Inlined   0Y   0N|IR    888/  1275|CodeSize    5532|Addr 0x7fdbcbd538e0|Timestamp 197928258187779|Src n/a
[engine] opt done   id=1512  ProtosRootNode@5d08f931                            |Tier 1|Time   680(  68+612 )ms|AST   11|Inlined   0Y   0N|IR  10711/ 39220|CodeSize  206041|Addr 0x7fdbcb983b40|Timestamp 197928938781417|Src n/a
[engine] opt done   id=1513  ProtosRootNode@4caf3d71                            |Tier 1|Time    15(   5+10  )ms|AST    2|Inlined   0Y   0N|IR    888/  1275|CodeSize    5532|Addr 0x7fdbcb97e9e0|Timestamp 197928973511853|Src n/a
[engine] opt done   id=1514  ProtosRootNode@13278eea                            |Tier 1|Time  2128( 210+1918)ms|AST   20|Inlined   0Y   0N|IR  20353/ 75041|CodeSize  397465|Addr 0x7fdbcc37b640|Timestamp 197931102239784|Src n/a
[engine] opt done   id=1515  ProtosRootNode@52770d63                            |Tier 2|Time    20(   4+17  )ms|AST    2|Inlined   0Y   0N|IR    518/  1448|CodeSize    7174|Addr 0x7fdbcb97b4e0|Timestamp 197931198349265|Src n/a
[engine] opt done   id=1516  ProtosRootNode@35ead17d                            |Tier 2|Time  2264( 259+2005)ms|AST   21|Inlined   0Y   0N|IR  20778/ 68815|CodeSize  387532|Addr 0x7fdbccdd2a20|Timestamp 197933464370100|Src n/a
[engine] opt done   id=1511  ProtosRootNode@23b983fc                            |Tier 2|Time    19(   5+13  )ms|AST    2|Inlined   0Y   0N|IR    815/   944|CodeSize    4429|Addr 0x7fdbcb979280|Timestamp 197933553425017|Src n/a
[engine] opt done   id=1512  ProtosRootNode@5d08f931                            |Tier 2|Time   788(  61+728 )ms|AST   11|Inlined   0Y   0N|IR  10638/ 32814|CodeSize  176872|Addr 0x7fdbcc332ce0|Timestamp 197934341812117|Src n/a
[engine] opt done   id=1513  ProtosRootNode@4caf3d71                            |Tier 2|Time    41(   8+32  )ms|AST    2|Inlined   0Y   0N|IR    815/   944|CodeSize    4429|Addr 0x7fdbcb977100|Timestamp 197934391628305|Src n/a
[engine] opt done   id=1514  ProtosRootNode@13278eea                            |Tier 2|Time  2068( 161+1907)ms|AST   20|Inlined   0Y   0N|IR  20280/ 62658|CodeSize  342484|Addr 0x7fdbcce65f80|Timestamp 197936459483093|Src n/a
[engine] opt done   id=1517  ProtosRootNode@1f079618                            |Tier 1|Time    22(   4+17  )ms|AST    2|Inlined   0Y   0N|IR    888/  2671|CodeSize   13140|Addr 0x7fdbcb971540|Timestamp 197936530195026|Src n/a
[engine] opt failed id=1518  ProtosRootNode@2657ab48                            |Tier 1|Time   44(-197936530+197936574)ms|Reason: jdk.graal.compiler.truffle.GraphTooBigBailoutException: Graph too big to safely compile. Node count: 50681. Graph Size: 150026. Limit: 150000.|Timestamp 197936574383720|Src n/a
[engine] opt failed id=1518  ProtosRootNode@2657ab48                            |Tier 1|Time   43(-197936580+197936623)ms|Reason: jdk.graal.compiler.truffle.GraphTooBigBailoutException: Graph too big to safely compile. Node count: 50681. Graph Size: 150026. Limit: 150000.|Timestamp 197936623347446|Src n/a
[engine] opt done   id=1505  ProtosRootNode@4fd77c43                            |Tier 1|Time    14(   4+10  )ms|AST    2|Inlined   0Y   0N|IR    888/  1275|CodeSize    5532|Addr 0x7fdbcb96eb60|Timestamp 197936641941370|Src n/a
[engine] opt done   id=1506  ProtosRootNode@31988386                            |Tier 1|Time   224(  25+199 )ms|AST    7|Inlined   0Y   0N|IR   4642/ 17482|CodeSize   90120|Addr 0x7fdbcc990c00|Timestamp 197936868008030|Src n/a
[engine] opt done   id=1606  ProtosRootNode@1129cacf                            |Tier 1|Time    31(   9+22  )ms|AST    2|Inlined   0Y   0N|IR    591/  1658|CodeSize    7561|Addr 0x7fdbcc98c520|Timestamp 197937121827890|Src n/a
[engine] opt done   id=1607  ProtosRootNode@255fc8fc                            |Tier 1|Time  2156( 162+1994)ms|AST   21|Inlined   0Y   0N|IR  20851/ 81773|CodeSize  436754|Addr 0x7fdbcceeba20|Timestamp 197939279993869|Src n/a
[engine] opt done   id=1602  ProtosRootNode@63719761                            |Tier 1|Time    14(   4+10  )ms|AST    2|Inlined   0Y   0N|IR    888/  1275|CodeSize    5532|Addr 0x7fdbcb96a460|Timestamp 197939323163511|Src n/a
[engine] opt done   id=1603  ProtosRootNode@6c4ba254                            |Tier 1|Time   680(  62+618 )ms|AST   11|Inlined   0Y   0N|IR  10711/ 39220|CodeSize  206041|Addr 0x7fdbccf92740|Timestamp 197940003590532|Src n/a
[engine] opt done   id=1604  ProtosRootNode@65bb74b5                            |Tier 1|Time    14(   4+10  )ms|AST    2|Inlined   0Y   0N|IR    888/  1275|CodeSize    5532|Addr 0x7fdbcb967c60|Timestamp 197940039217148|Src n/a
[engine] opt done   id=1605  ProtosRootNode@5f45b7e8                            |Tier 1|Time  1969( 144+1825)ms|AST   20|Inlined   0Y   0N|IR  20353/ 75041|CodeSize  397465|Addr 0x7fdbccfe7ec0|Timestamp 197942010724809|Src n/a
[engine] opt done   id=1606  ProtosRootNode@1129cacf                            |Tier 2|Time    19(   4+16  )ms|AST    2|Inlined   0Y   0N|IR    518/  1448|CodeSize    7174|Addr 0x7fdbcc32d960|Timestamp 197942148169662|Src n/a
[engine] opt done   id=1607  ProtosRootNode@255fc8fc                            |Tier 2|Time  2261( 144+2117)ms|AST   21|Inlined   0Y   0N|IR  20778/ 68815|CodeSize  387532|Addr 0x7fdbcd084ba0|Timestamp 197944410907703|Src n/a
[engine] opt done   id=1602  ProtosRootNode@63719761                            |Tier 2|Time    18(   5+13  )ms|AST    2|Inlined   0Y   0N|IR    815/   944|CodeSize    4429|Addr 0x7fdbcb963700|Timestamp 197944489429922|Src n/a
[engine] opt done   id=1603  ProtosRootNode@6c4ba254                            |Tier 2|Time   669(  57+612 )ms|AST   11|Inlined   0Y   0N|IR  10638/ 32814|CodeSize  176872|Addr 0x7fdbcd116560|Timestamp 197945158723325|Src n/a
[engine] opt done   id=1604  ProtosRootNode@65bb74b5                            |Tier 2|Time    23(   4+19  )ms|AST    2|Inlined   0Y   0N|IR    815/   944|CodeSize    4429|Addr 0x7fdbcc32b700|Timestamp 197945185505155|Src n/a
[engine] opt done   id=1605  ProtosRootNode@5f45b7e8                            |Tier 2|Time  2270( 219+2051)ms|AST   20|Inlined   0Y   0N|IR  20280/ 62658|CodeSize  342484|Addr 0x7fdbcd15d380|Timestamp 197947455411343|Src n/a
[engine] opt done   id=1608  ProtosRootNode@4bdb3de5                            |Tier 1|Time    24(   5+19  )ms|AST    2|Inlined   0Y   0N|IR    888/  2671|CodeSize   13140|Addr 0x7fdbcc324840|Timestamp 197947531837601|Src n/a
[engine] opt failed id=1609  ProtosRootNode@1c4d066b                            |Tier 1|Time   44(-197947532+197947576)ms|Reason: jdk.graal.compiler.truffle.GraphTooBigBailoutException: Graph too big to safely compile. Node count: 50681. Graph Size: 150026. Limit: 150000.|Timestamp 197947576461015|Src n/a
[engine] opt failed id=1609  ProtosRootNode@1c4d066b                            |Tier 1|Time   48(-197947589+197947637)ms|Reason: jdk.graal.compiler.truffle.GraphTooBigBailoutException: Graph too big to safely compile. Node count: 50681. Graph Size: 150026. Limit: 150000.|Timestamp 197947636594820|Src n/a
[engine] opt done   id=1596  ProtosRootNode@13fe509f                            |Tier 1|Time    15(   4+10  )ms|AST    2|Inlined   0Y   0N|IR    888/  1275|CodeSize    5532|Addr 0x7fdbcc321e60|Timestamp 197947655528474|Src n/a
[engine] opt done   id=1597  ProtosRootNode@680ca99a                            |Tier 1|Time   218(  25+193 )ms|AST    7|Inlined   0Y   0N|IR   4642/ 17482|CodeSize   90120|Addr 0x7fdbcc096e00|Timestamp 197947874249349|Src n/a
[engine] opt done   id=1697  ProtosRootNode@32af9451                            |Tier 1|Time    32(   8+24  )ms|AST    2|Inlined   0Y   0N|IR    591/  1658|CodeSize    7561|Addr 0x7fdbcc092720|Timestamp 197948113919019|Src n/a
[engine] opt done   id=1698  ProtosRootNode@28b3ba5                             |Tier 1|Time  3185( 215+2970)ms|AST   21|Inlined   0Y   0N|IR  20851/ 81773|CodeSize  436754|Addr 0x7fdbcd1e2e20|Timestamp 197951300832781|Src n/a
[engine] opt done   id=1693  ProtosRootNode@5e472319                            |Tier 1|Time    23(   8+15  )ms|AST    2|Inlined   0Y   0N|IR    888/  1275|CodeSize    5532|Addr 0x7fdbcc31f660|Timestamp 197951358695115|Src n/a
[engine] opt done   id=1694  ProtosRootNode@3d1327ab                            |Tier 1|Time  1086( 101+986 )ms|AST   11|Inlined   0Y   0N|IR  10711/ 39220|CodeSize  206041|Addr 0x7fdbcd289b40|Timestamp 197952445554965|Src n/a
[engine] opt done   id=1695  ProtosRootNode@4cd535ec                            |Tier 1|Time    24(   7+16  )ms|AST    2|Inlined   0Y   0N|IR    888/  1275|CodeSize    5532|Addr 0x7fdbcc31ce60|Timestamp 197952499067585|Src n/a
[engine] opt done   id=1696  ProtosRootNode@369b83b4                            |Tier 1|Time  3168( 292+2877)ms|AST   20|Inlined   0Y   0N|IR  20353/ 75041|CodeSize  397465|Addr 0x7fdbcb291040|Timestamp 197955669015439|Src n/a
[engine] opt done   id=1697  ProtosRootNode@32af9451                            |Tier 2|Time    22(   4+18  )ms|AST    2|Inlined   0Y   0N|IR    518/  1448|CodeSize    7174|Addr 0x7fdbcb339160|Timestamp 197955833734173|Src n/a
[engine] opt done   id=1698  ProtosRootNode@28b3ba5                             |Tier 2|Time  3409( 225+3184)ms|AST   21|Inlined   0Y   0N|IR  20778/ 68815|CodeSize  387532|Addr 0x7fdbcb344320|Timestamp 197959242759031|Src n/a
[engine] opt done   id=1693  ProtosRootNode@5e472319                            |Tier 2|Time    30(   8+22  )ms|AST    2|Inlined   0Y   0N|IR    815/   944|CodeSize    4429|Addr 0x7fdbcb718e80|Timestamp 197959390187722|Src n/a
[engine] opt done   id=1694  ProtosRootNode@3d1327ab                            |Tier 2|Time  1164( 113+1051)ms|AST   11|Inlined   0Y   0N|IR  10638/ 32814|CodeSize  176872|Addr 0x7fdbcb3e9160|Timestamp 197960554924724|Src n/a
[engine] opt done   id=1695  ProtosRootNode@4cd535ec                            |Tier 2|Time    30(   5+25  )ms|AST    2|Inlined   0Y   0N|IR    815/   944|CodeSize    4429|Addr 0x7fdbcb931a80|Timestamp 197960588261609|Src n/a
[engine] opt done   id=1696  ProtosRootNode@369b83b4                            |Tier 2|Time  2759( 177+2582)ms|AST   20|Inlined   0Y   0N|IR  20280/ 62658|CodeSize  342484|Addr 0x7fdbcb45bd80|Timestamp 197963347235349|Src n/a
[engine] opt done   id=1699  ProtosRootNode@2bc05a0c                            |Tier 1|Time    43(  10+33  )ms|AST    2|Inlined   0Y   0N|IR    888/  2671|CodeSize   13140|Addr 0x7fdbcb5c7dc0|Timestamp 197963456554802|Src n/a
[engine] opt failed id=1700  ProtosRootNode@327998ba                            |Tier 1|Time   59(-197963457+197963516)ms|Reason: jdk.graal.compiler.truffle.GraphTooBigBailoutException: Graph too big to safely compile. Node count: 50681. Graph Size: 150026. Limit: 150000.|Timestamp 197963516251487|Src n/a
[engine] opt failed id=1700  ProtosRootNode@327998ba                            |Tier 1|Time   55(-197963527+197963582)ms|Reason: jdk.graal.compiler.truffle.GraphTooBigBailoutException: Graph too big to safely compile. Node count: 50681. Graph Size: 150026. Limit: 150000.|Timestamp 197963581616707|Src n/a
[engine] opt done   id=1687  ProtosRootNode@46a6cb88                            |Tier 1|Time    20(   7+13  )ms|AST    2|Inlined   0Y   0N|IR    888/  1275|CodeSize    5532|Addr 0x7fdbcb201960|Timestamp 197963601821662|Src n/a
[engine] opt done   id=1688  ProtosRootNode@45365e90                            |Tier 1|Time   310(  31+278 )ms|AST    7|Inlined   0Y   0N|IR   4642/ 17482|CodeSize   90120|Addr 0x7fdbcb5d2e00|Timestamp 197963911721157|Src n/a
[engine] opt done   id=1788  ProtosRootNode@6214482d                            |Tier 1|Time    51(  12+39  )ms|AST    2|Inlined   0Y   0N|IR    591/  1658|CodeSize    7561|Addr 0x7fdbcb144f20|Timestamp 197964244880770|Src n/a
[engine] opt done   id=1789  ProtosRootNode@1dac88f8                            |Tier 1|Time  3171( 272+2899)ms|AST   21|Inlined   0Y   0N|IR  20851/ 81773|CodeSize  436754|Addr 0x7fdbcb15b5a0|Timestamp 197967417761937|Src n/a
[engine] opt done   id=1784  ProtosRootNode@1ad034d                             |Tier 1|Time    17(   5+12  )ms|AST    2|Inlined   0Y   0N|IR    888/  1275|CodeSize    5532|Addr 0x7fdbcb5cf260|Timestamp 197967462045061|Src n/a
[engine] opt done   id=1785  ProtosRootNode@52cd35f8                            |Tier 1|Time  1136( 103+1033)ms|AST   11|Inlined   0Y   0N|IR  10711/ 39220|CodeSize  206041|Addr 0x7fdbcb20a0c0|Timestamp 197968598563394|Src n/a
[engine] opt done   id=1786  ProtosRootNode@17445dc8                            |Tier 1|Time    32(   7+25  )ms|AST    2|Inlined   0Y   0N|IR    888/  1275|CodeSize    5532|Addr 0x7fdbcbca1c60|Timestamp 197968631675099|Src n/a
[engine] opt done   id=1787  ProtosRootNode@4c4df8ed                            |Tier 1|Time  2690( 248+2442)ms|AST   20|Inlined   0Y   0N|IR  20353/ 75041|CodeSize  397465|Addr 0x7fdbcb7209c0|Timestamp 197971321732803|Src n/a
[engine] opt done   id=1788  ProtosRootNode@6214482d                            |Tier 2|Time    31(   6+26  )ms|AST    2|Inlined   0Y   0N|IR    518/  1448|CodeSize    7174|Addr 0x7fdbcb7bfae0|Timestamp 197971454338354|Src n/a
[engine] opt done   id=1789  ProtosRootNode@1dac88f8                            |Tier 2|Time  3460( 247+3213)ms|AST   21|Inlined   0Y   0N|IR  20778/ 68815|CodeSize  387532|Addr 0x7fdbcb7c7620|Timestamp 197974914917107|Src n/a
[engine] opt done   id=1784  ProtosRootNode@1ad034d                             |Tier 2|Time    38(   7+31  )ms|AST    2|Inlined   0Y   0N|IR    815/   944|CodeSize    4429|Addr 0x7fdbcb963700|Timestamp 197975010419040|Src n/a
[engine] opt done   id=1785  ProtosRootNode@52cd35f8                            |Tier 2|Time  1234( 105+1129)ms|AST   11|Inlined   0Y   0N|IR  10638/ 32814|CodeSize  176872|Addr 0x7fdbcbee27e0|Timestamp 197976245181841|Src n/a
[engine] opt done   id=1786  ProtosRootNode@17445dc8                            |Tier 2|Time    31(   6+25  )ms|AST    2|Inlined   0Y   0N|IR    815/   944|CodeSize    4429|Addr 0x7fdbcbedd300|Timestamp 197976282257899|Src n/a
[engine] opt done   id=1787  ProtosRootNode@4c4df8ed                            |Tier 2|Time  2856( 253+2603)ms|AST   20|Inlined   0Y   0N|IR  20280/ 62658|CodeSize  342484|Addr 0x7fdbcb8aa680|Timestamp 197979138783767|Src n/a
[engine] opt done   id=1790  ProtosRootNode@4fe4dfd9                            |Tier 1|Time    50(   6+44  )ms|AST    2|Inlined   0Y   0N|IR    888/  2671|CodeSize   13140|Addr 0x7fdbcb92b1c0|Timestamp 197979222516180|Src n/a
[engine] opt failed id=1791  ProtosRootNode@4dd8b477                            |Tier 1|Time   55(-197979223+197979278)ms|Reason: jdk.graal.compiler.truffle.GraphTooBigBailoutException: Graph too big to safely compile. Node count: 50681. Graph Size: 150026. Limit: 150000.|Timestamp 197979277539692|Src n/a
[engine] opt failed id=1791  ProtosRootNode@4dd8b477                            |Tier 1|Time   60(-197979278+197979338)ms|Reason: jdk.graal.compiler.truffle.GraphTooBigBailoutException: Graph too big to safely compile. Node count: 50681. Graph Size: 150026. Limit: 150000.|Timestamp 197979338440819|Src n/a
[engine] opt done   id=1778  ProtosRootNode@1f3e095c                            |Tier 1|Time    20(   5+15  )ms|AST    2|Inlined   0Y   0N|IR    888/  1275|CodeSize    5532|Addr 0x7fdbcbd4f260|Timestamp 197979375905637|Src n/a
[engine] opt done   id=1779  ProtosRootNode@68b54590                            |Tier 1|Time   349(  34+315 )ms|AST    7|Inlined   0Y   0N|IR   4642/ 17482|CodeSize   90120|Addr 0x7fdbcb935580|Timestamp 197979725566574|Src n/a
[engine] opt done   id=1879  ProtosRootNode@69395785                            |Tier 1|Time    47(  11+37  )ms|AST    2|Inlined   0Y   0N|IR    591/  1658|CodeSize    7561|Addr 0x7fdbcb25a920|Timestamp 197980009192871|Src n/a
[engine] opt done   id=1880  ProtosRootNode@5ef93d7d                            |Tier 1|Time  3607( 288+3319)ms|AST   21|Inlined   0Y   0N|IR  20851/ 81773|CodeSize  436754|Addr 0x7fdbcb618d20|Timestamp 197983616525085|Src n/a
[engine] opt done   id=1875  ProtosRootNode@56aee0d1                            |Tier 1|Time    21(   6+16  )ms|AST    2|Inlined   0Y   0N|IR    888/  1275|CodeSize    5532|Addr 0x7fdbcbfdf3e0|Timestamp 197983683893787|Src n/a
[engine] opt done   id=1876  ProtosRootNode@4d593b3a                            |Tier 1|Time  1365(  94+1271)ms|AST   11|Inlined   0Y   0N|IR  10711/ 39220|CodeSize  206041|Addr 0x7fdbcb6c8340|Timestamp 197985049648330|Src n/a
[engine] opt done   id=1877  ProtosRootNode@590ebd3f                            |Tier 1|Time    42(   7+35  )ms|AST    2|Inlined   0Y   0N|IR    888/  1275|CodeSize    5532|Addr 0x7fdbcb4519e0|Timestamp 197985092914464|Src n/a
[engine] opt done   id=1878  ProtosRootNode@48180000                            |Tier 1|Time  2882( 269+2613)ms|AST   20|Inlined   0Y   0N|IR  20353/ 75041|CodeSize  397465|Addr 0x7fdbcbcb5fc0|Timestamp 197987975360109|Src n/a
[engine] opt done   id=1879  ProtosRootNode@69395785                            |Tier 2|Time    28(   5+23  )ms|AST    2|Inlined   0Y   0N|IR    518/  1448|CodeSize    7174|Addr 0x7fdbcb60f060|Timestamp 197988107790840|Src n/a
[engine] opt done   id=1880  ProtosRootNode@5ef93d7d                            |Tier 2|Time  3507( 254+3252)ms|AST   21|Inlined   0Y   0N|IR  20778/ 68815|CodeSize  387532|Addr 0x7fdbcc4c5720|Timestamp 197991614800116|Src n/a
[engine] opt done   id=1875  ProtosRootNode@56aee0d1                            |Tier 2|Time    28(   5+23  )ms|AST    2|Inlined   0Y   0N|IR    815/   944|CodeSize    4429|Addr 0x7fdbcbf25e80|Timestamp 197991734787658|Src n/a
[engine] opt done   id=1876  ProtosRootNode@4d593b3a                            |Tier 2|Time  1172(  77+1095)ms|AST   11|Inlined   0Y   0N|IR  10638/ 32814|CodeSize  176872|Addr 0x7fdbcbba7460|Timestamp 197992906927637|Src n/a
[engine] opt done   id=1877  ProtosRootNode@590ebd3f                            |Tier 2|Time    34(   5+29  )ms|AST    2|Inlined   0Y   0N|IR    815/   944|CodeSize    4429|Addr 0x7fdbcbba3400|Timestamp 197992944793736|Src n/a
[engine] opt done   id=1878  ProtosRootNode@48180000                            |Tier 2|Time  2830( 309+2521)ms|AST   20|Inlined   0Y   0N|IR  20280/ 62658|CodeSize  342484|Addr 0x7fdbcbf2cb80|Timestamp 197995775390198|Src n/a
[engine] opt done   id=1881  ProtosRootNode@5ffa7367                            |Tier 1|Time    36(   7+29  )ms|AST    2|Inlined   0Y   0N|IR    888/  2671|CodeSize   13140|Addr 0x7fdbccc958c0|Timestamp 197995846511642|Src n/a
[engine] opt failed id=1882  ProtosRootNode@33371e0                             |Tier 1|Time   54(-197995847+197995901)ms|Reason: jdk.graal.compiler.truffle.GraphTooBigBailoutException: Graph too big to safely compile. Node count: 50681. Graph Size: 150026. Limit: 150000.|Timestamp 197995901039574|Src n/a
[engine] opt failed id=1882  ProtosRootNode@33371e0                             |Tier 1|Time   78(-197995903+197995981)ms|Reason: jdk.graal.compiler.truffle.GraphTooBigBailoutException: Graph too big to safely compile. Node count: 50681. Graph Size: 150026. Limit: 150000.|Timestamp 197995982705897|Src n/a
[engine] opt done   id=1869  ProtosRootNode@580ae865                            |Tier 1|Time    41(  14+28  )ms|AST    2|Inlined   0Y   0N|IR    888/  1275|CodeSize    5532|Addr 0x7fdbcb96a460|Timestamp 197996055097702|Src n/a
[engine] opt done   id=1870  ProtosRootNode@20ea44ba                            |Tier 1|Time   340(  27+313 )ms|AST    7|Inlined   0Y   0N|IR   4642/ 17482|CodeSize   90120|Addr 0x7fdbcc62c780|Timestamp 197996396386794|Src n/a
