WARMUP	1	14507210994	528
WARMUP	2	15160579449	528
WARMUP	3	13807884446	528
WARMUP	4	11504011847	528
WARMUP	5	12631492831	528
WARMUP	6	10856790133	528
WARMUP	7	10957990425	528
WARMUP	8	10785918391	528
WARMUP	9	12619750260	528
WARMUP	10	16893135195	528
WARMUP	11	15259205924	528
WARMUP	12	12425634513	528
WARMUP	13	15242650305	528
WARMUP	14	11421814840	528
WARMUP	15	12229692857	528
WARMUP	16	11212700944	528
WARMUP	17	10991599209	528
WARMUP	18	16102644369	528
WARMUP	19	15776254550	528
WARMUP	20	16694956140	528
