$ taskset -c 0 java -Dprotos.benchmarks.peer.language=js -cp /workspaces/protos-benchmarks/.work/embedded/peer-25.4.4.1.1/executable-value/d0088eaa89ece882c7363b6d2a332ffbdffae8594feb7a0767135a1f7f2b5cd4/classes:/home/vscode/.m2/repository/org/graalvm/polyglot/polyglot/25.4.4.1.1/polyglot-25.4.4.1.1.jar:/home/vscode/.m2/repository/org/graalvm/sdk/collections/25.4.4.1.1/collections-25.4.4.1.1.jar:/home/vscode/.m2/repository/org/graalvm/sdk/nativeimage/25.4.4.1.1/nativeimage-25.4.4.1.1.jar:/home/vscode/.m2/repository/org/graalvm/sdk/word/25.4.4.1.1/word-25.4.4.1.1.jar:/home/vscode/.m2/repository/org/graalvm/polyglot/js/25.4.4.1.1/js-25.4.4.1.1.pom:/home/vscode/.m2/repository/org/graalvm/js/js/25.4.4.1.1/js-25.4.4.1.1.pom:/home/vscode/.m2/repository/org/graalvm/js/js-language/25.4.4.1.1/js-language-25.4.4.1.1.jar:/home/vscode/.m2/repository/org/graalvm/regex/regex/25.4.4.1.1/regex-25.4.4.1.1.jar:/home/vscode/.m2/repository/org/graalvm/truffle/truffle-api/25.4.4.1.1/truffle-api-25.4.4.1.1.jar:/home/vscode/.m2/repository/org/graalvm/sdk/jniutils/25.4.4.1.1/jniutils-25.4.4.1.1.jar:/home/vscode/.m2/repository/org/graalvm/shadowed/icu4j/25.4.4.1.1/icu4j-25.4.4.1.1.jar:/home/vscode/.m2/repository/org/graalvm/truffle/truffle-runtime/25.4.4.1.1/truffle-runtime-25.4.4.1.1.jar:/home/vscode/.m2/repository/org/graalvm/truffle/truffle-compiler/25.4.4.1.1/truffle-compiler-25.4.4.1.1.jar:/home/vscode/.m2/repository/org/graalvm/polyglot/python/25.4.4.1.1/python-25.4.4.1.1.pom:/home/vscode/.m2/repository/org/graalvm/python/python/25.4.4.1.1/python-25.4.4.1.1.pom:/home/vscode/.m2/repository/org/graalvm/python/python-language/25.4.4.1.1/python-language-25.4.4.1.1.jar:/home/vscode/.m2/repository/org/graalvm/tools/profiler-tool/25.4.4.1.1/profiler-tool-25.4.4.1.1.jar:/home/vscode/.m2/repository/org/graalvm/shadowed/json/25.4.4.1.1/json-25.4.4.1.1.jar:/home/vscode/.m2/repository/org/graalvm/shadowed/xz/25.4.4.1.1/xz-25.4.4.1.1.jar:/home/vscode/.m2/repository/org/graalvm/python/python-resources/25.4.4.1.1/python-resources-25.4.4.1.1.jar com.guillermomolina.protos.benchmarks.measure.peer.PeerExecutableSurface measure - /workspaces/protos-benchmarks/truffle/workloads/primitive-object-slot-write/primitive-object-slot-write.mjs 50 10 10000 -
WARNING: A restricted method in java.lang.System has been called
WARNING: java.lang.System::load has been called by com.oracle.truffle.polyglot.JDKSupport in an unnamed module (file:/home/vscode/.m2/repository/org/graalvm/truffle/truffle-api/25.4.4.1.1/truffle-api-25.4.4.1.1.jar)
WARNING: Use --enable-native-access=ALL-UNNAMED to avoid a warning for callers in this module
WARNING: Restricted methods will be blocked in a future release unless native access is enabled

WARNING: A terminally deprecated method in sun.misc.Unsafe has been called
WARNING: sun.misc.Unsafe::objectFieldOffset has been called by com.oracle.truffle.runtime.hotspot.HotSpotTruffleRuntime (file:/home/vscode/.m2/repository/org/graalvm/truffle/truffle-runtime/25.4.4.1.1/truffle-runtime-25.4.4.1.1.jar)
WARNING: Please consider reporting this to the maintainers of class com.oracle.truffle.runtime.hotspot.HotSpotTruffleRuntime
WARNING: sun.misc.Unsafe::objectFieldOffset will be removed in a future release
mode=jvm
surface=executable-value
language=js
run_mode=executable-value
source=/workspaces/protos-benchmarks/truffle/workloads/primitive-object-slot-write/primitive-object-slot-write.mjs
warmup_iterations=50
steady_iterations=10
sample_calls=10000
setup_ns=1073969877
sample phase=cold iteration=1 elapsed_ns=6412733
sample phase=warmup iteration=1 elapsed_ns=296100268
sample phase=warmup iteration=2 elapsed_ns=31755163
sample phase=warmup iteration=3 elapsed_ns=14437516
sample phase=warmup iteration=4 elapsed_ns=16042537
sample phase=warmup iteration=5 elapsed_ns=13574451
sample phase=warmup iteration=6 elapsed_ns=10015286
sample phase=warmup iteration=7 elapsed_ns=10135227
sample phase=warmup iteration=8 elapsed_ns=11223735
sample phase=warmup iteration=9 elapsed_ns=5883959
sample phase=warmup iteration=10 elapsed_ns=6055470
sample phase=warmup iteration=11 elapsed_ns=5577816
sample phase=warmup iteration=12 elapsed_ns=5599757
sample phase=warmup iteration=13 elapsed_ns=6753506
sample phase=warmup iteration=14 elapsed_ns=3418903
sample phase=warmup iteration=15 elapsed_ns=3281502
sample phase=warmup iteration=16 elapsed_ns=3296482
sample phase=warmup iteration=17 elapsed_ns=9934456
sample phase=warmup iteration=18 elapsed_ns=2021833
sample phase=warmup iteration=19 elapsed_ns=4121358
sample phase=warmup iteration=20 elapsed_ns=3240342
sample phase=warmup iteration=21 elapsed_ns=3334722
sample phase=warmup iteration=22 elapsed_ns=1826653
sample phase=warmup iteration=23 elapsed_ns=3682454
sample phase=warmup iteration=24 elapsed_ns=3332553
sample phase=warmup iteration=25 elapsed_ns=2895729
sample phase=warmup iteration=26 elapsed_ns=4861493
sample phase=warmup iteration=27 elapsed_ns=3803925
sample phase=warmup iteration=28 elapsed_ns=3079280
sample phase=warmup iteration=29 elapsed_ns=2773719
sample phase=warmup iteration=30 elapsed_ns=1318229
sample phase=warmup iteration=31 elapsed_ns=2725928
sample phase=warmup iteration=32 elapsed_ns=3858746
sample phase=warmup iteration=33 elapsed_ns=1495200
sample phase=warmup iteration=34 elapsed_ns=2947060
sample phase=warmup iteration=35 elapsed_ns=2905890
sample phase=warmup iteration=36 elapsed_ns=5736128
sample phase=warmup iteration=37 elapsed_ns=643314
sample phase=warmup iteration=38 elapsed_ns=1361189
sample phase=warmup iteration=39 elapsed_ns=642844
sample phase=warmup iteration=40 elapsed_ns=645625
sample phase=warmup iteration=41 elapsed_ns=3042140
sample phase=warmup iteration=42 elapsed_ns=668005
sample phase=warmup iteration=43 elapsed_ns=2088654
sample phase=warmup iteration=44 elapsed_ns=649585
sample phase=warmup iteration=45 elapsed_ns=649574
sample phase=warmup iteration=46 elapsed_ns=2027354
sample phase=warmup iteration=47 elapsed_ns=657254
sample phase=warmup iteration=48 elapsed_ns=2262546
sample phase=warmup iteration=49 elapsed_ns=649084
sample phase=warmup iteration=50 elapsed_ns=2266345
sample phase=steady iteration=1 elapsed_ns=651524
sample phase=steady iteration=2 elapsed_ns=653894
sample phase=steady iteration=3 elapsed_ns=2278536
sample phase=steady iteration=4 elapsed_ns=660524
sample phase=steady iteration=5 elapsed_ns=2268325
sample phase=steady iteration=6 elapsed_ns=648275
sample phase=steady iteration=7 elapsed_ns=2265465
sample phase=steady iteration=8 elapsed_ns=642864
sample phase=steady iteration=9 elapsed_ns=646224
sample phase=steady iteration=10 elapsed_ns=653784
result=2
