$ taskset -c 0 java -cp /workspaces/protos-benchmarks/.work/embedded/997f633755574bab438897379229b75ace2bd733/canonical/56c598ef559eb45ffbe2fdb5747559be39d1620490cb45998b52efa800949b82/classes:/workspaces/protos/target/classes:/home/vscode/.m2/repository/org/jline/jline/3.30.6/jline-3.30.6.jar:/home/vscode/.m2/repository/com/ibm/icu/icu4j/78.1/icu4j-78.1.jar:/home/vscode/.m2/repository/org/graalvm/sdk/graal-sdk/25.4.4.1.1/graal-sdk-25.4.4.1.1.jar:/home/vscode/.m2/repository/org/graalvm/sdk/collections/25.4.4.1.1/collections-25.4.4.1.1.jar:/home/vscode/.m2/repository/org/graalvm/sdk/nativeimage/25.4.4.1.1/nativeimage-25.4.4.1.1.jar:/home/vscode/.m2/repository/org/graalvm/sdk/word/25.4.4.1.1/word-25.4.4.1.1.jar:/home/vscode/.m2/repository/org/graalvm/polyglot/polyglot/25.4.4.1.1/polyglot-25.4.4.1.1.jar:/home/vscode/.m2/repository/org/graalvm/truffle/truffle-api/25.4.4.1.1/truffle-api-25.4.4.1.1.jar:/home/vscode/.m2/repository/org/graalvm/sdk/jniutils/25.4.4.1.1/jniutils-25.4.4.1.1.jar:/home/vscode/.m2/repository/org/graalvm/truffle/truffle-runtime/25.4.4.1.1/truffle-runtime-25.4.4.1.1.jar:/home/vscode/.m2/repository/org/graalvm/truffle/truffle-compiler/25.4.4.1.1/truffle-compiler-25.4.4.1.1.jar:/home/vscode/.m2/repository/org/graalvm/polyglot/dap/25.4.4.1.1/dap-25.4.4.1.1.pom:/home/vscode/.m2/repository/org/graalvm/tools/dap-tool/25.4.4.1.1/dap-tool-25.4.4.1.1.jar:/home/vscode/.m2/repository/org/graalvm/shadowed/json/25.4.4.1.1/json-25.4.4.1.1.jar:/home/vscode/.m2/repository/org/eclipse/lsp4j/org.eclipse.lsp4j/1.0.0/org.eclipse.lsp4j-1.0.0.jar:/home/vscode/.m2/repository/org/eclipse/lsp4j/org.eclipse.lsp4j.jsonrpc/1.0.0/org.eclipse.lsp4j.jsonrpc-1.0.0.jar:/home/vscode/.m2/repository/com/google/code/gson/gson/2.14.0/gson-2.14.0.jar:/home/vscode/.m2/repository/com/google/errorprone/error_prone_annotations/2.48.0/error_prone_annotations-2.48.0.jar:/home/vscode/.m2/repository/org/junit/jupiter/junit-jupiter/5.10.2/junit-jupiter-5.10.2.jar:/home/vscode/.m2/repository/org/junit/jupiter/junit-jupiter-api/5.10.2/junit-jupiter-api-5.10.2.jar:/home/vscode/.m2/repository/org/opentest4j/opentest4j/1.3.0/opentest4j-1.3.0.jar:/home/vscode/.m2/repository/org/junit/platform/junit-platform-commons/1.10.2/junit-platform-commons-1.10.2.jar:/home/vscode/.m2/repository/org/apiguardian/apiguardian-api/1.1.2/apiguardian-api-1.1.2.jar:/home/vscode/.m2/repository/org/junit/jupiter/junit-jupiter-params/5.10.2/junit-jupiter-params-5.10.2.jar:/home/vscode/.m2/repository/org/junit/jupiter/junit-jupiter-engine/5.10.2/junit-jupiter-engine-5.10.2.jar:/home/vscode/.m2/repository/org/junit/platform/junit-platform-engine/1.10.2/junit-platform-engine-1.10.2.jar com.guillermomolina.protos.benchmarks.measure.protos.ProtosCanonicalSurface measure /workspaces/protos/protos/lib/core /workspaces/protos-benchmarks/truffle/workloads/primitive-object-slot-write/primitive-object-slot-write.protos 50 10 10000 -
WARNING: A restricted method in java.lang.System has been called
WARNING: java.lang.System::load has been called by com.oracle.truffle.polyglot.JDKSupport in an unnamed module (file:/home/vscode/.m2/repository/org/graalvm/truffle/truffle-api/25.4.4.1.1/truffle-api-25.4.4.1.1.jar)
WARNING: Use --enable-native-access=ALL-UNNAMED to avoid a warning for callers in this module
WARNING: Restricted methods will be blocked in a future release unless native access is enabled

WARNING: A terminally deprecated method in sun.misc.Unsafe has been called
WARNING: sun.misc.Unsafe::objectFieldOffset has been called by com.oracle.truffle.runtime.hotspot.HotSpotTruffleRuntime (file:/home/vscode/.m2/repository/org/graalvm/truffle/truffle-runtime/25.4.4.1.1/truffle-runtime-25.4.4.1.1.jar)
WARNING: Please consider reporting this to the maintainers of class com.oracle.truffle.runtime.hotspot.HotSpotTruffleRuntime
WARNING: sun.misc.Unsafe::objectFieldOffset will be removed in a future release
mode=jvm
surface=canonical
language=protos
run_mode=canonical
source=/workspaces/protos-benchmarks/truffle/workloads/primitive-object-slot-write/primitive-object-slot-write.protos
warmup_iterations=50
steady_iterations=10
sample_calls=10000
setup_ns=1053837511
sample phase=cold iteration=1 elapsed_ns=17614729
sample phase=warmup iteration=1 elapsed_ns=541435375
sample phase=warmup iteration=2 elapsed_ns=102080731
sample phase=warmup iteration=3 elapsed_ns=63100917
sample phase=warmup iteration=4 elapsed_ns=49602235
sample phase=warmup iteration=5 elapsed_ns=38468360
sample phase=warmup iteration=6 elapsed_ns=37549314
sample phase=warmup iteration=7 elapsed_ns=30391405
sample phase=warmup iteration=8 elapsed_ns=29633410
sample phase=warmup iteration=9 elapsed_ns=23820581
sample phase=warmup iteration=10 elapsed_ns=23134616
sample phase=warmup iteration=11 elapsed_ns=31014329
sample phase=warmup iteration=12 elapsed_ns=19276890
sample phase=warmup iteration=13 elapsed_ns=15707996
sample phase=warmup iteration=14 elapsed_ns=18357975
sample phase=warmup iteration=15 elapsed_ns=15130752
sample phase=warmup iteration=16 elapsed_ns=18309793
sample phase=warmup iteration=17 elapsed_ns=10374190
sample phase=warmup iteration=18 elapsed_ns=11296867
sample phase=warmup iteration=19 elapsed_ns=10941394
sample phase=warmup iteration=20 elapsed_ns=6613605
sample phase=warmup iteration=21 elapsed_ns=6633735
sample phase=warmup iteration=22 elapsed_ns=6613585
sample phase=warmup iteration=23 elapsed_ns=6795926
sample phase=warmup iteration=24 elapsed_ns=6631974
sample phase=warmup iteration=25 elapsed_ns=6624224
sample phase=warmup iteration=26 elapsed_ns=6638454
sample phase=warmup iteration=27 elapsed_ns=4737682
sample phase=warmup iteration=28 elapsed_ns=6203642
sample phase=warmup iteration=29 elapsed_ns=4736772
sample phase=warmup iteration=30 elapsed_ns=6195712
sample phase=warmup iteration=31 elapsed_ns=6196402
sample phase=warmup iteration=32 elapsed_ns=6181442
sample phase=warmup iteration=33 elapsed_ns=6202872
sample phase=warmup iteration=34 elapsed_ns=4468521
sample phase=warmup iteration=35 elapsed_ns=5884820
sample phase=warmup iteration=36 elapsed_ns=5846379
sample phase=warmup iteration=37 elapsed_ns=12401364
sample phase=warmup iteration=38 elapsed_ns=3998948
sample phase=warmup iteration=39 elapsed_ns=5396446
sample phase=warmup iteration=40 elapsed_ns=6396953
sample phase=warmup iteration=41 elapsed_ns=4474140
sample phase=warmup iteration=42 elapsed_ns=5851790
sample phase=warmup iteration=43 elapsed_ns=5807580
sample phase=warmup iteration=44 elapsed_ns=5803419
sample phase=warmup iteration=45 elapsed_ns=4167697
sample phase=warmup iteration=46 elapsed_ns=5816909
sample phase=warmup iteration=47 elapsed_ns=5794450
sample phase=warmup iteration=48 elapsed_ns=4326449
sample phase=warmup iteration=49 elapsed_ns=5810629
sample phase=warmup iteration=50 elapsed_ns=4171028
sample phase=steady iteration=1 elapsed_ns=5161435
sample phase=steady iteration=2 elapsed_ns=5343396
sample phase=steady iteration=3 elapsed_ns=3798905
sample phase=steady iteration=4 elapsed_ns=6035610
sample phase=steady iteration=5 elapsed_ns=3642704
sample phase=steady iteration=6 elapsed_ns=3638095
sample phase=steady iteration=7 elapsed_ns=6033941
sample phase=steady iteration=8 elapsed_ns=3864406
sample phase=steady iteration=9 elapsed_ns=5495457
sample phase=steady iteration=10 elapsed_ns=3882296
result=2
