$ taskset -c 0 java -Dprotos.benchmarks.peer.language=js -cp /workspaces/protos-benchmarks/.work/embedded/peer-25.4.4.1.1/executable-value/d0088eaa89ece882c7363b6d2a332ffbdffae8594feb7a0767135a1f7f2b5cd4/classes:/home/vscode/.m2/repository/org/graalvm/polyglot/polyglot/25.4.4.1.1/polyglot-25.4.4.1.1.jar:/home/vscode/.m2/repository/org/graalvm/sdk/collections/25.4.4.1.1/collections-25.4.4.1.1.jar:/home/vscode/.m2/repository/org/graalvm/sdk/nativeimage/25.4.4.1.1/nativeimage-25.4.4.1.1.jar:/home/vscode/.m2/repository/org/graalvm/sdk/word/25.4.4.1.1/word-25.4.4.1.1.jar:/home/vscode/.m2/repository/org/graalvm/polyglot/js/25.4.4.1.1/js-25.4.4.1.1.pom:/home/vscode/.m2/repository/org/graalvm/js/js/25.4.4.1.1/js-25.4.4.1.1.pom:/home/vscode/.m2/repository/org/graalvm/js/js-language/25.4.4.1.1/js-language-25.4.4.1.1.jar:/home/vscode/.m2/repository/org/graalvm/regex/regex/25.4.4.1.1/regex-25.4.4.1.1.jar:/home/vscode/.m2/repository/org/graalvm/truffle/truffle-api/25.4.4.1.1/truffle-api-25.4.4.1.1.jar:/home/vscode/.m2/repository/org/graalvm/sdk/jniutils/25.4.4.1.1/jniutils-25.4.4.1.1.jar:/home/vscode/.m2/repository/org/graalvm/shadowed/icu4j/25.4.4.1.1/icu4j-25.4.4.1.1.jar:/home/vscode/.m2/repository/org/graalvm/truffle/truffle-runtime/25.4.4.1.1/truffle-runtime-25.4.4.1.1.jar:/home/vscode/.m2/repository/org/graalvm/truffle/truffle-compiler/25.4.4.1.1/truffle-compiler-25.4.4.1.1.jar:/home/vscode/.m2/repository/org/graalvm/polyglot/python/25.4.4.1.1/python-25.4.4.1.1.pom:/home/vscode/.m2/repository/org/graalvm/python/python/25.4.4.1.1/python-25.4.4.1.1.pom:/home/vscode/.m2/repository/org/graalvm/python/python-language/25.4.4.1.1/python-language-25.4.4.1.1.jar:/home/vscode/.m2/repository/org/graalvm/tools/profiler-tool/25.4.4.1.1/profiler-tool-25.4.4.1.1.jar:/home/vscode/.m2/repository/org/graalvm/shadowed/json/25.4.4.1.1/json-25.4.4.1.1.jar:/home/vscode/.m2/repository/org/graalvm/shadowed/xz/25.4.4.1.1/xz-25.4.4.1.1.jar:/home/vscode/.m2/repository/org/graalvm/python/python-resources/25.4.4.1.1/python-resources-25.4.4.1.1.jar com.guillermomolina.protos.benchmarks.measure.peer.PeerExecutableSurface measure - /workspaces/protos-benchmarks/truffle/workloads/primitive-local-write/primitive-local-write.mjs 50 10 10000 -
WARNING: A restricted method in java.lang.System has been called
WARNING: java.lang.System::load has been called by com.oracle.truffle.polyglot.JDKSupport in an unnamed module (file:/home/vscode/.m2/repository/org/graalvm/truffle/truffle-api/25.4.4.1.1/truffle-api-25.4.4.1.1.jar)
WARNING: Use --enable-native-access=ALL-UNNAMED to avoid a warning for callers in this module
WARNING: Restricted methods will be blocked in a future release unless native access is enabled

WARNING: A terminally deprecated method in sun.misc.Unsafe has been called
WARNING: sun.misc.Unsafe::objectFieldOffset has been called by com.oracle.truffle.runtime.hotspot.HotSpotTruffleRuntime (file:/home/vscode/.m2/repository/org/graalvm/truffle/truffle-runtime/25.4.4.1.1/truffle-runtime-25.4.4.1.1.jar)
WARNING: Please consider reporting this to the maintainers of class com.oracle.truffle.runtime.hotspot.HotSpotTruffleRuntime
WARNING: sun.misc.Unsafe::objectFieldOffset will be removed in a future release
mode=jvm
surface=executable-value
language=js
run_mode=executable-value
source=/workspaces/protos-benchmarks/truffle/workloads/primitive-local-write/primitive-local-write.mjs
warmup_iterations=50
steady_iterations=10
sample_calls=10000
setup_ns=1216070950
sample phase=cold iteration=1 elapsed_ns=7726703
sample phase=warmup iteration=1 elapsed_ns=332908036
sample phase=warmup iteration=2 elapsed_ns=30332567
sample phase=warmup iteration=3 elapsed_ns=14581519
sample phase=warmup iteration=4 elapsed_ns=14655310
sample phase=warmup iteration=5 elapsed_ns=14779360
sample phase=warmup iteration=6 elapsed_ns=18703242
sample phase=warmup iteration=7 elapsed_ns=12375941
sample phase=warmup iteration=8 elapsed_ns=6409663
sample phase=warmup iteration=9 elapsed_ns=6342102
sample phase=warmup iteration=10 elapsed_ns=6287761
sample phase=warmup iteration=11 elapsed_ns=6448372
sample phase=warmup iteration=12 elapsed_ns=6393132
sample phase=warmup iteration=13 elapsed_ns=6487902
sample phase=warmup iteration=14 elapsed_ns=6463823
sample phase=warmup iteration=15 elapsed_ns=6613353
sample phase=warmup iteration=16 elapsed_ns=3273287
sample phase=warmup iteration=17 elapsed_ns=3168676
sample phase=warmup iteration=18 elapsed_ns=4707389
sample phase=warmup iteration=19 elapsed_ns=4447186
sample phase=warmup iteration=20 elapsed_ns=3191186
sample phase=warmup iteration=21 elapsed_ns=3198846
sample phase=warmup iteration=22 elapsed_ns=3559889
sample phase=warmup iteration=23 elapsed_ns=4192154
sample phase=warmup iteration=24 elapsed_ns=3191026
sample phase=warmup iteration=25 elapsed_ns=3350298
sample phase=warmup iteration=26 elapsed_ns=4253005
sample phase=warmup iteration=27 elapsed_ns=3203846
sample phase=warmup iteration=28 elapsed_ns=3337838
sample phase=warmup iteration=29 elapsed_ns=3199426
sample phase=warmup iteration=30 elapsed_ns=4210104
sample phase=warmup iteration=31 elapsed_ns=3380268
sample phase=warmup iteration=32 elapsed_ns=3220536
sample phase=warmup iteration=33 elapsed_ns=1999606
sample phase=warmup iteration=34 elapsed_ns=10251764
sample phase=warmup iteration=35 elapsed_ns=3498438
sample phase=warmup iteration=36 elapsed_ns=1355481
sample phase=warmup iteration=37 elapsed_ns=2974744
sample phase=warmup iteration=38 elapsed_ns=2971444
sample phase=warmup iteration=39 elapsed_ns=2573731
sample phase=warmup iteration=40 elapsed_ns=3529609
sample phase=warmup iteration=41 elapsed_ns=1138489
sample phase=warmup iteration=42 elapsed_ns=2747863
sample phase=warmup iteration=43 elapsed_ns=2298419
sample phase=warmup iteration=44 elapsed_ns=2545321
sample phase=warmup iteration=45 elapsed_ns=1135929
sample phase=warmup iteration=46 elapsed_ns=3520438
sample phase=warmup iteration=47 elapsed_ns=2750702
sample phase=warmup iteration=48 elapsed_ns=1136130
sample phase=warmup iteration=49 elapsed_ns=2749122
sample phase=warmup iteration=50 elapsed_ns=2429050
sample phase=steady iteration=1 elapsed_ns=546094
sample phase=steady iteration=2 elapsed_ns=2165858
sample phase=steady iteration=3 elapsed_ns=586945
sample phase=steady iteration=4 elapsed_ns=2166708
sample phase=steady iteration=5 elapsed_ns=569215
sample phase=steady iteration=6 elapsed_ns=554875
sample phase=steady iteration=7 elapsed_ns=729856
sample phase=steady iteration=8 elapsed_ns=625595
sample phase=steady iteration=9 elapsed_ns=2166278
sample phase=steady iteration=10 elapsed_ns=563404
result=2
