$ taskset -c 0 java -Dprotos.benchmarks.peer.language=python -cp /workspaces/protos-benchmarks/.work/embedded/peer-25.4.4.1.1/executable-value/d0088eaa89ece882c7363b6d2a332ffbdffae8594feb7a0767135a1f7f2b5cd4/classes:/home/vscode/.m2/repository/org/graalvm/polyglot/polyglot/25.4.4.1.1/polyglot-25.4.4.1.1.jar:/home/vscode/.m2/repository/org/graalvm/sdk/collections/25.4.4.1.1/collections-25.4.4.1.1.jar:/home/vscode/.m2/repository/org/graalvm/sdk/nativeimage/25.4.4.1.1/nativeimage-25.4.4.1.1.jar:/home/vscode/.m2/repository/org/graalvm/sdk/word/25.4.4.1.1/word-25.4.4.1.1.jar:/home/vscode/.m2/repository/org/graalvm/polyglot/js/25.4.4.1.1/js-25.4.4.1.1.pom:/home/vscode/.m2/repository/org/graalvm/js/js/25.4.4.1.1/js-25.4.4.1.1.pom:/home/vscode/.m2/repository/org/graalvm/js/js-language/25.4.4.1.1/js-language-25.4.4.1.1.jar:/home/vscode/.m2/repository/org/graalvm/regex/regex/25.4.4.1.1/regex-25.4.4.1.1.jar:/home/vscode/.m2/repository/org/graalvm/truffle/truffle-api/25.4.4.1.1/truffle-api-25.4.4.1.1.jar:/home/vscode/.m2/repository/org/graalvm/sdk/jniutils/25.4.4.1.1/jniutils-25.4.4.1.1.jar:/home/vscode/.m2/repository/org/graalvm/shadowed/icu4j/25.4.4.1.1/icu4j-25.4.4.1.1.jar:/home/vscode/.m2/repository/org/graalvm/truffle/truffle-runtime/25.4.4.1.1/truffle-runtime-25.4.4.1.1.jar:/home/vscode/.m2/repository/org/graalvm/truffle/truffle-compiler/25.4.4.1.1/truffle-compiler-25.4.4.1.1.jar:/home/vscode/.m2/repository/org/graalvm/polyglot/python/25.4.4.1.1/python-25.4.4.1.1.pom:/home/vscode/.m2/repository/org/graalvm/python/python/25.4.4.1.1/python-25.4.4.1.1.pom:/home/vscode/.m2/repository/org/graalvm/python/python-language/25.4.4.1.1/python-language-25.4.4.1.1.jar:/home/vscode/.m2/repository/org/graalvm/tools/profiler-tool/25.4.4.1.1/profiler-tool-25.4.4.1.1.jar:/home/vscode/.m2/repository/org/graalvm/shadowed/json/25.4.4.1.1/json-25.4.4.1.1.jar:/home/vscode/.m2/repository/org/graalvm/shadowed/xz/25.4.4.1.1/xz-25.4.4.1.1.jar:/home/vscode/.m2/repository/org/graalvm/python/python-resources/25.4.4.1.1/python-resources-25.4.4.1.1.jar com.guillermomolina.protos.benchmarks.measure.peer.PeerExecutableSurface measure - /workspaces/protos-benchmarks/truffle/workloads/integer-loop/integer-loop.py 60 10 1 -
WARNING: A restricted method in java.lang.System has been called
WARNING: java.lang.System::load has been called by com.oracle.truffle.polyglot.JDKSupport in an unnamed module (file:/home/vscode/.m2/repository/org/graalvm/truffle/truffle-api/25.4.4.1.1/truffle-api-25.4.4.1.1.jar)
WARNING: Use --enable-native-access=ALL-UNNAMED to avoid a warning for callers in this module
WARNING: Restricted methods will be blocked in a future release unless native access is enabled

WARNING: A terminally deprecated method in sun.misc.Unsafe has been called
WARNING: sun.misc.Unsafe::objectFieldOffset has been called by com.oracle.truffle.runtime.hotspot.HotSpotTruffleRuntime (file:/home/vscode/.m2/repository/org/graalvm/truffle/truffle-runtime/25.4.4.1.1/truffle-runtime-25.4.4.1.1.jar)
WARNING: Please consider reporting this to the maintainers of class com.oracle.truffle.runtime.hotspot.HotSpotTruffleRuntime
WARNING: sun.misc.Unsafe::objectFieldOffset will be removed in a future release
mode=jvm
surface=executable-value
language=python
run_mode=executable-value
source=/workspaces/protos-benchmarks/truffle/workloads/integer-loop/integer-loop.py
warmup_iterations=60
steady_iterations=10
sample_calls=1
setup_ns=6223882710
sample phase=cold iteration=1 elapsed_ns=39585110
sample phase=warmup iteration=1 elapsed_ns=14014685
sample phase=warmup iteration=2 elapsed_ns=18861087
sample phase=warmup iteration=3 elapsed_ns=13420806
sample phase=warmup iteration=4 elapsed_ns=16936600
sample phase=warmup iteration=5 elapsed_ns=68050
sample phase=warmup iteration=6 elapsed_ns=27420
sample phase=warmup iteration=7 elapsed_ns=26750
sample phase=warmup iteration=8 elapsed_ns=26410
sample phase=warmup iteration=9 elapsed_ns=26340
sample phase=warmup iteration=10 elapsed_ns=108439
sample phase=warmup iteration=11 elapsed_ns=27850
sample phase=warmup iteration=12 elapsed_ns=26320
sample phase=warmup iteration=13 elapsed_ns=26590
sample phase=warmup iteration=14 elapsed_ns=26380
sample phase=warmup iteration=15 elapsed_ns=26340
sample phase=warmup iteration=16 elapsed_ns=26190
sample phase=warmup iteration=17 elapsed_ns=26450
sample phase=warmup iteration=18 elapsed_ns=26060
sample phase=warmup iteration=19 elapsed_ns=32870
sample phase=warmup iteration=20 elapsed_ns=26660
sample phase=warmup iteration=21 elapsed_ns=35540
sample phase=warmup iteration=22 elapsed_ns=26490
sample phase=warmup iteration=23 elapsed_ns=88970
sample phase=warmup iteration=24 elapsed_ns=29500
sample phase=warmup iteration=25 elapsed_ns=27090
sample phase=warmup iteration=26 elapsed_ns=28310
sample phase=warmup iteration=27 elapsed_ns=27240
sample phase=warmup iteration=28 elapsed_ns=26510
sample phase=warmup iteration=29 elapsed_ns=26370
sample phase=warmup iteration=30 elapsed_ns=26160
sample phase=warmup iteration=31 elapsed_ns=32909
sample phase=warmup iteration=32 elapsed_ns=26720
sample phase=warmup iteration=33 elapsed_ns=26460
sample phase=warmup iteration=34 elapsed_ns=27010
sample phase=warmup iteration=35 elapsed_ns=27190
sample phase=warmup iteration=36 elapsed_ns=26510
sample phase=warmup iteration=37 elapsed_ns=26390
sample phase=warmup iteration=38 elapsed_ns=26140
sample phase=warmup iteration=39 elapsed_ns=32960
sample phase=warmup iteration=40 elapsed_ns=26910
sample phase=warmup iteration=41 elapsed_ns=26150
sample phase=warmup iteration=42 elapsed_ns=26770
sample phase=warmup iteration=43 elapsed_ns=26890
sample phase=warmup iteration=44 elapsed_ns=26590
sample phase=warmup iteration=45 elapsed_ns=27800
sample phase=warmup iteration=46 elapsed_ns=26450
sample phase=warmup iteration=47 elapsed_ns=26200
sample phase=warmup iteration=48 elapsed_ns=26330
sample phase=warmup iteration=49 elapsed_ns=26300
sample phase=warmup iteration=50 elapsed_ns=26560
sample phase=warmup iteration=51 elapsed_ns=25940
sample phase=warmup iteration=52 elapsed_ns=26140
sample phase=warmup iteration=53 elapsed_ns=28220
sample phase=warmup iteration=54 elapsed_ns=26590
sample phase=warmup iteration=55 elapsed_ns=26120
sample phase=warmup iteration=56 elapsed_ns=3706843
sample phase=warmup iteration=57 elapsed_ns=121490
sample phase=warmup iteration=58 elapsed_ns=27430
sample phase=warmup iteration=59 elapsed_ns=2322565
sample phase=warmup iteration=60 elapsed_ns=66950
sample phase=steady iteration=1 elapsed_ns=26560
sample phase=steady iteration=2 elapsed_ns=26370
sample phase=steady iteration=3 elapsed_ns=30040
sample phase=steady iteration=4 elapsed_ns=25940
sample phase=steady iteration=5 elapsed_ns=30920
sample phase=steady iteration=6 elapsed_ns=25440
sample phase=steady iteration=7 elapsed_ns=24920
sample phase=steady iteration=8 elapsed_ns=25820
sample phase=steady iteration=9 elapsed_ns=24950
sample phase=steady iteration=10 elapsed_ns=26240
result=499500
