WARMUP	1	103652767966	528
WARMUP	2	78298757885	528
WARMUP	3	89757593744	528
WARMUP	4	77719818822	528
WARMUP	5	87122423215	528
WARMUP	6	79163490998	528
WARMUP	7	73819818961	528
WARMUP	8	84716369486	528
WARMUP	9	78145790217	528
WARMUP	10	106016448071	528
WARMUP	11	73816037270	528
WARMUP	12	80100998339	528
WARMUP	13	76461886427	528
WARMUP	14	83870124106	528
WARMUP	15	74670221162	528
WARMUP	16	75097731499	528
WARMUP	17	76424440570	528
WARMUP	18	79982039290	528
WARMUP	19	74353426146	528
WARMUP	20	83161309854	528
