[To redirect Truffle log output to a file use one of the following options:
* '--log.file=<path>' if the option is passed using a guest language launcher.
* '-Dpolyglot.log.file=<path>' if the option is passed using the host Java launcher.
* Configure logging using the polyglot embedding API.]
[engine] opt done   id=150   ProtosRootNode@73a02f84                            |Tier 1|Time   103(  72+31  )ms|AST    2|Inlined   0Y   0N|IR    591/  1658|CodeSize    7561|Addr 0x7fb27b1686a0|Timestamp 215836466200132|Src n/a
[engine] opt done   id=151   ProtosRootNode@152d1d2                             |Tier 1|Time  1645( 223+1422)ms|AST   21|Inlined   0Y   0N|IR  17355/ 65090|CodeSize  329425|Addr 0x7fb27b178860|Timestamp 215838117711623|Src n/a
[engine] opt done   id=146   ProtosRootNode@d322cf5                             |Tier 1|Time    28(   9+19  )ms|AST    2|Inlined   0Y   0N|IR    888/  1275|CodeSize    5532|Addr 0x7fb27b1f3060|Timestamp 215838165715137|Src n/a
[engine] opt done   id=147   ProtosRootNode@714d73cd                            |Tier 1|Time   531(  58+473 )ms|AST   11|Inlined   0Y   0N|IR   9311/ 32534|CodeSize  168473|Addr 0x7fb27b1f7ce0|Timestamp 215838717352505|Src n/a
[engine] opt done   id=103   ProtosRootNode@52acdb53                            |Tier 1|Time    15(   4+11  )ms|AST    2|Inlined   0Y   0N|IR    591/  1658|CodeSize    7561|Addr 0x7fb27b2370a0|Timestamp 215838734406304|Src n/a
[engine] opt done   id=104   ProtosRootNode@4bde3eca                            |Tier 1|Time   181(  23+158 )ms|AST    6|Inlined   0Y   0N|IR   4515/ 16059|CodeSize   79974|Addr 0x7fb27b23b840|Timestamp 215838927221141|Src n/a
[engine] opt done   id=148   ProtosRootNode@1ff5e043                            |Tier 1|Time    15(   5+10  )ms|AST    2|Inlined   0Y   0N|IR    888/  1275|CodeSize    5532|Addr 0x7fb27b259960|Timestamp 215838945316110|Src n/a
[engine] opt done   id=149   ProtosRootNode@7d1574bd                            |Tier 1|Time  1400( 132+1267)ms|AST   20|Inlined   0Y   0N|IR  17555/ 61681|CodeSize  316615|Addr 0x7fb27b2610e0|Timestamp 215840346682757|Src n/a
[engine] opt done   id=150   ProtosRootNode@73a02f84                            |Tier 2|Time    68(   6+62  )ms|AST    2|Inlined   0Y   0N|IR    518/  1448|CodeSize    7174|Addr 0x7fb27b2e5d60|Timestamp 215840604174766|Src n/a
[engine] opt done   id=151   ProtosRootNode@152d1d2                             |Tier 2|Time  1546( 133+1413)ms|AST   21|Inlined   0Y   0N|IR  17282/ 54543|CodeSize  275559|Addr 0x7fb27b2ee940|Timestamp 215842153570449|Src n/a
[engine] opt done   id=146   ProtosRootNode@d322cf5                             |Tier 2|Time    38(  10+28  )ms|AST    2|Inlined   0Y   0N|IR    815/   944|CodeSize    4429|Addr 0x7fb27b35a400|Timestamp 215842342386974|Src n/a
[engine] opt done   id=147   ProtosRootNode@714d73cd                            |Tier 2|Time   648( 111+537 )ms|AST   11|Inlined   0Y   0N|IR   9238/ 26801|CodeSize  136017|Addr 0x7fb27b368540|Timestamp 215842993025273|Src n/a
[engine] opt done   id=103   ProtosRootNode@52acdb53                            |Tier 2|Time    20(   4+16  )ms|AST    2|Inlined   0Y   0N|IR    518/  1448|CodeSize    7174|Addr 0x7fb27b39bd60|Timestamp 215843028812401|Src n/a
[engine] opt done   id=104   ProtosRootNode@4bde3eca                            |Tier 2|Time   207(  24+184 )ms|AST    6|Inlined   0Y   0N|IR   4442/ 13213|CodeSize   63960|Addr 0x7fb27b39fc80|Timestamp 215843237472256|Src n/a
[engine] opt done   id=148   ProtosRootNode@1ff5e043                            |Tier 2|Time    33(   7+26  )ms|AST    2|Inlined   0Y   0N|IR    815/   944|CodeSize    4429|Addr 0x7fb27b3bb180|Timestamp 215843288269502|Src n/a
[engine] opt done   id=149   ProtosRootNode@7d1574bd                            |Tier 2|Time  1406( 127+1279)ms|AST   20|Inlined   0Y   0N|IR  17482/ 50645|CodeSize  257604|Addr 0x7fb27b3c3fc0|Timestamp 215844694699943|Src n/a
[engine] opt done   id=101   ProtosRootNode@42497276                            |Tier 1|Time    35(   9+26  )ms|AST    2|Inlined   0Y   0N|IR    591/  1658|CodeSize    7561|Addr 0x7fb27b426720|Timestamp 215844797853005|Src n/a
[engine] opt done   id=102   ProtosRootNode@78a4d6cb                            |Tier 1|Time   330(  55+275 )ms|AST    9|Inlined   0Y   0N|IR   6551/ 24773|CodeSize  124228|Addr 0x7fb27b42ec60|Timestamp 215845129858133|Src n/a
[engine] opt done   id=99    ProtosRootNode@6917737d                            |Tier 1|Time    15(   4+10  )ms|AST    2|Inlined   0Y   0N|IR    888/  1275|CodeSize    5532|Addr 0x7fb27b45bfe0|Timestamp 215845146719292|Src n/a
[engine] opt done   id=100   ProtosRootNode@762fe21a                            |Tier 1|Time   664(  91+573 )ms|AST   13|Inlined   0Y   0N|IR  10799/ 38325|CodeSize  195664|Addr 0x7fb27b462d80|Timestamp 215845813212099|Src n/a
[engine] opt done   id=105   ProtosRootNode@6034c5ef                            |Tier 1|Time    15(   5+10  )ms|AST    2|Inlined   0Y   0N|IR    888/  1275|CodeSize    5532|Addr 0x7fb27b4ab3e0|Timestamp 215845829596678|Src n/a
[engine] opt done   id=106   ProtosRootNode@3742d2a0                            |Tier 1|Time   259(  50+209 )ms|AST    9|Inlined   0Y   0N|IR   5786/ 20396|CodeSize  104103|Addr 0x7fb27b4aef00|Timestamp 215846090284770|Src n/a
[engine] opt done   id=152   ProtosRootNode@59cf2f45                            |Tier 1|Time    24(   5+19  )ms|AST    2|Inlined   0Y   0N|IR    888/  2671|CodeSize   13140|Addr 0x7fb27b4d6c40|Timestamp 215846136412093|Src n/a
[engine] opt failed id=153   ProtosRootNode@3b62a37a                            |Tier 1|Time   57(-215846137+215846194)ms|Reason: jdk.graal.compiler.truffle.GraphTooBigBailoutException: Graph too big to safely compile. Node count: 50562. Graph Size: 150051. Limit: 150000.|Timestamp 215846194234532|Src n/a
[engine] opt failed id=153   ProtosRootNode@3b62a37a                            |Tier 1|Time   72(-215846196+215846268)ms|Reason: jdk.graal.compiler.truffle.GraphTooBigBailoutException: Graph too big to safely compile. Node count: 50562. Graph Size: 150051. Limit: 150000.|Timestamp 215846268503600|Src n/a
[engine] opt done   id=140   ProtosRootNode@5e48ac27                            |Tier 1|Time    14(   5+9   )ms|AST    2|Inlined   0Y   0N|IR    888/  1275|CodeSize    5532|Addr 0x7fb27b4ddc60|Timestamp 215846284498348|Src n/a
[engine] opt done   id=141   ProtosRootNode@6136fd29                            |Tier 1|Time   149(  19+130 )ms|AST    7|Inlined   0Y   0N|IR   3940/ 14123|CodeSize   71811|Addr 0x7fb27b4e1120|Timestamp 215846434072434|Src n/a
[engine] opt done   id=241   ProtosRootNode@536ba37f                            |Tier 1|Time    25(   9+16  )ms|AST    2|Inlined   0Y   0N|IR    591/  1658|CodeSize    7561|Addr 0x7fb27b513220|Timestamp 215846793928976|Src n/a
[engine] opt done   id=242   ProtosRootNode@2927b398                            |Tier 1|Time  1456( 108+1348)ms|AST   21|Inlined   0Y   0N|IR  17355/ 65090|CodeSize  329425|Addr 0x7fb27b51dd60|Timestamp 215848252641526|Src n/a
[engine] opt done   id=237   ProtosRootNode@4f82c8f9                            |Tier 1|Time    29(   8+21  )ms|AST    2|Inlined   0Y   0N|IR    888/  1275|CodeSize    5532|Addr 0x7fb27b598060|Timestamp 215848287677434|Src n/a
[engine] opt done   id=238   ProtosRootNode@589862cf                            |Tier 1|Time   515(  49+467 )ms|AST   11|Inlined   0Y   0N|IR   9311/ 32534|CodeSize  168473|Addr 0x7fb27b59d6e0|Timestamp 215848824878176|Src n/a
[engine] opt done   id=239   ProtosRootNode@5ccd0459                            |Tier 1|Time    15(   5+10  )ms|AST    2|Inlined   0Y   0N|IR    888/  1275|CodeSize    5532|Addr 0x7fb27b5dcd60|Timestamp 215848841820825|Src n/a
[engine] opt done   id=240   ProtosRootNode@12ab50b5                            |Tier 1|Time  1430( 125+1306)ms|AST   20|Inlined   0Y   0N|IR  17555/ 61681|CodeSize  316615|Addr 0x7fb27b5e42e0|Timestamp 215850274471842|Src n/a
[engine] opt done   id=241   ProtosRootNode@536ba37f                            |Tier 2|Time    38(   7+31  )ms|AST    2|Inlined   0Y   0N|IR    518/  1448|CodeSize    7174|Addr 0x7fb27b659c60|Timestamp 215850431719472|Src n/a
[engine] opt done   id=242   ProtosRootNode@2927b398                            |Tier 2|Time  1637( 215+1422)ms|AST   21|Inlined   0Y   0N|IR  17282/ 54543|CodeSize  275559|Addr 0x7fb27b66bc40|Timestamp 215852071359816|Src n/a
[engine] opt done   id=237   ProtosRootNode@4f82c8f9                            |Tier 2|Time    22(   9+13  )ms|AST    2|Inlined   0Y   0N|IR    815/   944|CodeSize    4429|Addr 0x7fb27b6d5480|Timestamp 215852214063548|Src n/a
[engine] opt done   id=238   ProtosRootNode@589862cf                            |Tier 2|Time   590(  53+536 )ms|AST   11|Inlined   0Y   0N|IR   9238/ 26801|CodeSize  136017|Addr 0x7fb27b6d8d40|Timestamp 215852804489279|Src n/a
[engine] opt done   id=239   ProtosRootNode@5ccd0459                            |Tier 2|Time    58(  10+48  )ms|AST    2|Inlined   0Y   0N|IR    815/   944|CodeSize    4429|Addr 0x7fb27b70dd80|Timestamp 215852867981741|Src n/a
[engine] opt done   id=240   ProtosRootNode@12ab50b5                            |Tier 2|Time  1427( 135+1292)ms|AST   20|Inlined   0Y   0N|IR  17482/ 50645|CodeSize  257604|Addr 0x7fb27b714640|Timestamp 215854295512908|Src n/a
[engine] opt done   id=243   ProtosRootNode@1f7a981                             |Tier 1|Time    39(  11+28  )ms|AST    2|Inlined   0Y   0N|IR    888/  2671|CodeSize   13140|Addr 0x7fb27b774a40|Timestamp 215854388795416|Src n/a
[engine] opt failed id=244   ProtosRootNode@15fbfbbe                            |Tier 1|Time   57(-215854389+215854446)ms|Reason: jdk.graal.compiler.truffle.GraphTooBigBailoutException: Graph too big to safely compile. Node count: 50562. Graph Size: 150051. Limit: 150000.|Timestamp 215854445829845|Src n/a
[engine] opt failed id=244   ProtosRootNode@15fbfbbe                            |Tier 1|Time   56(-215854454+215854510)ms|Reason: jdk.graal.compiler.truffle.GraphTooBigBailoutException: Graph too big to safely compile. Node count: 50562. Graph Size: 150051. Limit: 150000.|Timestamp 215854510739798|Src n/a
[engine] opt done   id=231   ProtosRootNode@306888b5                            |Tier 1|Time    20(   5+15  )ms|AST    2|Inlined   0Y   0N|IR    888/  1275|CodeSize    5532|Addr 0x7fb27b77a960|Timestamp 215854536495101|Src n/a
[engine] opt done   id=232   ProtosRootNode@5969b0d5                            |Tier 1|Time   266(  33+233 )ms|AST    7|Inlined   0Y   0N|IR   3940/ 14123|CodeSize   71811|Addr 0x7fb27b77e720|Timestamp 215854803070227|Src n/a
[engine] opt done   id=332   ProtosRootNode@6cde0b38                            |Tier 1|Time    32(  10+22  )ms|AST    2|Inlined   0Y   0N|IR    591/  1658|CodeSize    7561|Addr 0x7fb27b79f4a0|Timestamp 215855074732685|Src n/a
[engine] opt done   id=333   ProtosRootNode@62b7a509                            |Tier 1|Time  1579( 148+1431)ms|AST   21|Inlined   0Y   0N|IR  17355/ 65090|CodeSize  329425|Addr 0x7fb27b7a7060|Timestamp 215856655054672|Src n/a
[engine] opt done   id=328   ProtosRootNode@12705f63                            |Tier 1|Time    16(   5+11  )ms|AST    2|Inlined   0Y   0N|IR    888/  1275|CodeSize    5532|Addr 0x7fb27b8203e0|Timestamp 215856673406061|Src n/a
[engine] opt done   id=329   ProtosRootNode@5318727f                            |Tier 1|Time   574(  53+521 )ms|AST   11|Inlined   0Y   0N|IR   9311/ 32534|CodeSize  168473|Addr 0x7fb27b825060|Timestamp 215857267645914|Src n/a
[engine] opt done   id=330   ProtosRootNode@3bb947a5                            |Tier 1|Time    17(   5+12  )ms|AST    2|Inlined   0Y   0N|IR    888/  1275|CodeSize    5532|Addr 0x7fb27b8643e0|Timestamp 215857306212594|Src n/a
[engine] opt done   id=331   ProtosRootNode@4069f549                            |Tier 1|Time  1421( 137+1285)ms|AST   20|Inlined   0Y   0N|IR  17555/ 61681|CodeSize  316615|Addr 0x7fb27b86b8e0|Timestamp 215858729035071|Src n/a
[engine] opt done   id=332   ProtosRootNode@6cde0b38                            |Tier 2|Time    39(   4+35  )ms|AST    2|Inlined   0Y   0N|IR    518/  1448|CodeSize    7174|Addr 0x7fb27b8e3560|Timestamp 215858839384087|Src n/a
[engine] opt done   id=333   ProtosRootNode@62b7a509                            |Tier 2|Time  1522( 116+1406)ms|AST   21|Inlined   0Y   0N|IR  17282/ 54543|CodeSize  275559|Addr 0x7fb27b8e9940|Timestamp 215860362292316|Src n/a
[engine] opt done   id=328   ProtosRootNode@12705f63                            |Tier 2|Time    36(  10+26  )ms|AST    2|Inlined   0Y   0N|IR    815/   944|CodeSize    4429|Addr 0x7fb27b94ed80|Timestamp 215860501865358|Src n/a
[engine] opt done   id=329   ProtosRootNode@5318727f                            |Tier 2|Time   637(  92+545 )ms|AST   11|Inlined   0Y   0N|IR   9238/ 26801|CodeSize  136017|Addr 0x7fb27b959ec0|Timestamp 215861140939725|Src n/a
[engine] opt done   id=330   ProtosRootNode@3bb947a5                            |Tier 2|Time    18(   4+14  )ms|AST    2|Inlined   0Y   0N|IR    815/   944|CodeSize    4429|Addr 0x7fb27b98cb00|Timestamp 215861162294896|Src n/a
[engine] opt done   id=331   ProtosRootNode@4069f549                            |Tier 2|Time  1382( 115+1267)ms|AST   20|Inlined   0Y   0N|IR  17482/ 50645|CodeSize  257604|Addr 0x7fb27b991ac0|Timestamp 215862558298471|Src n/a
[engine] opt done   id=334   ProtosRootNode@2ba80c19                            |Tier 1|Time    22(   5+18  )ms|AST    2|Inlined   0Y   0N|IR    888/  2671|CodeSize   13140|Addr 0x7fb27b9f1ec0|Timestamp 215862617950432|Src n/a
[engine] opt failed id=335   ProtosRootNode@391ff969                            |Tier 1|Time   45(-215862618+215862664)ms|Reason: jdk.graal.compiler.truffle.GraphTooBigBailoutException: Graph too big to safely compile. Node count: 50562. Graph Size: 150051. Limit: 150000.|Timestamp 215862663636845|Src n/a
[engine] opt failed id=335   ProtosRootNode@391ff969                            |Tier 1|Time   44(-215862671+215862716)ms|Reason: jdk.graal.compiler.truffle.GraphTooBigBailoutException: Graph too big to safely compile. Node count: 50562. Graph Size: 150051. Limit: 150000.|Timestamp 215862717273323|Src n/a
[engine] opt done   id=322   ProtosRootNode@709f2cf5                            |Tier 1|Time    31(   9+22  )ms|AST    2|Inlined   0Y   0N|IR    888/  1275|CodeSize    5532|Addr 0x7fb27b9f7ae0|Timestamp 215862748584239|Src n/a
[engine] opt done   id=323   ProtosRootNode@6ba731fd                            |Tier 1|Time   152(  19+133 )ms|AST    7|Inlined   0Y   0N|IR   3940/ 14123|CodeSize   71811|Addr 0x7fb27b9fb620|Timestamp 215862901741057|Src n/a
[engine] opt done   id=423   ProtosRootNode@4cca8519                            |Tier 1|Time    29(   8+21  )ms|AST    2|Inlined   0Y   0N|IR    591/  1658|CodeSize    7561|Addr 0x7fb27ba1c5a0|Timestamp 215863145094362|Src n/a
[engine] opt done   id=424   ProtosRootNode@4011eaf9                            |Tier 1|Time  1501( 129+1372)ms|AST   21|Inlined   0Y   0N|IR  17355/ 65090|CodeSize  329425|Addr 0x7fb27ba24160|Timestamp 215864647195523|Src n/a
[engine] opt done   id=419   ProtosRootNode@603c845e                            |Tier 1|Time    15(   6+10  )ms|AST    2|Inlined   0Y   0N|IR    888/  1275|CodeSize    5532|Addr 0x7fb27ba9dae0|Timestamp 215864665108092|Src n/a
[engine] opt done   id=420   ProtosRootNode@12a3a943                            |Tier 1|Time   530(  52+479 )ms|AST   11|Inlined   0Y   0N|IR   9311/ 32534|CodeSize  168473|Addr 0x7fb27baa2a60|Timestamp 215865211939932|Src n/a
[engine] opt done   id=421   ProtosRootNode@3ebca124                            |Tier 1|Time    21(   4+16  )ms|AST    2|Inlined   0Y   0N|IR    888/  1275|CodeSize    5532|Addr 0x7fb27bae1de0|Timestamp 215865233521474|Src n/a
[engine] opt done   id=422   ProtosRootNode@4d8da67f                            |Tier 1|Time  1403( 114+1289)ms|AST   20|Inlined   0Y   0N|IR  17555/ 61681|CodeSize  316615|Addr 0x7fb27bae8960|Timestamp 215866638857126|Src n/a
[engine] opt done   id=423   ProtosRootNode@4cca8519                            |Tier 2|Time    19(   3+16  )ms|AST    2|Inlined   0Y   0N|IR    518/  1448|CodeSize    7174|Addr 0x7fb27bb602e0|Timestamp 215866751884454|Src n/a
[engine] opt done   id=424   ProtosRootNode@4011eaf9                            |Tier 2|Time  1439( 100+1339)ms|AST   21|Inlined   0Y   0N|IR  17282/ 54543|CodeSize  275559|Addr 0x7fb27bb666c0|Timestamp 215868191865214|Src n/a
[engine] opt done   id=419   ProtosRootNode@603c845e                            |Tier 2|Time    18(   4+14  )ms|AST    2|Inlined   0Y   0N|IR    815/   944|CodeSize    4429|Addr 0x7fb27bbcbb00|Timestamp 215868259845859|Src n/a
[engine] opt done   id=420   ProtosRootNode@12a3a943                            |Tier 2|Time   940( 175+764 )ms|AST   11|Inlined   0Y   0N|IR   9238/ 26801|CodeSize  136017|Addr 0x7fb27bbd07c0|Timestamp 215869200481013|Src n/a
[engine] opt done   id=421   ProtosRootNode@3ebca124                            |Tier 2|Time    63(   8+55  )ms|AST    2|Inlined   0Y   0N|IR    815/   944|CodeSize    4429|Addr 0x7fb27bc03400|Timestamp 215869271684510|Src n/a
[engine] opt done   id=422   ProtosRootNode@4d8da67f                            |Tier 2|Time  1664( 284+1380)ms|AST   20|Inlined   0Y   0N|IR  17482/ 50645|CodeSize  257604|Addr 0x7fb27bc09d40|Timestamp 215870938416279|Src n/a
[engine] opt done   id=425   ProtosRootNode@5a206d81                            |Tier 1|Time    26(   9+18  )ms|AST    2|Inlined   0Y   0N|IR    888/  2671|CodeSize   13140|Addr 0x7fb27bc6a440|Timestamp 215871008463115|Src n/a
[engine] opt failed id=426   ProtosRootNode@a6674ba                             |Tier 1|Time   63(-215871009+215871072)ms|Reason: jdk.graal.compiler.truffle.GraphTooBigBailoutException: Graph too big to safely compile. Node count: 50562. Graph Size: 150051. Limit: 150000.|Timestamp 215871071966648|Src n/a
[engine] opt failed id=426   ProtosRootNode@a6674ba                             |Tier 1|Time   45(-215871079+215871124)ms|Reason: jdk.graal.compiler.truffle.GraphTooBigBailoutException: Graph too big to safely compile. Node count: 50562. Graph Size: 150051. Limit: 150000.|Timestamp 215871123989435|Src n/a
[engine] opt done   id=413   ProtosRootNode@55ace373                            |Tier 1|Time    15(   4+10  )ms|AST    2|Inlined   0Y   0N|IR    888/  1275|CodeSize    5532|Addr 0x7fb27bc717e0|Timestamp 215871142772994|Src n/a
[engine] opt done   id=414   ProtosRootNode@69039ceb                            |Tier 1|Time   154(  21+134 )ms|AST    7|Inlined   0Y   0N|IR   3940/ 14123|CodeSize   71811|Addr 0x7fb27bc74ca0|Timestamp 215871297536054|Src n/a
[engine] opt done   id=514   ProtosRootNode@7aef54ed                            |Tier 1|Time    33(   9+23  )ms|AST    2|Inlined   0Y   0N|IR    591/  1658|CodeSize    7561|Addr 0x7fb27bc92820|Timestamp 215871541680190|Src n/a
[engine] opt done   id=515   ProtosRootNode@15c106a1                            |Tier 1|Time  1643( 180+1463)ms|AST   21|Inlined   0Y   0N|IR  17355/ 65090|CodeSize  329425|Addr 0x7fb27bc9b8e0|Timestamp 215873185250248|Src n/a
[engine] opt done   id=510   ProtosRootNode@7ebd346a                            |Tier 1|Time    15(   5+10  )ms|AST    2|Inlined   0Y   0N|IR    888/  1275|CodeSize    5532|Addr 0x7fb27bd14960|Timestamp 215873202474487|Src n/a
[engine] opt done   id=511   ProtosRootNode@14236b7c                            |Tier 1|Time   552(  55+497 )ms|AST   11|Inlined   0Y   0N|IR   9311/ 32534|CodeSize  168473|Addr 0x7fb27bd195e0|Timestamp 215873777083044|Src n/a
[engine] opt done   id=512   ProtosRootNode@21d2796                             |Tier 1|Time    15(   4+10  )ms|AST    2|Inlined   0Y   0N|IR    888/  1275|CodeSize    5532|Addr 0x7fb27bd58960|Timestamp 215873812409762|Src n/a
[engine] opt done   id=513   ProtosRootNode@7ce45921                            |Tier 1|Time  1358( 108+1250)ms|AST   20|Inlined   0Y   0N|IR  17555/ 61681|CodeSize  316615|Addr 0x7fb27bd5f4e0|Timestamp 215875172066775|Src n/a
[engine] opt done   id=514   ProtosRootNode@7aef54ed                            |Tier 2|Time    39(   4+35  )ms|AST    2|Inlined   0Y   0N|IR    518/  1448|CodeSize    7174|Addr 0x7fb27bdd5460|Timestamp 215875259333260|Src n/a
[engine] opt done   id=515   ProtosRootNode@15c106a1                            |Tier 2|Time  1449( 110+1338)ms|AST   21|Inlined   0Y   0N|IR  17282/ 54543|CodeSize  275559|Addr 0x7fb27bddbb40|Timestamp 215876710647331|Src n/a
[engine] opt done   id=510   ProtosRootNode@7ebd346a                            |Tier 2|Time    31(   9+22  )ms|AST    2|Inlined   0Y   0N|IR    815/   944|CodeSize    4429|Addr 0x7fb27be41780|Timestamp 215876805960150|Src n/a
[engine] opt done   id=511   ProtosRootNode@14236b7c                            |Tier 2|Time   595(  52+543 )ms|AST   11|Inlined   0Y   0N|IR   9238/ 26801|CodeSize  136017|Addr 0x7fb27be45040|Timestamp 215877402488949|Src n/a
[engine] opt done   id=512   ProtosRootNode@21d2796                             |Tier 2|Time    22(   6+16  )ms|AST    2|Inlined   0Y   0N|IR    815/   944|CodeSize    4429|Addr 0x7fb27be78500|Timestamp 215877429089423|Src n/a
[engine] opt done   id=513   ProtosRootNode@7ce45921                            |Tier 2|Time  1439( 119+1321)ms|AST   20|Inlined   0Y   0N|IR  17482/ 50645|CodeSize  257604|Addr 0x7fb27be7d4c0|Timestamp 215878883031036|Src n/a
[engine] opt done   id=516   ProtosRootNode@7e61d6f3                            |Tier 1|Time    23(   5+18  )ms|AST    2|Inlined   0Y   0N|IR    888/  2671|CodeSize   13140|Addr 0x7fb27bedd8c0|Timestamp 215878951309091|Src n/a
[engine] opt failed id=517   ProtosRootNode@7f050f00                            |Tier 1|Time   47(-215878952+215878999)ms|Reason: jdk.graal.compiler.truffle.GraphTooBigBailoutException: Graph too big to safely compile. Node count: 50562. Graph Size: 150051. Limit: 150000.|Timestamp 215878998669506|Src n/a
[engine] opt failed id=517   ProtosRootNode@7f050f00                            |Tier 1|Time   46(-215879008+215879054)ms|Reason: jdk.graal.compiler.truffle.GraphTooBigBailoutException: Graph too big to safely compile. Node count: 50562. Graph Size: 150051. Limit: 150000.|Timestamp 215879053759474|Src n/a
[engine] opt done   id=504   ProtosRootNode@67e63a07                            |Tier 1|Time    15(   5+9   )ms|AST    2|Inlined   0Y   0N|IR    888/  1275|CodeSize    5532|Addr 0x7fb27bee34e0|Timestamp 215879068838222|Src n/a
[engine] opt done   id=505   ProtosRootNode@50a3772e                            |Tier 1|Time   160(  32+129 )ms|AST    7|Inlined   0Y   0N|IR   3940/ 14123|CodeSize   71811|Addr 0x7fb27bee72a0|Timestamp 215879231416957|Src n/a
[engine] opt done   id=605   ProtosRootNode@16b9b8cc                            |Tier 1|Time    17(   5+12  )ms|AST    2|Inlined   0Y   0N|IR    591/  1658|CodeSize    7561|Addr 0x7fb27bf041a0|Timestamp 215879428441469|Src n/a
[engine] opt done   id=606   ProtosRootNode@62271a2d                            |Tier 1|Time  1520( 116+1404)ms|AST   21|Inlined   0Y   0N|IR  17355/ 65090|CodeSize  329425|Addr 0x7fb27bf0c060|Timestamp 215880949889448|Src n/a
[engine] opt done   id=601   ProtosRootNode@65395492                            |Tier 1|Time    15(   4+11  )ms|AST    2|Inlined   0Y   0N|IR    888/  1275|CodeSize    5532|Addr 0x7fb27bf850e0|Timestamp 215880999245874|Src n/a
[engine] opt done   id=602   ProtosRootNode@88876ed                             |Tier 1|Time   499(  52+447 )ms|AST   11|Inlined   0Y   0N|IR   9311/ 32534|CodeSize  168473|Addr 0x7fb27bf89d60|Timestamp 215881499278433|Src n/a
[engine] opt done   id=603   ProtosRootNode@4e9287ae                            |Tier 1|Time    15(   4+10  )ms|AST    2|Inlined   0Y   0N|IR    888/  1275|CodeSize    5532|Addr 0x7fb27bfc90e0|Timestamp 215881530974840|Src n/a
[engine] opt done   id=604   ProtosRootNode@263e69e8                            |Tier 1|Time  1460( 173+1287)ms|AST   20|Inlined   0Y   0N|IR  17555/ 61681|CodeSize  316615|Addr 0x7fb27bfd3660|Timestamp 215882991165148|Src n/a
[engine] opt done   id=605   ProtosRootNode@16b9b8cc                            |Tier 2|Time    27(   4+24  )ms|AST    2|Inlined   0Y   0N|IR    518/  1448|CodeSize    7174|Addr 0x7fb27c048fe0|Timestamp 215883058500003|Src n/a
[engine] opt done   id=606   ProtosRootNode@62271a2d                            |Tier 2|Time  1510( 126+1384)ms|AST   21|Inlined   0Y   0N|IR  17282/ 54543|CodeSize  275559|Addr 0x7fb27c04f3c0|Timestamp 215884569030509|Src n/a
[engine] opt done   id=601   ProtosRootNode@65395492                            |Tier 2|Time    26(   9+17  )ms|AST    2|Inlined   0Y   0N|IR    815/   944|CodeSize    4429|Addr 0x7fb27c0b4c00|Timestamp 215884638480205|Src n/a
[engine] opt done   id=602   ProtosRootNode@88876ed                             |Tier 2|Time   535(  57+479 )ms|AST   11|Inlined   0Y   0N|IR   9238/ 26801|CodeSize  136017|Addr 0x7fb27c0b84c0|Timestamp 215885173923154|Src n/a
[engine] opt done   id=603   ProtosRootNode@4e9287ae                            |Tier 2|Time    17(   4+13  )ms|AST    2|Inlined   0Y   0N|IR    815/   944|CodeSize    4429|Addr 0x7fb27c0eb100|Timestamp 215885207517251|Src n/a
[engine] opt done   id=604   ProtosRootNode@263e69e8                            |Tier 2|Time  1362( 103+1259)ms|AST   20|Inlined   0Y   0N|IR  17482/ 50645|CodeSize  257604|Addr 0x7fb27c0f00c0|Timestamp 215886569769691|Src n/a
[engine] opt done   id=607   ProtosRootNode@4f8ec676                            |Tier 1|Time    23(   5+18  )ms|AST    2|Inlined   0Y   0N|IR    888/  2671|CodeSize   13140|Addr 0x7fb27c150a40|Timestamp 215886615674385|Src n/a
[engine] opt failed id=608   ProtosRootNode@5b254c7a                            |Tier 1|Time   46(-215886616+215886662)ms|Reason: jdk.graal.compiler.truffle.GraphTooBigBailoutException: Graph too big to safely compile. Node count: 50562. Graph Size: 150051. Limit: 150000.|Timestamp 215886661878529|Src n/a
[engine] opt failed id=608   ProtosRootNode@5b254c7a                            |Tier 1|Time   45(-215886676+215886721)ms|Reason: jdk.graal.compiler.truffle.GraphTooBigBailoutException: Graph too big to safely compile. Node count: 50562. Graph Size: 150051. Limit: 150000.|Timestamp 215886721097570|Src n/a
[engine] opt done   id=595   ProtosRootNode@3ef60956                            |Tier 1|Time    15(   5+9   )ms|AST    2|Inlined   0Y   0N|IR    888/  1275|CodeSize    5532|Addr 0x7fb27c156660|Timestamp 215886735960927|Src n/a
[engine] opt done   id=596   ProtosRootNode@64b20ff6                            |Tier 1|Time   167(  39+129 )ms|AST    7|Inlined   0Y   0N|IR   3940/ 14123|CodeSize   71811|Addr 0x7fb27c15b0a0|Timestamp 215886905288775|Src n/a
[engine] opt done   id=696   ProtosRootNode@30126d9c                            |Tier 1|Time    21(   8+13  )ms|AST    2|Inlined   0Y   0N|IR    591/  1658|CodeSize    7561|Addr 0x7fb27c177420|Timestamp 215887096977855|Src n/a
[engine] opt done   id=697   ProtosRootNode@60babc4f                            |Tier 1|Time  1443( 115+1329)ms|AST   21|Inlined   0Y   0N|IR  17355/ 65090|CodeSize  329425|Addr 0x7fb27c17f2e0|Timestamp 215888540867908|Src n/a
[engine] opt done   id=692   ProtosRootNode@5fb650a3                            |Tier 1|Time    30(  10+20  )ms|AST    2|Inlined   0Y   0N|IR    888/  1275|CodeSize    5532|Addr 0x7fb27c1f8360|Timestamp 215888574603966|Src n/a
[engine] opt done   id=693   ProtosRootNode@17a32f41                            |Tier 1|Time   503(  55+448 )ms|AST   11|Inlined   0Y   0N|IR   9311/ 32534|CodeSize  168473|Addr 0x7fb27c1ffe60|Timestamp 215889111946306|Src n/a
[engine] opt done   id=694   ProtosRootNode@52b85320                            |Tier 1|Time    15(   4+10  )ms|AST    2|Inlined   0Y   0N|IR    888/  1275|CodeSize    5532|Addr 0x7fb27c23f1e0|Timestamp 215889141731052|Src n/a
[engine] opt done   id=695   ProtosRootNode@7c1b835a                            |Tier 1|Time  1359( 106+1253)ms|AST   20|Inlined   0Y   0N|IR  17555/ 61681|CodeSize  316615|Addr 0x7fb27c245d60|Timestamp 215890502684502|Src n/a
[engine] opt done   id=696   ProtosRootNode@30126d9c                            |Tier 2|Time    59(   7+51  )ms|AST    2|Inlined   0Y   0N|IR    518/  1448|CodeSize    7174|Addr 0x7fb27c2bb6e0|Timestamp 215890644159986|Src n/a
[engine] opt done   id=697   ProtosRootNode@60babc4f                            |Tier 2|Time  1801( 267+1534)ms|AST   21|Inlined   0Y   0N|IR  17282/ 54543|CodeSize  275559|Addr 0x7fb27c2c2f40|Timestamp 215892446399639|Src n/a
[engine] opt done   id=692   ProtosRootNode@5fb650a3                            |Tier 2|Time    18(   5+14  )ms|AST    2|Inlined   0Y   0N|IR    815/   944|CodeSize    4429|Addr 0x7fb27c328380|Timestamp 215892529225512|Src n/a
[engine] opt done   id=693   ProtosRootNode@17a32f41                            |Tier 2|Time   572(  53+520 )ms|AST   11|Inlined   0Y   0N|IR   9238/ 26801|CodeSize  136017|Addr 0x7fb27c32bf40|Timestamp 215893102466142|Src n/a
[engine] opt done   id=694   ProtosRootNode@52b85320                            |Tier 2|Time    18(   5+13  )ms|AST    2|Inlined   0Y   0N|IR    815/   944|CodeSize    4429|Addr 0x7fb27c35eb80|Timestamp 215893134817659|Src n/a
[engine] opt done   id=695   ProtosRootNode@7c1b835a                            |Tier 2|Time  1448( 126+1322)ms|AST   20|Inlined   0Y   0N|IR  17482/ 50645|CodeSize  257604|Addr 0x7fb27c363e40|Timestamp 215894584700748|Src n/a
[engine] opt done   id=698   ProtosRootNode@5dbd8c22                            |Tier 1|Time    30(   5+24  )ms|AST    2|Inlined   0Y   0N|IR    888/  2671|CodeSize   13140|Addr 0x7fb27c3c4240|Timestamp 215894633406293|Src n/a
[engine] opt failed id=699   ProtosRootNode@409f0b4c                            |Tier 1|Time   48(-215894634+215894682)ms|Reason: jdk.graal.compiler.truffle.GraphTooBigBailoutException: Graph too big to safely compile. Node count: 50562. Graph Size: 150051. Limit: 150000.|Timestamp 215894681578148|Src n/a
[engine] opt failed id=699   ProtosRootNode@409f0b4c                            |Tier 1|Time   55(-215894682+215894737)ms|Reason: jdk.graal.compiler.truffle.GraphTooBigBailoutException: Graph too big to safely compile. Node count: 50562. Graph Size: 150051. Limit: 150000.|Timestamp 215894737056487|Src n/a
[engine] opt done   id=686   ProtosRootNode@2622ebc8                            |Tier 1|Time    16(   6+10  )ms|AST    2|Inlined   0Y   0N|IR    888/  1275|CodeSize    5532|Addr 0x7fb27c3cae60|Timestamp 215894768161604|Src n/a
[engine] opt done   id=687   ProtosRootNode@3afaf8cf                            |Tier 1|Time   145(  20+125 )ms|AST    7|Inlined   0Y   0N|IR   3940/ 14123|CodeSize   71811|Addr 0x7fb27c3d0420|Timestamp 215894914254770|Src n/a
[engine] opt done   id=787   ProtosRootNode@c0948b5                             |Tier 1|Time    39(   8+31  )ms|AST    2|Inlined   0Y   0N|IR    591/  1658|CodeSize    7561|Addr 0x7fb27c3ed120|Timestamp 215895120868778|Src n/a
[engine] opt done   id=788   ProtosRootNode@39fcbc25                            |Tier 1|Time  1495( 111+1384)ms|AST   21|Inlined   0Y   0N|IR  17355/ 65090|CodeSize  329425|Addr 0x7fb27c3f4ce0|Timestamp 215896616187672|Src n/a
[engine] opt done   id=783   ProtosRootNode@3f5432f                             |Tier 1|Time    15(   5+10  )ms|AST    2|Inlined   0Y   0N|IR    888/  1275|CodeSize    5532|Addr 0x7fb27c46dd60|Timestamp 215896633495461|Src n/a
[engine] opt done   id=784   ProtosRootNode@3390d83d                            |Tier 1|Time   540(  49+491 )ms|AST   11|Inlined   0Y   0N|IR   9311/ 32534|CodeSize  168473|Addr 0x7fb27c4729e0|Timestamp 215897192856225|Src n/a
[engine] opt done   id=785   ProtosRootNode@37c16419                            |Tier 1|Time    21(   5+16  )ms|AST    2|Inlined   0Y   0N|IR    888/  1275|CodeSize    5532|Addr 0x7fb27c4b1d60|Timestamp 215897214157196|Src n/a
[engine] opt done   id=786   ProtosRootNode@43239c74                            |Tier 1|Time  1389( 117+1272)ms|AST   20|Inlined   0Y   0N|IR  17555/ 61681|CodeSize  316615|Addr 0x7fb27c4b8be0|Timestamp 215898604796676|Src n/a
[engine] opt done   id=787   ProtosRootNode@c0948b5                             |Tier 2|Time    37(   7+30  )ms|AST    2|Inlined   0Y   0N|IR    518/  1448|CodeSize    7174|Addr 0x7fb27c52f2e0|Timestamp 215898704875588|Src n/a
[engine] opt done   id=788   ProtosRootNode@39fcbc25                            |Tier 2|Time  1434( 108+1326)ms|AST   21|Inlined   0Y   0N|IR  17282/ 54543|CodeSize  275559|Addr 0x7fb27c5356c0|Timestamp 215900139448972|Src n/a
[engine] opt done   id=783   ProtosRootNode@3f5432f                             |Tier 2|Time    17(   4+13  )ms|AST    2|Inlined   0Y   0N|IR    815/   944|CodeSize    4429|Addr 0x7fb27c59d100|Timestamp 215900257016614|Src n/a
[engine] opt done   id=784   ProtosRootNode@3390d83d                            |Tier 2|Time   559(  51+509 )ms|AST   11|Inlined   0Y   0N|IR   9238/ 26801|CodeSize  136017|Addr 0x7fb27c5a09c0|Timestamp 215900816843458|Src n/a
[engine] opt done   id=785   ProtosRootNode@37c16419                            |Tier 2|Time    33(   6+27  )ms|AST    2|Inlined   0Y   0N|IR    815/   944|CodeSize    4429|Addr 0x7fb27c5d3600|Timestamp 215900852294067|Src n/a
[engine] opt done   id=786   ProtosRootNode@43239c74                            |Tier 2|Time  1350( 115+1235)ms|AST   20|Inlined   0Y   0N|IR  17482/ 50645|CodeSize  257604|Addr 0x7fb27c5d85c0|Timestamp 215902202539177|Src n/a
[engine] opt done   id=789   ProtosRootNode@3da04346                            |Tier 1|Time    29(   5+24  )ms|AST    2|Inlined   0Y   0N|IR    888/  2671|CodeSize   13140|Addr 0x7fb27c638dc0|Timestamp 215902273319815|Src n/a
[engine] opt failed id=790   ProtosRootNode@3760d2fa                            |Tier 1|Time   52(-215902274+215902326)ms|Reason: jdk.graal.compiler.truffle.GraphTooBigBailoutException: Graph too big to safely compile. Node count: 50562. Graph Size: 150051. Limit: 150000.|Timestamp 215902326099572|Src n/a
[engine] opt failed id=790   ProtosRootNode@3760d2fa                            |Tier 1|Time   47(-215902333+215902380)ms|Reason: jdk.graal.compiler.truffle.GraphTooBigBailoutException: Graph too big to safely compile. Node count: 50562. Graph Size: 150051. Limit: 150000.|Timestamp 215902379654511|Src n/a
[engine] opt done   id=777   ProtosRootNode@50a995cc                            |Tier 1|Time    15(   4+11  )ms|AST    2|Inlined   0Y   0N|IR    888/  1275|CodeSize    5532|Addr 0x7fb27c6400e0|Timestamp 215902399251111|Src n/a
[engine] opt done   id=778   ProtosRootNode@5e7065dc                            |Tier 1|Time   170(  33+136 )ms|AST    7|Inlined   0Y   0N|IR   3940/ 14123|CodeSize   71811|Addr 0x7fb27c643a20|Timestamp 215902570815831|Src n/a
[engine] opt done   id=878   ProtosRootNode@11b9582b                            |Tier 1|Time    31(   7+24  )ms|AST    2|Inlined   0Y   0N|IR    591/  1658|CodeSize    7561|Addr 0x7fb27c65f820|Timestamp 215902777130100|Src n/a
[engine] opt done   id=879   ProtosRootNode@43b8e1c1                            |Tier 1|Time  1529( 175+1354)ms|AST   21|Inlined   0Y   0N|IR  17355/ 65090|CodeSize  329425|Addr 0x7fb27c669ee0|Timestamp 215904308259986|Src n/a
[engine] opt done   id=874   ProtosRootNode@1daf3ac6                            |Tier 1|Time    15(   5+10  )ms|AST    2|Inlined   0Y   0N|IR    888/  1275|CodeSize    5532|Addr 0x7fb27c6e2f60|Timestamp 215904366672997|Src n/a
[engine] opt done   id=875   ProtosRootNode@5c68912c                            |Tier 1|Time   526(  54+472 )ms|AST   11|Inlined   0Y   0N|IR   9311/ 32534|CodeSize  168473|Addr 0x7fb27c6e7be0|Timestamp 215904893156835|Src n/a
[engine] opt done   id=876   ProtosRootNode@49b8367d                            |Tier 1|Time    20(   4+15  )ms|AST    2|Inlined   0Y   0N|IR    888/  1275|CodeSize    5532|Addr 0x7fb27c726f60|Timestamp 215904913630025|Src n/a
[engine] opt done   id=877   ProtosRootNode@26c9516                             |Tier 1|Time  1411( 114+1297)ms|AST   20|Inlined   0Y   0N|IR  17555/ 61681|CodeSize  316615|Addr 0x7fb27c72dae0|Timestamp 215906324905510|Src n/a
[engine] opt done   id=878   ProtosRootNode@11b9582b                            |Tier 2|Time    20(   4+16  )ms|AST    2|Inlined   0Y   0N|IR    518/  1448|CodeSize    7174|Addr 0x7fb27c7a3460|Timestamp 215906415759028|Src n/a
[engine] opt done   id=879   ProtosRootNode@43b8e1c1                            |Tier 2|Time  1439( 104+1335)ms|AST   21|Inlined   0Y   0N|IR  17282/ 54543|CodeSize  275559|Addr 0x7fb27c7a9840|Timestamp 215907854672538|Src n/a
[engine] opt done   id=874   ProtosRootNode@1daf3ac6                            |Tier 2|Time    17(   4+13  )ms|AST    2|Inlined   0Y   0N|IR    815/   944|CodeSize    4429|Addr 0x7fb27c80ec80|Timestamp 215907913747729|Src n/a
[engine] opt done   id=875   ProtosRootNode@5c68912c                            |Tier 2|Time   568(  82+487 )ms|AST   11|Inlined   0Y   0N|IR   9238/ 26801|CodeSize  136017|Addr 0x7fb27c812540|Timestamp 215908482462719|Src n/a
[engine] opt done   id=876   ProtosRootNode@49b8367d                            |Tier 2|Time    17(   5+12  )ms|AST    2|Inlined   0Y   0N|IR    815/   944|CodeSize    4429|Addr 0x7fb27c845180|Timestamp 215908502463180|Src n/a
[engine] opt done   id=877   ProtosRootNode@26c9516                             |Tier 2|Time  1460( 129+1331)ms|AST   20|Inlined   0Y   0N|IR  17482/ 50645|CodeSize  257604|Addr 0x7fb27c84a140|Timestamp 215909962664552|Src n/a
[engine] opt done   id=880   ProtosRootNode@6d82adfd                            |Tier 1|Time    23(   5+18  )ms|AST    2|Inlined   0Y   0N|IR    888/  2671|CodeSize   13140|Addr 0x7fb27c8aa8c0|Timestamp 215910026073305|Src n/a
[engine] opt failed id=881   ProtosRootNode@5b214d88                            |Tier 1|Time   45(-215910026+215910071)ms|Reason: jdk.graal.compiler.truffle.GraphTooBigBailoutException: Graph too big to safely compile. Node count: 50562. Graph Size: 150051. Limit: 150000.|Timestamp 215910071068139|Src n/a
[engine] opt failed id=881   ProtosRootNode@5b214d88                            |Tier 1|Time   45(-215910081+215910126)ms|Reason: jdk.graal.compiler.truffle.GraphTooBigBailoutException: Graph too big to safely compile. Node count: 50562. Graph Size: 150051. Limit: 150000.|Timestamp 215910125738188|Src n/a
[engine] opt done   id=868   ProtosRootNode@79d3fb3e                            |Tier 1|Time    22(   9+13  )ms|AST    2|Inlined   0Y   0N|IR    888/  1275|CodeSize    5532|Addr 0x7fb27c8b0f60|Timestamp 215910148828820|Src n/a
[engine] opt done   id=869   ProtosRootNode@297f089c                            |Tier 1|Time   150(  21+130 )ms|AST    7|Inlined   0Y   0N|IR   3940/ 14123|CodeSize   71811|Addr 0x7fb27c8b4420|Timestamp 215910299624300|Src n/a
[engine] opt done   id=969   ProtosRootNode@4c1d0dc7                            |Tier 1|Time    32(   9+23  )ms|AST    2|Inlined   0Y   0N|IR    591/  1658|CodeSize    7561|Addr 0x7fb27c8d0fa0|Timestamp 215910505785349|Src n/a
[engine] opt done   id=970   ProtosRootNode@48ecd05c                            |Tier 1|Time  1416( 123+1294)ms|AST   21|Inlined   0Y   0N|IR  17355/ 65090|CodeSize  329425|Addr 0x7fb27c8d9fe0|Timestamp 215911923734209|Src n/a
[engine] opt done   id=965   ProtosRootNode@4b1ed0da                            |Tier 1|Time    15(   5+10  )ms|AST    2|Inlined   0Y   0N|IR    888/  1275|CodeSize    5532|Addr 0x7fb27c953060|Timestamp 215911941277579|Src n/a
[engine] opt done   id=966   ProtosRootNode@2a3fa461                            |Tier 1|Time   503(  47+455 )ms|AST   11|Inlined   0Y   0N|IR   9311/ 32534|CodeSize  168473|Addr 0x7fb27c957ce0|Timestamp 215912460953944|Src n/a
[engine] opt done   id=967   ProtosRootNode@477fe889                            |Tier 1|Time    15(   5+10  )ms|AST    2|Inlined   0Y   0N|IR    888/  1275|CodeSize    5532|Addr 0x7fb27c997060|Timestamp 215912491313740|Src n/a
[engine] opt done   id=968   ProtosRootNode@71611c87                            |Tier 1|Time  1385( 125+1261)ms|AST   20|Inlined   0Y   0N|IR  17555/ 61681|CodeSize  316615|Addr 0x7fb27c99dbe0|Timestamp 215913877035555|Src n/a
[engine] opt done   id=969   ProtosRootNode@4c1d0dc7                            |Tier 2|Time    30(   3+27  )ms|AST    2|Inlined   0Y   0N|IR    518/  1448|CodeSize    7174|Addr 0x7fb27ca13560|Timestamp 215913949693733|Src n/a
[engine] opt done   id=970   ProtosRootNode@48ecd05c                            |Tier 2|Time  1679( 162+1517)ms|AST   21|Inlined   0Y   0N|IR  17282/ 54543|CodeSize  275559|Addr 0x7fb27ca19940|Timestamp 215915629928994|Src n/a
[engine] opt done   id=965   ProtosRootNode@4b1ed0da                            |Tier 2|Time    18(   4+14  )ms|AST    2|Inlined   0Y   0N|IR    815/   944|CodeSize    4429|Addr 0x7fb27ca7ed80|Timestamp 215915708589756|Src n/a
[engine] opt done   id=966   ProtosRootNode@2a3fa461                            |Tier 2|Time   569(  54+515 )ms|AST   11|Inlined   0Y   0N|IR   9238/ 26801|CodeSize  136017|Addr 0x7fb27ca82640|Timestamp 215916277916728|Src n/a
[engine] opt done   id=967   ProtosRootNode@477fe889                            |Tier 2|Time    17(   5+13  )ms|AST    2|Inlined   0Y   0N|IR    815/   944|CodeSize    4429|Addr 0x7fb27cab5280|Timestamp 215916298711699|Src n/a
[engine] opt done   id=968   ProtosRootNode@71611c87                            |Tier 2|Time  1418( 142+1276)ms|AST   20|Inlined   0Y   0N|IR  17482/ 50645|CodeSize  257604|Addr 0x7fb27caba240|Timestamp 215917716899663|Src n/a
[engine] opt done   id=971   ProtosRootNode@13cace81                            |Tier 1|Time    23(   5+18  )ms|AST    2|Inlined   0Y   0N|IR    888/  2671|CodeSize   13140|Addr 0x7fb27cb1a640|Timestamp 215917780842637|Src n/a
[engine] opt failed id=972   ProtosRootNode@4a4b23a0                            |Tier 1|Time   46(-215917781+215917827)ms|Reason: jdk.graal.compiler.truffle.GraphTooBigBailoutException: Graph too big to safely compile. Node count: 50562. Graph Size: 150051. Limit: 150000.|Timestamp 215917827458952|Src n/a
[engine] opt failed id=972   ProtosRootNode@4a4b23a0                            |Tier 1|Time   45(-215917834+215917880)ms|Reason: jdk.graal.compiler.truffle.GraphTooBigBailoutException: Graph too big to safely compile. Node count: 50562. Graph Size: 150051. Limit: 150000.|Timestamp 215917879559939|Src n/a
[engine] opt done   id=959   ProtosRootNode@1337c808                            |Tier 1|Time    15(   5+9   )ms|AST    2|Inlined   0Y   0N|IR    888/  1275|CodeSize    5532|Addr 0x7fb27cb20260|Timestamp 215917898519279|Src n/a
[engine] opt done   id=960   ProtosRootNode@588a5764                            |Tier 1|Time   157(  21+136 )ms|AST    7|Inlined   0Y   0N|IR   3940/ 14123|CodeSize   71811|Addr 0x7fb27cb23720|Timestamp 215918055547373|Src n/a
[engine] opt done   id=101   ProtosRootNode@42497276                            |Tier 2|Time    20(   4+16  )ms|AST    2|Inlined   0Y   0N|IR    518/  1448|CodeSize    7174|Addr 0x7fb27cb3eee0|Timestamp 215918230195636|Src n/a
[engine] opt done   id=102   ProtosRootNode@78a4d6cb                            |Tier 2|Time   400(  35+366 )ms|AST    9|Inlined   0Y   0N|IR   6483/ 21014|CodeSize  103548|Addr 0x7fb27cb434e0|Timestamp 215918637723052|Src n/a
[engine] opt done   id=99    ProtosRootNode@6917737d                            |Tier 2|Time    21(   4+17  )ms|AST    2|Inlined   0Y   0N|IR    815/   944|CodeSize    4429|Addr 0x7fb27cb69b00|Timestamp 215918661639825|Src n/a
[engine] opt done   id=100   ProtosRootNode@762fe21a                            |Tier 2|Time   716(  64+652 )ms|AST   13|Inlined   0Y   0N|IR  10731/ 32050|CodeSize  162478|Addr 0x7fb27cb6d960|Timestamp 215919378410536|Src n/a
[engine] opt done   id=105   ProtosRootNode@6034c5ef                            |Tier 2|Time    23(   4+19  )ms|AST    2|Inlined   0Y   0N|IR    815/   944|CodeSize    4429|Addr 0x7fb27cba9d80|Timestamp 215919401739809|Src n/a
[engine] opt done   id=106   ProtosRootNode@3742d2a0                            |Tier 2|Time   324(  29+294 )ms|AST    9|Inlined   0Y   0N|IR   5714/ 16820|CodeSize   82014|Addr 0x7fb27cbacd60|Timestamp 215919725926311|Src n/a
[engine] opt done   id=1060  ProtosRootNode@41d72716                            |Tier 1|Time    26(   8+18  )ms|AST    2|Inlined   0Y   0N|IR    591/  1658|CodeSize    7561|Addr 0x7fb27cbccba0|Timestamp 215919772674386|Src n/a
[engine] opt done   id=1061  ProtosRootNode@16dced4a                            |Tier 1|Time  1529( 113+1416)ms|AST   21|Inlined   0Y   0N|IR  17355/ 65090|CodeSize  329425|Addr 0x7fb27cbd4760|Timestamp 215921301911140|Src n/a
[engine] opt done   id=1056  ProtosRootNode@7a2fa2b6                            |Tier 1|Time    15(   5+10  )ms|AST    2|Inlined   0Y   0N|IR    888/  1275|CodeSize    5532|Addr 0x7fb27cc4d7e0|Timestamp 215921318912049|Src n/a
[engine] opt done   id=1057  ProtosRootNode@5683d199                            |Tier 1|Time   514(  48+466 )ms|AST   11|Inlined   0Y   0N|IR   9311/ 32534|CodeSize  168473|Addr 0x7fb27cc52460|Timestamp 215921847154500|Src n/a
[engine] opt done   id=1058  ProtosRootNode@7a0c597b                            |Tier 1|Time    15(   4+10  )ms|AST    2|Inlined   0Y   0N|IR    888/  1275|CodeSize    5532|Addr 0x7fb27cc917e0|Timestamp 215921877669377|Src n/a
[engine] opt done   id=1059  ProtosRootNode@36cff2ab                            |Tier 1|Time  1535( 111+1423)ms|AST   20|Inlined   0Y   0N|IR  17555/ 61681|CodeSize  316615|Addr 0x7fb27cc98360|Timestamp 215923412750015|Src n/a
[engine] opt done   id=1060  ProtosRootNode@41d72716                            |Tier 2|Time    44(   5+39  )ms|AST    2|Inlined   0Y   0N|IR    518/  1448|CodeSize    7174|Addr 0x7fb27cd0dce0|Timestamp 215923505506794|Src n/a
[engine] opt done   id=1061  ProtosRootNode@16dced4a                            |Tier 2|Time  1508( 119+1389)ms|AST   21|Inlined   0Y   0N|IR  17282/ 54543|CodeSize  275559|Addr 0x7fb27cd140c0|Timestamp 215925013601009|Src n/a
[engine] opt done   id=1056  ProtosRootNode@7a2fa2b6                            |Tier 2|Time    17(   4+13  )ms|AST    2|Inlined   0Y   0N|IR    815/   944|CodeSize    4429|Addr 0x7fb27cd79500|Timestamp 215925086201008|Src n/a
[engine] opt done   id=1057  ProtosRootNode@5683d199                            |Tier 2|Time   527(  49+478 )ms|AST   11|Inlined   0Y   0N|IR   9238/ 26801|CodeSize  136017|Addr 0x7fb27cd7cdc0|Timestamp 215925613680939|Src n/a
[engine] opt done   id=1058  ProtosRootNode@7a0c597b                            |Tier 2|Time    16(   4+12  )ms|AST    2|Inlined   0Y   0N|IR    815/   944|CodeSize    4429|Addr 0x7fb27cdafa00|Timestamp 215925633008310|Src n/a
[engine] opt done   id=1059  ProtosRootNode@36cff2ab                            |Tier 2|Time  1488( 139+1349)ms|AST   20|Inlined   0Y   0N|IR  17482/ 50645|CodeSize  257604|Addr 0x7fb27b3c3fc0|Timestamp 215927121455355|Src n/a
[engine] opt done   id=1062  ProtosRootNode@462bf39a                            |Tier 1|Time    23(   5+18  )ms|AST    2|Inlined   0Y   0N|IR    888/  2671|CodeSize   13140|Addr 0x7fb27b4d6c40|Timestamp 215927176690224|Src n/a
[engine] opt failed id=1063  ProtosRootNode@60f4df38                            |Tier 1|Time   44(-215927177+215927221)ms|Reason: jdk.graal.compiler.truffle.GraphTooBigBailoutException: Graph too big to safely compile. Node count: 50562. Graph Size: 150051. Limit: 150000.|Timestamp 215927221172238|Src n/a
[engine] opt failed id=1063  ProtosRootNode@60f4df38                            |Tier 1|Time   44(-215927229+215927273)ms|Reason: jdk.graal.compiler.truffle.GraphTooBigBailoutException: Graph too big to safely compile. Node count: 50562. Graph Size: 150051. Limit: 150000.|Timestamp 215927273019916|Src n/a
[engine] opt done   id=1050  ProtosRootNode@2166fa2                             |Tier 1|Time    14(   4+10  )ms|AST    2|Inlined   0Y   0N|IR    888/  1275|CodeSize    5532|Addr 0x7fb27b259960|Timestamp 215927287251873|Src n/a
[engine] opt done   id=1051  ProtosRootNode@45d8032b                            |Tier 1|Time   143(  20+123 )ms|AST    7|Inlined   0Y   0N|IR   3940/ 14123|CodeSize   71811|Addr 0x7fb27b77e720|Timestamp 215927430945380|Src n/a
[engine] opt done   id=1151  ProtosRootNode@23799a9d                            |Tier 1|Time    23(   6+17  )ms|AST    2|Inlined   0Y   0N|IR    591/  1658|CodeSize    7561|Addr 0x7fb27b1686a0|Timestamp 215927644054844|Src n/a
[engine] opt done   id=1152  ProtosRootNode@3cc8bd8f                            |Tier 1|Time  1518( 164+1354)ms|AST   21|Inlined   0Y   0N|IR  17355/ 65090|CodeSize  329425|Addr 0x7fb27b178860|Timestamp 215929162607766|Src n/a
[engine] opt done   id=1147  ProtosRootNode@6a976674                            |Tier 1|Time    17(   7+10  )ms|AST    2|Inlined   0Y   0N|IR    888/  1275|CodeSize    5532|Addr 0x7fb27b598060|Timestamp 215929182068387|Src n/a
[engine] opt done   id=1148  ProtosRootNode@55bfdc63                            |Tier 1|Time   488(  49+440 )ms|AST   11|Inlined   0Y   0N|IR   9311/ 32534|CodeSize  168473|Addr 0x7fb27b59d6e0|Timestamp 215929683637865|Src n/a
[engine] opt done   id=1149  ProtosRootNode@6e1e14f3                            |Tier 1|Time    14(   4+9   )ms|AST    2|Inlined   0Y   0N|IR    888/  1275|CodeSize    5532|Addr 0x7fb27b5dcd60|Timestamp 215929713444401|Src n/a
[engine] opt done   id=1150  ProtosRootNode@23abc428                            |Tier 1|Time  1338( 103+1235)ms|AST   20|Inlined   0Y   0N|IR  17555/ 61681|CodeSize  316615|Addr 0x7fb27b2610e0|Timestamp 215931052372258|Src n/a
[engine] opt done   id=1151  ProtosRootNode@23799a9d                            |Tier 2|Time    28(   3+25  )ms|AST    2|Inlined   0Y   0N|IR    518/  1448|CodeSize    7174|Addr 0x7fb27b2e5d60|Timestamp 215931132691511|Src n/a
[engine] opt done   id=1152  ProtosRootNode@3cc8bd8f                            |Tier 2|Time  1411( 138+1273)ms|AST   21|Inlined   0Y   0N|IR  17282/ 54543|CodeSize  275559|Addr 0x7fb27b2ee940|Timestamp 215932545173598|Src n/a
[engine] opt done   id=1147  ProtosRootNode@6a976674                            |Tier 2|Time    17(   4+12  )ms|AST    2|Inlined   0Y   0N|IR    815/   944|CodeSize    4429|Addr 0x7fb27ba9e100|Timestamp 215932615990686|Src n/a
[engine] opt done   id=1148  ProtosRootNode@55bfdc63                            |Tier 2|Time   522(  48+475 )ms|AST   11|Inlined   0Y   0N|IR   9238/ 26801|CodeSize  136017|Addr 0x7fb27b368540|Timestamp 215933138725936|Src n/a
[engine] opt done   id=1149  ProtosRootNode@6e1e14f3                            |Tier 2|Time    16(   4+12  )ms|AST    2|Inlined   0Y   0N|IR    815/   944|CodeSize    4429|Addr 0x7fb27c3cb480|Timestamp 215933158310747|Src n/a
[engine] opt done   id=1150  ProtosRootNode@23abc428                            |Tier 2|Time  1404( 146+1258)ms|AST   20|Inlined   0Y   0N|IR  17482/ 50645|CodeSize  257604|Addr 0x7fb27bc09d40|Timestamp 215934571807225|Src n/a
[engine] opt done   id=1153  ProtosRootNode@11f4191b                            |Tier 1|Time    22(   5+17  )ms|AST    2|Inlined   0Y   0N|IR    888/  2671|CodeSize   13140|Addr 0x7fb27bc6a440|Timestamp 215934626839825|Src n/a
[engine] opt failed id=1154  ProtosRootNode@3a0539d                             |Tier 1|Time   43(-215934627+215934670)ms|Reason: jdk.graal.compiler.truffle.GraphTooBigBailoutException: Graph too big to safely compile. Node count: 50562. Graph Size: 150051. Limit: 150000.|Timestamp 215934670194568|Src n/a
[engine] opt failed id=1154  ProtosRootNode@3a0539d                             |Tier 1|Time   42(-215934678+215934721)ms|Reason: jdk.graal.compiler.truffle.GraphTooBigBailoutException: Graph too big to safely compile. Node count: 50562. Graph Size: 150051. Limit: 150000.|Timestamp 215934720894656|Src n/a
[engine] opt done   id=1141  ProtosRootNode@90b343b                             |Tier 1|Time    13(   4+9   )ms|AST    2|Inlined   0Y   0N|IR    888/  1275|CodeSize    5532|Addr 0x7fb27c6400e0|Timestamp 215934734888963|Src n/a
[engine] opt done   id=1142  ProtosRootNode@1bff5aa7                            |Tier 1|Time   141(  21+121 )ms|AST    7|Inlined   0Y   0N|IR   3940/ 14123|CodeSize   71811|Addr 0x7fb27b9fb620|Timestamp 215934876402219|Src n/a
[engine] opt done   id=1242  ProtosRootNode@c11c2f6                             |Tier 1|Time    30(   7+22  )ms|AST    2|Inlined   0Y   0N|IR    591/  1658|CodeSize    7561|Addr 0x7fb27b513220|Timestamp 215935056633606|Src n/a
[engine] opt done   id=1243  ProtosRootNode@112f45f9                            |Tier 1|Time  1418( 151+1267)ms|AST   21|Inlined   0Y   0N|IR  17355/ 65090|CodeSize  329425|Addr 0x7fb27b51dd60|Timestamp 215936476126918|Src n/a
[engine] opt done   id=1238  ProtosRootNode@52338198                            |Tier 1|Time    19(   8+11  )ms|AST    2|Inlined   0Y   0N|IR    888/  1275|CodeSize    5532|Addr 0x7fb27bc936e0|Timestamp 215936501007652|Src n/a
[engine] opt done   id=1239  ProtosRootNode@71d785de                            |Tier 1|Time   504(  44+460 )ms|AST   11|Inlined   0Y   0N|IR   9311/ 32534|CodeSize  168473|Addr 0x7fb27b1f7ce0|Timestamp 215937021942142|Src n/a
[engine] opt done   id=1240  ProtosRootNode@5b551b70                            |Tier 1|Time    14(   4+9   )ms|AST    2|Inlined   0Y   0N|IR    888/  1275|CodeSize    5532|Addr 0x7fb27b1f3060|Timestamp 215937036177129|Src n/a
[engine] opt done   id=1241  ProtosRootNode@7116f272                            |Tier 1|Time  1284( 118+1167)ms|AST   20|Inlined   0Y   0N|IR  17555/ 61681|CodeSize  316615|Addr 0x7fb27b86b8e0|Timestamp 215938321123170|Src n/a
[engine] opt done   id=1242  ProtosRootNode@c11c2f6                             |Tier 2|Time    46(   5+41  )ms|AST    2|Inlined   0Y   0N|IR    518/  1448|CodeSize    7174|Addr 0x7fb27bf041e0|Timestamp 215938420428634|Src n/a
[engine] opt done   id=1243  ProtosRootNode@112f45f9                            |Tier 2|Time  1501( 122+1379)ms|AST   21|Inlined   0Y   0N|IR  17282/ 54543|CodeSize  275559|Addr 0x7fb27b66bc40|Timestamp 215939922252592|Src n/a
[engine] opt done   id=1238  ProtosRootNode@52338198                            |Tier 2|Time    17(   4+13  )ms|AST    2|Inlined   0Y   0N|IR    815/   944|CodeSize    4429|Addr 0x7fb27c178900|Timestamp 215939992765810|Src n/a
[engine] opt done   id=1239  ProtosRootNode@71d785de                            |Tier 2|Time   547(  51+496 )ms|AST   11|Inlined   0Y   0N|IR   9238/ 26801|CodeSize  136017|Addr 0x7fb27b6d8d40|Timestamp 215940539960375|Src n/a
[engine] opt done   id=1240  ProtosRootNode@5b551b70                            |Tier 2|Time    29(   4+25  )ms|AST    2|Inlined   0Y   0N|IR    815/   944|CodeSize    4429|Addr 0x7fb27b6d5480|Timestamp 215940572084662|Src n/a
[engine] opt done   id=1241  ProtosRootNode@7116f272                            |Tier 2|Time  1301( 116+1185)ms|AST   20|Inlined   0Y   0N|IR  17482/ 50645|CodeSize  257604|Addr 0x7fb27bde0dc0|Timestamp 215941874120694|Src n/a
[engine] opt done   id=1244  ProtosRootNode@557a4767                            |Tier 1|Time    22(   5+17  )ms|AST    2|Inlined   0Y   0N|IR    888/  2671|CodeSize   13140|Addr 0x7fb27c638dc0|Timestamp 215941929857374|Src n/a
[engine] opt failed id=1245  ProtosRootNode@6c592cd                             |Tier 1|Time   43(-215941930+215941974)ms|Reason: jdk.graal.compiler.truffle.GraphTooBigBailoutException: Graph too big to safely compile. Node count: 50562. Graph Size: 150051. Limit: 150000.|Timestamp 215941973783067|Src n/a
[engine] opt failed id=1245  ProtosRootNode@6c592cd                             |Tier 1|Time   43(-215941982+215942025)ms|Reason: jdk.graal.compiler.truffle.GraphTooBigBailoutException: Graph too big to safely compile. Node count: 50562. Graph Size: 150051. Limit: 150000.|Timestamp 215942025314125|Src n/a
[engine] opt done   id=1232  ProtosRootNode@12671636                            |Tier 1|Time    13(   4+9   )ms|AST    2|Inlined   0Y   0N|IR    888/  1275|CodeSize    5532|Addr 0x7fb27c6606e0|Timestamp 215942039108093|Src n/a
[engine] opt done   id=1233  ProtosRootNode@39ec844b                            |Tier 1|Time   143(  20+123 )ms|AST    7|Inlined   0Y   0N|IR   3940/ 14123|CodeSize   71811|Addr 0x7fb27bee72a0|Timestamp 215942181980420|Src n/a
[engine] opt done   id=1333  ProtosRootNode@28f4bd73                            |Tier 1|Time    21(   7+14  )ms|AST    2|Inlined   0Y   0N|IR    591/  1658|CodeSize    7561|Addr 0x7fb27c8d0fa0|Timestamp 215942354871263|Src n/a
[engine] opt done   id=1334  ProtosRootNode@4014bac0                            |Tier 1|Time  1428( 110+1318)ms|AST   21|Inlined   0Y   0N|IR  17355/ 65090|CodeSize  329425|Addr 0x7fb27c181ae0|Timestamp 215943783305393|Src n/a
[engine] opt done   id=1329  ProtosRootNode@3007a021                            |Tier 1|Time    20(   5+15  )ms|AST    2|Inlined   0Y   0N|IR    888/  1275|CodeSize    5532|Addr 0x7fb27c17ade0|Timestamp 215943805653575|Src n/a
[engine] opt done   id=1330  ProtosRootNode@4b13795b                            |Tier 1|Time   523(  47+476 )ms|AST   11|Inlined   0Y   0N|IR   9311/ 32534|CodeSize  168473|Addr 0x7fb27b827860|Timestamp 215944352629391|Src n/a
[engine] opt done   id=1331  ProtosRootNode@4332d461                            |Tier 1|Time    15(   5+10  )ms|AST    2|Inlined   0Y   0N|IR    888/  1275|CodeSize    5532|Addr 0x7fb27b822be0|Timestamp 215944368976309|Src n/a
[engine] opt done   id=1332  ProtosRootNode@40bde24a                            |Tier 1|Time  1368( 120+1248)ms|AST   20|Inlined   0Y   0N|IR  17555/ 61681|CodeSize  316615|Addr 0x7fb27c4b8be0|Timestamp 215945739600070|Src n/a
[engine] opt done   id=1333  ProtosRootNode@28f4bd73                            |Tier 2|Time    40(   4+36  )ms|AST    2|Inlined   0Y   0N|IR    518/  1448|CodeSize    7174|Addr 0x7fb27bddaae0|Timestamp 215945819866793|Src n/a
[engine] opt done   id=1334  ProtosRootNode@4014bac0                            |Tier 2|Time  1507( 105+1402)ms|AST   21|Inlined   0Y   0N|IR  17282/ 54543|CodeSize  275559|Addr 0x7fb27b7151c0|Timestamp 215947326939988|Src n/a
[engine] opt done   id=1329  ProtosRootNode@3007a021                            |Tier 2|Time    17(   5+12  )ms|AST    2|Inlined   0Y   0N|IR    815/   944|CodeSize    4429|Addr 0x7fb27b820a00|Timestamp 215947401257108|Src n/a
[engine] opt done   id=1330  ProtosRootNode@4b13795b                            |Tier 2|Time   543(  49+493 )ms|AST   11|Inlined   0Y   0N|IR   9238/ 26801|CodeSize  136017|Addr 0x7fb27bbd2940|Timestamp 215947944110951|Src n/a
[engine] opt done   id=1331  ProtosRootNode@4332d461                            |Tier 2|Time    16(   4+12  )ms|AST    2|Inlined   0Y   0N|IR    815/   944|CodeSize    4429|Addr 0x7fb27bbcf080|Timestamp 215947963546812|Src n/a
[engine] opt done   id=1332  ProtosRootNode@40bde24a                            |Tier 2|Time  1326( 125+1201)ms|AST   20|Inlined   0Y   0N|IR  17482/ 50645|CodeSize  257604|Addr 0x7fb27c369c40|Timestamp 215949289876900|Src n/a
[engine] opt done   id=1335  ProtosRootNode@51ebe687                            |Tier 1|Time    28(   8+20  )ms|AST    2|Inlined   0Y   0N|IR    888/  2671|CodeSize   13140|Addr 0x7fb27c361240|Timestamp 215949357455006|Src n/a
[engine] opt failed id=1336  ProtosRootNode@61e75554                            |Tier 1|Time   45(-215949358+215949403)ms|Reason: jdk.graal.compiler.truffle.GraphTooBigBailoutException: Graph too big to safely compile. Node count: 50562. Graph Size: 150051. Limit: 150000.|Timestamp 215949403250901|Src n/a
[engine] opt failed id=1336  ProtosRootNode@61e75554                            |Tier 1|Time   44(-215949411+215949455)ms|Reason: jdk.graal.compiler.truffle.GraphTooBigBailoutException: Graph too big to safely compile. Node count: 50562. Graph Size: 150051. Limit: 150000.|Timestamp 215949454983259|Src n/a
[engine] opt done   id=1323  ProtosRootNode@16fe281f                            |Tier 1|Time    14(   5+10  )ms|AST    2|Inlined   0Y   0N|IR    888/  1275|CodeSize    5532|Addr 0x7fb27c8adce0|Timestamp 215949473767619|Src n/a
[engine] opt done   id=1324  ProtosRootNode@1f581ca1                            |Tier 1|Time   152(  20+132 )ms|AST    7|Inlined   0Y   0N|IR   3940/ 14123|CodeSize   71811|Addr 0x7fb27c15b0a0|Timestamp 215949626239432|Src n/a
[engine] opt done   id=1424  ProtosRootNode@772de1b9                            |Tier 1|Time    30(   8+22  )ms|AST    2|Inlined   0Y   0N|IR    591/  1658|CodeSize    7561|Addr 0x7fb27c1557a0|Timestamp 215949820934787|Src n/a
[engine] opt done   id=1425  ProtosRootNode@2a1f3c59                            |Tier 1|Time  1540( 145+1396)ms|AST   21|Inlined   0Y   0N|IR  17355/ 65090|CodeSize  329425|Addr 0x7fb27b7a7060|Timestamp 215951362228542|Src n/a
[engine] opt done   id=1420  ProtosRootNode@20ecb109                            |Tier 1|Time    15(   5+10  )ms|AST    2|Inlined   0Y   0N|IR    888/  1275|CodeSize    5532|Addr 0x7fb27c8ab4e0|Timestamp 215951415725961|Src n/a
[engine] opt done   id=1421  ProtosRootNode@747ab80c                            |Tier 1|Time   607(  62+545 )ms|AST   11|Inlined   0Y   0N|IR   9311/ 32534|CodeSize  168473|Addr 0x7fb27c2eb1e0|Timestamp 215952023583741|Src n/a
[engine] opt done   id=1422  ProtosRootNode@a4e7d35                             |Tier 1|Time    16(   5+11  )ms|AST    2|Inlined   0Y   0N|IR    888/  1275|CodeSize    5532|Addr 0x7fb27b7a0360|Timestamp 215952057914459|Src n/a
[engine] opt done   id=1423  ProtosRootNode@293b8564                            |Tier 1|Time  1520( 134+1387)ms|AST   20|Inlined   0Y   0N|IR  17555/ 61681|CodeSize  316615|Addr 0x7fb27b5e7860|Timestamp 215953578752184|Src n/a
[engine] opt done   id=1424  ProtosRootNode@772de1b9                            |Tier 2|Time    33(   4+29  )ms|AST    2|Inlined   0Y   0N|IR    518/  1448|CodeSize    7174|Addr 0x7fb27b5dffe0|Timestamp 215953666429762|Src n/a
[engine] opt done   id=1425  ProtosRootNode@2a1f3c59                            |Tier 2|Time  1672( 124+1548)ms|AST   21|Inlined   0Y   0N|IR  17282/ 54543|CodeSize  275559|Addr 0x7fb27c5356c0|Timestamp 215955338600760|Src n/a
[engine] opt done   id=1420  ProtosRootNode@20ecb109                            |Tier 2|Time    18(   5+13  )ms|AST    2|Inlined   0Y   0N|IR    815/   944|CodeSize    4429|Addr 0x7fb27c530600|Timestamp 215955422818565|Src n/a
[engine] opt done   id=1421  ProtosRootNode@747ab80c                            |Tier 2|Time   552(  51+501 )ms|AST   11|Inlined   0Y   0N|IR   9238/ 26801|CodeSize  136017|Addr 0x7fb27be45040|Timestamp 215955976006086|Src n/a
[engine] opt done   id=1422  ProtosRootNode@a4e7d35                             |Tier 2|Time    18(   4+14  )ms|AST    2|Inlined   0Y   0N|IR    815/   944|CodeSize    4429|Addr 0x7fb27be41780|Timestamp 215956013707686|Src n/a
[engine] opt done   id=1423  ProtosRootNode@293b8564                            |Tier 2|Time  1487( 107+1380)ms|AST   20|Inlined   0Y   0N|IR  17482/ 50645|CodeSize  257604|Addr 0x7fb27be85ac0|Timestamp 215957501051945|Src n/a
[engine] opt done   id=1426  ProtosRootNode@24a16464                            |Tier 1|Time    25(   5+21  )ms|AST    2|Inlined   0Y   0N|IR    888/  2671|CodeSize   13140|Addr 0x7fb27be7d0c0|Timestamp 215957545669179|Src n/a
[engine] opt failed id=1427  ProtosRootNode@f0af6a9                             |Tier 1|Time   46(-215957560+215957606)ms|Reason: jdk.graal.compiler.truffle.GraphTooBigBailoutException: Graph too big to safely compile. Node count: 50562. Graph Size: 150051. Limit: 150000.|Timestamp 215957605929202|Src n/a
[engine] opt failed id=1427  ProtosRootNode@f0af6a9                             |Tier 1|Time   50(-215957616+215957667)ms|Reason: jdk.graal.compiler.truffle.GraphTooBigBailoutException: Graph too big to safely compile. Node count: 50562. Graph Size: 150051. Limit: 150000.|Timestamp 215957666687855|Src n/a
[engine] opt done   id=1414  ProtosRootNode@4e9ae767                            |Tier 1|Time    15(   5+10  )ms|AST    2|Inlined   0Y   0N|IR    888/  1275|CodeSize    5532|Addr 0x7fb27be7a6e0|Timestamp 215957686184746|Src n/a
[engine] opt done   id=1415  ProtosRootNode@1335c17                             |Tier 1|Time   158(  21+137 )ms|AST    7|Inlined   0Y   0N|IR   3940/ 14123|CodeSize   71811|Addr 0x7fb27c3d0420|Timestamp 215957846247993|Src n/a
[engine] opt done   id=1515  ProtosRootNode@89f0ac0                             |Tier 1|Time    32(   8+24  )ms|AST    2|Inlined   0Y   0N|IR    591/  1658|CodeSize    7561|Addr 0x7fb27c1520a0|Timestamp 215958066510913|Src n/a
[engine] opt done   id=1516  ProtosRootNode@26705a3c                            |Tier 1|Time  1793( 188+1605)ms|AST   21|Inlined   0Y   0N|IR  17355/ 65090|CodeSize  329425|Addr 0x7fb27ba24160|Timestamp 215959860583339|Src n/a
[engine] opt done   id=1511  ProtosRootNode@1ada9efe                            |Tier 1|Time    16(   5+10  )ms|AST    2|Inlined   0Y   0N|IR    888/  1275|CodeSize    5532|Addr 0x7fb27ba1d460|Timestamp 215959927615856|Src n/a
[engine] opt done   id=1512  ProtosRootNode@40350186                            |Tier 1|Time   604(  64+540 )ms|AST   11|Inlined   0Y   0N|IR   9311/ 32534|CodeSize  168473|Addr 0x7fb27b911be0|Timestamp 215960531764184|Src n/a
[engine] opt done   id=1513  ProtosRootNode@732b689f                            |Tier 1|Time    21(   5+16  )ms|AST    2|Inlined   0Y   0N|IR    888/  1275|CodeSize    5532|Addr 0x7fb27c65c960|Timestamp 215960552975526|Src n/a
[engine] opt done   id=1514  ProtosRootNode@43ce51f0                            |Tier 1|Time  1608( 174+1433)ms|AST   20|Inlined   0Y   0N|IR  17555/ 61681|CodeSize  316615|Addr 0x7fb27c0da9e0|Timestamp 215962160934752|Src n/a
[engine] opt done   id=1515  ProtosRootNode@89f0ac0                             |Tier 2|Time    20(   4+15  )ms|AST    2|Inlined   0Y   0N|IR    518/  1448|CodeSize    7174|Addr 0x7fb27c659460|Timestamp 215962246702929|Src n/a
[engine] opt done   id=1516  ProtosRootNode@26705a3c                            |Tier 2|Time  1471( 165+1306)ms|AST   21|Inlined   0Y   0N|IR  17282/ 54543|CodeSize  275559|Addr 0x7fb27bb68840|Timestamp 215963720561913|Src n/a
[engine] opt done   id=1511  ProtosRootNode@1ada9efe                            |Tier 2|Time    17(   5+12  )ms|AST    2|Inlined   0Y   0N|IR    815/   944|CodeSize    4429|Addr 0x7fb27be78500|Timestamp 215963779053385|Src n/a
[engine] opt done   id=1512  ProtosRootNode@40350186                            |Tier 2|Time   568(  66+502 )ms|AST   11|Inlined   0Y   0N|IR   9238/ 26801|CodeSize  136017|Addr 0x7fb27c32e0c0|Timestamp 215964347549275|Src n/a
[engine] opt done   id=1513  ProtosRootNode@732b689f                            |Tier 2|Time    18(   5+13  )ms|AST    2|Inlined   0Y   0N|IR    815/   944|CodeSize    4429|Addr 0x7fb27c32a800|Timestamp 215964399982644|Src n/a
[engine] opt done   id=1514  ProtosRootNode@43ce51f0                            |Tier 2|Time  1374( 110+1264)ms|AST   20|Inlined   0Y   0N|IR  17482/ 50645|CodeSize  257604|Addr 0x7fb27c5d85c0|Timestamp 215965774139764|Src n/a
[engine] opt done   id=1517  ProtosRootNode@7e344eb1                            |Tier 1|Time    22(   4+18  )ms|AST    2|Inlined   0Y   0N|IR    888/  2671|CodeSize   13140|Addr 0x7fb27c6537c0|Timestamp 215965832069956|Src n/a
[engine] opt failed id=1518  ProtosRootNode@4ac4265d                            |Tier 1|Time   45(-215965832+215965877)ms|Reason: jdk.graal.compiler.truffle.GraphTooBigBailoutException: Graph too big to safely compile. Node count: 50562. Graph Size: 150051. Limit: 150000.|Timestamp 215965877470181|Src n/a
[engine] opt failed id=1518  ProtosRootNode@4ac4265d                            |Tier 1|Time   45(-215965884+215965929)ms|Reason: jdk.graal.compiler.truffle.GraphTooBigBailoutException: Graph too big to safely compile. Node count: 50562. Graph Size: 150051. Limit: 150000.|Timestamp 215965929290829|Src n/a
[engine] opt done   id=1505  ProtosRootNode@729e2e0e                            |Tier 1|Time    15(   5+10  )ms|AST    2|Inlined   0Y   0N|IR    888/  1275|CodeSize    5532|Addr 0x7fb27bb63160|Timestamp 215965948845060|Src n/a
[engine] opt done   id=1506  ProtosRootNode@508692f7                            |Tier 1|Time   155(  22+133 )ms|AST    7|Inlined   0Y   0N|IR   3940/ 14123|CodeSize   71811|Addr 0x7fb27b4e1120|Timestamp 215966104493845|Src n/a
[engine] opt done   id=1606  ProtosRootNode@419a13d5                            |Tier 1|Time    30(   9+22  )ms|AST    2|Inlined   0Y   0N|IR    591/  1658|CodeSize    7561|Addr 0x7fb27c64ff20|Timestamp 215966309248277|Src n/a
[engine] opt done   id=1607  ProtosRootNode@7a1b481e                            |Tier 1|Time  1463( 149+1315)ms|AST   21|Inlined   0Y   0N|IR  17355/ 65090|CodeSize  329425|Addr 0x7fb27b981260|Timestamp 215967773470547|Src n/a
[engine] opt done   id=1602  ProtosRootNode@282638cc                            |Tier 1|Time    15(   4+10  )ms|AST    2|Inlined   0Y   0N|IR    888/  1275|CodeSize    5532|Addr 0x7fb27bb60960|Timestamp 215967825093835|Src n/a
[engine] opt done   id=1603  ProtosRootNode@aca3009                             |Tier 1|Time   529(  52+477 )ms|AST   11|Inlined   0Y   0N|IR   9311/ 32534|CodeSize  168473|Addr 0x7fb27bb1eee0|Timestamp 215968354357815|Src n/a
[engine] opt done   id=1604  ProtosRootNode@3dd3fee0                            |Tier 1|Time    20(   7+13  )ms|AST    2|Inlined   0Y   0N|IR    888/  1275|CodeSize    5532|Addr 0x7fb27c64d6e0|Timestamp 215968395858997|Src n/a
[engine] opt done   id=1605  ProtosRootNode@5d54bd82                            |Tier 1|Time  1478( 136+1342)ms|AST   20|Inlined   0Y   0N|IR  17555/ 61681|CodeSize  316615|Addr 0x7fb27baa7160|Timestamp 215969876397078|Src n/a
[engine] opt done   id=1606  ProtosRootNode@419a13d5                            |Tier 2|Time    29(   4+25  )ms|AST    2|Inlined   0Y   0N|IR    518/  1448|CodeSize    7174|Addr 0x7fb27c64a1e0|Timestamp 215969944468005|Src n/a
[engine] opt done   id=1607  ProtosRootNode@7a1b481e                            |Tier 2|Time  1447( 118+1329)ms|AST   21|Inlined   0Y   0N|IR  17282/ 54543|CodeSize  275559|Addr 0x7fb27c259740|Timestamp 215971393267079|Src n/a
[engine] opt done   id=1602  ProtosRootNode@282638cc                            |Tier 2|Time    18(   4+14  )ms|AST    2|Inlined   0Y   0N|IR    815/   944|CodeSize    4429|Addr 0x7fb27baa0c00|Timestamp 215971473892023|Src n/a
[engine] opt done   id=1603  ProtosRootNode@aca3009                             |Tier 2|Time   936( 112+824 )ms|AST   11|Inlined   0Y   0N|IR   9238/ 26801|CodeSize  136017|Addr 0x7fb27c5a2b40|Timestamp 215972412174117|Src n/a
[engine] opt done   id=1604  ProtosRootNode@3dd3fee0                            |Tier 2|Time    17(   5+13  )ms|AST    2|Inlined   0Y   0N|IR    815/   944|CodeSize    4429|Addr 0x7fb27c59f280|Timestamp 215972432585758|Src n/a
[engine] opt done   id=1605  ProtosRootNode@5d54bd82                            |Tier 2|Time  1408( 141+1267)ms|AST   20|Inlined   0Y   0N|IR  17482/ 50645|CodeSize  257604|Addr 0x7fb27bf6b6c0|Timestamp 215973840640751|Src n/a
[engine] opt done   id=1608  ProtosRootNode@48a7f527                            |Tier 1|Time    22(   4+18  )ms|AST    2|Inlined   0Y   0N|IR    888/  2671|CodeSize   13140|Addr 0x7fb27c644540|Timestamp 215973900778664|Src n/a
[engine] opt failed id=1609  ProtosRootNode@1be1616f                            |Tier 1|Time   44(-215973902+215973946)ms|Reason: jdk.graal.compiler.truffle.GraphTooBigBailoutException: Graph too big to safely compile. Node count: 50562. Graph Size: 150051. Limit: 150000.|Timestamp 215973946257849|Src n/a
[engine] opt failed id=1609  ProtosRootNode@1be1616f                            |Tier 1|Time   48(-215973961+215974009)ms|Reason: jdk.graal.compiler.truffle.GraphTooBigBailoutException: Graph too big to safely compile. Node count: 50562. Graph Size: 150051. Limit: 150000.|Timestamp 215974008599313|Src n/a
[engine] opt done   id=1596  ProtosRootNode@29f8a52c                            |Tier 1|Time    14(   4+10  )ms|AST    2|Inlined   0Y   0N|IR    888/  1275|CodeSize    5532|Addr 0x7fb27bc8dbe0|Timestamp 215974027055053|Src n/a
[engine] opt done   id=1597  ProtosRootNode@1203c14d                            |Tier 1|Time   172(  35+137 )ms|AST    7|Inlined   0Y   0N|IR   3940/ 14123|CodeSize   71811|Addr 0x7fb27bc724a0|Timestamp 215974200666928|Src n/a
[engine] opt done   id=1697  ProtosRootNode@135573fb                            |Tier 1|Time    22(   7+15  )ms|AST    2|Inlined   0Y   0N|IR    591/  1658|CodeSize    7561|Addr 0x7fb27c8cc4a0|Timestamp 215974396456335|Src n/a
[engine] opt done   id=1698  ProtosRootNode@3fd48f87                            |Tier 1|Time  1505( 150+1355)ms|AST   21|Inlined   0Y   0N|IR  17355/ 65090|CodeSize  329425|Addr 0x7fb27c43b4e0|Timestamp 215975901665522|Src n/a
[engine] opt done   id=1693  ProtosRootNode@39e2391a                            |Tier 1|Time    14(   4+10  )ms|AST    2|Inlined   0Y   0N|IR    888/  1275|CodeSize    5532|Addr 0x7fb27c8c9c60|Timestamp 215975954140101|Src n/a
[engine] opt done   id=1694  ProtosRootNode@507b73b1                            |Tier 1|Time   526(  50+476 )ms|AST   11|Inlined   0Y   0N|IR   9311/ 32534|CodeSize  168473|Addr 0x7fb27c3f7c60|Timestamp 215976480086390|Src n/a
[engine] opt done   id=1695  ProtosRootNode@23e36325                            |Tier 1|Time    20(   4+15  )ms|AST    2|Inlined   0Y   0N|IR    888/  1275|CodeSize    5532|Addr 0x7fb27c3f2fe0|Timestamp 215976500390971|Src n/a
[engine] opt done   id=1696  ProtosRootNode@4d04ff01                            |Tier 1|Time  1440( 114+1327)ms|AST   20|Inlined   0Y   0N|IR  17555/ 61681|CodeSize  316615|Addr 0x7fb27c03ef60|Timestamp 215977941079363|Src n/a
[engine] opt done   id=1697  ProtosRootNode@135573fb                            |Tier 2|Time    20(   4+16  )ms|AST    2|Inlined   0Y   0N|IR    518/  1448|CodeSize    7174|Addr 0x7fb27c3efae0|Timestamp 215978030328132|Src n/a
[engine] opt done   id=1698  ProtosRootNode@3fd48f87                            |Tier 2|Time  1465( 102+1363)ms|AST   21|Inlined   0Y   0N|IR  17282/ 54543|CodeSize  275559|Addr 0x7fb27bfd5740|Timestamp 215979495127297|Src n/a
[engine] opt done   id=1693  ProtosRootNode@39e2391a                            |Tier 2|Time    19(   5+14  )ms|AST    2|Inlined   0Y   0N|IR    815/   944|CodeSize    4429|Addr 0x7fb27c59d100|Timestamp 215979579892054|Src n/a
[engine] opt done   id=1694  ProtosRootNode@507b73b1                            |Tier 2|Time   680(  53+627 )ms|AST   11|Inlined   0Y   0N|IR   9238/ 26801|CodeSize  136017|Addr 0x7fb27c223bc0|Timestamp 215980260632279|Src n/a
[engine] opt done   id=1695  ProtosRootNode@23e36325                            |Tier 2|Time    34(   6+28  )ms|AST    2|Inlined   0Y   0N|IR    815/   944|CodeSize    4429|Addr 0x7fb27c3ed880|Timestamp 215980297798669|Src n/a
[engine] opt done   id=1696  ProtosRootNode@4d04ff01                            |Tier 2|Time  1431( 127+1305)ms|AST   20|Inlined   0Y   0N|IR  17482/ 50645|CodeSize  257604|Addr 0x7fb27bd74bc0|Timestamp 215981729319738|Src n/a
[engine] opt done   id=1699  ProtosRootNode@29240ba9                            |Tier 1|Time    23(   5+18  )ms|AST    2|Inlined   0Y   0N|IR    888/  2671|CodeSize   13140|Addr 0x7fb27c8c4040|Timestamp 215981815229585|Src n/a
[engine] opt failed id=1700  ProtosRootNode@56a73ec7                            |Tier 1|Time   47(-215981816+215981863)ms|Reason: jdk.graal.compiler.truffle.GraphTooBigBailoutException: Graph too big to safely compile. Node count: 50562. Graph Size: 150051. Limit: 150000.|Timestamp 215981862678511|Src n/a
[engine] opt failed id=1700  ProtosRootNode@56a73ec7                            |Tier 1|Time   53(-215981871+215981925)ms|Reason: jdk.graal.compiler.truffle.GraphTooBigBailoutException: Graph too big to safely compile. Node count: 50562. Graph Size: 150051. Limit: 150000.|Timestamp 215981924713635|Src n/a
[engine] opt done   id=1687  ProtosRootNode@5a5d6697                            |Tier 1|Time    17(   5+13  )ms|AST    2|Inlined   0Y   0N|IR    888/  1275|CodeSize    5532|Addr 0x7fb27c8c1660|Timestamp 215981946758737|Src n/a
[engine] opt done   id=1688  ProtosRootNode@3258370c                            |Tier 1|Time   168(  24+144 )ms|AST    7|Inlined   0Y   0N|IR   3940/ 14123|CodeSize   71811|Addr 0x7fb27c0baf20|Timestamp 215982115322250|Src n/a
[engine] opt done   id=1788  ProtosRootNode@6c3c6e19                            |Tier 1|Time    28(   8+20  )ms|AST    2|Inlined   0Y   0N|IR    591/  1658|CodeSize    7561|Addr 0x7fb27c0b6ba0|Timestamp 215982311188328|Src n/a
[engine] opt done   id=1789  ProtosRootNode@53f67118                            |Tier 1|Time  1541( 166+1375)ms|AST   21|Inlined   0Y   0N|IR  17355/ 65090|CodeSize  329425|Addr 0x7fb27bcf8d60|Timestamp 215983852428208|Src n/a
[engine] opt done   id=1784  ProtosRootNode@4d49f0d7                            |Tier 1|Time    14(   5+10  )ms|AST    2|Inlined   0Y   0N|IR    888/  1275|CodeSize    5532|Addr 0x7fb27c8bee60|Timestamp 215983914998352|Src n/a
[engine] opt done   id=1785  ProtosRootNode@15ce24b8                            |Tier 1|Time   541(  53+488 )ms|AST   11|Inlined   0Y   0N|IR   9311/ 32534|CodeSize  168473|Addr 0x7fb27bcb54e0|Timestamp 215984456096891|Src n/a
[engine] opt done   id=1786  ProtosRootNode@6227a842                            |Tier 1|Time    19(   5+15  )ms|AST    2|Inlined   0Y   0N|IR    888/  1275|CodeSize    5532|Addr 0x7fb27c8bc660|Timestamp 215984475846902|Src n/a
[engine] opt done   id=1787  ProtosRootNode@3e4deb83                            |Tier 1|Time  1394( 110+1284)ms|AST   20|Inlined   0Y   0N|IR  17555/ 61681|CodeSize  316615|Addr 0x7fb27c834a60|Timestamp 215985869700761|Src n/a
[engine] opt done   id=1788  ProtosRootNode@6c3c6e19                            |Tier 2|Time    20(   4+16  )ms|AST    2|Inlined   0Y   0N|IR    518/  1448|CodeSize    7174|Addr 0x7fb27c8b9160|Timestamp 215985960394421|Src n/a
[engine] opt done   id=1789  ProtosRootNode@53f67118                            |Tier 2|Time  1487( 102+1386)ms|AST   21|Inlined   0Y   0N|IR  17282/ 54543|CodeSize  275559|Addr 0x7fb27c7cb240|Timestamp 215987447930963|Src n/a
[engine] opt done   id=1784  ProtosRootNode@4d49f0d7                            |Tier 2|Time    19(   5+15  )ms|AST    2|Inlined   0Y   0N|IR    815/   944|CodeSize    4429|Addr 0x7fb27c8b6f00|Timestamp 215987514667060|Src n/a
[engine] opt done   id=1785  ProtosRootNode@15ce24b8                            |Tier 2|Time   585(  83+502 )ms|AST   11|Inlined   0Y   0N|IR   9238/ 26801|CodeSize  136017|Addr 0x7fb27bf35c40|Timestamp 215988100225353|Src n/a
[engine] opt done   id=1786  ProtosRootNode@6227a842                            |Tier 2|Time    17(   4+13  )ms|AST    2|Inlined   0Y   0N|IR    815/   944|CodeSize    4429|Addr 0x7fb27c8b4d80|Timestamp 215988120639155|Src n/a
[engine] opt done   id=1787  ProtosRootNode@3e4deb83                            |Tier 2|Time  1513( 133+1380)ms|AST   20|Inlined   0Y   0N|IR  17482/ 50645|CodeSize  257604|Addr 0x7fb27c768140|Timestamp 215989634131561|Src n/a
[engine] opt done   id=1790  ProtosRootNode@73530bd                             |Tier 1|Time    29(   6+23  )ms|AST    2|Inlined   0Y   0N|IR    888/  2671|CodeSize   13140|Addr 0x7fb27bcad440|Timestamp 215989705677571|Src n/a
[engine] opt failed id=1791  ProtosRootNode@1f732c11                            |Tier 1|Time   82(-215989706+215989788)ms|Reason: jdk.graal.compiler.truffle.GraphTooBigBailoutException: Graph too big to safely compile. Node count: 50562. Graph Size: 150051. Limit: 150000.|Timestamp 215989788135387|Src n/a
[engine] opt failed id=1791  ProtosRootNode@1f732c11                            |Tier 1|Time   49(-215989789+215989837)ms|Reason: jdk.graal.compiler.truffle.GraphTooBigBailoutException: Graph too big to safely compile. Node count: 50562. Graph Size: 150051. Limit: 150000.|Timestamp 215989837421024|Src n/a
[engine] opt done   id=1778  ProtosRootNode@26f19fa9                            |Tier 1|Time    19(   4+14  )ms|AST    2|Inlined   0Y   0N|IR    888/  1275|CodeSize    5532|Addr 0x7fb27c8b25e0|Timestamp 215989856310664|Src n/a
[engine] opt done   id=1779  ProtosRootNode@53fcb8f6                            |Tier 1|Time   191(  23+168 )ms|AST    7|Inlined   0Y   0N|IR   3940/ 14123|CodeSize   71811|Addr 0x7fb27b961620|Timestamp 215990047695520|Src n/a
[engine] opt done   id=1879  ProtosRootNode@25e373cb                            |Tier 1|Time    29(   7+21  )ms|AST    2|Inlined   0Y   0N|IR    591/  1658|CodeSize    7561|Addr 0x7fb27b95d2a0|Timestamp 215990242429108|Src n/a
[engine] opt done   id=1880  ProtosRootNode@70f6f8e9                            |Tier 1|Time  1675( 146+1529)ms|AST   21|Inlined   0Y   0N|IR  17355/ 65090|CodeSize  329425|Addr 0x7fb27c6ec2e0|Timestamp 215991919720616|Src n/a
[engine] opt done   id=1875  ProtosRootNode@7414ab6c                            |Tier 1|Time    23(   7+16  )ms|AST    2|Inlined   0Y   0N|IR    888/  1275|CodeSize    5532|Addr 0x7fb27b958be0|Timestamp 215991945442031|Src n/a
[engine] opt done   id=1876  ProtosRootNode@14cf9211                            |Tier 1|Time   619(  59+560 )ms|AST   11|Inlined   0Y   0N|IR   9311/ 32534|CodeSize  168473|Addr 0x7fb27c6a8a60|Timestamp 215992591147758|Src n/a
[engine] opt done   id=1877  ProtosRootNode@2bafc07e                            |Tier 1|Time    25(   6+19  )ms|AST    2|Inlined   0Y   0N|IR    888/  1275|CodeSize    5532|Addr 0x7fb27bcaaa60|Timestamp 215992617268603|Src n/a
[engine] opt done   id=1878  ProtosRootNode@2f8a9a76                            |Tier 1|Time  1535( 139+1396)ms|AST   20|Inlined   0Y   0N|IR  17555/ 61681|CodeSize  316615|Addr 0x7fb27cac9560|Timestamp 215994152710474|Src n/a
[engine] opt done   id=1879  ProtosRootNode@25e373cb                            |Tier 2|Time    22(   4+18  )ms|AST    2|Inlined   0Y   0N|IR    518/  1448|CodeSize    7174|Addr 0x7fb27bca7560|Timestamp 215994254441530|Src n/a
[engine] opt done   id=1880  ProtosRootNode@70f6f8e9                            |Tier 2|Time  1512( 124+1388)ms|AST   21|Inlined   0Y   0N|IR  17282/ 54543|CodeSize  275559|Addr 0x7fb27ca5fd40|Timestamp 215995766602009|Src n/a
[engine] opt done   id=1875  ProtosRootNode@7414ab6c                            |Tier 2|Time    18(   5+13  )ms|AST    2|Inlined   0Y   0N|IR    815/   944|CodeSize    4429|Addr 0x7fb27bca5300|Timestamp 215995848761475|Src n/a
[engine] opt done   id=1876  ProtosRootNode@14cf9211                            |Tier 2|Time   593(  58+535 )ms|AST   11|Inlined   0Y   0N|IR   9238/ 26801|CodeSize  136017|Addr 0x7fb27c673940|Timestamp 215996442124634|Src n/a
[engine] opt done   id=1877  ProtosRootNode@2bafc07e                            |Tier 2|Time    18(   4+14  )ms|AST    2|Inlined   0Y   0N|IR    815/   944|CodeSize    4429|Addr 0x7fb27c670080|Timestamp 215996463032835|Src n/a
[engine] opt done   id=1878  ProtosRootNode@2f8a9a76                            |Tier 2|Time  1554( 147+1407)ms|AST   20|Inlined   0Y   0N|IR  17482/ 50645|CodeSize  257604|Addr 0x7fb27c9fcc40|Timestamp 215998017721239|Src n/a
[engine] opt done   id=1881  ProtosRootNode@4b2197e1                            |Tier 1|Time    32(  11+21  )ms|AST    2|Inlined   0Y   0N|IR    888/  2671|CodeSize   13140|Addr 0x7fb27c66a4c0|Timestamp 215998093265331|Src n/a
[engine] opt failed id=1882  ProtosRootNode@6b9333e2                            |Tier 1|Time   80(-215998094+215998174)ms|Reason: jdk.graal.compiler.truffle.GraphTooBigBailoutException: Graph too big to safely compile. Node count: 50562. Graph Size: 150051. Limit: 150000.|Timestamp 215998173957656|Src n/a
[engine] opt failed id=1882  ProtosRootNode@6b9333e2                            |Tier 1|Time   53(-215998176+215998229)ms|Reason: jdk.graal.compiler.truffle.GraphTooBigBailoutException: Graph too big to safely compile. Node count: 50562. Graph Size: 150051. Limit: 150000.|Timestamp 215998230881287|Src n/a
[engine] opt done   id=1869  ProtosRootNode@7e5fca4f                            |Tier 1|Time    29(   8+21  )ms|AST    2|Inlined   0Y   0N|IR    888/  1275|CodeSize    5532|Addr 0x7fb27c667ae0|Timestamp 215998276689303|Src n/a
[engine] opt done   id=1870  ProtosRootNode@2ce0ab1b                            |Tier 1|Time   162(  27+134 )ms|AST    7|Inlined   0Y   0N|IR   3940/ 14123|CodeSize   71811|Addr 0x7fb27c206da0|Timestamp 215998438521362|Src n/a
