[To redirect Truffle log output to a file use one of the following options:
* '--log.file=<path>' if the option is passed using a guest language launcher.
* '-Dpolyglot.log.file=<path>' if the option is passed using the host Java launcher.
* Configure logging using the polyglot embedding API.]
[engine] opt done   id=150   ProtosRootNode@357886aa                            |Tier 1|Time    97(  68+29  )ms|AST    2|Inlined   0Y   0N|IR    591/  1658|CodeSize    7561|Addr 0x7f287f15eea0|Timestamp 215612397999620|Src n/a
[engine] opt done   id=151   ProtosRootNode@25bfaa92                            |Tier 1|Time  2342( 273+2069)ms|AST   21|Inlined   0Y   0N|IR  20851/ 81773|CodeSize  436754|Addr 0x7f287f16cd20|Timestamp 215614747843443|Src n/a
[engine] opt done   id=146   ProtosRootNode@147f905f                            |Tier 1|Time    26(  10+16  )ms|AST    2|Inlined   0Y   0N|IR    888/  1275|CodeSize    5532|Addr 0x7f287f215860|Timestamp 215614830766246|Src n/a
[engine] opt done   id=147   ProtosRootNode@7ad66fae                            |Tier 1|Time   671(  75+596 )ms|AST   11|Inlined   0Y   0N|IR  10711/ 39220|CodeSize  206041|Addr 0x7f287f21b7c0|Timestamp 215615503109203|Src n/a
[engine] opt done   id=103   ProtosRootNode@357361a7                            |Tier 1|Time    15(   4+11  )ms|AST    2|Inlined   0Y   0N|IR    591/  1658|CodeSize    7561|Addr 0x7f287f26ba20|Timestamp 215615533983945|Src n/a
[engine] opt done   id=104   ProtosRootNode@2d59667a                            |Tier 1|Time   235(  29+206 )ms|AST    6|Inlined   0Y   0N|IR   5217/ 19409|CodeSize  101975|Addr 0x7f287f270a20|Timestamp 215615769907249|Src n/a
[engine] opt done   id=148   ProtosRootNode@6b6f0985                            |Tier 1|Time    14(   4+9   )ms|AST    2|Inlined   0Y   0N|IR    888/  1275|CodeSize    5532|Addr 0x7f287f297ce0|Timestamp 215615785799446|Src n/a
[engine] opt done   id=149   ProtosRootNode@42b0cbb1                            |Tier 1|Time  2079( 153+1926)ms|AST   20|Inlined   0Y   0N|IR  20353/ 75041|CodeSize  397465|Addr 0x7f287f2a0440|Timestamp 215617865600225|Src n/a
[engine] opt done   id=150   ProtosRootNode@357886aa                            |Tier 2|Time    50(   7+43  )ms|AST    2|Inlined   0Y   0N|IR    518/  1448|CodeSize    7174|Addr 0x7f287f34b2e0|Timestamp 215618197058127|Src n/a
[engine] opt done   id=151   ProtosRootNode@25bfaa92                            |Tier 2|Time  2409( 150+2259)ms|AST   21|Inlined   0Y   0N|IR  20778/ 68815|CodeSize  387532|Addr 0x7f287f358320|Timestamp 215620606448262|Src n/a
[engine] opt done   id=146   ProtosRootNode@147f905f                            |Tier 2|Time    40(  10+30  )ms|AST    2|Inlined   0Y   0N|IR    815/   944|CodeSize    4429|Addr 0x7f287f3ef680|Timestamp 215620834764243|Src n/a
[engine] opt done   id=147   ProtosRootNode@7ad66fae                            |Tier 2|Time   913( 142+771 )ms|AST   11|Inlined   0Y   0N|IR  10638/ 32814|CodeSize  176872|Addr 0x7f287f3ff360|Timestamp 215621751366251|Src n/a
[engine] opt done   id=103   ProtosRootNode@357361a7                            |Tier 2|Time    30(   5+25  )ms|AST    2|Inlined   0Y   0N|IR    518/  1448|CodeSize    7174|Addr 0x7f287f442ae0|Timestamp 215621783235694|Src n/a
[engine] opt done   id=104   ProtosRootNode@2d59667a                            |Tier 2|Time   432(  40+392 )ms|AST    6|Inlined   0Y   0N|IR   5144/ 16227|CodeSize   85747|Addr 0x7f287f447de0|Timestamp 215622216609898|Src n/a
[engine] opt done   id=148   ProtosRootNode@6b6f0985                            |Tier 2|Time    47(   8+39  )ms|AST    2|Inlined   0Y   0N|IR    815/   944|CodeSize    4429|Addr 0x7f287f46ad00|Timestamp 215622273716701|Src n/a
[engine] opt done   id=149   ProtosRootNode@42b0cbb1                            |Tier 2|Time  2423( 177+2246)ms|AST   20|Inlined   0Y   0N|IR  20280/ 62658|CodeSize  342484|Addr 0x7f287f476e80|Timestamp 215624698076597|Src n/a
[engine] opt done   id=101   ProtosRootNode@a097fde                             |Tier 1|Time    58(  13+45  )ms|AST    2|Inlined   0Y   0N|IR    591/  1658|CodeSize    7561|Addr 0x7f287f4f9b20|Timestamp 215624857363281|Src n/a
[engine] opt done   id=102   ProtosRootNode@676a4c93                            |Tier 1|Time   685( 117+567 )ms|AST    9|Inlined   0Y   0N|IR   7951/ 31452|CodeSize  167494|Addr 0x7f287f504040|Timestamp 215625546541029|Src n/a
[engine] opt done   id=99    ProtosRootNode@29a38f5b                            |Tier 1|Time    21(   7+15  )ms|AST    2|Inlined   0Y   0N|IR    888/  1275|CodeSize    5532|Addr 0x7f287f543860|Timestamp 215625591550207|Src n/a
[engine] opt done   id=100   ProtosRootNode@76c772d8                            |Tier 1|Time  1213( 107+1107)ms|AST   13|Inlined   0Y   0N|IR  12899/ 48349|CodeSize  260527|Addr 0x7f287f54a4a0|Timestamp 215626806207738|Src n/a
[engine] opt done   id=105   ProtosRootNode@2ae9b9f9                            |Tier 1|Time    23(  10+13  )ms|AST    2|Inlined   0Y   0N|IR    888/  1275|CodeSize    5532|Addr 0x7f287f5ade60|Timestamp 215626829952338|Src n/a
[engine] opt done   id=106   ProtosRootNode@2dfed919                            |Tier 1|Time   472(  48+423 )ms|AST    9|Inlined   0Y   0N|IR   6486/ 23741|CodeSize  126115|Addr 0x7f287f5b2da0|Timestamp 215627302896659|Src n/a
[engine] opt done   id=152   ProtosRootNode@4e04aa5a                            |Tier 1|Time    24(   5+19  )ms|AST    2|Inlined   0Y   0N|IR    888/  2671|CodeSize   13140|Addr 0x7f287f5e47c0|Timestamp 215627328190749|Src n/a
[engine] opt failed id=153   ProtosRootNode@41dfe7a4                            |Tier 1|Time   48(-215627329+215627377)ms|Reason: jdk.graal.compiler.truffle.GraphTooBigBailoutException: Graph too big to safely compile. Node count: 50681. Graph Size: 150026. Limit: 150000.|Timestamp 215627377162749|Src n/a
[engine] opt failed id=153   ProtosRootNode@41dfe7a4                            |Tier 1|Time   61(-215627393+215627455)ms|Reason: jdk.graal.compiler.truffle.GraphTooBigBailoutException: Graph too big to safely compile. Node count: 50681. Graph Size: 150026. Limit: 150000.|Timestamp 215627456539651|Src n/a
[engine] opt done   id=140   ProtosRootNode@12905ad6                            |Tier 1|Time    30(   9+21  )ms|AST    2|Inlined   0Y   0N|IR    888/  1275|CodeSize    5532|Addr 0x7f287f5ed2e0|Timestamp 215627495056047|Src n/a
[engine] opt done   id=141   ProtosRootNode@1d713e12                            |Tier 1|Time   324(  28+296 )ms|AST    7|Inlined   0Y   0N|IR   4642/ 17482|CodeSize   90120|Addr 0x7f287f5f1d00|Timestamp 215627821585719|Src n/a
[engine] opt done   id=241   ProtosRootNode@45990d79                            |Tier 1|Time    31(   8+23  )ms|AST    2|Inlined   0Y   0N|IR    591/  1658|CodeSize    7561|Addr 0x7f287f627b20|Timestamp 215628169190160|Src n/a
[engine] opt done   id=242   ProtosRootNode@1ffd7dec                            |Tier 1|Time  2665( 155+2510)ms|AST   21|Inlined   0Y   0N|IR  20851/ 81773|CodeSize  436754|Addr 0x7f287f6351a0|Timestamp 215630838446974|Src n/a
[engine] opt done   id=237   ProtosRootNode@2d8a4944                            |Tier 1|Time    47(  17+30  )ms|AST    2|Inlined   0Y   0N|IR    888/  1275|CodeSize    5532|Addr 0x7f287f6da2e0|Timestamp 215630995859568|Src n/a
[engine] opt done   id=238   ProtosRootNode@3329a4c                             |Tier 1|Time  1043( 138+906 )ms|AST   11|Inlined   0Y   0N|IR  10711/ 39220|CodeSize  206041|Addr 0x7f287f6e40c0|Timestamp 215632043621595|Src n/a
[engine] opt done   id=239   ProtosRootNode@71affdbb                            |Tier 1|Time    21(   4+17  )ms|AST    2|Inlined   0Y   0N|IR    888/  1275|CodeSize    5532|Addr 0x7f287f7345e0|Timestamp 215632066270324|Src n/a
[engine] opt done   id=240   ProtosRootNode@7caa8e87                            |Tier 1|Time  1893( 132+1762)ms|AST   20|Inlined   0Y   0N|IR  20353/ 75041|CodeSize  397465|Addr 0x7f287f73c340|Timestamp 215633959732376|Src n/a
[engine] opt done   id=241   ProtosRootNode@45990d79                            |Tier 2|Time    20(   4+16  )ms|AST    2|Inlined   0Y   0N|IR    518/  1448|CodeSize    7174|Addr 0x7f287f7d7de0|Timestamp 215634089154469|Src n/a
[engine] opt done   id=242   ProtosRootNode@1ffd7dec                            |Tier 2|Time  1975( 124+1852)ms|AST   21|Inlined   0Y   0N|IR  20778/ 68815|CodeSize  387532|Addr 0x7f287f7df920|Timestamp 215636064707778|Src n/a
[engine] opt done   id=237   ProtosRootNode@2d8a4944                            |Tier 2|Time    16(   4+12  )ms|AST    2|Inlined   0Y   0N|IR    815/   944|CodeSize    4429|Addr 0x7f287f872e80|Timestamp 215636186248307|Src n/a
[engine] opt done   id=238   ProtosRootNode@3329a4c                             |Tier 2|Time   920(  56+864 )ms|AST   11|Inlined   0Y   0N|IR  10638/ 32814|CodeSize  176872|Addr 0x7f287f876ee0|Timestamp 215637106851455|Src n/a
[engine] opt done   id=239   ProtosRootNode@71affdbb                            |Tier 2|Time    21(   5+17  )ms|AST    2|Inlined   0Y   0N|IR    815/   944|CodeSize    4429|Addr 0x7f287f8ba580|Timestamp 215637158639456|Src n/a
[engine] opt done   id=240   ProtosRootNode@7caa8e87                            |Tier 2|Time  1793( 176+1617)ms|AST   20|Inlined   0Y   0N|IR  20280/ 62658|CodeSize  342484|Addr 0x7f287f8c1e80|Timestamp 215638952941593|Src n/a
[engine] opt done   id=243   ProtosRootNode@48deb6fb                            |Tier 1|Time    22(   5+17  )ms|AST    2|Inlined   0Y   0N|IR    888/  2671|CodeSize   13140|Addr 0x7f287f9424c0|Timestamp 215639016505089|Src n/a
[engine] opt failed id=244   ProtosRootNode@4e494128                            |Tier 1|Time   43(-215639017+215639060)ms|Reason: jdk.graal.compiler.truffle.GraphTooBigBailoutException: Graph too big to safely compile. Node count: 50681. Graph Size: 150026. Limit: 150000.|Timestamp 215639059797737|Src n/a
[engine] opt failed id=244   ProtosRootNode@4e494128                            |Tier 1|Time   44(-215639067+215639111)ms|Reason: jdk.graal.compiler.truffle.GraphTooBigBailoutException: Graph too big to safely compile. Node count: 50681. Graph Size: 150026. Limit: 150000.|Timestamp 215639111664879|Src n/a
[engine] opt done   id=231   ProtosRootNode@31827583                            |Tier 1|Time    21(   9+12  )ms|AST    2|Inlined   0Y   0N|IR    888/  1275|CodeSize    5532|Addr 0x7f287f948d60|Timestamp 215639137306529|Src n/a
[engine] opt done   id=232   ProtosRootNode@15069e70                            |Tier 1|Time   202(  24+178 )ms|AST    7|Inlined   0Y   0N|IR   4642/ 17482|CodeSize   90120|Addr 0x7f287f94ce80|Timestamp 215639339847033|Src n/a
[engine] opt done   id=332   ProtosRootNode@2f14f870                            |Tier 1|Time    26(   7+19  )ms|AST    2|Inlined   0Y   0N|IR    591/  1658|CodeSize    7561|Addr 0x7f287f97a1a0|Timestamp 215639613029815|Src n/a
[engine] opt done   id=333   ProtosRootNode@617a05fe                            |Tier 1|Time  1958( 128+1830)ms|AST   21|Inlined   0Y   0N|IR  20851/ 81773|CodeSize  436754|Addr 0x7f287f982ea0|Timestamp 215641571766462|Src n/a
[engine] opt done   id=328   ProtosRootNode@1c3c8d52                            |Tier 1|Time    29(   9+20  )ms|AST    2|Inlined   0Y   0N|IR    888/  1275|CodeSize    5532|Addr 0x7f287fa27760|Timestamp 215641624869364|Src n/a
[engine] opt done   id=329   ProtosRootNode@784bcc48                            |Tier 1|Time   652(  68+584 )ms|AST   11|Inlined   0Y   0N|IR  10711/ 39220|CodeSize  206041|Addr 0x7f287fa2f7c0|Timestamp 215642277760514|Src n/a
[engine] opt done   id=330   ProtosRootNode@51642f09                            |Tier 1|Time    14(   5+10  )ms|AST    2|Inlined   0Y   0N|IR    888/  1275|CodeSize    5532|Addr 0x7f287fa7f9e0|Timestamp 215642309819317|Src n/a
[engine] opt done   id=331   ProtosRootNode@2066169c                            |Tier 1|Time  1872( 132+1740)ms|AST   20|Inlined   0Y   0N|IR  20353/ 75041|CodeSize  397465|Addr 0x7f287fa87740|Timestamp 215644181832682|Src n/a
[engine] opt done   id=332   ProtosRootNode@2f14f870                            |Tier 2|Time    27(   5+22  )ms|AST    2|Inlined   0Y   0N|IR    518/  1448|CodeSize    7174|Addr 0x7f287fb235e0|Timestamp 215644308028934|Src n/a
[engine] opt done   id=333   ProtosRootNode@617a05fe                            |Tier 2|Time  1961( 124+1837)ms|AST   21|Inlined   0Y   0N|IR  20778/ 68815|CodeSize  387532|Addr 0x7f287fb2ae20|Timestamp 215646269738748|Src n/a
[engine] opt done   id=328   ProtosRootNode@1c3c8d52                            |Tier 2|Time    17(   5+13  )ms|AST    2|Inlined   0Y   0N|IR    815/   944|CodeSize    4429|Addr 0x7f287fbba900|Timestamp 215646361814276|Src n/a
[engine] opt done   id=329   ProtosRootNode@784bcc48                            |Tier 2|Time   688(  57+631 )ms|AST   11|Inlined   0Y   0N|IR  10638/ 32814|CodeSize  176872|Addr 0x7f287fbbe960|Timestamp 215647050287992|Src n/a
[engine] opt done   id=330   ProtosRootNode@51642f09                            |Tier 2|Time    23(   4+19  )ms|AST    2|Inlined   0Y   0N|IR    815/   944|CodeSize    4429|Addr 0x7f287fc01d00|Timestamp 215647077027914|Src n/a
[engine] opt done   id=331   ProtosRootNode@2066169c                            |Tier 2|Time  1726( 151+1575)ms|AST   20|Inlined   0Y   0N|IR  20280/ 62658|CodeSize  342484|Addr 0x7f287fc0a900|Timestamp 215648803721662|Src n/a
[engine] opt done   id=334   ProtosRootNode@66eb2064                            |Tier 1|Time    28(   4+23  )ms|AST    2|Inlined   0Y   0N|IR    888/  2671|CodeSize   13140|Addr 0x7f287fc8af40|Timestamp 215648852876013|Src n/a
[engine] opt failed id=335   ProtosRootNode@15498440                            |Tier 1|Time   43(-215648853+215648896)ms|Reason: jdk.graal.compiler.truffle.GraphTooBigBailoutException: Graph too big to safely compile. Node count: 50681. Graph Size: 150026. Limit: 150000.|Timestamp 215648895933191|Src n/a
[engine] opt failed id=335   ProtosRootNode@15498440                            |Tier 1|Time   42(-215648896+215648938)ms|Reason: jdk.graal.compiler.truffle.GraphTooBigBailoutException: Graph too big to safely compile. Node count: 50681. Graph Size: 150026. Limit: 150000.|Timestamp 215648938201908|Src n/a
[engine] opt done   id=322   ProtosRootNode@7738d2c7                            |Tier 1|Time    24(   8+16  )ms|AST    2|Inlined   0Y   0N|IR    888/  1275|CodeSize    5532|Addr 0x7f287fc911e0|Timestamp 215648973413883|Src n/a
[engine] opt done   id=323   ProtosRootNode@56c0093f                            |Tier 1|Time   190(  21+169 )ms|AST    7|Inlined   0Y   0N|IR   4642/ 17482|CodeSize   90120|Addr 0x7f287fc94a00|Timestamp 215649164605133|Src n/a
[engine] opt done   id=423   ProtosRootNode@24c54ee8                            |Tier 1|Time    31(   9+22  )ms|AST    2|Inlined   0Y   0N|IR    591/  1658|CodeSize    7561|Addr 0x7f287fcba520|Timestamp 215649395733549|Src n/a
[engine] opt done   id=424   ProtosRootNode@1c33cb43                            |Tier 1|Time  1900( 155+1745)ms|AST   21|Inlined   0Y   0N|IR  20851/ 81773|CodeSize  436754|Addr 0x7f287fcc4920|Timestamp 215651295938923|Src n/a
[engine] opt done   id=419   ProtosRootNode@4a75e339                            |Tier 1|Time    14(   5+9   )ms|AST    2|Inlined   0Y   0N|IR    888/  1275|CodeSize    5532|Addr 0x7f287fd695e0|Timestamp 215651337532170|Src n/a
[engine] opt done   id=420   ProtosRootNode@455d230                             |Tier 1|Time   610(  55+555 )ms|AST   11|Inlined   0Y   0N|IR  10711/ 39220|CodeSize  206041|Addr 0x7f287fd6ea40|Timestamp 215651948324786|Src n/a
[engine] opt done   id=421   ProtosRootNode@71fc2ae1                            |Tier 1|Time    13(   4+9   )ms|AST    2|Inlined   0Y   0N|IR    888/  1275|CodeSize    5532|Addr 0x7f287fdbec60|Timestamp 215651962719632|Src n/a
[engine] opt done   id=422   ProtosRootNode@1f0dd2f0                            |Tier 1|Time  1773( 130+1644)ms|AST   20|Inlined   0Y   0N|IR  20353/ 75041|CodeSize  397465|Addr 0x7f287fdc69c0|Timestamp 215653736473265|Src n/a
[engine] opt done   id=423   ProtosRootNode@24c54ee8                            |Tier 2|Time    19(   4+15  )ms|AST    2|Inlined   0Y   0N|IR    518/  1448|CodeSize    7174|Addr 0x7f287fe5f3e0|Timestamp 215653835308816|Src n/a
[engine] opt done   id=424   ProtosRootNode@1c33cb43                            |Tier 2|Time  1859( 119+1740)ms|AST   21|Inlined   0Y   0N|IR  20778/ 68815|CodeSize  387532|Addr 0x7f287fe66c20|Timestamp 215655695078728|Src n/a
[engine] opt done   id=419   ProtosRootNode@4a75e339                            |Tier 2|Time    17(   4+13  )ms|AST    2|Inlined   0Y   0N|IR    815/   944|CodeSize    4429|Addr 0x7f287fef6700|Timestamp 215655786039136|Src n/a
[engine] opt done   id=420   ProtosRootNode@455d230                             |Tier 2|Time  1010( 114+897 )ms|AST   11|Inlined   0Y   0N|IR  10638/ 32814|CodeSize  176872|Addr 0x7f287fefbae0|Timestamp 215656798449732|Src n/a
[engine] opt done   id=421   ProtosRootNode@71fc2ae1                            |Tier 2|Time    32(   7+25  )ms|AST    2|Inlined   0Y   0N|IR    815/   944|CodeSize    4429|Addr 0x7f287ff3ee80|Timestamp 215656878878686|Src n/a
[engine] opt done   id=422   ProtosRootNode@1f0dd2f0                            |Tier 2|Time  1958( 283+1675)ms|AST   20|Inlined   0Y   0N|IR  20280/ 62658|CodeSize  342484|Addr 0x7f287ff46800|Timestamp 215658838731462|Src n/a
[engine] opt done   id=425   ProtosRootNode@3c5d2e0f                            |Tier 1|Time    30(   9+21  )ms|AST    2|Inlined   0Y   0N|IR    888/  2671|CodeSize   13140|Addr 0x7f287ffc7340|Timestamp 215658907340981|Src n/a
[engine] opt failed id=426   ProtosRootNode@4b64ed3                             |Tier 1|Time   57(-215658908+215658965)ms|Reason: jdk.graal.compiler.truffle.GraphTooBigBailoutException: Graph too big to safely compile. Node count: 50681. Graph Size: 150026. Limit: 150000.|Timestamp 215658964748486|Src n/a
[engine] opt failed id=426   ProtosRootNode@4b64ed3                             |Tier 1|Time   45(-215658973+215659019)ms|Reason: jdk.graal.compiler.truffle.GraphTooBigBailoutException: Graph too big to safely compile. Node count: 50681. Graph Size: 150026. Limit: 150000.|Timestamp 215659018658248|Src n/a
[engine] opt done   id=413   ProtosRootNode@77210167                            |Tier 1|Time    13(   4+9   )ms|AST    2|Inlined   0Y   0N|IR    888/  1275|CodeSize    5532|Addr 0x7f287ffce8e0|Timestamp 215659032572294|Src n/a
[engine] opt done   id=414   ProtosRootNode@7d5e35c5                            |Tier 1|Time   189(  23+166 )ms|AST    7|Inlined   0Y   0N|IR   4642/ 17482|CodeSize   90120|Addr 0x7f287ffd2100|Timestamp 215659221979584|Src n/a
[engine] opt done   id=514   ProtosRootNode@76ec4b9b                            |Tier 1|Time    16(   5+11  )ms|AST    2|Inlined   0Y   0N|IR    591/  1658|CodeSize    7561|Addr 0x7f287fff8aa0|Timestamp 215659459913905|Src n/a
[engine] opt done   id=515   ProtosRootNode@32601b57                            |Tier 1|Time  1957( 134+1823)ms|AST   21|Inlined   0Y   0N|IR  20851/ 81773|CodeSize  436754|Addr 0x7f28800017a0|Timestamp 215661417327033|Src n/a
[engine] opt done   id=510   ProtosRootNode@66a937fb                            |Tier 1|Time    14(   4+9   )ms|AST    2|Inlined   0Y   0N|IR    888/  1275|CodeSize    5532|Addr 0x7f28800a5b60|Timestamp 215661452246798|Src n/a
[engine] opt done   id=511   ProtosRootNode@58e4e94f                            |Tier 1|Time   620(  56+564 )ms|AST   11|Inlined   0Y   0N|IR  10711/ 39220|CodeSize  206041|Addr 0x7f28800aacc0|Timestamp 215662072756811|Src n/a
[engine] opt done   id=512   ProtosRootNode@7681504b                            |Tier 1|Time    14(   4+10  )ms|AST    2|Inlined   0Y   0N|IR    888/  1275|CodeSize    5532|Addr 0x7f28800faee0|Timestamp 215662105615265|Src n/a
[engine] opt done   id=513   ProtosRootNode@1bb49e95                            |Tier 1|Time  1854( 121+1733)ms|AST   20|Inlined   0Y   0N|IR  20353/ 75041|CodeSize  397465|Addr 0x7f2880102c40|Timestamp 215663960478582|Src n/a
[engine] opt done   id=514   ProtosRootNode@76ec4b9b                            |Tier 2|Time    25(   5+20  )ms|AST    2|Inlined   0Y   0N|IR    518/  1448|CodeSize    7174|Addr 0x7f288019b960|Timestamp 215664090004427|Src n/a
[engine] opt done   id=515   ProtosRootNode@32601b57                            |Tier 2|Time  1940( 124+1815)ms|AST   21|Inlined   0Y   0N|IR  20778/ 68815|CodeSize  387532|Addr 0x7f28801a31a0|Timestamp 215666031146773|Src n/a
[engine] opt done   id=510   ProtosRootNode@66a937fb                            |Tier 2|Time    17(   4+13  )ms|AST    2|Inlined   0Y   0N|IR    815/   944|CodeSize    4429|Addr 0x7f2880232c80|Timestamp 215666110336087|Src n/a
[engine] opt done   id=511   ProtosRootNode@58e4e94f                            |Tier 2|Time   675(  56+619 )ms|AST   11|Inlined   0Y   0N|IR  10638/ 32814|CodeSize  176872|Addr 0x7f2880236ce0|Timestamp 215666785901055|Src n/a
[engine] opt done   id=512   ProtosRootNode@7681504b                            |Tier 2|Time    23(   4+18  )ms|AST    2|Inlined   0Y   0N|IR    815/   944|CodeSize    4429|Addr 0x7f288027a080|Timestamp 215666812261066|Src n/a
[engine] opt done   id=513   ProtosRootNode@1bb49e95                            |Tier 2|Time  1654( 117+1537)ms|AST   20|Inlined   0Y   0N|IR  20280/ 62658|CodeSize  342484|Addr 0x7f288027fc80|Timestamp 215668466941613|Src n/a
[engine] opt done   id=516   ProtosRootNode@226e61fe                            |Tier 1|Time    22(   5+17  )ms|AST    2|Inlined   0Y   0N|IR    888/  2671|CodeSize   13140|Addr 0x7f28803002c0|Timestamp 215668528416279|Src n/a
[engine] opt failed id=517   ProtosRootNode@5d991e66                            |Tier 1|Time   42(-215668529+215668571)ms|Reason: jdk.graal.compiler.truffle.GraphTooBigBailoutException: Graph too big to safely compile. Node count: 50681. Graph Size: 150026. Limit: 150000.|Timestamp 215668571093377|Src n/a
[engine] opt failed id=517   ProtosRootNode@5d991e66                            |Tier 1|Time   43(-215668579+215668621)ms|Reason: jdk.graal.compiler.truffle.GraphTooBigBailoutException: Graph too big to safely compile. Node count: 50681. Graph Size: 150026. Limit: 150000.|Timestamp 215668621158728|Src n/a
[engine] opt done   id=504   ProtosRootNode@467b6a49                            |Tier 1|Time    15(   5+11  )ms|AST    2|Inlined   0Y   0N|IR    888/  1275|CodeSize    5532|Addr 0x7f2880305ee0|Timestamp 215668636931055|Src n/a
[engine] opt done   id=505   ProtosRootNode@21fc7a2d                            |Tier 1|Time   195(  21+173 )ms|AST    7|Inlined   0Y   0N|IR   4642/ 17482|CodeSize   90120|Addr 0x7f2880309700|Timestamp 215668832067459|Src n/a
[engine] opt done   id=605   ProtosRootNode@112d9411                            |Tier 1|Time    16(   6+10  )ms|AST    2|Inlined   0Y   0N|IR    591/  1658|CodeSize    7561|Addr 0x7f288032ed20|Timestamp 215669027308902|Src n/a
[engine] opt done   id=606   ProtosRootNode@79310100                            |Tier 1|Time  2094( 137+1957)ms|AST   21|Inlined   0Y   0N|IR  20851/ 81773|CodeSize  436754|Addr 0x7f2880337d20|Timestamp 215671122882840|Src n/a
[engine] opt done   id=601   ProtosRootNode@1bda9762                            |Tier 1|Time    14(   4+9   )ms|AST    2|Inlined   0Y   0N|IR    888/  1275|CodeSize    5532|Addr 0x7f28803dc5e0|Timestamp 215671166630698|Src n/a
[engine] opt done   id=602   ProtosRootNode@4bb0039f                            |Tier 1|Time   668(  58+610 )ms|AST   11|Inlined   0Y   0N|IR  10711/ 39220|CodeSize  206041|Addr 0x7f28803e1740|Timestamp 215671834875525|Src n/a
[engine] opt done   id=603   ProtosRootNode@7e0283a0                            |Tier 1|Time    14(   5+9   )ms|AST    2|Inlined   0Y   0N|IR    888/  1275|CodeSize    5532|Addr 0x7f2880431ce0|Timestamp 215671866736949|Src n/a
[engine] opt done   id=604   ProtosRootNode@228c6224                            |Tier 1|Time  1878( 155+1723)ms|AST   20|Inlined   0Y   0N|IR  20353/ 75041|CodeSize  397465|Addr 0x7f2880439a40|Timestamp 215673744788116|Src n/a
[engine] opt done   id=605   ProtosRootNode@112d9411                            |Tier 2|Time    19(   4+15  )ms|AST    2|Inlined   0Y   0N|IR    518/  1448|CodeSize    7174|Addr 0x7f28804d2460|Timestamp 215673833803374|Src n/a
[engine] opt done   id=606   ProtosRootNode@79310100                            |Tier 2|Time  2135( 202+1933)ms|AST   21|Inlined   0Y   0N|IR  20778/ 68815|CodeSize  387532|Addr 0x7f28804dd9a0|Timestamp 215675969189794|Src n/a
[engine] opt done   id=601   ProtosRootNode@1bda9762                            |Tier 2|Time    16(   4+12  )ms|AST    2|Inlined   0Y   0N|IR    815/   944|CodeSize    4429|Addr 0x7f288056d800|Timestamp 215676062481584|Src n/a
[engine] opt done   id=602   ProtosRootNode@4bb0039f                            |Tier 2|Time   734(  55+680 )ms|AST   11|Inlined   0Y   0N|IR  10638/ 32814|CodeSize  176872|Addr 0x7f2880571860|Timestamp 215676797546901|Src n/a
[engine] opt done   id=603   ProtosRootNode@7e0283a0                            |Tier 2|Time    16(   4+12  )ms|AST    2|Inlined   0Y   0N|IR    815/   944|CodeSize    4429|Addr 0x7f28805b4c00|Timestamp 215676839807189|Src n/a
[engine] opt done   id=604   ProtosRootNode@228c6224                            |Tier 2|Time  1809( 125+1684)ms|AST   20|Inlined   0Y   0N|IR  20280/ 62658|CodeSize  342484|Addr 0x7f28805ba800|Timestamp 215678649168651|Src n/a
[engine] opt done   id=607   ProtosRootNode@6bce53e                             |Tier 1|Time    29(   8+21  )ms|AST    2|Inlined   0Y   0N|IR    888/  2671|CodeSize   13140|Addr 0x7f288063b140|Timestamp 215678717381081|Src n/a
[engine] opt failed id=608   ProtosRootNode@3b5eaeff                            |Tier 1|Time   43(-215678718+215678761)ms|Reason: jdk.graal.compiler.truffle.GraphTooBigBailoutException: Graph too big to safely compile. Node count: 50681. Graph Size: 150026. Limit: 150000.|Timestamp 215678761203240|Src n/a
[engine] opt failed id=608   ProtosRootNode@3b5eaeff                            |Tier 1|Time   43(-215678769+215678812)ms|Reason: jdk.graal.compiler.truffle.GraphTooBigBailoutException: Graph too big to safely compile. Node count: 50681. Graph Size: 150026. Limit: 150000.|Timestamp 215678812486772|Src n/a
[engine] opt done   id=595   ProtosRootNode@14c329b8                            |Tier 1|Time    14(   4+10  )ms|AST    2|Inlined   0Y   0N|IR    888/  1275|CodeSize    5532|Addr 0x7f2880640d60|Timestamp 215678826609078|Src n/a
[engine] opt done   id=596   ProtosRootNode@15c18052                            |Tier 1|Time   215(  40+175 )ms|AST    7|Inlined   0Y   0N|IR   4642/ 17482|CodeSize   90120|Addr 0x7f2880645b00|Timestamp 215679043913152|Src n/a
[engine] opt done   id=696   ProtosRootNode@6eb6f41a                            |Tier 1|Time    29(   8+21  )ms|AST    2|Inlined   0Y   0N|IR    591/  1658|CodeSize    7561|Addr 0x7f288066a820|Timestamp 215679264110008|Src n/a
[engine] opt done   id=697   ProtosRootNode@1fb1e92c                            |Tier 1|Time  2163( 148+2015)ms|AST   21|Inlined   0Y   0N|IR  20851/ 81773|CodeSize  436754|Addr 0x7f2880673520|Timestamp 215681427425725|Src n/a
[engine] opt done   id=692   ProtosRootNode@122ad29                             |Tier 1|Time    28(   7+21  )ms|AST    2|Inlined   0Y   0N|IR    888/  1275|CodeSize    5532|Addr 0x7f2880717be0|Timestamp 215681488743302|Src n/a
[engine] opt done   id=693   ProtosRootNode@4af9256b                            |Tier 1|Time   673(  89+583 )ms|AST   11|Inlined   0Y   0N|IR  10711/ 39220|CodeSize  206041|Addr 0x7f288071f6c0|Timestamp 215682161805745|Src n/a
[engine] opt done   id=694   ProtosRootNode@50ec11df                            |Tier 1|Time    15(   5+9   )ms|AST    2|Inlined   0Y   0N|IR    888/  1275|CodeSize    5532|Addr 0x7f288076fbe0|Timestamp 215682196823110|Src n/a
[engine] opt done   id=695   ProtosRootNode@15d19489                            |Tier 1|Time  1873( 120+1753)ms|AST   20|Inlined   0Y   0N|IR  20353/ 75041|CodeSize  397465|Addr 0x7f2880778040|Timestamp 215684072995606|Src n/a
[engine] opt done   id=696   ProtosRootNode@6eb6f41a                            |Tier 2|Time    36(   7+29  )ms|AST    2|Inlined   0Y   0N|IR    518/  1448|CodeSize    7174|Addr 0x7f2880810a60|Timestamp 215684246197131|Src n/a
[engine] opt done   id=697   ProtosRootNode@1fb1e92c                            |Tier 2|Time  2540( 319+2221)ms|AST   21|Inlined   0Y   0N|IR  20778/ 68815|CodeSize  387532|Addr 0x7f2880819720|Timestamp 215686788392280|Src n/a
[engine] opt done   id=692   ProtosRootNode@122ad29                             |Tier 2|Time    17(   4+13  )ms|AST    2|Inlined   0Y   0N|IR    815/   944|CodeSize    4429|Addr 0x7f28808a9200|Timestamp 215686876950369|Src n/a
[engine] opt done   id=693   ProtosRootNode@4af9256b                            |Tier 2|Time   689(  58+631 )ms|AST   11|Inlined   0Y   0N|IR  10638/ 32814|CodeSize  176872|Addr 0x7f28808ad560|Timestamp 215687567154811|Src n/a
[engine] opt done   id=694   ProtosRootNode@50ec11df                            |Tier 2|Time    33(   8+25  )ms|AST    2|Inlined   0Y   0N|IR    815/   944|CodeSize    4429|Addr 0x7f28808f0e80|Timestamp 215687604593097|Src n/a
[engine] opt done   id=695   ProtosRootNode@15d19489                            |Tier 2|Time  1785( 158+1627)ms|AST   20|Inlined   0Y   0N|IR  20280/ 62658|CodeSize  342484|Addr 0x7f28808f6a80|Timestamp 215689390442299|Src n/a
[engine] opt done   id=698   ProtosRootNode@20337c5a                            |Tier 1|Time    23(   5+18  )ms|AST    2|Inlined   0Y   0N|IR    888/  2671|CodeSize   13140|Addr 0x7f28809770c0|Timestamp 215689458756039|Src n/a
[engine] opt failed id=699   ProtosRootNode@66e42aa2                            |Tier 1|Time   46(-215689459+215689505)ms|Reason: jdk.graal.compiler.truffle.GraphTooBigBailoutException: Graph too big to safely compile. Node count: 50681. Graph Size: 150026. Limit: 150000.|Timestamp 215689505207419|Src n/a
[engine] opt failed id=699   ProtosRootNode@66e42aa2                            |Tier 1|Time   48(-215689512+215689560)ms|Reason: jdk.graal.compiler.truffle.GraphTooBigBailoutException: Graph too big to safely compile. Node count: 50681. Graph Size: 150026. Limit: 150000.|Timestamp 215689559748643|Src n/a
[engine] opt done   id=686   ProtosRootNode@66f82ee9                            |Tier 1|Time    15(   6+10  )ms|AST    2|Inlined   0Y   0N|IR    888/  1275|CodeSize    5532|Addr 0x7f288097dce0|Timestamp 215689581591132|Src n/a
[engine] opt done   id=687   ProtosRootNode@44c9633d                            |Tier 1|Time   213(  26+187 )ms|AST    7|Inlined   0Y   0N|IR   4642/ 17482|CodeSize   90120|Addr 0x7f2880983600|Timestamp 215689795457426|Src n/a
[engine] opt done   id=787   ProtosRootNode@12b62d18                            |Tier 1|Time    30(   8+22  )ms|AST    2|Inlined   0Y   0N|IR    591/  1658|CodeSize    7561|Addr 0x7f28809a79a0|Timestamp 215690009247110|Src n/a
[engine] opt done   id=788   ProtosRootNode@2f1e1345                            |Tier 1|Time  2116( 159+1957)ms|AST   21|Inlined   0Y   0N|IR  20851/ 81773|CodeSize  436754|Addr 0x7f28809b1d20|Timestamp 215692125940179|Src n/a
[engine] opt done   id=783   ProtosRootNode@6f89a4ab                            |Tier 1|Time    17(   5+12  )ms|AST    2|Inlined   0Y   0N|IR    888/  1275|CodeSize    5532|Addr 0x7f2880a560e0|Timestamp 215692167959968|Src n/a
[engine] opt done   id=784   ProtosRootNode@76c2d8bd                            |Tier 1|Time   984(  78+906 )ms|AST   11|Inlined   0Y   0N|IR  10711/ 39220|CodeSize  206041|Addr 0x7f2880a5b240|Timestamp 215693152753051|Src n/a
[engine] opt done   id=785   ProtosRootNode@79544296                            |Tier 1|Time    20(   7+13  )ms|AST    2|Inlined   0Y   0N|IR    888/  1275|CodeSize    5532|Addr 0x7f2880aab460|Timestamp 215693200952772|Src n/a
[engine] opt done   id=786   ProtosRootNode@17becef4                            |Tier 1|Time  3080( 223+2857)ms|AST   20|Inlined   0Y   0N|IR  20353/ 75041|CodeSize  397465|Addr 0x7f2880ab34c0|Timestamp 215696282533191|Src n/a
[engine] opt done   id=787   ProtosRootNode@12b62d18                            |Tier 2|Time    30(   4+26  )ms|AST    2|Inlined   0Y   0N|IR    518/  1448|CodeSize    7174|Addr 0x7f2880b4bee0|Timestamp 215696389370638|Src n/a
[engine] opt done   id=788   ProtosRootNode@2f1e1345                            |Tier 2|Time  2778( 228+2550)ms|AST   21|Inlined   0Y   0N|IR  20778/ 68815|CodeSize  387532|Addr 0x7f2880b53720|Timestamp 215699167930707|Src n/a
[engine] opt done   id=783   ProtosRootNode@6f89a4ab                            |Tier 2|Time    24(   5+19  )ms|AST    2|Inlined   0Y   0N|IR    815/   944|CodeSize    4429|Addr 0x7f2880be5d00|Timestamp 215699316009943|Src n/a
[engine] opt done   id=784   ProtosRootNode@76c2d8bd                            |Tier 2|Time  1244( 108+1137)ms|AST   11|Inlined   0Y   0N|IR  10638/ 32814|CodeSize  176872|Addr 0x7f2880be9d60|Timestamp 215700560933425|Src n/a
[engine] opt done   id=785   ProtosRootNode@79544296                            |Tier 2|Time    38(   7+31  )ms|AST    2|Inlined   0Y   0N|IR    815/   944|CodeSize    4429|Addr 0x7f2880c2d100|Timestamp 215700605706145|Src n/a
[engine] opt done   id=786   ProtosRootNode@17becef4                            |Tier 2|Time  2614( 251+2363)ms|AST   20|Inlined   0Y   0N|IR  20280/ 62658|CodeSize  342484|Addr 0x7f2880c32d00|Timestamp 215703220558177|Src n/a
[engine] opt done   id=789   ProtosRootNode@68ebf1d                             |Tier 1|Time    29(   6+23  )ms|AST    2|Inlined   0Y   0N|IR    888/  2671|CodeSize   13140|Addr 0x7f2880cb3740|Timestamp 215703298583442|Src n/a
[engine] opt failed id=790   ProtosRootNode@245b7cf7                            |Tier 1|Time   58(-215703300+215703358)ms|Reason: jdk.graal.compiler.truffle.GraphTooBigBailoutException: Graph too big to safely compile. Node count: 50681. Graph Size: 150026. Limit: 150000.|Timestamp 215703357808748|Src n/a
[engine] opt failed id=790   ProtosRootNode@245b7cf7                            |Tier 1|Time   53(-215703369+215703422)ms|Reason: jdk.graal.compiler.truffle.GraphTooBigBailoutException: Graph too big to safely compile. Node count: 50681. Graph Size: 150026. Limit: 150000.|Timestamp 215703422166887|Src n/a
[engine] opt done   id=777   ProtosRootNode@79dab281                            |Tier 1|Time    17(   5+11  )ms|AST    2|Inlined   0Y   0N|IR    888/  1275|CodeSize    5532|Addr 0x7f2880cbaa60|Timestamp 215703439272924|Src n/a
[engine] opt done   id=778   ProtosRootNode@b99061e                             |Tier 1|Time   290(  36+255 )ms|AST    7|Inlined   0Y   0N|IR   4642/ 17482|CodeSize   90120|Addr 0x7f2880cbe280|Timestamp 215703729879844|Src n/a
[engine] opt done   id=878   ProtosRootNode@770f827                             |Tier 1|Time    35(   8+27  )ms|AST    2|Inlined   0Y   0N|IR    591/  1658|CodeSize    7561|Addr 0x7f2880ce23a0|Timestamp 215704003715226|Src n/a
[engine] opt done   id=879   ProtosRootNode@4cddfc79                            |Tier 1|Time  3346( 245+3101)ms|AST   21|Inlined   0Y   0N|IR  20851/ 81773|CodeSize  436754|Addr 0x7f2880cee120|Timestamp 215707351101300|Src n/a
[engine] opt done   id=874   ProtosRootNode@52f9d13f                            |Tier 1|Time    21(   6+15  )ms|AST    2|Inlined   0Y   0N|IR    888/  1275|CodeSize    5532|Addr 0x7f2880d924e0|Timestamp 215707400844792|Src n/a
[engine] opt done   id=875   ProtosRootNode@5d3369ad                            |Tier 1|Time   840(  88+752 )ms|AST   11|Inlined   0Y   0N|IR  10711/ 39220|CodeSize  206041|Addr 0x7f2880d97640|Timestamp 215708241780708|Src n/a
[engine] opt done   id=876   ProtosRootNode@59558d00                            |Tier 1|Time    28(   7+21  )ms|AST    2|Inlined   0Y   0N|IR    888/  1275|CodeSize    5532|Addr 0x7f287f215860|Timestamp 215708327772097|Src n/a
[engine] opt done   id=877   ProtosRootNode@3f9884b7                            |Tier 1|Time  2607( 194+2413)ms|AST   20|Inlined   0Y   0N|IR  20353/ 75041|CodeSize  397465|Addr 0x7f287f2a0440|Timestamp 215710935494535|Src n/a
[engine] opt done   id=878   ProtosRootNode@770f827                             |Tier 2|Time    25(   6+19  )ms|AST    2|Inlined   0Y   0N|IR    518/  1448|CodeSize    7174|Addr 0x7f287f34b2e0|Timestamp 215711059145821|Src n/a
[engine] opt done   id=879   ProtosRootNode@4cddfc79                            |Tier 2|Time  2956( 179+2777)ms|AST   21|Inlined   0Y   0N|IR  20778/ 68815|CodeSize  387532|Addr 0x7f287f358320|Timestamp 215714015686980|Src n/a
[engine] opt done   id=874   ProtosRootNode@52f9d13f                            |Tier 2|Time    20(   5+15  )ms|AST    2|Inlined   0Y   0N|IR    815/   944|CodeSize    4429|Addr 0x7f287f46ad00|Timestamp 215714106423201|Src n/a
[engine] opt done   id=875   ProtosRootNode@5d3369ad                            |Tier 2|Time   999( 100+899 )ms|AST   11|Inlined   0Y   0N|IR  10638/ 32814|CodeSize  176872|Addr 0x7f287f3ff360|Timestamp 215715107485332|Src n/a
[engine] opt done   id=876   ProtosRootNode@59558d00                            |Tier 2|Time    38(   8+30  )ms|AST    2|Inlined   0Y   0N|IR    815/   944|CodeSize    4429|Addr 0x7f287f8ba580|Timestamp 215715150678672|Src n/a
[engine] opt done   id=877   ProtosRootNode@3f9884b7                            |Tier 2|Time  2484( 192+2292)ms|AST   20|Inlined   0Y   0N|IR  20280/ 62658|CodeSize  342484|Addr 0x7f287f476e80|Timestamp 215717635161693|Src n/a
[engine] opt done   id=880   ProtosRootNode@31e7586                             |Tier 1|Time    24(   6+19  )ms|AST    2|Inlined   0Y   0N|IR    888/  2671|CodeSize   13140|Addr 0x7f287f5e47c0|Timestamp 215717712534248|Src n/a
[engine] opt failed id=881   ProtosRootNode@f5152c1                             |Tier 1|Time   55(-215717715+215717770)ms|Reason: jdk.graal.compiler.truffle.GraphTooBigBailoutException: Graph too big to safely compile. Node count: 50681. Graph Size: 150026. Limit: 150000.|Timestamp 215717770023874|Src n/a
[engine] opt failed id=881   ProtosRootNode@f5152c1                             |Tier 1|Time   44(-215717776+215717820)ms|Reason: jdk.graal.compiler.truffle.GraphTooBigBailoutException: Graph too big to safely compile. Node count: 50681. Graph Size: 150026. Limit: 150000.|Timestamp 215717820113377|Src n/a
[engine] opt done   id=868   ProtosRootNode@30951ef8                            |Tier 1|Time    15(   5+10  )ms|AST    2|Inlined   0Y   0N|IR    888/  1275|CodeSize    5532|Addr 0x7f287f297ce0|Timestamp 215717840904427|Src n/a
[engine] opt done   id=869   ProtosRootNode@1e1c54ce                            |Tier 1|Time   205(  25+181 )ms|AST    7|Inlined   0Y   0N|IR   4642/ 17482|CodeSize   90120|Addr 0x7f287f5f1d00|Timestamp 215718046655170|Src n/a
[engine] opt done   id=969   ProtosRootNode@7ff2a701                            |Tier 1|Time    48(   8+40  )ms|AST    2|Inlined   0Y   0N|IR    591/  1658|CodeSize    7561|Addr 0x7f287f15eea0|Timestamp 215718283452537|Src n/a
[engine] opt done   id=970   ProtosRootNode@483ca9ea                            |Tier 1|Time  2860( 349+2511)ms|AST   21|Inlined   0Y   0N|IR  20851/ 81773|CodeSize  436754|Addr 0x7f287f16cd20|Timestamp 215721146360274|Src n/a
[engine] opt done   id=965   ProtosRootNode@48ddda4c                            |Tier 1|Time    14(   5+10  )ms|AST    2|Inlined   0Y   0N|IR    888/  1275|CodeSize    5532|Addr 0x7f287f6da2e0|Timestamp 215721186282842|Src n/a
[engine] opt done   id=966   ProtosRootNode@720f4529                            |Tier 1|Time   665(  58+607 )ms|AST   11|Inlined   0Y   0N|IR  10711/ 39220|CodeSize  206041|Addr 0x7f287f21b7c0|Timestamp 215721851628164|Src n/a
[engine] opt done   id=967   ProtosRootNode@5498465f                            |Tier 1|Time    16(   6+11  )ms|AST    2|Inlined   0Y   0N|IR    888/  1275|CodeSize    5532|Addr 0x7f287f948d60|Timestamp 215721889952611|Src n/a
[engine] opt done   id=968   ProtosRootNode@3ba4830a                            |Tier 1|Time  2080( 161+1919)ms|AST   20|Inlined   0Y   0N|IR  20353/ 75041|CodeSize  397465|Addr 0x7f287f73c340|Timestamp 215723970285677|Src n/a
[engine] opt done   id=969   ProtosRootNode@7ff2a701                            |Tier 2|Time    28(   4+24  )ms|AST    2|Inlined   0Y   0N|IR    518/  1448|CodeSize    7174|Addr 0x7f287f7d7de0|Timestamp 215724042433030|Src n/a
[engine] opt done   id=970   ProtosRootNode@483ca9ea                            |Tier 2|Time  2169( 178+1991)ms|AST   21|Inlined   0Y   0N|IR  20778/ 68815|CodeSize  387532|Addr 0x7f287f7df920|Timestamp 215726211918489|Src n/a
[engine] opt done   id=965   ProtosRootNode@48ddda4c                            |Tier 2|Time    18(   5+13  )ms|AST    2|Inlined   0Y   0N|IR    815/   944|CodeSize    4429|Addr 0x7f287fa27d80|Timestamp 215726296832947|Src n/a
[engine] opt done   id=966   ProtosRootNode@720f4529                            |Tier 2|Time   747(  64+684 )ms|AST   11|Inlined   0Y   0N|IR  10638/ 32814|CodeSize  176872|Addr 0x7f28808ad560|Timestamp 215727044274838|Src n/a
[engine] opt done   id=967   ProtosRootNode@5498465f                            |Tier 2|Time    24(   5+19  )ms|AST    2|Inlined   0Y   0N|IR    815/   944|CodeSize    4429|Addr 0x7f287fd69c00|Timestamp 215727071519571|Src n/a
[engine] opt done   id=968   ProtosRootNode@3ba4830a                            |Tier 2|Time  1816( 155+1662)ms|AST   20|Inlined   0Y   0N|IR  20280/ 62658|CodeSize  342484|Addr 0x7f287ff46800|Timestamp 215728888253561|Src n/a
[engine] opt done   id=971   ProtosRootNode@6ae76281                            |Tier 1|Time    24(   5+19  )ms|AST    2|Inlined   0Y   0N|IR    888/  2671|CodeSize   13140|Addr 0x7f287ffc7340|Timestamp 215728957192293|Src n/a
[engine] opt failed id=972   ProtosRootNode@5567672d                            |Tier 1|Time   43(-215728958+215729001)ms|Reason: jdk.graal.compiler.truffle.GraphTooBigBailoutException: Graph too big to safely compile. Node count: 50681. Graph Size: 150026. Limit: 150000.|Timestamp 215729000604122|Src n/a
[engine] opt failed id=972   ProtosRootNode@5567672d                            |Tier 1|Time   44(-215729008+215729051)ms|Reason: jdk.graal.compiler.truffle.GraphTooBigBailoutException: Graph too big to safely compile. Node count: 50681. Graph Size: 150026. Limit: 150000.|Timestamp 215729051534396|Src n/a
[engine] opt done   id=959   ProtosRootNode@3bf64e34                            |Tier 1|Time    14(   4+10  )ms|AST    2|Inlined   0Y   0N|IR    888/  1275|CodeSize    5532|Addr 0x7f2880717be0|Timestamp 215729070305314|Src n/a
[engine] opt done   id=960   ProtosRootNode@58fd2d81                            |Tier 1|Time   201(  24+177 )ms|AST    7|Inlined   0Y   0N|IR   4642/ 17482|CodeSize   90120|Addr 0x7f287f94ce80|Timestamp 215729271204346|Src n/a
[engine] opt done   id=101   ProtosRootNode@a097fde                             |Tier 2|Time    20(   4+16  )ms|AST    2|Inlined   0Y   0N|IR    518/  1448|CodeSize    7174|Addr 0x7f287f627b60|Timestamp 215729471545998|Src n/a
[engine] opt done   id=102   ProtosRootNode@676a4c93                            |Tier 2|Time   557(  41+516 )ms|AST    9|Inlined   0Y   0N|IR   7883/ 27025|CodeSize  148759|Addr 0x7f287f883000|Timestamp 215730029255703|Src n/a
[engine] opt done   id=99    ProtosRootNode@29a38f5b                            |Tier 2|Time    32(   5+26  )ms|AST    2|Inlined   0Y   0N|IR    815/   944|CodeSize    4429|Addr 0x7f2880770200|Timestamp 215730063933179|Src n/a
[engine] opt done   id=100   ProtosRootNode@76c772d8                            |Tier 2|Time  1059(  77+982 )ms|AST   13|Inlined   0Y   0N|IR  12831/ 40881|CodeSize  225171|Addr 0x7f287f8f4180|Timestamp 215731123530135|Src n/a
[engine] opt done   id=105   ProtosRootNode@2ae9b9f9                            |Tier 2|Time    20(   5+15  )ms|AST    2|Inlined   0Y   0N|IR    815/   944|CodeSize    4429|Addr 0x7f288097e300|Timestamp 215731171985487|Src n/a
[engine] opt done   id=106   ProtosRootNode@2dfed919                            |Tier 2|Time   406(  38+369 )ms|AST    9|Inlined   0Y   0N|IR   6414/ 19828|CodeSize  105112|Addr 0x7f287f8c96a0|Timestamp 215731578796994|Src n/a
[engine] opt done   id=1060  ProtosRootNode@77c1d85c                            |Tier 1|Time    24(   7+16  )ms|AST    2|Inlined   0Y   0N|IR    591/  1658|CodeSize    7561|Addr 0x7f287fcba520|Timestamp 215731626483905|Src n/a
[engine] opt done   id=1061  ProtosRootNode@1e257820                            |Tier 1|Time  2651( 140+2511)ms|AST   21|Inlined   0Y   0N|IR  20851/ 81773|CodeSize  436754|Addr 0x7f287f6351a0|Timestamp 215734277952853|Src n/a
[engine] opt done   id=1056  ProtosRootNode@23611f3                             |Tier 1|Time    20(   8+11  )ms|AST    2|Inlined   0Y   0N|IR    888/  1275|CodeSize    5532|Addr 0x7f288032fbe0|Timestamp 215734338198731|Src n/a
[engine] opt done   id=1057  ProtosRootNode@f0f83a1                             |Tier 1|Time   845(  87+758 )ms|AST   11|Inlined   0Y   0N|IR  10711/ 39220|CodeSize  206041|Addr 0x7f287f6e40c0|Timestamp 215735183548760|Src n/a
[engine] opt done   id=1058  ProtosRootNode@49a86dc                             |Tier 1|Time    14(   5+10  )ms|AST    2|Inlined   0Y   0N|IR    888/  1275|CodeSize    5532|Addr 0x7f28809a8860|Timestamp 215735198721767|Src n/a
[engine] opt done   id=1059  ProtosRootNode@2bee0b3a                            |Tier 1|Time  2601( 147+2454)ms|AST   20|Inlined   0Y   0N|IR  20353/ 75041|CodeSize  397465|Addr 0x7f288077b5c0|Timestamp 215737800430576|Src n/a
[engine] opt done   id=1060  ProtosRootNode@77c1d85c                            |Tier 2|Time    32(   7+25  )ms|AST    2|Inlined   0Y   0N|IR    518/  1448|CodeSize    7174|Addr 0x7f2880772b60|Timestamp 215737903685414|Src n/a
[engine] opt done   id=1061  ProtosRootNode@1e257820                            |Tier 2|Time  2486( 139+2347)ms|AST   21|Inlined   0Y   0N|IR  20778/ 68815|CodeSize  387532|Addr 0x7f28804dd9a0|Timestamp 215740390475293|Src n/a
[engine] opt done   id=1056  ProtosRootNode@23611f3                             |Tier 2|Time    18(   5+13  )ms|AST    2|Inlined   0Y   0N|IR    815/   944|CodeSize    4429|Addr 0x7f2880cb7180|Timestamp 215740481132775|Src n/a
[engine] opt done   id=1057  ProtosRootNode@f0f83a1                             |Tier 2|Time  1048( 113+935 )ms|AST   11|Inlined   0Y   0N|IR  10638/ 32814|CodeSize  176872|Addr 0x7f287fefdc60|Timestamp 215741529940791|Src n/a
[engine] opt done   id=1058  ProtosRootNode@49a86dc                             |Tier 2|Time    22(   9+13  )ms|AST    2|Inlined   0Y   0N|IR    815/   944|CodeSize    4429|Addr 0x7f287fef9c00|Timestamp 215741588792688|Src n/a
[engine] opt done   id=1059  ProtosRootNode@2bee0b3a                            |Tier 2|Time  2010( 185+1825)ms|AST   20|Inlined   0Y   0N|IR  20280/ 62658|CodeSize  342484|Addr 0x7f287fc10700|Timestamp 215743598933140|Src n/a
[engine] opt done   id=1062  ProtosRootNode@38d352f0                            |Tier 1|Time    22(   5+18  )ms|AST    2|Inlined   0Y   0N|IR    888/  2671|CodeSize   13140|Addr 0x7f287fc070c0|Timestamp 215743663894501|Src n/a
[engine] opt failed id=1063  ProtosRootNode@519c1c37                            |Tier 1|Time   55(-215743664+215743719)ms|Reason: jdk.graal.compiler.truffle.GraphTooBigBailoutException: Graph too big to safely compile. Node count: 50681. Graph Size: 150026. Limit: 150000.|Timestamp 215743718925626|Src n/a
[engine] opt failed id=1063  ProtosRootNode@519c1c37                            |Tier 1|Time   46(-215743726+215743772)ms|Reason: jdk.graal.compiler.truffle.GraphTooBigBailoutException: Graph too big to safely compile. Node count: 50681. Graph Size: 150026. Limit: 150000.|Timestamp 215743771644241|Src n/a
[engine] opt done   id=1050  ProtosRootNode@1fad1c45                            |Tier 1|Time    16(   4+11  )ms|AST    2|Inlined   0Y   0N|IR    888/  1275|CodeSize    5532|Addr 0x7f2880cb49e0|Timestamp 215743787583508|Src n/a
[engine] opt done   id=1051  ProtosRootNode@6bdfb213                            |Tier 1|Time   218(  23+196 )ms|AST    7|Inlined   0Y   0N|IR   4642/ 17482|CodeSize   90120|Addr 0x7f2880645b00|Timestamp 215744006062840|Src n/a
[engine] opt done   id=1151  ProtosRootNode@267038c1                            |Tier 1|Time    15(   5+11  )ms|AST    2|Inlined   0Y   0N|IR    591/  1658|CodeSize    7561|Addr 0x7f288063fea0|Timestamp 215744212481725|Src n/a
[engine] opt done   id=1152  ProtosRootNode@6d80797b                            |Tier 1|Time  2068( 151+1917)ms|AST   21|Inlined   0Y   0N|IR  20851/ 81773|CodeSize  436754|Addr 0x7f287fcc4920|Timestamp 215746289408341|Src n/a
[engine] opt done   id=1147  ProtosRootNode@7ceb7731                            |Tier 1|Time    15(   6+10  )ms|AST    2|Inlined   0Y   0N|IR    888/  1275|CodeSize    5532|Addr 0x7f288063d660|Timestamp 215746328698689|Src n/a
[engine] opt done   id=1148  ProtosRootNode@b3695a2                             |Tier 1|Time   674(  77+597 )ms|AST   11|Inlined   0Y   0N|IR  10711/ 39220|CodeSize  206041|Addr 0x7f288071f6c0|Timestamp 215747002995334|Src n/a
[engine] opt done   id=1149  ProtosRootNode@6fe82359                            |Tier 1|Time    15(   4+10  )ms|AST    2|Inlined   0Y   0N|IR    888/  1275|CodeSize    5532|Addr 0x7f287f8c5c60|Timestamp 215747036807279|Src n/a
[engine] opt done   id=1150  ProtosRootNode@338fbd15                            |Tier 1|Time  1778( 120+1658)ms|AST   20|Inlined   0Y   0N|IR  20353/ 75041|CodeSize  397465|Addr 0x7f288043cfc0|Timestamp 215748815182418|Src n/a
[engine] opt done   id=1151  ProtosRootNode@267038c1                            |Tier 2|Time    19(   4+16  )ms|AST    2|Inlined   0Y   0N|IR    518/  1448|CodeSize    7174|Addr 0x7f2880434560|Timestamp 215748900977548|Src n/a
[engine] opt done   id=1152  ProtosRootNode@6d80797b                            |Tier 2|Time  2140( 138+2002)ms|AST   21|Inlined   0Y   0N|IR  20778/ 68815|CodeSize  387532|Addr 0x7f288081b8a0|Timestamp 215751041680638|Src n/a
[engine] opt done   id=1147  ProtosRootNode@7ceb7731                            |Tier 2|Time    23(   4+19  )ms|AST    2|Inlined   0Y   0N|IR    815/   944|CodeSize    4429|Addr 0x7f2880815380|Timestamp 215751108239999|Src n/a
[engine] opt done   id=1148  ProtosRootNode@b3695a2                             |Tier 2|Time   710(  59+651 )ms|AST   11|Inlined   0Y   0N|IR  10638/ 32814|CodeSize  176872|Addr 0x7f28803ee560|Timestamp 215751818840522|Src n/a
[engine] opt done   id=1149  ProtosRootNode@6fe82359                            |Tier 2|Time    23(   4+19  )ms|AST    2|Inlined   0Y   0N|IR    815/   944|CodeSize    4429|Addr 0x7f2880432300|Timestamp 215751845007344|Src n/a
[engine] opt done   id=1150  ProtosRootNode@338fbd15                            |Tier 2|Time  1767( 118+1649)ms|AST   20|Inlined   0Y   0N|IR  20280/ 62658|CodeSize  342484|Addr 0x7f28808fc880|Timestamp 215753612624942|Src n/a
[engine] opt done   id=1153  ProtosRootNode@28209651                            |Tier 1|Time    22(   4+17  )ms|AST    2|Inlined   0Y   0N|IR    888/  2671|CodeSize   13140|Addr 0x7f287f8c0040|Timestamp 215753677214422|Src n/a
[engine] opt failed id=1154  ProtosRootNode@45a2be27                            |Tier 1|Time   49(-215753678+215753727)ms|Reason: jdk.graal.compiler.truffle.GraphTooBigBailoutException: Graph too big to safely compile. Node count: 50681. Graph Size: 150026. Limit: 150000.|Timestamp 215753726968365|Src n/a
[engine] opt failed id=1154  ProtosRootNode@45a2be27                            |Tier 1|Time   42(-215753739+215753781)ms|Reason: jdk.graal.compiler.truffle.GraphTooBigBailoutException: Graph too big to safely compile. Node count: 50681. Graph Size: 150026. Limit: 150000.|Timestamp 215753781179511|Src n/a
[engine] opt done   id=1141  ProtosRootNode@43fff227                            |Tier 1|Time    14(   4+9   )ms|AST    2|Inlined   0Y   0N|IR    888/  1275|CodeSize    5532|Addr 0x7f28808f6660|Timestamp 215753795168427|Src n/a
[engine] opt done   id=1142  ProtosRootNode@6bdbef49                            |Tier 1|Time   201(  24+177 )ms|AST    7|Inlined   0Y   0N|IR   4642/ 17482|CodeSize   90120|Addr 0x7f2880983600|Timestamp 215753996459772|Src n/a
[engine] opt done   id=1242  ProtosRootNode@6529992b                            |Tier 1|Time    29(   7+22  )ms|AST    2|Inlined   0Y   0N|IR    591/  1658|CodeSize    7561|Addr 0x7f28808f2fa0|Timestamp 215754199489367|Src n/a
[engine] opt done   id=1243  ProtosRootNode@15c35f62                            |Tier 1|Time  2141( 278+1863)ms|AST   21|Inlined   0Y   0N|IR  20851/ 81773|CodeSize  436754|Addr 0x7f2880337d20|Timestamp 215756340540112|Src n/a
[engine] opt done   id=1238  ProtosRootNode@110fc4b9                            |Tier 1|Time    14(   5+9   )ms|AST    2|Inlined   0Y   0N|IR    888/  1275|CodeSize    5532|Addr 0x7f287f87b860|Timestamp 215756378523320|Src n/a
[engine] opt done   id=1239  ProtosRootNode@70c3a018                            |Tier 1|Time   609(  56+553 )ms|AST   11|Inlined   0Y   0N|IR  10711/ 39220|CodeSize  206041|Addr 0x7f287f9d7040|Timestamp 215756988017317|Src n/a
[engine] opt done   id=1240  ProtosRootNode@5f854ad2                            |Tier 1|Time    14(   4+9   )ms|AST    2|Inlined   0Y   0N|IR    888/  1275|CodeSize    5532|Addr 0x7f287f879060|Timestamp 215757020146422|Src n/a
[engine] opt done   id=1241  ProtosRootNode@460f64e7                            |Tier 1|Time  1751( 125+1626)ms|AST   20|Inlined   0Y   0N|IR  20353/ 75041|CodeSize  397465|Addr 0x7f288067ef40|Timestamp 215758773451527|Src n/a
[engine] opt done   id=1242  ProtosRootNode@6529992b                            |Tier 2|Time    19(   3+15  )ms|AST    2|Inlined   0Y   0N|IR    518/  1448|CodeSize    7174|Addr 0x7f287f875b60|Timestamp 215758858588897|Src n/a
[engine] opt done   id=1243  ProtosRootNode@15c35f62                            |Tier 2|Time  1975( 137+1838)ms|AST   21|Inlined   0Y   0N|IR  20778/ 68815|CodeSize  387532|Addr 0x7f28805ab120|Timestamp 215760834043798|Src n/a
[engine] opt done   id=1238  ProtosRootNode@110fc4b9                            |Tier 2|Time    16(   4+12  )ms|AST    2|Inlined   0Y   0N|IR    815/   944|CodeSize    4429|Addr 0x7f287f873900|Timestamp 215760905225602|Src n/a
[engine] opt done   id=1239  ProtosRootNode@70c3a018                            |Tier 2|Time   654(  56+598 )ms|AST   11|Inlined   0Y   0N|IR  10638/ 32814|CodeSize  176872|Addr 0x7f287f9912e0|Timestamp 215761559880141|Src n/a
[engine] opt done   id=1240  ProtosRootNode@5f854ad2                            |Tier 2|Time    23(   4+19  )ms|AST    2|Inlined   0Y   0N|IR    815/   944|CodeSize    4429|Addr 0x7f2880677800|Timestamp 215761586251943|Src n/a
[engine] opt done   id=1241  ProtosRootNode@460f64e7                            |Tier 2|Time  1680( 124+1556)ms|AST   20|Inlined   0Y   0N|IR  20280/ 62658|CodeSize  342484|Addr 0x7f2880c32d00|Timestamp 215763266883778|Src n/a
[engine] opt done   id=1244  ProtosRootNode@72d7c638                            |Tier 1|Time    22(   5+17  )ms|AST    2|Inlined   0Y   0N|IR    888/  2671|CodeSize   13140|Addr 0x7f2880671c40|Timestamp 215763333633129|Src n/a
[engine] opt failed id=1245  ProtosRootNode@5cdce409                            |Tier 1|Time   42(-215763334+215763377)ms|Reason: jdk.graal.compiler.truffle.GraphTooBigBailoutException: Graph too big to safely compile. Node count: 50681. Graph Size: 150026. Limit: 150000.|Timestamp 215763376631000|Src n/a
[engine] opt failed id=1245  ProtosRootNode@5cdce409                            |Tier 1|Time   44(-215763385+215763429)ms|Reason: jdk.graal.compiler.truffle.GraphTooBigBailoutException: Graph too big to safely compile. Node count: 50681. Graph Size: 150026. Limit: 150000.|Timestamp 215763428882185|Src n/a
[engine] opt done   id=1232  ProtosRootNode@2d3d7c5                             |Tier 1|Time    15(   5+10  )ms|AST    2|Inlined   0Y   0N|IR    888/  1275|CodeSize    5532|Addr 0x7f288066f260|Timestamp 215763444085332|Src n/a
[engine] opt done   id=1233  ProtosRootNode@18bb6bed                            |Tier 1|Time   193(  22+171 )ms|AST    7|Inlined   0Y   0N|IR   4642/ 17482|CodeSize   90120|Addr 0x7f287fc94a00|Timestamp 215763637144163|Src n/a
[engine] opt done   id=1333  ProtosRootNode@55dab3aa                            |Tier 1|Time    22(   9+13  )ms|AST    2|Inlined   0Y   0N|IR    591/  1658|CodeSize    7561|Addr 0x7f288066bba0|Timestamp 215763832443145|Src n/a
[engine] opt done   id=1334  ProtosRootNode@6f90652d                            |Tier 1|Time  2057( 136+1921)ms|AST   21|Inlined   0Y   0N|IR  20851/ 81773|CodeSize  436754|Addr 0x7f287fb5fb20|Timestamp 215765889901880|Src n/a
[engine] opt done   id=1329  ProtosRootNode@61f193ab                            |Tier 1|Time    16(   4+11  )ms|AST    2|Inlined   0Y   0N|IR    888/  1275|CodeSize    5532|Addr 0x7f287fc911e0|Timestamp 215765935153481|Src n/a
[engine] opt done   id=1330  ProtosRootNode@5a93ede3                            |Tier 1|Time   674(  61+613 )ms|AST   11|Inlined   0Y   0N|IR  10711/ 39220|CodeSize  206041|Addr 0x7f287facfec0|Timestamp 215766609699301|Src n/a
[engine] opt done   id=1331  ProtosRootNode@179886ac                            |Tier 1|Time    15(   5+10  )ms|AST    2|Inlined   0Y   0N|IR    888/  1275|CodeSize    5532|Addr 0x7f28803e9ee0|Timestamp 215766625847449|Src n/a
[engine] opt done   id=1332  ProtosRootNode@a16ddd4                             |Tier 1|Time  1760( 149+1611)ms|AST   20|Inlined   0Y   0N|IR  20353/ 75041|CodeSize  397465|Addr 0x7f287fa34bc0|Timestamp 215768387657236|Src n/a
[engine] opt done   id=1333  ProtosRootNode@55dab3aa                            |Tier 2|Time    19(   4+15  )ms|AST    2|Inlined   0Y   0N|IR    518/  1448|CodeSize    7174|Addr 0x7f28803e69e0|Timestamp 215768466276643|Src n/a
[engine] opt done   id=1334  ProtosRootNode@6f90652d                            |Tier 2|Time  1829( 124+1704)ms|AST   21|Inlined   0Y   0N|IR  20778/ 68815|CodeSize  387532|Addr 0x7f2880a1e120|Timestamp 215770295514573|Src n/a
[engine] opt done   id=1329  ProtosRootNode@61f193ab                            |Tier 2|Time    17(   4+12  )ms|AST    2|Inlined   0Y   0N|IR    815/   944|CodeSize    4429|Addr 0x7f287fa2d480|Timestamp 215770374733861|Src n/a
[engine] opt done   id=1330  ProtosRootNode@5a93ede3                            |Tier 2|Time   743(  56+688 )ms|AST   11|Inlined   0Y   0N|IR  10638/ 32814|CodeSize  176872|Addr 0x7f2880bebee0|Timestamp 215771118284865|Src n/a
[engine] opt done   id=1331  ProtosRootNode@179886ac                            |Tier 2|Time    26(   4+22  )ms|AST    2|Inlined   0Y   0N|IR    815/   944|CodeSize    4429|Addr 0x7f2880be7e80|Timestamp 215771148123759|Src n/a
[engine] opt done   id=1332  ProtosRootNode@a16ddd4                             |Tier 2|Time  1845( 166+1679)ms|AST   20|Inlined   0Y   0N|IR  20280/ 62658|CodeSize  342484|Addr 0x7f2880b62e00|Timestamp 215772993662439|Src n/a
[engine] opt done   id=1335  ProtosRootNode@763b34d8                            |Tier 1|Time    27(   7+20  )ms|AST    2|Inlined   0Y   0N|IR    888/  2671|CodeSize   13140|Addr 0x7f28803e0d40|Timestamp 215773057385850|Src n/a
[engine] opt failed id=1336  ProtosRootNode@453003ff                            |Tier 1|Time   44(-215773058+215773102)ms|Reason: jdk.graal.compiler.truffle.GraphTooBigBailoutException: Graph too big to safely compile. Node count: 50681. Graph Size: 150026. Limit: 150000.|Timestamp 215773101771611|Src n/a
[engine] opt failed id=1336  ProtosRootNode@453003ff                            |Tier 1|Time   43(-215773112+215773155)ms|Reason: jdk.graal.compiler.truffle.GraphTooBigBailoutException: Graph too big to safely compile. Node count: 50681. Graph Size: 150026. Limit: 150000.|Timestamp 215773154573076|Src n/a
[engine] opt done   id=1323  ProtosRootNode@1cc57dab                            |Tier 1|Time    13(   4+9   )ms|AST    2|Inlined   0Y   0N|IR    888/  1275|CodeSize    5532|Addr 0x7f28803de360|Timestamp 215773168414773|Src n/a
[engine] opt done   id=1324  ProtosRootNode@309229a                             |Tier 1|Time   191(  23+168 )ms|AST    7|Inlined   0Y   0N|IR   4642/ 17482|CodeSize   90120|Addr 0x7f287ffd2100|Timestamp 215773359824794|Src n/a
[engine] opt done   id=1424  ProtosRootNode@71e5780e                            |Tier 1|Time    18(   7+11  )ms|AST    2|Inlined   0Y   0N|IR    591/  1658|CodeSize    7561|Addr 0x7f287f98bda0|Timestamp 215773555347008|Src n/a
[engine] opt done   id=1425  ProtosRootNode@10fe7f79                            |Tier 1|Time  2048( 133+1915)ms|AST   21|Inlined   0Y   0N|IR  20851/ 81773|CodeSize  436754|Addr 0x7f2880abb020|Timestamp 215775603589337|Src n/a
[engine] opt done   id=1420  ProtosRootNode@5036c149                            |Tier 1|Time    14(   5+9   )ms|AST    2|Inlined   0Y   0N|IR    888/  1275|CodeSize    5532|Addr 0x7f287ffce8e0|Timestamp 215775658798663|Src n/a
[engine] opt done   id=1421  ProtosRootNode@1e593be3                            |Tier 1|Time   618(  58+561 )ms|AST   11|Inlined   0Y   0N|IR  10711/ 39220|CodeSize  206041|Addr 0x7f28809c9bc0|Timestamp 215776277643859|Src n/a
[engine] opt done   id=1422  ProtosRootNode@4c11b47d                            |Tier 1|Time    14(   5+9   )ms|AST    2|Inlined   0Y   0N|IR    888/  1275|CodeSize    5532|Addr 0x7f2880ab31e0|Timestamp 215776312215666|Src n/a
[engine] opt done   id=1423  ProtosRootNode@1d8fa80                             |Tier 1|Time  1848( 138+1710)ms|AST   20|Inlined   0Y   0N|IR  20353/ 75041|CodeSize  397465|Addr 0x7f287fe5ff40|Timestamp 215778164155663|Src n/a
[engine] opt done   id=1424  ProtosRootNode@71e5780e                            |Tier 2|Time    20(   4+16  )ms|AST    2|Inlined   0Y   0N|IR    518/  1448|CodeSize    7174|Addr 0x7f2880aafce0|Timestamp 215778252058985|Src n/a
[engine] opt done   id=1425  ProtosRootNode@10fe7f79                            |Tier 2|Time  2026( 133+1893)ms|AST   21|Inlined   0Y   0N|IR  20778/ 68815|CodeSize  387532|Addr 0x7f287fdcaea0|Timestamp 215780278140837|Src n/a
[engine] opt done   id=1420  ProtosRootNode@5036c149                            |Tier 2|Time    17(   4+12  )ms|AST    2|Inlined   0Y   0N|IR    815/   944|CodeSize    4429|Addr 0x7f2880be5d00|Timestamp 215780353085473|Src n/a
[engine] opt done   id=1421  ProtosRootNode@1e593be3                            |Tier 2|Time   694(  58+637 )ms|AST   11|Inlined   0Y   0N|IR  10638/ 32814|CodeSize  176872|Addr 0x7f287fd83760|Timestamp 215781047814547|Src n/a
[engine] opt done   id=1422  ProtosRootNode@4c11b47d                            |Tier 2|Time    23(   4+18  )ms|AST    2|Inlined   0Y   0N|IR    815/   944|CodeSize    4429|Addr 0x7f287f989b80|Timestamp 215781074244020|Src n/a
[engine] opt done   id=1423  ProtosRootNode@1d8fa80                             |Tier 2|Time  1803( 140+1663)ms|AST   20|Inlined   0Y   0N|IR  20280/ 62658|CodeSize  342484|Addr 0x7f28802acc00|Timestamp 215782877729567|Src n/a
[engine] opt done   id=1426  ProtosRootNode@2e645f3b                            |Tier 1|Time    22(   5+18  )ms|AST    2|Inlined   0Y   0N|IR    888/  2671|CodeSize   13140|Addr 0x7f287f983fc0|Timestamp 215782945539570|Src n/a
[engine] opt failed id=1427  ProtosRootNode@14d7e05d                            |Tier 1|Time   52(-215782947+215782999)ms|Reason: jdk.graal.compiler.truffle.GraphTooBigBailoutException: Graph too big to safely compile. Node count: 50681. Graph Size: 150026. Limit: 150000.|Timestamp 215782999236326|Src n/a
[engine] opt failed id=1427  ProtosRootNode@14d7e05d                            |Tier 1|Time   43(-215783006+215783049)ms|Reason: jdk.graal.compiler.truffle.GraphTooBigBailoutException: Graph too big to safely compile. Node count: 50681. Graph Size: 150026. Limit: 150000.|Timestamp 215783049088620|Src n/a
[engine] opt done   id=1414  ProtosRootNode@1446e86e                            |Tier 1|Time    14(   4+10  )ms|AST    2|Inlined   0Y   0N|IR    888/  1275|CodeSize    5532|Addr 0x7f287f9815e0|Timestamp 215783068094279|Src n/a
[engine] opt done   id=1415  ProtosRootNode@2c7f97ce                            |Tier 1|Time   195(  23+172 )ms|AST    7|Inlined   0Y   0N|IR   4642/ 17482|CodeSize   90120|Addr 0x7f2880cbe280|Timestamp 215783265257984|Src n/a
[engine] opt done   id=1515  ProtosRootNode@3a9bb231                            |Tier 1|Time    17(   6+10  )ms|AST    2|Inlined   0Y   0N|IR    591/  1658|CodeSize    7561|Addr 0x7f287f97df20|Timestamp 215783471574523|Src n/a
[engine] opt done   id=1516  ProtosRootNode@2d9f6d9f                            |Tier 1|Time  2306( 134+2172)ms|AST   21|Inlined   0Y   0N|IR  20851/ 81773|CodeSize  436754|Addr 0x7f2880204e20|Timestamp 215785777730035|Src n/a
[engine] opt done   id=1511  ProtosRootNode@43e978ad                            |Tier 1|Time    14(   4+10  )ms|AST    2|Inlined   0Y   0N|IR    888/  1275|CodeSize    5532|Addr 0x7f2880cbaa60|Timestamp 215785834057203|Src n/a
[engine] opt done   id=1512  ProtosRootNode@20dee020                            |Tier 1|Time   625(  57+568 )ms|AST   11|Inlined   0Y   0N|IR  10711/ 39220|CodeSize  206041|Addr 0x7f28801af5c0|Timestamp 215786459186214|Src n/a
[engine] opt done   id=1513  ProtosRootNode@236c6f4c                            |Tier 1|Time    14(   4+10  )ms|AST    2|Inlined   0Y   0N|IR    888/  1275|CodeSize    5532|Addr 0x7f287f97b6e0|Timestamp 215786490305349|Src n/a
[engine] opt done   id=1514  ProtosRootNode@5fae4b4f                            |Tier 1|Time  1985( 124+1860)ms|AST   20|Inlined   0Y   0N|IR  20353/ 75041|CodeSize  397465|Addr 0x7f2880102c40|Timestamp 215788476790070|Src n/a
[engine] opt done   id=1515  ProtosRootNode@3a9bb231                            |Tier 2|Time    29(   6+23  )ms|AST    2|Inlined   0Y   0N|IR    518/  1448|CodeSize    7174|Addr 0x7f28801a9760|Timestamp 215788593066806|Src n/a
[engine] opt done   id=1516  ProtosRootNode@2d9f6d9f                            |Tier 2|Time  2034( 150+1884)ms|AST   21|Inlined   0Y   0N|IR  20778/ 68815|CodeSize  387532|Addr 0x7f288006dba0|Timestamp 215790626907381|Src n/a
[engine] opt done   id=1511  ProtosRootNode@43e978ad                            |Tier 2|Time    17(   4+13  )ms|AST    2|Inlined   0Y   0N|IR    815/   944|CodeSize    4429|Addr 0x7f28801a7500|Timestamp 215790702190977|Src n/a
[engine] opt done   id=1512  ProtosRootNode@20dee020                            |Tier 2|Time   660(  58+602 )ms|AST   11|Inlined   0Y   0N|IR  10638/ 32814|CodeSize  176872|Addr 0x7f2880026460|Timestamp 215791362736568|Src n/a
[engine] opt done   id=1513  ProtosRootNode@236c6f4c                            |Tier 2|Time    30(   7+23  )ms|AST    2|Inlined   0Y   0N|IR    815/   944|CodeSize    4429|Addr 0x7f28801a5380|Timestamp 215791401268716|Src n/a
[engine] opt done   id=1514  ProtosRootNode@5fae4b4f                            |Tier 2|Time  1783( 122+1661)ms|AST   20|Inlined   0Y   0N|IR  20280/ 62658|CodeSize  342484|Addr 0x7f2880deb280|Timestamp 215793184981202|Src n/a
[engine] opt done   id=1517  ProtosRootNode@65b18cb                             |Tier 1|Time    23(   6+18  )ms|AST    2|Inlined   0Y   0N|IR    888/  2671|CodeSize   13140|Addr 0x7f288019f7c0|Timestamp 215793251454104|Src n/a
[engine] opt failed id=1518  ProtosRootNode@4a459e1c                            |Tier 1|Time   91(-215793253+215793344)ms|Reason: jdk.graal.compiler.truffle.GraphTooBigBailoutException: Graph too big to safely compile. Node count: 50681. Graph Size: 150026. Limit: 150000.|Timestamp 215793344113449|Src n/a
[engine] opt failed id=1518  ProtosRootNode@4a459e1c                            |Tier 1|Time   45(-215793367+215793412)ms|Reason: jdk.graal.compiler.truffle.GraphTooBigBailoutException: Graph too big to safely compile. Node count: 50681. Graph Size: 150026. Limit: 150000.|Timestamp 215793411751592|Src n/a
[engine] opt done   id=1505  ProtosRootNode@746077e8                            |Tier 1|Time    14(   4+10  )ms|AST    2|Inlined   0Y   0N|IR    888/  1275|CodeSize    5532|Addr 0x7f288019cde0|Timestamp 215793426136629|Src n/a
[engine] opt done   id=1506  ProtosRootNode@c6dbd35                             |Tier 1|Time   209(  25+184 )ms|AST    7|Inlined   0Y   0N|IR   4642/ 17482|CodeSize   90120|Addr 0x7f2880000c80|Timestamp 215793635644851|Src n/a
[engine] opt done   id=1606  ProtosRootNode@7e57da1                             |Tier 1|Time    30(   8+22  )ms|AST    2|Inlined   0Y   0N|IR    591/  1658|CodeSize    7561|Addr 0x7f287fffc5a0|Timestamp 215793845080343|Src n/a
[engine] opt done   id=1607  ProtosRootNode@434f4bef                            |Tier 1|Time  2172( 149+2023)ms|AST   21|Inlined   0Y   0N|IR  20851/ 81773|CodeSize  436754|Addr 0x7f2880e70d20|Timestamp 215796017665620|Src n/a
[engine] opt done   id=1602  ProtosRootNode@20dbbe49                            |Tier 1|Time    22(   8+14  )ms|AST    2|Inlined   0Y   0N|IR    888/  1275|CodeSize    5532|Addr 0x7f287fff9d60|Timestamp 215796063036312|Src n/a
[engine] opt done   id=1603  ProtosRootNode@6cbc3384                            |Tier 1|Time   660(  59+601 )ms|AST   11|Inlined   0Y   0N|IR  10711/ 39220|CodeSize  206041|Addr 0x7f2880f17a40|Timestamp 215796722941943|Src n/a
[engine] opt done   id=1604  ProtosRootNode@3bad0251                            |Tier 1|Time    14(   4+10  )ms|AST    2|Inlined   0Y   0N|IR    888/  1275|CodeSize    5532|Addr 0x7f287fd7f0e0|Timestamp 215796756215699|Src n/a
[engine] opt done   id=1605  ProtosRootNode@1e943e44                            |Tier 1|Time  1864( 132+1732)ms|AST   20|Inlined   0Y   0N|IR  20353/ 75041|CodeSize  397465|Addr 0x7f2880f6d1c0|Timestamp 215798620377378|Src n/a
[engine] opt done   id=1606  ProtosRootNode@7e57da1                             |Tier 2|Time    21(   4+17  )ms|AST    2|Inlined   0Y   0N|IR    518/  1448|CodeSize    7174|Addr 0x7f287fd7bbe0|Timestamp 215798703759079|Src n/a
[engine] opt done   id=1607  ProtosRootNode@434f4bef                            |Tier 2|Time  2111( 149+1962)ms|AST   21|Inlined   0Y   0N|IR  20778/ 68815|CodeSize  387532|Addr 0x7f2881009ea0|Timestamp 215800816902341|Src n/a
[engine] opt done   id=1602  ProtosRootNode@20dbbe49                            |Tier 2|Time    16(   4+12  )ms|AST    2|Inlined   0Y   0N|IR    815/   944|CodeSize    4429|Addr 0x7f287fd79980|Timestamp 215800893981839|Src n/a
[engine] opt done   id=1603  ProtosRootNode@6cbc3384                            |Tier 2|Time   683(  60+623 )ms|AST   11|Inlined   0Y   0N|IR  10638/ 32814|CodeSize  176872|Addr 0x7f288109b860|Timestamp 215801577227613|Src n/a
[engine] opt done   id=1604  ProtosRootNode@3bad0251                            |Tier 2|Time    25(   5+20  )ms|AST    2|Inlined   0Y   0N|IR    815/   944|CodeSize    4429|Addr 0x7f287fd77800|Timestamp 215801605683217|Src n/a
[engine] opt done   id=1605  ProtosRootNode@1e943e44                            |Tier 2|Time  1778( 224+1554)ms|AST   20|Inlined   0Y   0N|IR  20280/ 62658|CodeSize  342484|Addr 0x7f28810e2680|Timestamp 215803386190319|Src n/a
[engine] opt done   id=1608  ProtosRootNode@47c9b70e                            |Tier 1|Time    23(   5+18  )ms|AST    2|Inlined   0Y   0N|IR    888/  2671|CodeSize   13140|Addr 0x7f287fd6f8c0|Timestamp 215803451591361|Src n/a
[engine] opt failed id=1609  ProtosRootNode@79788de9                            |Tier 1|Time   44(-215803452+215803496)ms|Reason: jdk.graal.compiler.truffle.GraphTooBigBailoutException: Graph too big to safely compile. Node count: 50681. Graph Size: 150026. Limit: 150000.|Timestamp 215803495558252|Src n/a
[engine] opt failed id=1609  ProtosRootNode@79788de9                            |Tier 1|Time   42(-215803512+215803555)ms|Reason: jdk.graal.compiler.truffle.GraphTooBigBailoutException: Graph too big to safely compile. Node count: 50681. Graph Size: 150026. Limit: 150000.|Timestamp 215803554620511|Src n/a
[engine] opt done   id=1596  ProtosRootNode@439f70a8                            |Tier 1|Time    15(   4+11  )ms|AST    2|Inlined   0Y   0N|IR    888/  1275|CodeSize    5532|Addr 0x7f287fd6cee0|Timestamp 215803569682038|Src n/a
[engine] opt done   id=1597  ProtosRootNode@27e00fc7                            |Tier 1|Time   213(  22+191 )ms|AST    7|Inlined   0Y   0N|IR   4642/ 17482|CodeSize   90120|Addr 0x7f287fb36b80|Timestamp 215803782978723|Src n/a
[engine] opt done   id=1697  ProtosRootNode@114f8ac8                            |Tier 1|Time    27(   7+20  )ms|AST    2|Inlined   0Y   0N|IR    591/  1658|CodeSize    7561|Addr 0x7f287fb324a0|Timestamp 215803986036983|Src n/a
[engine] opt done   id=1698  ProtosRootNode@54493705                            |Tier 1|Time  2105( 146+1959)ms|AST   21|Inlined   0Y   0N|IR  20851/ 81773|CodeSize  436754|Addr 0x7f2881168120|Timestamp 215806091160045|Src n/a
[engine] opt done   id=1693  ProtosRootNode@11c18e92                            |Tier 1|Time    59(   5+54  )ms|AST    2|Inlined   0Y   0N|IR    888/  1275|CodeSize    5532|Addr 0x7f287f215860|Timestamp 215806179444129|Src n/a
[engine] opt done   id=1694  ProtosRootNode@4e7e8e81                            |Tier 1|Time   695(  74+621 )ms|AST   11|Inlined   0Y   0N|IR  10711/ 39220|CodeSize  206041|Addr 0x7f287f6e40c0|Timestamp 215806875040980|Src n/a
[engine] opt done   id=1695  ProtosRootNode@1de38034                            |Tier 1|Time    14(   4+9   )ms|AST    2|Inlined   0Y   0N|IR    888/  1275|CodeSize    5532|Addr 0x7f287f6da2e0|Timestamp 215806889512367|Src n/a
[engine] opt done   id=1696  ProtosRootNode@312d4c71                            |Tier 1|Time  1771( 154+1617)ms|AST   20|Inlined   0Y   0N|IR  20353/ 75041|CodeSize  397465|Addr 0x7f287f2a0440|Timestamp 215808661086979|Src n/a
[engine] opt done   id=1697  ProtosRootNode@114f8ac8                            |Tier 2|Time    19(   4+15  )ms|AST    2|Inlined   0Y   0N|IR    518/  1448|CodeSize    7174|Addr 0x7f287f34b2e0|Timestamp 215808756659266|Src n/a
[engine] opt done   id=1698  ProtosRootNode@54493705                            |Tier 2|Time  1892( 128+1764)ms|AST   21|Inlined   0Y   0N|IR  20778/ 68815|CodeSize  387532|Addr 0x7f287f358320|Timestamp 215810649258827|Src n/a
[engine] opt done   id=1693  ProtosRootNode@11c18e92                            |Tier 2|Time    17(   4+12  )ms|AST    2|Inlined   0Y   0N|IR    815/   944|CodeSize    4429|Addr 0x7f287f46ad00|Timestamp 215810723748764|Src n/a
[engine] opt done   id=1694  ProtosRootNode@4e7e8e81                            |Tier 2|Time   705(  58+647 )ms|AST   11|Inlined   0Y   0N|IR  10638/ 32814|CodeSize  176872|Addr 0x7f287f3ff360|Timestamp 215811429047162|Src n/a
[engine] opt done   id=1695  ProtosRootNode@1de38034                            |Tier 2|Time    22(   4+18  )ms|AST    2|Inlined   0Y   0N|IR    815/   944|CodeSize    4429|Addr 0x7f287f8ba580|Timestamp 215811454614925|Src n/a
[engine] opt done   id=1696  ProtosRootNode@312d4c71                            |Tier 2|Time  1670( 132+1538)ms|AST   20|Inlined   0Y   0N|IR  20280/ 62658|CodeSize  342484|Addr 0x7f287f476e80|Timestamp 215813125196389|Src n/a
[engine] opt done   id=1699  ProtosRootNode@2ddbf0d1                            |Tier 1|Time    21(   4+17  )ms|AST    2|Inlined   0Y   0N|IR    888/  2671|CodeSize   13140|Addr 0x7f287f5e47c0|Timestamp 215813187762670|Src n/a
[engine] opt failed id=1700  ProtosRootNode@51bdd2cc                            |Tier 1|Time   64(-215813190+215813254)ms|Reason: jdk.graal.compiler.truffle.GraphTooBigBailoutException: Graph too big to safely compile. Node count: 50681. Graph Size: 150026. Limit: 150000.|Timestamp 215813253730053|Src n/a
[engine] opt failed id=1700  ProtosRootNode@51bdd2cc                            |Tier 1|Time   44(-215813261+215813305)ms|Reason: jdk.graal.compiler.truffle.GraphTooBigBailoutException: Graph too big to safely compile. Node count: 50681. Graph Size: 150026. Limit: 150000.|Timestamp 215813305272938|Src n/a
[engine] opt done   id=1687  ProtosRootNode@59851065                            |Tier 1|Time    15(   4+11  )ms|AST    2|Inlined   0Y   0N|IR    888/  1275|CodeSize    5532|Addr 0x7f287f948d60|Timestamp 215813321018296|Src n/a
[engine] opt done   id=1688  ProtosRootNode@1d0df591                            |Tier 1|Time   202(  21+181 )ms|AST    7|Inlined   0Y   0N|IR   4642/ 17482|CodeSize   90120|Addr 0x7f287f5f1d00|Timestamp 215813523039575|Src n/a
[engine] opt done   id=1788  ProtosRootNode@78c9b634                            |Tier 1|Time    28(   7+22  )ms|AST    2|Inlined   0Y   0N|IR    591/  1658|CodeSize    7561|Addr 0x7f287f15eea0|Timestamp 215813723646165|Src n/a
[engine] opt done   id=1789  ProtosRootNode@38e65786                            |Tier 1|Time  2108( 157+1951)ms|AST   21|Inlined   0Y   0N|IR  20851/ 81773|CodeSize  436754|Addr 0x7f287f16cd20|Timestamp 215815833559198|Src n/a
[engine] opt done   id=1784  ProtosRootNode@1c143d67                            |Tier 1|Time    14(   4+9   )ms|AST    2|Inlined   0Y   0N|IR    888/  1275|CodeSize    5532|Addr 0x7f288032fbe0|Timestamp 215815886715824|Src n/a
[engine] opt done   id=1785  ProtosRootNode@efe316b                             |Tier 1|Time   617(  56+561 )ms|AST   11|Inlined   0Y   0N|IR  10711/ 39220|CodeSize  206041|Addr 0x7f288071f6c0|Timestamp 215816503503740|Src n/a
[engine] opt done   id=1786  ProtosRootNode@700a873d                            |Tier 1|Time    14(   4+9   )ms|AST    2|Inlined   0Y   0N|IR    888/  1275|CodeSize    5532|Addr 0x7f2880717be0|Timestamp 215816536644046|Src n/a
[engine] opt done   id=1787  ProtosRootNode@4383ad4f                            |Tier 1|Time  1741( 122+1619)ms|AST   20|Inlined   0Y   0N|IR  20353/ 75041|CodeSize  397465|Addr 0x7f287f73c340|Timestamp 215818279693470|Src n/a
[engine] opt done   id=1788  ProtosRootNode@78c9b634                            |Tier 2|Time    19(   4+15  )ms|AST    2|Inlined   0Y   0N|IR    518/  1448|CodeSize    7174|Addr 0x7f287f7d7de0|Timestamp 215818370935725|Src n/a
[engine] opt done   id=1789  ProtosRootNode@38e65786                            |Tier 2|Time  1935( 125+1810)ms|AST   21|Inlined   0Y   0N|IR  20778/ 68815|CodeSize  387532|Addr 0x7f287f7df920|Timestamp 215820305865165|Src n/a
[engine] opt done   id=1784  ProtosRootNode@1c143d67                            |Tier 2|Time    17(   4+12  )ms|AST    2|Inlined   0Y   0N|IR    815/   944|CodeSize    4429|Addr 0x7f287fa27d80|Timestamp 215820389958537|Src n/a
[engine] opt done   id=1785  ProtosRootNode@efe316b                             |Tier 2|Time   721(  56+664 )ms|AST   11|Inlined   0Y   0N|IR  10638/ 32814|CodeSize  176872|Addr 0x7f28808ad560|Timestamp 215821110937115|Src n/a
[engine] opt done   id=1786  ProtosRootNode@700a873d                            |Tier 2|Time    22(   4+18  )ms|AST    2|Inlined   0Y   0N|IR    815/   944|CodeSize    4429|Addr 0x7f287fd69c00|Timestamp 215821136530188|Src n/a
[engine] opt done   id=1787  ProtosRootNode@4383ad4f                            |Tier 2|Time  1828( 131+1697)ms|AST   20|Inlined   0Y   0N|IR  20280/ 62658|CodeSize  342484|Addr 0x7f287ff46800|Timestamp 215822965216927|Src n/a
[engine] opt done   id=1790  ProtosRootNode@26cab653                            |Tier 1|Time    21(   4+17  )ms|AST    2|Inlined   0Y   0N|IR    888/  2671|CodeSize   13140|Addr 0x7f287ffc7340|Timestamp 215823027818649|Src n/a
[engine] opt failed id=1791  ProtosRootNode@389b1710                            |Tier 1|Time   42(-215823028+215823070)ms|Reason: jdk.graal.compiler.truffle.GraphTooBigBailoutException: Graph too big to safely compile. Node count: 50681. Graph Size: 150026. Limit: 150000.|Timestamp 215823070356960|Src n/a
[engine] opt failed id=1791  ProtosRootNode@389b1710                            |Tier 1|Time   49(-215823090+215823139)ms|Reason: jdk.graal.compiler.truffle.GraphTooBigBailoutException: Graph too big to safely compile. Node count: 50681. Graph Size: 150026. Limit: 150000.|Timestamp 215823139260704|Src n/a
[engine] opt done   id=1778  ProtosRootNode@4c04a730                            |Tier 1|Time    13(   4+9   )ms|AST    2|Inlined   0Y   0N|IR    888/  1275|CodeSize    5532|Addr 0x7f28809a8860|Timestamp 215823152910481|Src n/a
[engine] opt done   id=1779  ProtosRootNode@dd00e6c                             |Tier 1|Time   202(  23+179 )ms|AST    7|Inlined   0Y   0N|IR   4642/ 17482|CodeSize   90120|Addr 0x7f287f94ce80|Timestamp 215823355526902|Src n/a
[engine] opt done   id=1879  ProtosRootNode@6a80031                             |Tier 1|Time    29(   7+22  )ms|AST    2|Inlined   0Y   0N|IR    591/  1658|CodeSize    7561|Addr 0x7f287fcba520|Timestamp 215823557623192|Src n/a
[engine] opt done   id=1880  ProtosRootNode@4fb673de                            |Tier 1|Time  2050( 142+1908)ms|AST   21|Inlined   0Y   0N|IR  20851/ 81773|CodeSize  436754|Addr 0x7f287f6351a0|Timestamp 215825607602014|Src n/a
[engine] opt done   id=1875  ProtosRootNode@2dd8ae75                            |Tier 1|Time    14(   4+9   )ms|AST    2|Inlined   0Y   0N|IR    888/  1275|CodeSize    5532|Addr 0x7f2880ce3260|Timestamp 215825645559603|Src n/a
[engine] opt done   id=1876  ProtosRootNode@4ad5a752                            |Tier 1|Time   650(  58+592 )ms|AST   11|Inlined   0Y   0N|IR  10711/ 39220|CodeSize  206041|Addr 0x7f28803e1740|Timestamp 215826295542747|Src n/a
[engine] opt done   id=1877  ProtosRootNode@4c111f67                            |Tier 1|Time    15(   5+9   )ms|AST    2|Inlined   0Y   0N|IR    888/  1275|CodeSize    5532|Addr 0x7f2880cb6b60|Timestamp 215826328784584|Src n/a
[engine] opt done   id=1878  ProtosRootNode@2cf65910                            |Tier 1|Time  1853( 136+1716)ms|AST   20|Inlined   0Y   0N|IR  20353/ 75041|CodeSize  397465|Addr 0x7f288077b5c0|Timestamp 215828181734209|Src n/a
[engine] opt done   id=1879  ProtosRootNode@6a80031                             |Tier 2|Time    19(   3+15  )ms|AST    2|Inlined   0Y   0N|IR    518/  1448|CodeSize    7174|Addr 0x7f2880772b60|Timestamp 215828262934900|Src n/a
[engine] opt done   id=1880  ProtosRootNode@4fb673de                            |Tier 2|Time  1921( 125+1796)ms|AST   21|Inlined   0Y   0N|IR  20778/ 68815|CodeSize  387532|Addr 0x7f28804dd9a0|Timestamp 215830184230890|Src n/a
[engine] opt done   id=1875  ProtosRootNode@2dd8ae75                            |Tier 2|Time    17(   4+13  )ms|AST    2|Inlined   0Y   0N|IR    815/   944|CodeSize    4429|Addr 0x7f2880cb4980|Timestamp 215830266658222|Src n/a
[engine] opt done   id=1876  ProtosRootNode@4ad5a752                            |Tier 2|Time   714(  57+657 )ms|AST   11|Inlined   0Y   0N|IR  10638/ 32814|CodeSize  176872|Addr 0x7f287fefdc60|Timestamp 215830980684259|Src n/a
[engine] opt done   id=1877  ProtosRootNode@4c111f67                            |Tier 2|Time    23(   4+18  )ms|AST    2|Inlined   0Y   0N|IR    815/   944|CodeSize    4429|Addr 0x7f287fef9c00|Timestamp 215831006654382|Src n/a
[engine] opt done   id=1878  ProtosRootNode@2cf65910                            |Tier 2|Time  1813( 130+1683)ms|AST   20|Inlined   0Y   0N|IR  20280/ 62658|CodeSize  342484|Addr 0x7f287fc10700|Timestamp 215832819795041|Src n/a
[engine] opt done   id=1881  ProtosRootNode@f9ee21f                             |Tier 1|Time    21(   4+17  )ms|AST    2|Inlined   0Y   0N|IR    888/  2671|CodeSize   13140|Addr 0x7f287fc070c0|Timestamp 215832886707465|Src n/a
[engine] opt failed id=1882  ProtosRootNode@10908264                            |Tier 1|Time   43(-215832887+215832930)ms|Reason: jdk.graal.compiler.truffle.GraphTooBigBailoutException: Graph too big to safely compile. Node count: 50681. Graph Size: 150026. Limit: 150000.|Timestamp 215832929639416|Src n/a
[engine] opt failed id=1882  ProtosRootNode@10908264                            |Tier 1|Time   42(-215832940+215832982)ms|Reason: jdk.graal.compiler.truffle.GraphTooBigBailoutException: Graph too big to safely compile. Node count: 50681. Graph Size: 150026. Limit: 150000.|Timestamp 215832982418283|Src n/a
[engine] opt done   id=1869  ProtosRootNode@651628c4                            |Tier 1|Time    13(   4+9   )ms|AST    2|Inlined   0Y   0N|IR    888/  1275|CodeSize    5532|Addr 0x7f2880640d60|Timestamp 215832997773720|Src n/a
[engine] opt done   id=1870  ProtosRootNode@69431551                            |Tier 1|Time   199(  31+168 )ms|AST    7|Inlined   0Y   0N|IR   4642/ 17482|CodeSize   90120|Addr 0x7f2880645b00|Timestamp 215833197338040|Src n/a
