WARMUP	1	15948855010	528
WARMUP	2	11466062334	528
WARMUP	3	9782255744	528
WARMUP	4	10061695184	528
WARMUP	5	9582131564	528
WARMUP	6	10221670319	528
WARMUP	7	10748508313	528
WARMUP	8	13988490363	528
WARMUP	9	14266741275	528
WARMUP	10	13370326161	528
WARMUP	11	12596666545	528
WARMUP	12	9971159814	528
WARMUP	13	9640227332	528
WARMUP	14	9725458103	528
WARMUP	15	9918575187	528
WARMUP	16	10361053223	528
WARMUP	17	10143664701	528
WARMUP	18	9735411711	528
WARMUP	19	9834645278	528
WARMUP	20	9845542851	528
