$ taskset -c 0 java -Dprotos.benchmarks.peer.language=js -cp /workspaces/protos-benchmarks/.work/embedded/peer-25.4.4.1.1/executable-value/d0088eaa89ece882c7363b6d2a332ffbdffae8594feb7a0767135a1f7f2b5cd4/classes:/home/vscode/.m2/repository/org/graalvm/polyglot/polyglot/25.4.4.1.1/polyglot-25.4.4.1.1.jar:/home/vscode/.m2/repository/org/graalvm/sdk/collections/25.4.4.1.1/collections-25.4.4.1.1.jar:/home/vscode/.m2/repository/org/graalvm/sdk/nativeimage/25.4.4.1.1/nativeimage-25.4.4.1.1.jar:/home/vscode/.m2/repository/org/graalvm/sdk/word/25.4.4.1.1/word-25.4.4.1.1.jar:/home/vscode/.m2/repository/org/graalvm/polyglot/js/25.4.4.1.1/js-25.4.4.1.1.pom:/home/vscode/.m2/repository/org/graalvm/js/js/25.4.4.1.1/js-25.4.4.1.1.pom:/home/vscode/.m2/repository/org/graalvm/js/js-language/25.4.4.1.1/js-language-25.4.4.1.1.jar:/home/vscode/.m2/repository/org/graalvm/regex/regex/25.4.4.1.1/regex-25.4.4.1.1.jar:/home/vscode/.m2/repository/org/graalvm/truffle/truffle-api/25.4.4.1.1/truffle-api-25.4.4.1.1.jar:/home/vscode/.m2/repository/org/graalvm/sdk/jniutils/25.4.4.1.1/jniutils-25.4.4.1.1.jar:/home/vscode/.m2/repository/org/graalvm/shadowed/icu4j/25.4.4.1.1/icu4j-25.4.4.1.1.jar:/home/vscode/.m2/repository/org/graalvm/truffle/truffle-runtime/25.4.4.1.1/truffle-runtime-25.4.4.1.1.jar:/home/vscode/.m2/repository/org/graalvm/truffle/truffle-compiler/25.4.4.1.1/truffle-compiler-25.4.4.1.1.jar:/home/vscode/.m2/repository/org/graalvm/polyglot/python/25.4.4.1.1/python-25.4.4.1.1.pom:/home/vscode/.m2/repository/org/graalvm/python/python/25.4.4.1.1/python-25.4.4.1.1.pom:/home/vscode/.m2/repository/org/graalvm/python/python-language/25.4.4.1.1/python-language-25.4.4.1.1.jar:/home/vscode/.m2/repository/org/graalvm/tools/profiler-tool/25.4.4.1.1/profiler-tool-25.4.4.1.1.jar:/home/vscode/.m2/repository/org/graalvm/shadowed/json/25.4.4.1.1/json-25.4.4.1.1.jar:/home/vscode/.m2/repository/org/graalvm/shadowed/xz/25.4.4.1.1/xz-25.4.4.1.1.jar:/home/vscode/.m2/repository/org/graalvm/python/python-resources/25.4.4.1.1/python-resources-25.4.4.1.1.jar com.guillermomolina.protos.benchmarks.measure.peer.PeerExecutableSurface measure - /workspaces/protos-benchmarks/truffle/workloads/method-call/method-call.mjs 60 10 1 -
WARNING: A restricted method in java.lang.System has been called
WARNING: java.lang.System::load has been called by com.oracle.truffle.polyglot.JDKSupport in an unnamed module (file:/home/vscode/.m2/repository/org/graalvm/truffle/truffle-api/25.4.4.1.1/truffle-api-25.4.4.1.1.jar)
WARNING: Use --enable-native-access=ALL-UNNAMED to avoid a warning for callers in this module
WARNING: Restricted methods will be blocked in a future release unless native access is enabled

WARNING: A terminally deprecated method in sun.misc.Unsafe has been called
WARNING: sun.misc.Unsafe::objectFieldOffset has been called by com.oracle.truffle.runtime.hotspot.HotSpotTruffleRuntime (file:/home/vscode/.m2/repository/org/graalvm/truffle/truffle-runtime/25.4.4.1.1/truffle-runtime-25.4.4.1.1.jar)
WARNING: Please consider reporting this to the maintainers of class com.oracle.truffle.runtime.hotspot.HotSpotTruffleRuntime
WARNING: sun.misc.Unsafe::objectFieldOffset will be removed in a future release
mode=jvm
surface=executable-value
language=js
run_mode=executable-value
source=/workspaces/protos-benchmarks/truffle/workloads/method-call/method-call.mjs
warmup_iterations=60
steady_iterations=10
sample_calls=1
setup_ns=1096959466
sample phase=cold iteration=1 elapsed_ns=156577523
sample phase=warmup iteration=1 elapsed_ns=16616199
sample phase=warmup iteration=2 elapsed_ns=7183076
sample phase=warmup iteration=3 elapsed_ns=6903437
sample phase=warmup iteration=4 elapsed_ns=5519909
sample phase=warmup iteration=5 elapsed_ns=4850661
sample phase=warmup iteration=6 elapsed_ns=1029818
sample phase=warmup iteration=7 elapsed_ns=4299212
sample phase=warmup iteration=8 elapsed_ns=4303232
sample phase=warmup iteration=9 elapsed_ns=3874742
sample phase=warmup iteration=10 elapsed_ns=1459197
sample phase=warmup iteration=11 elapsed_ns=4330942
sample phase=warmup iteration=12 elapsed_ns=944918
sample phase=warmup iteration=13 elapsed_ns=4129162
sample phase=warmup iteration=14 elapsed_ns=818229
sample phase=warmup iteration=15 elapsed_ns=4210842
sample phase=warmup iteration=16 elapsed_ns=2458825
sample phase=warmup iteration=17 elapsed_ns=2416696
sample phase=warmup iteration=18 elapsed_ns=740938
sample phase=warmup iteration=19 elapsed_ns=734049
sample phase=warmup iteration=20 elapsed_ns=3997892
sample phase=warmup iteration=21 elapsed_ns=737749
sample phase=warmup iteration=22 elapsed_ns=716588
sample phase=warmup iteration=23 elapsed_ns=2511975
sample phase=warmup iteration=24 elapsed_ns=701729
sample phase=warmup iteration=25 elapsed_ns=4010623
sample phase=warmup iteration=26 elapsed_ns=2591116
sample phase=warmup iteration=27 elapsed_ns=2434925
sample phase=warmup iteration=28 elapsed_ns=1777837
sample phase=warmup iteration=29 elapsed_ns=2367356
sample phase=warmup iteration=30 elapsed_ns=4125302
sample phase=warmup iteration=31 elapsed_ns=83650
sample phase=warmup iteration=32 elapsed_ns=31680
sample phase=warmup iteration=33 elapsed_ns=41650
sample phase=warmup iteration=34 elapsed_ns=30570
sample phase=warmup iteration=35 elapsed_ns=29580
sample phase=warmup iteration=36 elapsed_ns=30690
sample phase=warmup iteration=37 elapsed_ns=29630
sample phase=warmup iteration=38 elapsed_ns=29460
sample phase=warmup iteration=39 elapsed_ns=29330
sample phase=warmup iteration=40 elapsed_ns=1030268
sample phase=warmup iteration=41 elapsed_ns=36480
sample phase=warmup iteration=42 elapsed_ns=29960
sample phase=warmup iteration=43 elapsed_ns=32230
sample phase=warmup iteration=44 elapsed_ns=29220
sample phase=warmup iteration=45 elapsed_ns=29080
sample phase=warmup iteration=46 elapsed_ns=29160
sample phase=warmup iteration=47 elapsed_ns=1665767
sample phase=warmup iteration=48 elapsed_ns=32529
sample phase=warmup iteration=49 elapsed_ns=29240
sample phase=warmup iteration=50 elapsed_ns=29070
sample phase=warmup iteration=51 elapsed_ns=30050
sample phase=warmup iteration=52 elapsed_ns=29770
sample phase=warmup iteration=53 elapsed_ns=28910
sample phase=warmup iteration=54 elapsed_ns=29400
sample phase=warmup iteration=55 elapsed_ns=2704255
sample phase=warmup iteration=56 elapsed_ns=33180
sample phase=warmup iteration=57 elapsed_ns=31670
sample phase=warmup iteration=58 elapsed_ns=35760
sample phase=warmup iteration=59 elapsed_ns=43279
sample phase=warmup iteration=60 elapsed_ns=32530
sample phase=steady iteration=1 elapsed_ns=35200
sample phase=steady iteration=2 elapsed_ns=29390
sample phase=steady iteration=3 elapsed_ns=30270
sample phase=steady iteration=4 elapsed_ns=33620
sample phase=steady iteration=5 elapsed_ns=29280
sample phase=steady iteration=6 elapsed_ns=28790
sample phase=steady iteration=7 elapsed_ns=29100
sample phase=steady iteration=8 elapsed_ns=28910
sample phase=steady iteration=9 elapsed_ns=29260
sample phase=steady iteration=10 elapsed_ns=29029
result=499500
