$ taskset -c 0 java -XX:FlightRecorderOptions:stackdepth=256 -cp /workspaces/protos-benchmarks/.work/embedded/ddb2a30626f4ec23159f4a79f6d097061b09dcb0/canonical/56c598ef559eb45ffbe2fdb5747559be39d1620490cb45998b52efa800949b82/classes:/workspaces/protos/target/classes:/home/vscode/.m2/repository/org/jline/jline/3.30.6/jline-3.30.6.jar:/home/vscode/.m2/repository/com/ibm/icu/icu4j/78.1/icu4j-78.1.jar:/home/vscode/.m2/repository/org/graalvm/sdk/graal-sdk/25.4.4.1.1/graal-sdk-25.4.4.1.1.jar:/home/vscode/.m2/repository/org/graalvm/sdk/collections/25.4.4.1.1/collections-25.4.4.1.1.jar:/home/vscode/.m2/repository/org/graalvm/sdk/nativeimage/25.4.4.1.1/nativeimage-25.4.4.1.1.jar:/home/vscode/.m2/repository/org/graalvm/sdk/word/25.4.4.1.1/word-25.4.4.1.1.jar:/home/vscode/.m2/repository/org/graalvm/polyglot/polyglot/25.4.4.1.1/polyglot-25.4.4.1.1.jar:/home/vscode/.m2/repository/org/graalvm/truffle/truffle-api/25.4.4.1.1/truffle-api-25.4.4.1.1.jar:/home/vscode/.m2/repository/org/graalvm/sdk/jniutils/25.4.4.1.1/jniutils-25.4.4.1.1.jar:/home/vscode/.m2/repository/org/graalvm/truffle/truffle-runtime/25.4.4.1.1/truffle-runtime-25.4.4.1.1.jar:/home/vscode/.m2/repository/org/graalvm/truffle/truffle-compiler/25.4.4.1.1/truffle-compiler-25.4.4.1.1.jar:/home/vscode/.m2/repository/org/graalvm/polyglot/dap/25.4.4.1.1/dap-25.4.4.1.1.pom:/home/vscode/.m2/repository/org/graalvm/tools/dap-tool/25.4.4.1.1/dap-tool-25.4.4.1.1.jar:/home/vscode/.m2/repository/org/graalvm/shadowed/json/25.4.4.1.1/json-25.4.4.1.1.jar:/home/vscode/.m2/repository/org/eclipse/lsp4j/org.eclipse.lsp4j/1.0.0/org.eclipse.lsp4j-1.0.0.jar:/home/vscode/.m2/repository/org/eclipse/lsp4j/org.eclipse.lsp4j.jsonrpc/1.0.0/org.eclipse.lsp4j.jsonrpc-1.0.0.jar:/home/vscode/.m2/repository/com/google/code/gson/gson/2.14.0/gson-2.14.0.jar:/home/vscode/.m2/repository/com/google/errorprone/error_prone_annotations/2.48.0/error_prone_annotations-2.48.0.jar:/home/vscode/.m2/repository/org/junit/jupiter/junit-jupiter/5.10.2/junit-jupiter-5.10.2.jar:/home/vscode/.m2/repository/org/junit/jupiter/junit-jupiter-api/5.10.2/junit-jupiter-api-5.10.2.jar:/home/vscode/.m2/repository/org/opentest4j/opentest4j/1.3.0/opentest4j-1.3.0.jar:/home/vscode/.m2/repository/org/junit/platform/junit-platform-commons/1.10.2/junit-platform-commons-1.10.2.jar:/home/vscode/.m2/repository/org/apiguardian/apiguardian-api/1.1.2/apiguardian-api-1.1.2.jar:/home/vscode/.m2/repository/org/junit/jupiter/junit-jupiter-params/5.10.2/junit-jupiter-params-5.10.2.jar:/home/vscode/.m2/repository/org/junit/jupiter/junit-jupiter-engine/5.10.2/junit-jupiter-engine-5.10.2.jar:/home/vscode/.m2/repository/org/junit/platform/junit-platform-engine/1.10.2/junit-platform-engine-1.10.2.jar com.guillermomolina.protos.benchmarks.measure.protos.ProtosCanonicalSurface measure /workspaces/protos/protos/lib/core /workspaces/protos-benchmarks/truffle/workloads/primitive-return-literal/primitive-return-literal.protos 20 10 1000000 /workspaces/protos-benchmarks/results/perf033-current/.staging/protos-canonical--primitive-return-literal--reference-jfr--20261007T133955608878Z/jfr/steady.jfr
WARNING: A restricted method in java.lang.System has been called
WARNING: java.lang.System::load has been called by com.oracle.truffle.polyglot.JDKSupport in an unnamed module (file:/home/vscode/.m2/repository/org/graalvm/truffle/truffle-api/25.4.4.1.1/truffle-api-25.4.4.1.1.jar)
WARNING: Use --enable-native-access=ALL-UNNAMED to avoid a warning for callers in this module
WARNING: Restricted methods will be blocked in a future release unless native access is enabled

WARNING: A terminally deprecated method in sun.misc.Unsafe has been called
WARNING: sun.misc.Unsafe::objectFieldOffset has been called by com.oracle.truffle.runtime.hotspot.HotSpotTruffleRuntime (file:/home/vscode/.m2/repository/org/graalvm/truffle/truffle-runtime/25.4.4.1.1/truffle-runtime-25.4.4.1.1.jar)
WARNING: Please consider reporting this to the maintainers of class com.oracle.truffle.runtime.hotspot.HotSpotTruffleRuntime
WARNING: sun.misc.Unsafe::objectFieldOffset will be removed in a future release
mode=jvm
surface=canonical
language=protos
run_mode=canonical
source=/workspaces/protos-benchmarks/truffle/workloads/primitive-return-literal/primitive-return-literal.protos
warmup_iterations=20
steady_iterations=10
sample_calls=1000000
setup_ns=1973578645
sample phase=cold iteration=1 elapsed_ns=26976409
sample phase=warmup iteration=1 elapsed_ns=1314200387
sample phase=warmup iteration=2 elapsed_ns=384745450
sample phase=warmup iteration=3 elapsed_ns=369700242
sample phase=warmup iteration=4 elapsed_ns=349212006
sample phase=warmup iteration=5 elapsed_ns=205122687
sample phase=warmup iteration=6 elapsed_ns=288547717
sample phase=warmup iteration=7 elapsed_ns=281165023
sample phase=warmup iteration=8 elapsed_ns=201547070
sample phase=warmup iteration=9 elapsed_ns=154476267
sample phase=warmup iteration=10 elapsed_ns=147791714
sample phase=warmup iteration=11 elapsed_ns=139361529
sample phase=warmup iteration=12 elapsed_ns=127976709
sample phase=warmup iteration=13 elapsed_ns=122168498
sample phase=warmup iteration=14 elapsed_ns=129933822
sample phase=warmup iteration=15 elapsed_ns=135845193
sample phase=warmup iteration=16 elapsed_ns=133410078
sample phase=warmup iteration=17 elapsed_ns=137238126
sample phase=warmup iteration=18 elapsed_ns=150081408
sample phase=warmup iteration=19 elapsed_ns=160931838
sample phase=warmup iteration=20 elapsed_ns=129117021
jfr_boundary=steady-start
sample phase=steady iteration=1 elapsed_ns=212544300
sample phase=steady iteration=2 elapsed_ns=128978440
sample phase=steady iteration=3 elapsed_ns=135241902
sample phase=steady iteration=4 elapsed_ns=132078145
sample phase=steady iteration=5 elapsed_ns=137621815
sample phase=steady iteration=6 elapsed_ns=116596978
sample phase=steady iteration=7 elapsed_ns=129909452
sample phase=steady iteration=8 elapsed_ns=130072412
sample phase=steady iteration=9 elapsed_ns=130607993
sample phase=steady iteration=10 elapsed_ns=127486687
jfr_boundary=steady-stop
jfr_scope=steady
jfr_file=/workspaces/protos-benchmarks/results/perf033-current/.staging/protos-canonical--primitive-return-literal--reference-jfr--20261007T133955608878Z/jfr/steady.jfr
result=1
