$ taskset -c 0 java -cp /workspaces/protos-benchmarks/.work/embedded/ddb2a30626f4ec23159f4a79f6d097061b09dcb0/canonical/56c598ef559eb45ffbe2fdb5747559be39d1620490cb45998b52efa800949b82/classes:/workspaces/protos/target/classes:/home/vscode/.m2/repository/org/jline/jline/3.30.6/jline-3.30.6.jar:/home/vscode/.m2/repository/com/ibm/icu/icu4j/78.1/icu4j-78.1.jar:/home/vscode/.m2/repository/org/graalvm/sdk/graal-sdk/25.4.4.1.1/graal-sdk-25.4.4.1.1.jar:/home/vscode/.m2/repository/org/graalvm/sdk/collections/25.4.4.1.1/collections-25.4.4.1.1.jar:/home/vscode/.m2/repository/org/graalvm/sdk/nativeimage/25.4.4.1.1/nativeimage-25.4.4.1.1.jar:/home/vscode/.m2/repository/org/graalvm/sdk/word/25.4.4.1.1/word-25.4.4.1.1.jar:/home/vscode/.m2/repository/org/graalvm/polyglot/polyglot/25.4.4.1.1/polyglot-25.4.4.1.1.jar:/home/vscode/.m2/repository/org/graalvm/truffle/truffle-api/25.4.4.1.1/truffle-api-25.4.4.1.1.jar:/home/vscode/.m2/repository/org/graalvm/sdk/jniutils/25.4.4.1.1/jniutils-25.4.4.1.1.jar:/home/vscode/.m2/repository/org/graalvm/truffle/truffle-runtime/25.4.4.1.1/truffle-runtime-25.4.4.1.1.jar:/home/vscode/.m2/repository/org/graalvm/truffle/truffle-compiler/25.4.4.1.1/truffle-compiler-25.4.4.1.1.jar:/home/vscode/.m2/repository/org/graalvm/polyglot/dap/25.4.4.1.1/dap-25.4.4.1.1.pom:/home/vscode/.m2/repository/org/graalvm/tools/dap-tool/25.4.4.1.1/dap-tool-25.4.4.1.1.jar:/home/vscode/.m2/repository/org/graalvm/shadowed/json/25.4.4.1.1/json-25.4.4.1.1.jar:/home/vscode/.m2/repository/org/eclipse/lsp4j/org.eclipse.lsp4j/1.0.0/org.eclipse.lsp4j-1.0.0.jar:/home/vscode/.m2/repository/org/eclipse/lsp4j/org.eclipse.lsp4j.jsonrpc/1.0.0/org.eclipse.lsp4j.jsonrpc-1.0.0.jar:/home/vscode/.m2/repository/com/google/code/gson/gson/2.14.0/gson-2.14.0.jar:/home/vscode/.m2/repository/com/google/errorprone/error_prone_annotations/2.48.0/error_prone_annotations-2.48.0.jar:/home/vscode/.m2/repository/org/junit/jupiter/junit-jupiter/5.10.2/junit-jupiter-5.10.2.jar:/home/vscode/.m2/repository/org/junit/jupiter/junit-jupiter-api/5.10.2/junit-jupiter-api-5.10.2.jar:/home/vscode/.m2/repository/org/opentest4j/opentest4j/1.3.0/opentest4j-1.3.0.jar:/home/vscode/.m2/repository/org/junit/platform/junit-platform-commons/1.10.2/junit-platform-commons-1.10.2.jar:/home/vscode/.m2/repository/org/apiguardian/apiguardian-api/1.1.2/apiguardian-api-1.1.2.jar:/home/vscode/.m2/repository/org/junit/jupiter/junit-jupiter-params/5.10.2/junit-jupiter-params-5.10.2.jar:/home/vscode/.m2/repository/org/junit/jupiter/junit-jupiter-engine/5.10.2/junit-jupiter-engine-5.10.2.jar:/home/vscode/.m2/repository/org/junit/platform/junit-platform-engine/1.10.2/junit-platform-engine-1.10.2.jar com.guillermomolina.protos.benchmarks.measure.protos.ProtosCanonicalSurface measure /workspaces/protos/protos/lib/core /workspaces/protos-benchmarks/truffle/workloads/primitive-return-literal/primitive-return-literal.protos 50 10 10000 -
WARNING: A restricted method in java.lang.System has been called
WARNING: java.lang.System::load has been called by com.oracle.truffle.polyglot.JDKSupport in an unnamed module (file:/home/vscode/.m2/repository/org/graalvm/truffle/truffle-api/25.4.4.1.1/truffle-api-25.4.4.1.1.jar)
WARNING: Use --enable-native-access=ALL-UNNAMED to avoid a warning for callers in this module
WARNING: Restricted methods will be blocked in a future release unless native access is enabled

WARNING: A terminally deprecated method in sun.misc.Unsafe has been called
WARNING: sun.misc.Unsafe::objectFieldOffset has been called by com.oracle.truffle.runtime.hotspot.HotSpotTruffleRuntime (file:/home/vscode/.m2/repository/org/graalvm/truffle/truffle-runtime/25.4.4.1.1/truffle-runtime-25.4.4.1.1.jar)
WARNING: Please consider reporting this to the maintainers of class com.oracle.truffle.runtime.hotspot.HotSpotTruffleRuntime
WARNING: sun.misc.Unsafe::objectFieldOffset will be removed in a future release
mode=jvm
surface=canonical
language=protos
run_mode=canonical
source=/workspaces/protos-benchmarks/truffle/workloads/primitive-return-literal/primitive-return-literal.protos
warmup_iterations=50
steady_iterations=10
sample_calls=10000
setup_ns=1808001228
sample phase=cold iteration=1 elapsed_ns=29956924
sample phase=warmup iteration=1 elapsed_ns=502568865
sample phase=warmup iteration=2 elapsed_ns=83178949
sample phase=warmup iteration=3 elapsed_ns=43927229
sample phase=warmup iteration=4 elapsed_ns=43363458
sample phase=warmup iteration=5 elapsed_ns=43052347
sample phase=warmup iteration=6 elapsed_ns=35701744
sample phase=warmup iteration=7 elapsed_ns=35019373
sample phase=warmup iteration=8 elapsed_ns=34927653
sample phase=warmup iteration=9 elapsed_ns=37822648
sample phase=warmup iteration=10 elapsed_ns=29921774
sample phase=warmup iteration=11 elapsed_ns=14267366
sample phase=warmup iteration=12 elapsed_ns=14418516
sample phase=warmup iteration=13 elapsed_ns=14274966
sample phase=warmup iteration=14 elapsed_ns=10118668
sample phase=warmup iteration=15 elapsed_ns=28259600
sample phase=warmup iteration=16 elapsed_ns=16895570
sample phase=warmup iteration=17 elapsed_ns=12012872
sample phase=warmup iteration=18 elapsed_ns=11843301
sample phase=warmup iteration=19 elapsed_ns=6935682
sample phase=warmup iteration=20 elapsed_ns=6639562
sample phase=warmup iteration=21 elapsed_ns=6309242
sample phase=warmup iteration=22 elapsed_ns=6365461
sample phase=warmup iteration=23 elapsed_ns=6613392
sample phase=warmup iteration=24 elapsed_ns=5694150
sample phase=warmup iteration=25 elapsed_ns=5812051
sample phase=warmup iteration=26 elapsed_ns=6792472
sample phase=warmup iteration=27 elapsed_ns=5721481
sample phase=warmup iteration=28 elapsed_ns=6447201
sample phase=warmup iteration=29 elapsed_ns=4463298
sample phase=warmup iteration=30 elapsed_ns=5193079
sample phase=warmup iteration=31 elapsed_ns=6862873
sample phase=warmup iteration=32 elapsed_ns=4079947
sample phase=warmup iteration=33 elapsed_ns=5852991
sample phase=warmup iteration=34 elapsed_ns=5767390
sample phase=warmup iteration=35 elapsed_ns=4123197
sample phase=warmup iteration=36 elapsed_ns=4848429
sample phase=warmup iteration=37 elapsed_ns=4968699
sample phase=warmup iteration=38 elapsed_ns=3912567
sample phase=warmup iteration=39 elapsed_ns=5064279
sample phase=warmup iteration=40 elapsed_ns=3877637
sample phase=warmup iteration=41 elapsed_ns=6543452
sample phase=warmup iteration=42 elapsed_ns=5786920
sample phase=warmup iteration=43 elapsed_ns=4086718
sample phase=warmup iteration=44 elapsed_ns=5766750
sample phase=warmup iteration=45 elapsed_ns=4043448
sample phase=warmup iteration=46 elapsed_ns=4130577
sample phase=warmup iteration=47 elapsed_ns=5719471
sample phase=warmup iteration=48 elapsed_ns=4296367
sample phase=warmup iteration=49 elapsed_ns=5310109
sample phase=warmup iteration=50 elapsed_ns=5603550
sample phase=steady iteration=1 elapsed_ns=5066179
sample phase=steady iteration=2 elapsed_ns=4023858
sample phase=steady iteration=3 elapsed_ns=6478232
sample phase=steady iteration=4 elapsed_ns=3795547
sample phase=steady iteration=5 elapsed_ns=3436507
sample phase=steady iteration=6 elapsed_ns=4569198
sample phase=steady iteration=7 elapsed_ns=4963249
sample phase=steady iteration=8 elapsed_ns=3625887
sample phase=steady iteration=9 elapsed_ns=3483816
sample phase=steady iteration=10 elapsed_ns=3551826
result=1
