[To redirect Truffle log output to a file use one of the following options:
* '--log.file=<path>' if the option is passed using a guest language launcher.
* '-Dpolyglot.log.file=<path>' if the option is passed using the host Java launcher.
* Configure logging using the polyglot embedding API.]
[engine] opt done   id=150   ProtosRootNode@2f3d1bcc                            |Tier 1|Time   101(  73+28  )ms|AST    2|Inlined   0Y   0N|IR    591/  1658|CodeSize    7561|Addr 0x7fb35b166ea0|Timestamp 264020212662466|Src n/a
[engine] opt done   id=151   ProtosRootNode@1d3ec5f7                            |Tier 1|Time  1002( 154+848 )ms|AST   21|Inlined   0Y   0N|IR  14755/ 51503|CodeSize  248739|Addr 0x7fb35b173b60|Timestamp 264021222676926|Src n/a
[engine] opt done   id=146   ProtosRootNode@2f1866d3                            |Tier 1|Time    28(  11+18  )ms|AST    2|Inlined   0Y   0N|IR    888/  1275|CodeSize    5532|Addr 0x7fb35b1cfae0|Timestamp 264021274518810|Src n/a
[engine] opt done   id=147   ProtosRootNode@27ad1f3b                            |Tier 1|Time   446(  79+367 )ms|AST   11|Inlined   0Y   0N|IR   8271/ 27091|CodeSize  137784|Addr 0x7fb35b1d7620|Timestamp 264021725215374|Src n/a
[engine] opt done   id=103   ProtosRootNode@2b60d8a8                            |Tier 1|Time    15(   5+10  )ms|AST    2|Inlined   0Y   0N|IR    591/  1658|CodeSize    7561|Addr 0x7fb35b20d1a0|Timestamp 264021755039409|Src n/a
[engine] opt done   id=104   ProtosRootNode@60674afa                            |Tier 1|Time   140(  23+118 )ms|AST    6|Inlined   0Y   0N|IR   3995/ 13330|CodeSize   63768|Addr 0x7fb35b211920|Timestamp 264021896867700|Src n/a
[engine] opt done   id=148   ProtosRootNode@9fd8599                             |Tier 1|Time    15(   5+9   )ms|AST    2|Inlined   0Y   0N|IR    888/  1275|CodeSize    5532|Addr 0x7fb35b229ce0|Timestamp 264021912349373|Src n/a
[engine] opt done   id=149   ProtosRootNode@5c34ea74                            |Tier 1|Time   970( 104+866 )ms|AST   20|Inlined   0Y   0N|IR  15475/ 50810|CodeSize  252316|Addr 0x7fb35b2306a0|Timestamp 264022883227579|Src n/a
[engine] opt done   id=150   ProtosRootNode@2f3d1bcc                            |Tier 2|Time    47(   7+40  )ms|AST    2|Inlined   0Y   0N|IR    518/  1448|CodeSize    7174|Addr 0x7fb35b29f360|Timestamp 264023108897042|Src n/a
[engine] opt done   id=151   ProtosRootNode@1d3ec5f7                            |Tier 2|Time   996( 129+867 )ms|AST   21|Inlined   0Y   0N|IR  14682/ 40922|CodeSize  203891|Addr 0x7fb35b2ab200|Timestamp 264024105750510|Src n/a
[engine] opt done   id=146   ProtosRootNode@2f1866d3                            |Tier 2|Time    45(  19+26  )ms|AST    2|Inlined   0Y   0N|IR    815/   944|CodeSize    4429|Addr 0x7fb35b302100|Timestamp 264024258883270|Src n/a
[engine] opt done   id=147   ProtosRootNode@27ad1f3b                            |Tier 2|Time   434(  52+383 )ms|AST   11|Inlined   0Y   0N|IR   8198/ 21649|CodeSize  110534|Addr 0x7fb35b307d00|Timestamp 264024698544814|Src n/a
[engine] opt done   id=103   ProtosRootNode@2b60d8a8                            |Tier 2|Time    24(   4+20  )ms|AST    2|Inlined   0Y   0N|IR    518/  1448|CodeSize    7174|Addr 0x7fb35b3323e0|Timestamp 264024723103215|Src n/a
[engine] opt done   id=104   ProtosRootNode@60674afa                            |Tier 2|Time   159(  18+140 )ms|AST    6|Inlined   0Y   0N|IR   3922/ 10630|CodeSize   50368|Addr 0x7fb35b336180|Timestamp 264024882632501|Src n/a
[engine] opt done   id=148   ProtosRootNode@9fd8599                             |Tier 2|Time    30(   6+24  )ms|AST    2|Inlined   0Y   0N|IR    815/   944|CodeSize    4429|Addr 0x7fb35b34c900|Timestamp 264024921977895|Src n/a
[engine] opt done   id=149   ProtosRootNode@5c34ea74                            |Tier 2|Time   953(  97+856 )ms|AST   20|Inlined   0Y   0N|IR  15402/ 40275|CodeSize  200624|Addr 0x7fb35b351ca0|Timestamp 264025875451186|Src n/a
[engine] opt done   id=101   ProtosRootNode@48eec961                            |Tier 1|Time    28(   7+20  )ms|AST    2|Inlined   0Y   0N|IR    591/  1658|CodeSize    7561|Addr 0x7fb35b3a23a0|Timestamp 264025960360898|Src n/a
[engine] opt done   id=102   ProtosRootNode@7d29ae9                             |Tier 1|Time   214(  34+180 )ms|AST    9|Inlined   0Y   0N|IR   5511/ 19329|CodeSize   92254|Addr 0x7fb35b3a94a0|Timestamp 264026176612202|Src n/a
[engine] opt done   id=99    ProtosRootNode@2eea6d67                            |Tier 1|Time    14(   5+9   )ms|AST    2|Inlined   0Y   0N|IR    888/  1275|CodeSize    5532|Addr 0x7fb35b3cb9e0|Timestamp 264026192862766|Src n/a
[engine] opt done   id=100   ProtosRootNode@50244d19                            |Tier 1|Time   441(  62+379 )ms|AST   13|Inlined   0Y   0N|IR   9239/ 30168|CodeSize  150265|Addr 0x7fb35b3d3280|Timestamp 264026634262471|Src n/a
[engine] opt done   id=105   ProtosRootNode@197f391c                            |Tier 1|Time    14(   4+9   )ms|AST    2|Inlined   0Y   0N|IR    888/  1275|CodeSize    5532|Addr 0x7fb35b40b160|Timestamp 264026648782864|Src n/a
[engine] opt done   id=106   ProtosRootNode@dfc61a0                             |Tier 1|Time   207(  33+173 )ms|AST    9|Inlined   0Y   0N|IR   5266/ 17667|CodeSize   89525|Addr 0x7fb35b40e920|Timestamp 264026856523090|Src n/a
[engine] opt done   id=152   ProtosRootNode@640bb412                            |Tier 1|Time    22(   5+18  )ms|AST    2|Inlined   0Y   0N|IR    888/  2671|CodeSize   13140|Addr 0x7fb35b4308c0|Timestamp 264026879528340|Src n/a
[engine] opt failed id=153   ProtosRootNode@228f3f63                            |Tier 1|Time   75(-264026891+264026966)ms|Reason: jdk.graal.compiler.truffle.GraphTooBigBailoutException: Graph too big to safely compile. Node count: 51502. Graph Size: 150053. Limit: 150000.|Timestamp 264026966198984|Src n/a
[engine] opt failed id=153   ProtosRootNode@228f3f63                            |Tier 1|Time   75(-264026967+264027042)ms|Reason: jdk.graal.compiler.truffle.GraphTooBigBailoutException: Graph too big to safely compile. Node count: 51502. Graph Size: 150053. Limit: 150000.|Timestamp 264027042277728|Src n/a
[engine] opt done   id=140   ProtosRootNode@3027a8ec                            |Tier 1|Time    14(   4+9   )ms|AST    2|Inlined   0Y   0N|IR    888/  1275|CodeSize    5532|Addr 0x7fb35b43c660|Timestamp 264027058564102|Src n/a
[engine] opt done   id=141   ProtosRootNode@7622233e                            |Tier 1|Time   113(  16+96  )ms|AST    7|Inlined   0Y   0N|IR   3420/ 11394|CodeSize   54733|Addr 0x7fb35b43f7e0|Timestamp 264027171763219|Src n/a
[engine] opt done   id=241   ProtosRootNode@651ca05f                            |Tier 1|Time    19(   7+12  )ms|AST    2|Inlined   0Y   0N|IR    591/  1658|CodeSize    7561|Addr 0x7fb35b46cc20|Timestamp 264027501842669|Src n/a
[engine] opt done   id=242   ProtosRootNode@7eee9b98                            |Tier 1|Time   879( 105+775 )ms|AST   21|Inlined   0Y   0N|IR  14755/ 51503|CodeSize  248739|Addr 0x7fb35b4738e0|Timestamp 264028382045358|Src n/a
[engine] opt done   id=237   ProtosRootNode@54cad5da                            |Tier 1|Time    28(   8+20  )ms|AST    2|Inlined   0Y   0N|IR    888/  1275|CodeSize    5532|Addr 0x7fb35b4ced60|Timestamp 264028416255617|Src n/a
[engine] opt done   id=238   ProtosRootNode@71123d5f                            |Tier 1|Time   401(  65+336 )ms|AST   11|Inlined   0Y   0N|IR   8271/ 27091|CodeSize  137784|Addr 0x7fb35b4d6620|Timestamp 264028819517750|Src n/a
[engine] opt done   id=239   ProtosRootNode@70f1b161                            |Tier 1|Time    20(   4+16  )ms|AST    2|Inlined   0Y   0N|IR    888/  1275|CodeSize    5532|Addr 0x7fb35b50be60|Timestamp 264028840438288|Src n/a
[engine] opt done   id=240   ProtosRootNode@1126d459                            |Tier 1|Time   909(  85+824 )ms|AST   20|Inlined   0Y   0N|IR  15475/ 50810|CodeSize  252316|Addr 0x7fb35b511e20|Timestamp 264029750918702|Src n/a
[engine] opt done   id=241   ProtosRootNode@651ca05f                            |Tier 2|Time    22(   6+15  )ms|AST    2|Inlined   0Y   0N|IR    518/  1448|CodeSize    7174|Addr 0x7fb35b573ce0|Timestamp 264029851199147|Src n/a
[engine] opt done   id=242   ProtosRootNode@7eee9b98                            |Tier 2|Time   967(  94+873 )ms|AST   21|Inlined   0Y   0N|IR  14682/ 40922|CodeSize  203891|Addr 0x7fb35b579f80|Timestamp 264030833723072|Src n/a
[engine] opt done   id=237   ProtosRootNode@54cad5da                            |Tier 2|Time    23(  11+12  )ms|AST    2|Inlined   0Y   0N|IR    815/   944|CodeSize    4429|Addr 0x7fb35b5c7600|Timestamp 264030911618329|Src n/a
[engine] opt done   id=238   ProtosRootNode@71123d5f                            |Tier 2|Time   421(  45+376 )ms|AST   11|Inlined   0Y   0N|IR   8198/ 21649|CodeSize  110534|Addr 0x7fb35b5caf80|Timestamp 264031333800097|Src n/a
[engine] opt done   id=239   ProtosRootNode@70f1b161                            |Tier 2|Time    38(   8+30  )ms|AST    2|Inlined   0Y   0N|IR    815/   944|CodeSize    4429|Addr 0x7fb35b5f7600|Timestamp 264031378925736|Src n/a
[engine] opt done   id=240   ProtosRootNode@1126d459                            |Tier 2|Time   964( 109+856 )ms|AST   20|Inlined   0Y   0N|IR  15402/ 40275|CodeSize  200624|Addr 0x7fb35b600c20|Timestamp 264032344084746|Src n/a
[engine] opt done   id=243   ProtosRootNode@6e054f0f                            |Tier 1|Time    22(   5+17  )ms|AST    2|Inlined   0Y   0N|IR    888/  2671|CodeSize   13140|Addr 0x7fb35b64d540|Timestamp 264032396709641|Src n/a
[engine] opt failed id=244   ProtosRootNode@65b1404                             |Tier 1|Time   44(-264032397+264032441)ms|Reason: jdk.graal.compiler.truffle.GraphTooBigBailoutException: Graph too big to safely compile. Node count: 51502. Graph Size: 150053. Limit: 150000.|Timestamp 264032441463199|Src n/a
[engine] opt failed id=244   ProtosRootNode@65b1404                             |Tier 1|Time   45(-264032449+264032493)ms|Reason: jdk.graal.compiler.truffle.GraphTooBigBailoutException: Graph too big to safely compile. Node count: 51502. Graph Size: 150053. Limit: 150000.|Timestamp 264032493753563|Src n/a
[engine] opt done   id=231   ProtosRootNode@7c9e87e9                            |Tier 1|Time    14(   4+9   )ms|AST    2|Inlined   0Y   0N|IR    888/  1275|CodeSize    5532|Addr 0x7fb35b653460|Timestamp 264032512229559|Src n/a
[engine] opt done   id=232   ProtosRootNode@504d62cb                            |Tier 1|Time   111(  18+92  )ms|AST    7|Inlined   0Y   0N|IR   3420/ 11394|CodeSize   54733|Addr 0x7fb35b656ee0|Timestamp 264032623512843|Src n/a
[engine] opt done   id=332   ProtosRootNode@7943d2                              |Tier 1|Time    22(   7+14  )ms|AST    2|Inlined   0Y   0N|IR    591/  1658|CodeSize    7561|Addr 0x7fb35b671920|Timestamp 264032851611367|Src n/a
[engine] opt done   id=333   ProtosRootNode@149eed68                            |Tier 1|Time   913(  83+829 )ms|AST   21|Inlined   0Y   0N|IR  14755/ 51503|CodeSize  248739|Addr 0x7fb35b678960|Timestamp 264033766288125|Src n/a
[engine] opt done   id=328   ProtosRootNode@56d4ae2d                            |Tier 1|Time    27(   7+20  )ms|AST    2|Inlined   0Y   0N|IR    888/  1275|CodeSize    5532|Addr 0x7fb35b6d31e0|Timestamp 264033811505283|Src n/a
[engine] opt done   id=329   ProtosRootNode@50f3d29a                            |Tier 1|Time   406(  51+354 )ms|AST   11|Inlined   0Y   0N|IR   8271/ 27091|CodeSize  137784|Addr 0x7fb35b6da1a0|Timestamp 264034219301359|Src n/a
[engine] opt done   id=330   ProtosRootNode@51957d96                            |Tier 1|Time    19(   4+14  )ms|AST    2|Inlined   0Y   0N|IR    888/  1275|CodeSize    5532|Addr 0x7fb35b70f6e0|Timestamp 264034238924086|Src n/a
[engine] opt done   id=331   ProtosRootNode@5cb996cf                            |Tier 1|Time   981(  88+893 )ms|AST   20|Inlined   0Y   0N|IR  15475/ 50810|CodeSize  252316|Addr 0x7fb35b7156a0|Timestamp 264035220109859|Src n/a
[engine] opt done   id=332   ProtosRootNode@7943d2                              |Tier 2|Time    19(   4+15  )ms|AST    2|Inlined   0Y   0N|IR    518/  1448|CodeSize    7174|Addr 0x7fb35b775ee0|Timestamp 264035286863726|Src n/a
[engine] opt done   id=333   ProtosRootNode@149eed68                            |Tier 2|Time   954( 107+847 )ms|AST   21|Inlined   0Y   0N|IR  14682/ 40922|CodeSize  203891|Addr 0x7fb35b77e600|Timestamp 264036261730174|Src n/a
[engine] opt done   id=328   ProtosRootNode@56d4ae2d                            |Tier 2|Time    25(  12+13  )ms|AST    2|Inlined   0Y   0N|IR    815/   944|CodeSize    4429|Addr 0x7fb35b7ca100|Timestamp 264036328015551|Src n/a
[engine] opt done   id=329   ProtosRootNode@50f3d29a                            |Tier 2|Time   421(  45+376 )ms|AST   11|Inlined   0Y   0N|IR   8198/ 21649|CodeSize  110534|Addr 0x7fb35b7cd700|Timestamp 264036749420728|Src n/a
[engine] opt done   id=330   ProtosRootNode@51957d96                            |Tier 2|Time    21(   4+17  )ms|AST    2|Inlined   0Y   0N|IR    815/   944|CodeSize    4429|Addr 0x7fb35b7f7a00|Timestamp 264036773491269|Src n/a
[engine] opt done   id=331   ProtosRootNode@5cb996cf                            |Tier 2|Time  1145(  97+1048)ms|AST   20|Inlined   0Y   0N|IR  15402/ 40275|CodeSize  200624|Addr 0x7fb35b7fc220|Timestamp 264037918793331|Src n/a
[engine] opt done   id=334   ProtosRootNode@4f2f03d5                            |Tier 1|Time    23(   5+18  )ms|AST    2|Inlined   0Y   0N|IR    888/  2671|CodeSize   13140|Addr 0x7fb35b848b40|Timestamp 264037981576845|Src n/a
[engine] opt failed id=335   ProtosRootNode@850847                              |Tier 1|Time   46(-264037982+264038028)ms|Reason: jdk.graal.compiler.truffle.GraphTooBigBailoutException: Graph too big to safely compile. Node count: 51502. Graph Size: 150053. Limit: 150000.|Timestamp 264038027893584|Src n/a
[engine] opt failed id=335   ProtosRootNode@850847                              |Tier 1|Time   46(-264038034+264038081)ms|Reason: jdk.graal.compiler.truffle.GraphTooBigBailoutException: Graph too big to safely compile. Node count: 51502. Graph Size: 150053. Limit: 150000.|Timestamp 264038082549320|Src n/a
[engine] opt done   id=322   ProtosRootNode@3b2c56df                            |Tier 1|Time    25(  10+16  )ms|AST    2|Inlined   0Y   0N|IR    888/  1275|CodeSize    5532|Addr 0x7fb35b84ede0|Timestamp 264038115745369|Src n/a
[engine] opt done   id=323   ProtosRootNode@d36290c                             |Tier 1|Time   111(  18+93  )ms|AST    7|Inlined   0Y   0N|IR   3420/ 11394|CodeSize   54733|Addr 0x7fb35b851f60|Timestamp 264038227310233|Src n/a
[engine] opt done   id=423   ProtosRootNode@2ca22545                            |Tier 1|Time    28(   7+21  )ms|AST    2|Inlined   0Y   0N|IR    591/  1658|CodeSize    7561|Addr 0x7fb35b869fa0|Timestamp 264038444273177|Src n/a
[engine] opt done   id=424   ProtosRootNode@7eb5a5e6                            |Tier 1|Time  1063(  90+973 )ms|AST   21|Inlined   0Y   0N|IR  14755/ 51503|CodeSize  248739|Addr 0x7fb35b8712e0|Timestamp 264039508824751|Src n/a
[engine] opt done   id=419   ProtosRootNode@18a09a34                            |Tier 1|Time    14(   5+9   )ms|AST    2|Inlined   0Y   0N|IR    888/  1275|CodeSize    5532|Addr 0x7fb35b8cc460|Timestamp 264039539698497|Src n/a
[engine] opt done   id=420   ProtosRootNode@1e8982b9                            |Tier 1|Time   410(  44+366 )ms|AST   11|Inlined   0Y   0N|IR   8271/ 27091|CodeSize  137784|Addr 0x7fb35b8d0a20|Timestamp 264039949988626|Src n/a
[engine] opt done   id=421   ProtosRootNode@358c3adc                            |Tier 1|Time    28(   6+22  )ms|AST    2|Inlined   0Y   0N|IR    888/  1275|CodeSize    5532|Addr 0x7fb35b905f60|Timestamp 264039978883650|Src n/a
[engine] opt done   id=422   ProtosRootNode@220ea234                            |Tier 1|Time  1068( 140+928 )ms|AST   20|Inlined   0Y   0N|IR  15475/ 50810|CodeSize  252316|Addr 0x7fb35b90bf20|Timestamp 264041046985197|Src n/a
[engine] opt done   id=423   ProtosRootNode@2ca22545                            |Tier 2|Time    19(   3+16  )ms|AST    2|Inlined   0Y   0N|IR    518/  1448|CodeSize    7174|Addr 0x7fb35b96a760|Timestamp 264041101267363|Src n/a
[engine] opt done   id=424   ProtosRootNode@7eb5a5e6                            |Tier 2|Time   964( 103+861 )ms|AST   21|Inlined   0Y   0N|IR  14682/ 40922|CodeSize  203891|Addr 0x7fb35b970a00|Timestamp 264042082036495|Src n/a
[engine] opt done   id=419   ProtosRootNode@18a09a34                            |Tier 2|Time    24(  11+13  )ms|AST    2|Inlined   0Y   0N|IR    815/   944|CodeSize    4429|Addr 0x7fb35b9bc200|Timestamp 264042150519723|Src n/a
[engine] opt done   id=420   ProtosRootNode@1e8982b9                            |Tier 2|Time   762(  91+671 )ms|AST   11|Inlined   0Y   0N|IR   8198/ 21649|CodeSize  110534|Addr 0x7fb35b9c0700|Timestamp 264042916805203|Src n/a
[engine] opt done   id=421   ProtosRootNode@358c3adc                            |Tier 2|Time    38(   7+31  )ms|AST    2|Inlined   0Y   0N|IR    815/   944|CodeSize    4429|Addr 0x7fb35b9eaa00|Timestamp 264042959762590|Src n/a
[engine] opt done   id=422   ProtosRootNode@220ea234                            |Tier 2|Time  1316( 221+1095)ms|AST   20|Inlined   0Y   0N|IR  15402/ 40275|CodeSize  200624|Addr 0x7fb35b9f01a0|Timestamp 264044276990397|Src n/a
[engine] opt done   id=425   ProtosRootNode@75e4cfc8                            |Tier 1|Time    28(   5+24  )ms|AST    2|Inlined   0Y   0N|IR    888/  2671|CodeSize   13140|Addr 0x7fb35ba3cdc0|Timestamp 264044323828806|Src n/a
[engine] opt failed id=426   ProtosRootNode@728ed62a                            |Tier 1|Time   45(-264044324+264044369)ms|Reason: jdk.graal.compiler.truffle.GraphTooBigBailoutException: Graph too big to safely compile. Node count: 51502. Graph Size: 150053. Limit: 150000.|Timestamp 264044369024165|Src n/a
[engine] opt failed id=426   ProtosRootNode@728ed62a                            |Tier 1|Time   50(-264044369+264044420)ms|Reason: jdk.graal.compiler.truffle.GraphTooBigBailoutException: Graph too big to safely compile. Node count: 51502. Graph Size: 150053. Limit: 150000.|Timestamp 264044419765298|Src n/a
[engine] opt done   id=413   ProtosRootNode@19dad21                             |Tier 1|Time    14(   4+9   )ms|AST    2|Inlined   0Y   0N|IR    888/  1275|CodeSize    5532|Addr 0x7fb35ba42e60|Timestamp 264044446517331|Src n/a
[engine] opt done   id=414   ProtosRootNode@35fa5f67                            |Tier 1|Time   114(  22+92  )ms|AST    7|Inlined   0Y   0N|IR   3420/ 11394|CodeSize   54733|Addr 0x7fb35ba46960|Timestamp 264044564127000|Src n/a
[engine] opt done   id=514   ProtosRootNode@161d0395                            |Tier 1|Time    27(   7+20  )ms|AST    2|Inlined   0Y   0N|IR    591/  1658|CodeSize    7561|Addr 0x7fb35ba5dca0|Timestamp 264044790611162|Src n/a
[engine] opt done   id=515   ProtosRootNode@356b8c17                            |Tier 1|Time   914( 107+807 )ms|AST   21|Inlined   0Y   0N|IR  14755/ 51503|CodeSize  248739|Addr 0x7fb35ba669e0|Timestamp 264045706956099|Src n/a
[engine] opt done   id=510   ProtosRootNode@9bec6f0                             |Tier 1|Time    14(   5+9   )ms|AST    2|Inlined   0Y   0N|IR    888/  1275|CodeSize    5532|Addr 0x7fb35bac1260|Timestamp 264045723328043|Src n/a
[engine] opt done   id=511   ProtosRootNode@2a470ef4                            |Tier 1|Time   410(  78+332 )ms|AST   11|Inlined   0Y   0N|IR   8271/ 27091|CodeSize  137784|Addr 0x7fb35bac64a0|Timestamp 264046133868221|Src n/a
[engine] opt done   id=512   ProtosRootNode@69e93b74                            |Tier 1|Time    20(   4+15  )ms|AST    2|Inlined   0Y   0N|IR    888/  1275|CodeSize    5532|Addr 0x7fb35bafbce0|Timestamp 264046154598289|Src n/a
[engine] opt done   id=513   ProtosRootNode@75c21e15                            |Tier 1|Time   946( 100+846 )ms|AST   20|Inlined   0Y   0N|IR  15475/ 50810|CodeSize  252316|Addr 0x7fb35bb021a0|Timestamp 264047101461442|Src n/a
[engine] opt done   id=514   ProtosRootNode@161d0395                            |Tier 2|Time    19(   4+15  )ms|AST    2|Inlined   0Y   0N|IR    518/  1448|CodeSize    7174|Addr 0x7fb35bb60ce0|Timestamp 264047156396838|Src n/a
[engine] opt done   id=515   ProtosRootNode@356b8c17                            |Tier 2|Time   919(  83+836 )ms|AST   21|Inlined   0Y   0N|IR  14682/ 40922|CodeSize  203891|Addr 0x7fb35bb66b80|Timestamp 264048088533519|Src n/a
[engine] opt done   id=510   ProtosRootNode@9bec6f0                             |Tier 2|Time    17(   4+12  )ms|AST    2|Inlined   0Y   0N|IR    815/   944|CodeSize    4429|Addr 0x7fb35bbb3b00|Timestamp 264048172301209|Src n/a
[engine] opt done   id=511   ProtosRootNode@2a470ef4                            |Tier 2|Time   424(  44+380 )ms|AST   11|Inlined   0Y   0N|IR   8198/ 21649|CodeSize  110534|Addr 0x7fb35bbb7100|Timestamp 264048596778799|Src n/a
[engine] opt done   id=512   ProtosRootNode@69e93b74                            |Tier 2|Time    19(   4+15  )ms|AST    2|Inlined   0Y   0N|IR    815/   944|CodeSize    4429|Addr 0x7fb35bbe1400|Timestamp 264048618968588|Src n/a
[engine] opt done   id=513   ProtosRootNode@75c21e15                            |Tier 2|Time   937(  96+840 )ms|AST   20|Inlined   0Y   0N|IR  15402/ 40275|CodeSize  200624|Addr 0x7fb35bbe5c20|Timestamp 264049556056522|Src n/a
[engine] opt done   id=516   ProtosRootNode@258d2d23                            |Tier 1|Time    22(   5+17  )ms|AST    2|Inlined   0Y   0N|IR    888/  2671|CodeSize   13140|Addr 0x7fb35bc32540|Timestamp 264049609564167|Src n/a
[engine] opt failed id=517   ProtosRootNode@77d18f28                            |Tier 1|Time   46(-264049610+264049656)ms|Reason: jdk.graal.compiler.truffle.GraphTooBigBailoutException: Graph too big to safely compile. Node count: 51502. Graph Size: 150053. Limit: 150000.|Timestamp 264049655990737|Src n/a
[engine] opt failed id=517   ProtosRootNode@77d18f28                            |Tier 1|Time   45(-264049662+264049707)ms|Reason: jdk.graal.compiler.truffle.GraphTooBigBailoutException: Graph too big to safely compile. Node count: 51502. Graph Size: 150053. Limit: 150000.|Timestamp 264049707344570|Src n/a
[engine] opt done   id=504   ProtosRootNode@978fc37                             |Tier 1|Time    14(   5+9   )ms|AST    2|Inlined   0Y   0N|IR    888/  1275|CodeSize    5532|Addr 0x7fb35bc38160|Timestamp 264049725517496|Src n/a
[engine] opt done   id=505   ProtosRootNode@51dafbc4                            |Tier 1|Time   108(  17+91  )ms|AST    7|Inlined   0Y   0N|IR   3420/ 11394|CodeSize   54733|Addr 0x7fb35bc3b2e0|Timestamp 264049834504038|Src n/a
[engine] opt done   id=605   ProtosRootNode@2aa4c120                            |Tier 1|Time    14(   4+10  )ms|AST    2|Inlined   0Y   0N|IR    591/  1658|CodeSize    7561|Addr 0x7fb35bc519a0|Timestamp 264050008902236|Src n/a
[engine] opt done   id=606   ProtosRootNode@71cd48b5                            |Tier 1|Time   948( 103+844 )ms|AST   21|Inlined   0Y   0N|IR  14755/ 51503|CodeSize  248739|Addr 0x7fb35bc5ad60|Timestamp 264050957755530|Src n/a
[engine] opt done   id=601   ProtosRootNode@4abd3ae9                            |Tier 1|Time    14(   5+9   )ms|AST    2|Inlined   0Y   0N|IR    888/  1275|CodeSize    5532|Addr 0x7fb35bcb55e0|Timestamp 264050987959875|Src n/a
[engine] opt done   id=602   ProtosRootNode@ae15ba6                             |Tier 1|Time   411(  44+367 )ms|AST   11|Inlined   0Y   0N|IR   8271/ 27091|CodeSize  137784|Addr 0x7fb35bcb98a0|Timestamp 264051399771594|Src n/a
[engine] opt done   id=603   ProtosRootNode@65424c5c                            |Tier 1|Time    21(   4+16  )ms|AST    2|Inlined   0Y   0N|IR    888/  1275|CodeSize    5532|Addr 0x7fb35bceede0|Timestamp 264051422170233|Src n/a
[engine] opt done   id=604   ProtosRootNode@2f013966                            |Tier 1|Time   958( 103+856 )ms|AST   20|Inlined   0Y   0N|IR  15475/ 50810|CodeSize  252316|Addr 0x7fb35bcf4da0|Timestamp 264052382365407|Src n/a
[engine] opt done   id=605   ProtosRootNode@2aa4c120                            |Tier 2|Time    19(   3+15  )ms|AST    2|Inlined   0Y   0N|IR    518/  1448|CodeSize    7174|Addr 0x7fb35bd53ee0|Timestamp 264052439501585|Src n/a
[engine] opt done   id=606   ProtosRootNode@71cd48b5                            |Tier 2|Time   931(  86+845 )ms|AST   21|Inlined   0Y   0N|IR  14682/ 40922|CodeSize  203891|Addr 0x7fb35bd59a80|Timestamp 264053387582118|Src n/a
[engine] opt done   id=601   ProtosRootNode@4abd3ae9                            |Tier 2|Time    23(  11+13  )ms|AST    2|Inlined   0Y   0N|IR    815/   944|CodeSize    4429|Addr 0x7fb35bda5600|Timestamp 264053449423240|Src n/a
[engine] opt done   id=602   ProtosRootNode@ae15ba6                             |Tier 2|Time   452(  45+407 )ms|AST   11|Inlined   0Y   0N|IR   8198/ 21649|CodeSize  110534|Addr 0x7fb35bda8f00|Timestamp 264053902504854|Src n/a
[engine] opt done   id=603   ProtosRootNode@65424c5c                            |Tier 2|Time    22(   4+17  )ms|AST    2|Inlined   0Y   0N|IR    815/   944|CodeSize    4429|Addr 0x7fb35bdd3200|Timestamp 264053927081425|Src n/a
[engine] opt done   id=604   ProtosRootNode@2f013966                            |Tier 2|Time   907(  96+811 )ms|AST   20|Inlined   0Y   0N|IR  15402/ 40275|CodeSize  200624|Addr 0x7fb35bdd7a20|Timestamp 264054834115843|Src n/a
[engine] opt done   id=607   ProtosRootNode@1abca217                            |Tier 1|Time    22(   4+17  )ms|AST    2|Inlined   0Y   0N|IR    888/  2671|CodeSize   13140|Addr 0x7fb35be248c0|Timestamp 264054888300679|Src n/a
[engine] opt failed id=608   ProtosRootNode@57a75efe                            |Tier 1|Time   45(-264054889+264054934)ms|Reason: jdk.graal.compiler.truffle.GraphTooBigBailoutException: Graph too big to safely compile. Node count: 51502. Graph Size: 150053. Limit: 150000.|Timestamp 264054933771007|Src n/a
[engine] opt failed id=608   ProtosRootNode@57a75efe                            |Tier 1|Time   45(-264054943+264054988)ms|Reason: jdk.graal.compiler.truffle.GraphTooBigBailoutException: Graph too big to safely compile. Node count: 51502. Graph Size: 150053. Limit: 150000.|Timestamp 264054988295563|Src n/a
[engine] opt done   id=595   ProtosRootNode@5e870d9e                            |Tier 1|Time    14(   4+9   )ms|AST    2|Inlined   0Y   0N|IR    888/  1275|CodeSize    5532|Addr 0x7fb35be2ad60|Timestamp 264055006015468|Src n/a
[engine] opt done   id=596   ProtosRootNode@29df6c18                            |Tier 1|Time   119(  29+90  )ms|AST    7|Inlined   0Y   0N|IR   3420/ 11394|CodeSize   54733|Addr 0x7fb35be2f460|Timestamp 264055126907941|Src n/a
[engine] opt done   id=696   ProtosRootNode@3819a8                              |Tier 1|Time    16(   5+10  )ms|AST    2|Inlined   0Y   0N|IR    591/  1658|CodeSize    7561|Addr 0x7fb35be44e20|Timestamp 264055301438548|Src n/a
[engine] opt done   id=697   ProtosRootNode@3747496a                            |Tier 1|Time   930(  85+845 )ms|AST   21|Inlined   0Y   0N|IR  14755/ 51503|CodeSize  248739|Addr 0x7fb35be4bae0|Timestamp 264056231912626|Src n/a
[engine] opt done   id=692   ProtosRootNode@4d8252d4                            |Tier 1|Time    26(   8+19  )ms|AST    2|Inlined   0Y   0N|IR    888/  1275|CodeSize    5532|Addr 0x7fb35bea7ee0|Timestamp 264056276031393|Src n/a
[engine] opt done   id=693   ProtosRootNode@67ce4f75                            |Tier 1|Time   410(  43+366 )ms|AST   11|Inlined   0Y   0N|IR   8271/ 27091|CodeSize  137784|Addr 0x7fb35beac1a0|Timestamp 264056686232201|Src n/a
[engine] opt done   id=694   ProtosRootNode@61025b32                            |Tier 1|Time    19(   4+15  )ms|AST    2|Inlined   0Y   0N|IR    888/  1275|CodeSize    5532|Addr 0x7fb35bee16e0|Timestamp 264056707940619|Src n/a
[engine] opt done   id=695   ProtosRootNode@321ac819                            |Tier 1|Time   972(  98+874 )ms|AST   20|Inlined   0Y   0N|IR  15475/ 50810|CodeSize  252316|Addr 0x7fb35bee7ea0|Timestamp 264057681543363|Src n/a
[engine] opt done   id=696   ProtosRootNode@3819a8                              |Tier 2|Time    19(   4+15  )ms|AST    2|Inlined   0Y   0N|IR    518/  1448|CodeSize    7174|Addr 0x7fb35bf47260|Timestamp 264057742291425|Src n/a
[engine] opt done   id=697   ProtosRootNode@3747496a                            |Tier 2|Time   957(  89+868 )ms|AST   21|Inlined   0Y   0N|IR  14682/ 40922|CodeSize  203891|Addr 0x7fb35bf4ce00|Timestamp 264058715437818|Src n/a
[engine] opt done   id=692   ProtosRootNode@4d8252d4                            |Tier 2|Time    26(  13+14  )ms|AST    2|Inlined   0Y   0N|IR    815/   944|CodeSize    4429|Addr 0x7fb35bf98600|Timestamp 264058780065143|Src n/a
[engine] opt done   id=693   ProtosRootNode@67ce4f75                            |Tier 2|Time   415(  45+370 )ms|AST   11|Inlined   0Y   0N|IR   8198/ 21649|CodeSize  110534|Addr 0x7fb35bf9bf00|Timestamp 264059195931555|Src n/a
[engine] opt done   id=694   ProtosRootNode@61025b32                            |Tier 2|Time    22(   5+17  )ms|AST    2|Inlined   0Y   0N|IR    815/   944|CodeSize    4429|Addr 0x7fb35bfc6200|Timestamp 264059221640646|Src n/a
[engine] opt done   id=695   ProtosRootNode@321ac819                            |Tier 2|Time   947(  95+852 )ms|AST   20|Inlined   0Y   0N|IR  15402/ 40275|CodeSize  200624|Addr 0x7fb35bfcaa20|Timestamp 264060169479328|Src n/a
[engine] opt done   id=698   ProtosRootNode@5e7af9ec                            |Tier 1|Time    22(   4+17  )ms|AST    2|Inlined   0Y   0N|IR    888/  2671|CodeSize   13140|Addr 0x7fb35c017340|Timestamp 264060222847433|Src n/a
[engine] opt failed id=699   ProtosRootNode@1439cb47                            |Tier 1|Time   46(-264060223+264060270)ms|Reason: jdk.graal.compiler.truffle.GraphTooBigBailoutException: Graph too big to safely compile. Node count: 51502. Graph Size: 150053. Limit: 150000.|Timestamp 264060269729393|Src n/a
[engine] opt failed id=699   ProtosRootNode@1439cb47                            |Tier 1|Time   60(-264060275+264060335)ms|Reason: jdk.graal.compiler.truffle.GraphTooBigBailoutException: Graph too big to safely compile. Node count: 51502. Graph Size: 150053. Limit: 150000.|Timestamp 264060335538359|Src n/a
[engine] opt done   id=686   ProtosRootNode@2e3a0dbd                            |Tier 1|Time    15(   6+9   )ms|AST    2|Inlined   0Y   0N|IR    888/  1275|CodeSize    5532|Addr 0x7fb35c01df60|Timestamp 264060356934197|Src n/a
[engine] opt done   id=687   ProtosRootNode@6aa051a5                            |Tier 1|Time   112(  20+92  )ms|AST    7|Inlined   0Y   0N|IR   3420/ 11394|CodeSize   54733|Addr 0x7fb35c0231e0|Timestamp 264060469731212|Src n/a
[engine] opt done   id=787   ProtosRootNode@526bc431                            |Tier 1|Time    17(   7+10  )ms|AST    2|Inlined   0Y   0N|IR    591/  1658|CodeSize    7561|Addr 0x7fb35c038820|Timestamp 264060645087661|Src n/a
[engine] opt done   id=788   ProtosRootNode@53ec0fba                            |Tier 1|Time   975(  86+889 )ms|AST   21|Inlined   0Y   0N|IR  14755/ 51503|CodeSize  248739|Addr 0x7fb35c03f4e0|Timestamp 264061620664176|Src n/a
[engine] opt done   id=783   ProtosRootNode@40ae959e                            |Tier 1|Time    15(   4+11  )ms|AST    2|Inlined   0Y   0N|IR    888/  1275|CodeSize    5532|Addr 0x7fb35c099d60|Timestamp 264061638016890|Src n/a
[engine] opt done   id=784   ProtosRootNode@6edc3309                            |Tier 1|Time   412(  66+346 )ms|AST   11|Inlined   0Y   0N|IR   8271/ 27091|CodeSize  137784|Addr 0x7fb35c09f020|Timestamp 264062051680600|Src n/a
[engine] opt done   id=785   ProtosRootNode@354c1d79                            |Tier 1|Time    20(   4+16  )ms|AST    2|Inlined   0Y   0N|IR    888/  1275|CodeSize    5532|Addr 0x7fb35c0d4560|Timestamp 264062072558618|Src n/a
[engine] opt done   id=786   ProtosRootNode@7d4e529b                            |Tier 1|Time   920(  89+831 )ms|AST   20|Inlined   0Y   0N|IR  15475/ 50810|CodeSize  252316|Addr 0x7fb35c0da820|Timestamp 264062993661807|Src n/a
[engine] opt done   id=787   ProtosRootNode@526bc431                            |Tier 2|Time    20(   4+16  )ms|AST    2|Inlined   0Y   0N|IR    518/  1448|CodeSize    7174|Addr 0x7fb35c13ac60|Timestamp 264063079098629|Src n/a
[engine] opt done   id=788   ProtosRootNode@53ec0fba                            |Tier 2|Time  1056( 132+923 )ms|AST   21|Inlined   0Y   0N|IR  14682/ 40922|CodeSize  203891|Addr 0x7fb35c140800|Timestamp 264064156430410|Src n/a
[engine] opt done   id=783   ProtosRootNode@40ae959e                            |Tier 2|Time    37(  24+13  )ms|AST    2|Inlined   0Y   0N|IR    815/   944|CodeSize    4429|Addr 0x7fb35c18ed00|Timestamp 264064262452430|Src n/a
[engine] opt done   id=784   ProtosRootNode@6edc3309                            |Tier 2|Time   437(  45+393 )ms|AST   11|Inlined   0Y   0N|IR   8198/ 21649|CodeSize  110534|Addr 0x7fb35c192300|Timestamp 264064700041710|Src n/a
[engine] opt done   id=785   ProtosRootNode@354c1d79                            |Tier 2|Time    16(   4+12  )ms|AST    2|Inlined   0Y   0N|IR    815/   944|CodeSize    4429|Addr 0x7fb35c1bc600|Timestamp 264064728564054|Src n/a
[engine] opt done   id=786   ProtosRootNode@7d4e529b                            |Tier 2|Time   967(  91+876 )ms|AST   20|Inlined   0Y   0N|IR  15402/ 40275|CodeSize  200624|Addr 0x7fb35c1c1120|Timestamp 264065696153502|Src n/a
[engine] opt done   id=789   ProtosRootNode@245da4e8                            |Tier 1|Time    23(   5+18  )ms|AST    2|Inlined   0Y   0N|IR    888/  2671|CodeSize   13140|Addr 0x7fb35c20dd40|Timestamp 264065768549773|Src n/a
[engine] opt failed id=790   ProtosRootNode@7f4c7bcb                            |Tier 1|Time   46(-264065769+264065816)ms|Reason: jdk.graal.compiler.truffle.GraphTooBigBailoutException: Graph too big to safely compile. Node count: 51502. Graph Size: 150053. Limit: 150000.|Timestamp 264065816297253|Src n/a
[engine] opt failed id=790   ProtosRootNode@7f4c7bcb                            |Tier 1|Time   44(-264065822+264065867)ms|Reason: jdk.graal.compiler.truffle.GraphTooBigBailoutException: Graph too big to safely compile. Node count: 51502. Graph Size: 150053. Limit: 150000.|Timestamp 264065866650126|Src n/a
[engine] opt done   id=777   ProtosRootNode@2231bc9c                            |Tier 1|Time    14(   4+10  )ms|AST    2|Inlined   0Y   0N|IR    888/  1275|CodeSize    5532|Addr 0x7fb35c215360|Timestamp 264065884403880|Src n/a
[engine] opt done   id=778   ProtosRootNode@255759d7                            |Tier 1|Time   106(  17+89  )ms|AST    7|Inlined   0Y   0N|IR   3420/ 11394|CodeSize   54733|Addr 0x7fb35c2184e0|Timestamp 264065990711890|Src n/a
[engine] opt done   id=878   ProtosRootNode@3122a7fc                            |Tier 1|Time    20(   7+12  )ms|AST    2|Inlined   0Y   0N|IR    591/  1658|CodeSize    7561|Addr 0x7fb35c22eb20|Timestamp 264066172192024|Src n/a
[engine] opt done   id=879   ProtosRootNode@34677997                            |Tier 1|Time   911(  84+827 )ms|AST   21|Inlined   0Y   0N|IR  14755/ 51503|CodeSize  248739|Addr 0x7fb35c2357e0|Timestamp 264067083422244|Src n/a
[engine] opt done   id=874   ProtosRootNode@633aa08b                            |Tier 1|Time    14(   5+9   )ms|AST    2|Inlined   0Y   0N|IR    888/  1275|CodeSize    5532|Addr 0x7fb35c290060|Timestamp 264067099339117|Src n/a
[engine] opt done   id=875   ProtosRootNode@4ae0058d                            |Tier 1|Time   396(  51+345 )ms|AST   11|Inlined   0Y   0N|IR   8271/ 27091|CodeSize  137784|Addr 0x7fb35c294320|Timestamp 264067495529662|Src n/a
[engine] opt done   id=876   ProtosRootNode@3aa513da                            |Tier 1|Time    20(   4+16  )ms|AST    2|Inlined   0Y   0N|IR    888/  1275|CodeSize    5532|Addr 0x7fb35c2c9860|Timestamp 264067516203440|Src n/a
[engine] opt done   id=877   ProtosRootNode@63931bc0                            |Tier 1|Time   894(  89+806 )ms|AST   20|Inlined   0Y   0N|IR  15475/ 50810|CodeSize  252316|Addr 0x7fb35c2cf820|Timestamp 264068410923165|Src n/a
[engine] opt done   id=878   ProtosRootNode@3122a7fc                            |Tier 2|Time    19(   3+16  )ms|AST    2|Inlined   0Y   0N|IR    518/  1448|CodeSize    7174|Addr 0x7fb35c32e060|Timestamp 264068467330093|Src n/a
[engine] opt done   id=879   ProtosRootNode@34677997                            |Tier 2|Time   969(  87+882 )ms|AST   21|Inlined   0Y   0N|IR  14682/ 40922|CodeSize  203891|Addr 0x7fb35c333c00|Timestamp 264069451815135|Src n/a
[engine] opt done   id=874   ProtosRootNode@633aa08b                            |Tier 2|Time    17(   5+12  )ms|AST    2|Inlined   0Y   0N|IR    815/   944|CodeSize    4429|Addr 0x7fb35c37f400|Timestamp 264069524254226|Src n/a
[engine] opt done   id=875   ProtosRootNode@4ae0058d                            |Tier 2|Time   406(  44+362 )ms|AST   11|Inlined   0Y   0N|IR   8198/ 21649|CodeSize  110534|Addr 0x7fb35c382e00|Timestamp 264069931077480|Src n/a
[engine] opt done   id=876   ProtosRootNode@3aa513da                            |Tier 2|Time    29(   4+25  )ms|AST    2|Inlined   0Y   0N|IR    815/   944|CodeSize    4429|Addr 0x7fb35c3ad100|Timestamp 264069963241847|Src n/a
[engine] opt done   id=877   ProtosRootNode@63931bc0                            |Tier 2|Time   981(  90+891 )ms|AST   20|Inlined   0Y   0N|IR  15402/ 40275|CodeSize  200624|Addr 0x7fb35c3b1920|Timestamp 264070944212955|Src n/a
[engine] opt done   id=880   ProtosRootNode@8f9f637                             |Tier 1|Time    22(   5+17  )ms|AST    2|Inlined   0Y   0N|IR    888/  2671|CodeSize   13140|Addr 0x7fb35c3fe240|Timestamp 264071000352483|Src n/a
[engine] opt failed id=881   ProtosRootNode@5d6c0e75                            |Tier 1|Time   45(-264071001+264071045)ms|Reason: jdk.graal.compiler.truffle.GraphTooBigBailoutException: Graph too big to safely compile. Node count: 51502. Graph Size: 150053. Limit: 150000.|Timestamp 264071045389601|Src n/a
[engine] opt failed id=881   ProtosRootNode@5d6c0e75                            |Tier 1|Time   52(-264071052+264071104)ms|Reason: jdk.graal.compiler.truffle.GraphTooBigBailoutException: Graph too big to safely compile. Node count: 51502. Graph Size: 150053. Limit: 150000.|Timestamp 264071104307551|Src n/a
[engine] opt done   id=868   ProtosRootNode@7afe626a                            |Tier 1|Time    14(   4+9   )ms|AST    2|Inlined   0Y   0N|IR    888/  1275|CodeSize    5532|Addr 0x7fb35c4041e0|Timestamp 264071121898245|Src n/a
[engine] opt done   id=869   ProtosRootNode@62251cf8                            |Tier 1|Time   106(  17+89  )ms|AST    7|Inlined   0Y   0N|IR   3420/ 11394|CodeSize   54733|Addr 0x7fb35c407360|Timestamp 264071228496045|Src n/a
[engine] opt done   id=969   ProtosRootNode@43f2e989                            |Tier 1|Time    32(   7+25  )ms|AST    2|Inlined   0Y   0N|IR    591/  1658|CodeSize    7561|Addr 0x7fb35c41ca20|Timestamp 264071423473640|Src n/a
[engine] opt done   id=970   ProtosRootNode@46b71343                            |Tier 1|Time  1015( 190+825 )ms|AST   21|Inlined   0Y   0N|IR  14755/ 51503|CodeSize  248739|Addr 0x7fb35c429960|Timestamp 264072438869117|Src n/a
[engine] opt done   id=965   ProtosRootNode@4b89c485                            |Tier 1|Time    14(   4+9   )ms|AST    2|Inlined   0Y   0N|IR    888/  1275|CodeSize    5532|Addr 0x7fb35c4841e0|Timestamp 264072454626541|Src n/a
[engine] opt done   id=966   ProtosRootNode@245db8a0                            |Tier 1|Time   402(  52+350 )ms|AST   11|Inlined   0Y   0N|IR   8271/ 27091|CodeSize  137784|Addr 0x7fb35c4884a0|Timestamp 264072857188281|Src n/a
[engine] opt done   id=967   ProtosRootNode@7a8a2524                            |Tier 1|Time    20(   4+16  )ms|AST    2|Inlined   0Y   0N|IR    888/  1275|CodeSize    5532|Addr 0x7fb35c4bd9e0|Timestamp 264072877833048|Src n/a
[engine] opt done   id=968   ProtosRootNode@35689ef4                            |Tier 1|Time   895(  90+804 )ms|AST   20|Inlined   0Y   0N|IR  15475/ 50810|CodeSize  252316|Addr 0x7fb35c4c3d20|Timestamp 264073772876954|Src n/a
[engine] opt done   id=969   ProtosRootNode@43f2e989                            |Tier 2|Time    19(   4+15  )ms|AST    2|Inlined   0Y   0N|IR    518/  1448|CodeSize    7174|Addr 0x7fb35c522c60|Timestamp 264073829210021|Src n/a
[engine] opt done   id=970   ProtosRootNode@46b71343                            |Tier 2|Time   962(  85+877 )ms|AST   21|Inlined   0Y   0N|IR  14682/ 40922|CodeSize  203891|Addr 0x7fb35c528800|Timestamp 264074807116297|Src n/a
[engine] opt done   id=965   ProtosRootNode@4b89c485                            |Tier 2|Time    16(   4+12  )ms|AST    2|Inlined   0Y   0N|IR    815/   944|CodeSize    4429|Addr 0x7fb35c574000|Timestamp 264074879106337|Src n/a
[engine] opt done   id=966   ProtosRootNode@245db8a0                            |Tier 2|Time   394(  42+352 )ms|AST   11|Inlined   0Y   0N|IR   8198/ 21649|CodeSize  110534|Addr 0x7fb35c577600|Timestamp 264075273466960|Src n/a
[engine] opt done   id=967   ProtosRootNode@7a8a2524                            |Tier 2|Time    21(   4+17  )ms|AST    2|Inlined   0Y   0N|IR    815/   944|CodeSize    4429|Addr 0x7fb35c5a1900|Timestamp 264075297308410|Src n/a
[engine] opt done   id=968   ProtosRootNode@35689ef4                            |Tier 2|Time   938(  97+841 )ms|AST   20|Inlined   0Y   0N|IR  15402/ 40275|CodeSize  200624|Addr 0x7fb35c5a6120|Timestamp 264076236043942|Src n/a
[engine] opt done   id=971   ProtosRootNode@4bd7f6ef                            |Tier 1|Time    22(   4+17  )ms|AST    2|Inlined   0Y   0N|IR    888/  2671|CodeSize   13140|Addr 0x7fb35c5f2a40|Timestamp 264076288089056|Src n/a
[engine] opt failed id=972   ProtosRootNode@17605392                            |Tier 1|Time   44(-264076288+264076333)ms|Reason: jdk.graal.compiler.truffle.GraphTooBigBailoutException: Graph too big to safely compile. Node count: 51502. Graph Size: 150053. Limit: 150000.|Timestamp 264076332798504|Src n/a
[engine] opt failed id=972   ProtosRootNode@17605392                            |Tier 1|Time   46(-264076339+264076385)ms|Reason: jdk.graal.compiler.truffle.GraphTooBigBailoutException: Graph too big to safely compile. Node count: 51502. Graph Size: 150053. Limit: 150000.|Timestamp 264076384821828|Src n/a
[engine] opt done   id=959   ProtosRootNode@7f2aea6f                            |Tier 1|Time    15(   5+10  )ms|AST    2|Inlined   0Y   0N|IR    888/  1275|CodeSize    5532|Addr 0x7fb35c5f8660|Timestamp 264076403707734|Src n/a
[engine] opt done   id=960   ProtosRootNode@241bb3be                            |Tier 1|Time   108(  18+90  )ms|AST    7|Inlined   0Y   0N|IR   3420/ 11394|CodeSize   54733|Addr 0x7fb35c5fb7e0|Timestamp 264076512233885|Src n/a
[engine] opt done   id=101   ProtosRootNode@48eec961                            |Tier 2|Time    19(   4+15  )ms|AST    2|Inlined   0Y   0N|IR    518/  1448|CodeSize    7174|Addr 0x7fb35c610560|Timestamp 264076678041255|Src n/a
[engine] opt done   id=102   ProtosRootNode@7d29ae9                             |Tier 2|Time   262(  28+234 )ms|AST    9|Inlined   0Y   0N|IR   5443/ 15481|CodeSize   76251|Addr 0x7fb35c6147a0|Timestamp 264076940184826|Src n/a
[engine] opt done   id=99    ProtosRootNode@2eea6d67                            |Tier 2|Time    16(   4+12  )ms|AST    2|Inlined   0Y   0N|IR    815/   944|CodeSize    4429|Addr 0x7fb35c631080|Timestamp 264076966404709|Src n/a
[engine] opt done   id=100   ProtosRootNode@50244d19                            |Tier 2|Time   510(  50+459 )ms|AST   13|Inlined   0Y   0N|IR   9171/ 24249|CodeSize  120256|Addr 0x7fb35c6348c0|Timestamp 264077476573719|Src n/a
[engine] opt done   id=105   ProtosRootNode@197f391c                            |Tier 2|Time    16(   4+12  )ms|AST    2|Inlined   0Y   0N|IR    815/   944|CodeSize    4429|Addr 0x7fb35c662600|Timestamp 264077493281963|Src n/a
[engine] opt done   id=106   ProtosRootNode@dfc61a0                             |Tier 2|Time   274(  46+228 )ms|AST    9|Inlined   0Y   0N|IR   5194/ 14237|CodeSize   70613|Addr 0x7fb35c665500|Timestamp 264077767200044|Src n/a
[engine] opt done   id=1060  ProtosRootNode@3686f807                            |Tier 1|Time    24(   8+16  )ms|AST    2|Inlined   0Y   0N|IR    591/  1658|CodeSize    7561|Addr 0x7fb35c681920|Timestamp 264077803074535|Src n/a
[engine] opt done   id=1061  ProtosRootNode@1f4a992f                            |Tier 1|Time   929(  92+836 )ms|AST   21|Inlined   0Y   0N|IR  14755/ 51503|CodeSize  248739|Addr 0x7fb35c6885e0|Timestamp 264078732243808|Src n/a
[engine] opt done   id=1056  ProtosRootNode@7eef5d31                            |Tier 1|Time    14(   4+10  )ms|AST    2|Inlined   0Y   0N|IR    888/  1275|CodeSize    5532|Addr 0x7fb35c6e2e60|Timestamp 264078762092743|Src n/a
[engine] opt done   id=1057  ProtosRootNode@3e4d6043                            |Tier 1|Time   379(  44+334 )ms|AST   11|Inlined   0Y   0N|IR   8271/ 27091|CodeSize  137784|Addr 0x7fb35c6e7120|Timestamp 264079140967283|Src n/a
[engine] opt done   id=1058  ProtosRootNode@64e7a6bd                            |Tier 1|Time    14(   4+9   )ms|AST    2|Inlined   0Y   0N|IR    888/  1275|CodeSize    5532|Addr 0x7fb35c71c660|Timestamp 264079155133565|Src n/a
[engine] opt done   id=1059  ProtosRootNode@1d9ff7f9                            |Tier 1|Time   934( 105+829 )ms|AST   20|Inlined   0Y   0N|IR  15475/ 50810|CodeSize  252316|Addr 0x7fb35c722620|Timestamp 264080089639043|Src n/a
[engine] opt done   id=1060  ProtosRootNode@3686f807                            |Tier 2|Time    19(   4+15  )ms|AST    2|Inlined   0Y   0N|IR    518/  1448|CodeSize    7174|Addr 0x7fb35c780e60|Timestamp 264080142241678|Src n/a
[engine] opt done   id=1061  ProtosRootNode@1f4a992f                            |Tier 2|Time   922(  85+837 )ms|AST   21|Inlined   0Y   0N|IR  14682/ 40922|CodeSize  203891|Addr 0x7fb35c786a00|Timestamp 264081078957317|Src n/a
[engine] opt done   id=1056  ProtosRootNode@7eef5d31                            |Tier 2|Time    23(  11+12  )ms|AST    2|Inlined   0Y   0N|IR    815/   944|CodeSize    4429|Addr 0x7fb35c7d2200|Timestamp 264081139551208|Src n/a
[engine] opt done   id=1057  ProtosRootNode@3e4d6043                            |Tier 2|Time   435(  45+390 )ms|AST   11|Inlined   0Y   0N|IR   8198/ 21649|CodeSize  110534|Addr 0x7fb35c7d5800|Timestamp 264081576540717|Src n/a
[engine] opt done   id=1058  ProtosRootNode@64e7a6bd                            |Tier 2|Time    21(   4+17  )ms|AST    2|Inlined   0Y   0N|IR    815/   944|CodeSize    4429|Addr 0x7fb35c7ffe00|Timestamp 264081600531067|Src n/a
[engine] opt done   id=1059  ProtosRootNode@1d9ff7f9                            |Tier 2|Time   912(  91+821 )ms|AST   20|Inlined   0Y   0N|IR  15402/ 40275|CodeSize  200624|Addr 0x7fb35c804620|Timestamp 264082512674546|Src n/a
[engine] opt done   id=1062  ProtosRootNode@59345d6a                            |Tier 1|Time    22(   5+17  )ms|AST    2|Inlined   0Y   0N|IR    888/  2671|CodeSize   13140|Addr 0x7fb35c850f40|Timestamp 264082565308810|Src n/a
[engine] opt failed id=1063  ProtosRootNode@a92f257                             |Tier 1|Time   44(-264082566+264082610)ms|Reason: jdk.graal.compiler.truffle.GraphTooBigBailoutException: Graph too big to safely compile. Node count: 51502. Graph Size: 150053. Limit: 150000.|Timestamp 264082609636008|Src n/a
[engine] opt failed id=1063  ProtosRootNode@a92f257                             |Tier 1|Time   44(-264082615+264082659)ms|Reason: jdk.graal.compiler.truffle.GraphTooBigBailoutException: Graph too big to safely compile. Node count: 51502. Graph Size: 150053. Limit: 150000.|Timestamp 264082659356640|Src n/a
[engine] opt done   id=1050  ProtosRootNode@25d4f311                            |Tier 1|Time    15(   6+9   )ms|AST    2|Inlined   0Y   0N|IR    888/  1275|CodeSize    5532|Addr 0x7fb35c857260|Timestamp 264082679499317|Src n/a
[engine] opt done   id=1051  ProtosRootNode@2cb3e36a                            |Tier 1|Time   107(  18+90  )ms|AST    7|Inlined   0Y   0N|IR   3420/ 11394|CodeSize   54733|Addr 0x7fb35c85a3e0|Timestamp 264082787102057|Src n/a
[engine] opt done   id=1151  ProtosRootNode@3fef9d2f                            |Tier 1|Time    14(   4+10  )ms|AST    2|Inlined   0Y   0N|IR    591/  1658|CodeSize    7561|Addr 0x7fb35c86fba0|Timestamp 264082961897585|Src n/a
[engine] opt done   id=1152  ProtosRootNode@57918be1                            |Tier 1|Time   991(  88+902 )ms|AST   21|Inlined   0Y   0N|IR  14755/ 51503|CodeSize  248739|Addr 0x7fb35c876860|Timestamp 264083953055000|Src n/a
[engine] opt done   id=1147  ProtosRootNode@2fe053e6                            |Tier 1|Time    16(   5+11  )ms|AST    2|Inlined   0Y   0N|IR    888/  1275|CodeSize    5532|Addr 0x7fb35c8d10e0|Timestamp 264083970834125|Src n/a
[engine] opt done   id=1148  ProtosRootNode@23e0546d                            |Tier 1|Time   437(  79+358 )ms|AST   11|Inlined   0Y   0N|IR   8271/ 27091|CodeSize  137784|Addr 0x7fb35c8d73a0|Timestamp 264084409448425|Src n/a
[engine] opt done   id=1149  ProtosRootNode@4b9416ce                            |Tier 1|Time    20(   4+16  )ms|AST    2|Inlined   0Y   0N|IR    888/  1275|CodeSize    5532|Addr 0x7fb35c90cbe0|Timestamp 264084431360753|Src n/a
[engine] opt done   id=1150  ProtosRootNode@13ae2f73                            |Tier 1|Time   944(  90+854 )ms|AST   20|Inlined   0Y   0N|IR  15475/ 50810|CodeSize  252316|Addr 0x7fb35c912ba0|Timestamp 264085376153969|Src n/a
[engine] opt done   id=1151  ProtosRootNode@3fef9d2f                            |Tier 2|Time    19(   4+15  )ms|AST    2|Inlined   0Y   0N|IR    518/  1448|CodeSize    7174|Addr 0x7fb35c9713e0|Timestamp 264085428444794|Src n/a
[engine] opt done   id=1152  ProtosRootNode@57918be1                            |Tier 2|Time   929(  88+841 )ms|AST   21|Inlined   0Y   0N|IR  14682/ 40922|CodeSize  203891|Addr 0x7fb35c976f80|Timestamp 264086372698289|Src n/a
[engine] opt done   id=1147  ProtosRootNode@2fe053e6                            |Tier 2|Time    23(  11+13  )ms|AST    2|Inlined   0Y   0N|IR    815/   944|CodeSize    4429|Addr 0x7fb35c9c2780|Timestamp 264086434629541|Src n/a
[engine] opt done   id=1148  ProtosRootNode@23e0546d                            |Tier 2|Time   412(  44+368 )ms|AST   11|Inlined   0Y   0N|IR   8198/ 21649|CodeSize  110534|Addr 0x7fb35c9c5d80|Timestamp 264086846883709|Src n/a
[engine] opt done   id=1149  ProtosRootNode@4b9416ce                            |Tier 2|Time    22(   4+18  )ms|AST    2|Inlined   0Y   0N|IR    815/   944|CodeSize    4429|Addr 0x7fb35c9f0080|Timestamp 264086871767580|Src n/a
[engine] opt done   id=1150  ProtosRootNode@13ae2f73                            |Tier 2|Time   937(  91+845 )ms|AST   20|Inlined   0Y   0N|IR  15402/ 40275|CodeSize  200624|Addr 0x7fb35c9f48a0|Timestamp 264087808693219|Src n/a
[engine] opt done   id=1153  ProtosRootNode@45e5d5da                            |Tier 1|Time    23(   4+19  )ms|AST    2|Inlined   0Y   0N|IR    888/  2671|CodeSize   13140|Addr 0x7fb35ca411c0|Timestamp 264087867676878|Src n/a
[engine] opt failed id=1154  ProtosRootNode@15f3f8f4                            |Tier 1|Time   47(-264087868+264087915)ms|Reason: jdk.graal.compiler.truffle.GraphTooBigBailoutException: Graph too big to safely compile. Node count: 51502. Graph Size: 150053. Limit: 150000.|Timestamp 264087915447229|Src n/a
[engine] opt failed id=1154  ProtosRootNode@15f3f8f4                            |Tier 1|Time   45(-264087922+264087966)ms|Reason: jdk.graal.compiler.truffle.GraphTooBigBailoutException: Graph too big to safely compile. Node count: 51502. Graph Size: 150053. Limit: 150000.|Timestamp 264087966152331|Src n/a
[engine] opt done   id=1141  ProtosRootNode@521ed71a                            |Tier 1|Time    14(   4+10  )ms|AST    2|Inlined   0Y   0N|IR    888/  1275|CodeSize    5532|Addr 0x7fb35ca470e0|Timestamp 264087984193767|Src n/a
[engine] opt done   id=1142  ProtosRootNode@157aedb7                            |Tier 1|Time   109(  18+91  )ms|AST    7|Inlined   0Y   0N|IR   3420/ 11394|CodeSize   54733|Addr 0x7fb35ca4a260|Timestamp 264088093609449|Src n/a
[engine] opt done   id=1242  ProtosRootNode@673a3e81                            |Tier 1|Time    30(   7+23  )ms|AST    2|Inlined   0Y   0N|IR    591/  1658|CodeSize    7561|Addr 0x7fb35ca5efa0|Timestamp 264088278898825|Src n/a
[engine] opt done   id=1243  ProtosRootNode@6ee354f9                            |Tier 1|Time   923(  88+835 )ms|AST   21|Inlined   0Y   0N|IR  14755/ 51503|CodeSize  248739|Addr 0x7fb35ca671e0|Timestamp 264089202709963|Src n/a
[engine] opt done   id=1238  ProtosRootNode@4aea24fc                            |Tier 1|Time    14(   5+9   )ms|AST    2|Inlined   0Y   0N|IR    888/  1275|CodeSize    5532|Addr 0x7fb35cac1a60|Timestamp 264089233158939|Src n/a
[engine] opt done   id=1239  ProtosRootNode@5fc98ef8                            |Tier 1|Time   396(  44+352 )ms|AST   11|Inlined   0Y   0N|IR   8271/ 27091|CodeSize  137784|Addr 0x7fb35cac60a0|Timestamp 264089629312322|Src n/a
[engine] opt done   id=1240  ProtosRootNode@473e4832                            |Tier 1|Time    19(   4+15  )ms|AST    2|Inlined   0Y   0N|IR    888/  1275|CodeSize    5532|Addr 0x7fb35cafb5e0|Timestamp 264089649290769|Src n/a
[engine] opt done   id=1241  ProtosRootNode@7dec4148                            |Tier 1|Time   990(  97+894 )ms|AST   20|Inlined   0Y   0N|IR  15475/ 50810|CodeSize  252316|Addr 0x7fb35cb01ca0|Timestamp 264090641697195|Src n/a
[engine] opt done   id=1242  ProtosRootNode@673a3e81                            |Tier 2|Time    19(   4+15  )ms|AST    2|Inlined   0Y   0N|IR    518/  1448|CodeSize    7174|Addr 0x7fb35cb604e0|Timestamp 264090695083319|Src n/a
[engine] opt done   id=1243  ProtosRootNode@6ee354f9                            |Tier 2|Time   983(  93+890 )ms|AST   21|Inlined   0Y   0N|IR  14682/ 40922|CodeSize  203891|Addr 0x7fb35cb66080|Timestamp 264091693471760|Src n/a
[engine] opt done   id=1238  ProtosRootNode@4aea24fc                            |Tier 2|Time    23(  11+12  )ms|AST    2|Inlined   0Y   0N|IR    815/   944|CodeSize    4429|Addr 0x7fb35cbb1880|Timestamp 264091754501271|Src n/a
[engine] opt done   id=1239  ProtosRootNode@5fc98ef8                            |Tier 2|Time   447(  47+400 )ms|AST   11|Inlined   0Y   0N|IR   8198/ 21649|CodeSize  110534|Addr 0x7fb35cbb4e80|Timestamp 264092201821718|Src n/a
[engine] opt done   id=1240  ProtosRootNode@473e4832                            |Tier 2|Time    22(   4+18  )ms|AST    2|Inlined   0Y   0N|IR    815/   944|CodeSize    4429|Addr 0x7fb35cbdf180|Timestamp 264092226974269|Src n/a
[engine] opt done   id=1241  ProtosRootNode@7dec4148                            |Tier 2|Time  1046( 110+936 )ms|AST   20|Inlined   0Y   0N|IR  15402/ 40275|CodeSize  200624|Addr 0x7fb35cbe39a0|Timestamp 264093274332211|Src n/a
[engine] opt done   id=1244  ProtosRootNode@2d169cc7                            |Tier 1|Time    22(   5+17  )ms|AST    2|Inlined   0Y   0N|IR    888/  2671|CodeSize   13140|Addr 0x7fb35cc302c0|Timestamp 264093330590178|Src n/a
[engine] opt failed id=1245  ProtosRootNode@6beb091e                            |Tier 1|Time   64(-264093331+264093395)ms|Reason: jdk.graal.compiler.truffle.GraphTooBigBailoutException: Graph too big to safely compile. Node count: 51502. Graph Size: 150053. Limit: 150000.|Timestamp 264093395242252|Src n/a
[engine] opt failed id=1245  ProtosRootNode@6beb091e                            |Tier 1|Time   45(-264093395+264093441)ms|Reason: jdk.graal.compiler.truffle.GraphTooBigBailoutException: Graph too big to safely compile. Node count: 51502. Graph Size: 150053. Limit: 150000.|Timestamp 264093440657381|Src n/a
[engine] opt done   id=1232  ProtosRootNode@5f8fd05                             |Tier 1|Time    15(   4+10  )ms|AST    2|Inlined   0Y   0N|IR    888/  1275|CodeSize    5532|Addr 0x7fb35cc35ee0|Timestamp 264093465642502|Src n/a
[engine] opt done   id=1233  ProtosRootNode@3907b0c3                            |Tier 1|Time   111(  18+94  )ms|AST    7|Inlined   0Y   0N|IR   3420/ 11394|CodeSize   54733|Addr 0x7fb35cc39060|Timestamp 264093577243766|Src n/a
[engine] opt done   id=1333  ProtosRootNode@5dbda4d8                            |Tier 1|Time    15(   5+11  )ms|AST    2|Inlined   0Y   0N|IR    591/  1658|CodeSize    7561|Addr 0x7fb35cc4eea0|Timestamp 264093748711960|Src n/a
[engine] opt done   id=1334  ProtosRootNode@30c6f9c4                            |Tier 1|Time   892(  87+805 )ms|AST   21|Inlined   0Y   0N|IR  14755/ 51503|CodeSize  248739|Addr 0x7fb35cc55b60|Timestamp 264094640562450|Src n/a
[engine] opt done   id=1329  ProtosRootNode@5e6e7007                            |Tier 1|Time    14(   5+10  )ms|AST    2|Inlined   0Y   0N|IR    888/  1275|CodeSize    5532|Addr 0x7fb35ccb06e0|Timestamp 264094659656546|Src n/a
[engine] opt done   id=1330  ProtosRootNode@5afae4b8                            |Tier 1|Time   386(  63+323 )ms|AST   11|Inlined   0Y   0N|IR   8271/ 27091|CodeSize  137784|Addr 0x7fb35ccb49a0|Timestamp 264095046254492|Src n/a
[engine] opt done   id=1331  ProtosRootNode@724320ad                            |Tier 1|Time    20(   4+16  )ms|AST    2|Inlined   0Y   0N|IR    888/  1275|CodeSize    5532|Addr 0x7fb35cce9ee0|Timestamp 264095067729270|Src n/a
[engine] opt done   id=1332  ProtosRootNode@d291cc0                             |Tier 1|Time   913(  97+816 )ms|AST   20|Inlined   0Y   0N|IR  15475/ 50810|CodeSize  252316|Addr 0x7fb35ccefea0|Timestamp 264095982433459|Src n/a
[engine] opt done   id=1333  ProtosRootNode@5dbda4d8                            |Tier 2|Time    19(   3+15  )ms|AST    2|Inlined   0Y   0N|IR    518/  1448|CodeSize    7174|Addr 0x7fb35cd4e6e0|Timestamp 264096034468023|Src n/a
[engine] opt done   id=1334  ProtosRootNode@30c6f9c4                            |Tier 2|Time  1010(  81+929 )ms|AST   21|Inlined   0Y   0N|IR  14682/ 40922|CodeSize  203891|Addr 0x7fb35b2ab200|Timestamp 264097055774522|Src n/a
[engine] opt done   id=1329  ProtosRootNode@5e6e7007                            |Tier 2|Time    16(   4+12  )ms|AST    2|Inlined   0Y   0N|IR    815/   944|CodeSize    4429|Addr 0x7fb35b302100|Timestamp 264097122322108|Src n/a
[engine] opt done   id=1330  ProtosRootNode@5afae4b8                            |Tier 2|Time   396(  43+354 )ms|AST   11|Inlined   0Y   0N|IR   8198/ 21649|CodeSize  110534|Addr 0x7fb35b307d00|Timestamp 264097519071082|Src n/a
[engine] opt done   id=1331  ProtosRootNode@724320ad                            |Tier 2|Time    21(   4+17  )ms|AST    2|Inlined   0Y   0N|IR    815/   944|CodeSize    4429|Addr 0x7fb35b34c900|Timestamp 264097542955752|Src n/a
[engine] opt done   id=1332  ProtosRootNode@d291cc0                             |Tier 2|Time   927( 100+827 )ms|AST   20|Inlined   0Y   0N|IR  15402/ 40275|CodeSize  200624|Addr 0x7fb35b351ca0|Timestamp 264098470444542|Src n/a
[engine] opt done   id=1335  ProtosRootNode@6c8d737b                            |Tier 1|Time    22(   5+18  )ms|AST    2|Inlined   0Y   0N|IR    888/  2671|CodeSize   13140|Addr 0x7fb35b4308c0|Timestamp 264098523690277|Src n/a
[engine] opt failed id=1336  ProtosRootNode@2dea4f06                            |Tier 1|Time   62(-264098524+264098586)ms|Reason: jdk.graal.compiler.truffle.GraphTooBigBailoutException: Graph too big to safely compile. Node count: 51502. Graph Size: 150053. Limit: 150000.|Timestamp 264098585838899|Src n/a
[engine] opt failed id=1336  ProtosRootNode@2dea4f06                            |Tier 1|Time   46(-264098586+264098632)ms|Reason: jdk.graal.compiler.truffle.GraphTooBigBailoutException: Graph too big to safely compile. Node count: 51502. Graph Size: 150053. Limit: 150000.|Timestamp 264098632438758|Src n/a
[engine] opt done   id=1323  ProtosRootNode@6d01734d                            |Tier 1|Time    14(   5+10  )ms|AST    2|Inlined   0Y   0N|IR    888/  1275|CodeSize    5532|Addr 0x7fb35b1cfae0|Timestamp 264098656697669|Src n/a
[engine] opt done   id=1324  ProtosRootNode@1cd2fefd                            |Tier 1|Time   111(  18+93  )ms|AST    7|Inlined   0Y   0N|IR   3420/ 11394|CodeSize   54733|Addr 0x7fb35b656ee0|Timestamp 264098767739502|Src n/a
[engine] opt done   id=1424  ProtosRootNode@646a76f9                            |Tier 1|Time    26(   7+19  )ms|AST    2|Inlined   0Y   0N|IR    591/  1658|CodeSize    7561|Addr 0x7fb35b166ea0|Timestamp 264098948711294|Src n/a
[engine] opt done   id=1425  ProtosRootNode@1169b745                            |Tier 1|Time   931(  85+846 )ms|AST   21|Inlined   0Y   0N|IR  14755/ 51503|CodeSize  248739|Addr 0x7fb35b173b60|Timestamp 264099882849620|Src n/a
[engine] opt done   id=1420  ProtosRootNode@569ebd1a                            |Tier 1|Time    14(   5+9   )ms|AST    2|Inlined   0Y   0N|IR    888/  1275|CodeSize    5532|Addr 0x7fb35b229ce0|Timestamp 264099914247916|Src n/a
[engine] opt done   id=1421  ProtosRootNode@4c03a138                            |Tier 1|Time   399(  43+356 )ms|AST   11|Inlined   0Y   0N|IR   8271/ 27091|CodeSize  137784|Addr 0x7fb35b1d7620|Timestamp 264100313830372|Src n/a
[engine] opt done   id=1422  ProtosRootNode@32eadaff                            |Tier 1|Time    19(   4+15  )ms|AST    2|Inlined   0Y   0N|IR    888/  1275|CodeSize    5532|Addr 0x7fb35b4ced60|Timestamp 264100333747799|Src n/a
[engine] opt done   id=1423  ProtosRootNode@269b4b0b                            |Tier 1|Time   995(  88+907 )ms|AST   20|Inlined   0Y   0N|IR  15475/ 50810|CodeSize  252316|Addr 0x7fb35b2306a0|Timestamp 264101330611327|Src n/a
[engine] opt done   id=1424  ProtosRootNode@646a76f9                            |Tier 2|Time    20(   4+16  )ms|AST    2|Inlined   0Y   0N|IR    518/  1448|CodeSize    7174|Addr 0x7fb35b29f360|Timestamp 264101388080035|Src n/a
[engine] opt done   id=1425  ProtosRootNode@1169b745                            |Tier 2|Time  1004( 106+899 )ms|AST   21|Inlined   0Y   0N|IR  14682/ 40922|CodeSize  203891|Addr 0x7fb35b579f80|Timestamp 264102409391393|Src n/a
[engine] opt done   id=1420  ProtosRootNode@569ebd1a                            |Tier 2|Time    22(  10+12  )ms|AST    2|Inlined   0Y   0N|IR    815/   944|CodeSize    4429|Addr 0x7fb35b5f7600|Timestamp 264102467568362|Src n/a
[engine] opt done   id=1421  ProtosRootNode@4c03a138                            |Tier 2|Time   436(  45+390 )ms|AST   11|Inlined   0Y   0N|IR   8198/ 21649|CodeSize  110534|Addr 0x7fb35b5caf80|Timestamp 264102903619089|Src n/a
[engine] opt done   id=1422  ProtosRootNode@32eadaff                            |Tier 2|Time    23(   5+18  )ms|AST    2|Inlined   0Y   0N|IR    815/   944|CodeSize    4429|Addr 0x7fb35bda5600|Timestamp 264102928951640|Src n/a
[engine] opt done   id=1423  ProtosRootNode@269b4b0b                            |Tier 2|Time   912(  91+822 )ms|AST   20|Inlined   0Y   0N|IR  15402/ 40275|CodeSize  200624|Addr 0x7fb35b9f01a0|Timestamp 264103841714287|Src n/a
[engine] opt done   id=1426  ProtosRootNode@770fe3c4                            |Tier 1|Time    22(   5+17  )ms|AST    2|Inlined   0Y   0N|IR    888/  2671|CodeSize   13140|Addr 0x7fb35ba3cdc0|Timestamp 264103894242331|Src n/a
[engine] opt failed id=1427  ProtosRootNode@4b95b8a3                            |Tier 1|Time   44(-264103895+264103938)ms|Reason: jdk.graal.compiler.truffle.GraphTooBigBailoutException: Graph too big to safely compile. Node count: 51502. Graph Size: 150053. Limit: 150000.|Timestamp 264103940182470|Src n/a
[engine] opt failed id=1427  ProtosRootNode@4b95b8a3                            |Tier 1|Time   50(-264103952+264104002)ms|Reason: jdk.graal.compiler.truffle.GraphTooBigBailoutException: Graph too big to safely compile. Node count: 51502. Graph Size: 150053. Limit: 150000.|Timestamp 264104002122792|Src n/a
[engine] opt done   id=1414  ProtosRootNode@2abe5c52                            |Tier 1|Time    14(   5+9   )ms|AST    2|Inlined   0Y   0N|IR    888/  1275|CodeSize    5532|Addr 0x7fb35b8cc460|Timestamp 264104022053429|Src n/a
[engine] opt done   id=1415  ProtosRootNode@335495ba                            |Tier 1|Time   109(  18+91  )ms|AST    7|Inlined   0Y   0N|IR   3420/ 11394|CodeSize   54733|Addr 0x7fb35ba46960|Timestamp 264104133636982|Src n/a
[engine] opt done   id=1515  ProtosRootNode@41d10b56                            |Tier 1|Time    22(   8+15  )ms|AST    2|Inlined   0Y   0N|IR    591/  1658|CodeSize    7561|Addr 0x7fb35b671920|Timestamp 264104324165663|Src n/a
[engine] opt done   id=1516  ProtosRootNode@7c930b38                            |Tier 1|Time   940(  99+841 )ms|AST   21|Inlined   0Y   0N|IR  14755/ 51503|CodeSize  248739|Addr 0x7fb35b8712e0|Timestamp 264105264665863|Src n/a
[engine] opt done   id=1511  ProtosRootNode@74448dad                            |Tier 1|Time    14(   4+10  )ms|AST    2|Inlined   0Y   0N|IR    888/  1275|CodeSize    5532|Addr 0x7fb35bafbce0|Timestamp 264105295768599|Src n/a
[engine] opt done   id=1512  ProtosRootNode@19673486                            |Tier 1|Time   431(  44+388 )ms|AST   11|Inlined   0Y   0N|IR   8271/ 27091|CodeSize  137784|Addr 0x7fb35b4d6620|Timestamp 264105727177631|Src n/a
[engine] opt done   id=1513  ProtosRootNode@b78f386                             |Tier 1|Time    19(   4+15  )ms|AST    2|Inlined   0Y   0N|IR    888/  1275|CodeSize    5532|Addr 0x7fb35be2ad60|Timestamp 264105747213888|Src n/a
[engine] opt done   id=1514  ProtosRootNode@7ac42b22                            |Tier 1|Time  1094( 142+952 )ms|AST   20|Inlined   0Y   0N|IR  15475/ 50810|CodeSize  252316|Addr 0x7fb35bb021a0|Timestamp 264106841267437|Src n/a
[engine] opt done   id=1515  ProtosRootNode@41d10b56                            |Tier 2|Time    19(   4+15  )ms|AST    2|Inlined   0Y   0N|IR    518/  1448|CodeSize    7174|Addr 0x7fb35b573ce0|Timestamp 264106895671393|Src n/a
[engine] opt done   id=1516  ProtosRootNode@7c930b38                            |Tier 2|Time   972( 129+843 )ms|AST   21|Inlined   0Y   0N|IR  14682/ 40922|CodeSize  203891|Addr 0x7fb35b77e600|Timestamp 264107900801727|Src n/a
[engine] opt done   id=1511  ProtosRootNode@74448dad                            |Tier 2|Time    23(  10+12  )ms|AST    2|Inlined   0Y   0N|IR    815/   944|CodeSize    4429|Addr 0x7fb35b777200|Timestamp 264107960525687|Src n/a
[engine] opt done   id=1512  ProtosRootNode@19673486                            |Tier 2|Time   428(  44+384 )ms|AST   11|Inlined   0Y   0N|IR   8198/ 21649|CodeSize  110534|Addr 0x7fb35b9c2880|Timestamp 264108388929867|Src n/a
[engine] opt done   id=1513  ProtosRootNode@b78f386                             |Tier 2|Time    23(   6+18  )ms|AST    2|Inlined   0Y   0N|IR    815/   944|CodeSize    4429|Addr 0x7fb35b9bf280|Timestamp 264108418284741|Src n/a
[engine] opt done   id=1514  ProtosRootNode@7ac42b22                            |Tier 2|Time   917(  87+831 )ms|AST   20|Inlined   0Y   0N|IR  15402/ 40275|CodeSize  200624|Addr 0x7fb35c1c1120|Timestamp 264109335922542|Src n/a
[engine] opt done   id=1517  ProtosRootNode@3a1a6521                            |Tier 1|Time    22(   4+17  )ms|AST    2|Inlined   0Y   0N|IR    888/  2671|CodeSize   13140|Addr 0x7fb35be248c0|Timestamp 264109395737962|Src n/a
[engine] opt failed id=1518  ProtosRootNode@2c7b6309                            |Tier 1|Time   45(-264109396+264109441)ms|Reason: jdk.graal.compiler.truffle.GraphTooBigBailoutException: Graph too big to safely compile. Node count: 51502. Graph Size: 150053. Limit: 150000.|Timestamp 264109441181570|Src n/a
[engine] opt failed id=1518  ProtosRootNode@2c7b6309                            |Tier 1|Time   51(-264109453+264109503)ms|Reason: jdk.graal.compiler.truffle.GraphTooBigBailoutException: Graph too big to safely compile. Node count: 51502. Graph Size: 150053. Limit: 150000.|Timestamp 264109503423233|Src n/a
[engine] opt done   id=1505  ProtosRootNode@1199e231                            |Tier 1|Time    18(   8+10  )ms|AST    2|Inlined   0Y   0N|IR    888/  1275|CodeSize    5532|Addr 0x7fb35bb619e0|Timestamp 264109525430951|Src n/a
[engine] opt done   id=1506  ProtosRootNode@67d15964                            |Tier 1|Time   110(  18+92  )ms|AST    7|Inlined   0Y   0N|IR   3420/ 11394|CodeSize   54733|Addr 0x7fb35be2f460|Timestamp 264109636222324|Src n/a
[engine] opt done   id=1606  ProtosRootNode@687ad599                            |Tier 1|Time    27(   7+19  )ms|AST    2|Inlined   0Y   0N|IR    591/  1658|CodeSize    7561|Addr 0x7fb35b869fa0|Timestamp 264109812378762|Src n/a
[engine] opt done   id=1607  ProtosRootNode@30625bab                            |Tier 1|Time   930( 104+826 )ms|AST   21|Inlined   0Y   0N|IR  14755/ 51503|CodeSize  248739|Addr 0x7fb35b67b160|Timestamp 264110745352515|Src n/a
[engine] opt done   id=1602  ProtosRootNode@20678d48                            |Tier 1|Time    14(   4+9   )ms|AST    2|Inlined   0Y   0N|IR    888/  1275|CodeSize    5532|Addr 0x7fb35b675360|Timestamp 264110760895108|Src n/a
[engine] opt done   id=1603  ProtosRootNode@34af6822                            |Tier 1|Time   390(  63+327 )ms|AST   11|Inlined   0Y   0N|IR   8271/ 27091|CodeSize  137784|Addr 0x7fb35bac64a0|Timestamp 264111151480346|Src n/a
[engine] opt done   id=1604  ProtosRootNode@3ef3eb6b                            |Tier 1|Time    21(   4+16  )ms|AST    2|Inlined   0Y   0N|IR    888/  1275|CodeSize    5532|Addr 0x7fb35c41d8e0|Timestamp 264111172686014|Src n/a
[engine] opt done   id=1605  ProtosRootNode@73039edb                            |Tier 1|Time   965( 100+865 )ms|AST   20|Inlined   0Y   0N|IR  15475/ 50810|CodeSize  252316|Addr 0x7fb35bee7ea0|Timestamp 264112137650594|Src n/a
[engine] opt done   id=1606  ProtosRootNode@687ad599                            |Tier 2|Time    28(   7+22  )ms|AST    2|Inlined   0Y   0N|IR    518/  1448|CodeSize    7174|Addr 0x7fb35c20e0e0|Timestamp 264112233785634|Src n/a
[engine] opt done   id=1607  ProtosRootNode@30625bab                            |Tier 2|Time   908(  83+825 )ms|AST   21|Inlined   0Y   0N|IR  14682/ 40922|CodeSize  203891|Addr 0x7fb35bb66b80|Timestamp 264113158135310|Src n/a
[engine] opt done   id=1602  ProtosRootNode@20678d48                            |Tier 2|Time    16(   4+12  )ms|AST    2|Inlined   0Y   0N|IR    815/   944|CodeSize    4429|Addr 0x7fb35c035d00|Timestamp 264113230197911|Src n/a
[engine] opt done   id=1603  ProtosRootNode@34af6822                            |Tier 2|Time   421(  45+376 )ms|AST   11|Inlined   0Y   0N|IR   8198/ 21649|CodeSize  110534|Addr 0x7fb35c194480|Timestamp 264113651191604|Src n/a
[engine] opt done   id=1604  ProtosRootNode@3ef3eb6b                            |Tier 2|Time    19(   4+15  )ms|AST    2|Inlined   0Y   0N|IR    815/   944|CodeSize    4429|Addr 0x7fb35c190e80|Timestamp 264113672875032|Src n/a
[engine] opt done   id=1605  ProtosRootNode@73039edb                            |Tier 2|Time  1032( 149+883 )ms|AST   20|Inlined   0Y   0N|IR  15402/ 40275|CodeSize  200624|Addr 0x7fb35b971ca0|Timestamp 264114705102788|Src n/a
[engine] opt done   id=1608  ProtosRootNode@4992cd8f                            |Tier 1|Time    29(   5+24  )ms|AST    2|Inlined   0Y   0N|IR    888/  2671|CodeSize   13140|Addr 0x7fb35c030140|Timestamp 264114751179117|Src n/a
[engine] opt failed id=1609  ProtosRootNode@74d517db                            |Tier 1|Time   48(-264114751+264114800)ms|Reason: jdk.graal.compiler.truffle.GraphTooBigBailoutException: Graph too big to safely compile. Node count: 51502. Graph Size: 150053. Limit: 150000.|Timestamp 264114799605807|Src n/a
[engine] opt failed id=1609  ProtosRootNode@74d517db                            |Tier 1|Time   59(-264114802+264114861)ms|Reason: jdk.graal.compiler.truffle.GraphTooBigBailoutException: Graph too big to safely compile. Node count: 51502. Graph Size: 150053. Limit: 150000.|Timestamp 264114860619749|Src n/a
[engine] opt done   id=1596  ProtosRootNode@16235bdc                            |Tier 1|Time    14(   4+9   )ms|AST    2|Inlined   0Y   0N|IR    888/  1275|CodeSize    5532|Addr 0x7fb35c02d760|Timestamp 264114885633810|Src n/a
[engine] opt done   id=1597  ProtosRootNode@5233b577                            |Tier 1|Time   106(  17+89  )ms|AST    7|Inlined   0Y   0N|IR   3420/ 11394|CodeSize   54733|Addr 0x7fb35b43f7e0|Timestamp 264114991656668|Src n/a
[engine] opt done   id=1697  ProtosRootNode@6886eee0                            |Tier 1|Time    19(   7+12  )ms|AST    2|Inlined   0Y   0N|IR    591/  1658|CodeSize    7561|Addr 0x7fb35c02a0a0|Timestamp 264115160427020|Src n/a
[engine] opt done   id=1698  ProtosRootNode@4e0c96db                            |Tier 1|Time   869(  83+786 )ms|AST   21|Inlined   0Y   0N|IR  14755/ 51503|CodeSize  248739|Addr 0x7fb35ba691e0|Timestamp 264116029574279|Src n/a
[engine] opt done   id=1693  ProtosRootNode@341a5f29                            |Tier 1|Time    14(   4+9   )ms|AST    2|Inlined   0Y   0N|IR    888/  1275|CodeSize    5532|Addr 0x7fb35b43c660|Timestamp 264116045081462|Src n/a
[engine] opt done   id=1694  ProtosRootNode@5574af04                            |Tier 1|Time   456(  59+397 )ms|AST   11|Inlined   0Y   0N|IR   8271/ 27091|CodeSize  137784|Addr 0x7fb35c8d73a0|Timestamp 264116501124905|Src n/a
[engine] opt done   id=1695  ProtosRootNode@382f0e63                            |Tier 1|Time    28(   4+23  )ms|AST    2|Inlined   0Y   0N|IR    888/  1275|CodeSize    5532|Addr 0x7fb35ba633e0|Timestamp 264116529334488|Src n/a
[engine] opt done   id=1696  ProtosRootNode@c663189                             |Tier 1|Time   949(  92+856 )ms|AST   20|Inlined   0Y   0N|IR  15475/ 50810|CodeSize  252316|Addr 0x7fb35c0da820|Timestamp 264117478291594|Src n/a
[engine] opt done   id=1697  ProtosRootNode@6886eee0                            |Tier 2|Time    20(   3+17  )ms|AST    2|Inlined   0Y   0N|IR    518/  1448|CodeSize    7174|Addr 0x7fb35c026b60|Timestamp 264117536356133|Src n/a
[engine] opt done   id=1698  ProtosRootNode@4e0c96db                            |Tier 2|Time   943(  85+858 )ms|AST   21|Inlined   0Y   0N|IR  14682/ 40922|CodeSize  203891|Addr 0x7fb35bd59a80|Timestamp 264118496125688|Src n/a
[engine] opt done   id=1693  ProtosRootNode@341a5f29                            |Tier 2|Time    29(  17+12  )ms|AST    2|Inlined   0Y   0N|IR    815/   944|CodeSize    4429|Addr 0x7fb35c18ed00|Timestamp 264118562348003|Src n/a
[engine] opt done   id=1694  ProtosRootNode@5574af04                            |Tier 2|Time   419(  44+375 )ms|AST   11|Inlined   0Y   0N|IR   8198/ 21649|CodeSize  110534|Addr 0x7fb35c0aca00|Timestamp 264118981992225|Src n/a
[engine] opt done   id=1695  ProtosRootNode@382f0e63                            |Tier 2|Time    16(   4+12  )ms|AST    2|Inlined   0Y   0N|IR    815/   944|CodeSize    4429|Addr 0x7fb35bd55200|Timestamp 264119001151011|Src n/a
[engine] opt done   id=1696  ProtosRootNode@c663189                             |Tier 2|Time   936(  99+837 )ms|AST   20|Inlined   0Y   0N|IR  15402/ 40275|CodeSize  200624|Addr 0x7fb35c13f920|Timestamp 264119937558356|Src n/a
[engine] opt done   id=1699  ProtosRootNode@aa7e632                             |Tier 1|Time    21(   4+17  )ms|AST    2|Inlined   0Y   0N|IR    888/  2671|CodeSize   13140|Addr 0x7fb35c0a59c0|Timestamp 264119990459821|Src n/a
[engine] opt failed id=1700  ProtosRootNode@1c116efb                            |Tier 1|Time   79(-264119993+264120071)ms|Reason: jdk.graal.compiler.truffle.GraphTooBigBailoutException: Graph too big to safely compile. Node count: 51502. Graph Size: 150053. Limit: 150000.|Timestamp 264120071224868|Src n/a
[engine] opt failed id=1700  ProtosRootNode@1c116efb                            |Tier 1|Time   71(-264120071+264120142)ms|Reason: jdk.graal.compiler.truffle.GraphTooBigBailoutException: Graph too big to safely compile. Node count: 51502. Graph Size: 150053. Limit: 150000.|Timestamp 264120142382428|Src n/a
[engine] opt done   id=1687  ProtosRootNode@6b6ba7cf                            |Tier 1|Time    13(   4+9   )ms|AST    2|Inlined   0Y   0N|IR    888/  1275|CodeSize    5532|Addr 0x7fb35c0242e0|Timestamp 264120155973149|Src n/a
[engine] opt done   id=1688  ProtosRootNode@17052380                            |Tier 1|Time   121(  16+106 )ms|AST    7|Inlined   0Y   0N|IR   3420/ 11394|CodeSize   54733|Addr 0x7fb35b851f60|Timestamp 264120277393391|Src n/a
[engine] opt done   id=1788  ProtosRootNode@4fed4dc6                            |Tier 1|Time    19(   8+12  )ms|AST    2|Inlined   0Y   0N|IR    591/  1658|CodeSize    7561|Addr 0x7fb35c0a2120|Timestamp 264120447605544|Src n/a
[engine] opt done   id=1789  ProtosRootNode@4af41bc8                            |Tier 1|Time   999(  88+910 )ms|AST   21|Inlined   0Y   0N|IR  14755/ 51503|CodeSize  248739|Addr 0x7fb35ca699e0|Timestamp 264121446681121|Src n/a
[engine] opt done   id=1784  ProtosRootNode@516fac0a                            |Tier 1|Time    14(   5+9   )ms|AST    2|Inlined   0Y   0N|IR    888/  1275|CodeSize    5532|Addr 0x7fb35b84ede0|Timestamp 264121488287646|Src n/a
[engine] opt done   id=1785  ProtosRootNode@592eda3a                            |Tier 1|Time   378(  46+331 )ms|AST   11|Inlined   0Y   0N|IR   8271/ 27091|CodeSize  137784|Addr 0x7fb35cac88a0|Timestamp 264121866169623|Src n/a
[engine] opt done   id=1786  ProtosRootNode@53e09aac                            |Tier 1|Time    28(   4+23  )ms|AST    2|Inlined   0Y   0N|IR    888/  1275|CodeSize    5532|Addr 0x7fb35ca63be0|Timestamp 264121894384516|Src n/a
[engine] opt done   id=1787  ProtosRootNode@4ac73653                            |Tier 1|Time   920(  96+823 )ms|AST   20|Inlined   0Y   0N|IR  15475/ 50810|CodeSize  252316|Addr 0x7fb35c4c3d20|Timestamp 264122816146099|Src n/a
[engine] opt done   id=1788  ProtosRootNode@4fed4dc6                            |Tier 2|Time    19(   3+15  )ms|AST    2|Inlined   0Y   0N|IR    518/  1448|CodeSize    7174|Addr 0x7fb35c09ebe0|Timestamp 264122871327445|Src n/a
[engine] opt done   id=1789  ProtosRootNode@4af41bc8                            |Tier 2|Time   943(  85+857 )ms|AST   21|Inlined   0Y   0N|IR  14682/ 40922|CodeSize  203891|Addr 0x7fb35bf4ef80|Timestamp 264123825230484|Src n/a
[engine] opt done   id=1784  ProtosRootNode@516fac0a                            |Tier 2|Time    26(  14+13  )ms|AST    2|Inlined   0Y   0N|IR    815/   944|CodeSize    4429|Addr 0x7fb35c13b100|Timestamp 264123886232265|Src n/a
[engine] opt done   id=1785  ProtosRootNode@592eda3a                            |Tier 2|Time   417(  56+361 )ms|AST   11|Inlined   0Y   0N|IR   8198/ 21649|CodeSize  110534|Addr 0x7fb35beb9b80|Timestamp 264124304077256|Src n/a
[engine] opt done   id=1786  ProtosRootNode@53e09aac                            |Tier 2|Time    21(   4+17  )ms|AST    2|Inlined   0Y   0N|IR    815/   944|CodeSize    4429|Addr 0x7fb35cac4c00|Timestamp 264124327887396|Src n/a
[engine] opt done   id=1787  ProtosRootNode@4ac73653                            |Tier 2|Time   972( 107+866 )ms|AST   20|Inlined   0Y   0N|IR  15402/ 40275|CodeSize  200624|Addr 0x7fb35b606a20|Timestamp 264125300636000|Src n/a
[engine] opt done   id=1790  ProtosRootNode@dd4952d                             |Tier 1|Time    21(   4+17  )ms|AST    2|Inlined   0Y   0N|IR    888/  2671|CodeSize   13140|Addr 0x7fb35b5fe7c0|Timestamp 264125355269586|Src n/a
[engine] opt failed id=1791  ProtosRootNode@1a2a7679                            |Tier 1|Time   44(-264125356+264125400)ms|Reason: jdk.graal.compiler.truffle.GraphTooBigBailoutException: Graph too big to safely compile. Node count: 51502. Graph Size: 150053. Limit: 150000.|Timestamp 264125399710853|Src n/a
[engine] opt failed id=1791  ProtosRootNode@1a2a7679                            |Tier 1|Time   44(-264125407+264125451)ms|Reason: jdk.graal.compiler.truffle.GraphTooBigBailoutException: Graph too big to safely compile. Node count: 51502. Graph Size: 150053. Limit: 150000.|Timestamp 264125451009426|Src n/a
[engine] opt done   id=1778  ProtosRootNode@48f0d24a                            |Tier 1|Time    14(   4+10  )ms|AST    2|Inlined   0Y   0N|IR    888/  1275|CodeSize    5532|Addr 0x7fb35bf4a0e0|Timestamp 264125465668789|Src n/a
[engine] opt done   id=1779  ProtosRootNode@4357313a                            |Tier 1|Time   107(  16+92  )ms|AST    7|Inlined   0Y   0N|IR   3420/ 11394|CodeSize   54733|Addr 0x7fb35c2184e0|Timestamp 264125573181469|Src n/a
[engine] opt done   id=1879  ProtosRootNode@5d9e7d62                            |Tier 1|Time    40(   7+33  )ms|AST    2|Inlined   0Y   0N|IR    591/  1658|CodeSize    7561|Addr 0x7fb35beb50a0|Timestamp 264125757202773|Src n/a
[engine] opt done   id=1880  ProtosRootNode@25b4536c                            |Tier 1|Time   852(  93+759 )ms|AST   21|Inlined   0Y   0N|IR  14755/ 51503|CodeSize  248739|Addr 0x7fb35b4738e0|Timestamp 264126611773799|Src n/a
[engine] opt done   id=1875  ProtosRootNode@6374fa5e                            |Tier 1|Time    14(   4+9   )ms|AST    2|Inlined   0Y   0N|IR    888/  1275|CodeSize    5532|Addr 0x7fb35c215360|Timestamp 264126627307222|Src n/a
[engine] opt done   id=1876  ProtosRootNode@2a834ac6                            |Tier 1|Time   383(  59+323 )ms|AST   11|Inlined   0Y   0N|IR   8271/ 27091|CodeSize  137784|Addr 0x7fb35c821620|Timestamp 264127010202712|Src n/a
[engine] opt done   id=1877  ProtosRootNode@74443641                            |Tier 1|Time    20(   4+16  )ms|AST    2|Inlined   0Y   0N|IR    888/  1275|CodeSize    5532|Addr 0x7fb35bf478e0|Timestamp 264127031187650|Src n/a
[engine] opt done   id=1878  ProtosRootNode@79b69bd7                            |Tier 1|Time   907( 102+805 )ms|AST   20|Inlined   0Y   0N|IR  15475/ 50810|CodeSize  252316|Addr 0x7fb35c03dda0|Timestamp 264127939114760|Src n/a
[engine] opt done   id=1879  ProtosRootNode@5d9e7d62                            |Tier 2|Time    18(   4+15  )ms|AST    2|Inlined   0Y   0N|IR    518/  1448|CodeSize    7174|Addr 0x7fb35b46cc60|Timestamp 264127994996057|Src n/a
[engine] opt done   id=1880  ProtosRootNode@25b4536c                            |Tier 2|Time   899(  81+818 )ms|AST   21|Inlined   0Y   0N|IR  14682/ 40922|CodeSize  203891|Addr 0x7fb35be5ab00|Timestamp 264128904616618|Src n/a
[engine] opt done   id=1875  ProtosRootNode@6374fa5e                            |Tier 2|Time    16(   4+12  )ms|AST    2|Inlined   0Y   0N|IR    815/   944|CodeSize    4429|Addr 0x7fb35beb2e80|Timestamp 264128971343064|Src n/a
[engine] opt done   id=1876  ProtosRootNode@2a834ac6                            |Tier 2|Time   420(  43+377 )ms|AST   11|Inlined   0Y   0N|IR   8198/ 21649|CodeSize  110534|Addr 0x7fb35c8a9580|Timestamp 264129391747536|Src n/a
[engine] opt done   id=1877  ProtosRootNode@74443641                            |Tier 2|Time    16(   4+12  )ms|AST    2|Inlined   0Y   0N|IR    815/   944|CodeSize    4429|Addr 0x7fb35beb0d00|Timestamp 264129410582182|Src n/a
[engine] opt done   id=1878  ProtosRootNode@79b69bd7                            |Tier 2|Time   970(  87+882 )ms|AST   20|Inlined   0Y   0N|IR  15402/ 40275|CodeSize  200624|Addr 0x7fb35b523ea0|Timestamp 264130387834630|Src n/a
[engine] opt done   id=1881  ProtosRootNode@93c49e2                             |Tier 1|Time    29(   6+23  )ms|AST    2|Inlined   0Y   0N|IR    888/  2671|CodeSize   13140|Addr 0x7fb35beab140|Timestamp 264130455307567|Src n/a
[engine] opt failed id=1882  ProtosRootNode@56d35bd6                            |Tier 1|Time   44(-264130456+264130500)ms|Reason: jdk.graal.compiler.truffle.GraphTooBigBailoutException: Graph too big to safely compile. Node count: 51502. Graph Size: 150053. Limit: 150000.|Timestamp 264130499850344|Src n/a
[engine] opt failed id=1882  ProtosRootNode@56d35bd6                            |Tier 1|Time   50(-264130500+264130550)ms|Reason: jdk.graal.compiler.truffle.GraphTooBigBailoutException: Graph too big to safely compile. Node count: 51502. Graph Size: 150053. Limit: 150000.|Timestamp 264130551326427|Src n/a
[engine] opt done   id=1869  ProtosRootNode@64b38e40                            |Tier 1|Time    27(   7+19  )ms|AST    2|Inlined   0Y   0N|IR    888/  1275|CodeSize    5532|Addr 0x7fb35bea8760|Timestamp 264130600105968|Src n/a
[engine] opt done   id=1870  ProtosRootNode@37c8899c                            |Tier 1|Time   108(  18+91  )ms|AST    7|Inlined   0Y   0N|IR   3420/ 11394|CodeSize   54733|Addr 0x7fb35b50cb60|Timestamp 264130710284760|Src n/a
