WARMUP	1	7631064102	528
WARMUP	2	5613177409	528
WARMUP	3	5325264458	528
WARMUP	4	5354644159	528
WARMUP	5	5422516761	528
WARMUP	6	5403019187	528
WARMUP	7	5706997673	528
WARMUP	8	5735332276	528
WARMUP	9	5899425712	528
WARMUP	10	6484516056	528
STEADY	1	5254362502	528
STEADY	2	5460926960	528
STEADY	3	5849927341	528
STEADY	4	6199142434	528
STEADY	5	5810940945	528
STEADY	6	5770134454	528
STEADY	7	5760436842	528
STEADY	8	5852732017	528
STEADY	9	5724792243	528
STEADY	10	5353403720	528
STEADY	11	5748633882	528
STEADY	12	6304270538	528
STEADY	13	6032308461	528
STEADY	14	5525345202	528
STEADY	15	5494115809	528
STEADY	16	5687746771	528
STEADY	17	5880895985	528
STEADY	18	5727180755	528
STEADY	19	7693983199	528
STEADY	20	7967193311	528
STEADY	21	6137713320	528
STEADY	22	5606171695	528
STEADY	23	5757213854	528
STEADY	24	5991615988	528
STEADY	25	5585611469	528
STEADY	26	5846440245	528
STEADY	27	5603450999	528
STEADY	28	5498647102	528
STEADY	29	5322075532	528
STEADY	30	5185922708	528
