WARMUP	1	13473262825	528
WARMUP	2	13575092144	528
WARMUP	3	9985959591	528
WARMUP	4	11011193420	528
WARMUP	5	12649678252	528
WARMUP	6	15149928892	528
WARMUP	7	14014943479	528
WARMUP	8	14272887385	528
WARMUP	9	12619714572	528
WARMUP	10	13061826658	528
WARMUP	11	11618213943	528
WARMUP	12	9787026042	528
WARMUP	13	10218411078	528
WARMUP	14	10729464901	528
WARMUP	15	10541355520	528
WARMUP	16	11356197291	528
WARMUP	17	10585970340	528
WARMUP	18	12342767596	528
WARMUP	19	12056678048	528
WARMUP	20	10680811973	528
