[To redirect Truffle log output to a file use one of the following options:
* '--log.file=<path>' if the option is passed using a guest language launcher.
* '-Dpolyglot.log.file=<path>' if the option is passed using the host Java launcher.
* Configure logging using the polyglot embedding API.]
[engine] opt done   id=150   ProtosRootNode@2bbe4615                            |Tier 1|Time    96(  63+34  )ms|AST    2|Inlined   0Y   0N|IR    591/  1658|CodeSize    7561|Addr 0x7fd767148ea0|Timestamp 263774697329256|Src n/a
[engine] opt done   id=151   ProtosRootNode@71811a9a                            |Tier 1|Time  2265( 287+1978)ms|AST   21|Inlined   0Y   0N|IR  20851/ 81773|CodeSize  436754|Addr 0x7fd76715eda0|Timestamp 263776969618785|Src n/a
[engine] opt done   id=146   ProtosRootNode@1711a73d                            |Tier 1|Time    28(   8+19  )ms|AST    2|Inlined   0Y   0N|IR    888/  1275|CodeSize    5532|Addr 0x7fd7672046e0|Timestamp 263777044899263|Src n/a
[engine] opt done   id=147   ProtosRootNode@6792dc0                             |Tier 1|Time   627(  73+554 )ms|AST   11|Inlined   0Y   0N|IR  10711/ 39220|CodeSize  206041|Addr 0x7fd76720b840|Timestamp 263777673143386|Src n/a
[engine] opt done   id=103   ProtosRootNode@64257bca                            |Tier 1|Time    14(   4+10  )ms|AST    2|Inlined   0Y   0N|IR    591/  1658|CodeSize    7561|Addr 0x7fd76725bda0|Timestamp 263777704329055|Src n/a
[engine] opt done   id=104   ProtosRootNode@3581a79b                            |Tier 1|Time   219(  27+192 )ms|AST    6|Inlined   0Y   0N|IR   5217/ 19409|CodeSize  101975|Addr 0x7fd7672610a0|Timestamp 263777925103382|Src n/a
[engine] opt done   id=148   ProtosRootNode@3c3086be                            |Tier 1|Time    14(   5+9   )ms|AST    2|Inlined   0Y   0N|IR    888/  1275|CodeSize    5532|Addr 0x7fd767288960|Timestamp 263777940585556|Src n/a
[engine] opt done   id=149   ProtosRootNode@15f9ef30                            |Tier 1|Time  1927( 132+1795)ms|AST   20|Inlined   0Y   0N|IR  20353/ 75041|CodeSize  397465|Addr 0x7fd767291040|Timestamp 263779868321285|Src n/a
[engine] opt done   id=150   ProtosRootNode@2bbe4615                            |Tier 2|Time    45(   7+39  )ms|AST    2|Inlined   0Y   0N|IR    518/  1448|CodeSize    7174|Addr 0x7fd7673396e0|Timestamp 263780119849380|Src n/a
[engine] opt done   id=151   ProtosRootNode@71811a9a                            |Tier 2|Time  2056( 156+1900)ms|AST   21|Inlined   0Y   0N|IR  20778/ 68815|CodeSize  387532|Addr 0x7fd767347f20|Timestamp 263782176390434|Src n/a
[engine] opt done   id=146   ProtosRootNode@1711a73d                            |Tier 2|Time    32(   9+23  )ms|AST    2|Inlined   0Y   0N|IR    815/   944|CodeSize    4429|Addr 0x7fd7673dfc80|Timestamp 263782363876862|Src n/a
[engine] opt done   id=147   ProtosRootNode@6792dc0                             |Tier 2|Time   823( 109+714 )ms|AST   11|Inlined   0Y   0N|IR  10638/ 32814|CodeSize  176872|Addr 0x7fd7673efae0|Timestamp 263783190027102|Src n/a
[engine] opt done   id=103   ProtosRootNode@64257bca                            |Tier 2|Time    25(   4+21  )ms|AST    2|Inlined   0Y   0N|IR    518/  1448|CodeSize    7174|Addr 0x7fd767433260|Timestamp 263783215347784|Src n/a
[engine] opt done   id=104   ProtosRootNode@3581a79b                            |Tier 2|Time   256(  23+233 )ms|AST    6|Inlined   0Y   0N|IR   5144/ 16227|CodeSize   85747|Addr 0x7fd7674374e0|Timestamp 263783472971385|Src n/a
[engine] opt done   id=148   ProtosRootNode@3c3086be                            |Tier 2|Time    42(   7+35  )ms|AST    2|Inlined   0Y   0N|IR    815/   944|CodeSize    4429|Addr 0x7fd76745a280|Timestamp 263783523804651|Src n/a
[engine] opt done   id=149   ProtosRootNode@15f9ef30                            |Tier 2|Time  1874( 160+1714)ms|AST   20|Inlined   0Y   0N|IR  20280/ 62658|CodeSize  342484|Addr 0x7fd767462880|Timestamp 263785400149781|Src n/a
[engine] opt done   id=101   ProtosRootNode@62b1b029                            |Tier 1|Time    29(   7+22  )ms|AST    2|Inlined   0Y   0N|IR    591/  1658|CodeSize    7561|Addr 0x7fd7674e65a0|Timestamp 263785498199199|Src n/a
[engine] opt done   id=102   ProtosRootNode@21e59802                            |Tier 1|Time   469(  62+407 )ms|AST    9|Inlined   0Y   0N|IR   7951/ 31452|CodeSize  167494|Addr 0x7fd7674ee3c0|Timestamp 263785967940539|Src n/a
[engine] opt done   id=99    ProtosRootNode@438386fd                            |Tier 1|Time    15(   4+10  )ms|AST    2|Inlined   0Y   0N|IR    888/  1275|CodeSize    5532|Addr 0x7fd76752d7e0|Timestamp 263785999020157|Src n/a
[engine] opt done   id=100   ProtosRootNode@236c544b                            |Tier 1|Time   904(  94+810 )ms|AST   13|Inlined   0Y   0N|IR  12899/ 48349|CodeSize  260527|Addr 0x7fd767534ba0|Timestamp 263786904434217|Src n/a
[engine] opt done   id=105   ProtosRootNode@472483c                             |Tier 1|Time    31(   5+26  )ms|AST    2|Inlined   0Y   0N|IR    888/  1275|CodeSize    5532|Addr 0x7fd767598a60|Timestamp 263786937741057|Src n/a
[engine] opt done   id=106   ProtosRootNode@394f8c27                            |Tier 1|Time   320(  33+286 )ms|AST    9|Inlined   0Y   0N|IR   6486/ 23741|CodeSize  126115|Addr 0x7fd76759e1a0|Timestamp 263787258072194|Src n/a
[engine] opt done   id=152   ProtosRootNode@aa990e0                             |Tier 1|Time    30(   5+24  )ms|AST    2|Inlined   0Y   0N|IR    888/  2671|CodeSize   13140|Addr 0x7fd7675cfec0|Timestamp 263787289152631|Src n/a
[engine] opt failed id=153   ProtosRootNode@190f4dcf                            |Tier 1|Time   49(-263787290+263787339)ms|Reason: jdk.graal.compiler.truffle.GraphTooBigBailoutException: Graph too big to safely compile. Node count: 50681. Graph Size: 150026. Limit: 150000.|Timestamp 263787339240886|Src n/a
[engine] opt failed id=153   ProtosRootNode@190f4dcf                            |Tier 1|Time   66(-263787340+263787405)ms|Reason: jdk.graal.compiler.truffle.GraphTooBigBailoutException: Graph too big to safely compile. Node count: 50681. Graph Size: 150026. Limit: 150000.|Timestamp 263787406702067|Src n/a
[engine] opt done   id=140   ProtosRootNode@565ca98c                            |Tier 1|Time    27(  10+17  )ms|AST    2|Inlined   0Y   0N|IR    888/  1275|CodeSize    5532|Addr 0x7fd7675dac60|Timestamp 263787449877725|Src n/a
[engine] opt done   id=141   ProtosRootNode@5db0eb11                            |Tier 1|Time   195(  21+174 )ms|AST    7|Inlined   0Y   0N|IR   4642/ 17482|CodeSize   90120|Addr 0x7fd7675de480|Timestamp 263787647236092|Src n/a
[engine] opt done   id=241   ProtosRootNode@4ade87b6                            |Tier 1|Time    24(   7+17  )ms|AST    2|Inlined   0Y   0N|IR    591/  1658|CodeSize    7561|Addr 0x7fd767619b20|Timestamp 263787999760457|Src n/a
[engine] opt done   id=242   ProtosRootNode@157f65aa                            |Tier 1|Time  2624( 157+2467)ms|AST   21|Inlined   0Y   0N|IR  20851/ 81773|CodeSize  436754|Addr 0x7fd767622820|Timestamp 263790624411515|Src n/a
[engine] opt done   id=237   ProtosRootNode@341c311e                            |Tier 1|Time    34(  10+24  )ms|AST    2|Inlined   0Y   0N|IR    888/  1275|CodeSize    5532|Addr 0x7fd7676c77e0|Timestamp 263790696308199|Src n/a
[engine] opt done   id=238   ProtosRootNode@6d871d72                            |Tier 1|Time  1127( 108+1019)ms|AST   11|Inlined   0Y   0N|IR  10711/ 39220|CodeSize  206041|Addr 0x7fd7676d1540|Timestamp 263791825969859|Src n/a
[engine] opt done   id=239   ProtosRootNode@35bb1bbb                            |Tier 1|Time    23(   8+16  )ms|AST    2|Inlined   0Y   0N|IR    888/  1275|CodeSize    5532|Addr 0x7fd767721a60|Timestamp 263791851955702|Src n/a
[engine] opt done   id=240   ProtosRootNode@30a49360                            |Tier 1|Time  2588( 269+2319)ms|AST   20|Inlined   0Y   0N|IR  20353/ 75041|CodeSize  397465|Addr 0x7fd767729bc0|Timestamp 263794442674056|Src n/a
[engine] opt done   id=241   ProtosRootNode@4ade87b6                            |Tier 2|Time    43(   7+36  )ms|AST    2|Inlined   0Y   0N|IR    518/  1448|CodeSize    7174|Addr 0x7fd7677c29e0|Timestamp 263794629408693|Src n/a
[engine] opt done   id=242   ProtosRootNode@157f65aa                            |Tier 2|Time  3230( 306+2924)ms|AST   21|Inlined   0Y   0N|IR  20778/ 68815|CodeSize  387532|Addr 0x7fd7677d1320|Timestamp 263797861475079|Src n/a
[engine] opt done   id=237   ProtosRootNode@341c311e                            |Tier 2|Time    36(   8+28  )ms|AST    2|Inlined   0Y   0N|IR    815/   944|CodeSize    4429|Addr 0x7fd767864e80|Timestamp 263798044126441|Src n/a
[engine] opt done   id=238   ProtosRootNode@6d871d72                            |Tier 2|Time   916(  64+852 )ms|AST   11|Inlined   0Y   0N|IR  10638/ 32814|CodeSize  176872|Addr 0x7fd767869260|Timestamp 263798962238561|Src n/a
[engine] opt done   id=239   ProtosRootNode@35bb1bbb                            |Tier 2|Time    42(  10+32  )ms|AST    2|Inlined   0Y   0N|IR    815/   944|CodeSize    4429|Addr 0x7fd7678ae200|Timestamp 263799050327039|Src n/a
[engine] opt done   id=240   ProtosRootNode@30a49360                            |Tier 2|Time  1841( 239+1602)ms|AST   20|Inlined   0Y   0N|IR  20280/ 62658|CodeSize  342484|Addr 0x7fd7678b5f00|Timestamp 263800893690673|Src n/a
[engine] opt done   id=243   ProtosRootNode@152310b4                            |Tier 1|Time    44(   9+34  )ms|AST    2|Inlined   0Y   0N|IR    888/  2671|CodeSize   13140|Addr 0x7fd7679392c0|Timestamp 263800985073865|Src n/a
[engine] opt failed id=244   ProtosRootNode@2dd4dddc                            |Tier 1|Time   49(-263800988+263801036)ms|Reason: jdk.graal.compiler.truffle.GraphTooBigBailoutException: Graph too big to safely compile. Node count: 50681. Graph Size: 150026. Limit: 150000.|Timestamp 263801036524421|Src n/a
[engine] opt failed id=244   ProtosRootNode@2dd4dddc                            |Tier 1|Time   45(-263801044+263801089)ms|Reason: jdk.graal.compiler.truffle.GraphTooBigBailoutException: Graph too big to safely compile. Node count: 50681. Graph Size: 150026. Limit: 150000.|Timestamp 263801089707038|Src n/a
[engine] opt done   id=231   ProtosRootNode@4f1dc5c6                            |Tier 1|Time    17(   4+13  )ms|AST    2|Inlined   0Y   0N|IR    888/  1275|CodeSize    5532|Addr 0x7fd767940660|Timestamp 263801107649214|Src n/a
[engine] opt done   id=232   ProtosRootNode@637d9909                            |Tier 1|Time   202(  25+177 )ms|AST    7|Inlined   0Y   0N|IR   4642/ 17482|CodeSize   90120|Addr 0x7fd767944780|Timestamp 263801310541795|Src n/a
[engine] opt done   id=332   ProtosRootNode@7baae61c                            |Tier 1|Time    28(  10+17  )ms|AST    2|Inlined   0Y   0N|IR    591/  1658|CodeSize    7561|Addr 0x7fd76796ef20|Timestamp 263801562943680|Src n/a
[engine] opt done   id=333   ProtosRootNode@4bbed7e                             |Tier 1|Time  2021( 125+1895)ms|AST   21|Inlined   0Y   0N|IR  20851/ 81773|CodeSize  436754|Addr 0x7fd7679780a0|Timestamp 263803593827090|Src n/a
[engine] opt done   id=328   ProtosRootNode@405f9ac3                            |Tier 1|Time    14(   4+10  )ms|AST    2|Inlined   0Y   0N|IR    888/  1275|CodeSize    5532|Addr 0x7fd767a1c460|Timestamp 263803631675774|Src n/a
[engine] opt done   id=329   ProtosRootNode@791348af                            |Tier 1|Time   618(  58+560 )ms|AST   11|Inlined   0Y   0N|IR  10711/ 39220|CodeSize  206041|Addr 0x7fd767a215c0|Timestamp 263804250033065|Src n/a
[engine] opt done   id=330   ProtosRootNode@23049fb0                            |Tier 1|Time    14(   4+9   )ms|AST    2|Inlined   0Y   0N|IR    888/  1275|CodeSize    5532|Addr 0x7fd767a717e0|Timestamp 263804282096443|Src n/a
[engine] opt done   id=331   ProtosRootNode@291acf2                             |Tier 1|Time  1791( 119+1672)ms|AST   20|Inlined   0Y   0N|IR  20353/ 75041|CodeSize  397465|Addr 0x7fd767a79540|Timestamp 263806074266110|Src n/a
[engine] opt done   id=332   ProtosRootNode@7baae61c                            |Tier 2|Time    19(   4+15  )ms|AST    2|Inlined   0Y   0N|IR    518/  1448|CodeSize    7174|Addr 0x7fd767b14de0|Timestamp 263806196022988|Src n/a
[engine] opt done   id=333   ProtosRootNode@4bbed7e                             |Tier 2|Time  1900( 118+1782)ms|AST   21|Inlined   0Y   0N|IR  20778/ 68815|CodeSize  387532|Addr 0x7fd767b1c620|Timestamp 263808096513790|Src n/a
[engine] opt done   id=328   ProtosRootNode@405f9ac3                            |Tier 2|Time    17(   4+13  )ms|AST    2|Inlined   0Y   0N|IR    815/   944|CodeSize    4429|Addr 0x7fd767bacb00|Timestamp 263808190837964|Src n/a
[engine] opt done   id=329   ProtosRootNode@791348af                            |Tier 2|Time   696(  56+640 )ms|AST   11|Inlined   0Y   0N|IR  10638/ 32814|CodeSize  176872|Addr 0x7fd767bb0e60|Timestamp 263808887396184|Src n/a
[engine] opt done   id=330   ProtosRootNode@23049fb0                            |Tier 2|Time    22(   4+18  )ms|AST    2|Inlined   0Y   0N|IR    815/   944|CodeSize    4429|Addr 0x7fd767bf4200|Timestamp 263808913142357|Src n/a
[engine] opt done   id=331   ProtosRootNode@291acf2                             |Tier 2|Time  1678( 145+1532)ms|AST   20|Inlined   0Y   0N|IR  20280/ 62658|CodeSize  342484|Addr 0x7fd767bfc200|Timestamp 263810591256000|Src n/a
[engine] opt done   id=334   ProtosRootNode@3af7637b                            |Tier 1|Time    21(   5+17  )ms|AST    2|Inlined   0Y   0N|IR    888/  2671|CodeSize   13140|Addr 0x7fd767c7c840|Timestamp 263810653663415|Src n/a
[engine] opt failed id=335   ProtosRootNode@f911ccf                             |Tier 1|Time   43(-263810654+263810697)ms|Reason: jdk.graal.compiler.truffle.GraphTooBigBailoutException: Graph too big to safely compile. Node count: 50681. Graph Size: 150026. Limit: 150000.|Timestamp 263810696690164|Src n/a
[engine] opt failed id=335   ProtosRootNode@f911ccf                             |Tier 1|Time   43(-263810706+263810749)ms|Reason: jdk.graal.compiler.truffle.GraphTooBigBailoutException: Graph too big to safely compile. Node count: 50681. Graph Size: 150026. Limit: 150000.|Timestamp 263810748960360|Src n/a
[engine] opt done   id=322   ProtosRootNode@1c8b02bd                            |Tier 1|Time    15(   4+10  )ms|AST    2|Inlined   0Y   0N|IR    888/  1275|CodeSize    5532|Addr 0x7fd767c82460|Timestamp 263810764136014|Src n/a
[engine] opt done   id=323   ProtosRootNode@3ea5843f                            |Tier 1|Time   416(  43+373 )ms|AST    7|Inlined   0Y   0N|IR   4642/ 17482|CodeSize   90120|Addr 0x7fd767c85c80|Timestamp 263811183516917|Src n/a
[engine] opt done   id=423   ProtosRootNode@5d316d64                            |Tier 1|Time    26(   8+18  )ms|AST    2|Inlined   0Y   0N|IR    591/  1658|CodeSize    7561|Addr 0x7fd767cafca0|Timestamp 263811546229509|Src n/a
[engine] opt done   id=424   ProtosRootNode@6c3896be                            |Tier 1|Time  1964( 128+1836)ms|AST   21|Inlined   0Y   0N|IR  20851/ 81773|CodeSize  436754|Addr 0x7fd767cb89a0|Timestamp 263813521203955|Src n/a
[engine] opt done   id=419   ProtosRootNode@723f3812                            |Tier 1|Time    15(   5+10  )ms|AST    2|Inlined   0Y   0N|IR    888/  1275|CodeSize    5532|Addr 0x7fd767d5d660|Timestamp 263813561444081|Src n/a
[engine] opt done   id=420   ProtosRootNode@48240171                            |Tier 1|Time   695(  58+637 )ms|AST   11|Inlined   0Y   0N|IR  10711/ 39220|CodeSize  206041|Addr 0x7fd767d62ac0|Timestamp 263814256675439|Src n/a
[engine] opt done   id=421   ProtosRootNode@70a1a881                            |Tier 1|Time    14(   4+10  )ms|AST    2|Inlined   0Y   0N|IR    888/  1275|CodeSize    5532|Addr 0x7fd767db2ce0|Timestamp 263814271569702|Src n/a
[engine] opt done   id=422   ProtosRootNode@48600602                            |Tier 1|Time  1933( 167+1766)ms|AST   20|Inlined   0Y   0N|IR  20353/ 75041|CodeSize  397465|Addr 0x7fd767dbad40|Timestamp 263816220252443|Src n/a
[engine] opt done   id=423   ProtosRootNode@5d316d64                            |Tier 2|Time    19(   4+15  )ms|AST    2|Inlined   0Y   0N|IR    518/  1448|CodeSize    7174|Addr 0x7fd767e53a60|Timestamp 263816314502967|Src n/a
[engine] opt done   id=424   ProtosRootNode@6c3896be                            |Tier 2|Time  2040( 133+1907)ms|AST   21|Inlined   0Y   0N|IR  20778/ 68815|CodeSize  387532|Addr 0x7fd767e5b2a0|Timestamp 263818354805419|Src n/a
[engine] opt done   id=419   ProtosRootNode@723f3812                            |Tier 2|Time    34(   7+26  )ms|AST    2|Inlined   0Y   0N|IR    815/   944|CodeSize    4429|Addr 0x7fd767eead80|Timestamp 263818529347534|Src n/a
[engine] opt done   id=420   ProtosRootNode@48240171                            |Tier 2|Time  1299( 120+1179)ms|AST   11|Inlined   0Y   0N|IR  10638/ 32814|CodeSize  176872|Addr 0x7fd767ef03e0|Timestamp 263819829387518|Src n/a
[engine] opt done   id=421   ProtosRootNode@70a1a881                            |Tier 2|Time    22(   4+18  )ms|AST    2|Inlined   0Y   0N|IR    815/   944|CodeSize    4429|Addr 0x7fd767f33780|Timestamp 263819854857611|Src n/a
[engine] opt done   id=422   ProtosRootNode@48600602                            |Tier 2|Time  2048( 284+1763)ms|AST   20|Inlined   0Y   0N|IR  20280/ 62658|CodeSize  342484|Addr 0x7fd767f3a580|Timestamp 263821904858920|Src n/a
[engine] opt done   id=425   ProtosRootNode@17777b5a                            |Tier 1|Time    21(   5+17  )ms|AST    2|Inlined   0Y   0N|IR    888/  2671|CodeSize   13140|Addr 0x7fd767fbabc0|Timestamp 263821974291101|Src n/a
[engine] opt failed id=426   ProtosRootNode@6ac5c4cf                            |Tier 1|Time   69(-263821975+263822043)ms|Reason: jdk.graal.compiler.truffle.GraphTooBigBailoutException: Graph too big to safely compile. Node count: 50681. Graph Size: 150026. Limit: 150000.|Timestamp 263822043513013|Src n/a
[engine] opt failed id=426   ProtosRootNode@6ac5c4cf                            |Tier 1|Time   42(-263822050+263822093)ms|Reason: jdk.graal.compiler.truffle.GraphTooBigBailoutException: Graph too big to safely compile. Node count: 50681. Graph Size: 150026. Limit: 150000.|Timestamp 263822092757016|Src n/a
[engine] opt done   id=413   ProtosRootNode@765324c7                            |Tier 1|Time    14(   4+10  )ms|AST    2|Inlined   0Y   0N|IR    888/  1275|CodeSize    5532|Addr 0x7fd767fc2360|Timestamp 263822111350953|Src n/a
[engine] opt done   id=414   ProtosRootNode@1584ff05                            |Tier 1|Time   201(  24+176 )ms|AST    7|Inlined   0Y   0N|IR   4642/ 17482|CodeSize   90120|Addr 0x7fd767fc5b80|Timestamp 263822312332861|Src n/a
[engine] opt done   id=514   ProtosRootNode@22b2f507                            |Tier 1|Time    16(   5+12  )ms|AST    2|Inlined   0Y   0N|IR    591/  1658|CodeSize    7561|Addr 0x7fd767fec4a0|Timestamp 263822555030126|Src n/a
[engine] opt done   id=515   ProtosRootNode@66517b38                            |Tier 1|Time  2065( 135+1930)ms|AST   21|Inlined   0Y   0N|IR  20851/ 81773|CodeSize  436754|Addr 0x7fd767ff51a0|Timestamp 263824620220158|Src n/a
[engine] opt done   id=510   ProtosRootNode@44f0cfa1                            |Tier 1|Time    14(   5+9   )ms|AST    2|Inlined   0Y   0N|IR    888/  1275|CodeSize    5532|Addr 0x7fd768099560|Timestamp 263824661611864|Src n/a
[engine] opt done   id=511   ProtosRootNode@792c23e7                            |Tier 1|Time   626(  57+568 )ms|AST   11|Inlined   0Y   0N|IR  10711/ 39220|CodeSize  206041|Addr 0x7fd76809e6c0|Timestamp 263825287836159|Src n/a
[engine] opt done   id=512   ProtosRootNode@75322396                            |Tier 1|Time    14(   4+9   )ms|AST    2|Inlined   0Y   0N|IR    888/  1275|CodeSize    5532|Addr 0x7fd7680ee8e0|Timestamp 263825302532582|Src n/a
[engine] opt done   id=513   ProtosRootNode@2881ce81                            |Tier 1|Time  1981( 142+1839)ms|AST   20|Inlined   0Y   0N|IR  20353/ 75041|CodeSize  397465|Addr 0x7fd7680f6640|Timestamp 263827283816178|Src n/a
[engine] opt done   id=514   ProtosRootNode@22b2f507                            |Tier 2|Time    29(   5+24  )ms|AST    2|Inlined   0Y   0N|IR    518/  1448|CodeSize    7174|Addr 0x7fd76818fde0|Timestamp 263827396263747|Src n/a
[engine] opt done   id=515   ProtosRootNode@66517b38                            |Tier 2|Time  2927( 247+2680)ms|AST   21|Inlined   0Y   0N|IR  20778/ 68815|CodeSize  387532|Addr 0x7fd768197920|Timestamp 263830326512332|Src n/a
[engine] opt done   id=510   ProtosRootNode@44f0cfa1                            |Tier 2|Time    23(   7+16  )ms|AST    2|Inlined   0Y   0N|IR    815/   944|CodeSize    4429|Addr 0x7fd768227400|Timestamp 263830429351223|Src n/a
[engine] opt done   id=511   ProtosRootNode@792c23e7                            |Tier 2|Time  1217(  95+1122)ms|AST   11|Inlined   0Y   0N|IR  10638/ 32814|CodeSize  176872|Addr 0x7fd76822b460|Timestamp 263831646590511|Src n/a
[engine] opt done   id=512   ProtosRootNode@75322396                            |Tier 2|Time    33(   6+27  )ms|AST    2|Inlined   0Y   0N|IR    815/   944|CodeSize    4429|Addr 0x7fd76826e800|Timestamp 263831685245445|Src n/a
[engine] opt done   id=513   ProtosRootNode@2881ce81                            |Tier 2|Time  2726( 204+2522)ms|AST   20|Inlined   0Y   0N|IR  20280/ 62658|CodeSize  342484|Addr 0x7fd768274400|Timestamp 263834411704167|Src n/a
[engine] opt done   id=516   ProtosRootNode@3d20c28e                            |Tier 1|Time    29(   6+23  )ms|AST    2|Inlined   0Y   0N|IR    888/  2671|CodeSize   13140|Addr 0x7fd7682f4a40|Timestamp 263834486622863|Src n/a
[engine] opt failed id=517   ProtosRootNode@6cfdb79f                            |Tier 1|Time   53(-263834487+263834540)ms|Reason: jdk.graal.compiler.truffle.GraphTooBigBailoutException: Graph too big to safely compile. Node count: 50681. Graph Size: 150026. Limit: 150000.|Timestamp 263834540201941|Src n/a
[engine] opt failed id=517   ProtosRootNode@6cfdb79f                            |Tier 1|Time   51(-263834551+263834601)ms|Reason: jdk.graal.compiler.truffle.GraphTooBigBailoutException: Graph too big to safely compile. Node count: 50681. Graph Size: 150026. Limit: 150000.|Timestamp 263834601415455|Src n/a
[engine] opt done   id=504   ProtosRootNode@10717ac6                            |Tier 1|Time    22(   6+16  )ms|AST    2|Inlined   0Y   0N|IR    888/  1275|CodeSize    5532|Addr 0x7fd7682fa660|Timestamp 263834624109925|Src n/a
[engine] opt done   id=505   ProtosRootNode@bbc14d8                             |Tier 1|Time   341(  43+298 )ms|AST    7|Inlined   0Y   0N|IR   4642/ 17482|CodeSize   90120|Addr 0x7fd7682fde80|Timestamp 263834965636527|Src n/a
[engine] opt done   id=605   ProtosRootNode@37e5c54e                            |Tier 1|Time    32(  10+22  )ms|AST    2|Inlined   0Y   0N|IR    591/  1658|CodeSize    7561|Addr 0x7fd7683229a0|Timestamp 263835213059976|Src n/a
[engine] opt done   id=606   ProtosRootNode@5632f2f6                            |Tier 1|Time  3319( 401+2918)ms|AST   21|Inlined   0Y   0N|IR  20851/ 81773|CodeSize  436754|Addr 0x7fd76832d320|Timestamp 263838534112681|Src n/a
[engine] opt done   id=601   ProtosRootNode@d13fbe2                             |Tier 1|Time    24(   8+16  )ms|AST    2|Inlined   0Y   0N|IR    888/  1275|CodeSize    5532|Addr 0x7fd7683d16e0|Timestamp 263838591291912|Src n/a
[engine] opt done   id=602   ProtosRootNode@2519cee5                            |Tier 1|Time   922(  89+833 )ms|AST   11|Inlined   0Y   0N|IR  10711/ 39220|CodeSize  206041|Addr 0x7fd7683d6840|Timestamp 263839514624997|Src n/a
[engine] opt done   id=603   ProtosRootNode@799e0fb1                            |Tier 1|Time    33(   5+29  )ms|AST    2|Inlined   0Y   0N|IR    888/  1275|CodeSize    5532|Addr 0x7fd768426a60|Timestamp 263839550061299|Src n/a
[engine] opt done   id=604   ProtosRootNode@6da160f8                            |Tier 1|Time  2620( 205+2415)ms|AST   20|Inlined   0Y   0N|IR  20353/ 75041|CodeSize  397465|Addr 0x7fd76842e7c0|Timestamp 263842170701143|Src n/a
[engine] opt done   id=605   ProtosRootNode@37e5c54e                            |Tier 2|Time    34(   6+28  )ms|AST    2|Inlined   0Y   0N|IR    518/  1448|CodeSize    7174|Addr 0x7fd7684c71e0|Timestamp 263842308495394|Src n/a
[engine] opt done   id=606   ProtosRootNode@5632f2f6                            |Tier 2|Time  3130( 302+2828)ms|AST   21|Inlined   0Y   0N|IR  20778/ 68815|CodeSize  387532|Addr 0x7fd7684d2420|Timestamp 263845438858447|Src n/a
[engine] opt done   id=601   ProtosRootNode@d13fbe2                             |Tier 2|Time    23(   6+17  )ms|AST    2|Inlined   0Y   0N|IR    815/   944|CodeSize    4429|Addr 0x7fd768561f00|Timestamp 263845549240944|Src n/a
[engine] opt done   id=602   ProtosRootNode@2519cee5                            |Tier 2|Time  1093(  92+1001)ms|AST   11|Inlined   0Y   0N|IR  10638/ 32814|CodeSize  176872|Addr 0x7fd768565f60|Timestamp 263846643270849|Src n/a
[engine] opt done   id=603   ProtosRootNode@799e0fb1                            |Tier 2|Time    32(   5+27  )ms|AST    2|Inlined   0Y   0N|IR    815/   944|CodeSize    4429|Addr 0x7fd7685a9300|Timestamp 263846679468341|Src n/a
[engine] opt done   id=604   ProtosRootNode@6da160f8                            |Tier 2|Time  2552( 257+2295)ms|AST   20|Inlined   0Y   0N|IR  20280/ 62658|CodeSize  342484|Addr 0x7fd7685aef00|Timestamp 263849232329221|Src n/a
[engine] opt done   id=607   ProtosRootNode@4e3f1b5f                            |Tier 1|Time    24(   5+18  )ms|AST    2|Inlined   0Y   0N|IR    888/  2671|CodeSize   13140|Addr 0x7fd76862f540|Timestamp 263849299835261|Src n/a
[engine] opt failed id=608   ProtosRootNode@405f7217                            |Tier 1|Time   62(-263849300+263849362)ms|Reason: jdk.graal.compiler.truffle.GraphTooBigBailoutException: Graph too big to safely compile. Node count: 50681. Graph Size: 150026. Limit: 150000.|Timestamp 263849362206576|Src n/a
[engine] opt failed id=608   ProtosRootNode@405f7217                            |Tier 1|Time   54(-263849372+263849426)ms|Reason: jdk.graal.compiler.truffle.GraphTooBigBailoutException: Graph too big to safely compile. Node count: 50681. Graph Size: 150026. Limit: 150000.|Timestamp 263849425862972|Src n/a
[engine] opt done   id=595   ProtosRootNode@12175afb                            |Tier 1|Time    16(   5+11  )ms|AST    2|Inlined   0Y   0N|IR    888/  1275|CodeSize    5532|Addr 0x7fd768635160|Timestamp 263849442551817|Src n/a
[engine] opt done   id=596   ProtosRootNode@660ba002                            |Tier 1|Time   500(  59+441 )ms|AST    7|Inlined   0Y   0N|IR   4642/ 17482|CodeSize   90120|Addr 0x7fd768638980|Timestamp 263849944563329|Src n/a
[engine] opt done   id=696   ProtosRootNode@68baf689                            |Tier 1|Time    32(   8+25  )ms|AST    2|Inlined   0Y   0N|IR    591/  1658|CodeSize    7561|Addr 0x7fd76865e1a0|Timestamp 263850362581537|Src n/a
[engine] opt done   id=697   ProtosRootNode@3e74a372                            |Tier 1|Time  2582( 183+2399)ms|AST   21|Inlined   0Y   0N|IR  20851/ 81773|CodeSize  436754|Addr 0x7fd768668720|Timestamp 263852945749473|Src n/a
[engine] opt done   id=692   ProtosRootNode@3bcad164                            |Tier 1|Time    16(   5+11  )ms|AST    2|Inlined   0Y   0N|IR    888/  1275|CodeSize    5532|Addr 0x7fd76870cde0|Timestamp 263852999969480|Src n/a
[engine] opt done   id=693   ProtosRootNode@716af36b                            |Tier 1|Time  1064(  87+977 )ms|AST   11|Inlined   0Y   0N|IR  10711/ 39220|CodeSize  206041|Addr 0x7fd768711f40|Timestamp 263854064453217|Src n/a
[engine] opt done   id=694   ProtosRootNode@67f42b1e                            |Tier 1|Time    27(   8+19  )ms|AST    2|Inlined   0Y   0N|IR    888/  1275|CodeSize    5532|Addr 0x7fd768762160|Timestamp 263854092674712|Src n/a
[engine] opt done   id=695   ProtosRootNode@29f8636a                            |Tier 1|Time  2810( 219+2591)ms|AST   20|Inlined   0Y   0N|IR  20353/ 75041|CodeSize  397465|Addr 0x7fd768769ec0|Timestamp 263856934136133|Src n/a
[engine] opt done   id=696   ProtosRootNode@68baf689                            |Tier 2|Time    48(   7+41  )ms|AST    2|Inlined   0Y   0N|IR    518/  1448|CodeSize    7174|Addr 0x7fd7688028e0|Timestamp 263857148641852|Src n/a
[engine] opt done   id=697   ProtosRootNode@3e74a372                            |Tier 2|Time  3045( 473+2572)ms|AST   21|Inlined   0Y   0N|IR  20778/ 68815|CodeSize  387532|Addr 0x7fd76880ada0|Timestamp 263860194322700|Src n/a
[engine] opt done   id=692   ProtosRootNode@3bcad164                            |Tier 2|Time    31(   8+23  )ms|AST    2|Inlined   0Y   0N|IR    815/   944|CodeSize    4429|Addr 0x7fd76889a880|Timestamp 263860316926018|Src n/a
[engine] opt done   id=693   ProtosRootNode@716af36b                            |Tier 2|Time   823( 122+701 )ms|AST   11|Inlined   0Y   0N|IR  10638/ 32814|CodeSize  176872|Addr 0x7fd76889ebe0|Timestamp 263861140467742|Src n/a
[engine] opt done   id=694   ProtosRootNode@67f42b1e                            |Tier 2|Time    24(   5+19  )ms|AST    2|Inlined   0Y   0N|IR    815/   944|CodeSize    4429|Addr 0x7fd7688e1f80|Timestamp 263861169149837|Src n/a
[engine] opt done   id=695   ProtosRootNode@29f8636a                            |Tier 2|Time  2279( 128+2151)ms|AST   20|Inlined   0Y   0N|IR  20280/ 62658|CodeSize  342484|Addr 0x7fd7688e7b80|Timestamp 263863448668690|Src n/a
[engine] opt done   id=698   ProtosRootNode@34bf6550                            |Tier 1|Time    37(   7+29  )ms|AST    2|Inlined   0Y   0N|IR    888/  2671|CodeSize   13140|Addr 0x7fd7689681c0|Timestamp 263863551422980|Src n/a
[engine] opt failed id=699   ProtosRootNode@3ec0bc1a                            |Tier 1|Time   67(-263863552+263863619)ms|Reason: jdk.graal.compiler.truffle.GraphTooBigBailoutException: Graph too big to safely compile. Node count: 50681. Graph Size: 150026. Limit: 150000.|Timestamp 263863618994039|Src n/a
[engine] opt failed id=699   ProtosRootNode@3ec0bc1a                            |Tier 1|Time   54(-263863633+263863687)ms|Reason: jdk.graal.compiler.truffle.GraphTooBigBailoutException: Graph too big to safely compile. Node count: 50681. Graph Size: 150026. Limit: 150000.|Timestamp 263863687265959|Src n/a
[engine] opt done   id=686   ProtosRootNode@2ad26585                            |Tier 1|Time    17(   6+11  )ms|AST    2|Inlined   0Y   0N|IR    888/  1275|CodeSize    5532|Addr 0x7fd76896f2e0|Timestamp 263863711481541|Src n/a
[engine] opt done   id=687   ProtosRootNode@5c458464                            |Tier 1|Time   329(  29+300 )ms|AST    7|Inlined   0Y   0N|IR   4642/ 17482|CodeSize   90120|Addr 0x7fd768974c00|Timestamp 263864041599711|Src n/a
[engine] opt done   id=787   ProtosRootNode@62c72784                            |Tier 1|Time    26(   8+18  )ms|AST    2|Inlined   0Y   0N|IR    591/  1658|CodeSize    7561|Addr 0x7fd768999720|Timestamp 263864371486910|Src n/a
[engine] opt done   id=788   ProtosRootNode@6c9c8596                            |Tier 1|Time  3055( 229+2826)ms|AST   21|Inlined   0Y   0N|IR  20851/ 81773|CodeSize  436754|Addr 0x7fd7689a2420|Timestamp 263867426803873|Src n/a
[engine] opt done   id=783   ProtosRootNode@1caeaee8                            |Tier 1|Time    19(   6+13  )ms|AST    2|Inlined   0Y   0N|IR    888/  1275|CodeSize    5532|Addr 0x7fd768a467e0|Timestamp 263867475697546|Src n/a
[engine] opt done   id=784   ProtosRootNode@18aa650b                            |Tier 1|Time   909(  95+813 )ms|AST   11|Inlined   0Y   0N|IR  10711/ 39220|CodeSize  206041|Addr 0x7fd768a4b940|Timestamp 263868384737024|Src n/a
[engine] opt done   id=785   ProtosRootNode@24bd56a4                            |Tier 1|Time    14(   5+10  )ms|AST    2|Inlined   0Y   0N|IR    888/  1275|CodeSize    5532|Addr 0x7fd768a9bb60|Timestamp 263868423968368|Src n/a
[engine] opt done   id=786   ProtosRootNode@5179be22                            |Tier 1|Time  2973( 174+2799)ms|AST   20|Inlined   0Y   0N|IR  20353/ 75041|CodeSize  397465|Addr 0x7fd768aa3bc0|Timestamp 263871398595877|Src n/a
[engine] opt done   id=787   ProtosRootNode@62c72784                            |Tier 2|Time    22(   4+18  )ms|AST    2|Inlined   0Y   0N|IR    518/  1448|CodeSize    7174|Addr 0x7fd768b3e260|Timestamp 263871544958085|Src n/a
[engine] opt done   id=788   ProtosRootNode@6c9c8596                            |Tier 2|Time  2859( 202+2657)ms|AST   21|Inlined   0Y   0N|IR  20778/ 68815|CodeSize  387532|Addr 0x7fd768b45aa0|Timestamp 263874404165432|Src n/a
[engine] opt done   id=783   ProtosRootNode@1caeaee8                            |Tier 2|Time    23(   5+18  )ms|AST    2|Inlined   0Y   0N|IR    815/   944|CodeSize    4429|Addr 0x7fd768bd7e00|Timestamp 263874550658290|Src n/a
[engine] opt done   id=784   ProtosRootNode@18aa650b                            |Tier 2|Time  1073(  79+994 )ms|AST   11|Inlined   0Y   0N|IR  10638/ 32814|CodeSize  176872|Addr 0x7fd768bdbe60|Timestamp 263875623839980|Src n/a
[engine] opt done   id=785   ProtosRootNode@24bd56a4                            |Tier 2|Time    36(   8+28  )ms|AST    2|Inlined   0Y   0N|IR    815/   944|CodeSize    4429|Addr 0x7fd768c1f900|Timestamp 263875667485369|Src n/a
[engine] opt done   id=786   ProtosRootNode@5179be22                            |Tier 2|Time  2299( 141+2158)ms|AST   20|Inlined   0Y   0N|IR  20280/ 62658|CodeSize  342484|Addr 0x7fd768c25500|Timestamp 263877968986714|Src n/a
[engine] opt done   id=789   ProtosRootNode@5d0e5a32                            |Tier 1|Time    23(   5+18  )ms|AST    2|Inlined   0Y   0N|IR    888/  2671|CodeSize   13140|Addr 0x7fd768ca6340|Timestamp 263878056252941|Src n/a
[engine] opt failed id=790   ProtosRootNode@6e6346ae                            |Tier 1|Time   42(-263878057+263878100)ms|Reason: jdk.graal.compiler.truffle.GraphTooBigBailoutException: Graph too big to safely compile. Node count: 50681. Graph Size: 150026. Limit: 150000.|Timestamp 263878100572180|Src n/a
[engine] opt failed id=790   ProtosRootNode@6e6346ae                            |Tier 1|Time   44(-263878112+263878156)ms|Reason: jdk.graal.compiler.truffle.GraphTooBigBailoutException: Graph too big to safely compile. Node count: 50681. Graph Size: 150026. Limit: 150000.|Timestamp 263878156022078|Src n/a
[engine] opt done   id=777   ProtosRootNode@66f19f0c                            |Tier 1|Time    14(   4+10  )ms|AST    2|Inlined   0Y   0N|IR    888/  1275|CodeSize    5532|Addr 0x7fd768cad960|Timestamp 263878170635281|Src n/a
[engine] opt done   id=778   ProtosRootNode@232ed267                            |Tier 1|Time   246(  41+205 )ms|AST    7|Inlined   0Y   0N|IR   4642/ 17482|CodeSize   90120|Addr 0x7fd768cb1180|Timestamp 263878417119497|Src n/a
[engine] opt done   id=878   ProtosRootNode@66c82d2c                            |Tier 1|Time    18(   6+11  )ms|AST    2|Inlined   0Y   0N|IR    591/  1658|CodeSize    7561|Addr 0x7fd768cd52a0|Timestamp 263878631428504|Src n/a
[engine] opt done   id=879   ProtosRootNode@1e658e47                            |Tier 1|Time  2612( 171+2440)ms|AST   21|Inlined   0Y   0N|IR  20851/ 81773|CodeSize  436754|Addr 0x7fd768cddfa0|Timestamp 263881243691061|Src n/a
[engine] opt done   id=874   ProtosRootNode@28d77e4b                            |Tier 1|Time    15(   5+10  )ms|AST    2|Inlined   0Y   0N|IR    888/  1275|CodeSize    5532|Addr 0x7fd768d82360|Timestamp 263881286033798|Src n/a
[engine] opt done   id=875   ProtosRootNode@3d4e738b                            |Tier 1|Time   902(  58+844 )ms|AST   11|Inlined   0Y   0N|IR  10711/ 39220|CodeSize  206041|Addr 0x7fd768d874c0|Timestamp 263882188523827|Src n/a
[engine] opt done   id=876   ProtosRootNode@29a484e1                            |Tier 1|Time    14(   4+10  )ms|AST    2|Inlined   0Y   0N|IR    888/  1275|CodeSize    5532|Addr 0x7fd768dd76e0|Timestamp 263882203349100|Src n/a
[engine] opt done   id=877   ProtosRootNode@4abbf579                            |Tier 1|Time  2354( 172+2182)ms|AST   20|Inlined   0Y   0N|IR  20353/ 75041|CodeSize  397465|Addr 0x7fd767291040|Timestamp 263884557787929|Src n/a
[engine] opt done   id=878   ProtosRootNode@66c82d2c                            |Tier 2|Time    19(   4+15  )ms|AST    2|Inlined   0Y   0N|IR    518/  1448|CodeSize    7174|Addr 0x7fd7673396e0|Timestamp 263884672063889|Src n/a
[engine] opt done   id=879   ProtosRootNode@1e658e47                            |Tier 2|Time  2612( 237+2374)ms|AST   21|Inlined   0Y   0N|IR  20778/ 68815|CodeSize  387532|Addr 0x7fd767347f20|Timestamp 263887284056112|Src n/a
[engine] opt done   id=874   ProtosRootNode@28d77e4b                            |Tier 2|Time    17(   4+13  )ms|AST    2|Inlined   0Y   0N|IR    815/   944|CodeSize    4429|Addr 0x7fd76745a280|Timestamp 263887392543547|Src n/a
[engine] opt done   id=875   ProtosRootNode@3d4e738b                            |Tier 2|Time   830(  62+768 )ms|AST   11|Inlined   0Y   0N|IR  10638/ 32814|CodeSize  176872|Addr 0x7fd7673efae0|Timestamp 263888223918433|Src n/a
[engine] opt done   id=876   ProtosRootNode@29a484e1                            |Tier 2|Time    24(   4+19  )ms|AST    2|Inlined   0Y   0N|IR    815/   944|CodeSize    4429|Addr 0x7fd767864e80|Timestamp 263888250812057|Src n/a
[engine] opt done   id=877   ProtosRootNode@4abbf579                            |Tier 2|Time  2182( 125+2057)ms|AST   20|Inlined   0Y   0N|IR  20280/ 62658|CodeSize  342484|Addr 0x7fd767462880|Timestamp 263890433537103|Src n/a
[engine] opt done   id=880   ProtosRootNode@78637699                            |Tier 1|Time    22(   5+18  )ms|AST    2|Inlined   0Y   0N|IR    888/  2671|CodeSize   13140|Addr 0x7fd7675cfec0|Timestamp 263890488967762|Src n/a
[engine] opt failed id=881   ProtosRootNode@58be1183                            |Tier 1|Time   62(-263890489+263890551)ms|Reason: jdk.graal.compiler.truffle.GraphTooBigBailoutException: Graph too big to safely compile. Node count: 50681. Graph Size: 150026. Limit: 150000.|Timestamp 263890551115926|Src n/a
[engine] opt failed id=881   ProtosRootNode@58be1183                            |Tier 1|Time   86(-263890569+263890655)ms|Reason: jdk.graal.compiler.truffle.GraphTooBigBailoutException: Graph too big to safely compile. Node count: 50681. Graph Size: 150026. Limit: 150000.|Timestamp 263890655371057|Src n/a
[engine] opt done   id=868   ProtosRootNode@294c13c3                            |Tier 1|Time    51(  16+35  )ms|AST    2|Inlined   0Y   0N|IR    888/  1275|CodeSize    5532|Addr 0x7fd7672046e0|Timestamp 263890710417665|Src n/a
[engine] opt done   id=869   ProtosRootNode@6992215a                            |Tier 1|Time   314(  40+273 )ms|AST    7|Inlined   0Y   0N|IR   4642/ 17482|CodeSize   90120|Addr 0x7fd767944780|Timestamp 263891024748439|Src n/a
[engine] opt done   id=969   ProtosRootNode@75416ff2                            |Tier 1|Time    43(  16+27  )ms|AST    2|Inlined   0Y   0N|IR    591/  1658|CodeSize    7561|Addr 0x7fd767148ea0|Timestamp 263891294816895|Src n/a
[engine] opt done   id=970   ProtosRootNode@17e053be                            |Tier 1|Time  2167( 193+1974)ms|AST   21|Inlined   0Y   0N|IR  20851/ 81773|CodeSize  436754|Addr 0x7fd76715eda0|Timestamp 263893462367047|Src n/a
[engine] opt done   id=965   ProtosRootNode@562639ba                            |Tier 1|Time    14(   4+10  )ms|AST    2|Inlined   0Y   0N|IR    888/  1275|CodeSize    5532|Addr 0x7fd767288960|Timestamp 263893503940993|Src n/a
[engine] opt done   id=966   ProtosRootNode@9622d2f                             |Tier 1|Time   704(  60+644 )ms|AST   11|Inlined   0Y   0N|IR  10711/ 39220|CodeSize  206041|Addr 0x7fd76720b840|Timestamp 263894208099058|Src n/a
[engine] opt done   id=967   ProtosRootNode@543100f4                            |Tier 1|Time    14(   4+9   )ms|AST    2|Inlined   0Y   0N|IR    888/  1275|CodeSize    5532|Addr 0x7fd7676c77e0|Timestamp 263894241080677|Src n/a
[engine] opt done   id=968   ProtosRootNode@510fbe1b                            |Tier 1|Time  2017( 133+1884)ms|AST   20|Inlined   0Y   0N|IR  20353/ 75041|CodeSize  397465|Addr 0x7fd767729bc0|Timestamp 263896258460776|Src n/a
[engine] opt done   id=969   ProtosRootNode@75416ff2                            |Tier 2|Time    20(   4+16  )ms|AST    2|Inlined   0Y   0N|IR    518/  1448|CodeSize    7174|Addr 0x7fd7677c29e0|Timestamp 263896373786937|Src n/a
[engine] opt done   id=970   ProtosRootNode@17e053be                            |Tier 2|Time  2039( 147+1892)ms|AST   21|Inlined   0Y   0N|IR  20778/ 68815|CodeSize  387532|Addr 0x7fd7677d1320|Timestamp 263898415455347|Src n/a
[engine] opt done   id=965   ProtosRootNode@562639ba                            |Tier 2|Time    17(   4+13  )ms|AST    2|Inlined   0Y   0N|IR    815/   944|CodeSize    4429|Addr 0x7fd767722080|Timestamp 263898493639745|Src n/a
[engine] opt done   id=966   ProtosRootNode@9622d2f                             |Tier 2|Time   820(  60+760 )ms|AST   11|Inlined   0Y   0N|IR  10638/ 32814|CodeSize  176872|Addr 0x7fd767869260|Timestamp 263899313923250|Src n/a
[engine] opt done   id=967   ProtosRootNode@543100f4                            |Tier 2|Time    23(   4+19  )ms|AST    2|Inlined   0Y   0N|IR    815/   944|CodeSize    4429|Addr 0x7fd767940c80|Timestamp 263899339913623|Src n/a
[engine] opt done   id=968   ProtosRootNode@510fbe1b                            |Tier 2|Time  1884( 129+1755)ms|AST   20|Inlined   0Y   0N|IR  20280/ 62658|CodeSize  342484|Addr 0x7fd7678b5f00|Timestamp 263901224895525|Src n/a
[engine] opt done   id=971   ProtosRootNode@1eee4705                            |Tier 1|Time    23(   5+19  )ms|AST    2|Inlined   0Y   0N|IR    888/  2671|CodeSize   13140|Addr 0x7fd7679392c0|Timestamp 263901319968368|Src n/a
[engine] opt failed id=972   ProtosRootNode@13a4d33d                            |Tier 1|Time   60(-263901320+263901380)ms|Reason: jdk.graal.compiler.truffle.GraphTooBigBailoutException: Graph too big to safely compile. Node count: 50681. Graph Size: 150026. Limit: 150000.|Timestamp 263901380121481|Src n/a
[engine] opt failed id=972   ProtosRootNode@13a4d33d                            |Tier 1|Time   53(-263901388+263901441)ms|Reason: jdk.graal.compiler.truffle.GraphTooBigBailoutException: Graph too big to safely compile. Node count: 50681. Graph Size: 150026. Limit: 150000.|Timestamp 263901440733023|Src n/a
[engine] opt done   id=959   ProtosRootNode@373801f                             |Tier 1|Time    18(   7+11  )ms|AST    2|Inlined   0Y   0N|IR    888/  1275|CodeSize    5532|Addr 0x7fd767d5d660|Timestamp 263901459800820|Src n/a
[engine] opt done   id=960   ProtosRootNode@3555d179                            |Tier 1|Time   253(  24+228 )ms|AST    7|Inlined   0Y   0N|IR   4642/ 17482|CodeSize   90120|Addr 0x7fd768974c00|Timestamp 263901712669520|Src n/a
[engine] opt done   id=101   ProtosRootNode@62b1b029                            |Tier 2|Time    27(   4+23  )ms|AST    2|Inlined   0Y   0N|IR    518/  1448|CodeSize    7174|Addr 0x7fd76818fde0|Timestamp 263901900878734|Src n/a
[engine] opt done   id=102   ProtosRootNode@21e59802                            |Tier 2|Time   576(  46+530 )ms|AST    9|Inlined   0Y   0N|IR   7883/ 27025|CodeSize  148759|Addr 0x7fd767bbf100|Timestamp 263902477170016|Src n/a
[engine] opt done   id=99    ProtosRootNode@438386fd                            |Tier 2|Time    18(   4+13  )ms|AST    2|Inlined   0Y   0N|IR    815/   944|CodeSize    4429|Addr 0x7fd76896f900|Timestamp 263902497881794|Src n/a
[engine] opt done   id=100   ProtosRootNode@236c544b                            |Tier 2|Time  1267(  96+1171)ms|AST   13|Inlined   0Y   0N|IR  12831/ 40881|CodeSize  225171|Addr 0x7fd768c51a00|Timestamp 263903765778518|Src n/a
[engine] opt done   id=105   ProtosRootNode@472483c                             |Tier 2|Time    24(   6+18  )ms|AST    2|Inlined   0Y   0N|IR    815/   944|CodeSize    4429|Addr 0x7fd767970400|Timestamp 263903790123480|Src n/a
[engine] opt done   id=106   ProtosRootNode@394f8c27                            |Tier 2|Time   472(  47+425 )ms|AST    9|Inlined   0Y   0N|IR   6414/ 19828|CodeSize  105112|Addr 0x7fd768c26f20|Timestamp 263904262649681|Src n/a
[engine] opt done   id=1060  ProtosRootNode@5ad40c55                            |Tier 1|Time    33(   9+24  )ms|AST    2|Inlined   0Y   0N|IR    591/  1658|CodeSize    7561|Addr 0x7fd7683229a0|Timestamp 263904330338710|Src n/a
[engine] opt done   id=1061  ProtosRootNode@19454ad                             |Tier 1|Time  2594( 198+2395)ms|AST   21|Inlined   0Y   0N|IR  20851/ 81773|CodeSize  436754|Addr 0x7fd768668720|Timestamp 263906926147259|Src n/a
[engine] opt done   id=1056  ProtosRootNode@4400dfdf                            |Tier 1|Time    24(   7+17  )ms|AST    2|Inlined   0Y   0N|IR    888/  1275|CodeSize    5532|Addr 0x7fd76865f060|Timestamp 263906993133918|Src n/a
[engine] opt done   id=1057  ProtosRootNode@743f2c5f                            |Tier 1|Time   843(  88+755 )ms|AST   11|Inlined   0Y   0N|IR  10711/ 39220|CodeSize  206041|Addr 0x7fd7676d1540|Timestamp 263907836504521|Src n/a
[engine] opt done   id=1058  ProtosRootNode@264222bf                            |Tier 1|Time    14(   4+9   )ms|AST    2|Inlined   0Y   0N|IR    888/  1275|CodeSize    5532|Addr 0x7fd768ca9760|Timestamp 263907868182399|Src n/a
[engine] opt done   id=1059  ProtosRootNode@2e35dd54                            |Tier 1|Time  1915( 124+1792)ms|AST   20|Inlined   0Y   0N|IR  20353/ 75041|CodeSize  397465|Addr 0x7fd767dbad40|Timestamp 263909783555795|Src n/a
[engine] opt done   id=1060  ProtosRootNode@5ad40c55                            |Tier 2|Time    33(   7+27  )ms|AST    2|Inlined   0Y   0N|IR    518/  1448|CodeSize    7174|Addr 0x7fd768ca61e0|Timestamp 263909908320654|Src n/a
[engine] opt done   id=1061  ProtosRootNode@19454ad                             |Tier 2|Time  2635( 192+2443)ms|AST   21|Inlined   0Y   0N|IR  20778/ 68815|CodeSize  387532|Addr 0x7fd76880cf20|Timestamp 263912543826145|Src n/a
[engine] opt done   id=1056  ProtosRootNode@4400dfdf                            |Tier 2|Time    16(   4+12  )ms|AST    2|Inlined   0Y   0N|IR    815/   944|CodeSize    4429|Addr 0x7fd768806a00|Timestamp 263912628621198|Src n/a
[engine] opt done   id=1057  ProtosRootNode@743f2c5f                            |Tier 2|Time   766(  57+709 )ms|AST   11|Inlined   0Y   0N|IR  10638/ 32814|CodeSize  176872|Addr 0x7fd767ef2560|Timestamp 263913394863834|Src n/a
[engine] opt done   id=1058  ProtosRootNode@264222bf                            |Tier 2|Time    17(   5+12  )ms|AST    2|Inlined   0Y   0N|IR    815/   944|CodeSize    4429|Addr 0x7fd767eee500|Timestamp 263913428514514|Src n/a
[engine] opt done   id=1059  ProtosRootNode@2e35dd54                            |Tier 2|Time  1936( 192+1744)ms|AST   20|Inlined   0Y   0N|IR  20280/ 62658|CodeSize  342484|Addr 0x7fd767f40380|Timestamp 263915365571117|Src n/a
[engine] opt done   id=1062  ProtosRootNode@5f50aee2                            |Tier 1|Time    22(   5+17  )ms|AST    2|Inlined   0Y   0N|IR    888/  2671|CodeSize   13140|Addr 0x7fd767f36d40|Timestamp 263915427037060|Src n/a
[engine] opt failed id=1063  ProtosRootNode@11e70a44                            |Tier 1|Time   43(-263915427+263915470)ms|Reason: jdk.graal.compiler.truffle.GraphTooBigBailoutException: Graph too big to safely compile. Node count: 50681. Graph Size: 150026. Limit: 150000.|Timestamp 263915470281378|Src n/a
[engine] opt failed id=1063  ProtosRootNode@11e70a44                            |Tier 1|Time   43(-263915480+263915523)ms|Reason: jdk.graal.compiler.truffle.GraphTooBigBailoutException: Graph too big to safely compile. Node count: 50681. Graph Size: 150026. Limit: 150000.|Timestamp 263915522734763|Src n/a
[engine] opt done   id=1050  ProtosRootNode@618e2564                            |Tier 1|Time    14(   4+10  )ms|AST    2|Inlined   0Y   0N|IR    888/  1275|CodeSize    5532|Addr 0x7fd768c234e0|Timestamp 263915536979185|Src n/a
[engine] opt done   id=1051  ProtosRootNode@484a966f                            |Tier 1|Time   192(  23+169 )ms|AST    7|Inlined   0Y   0N|IR   4642/ 17482|CodeSize   90120|Addr 0x7fd7675de480|Timestamp 263915729315732|Src n/a
[engine] opt done   id=1151  ProtosRootNode@36d010bd                            |Tier 1|Time    14(   4+10  )ms|AST    2|Inlined   0Y   0N|IR    591/  1658|CodeSize    7561|Addr 0x7fd768c1fe20|Timestamp 263915921248319|Src n/a
[engine] opt done   id=1152  ProtosRootNode@16435b7b                            |Tier 1|Time  2094( 133+1961)ms|AST   21|Inlined   0Y   0N|IR  20851/ 81773|CodeSize  436754|Addr 0x7fd767622820|Timestamp 263918015382237|Src n/a
[engine] opt done   id=1147  ProtosRootNode@6658351                             |Tier 1|Time    14(   4+9   )ms|AST    2|Inlined   0Y   0N|IR    888/  1275|CodeSize    5532|Addr 0x7fd7675dac60|Timestamp 263918081301865|Src n/a
[engine] opt done   id=1148  ProtosRootNode@6872dd0                             |Tier 1|Time   660(  69+591 )ms|AST   11|Inlined   0Y   0N|IR  10711/ 39220|CodeSize  206041|Addr 0x7fd767d652c0|Timestamp 263918743649900|Src n/a
[engine] opt done   id=1149  ProtosRootNode@504a802e                            |Tier 1|Time    13(   4+9   )ms|AST    2|Inlined   0Y   0N|IR    888/  1275|CodeSize    5532|Addr 0x7fd767d60160|Timestamp 263918777284789|Src n/a
[engine] opt done   id=1150  ProtosRootNode@5045cf00                            |Tier 1|Time  1745( 119+1626)ms|AST   20|Inlined   0Y   0N|IR  20353/ 75041|CodeSize  397465|Addr 0x7fd768aa3bc0|Timestamp 263920523120304|Src n/a
[engine] opt done   id=1151  ProtosRootNode@36d010bd                            |Tier 2|Time    19(   3+16  )ms|AST    2|Inlined   0Y   0N|IR    518/  1448|CodeSize    7174|Addr 0x7fd767bba260|Timestamp 263920609468989|Src n/a
[engine] opt done   id=1152  ProtosRootNode@16435b7b                            |Tier 2|Time  1876( 128+1749)ms|AST   21|Inlined   0Y   0N|IR  20778/ 68815|CodeSize  387532|Addr 0x7fd767b1c620|Timestamp 263922486110477|Src n/a
[engine] opt done   id=1147  ProtosRootNode@6658351                             |Tier 2|Time    16(   4+12  )ms|AST    2|Inlined   0Y   0N|IR    815/   944|CodeSize    4429|Addr 0x7fd767b16100|Timestamp 263922568614309|Src n/a
[engine] opt done   id=1148  ProtosRootNode@6872dd0                             |Tier 2|Time   679(  57+623 )ms|AST   11|Inlined   0Y   0N|IR  10638/ 32814|CodeSize  176872|Addr 0x7fd768bdbe60|Timestamp 263923248278778|Src n/a
[engine] opt done   id=1149  ProtosRootNode@504a802e                            |Tier 2|Time    22(   4+18  )ms|AST    2|Inlined   0Y   0N|IR    815/   944|CodeSize    4429|Addr 0x7fd768bd7e00|Timestamp 263923275645622|Src n/a
[engine] opt done   id=1150  ProtosRootNode@5045cf00                            |Tier 2|Time  1847( 136+1710)ms|AST   20|Inlined   0Y   0N|IR  20280/ 62658|CodeSize  342484|Addr 0x7fd768b55180|Timestamp 263925124310665|Src n/a
[engine] opt done   id=1153  ProtosRootNode@58110694                            |Tier 1|Time    22(   4+17  )ms|AST    2|Inlined   0Y   0N|IR    888/  2671|CodeSize   13140|Addr 0x7fd767bb45c0|Timestamp 263925200642871|Src n/a
[engine] opt failed id=1154  ProtosRootNode@75beb71b                            |Tier 1|Time   43(-263925201+263925245)ms|Reason: jdk.graal.compiler.truffle.GraphTooBigBailoutException: Graph too big to safely compile. Node count: 50681. Graph Size: 150026. Limit: 150000.|Timestamp 263925244592969|Src n/a
[engine] opt failed id=1154  ProtosRootNode@75beb71b                            |Tier 1|Time   43(-263925255+263925299)ms|Reason: jdk.graal.compiler.truffle.GraphTooBigBailoutException: Graph too big to safely compile. Node count: 50681. Graph Size: 150026. Limit: 150000.|Timestamp 263925298648706|Src n/a
[engine] opt done   id=1141  ProtosRootNode@5401ef01                            |Tier 1|Time    14(   4+10  )ms|AST    2|Inlined   0Y   0N|IR    888/  1275|CodeSize    5532|Addr 0x7fd767bb1be0|Timestamp 263925313256328|Src n/a
[engine] opt done   id=1142  ProtosRootNode@217f30bd                            |Tier 1|Time   209(  25+184 )ms|AST    7|Inlined   0Y   0N|IR   4642/ 17482|CodeSize   90120|Addr 0x7fd767fc5b80|Timestamp 263925522809680|Src n/a
[engine] opt done   id=1242  ProtosRootNode@302578db                            |Tier 1|Time    28(   6+22  )ms|AST    2|Inlined   0Y   0N|IR    591/  1658|CodeSize    7561|Addr 0x7fd768b4e0a0|Timestamp 263925725342006|Src n/a
[engine] opt done   id=1243  ProtosRootNode@299e8d1b                            |Tier 1|Time  2369( 299+2070)ms|AST   21|Inlined   0Y   0N|IR  20851/ 81773|CodeSize  436754|Addr 0x7fd767cb89a0|Timestamp 263928094976369|Src n/a
[engine] opt done   id=1238  ProtosRootNode@2b9159fa                            |Tier 1|Time    14(   5+10  )ms|AST    2|Inlined   0Y   0N|IR    888/  1275|CodeSize    5532|Addr 0x7fd767fc2360|Timestamp 263928137845386|Src n/a
[engine] opt done   id=1239  ProtosRootNode@79057c7                             |Tier 1|Time   690(  63+627 )ms|AST   11|Inlined   0Y   0N|IR  10711/ 39220|CodeSize  206041|Addr 0x7fd767e9cd40|Timestamp 263928828573555|Src n/a
[engine] opt done   id=1240  ProtosRootNode@2af2bd9c                            |Tier 1|Time    14(   4+9   )ms|AST    2|Inlined   0Y   0N|IR    888/  1275|CodeSize    5532|Addr 0x7fd767baf3e0|Timestamp 263928843293637|Src n/a
[engine] opt done   id=1241  ProtosRootNode@55ce991e                            |Tier 1|Time  1897( 173+1724)ms|AST   20|Inlined   0Y   0N|IR  20353/ 75041|CodeSize  397465|Addr 0x7fd767c10c40|Timestamp 263930742457402|Src n/a
[engine] opt done   id=1242  ProtosRootNode@302578db                            |Tier 2|Time    19(   4+15  )ms|AST    2|Inlined   0Y   0N|IR    518/  1448|CodeSize    7174|Addr 0x7fd767cafce0|Timestamp 263930848125194|Src n/a
[engine] opt done   id=1243  ProtosRootNode@299e8d1b                            |Tier 2|Time  1917( 121+1795)ms|AST   21|Inlined   0Y   0N|IR  20778/ 68815|CodeSize  387532|Addr 0x7fd7688de2a0|Timestamp 263932764985653|Src n/a
[engine] opt done   id=1238  ProtosRootNode@2b9159fa                            |Tier 2|Time    16(   4+12  )ms|AST    2|Inlined   0Y   0N|IR    815/   944|CodeSize    4429|Addr 0x7fd768b4be80|Timestamp 263932822229562|Src n/a
[engine] opt done   id=1239  ProtosRootNode@79057c7                             |Tier 2|Time   758(  59+699 )ms|AST   11|Inlined   0Y   0N|IR  10638/ 32814|CodeSize  176872|Addr 0x7fd767e56fe0|Timestamp 263933580204859|Src n/a
[engine] opt done   id=1240  ProtosRootNode@2af2bd9c                            |Tier 2|Time    23(   4+19  )ms|AST    2|Inlined   0Y   0N|IR    815/   944|CodeSize    4429|Addr 0x7fd768b49d00|Timestamp 263933606299791|Src n/a
[engine] opt done   id=1241  ProtosRootNode@55ce991e                            |Tier 2|Time  1735( 132+1603)ms|AST   20|Inlined   0Y   0N|IR  20280/ 62658|CodeSize  342484|Addr 0x7fd768785980|Timestamp 263935342268233|Src n/a
[engine] opt done   id=1244  ProtosRootNode@d92bb3b                             |Tier 1|Time    22(   4+17  )ms|AST    2|Inlined   0Y   0N|IR    888/  2671|CodeSize   13140|Addr 0x7fd768b44140|Timestamp 263935414101055|Src n/a
[engine] opt failed id=1245  ProtosRootNode@61d28459                            |Tier 1|Time   43(-263935415+263935457)ms|Reason: jdk.graal.compiler.truffle.GraphTooBigBailoutException: Graph too big to safely compile. Node count: 50681. Graph Size: 150026. Limit: 150000.|Timestamp 263935457462803|Src n/a
[engine] opt failed id=1245  ProtosRootNode@61d28459                            |Tier 1|Time   43(-263935464+263935508)ms|Reason: jdk.graal.compiler.truffle.GraphTooBigBailoutException: Graph too big to safely compile. Node count: 50681. Graph Size: 150026. Limit: 150000.|Timestamp 263935507771246|Src n/a
[engine] opt done   id=1232  ProtosRootNode@6b37dbe8                            |Tier 1|Time    14(   5+9   )ms|AST    2|Inlined   0Y   0N|IR    888/  1275|CodeSize    5532|Addr 0x7fd768b41760|Timestamp 263935526341332|Src n/a
[engine] opt done   id=1233  ProtosRootNode@14f27f3a                            |Tier 1|Time   203(  26+177 )ms|AST    7|Inlined   0Y   0N|IR   4642/ 17482|CodeSize   90120|Addr 0x7fd768cb1180|Timestamp 263935729175608|Src n/a
[engine] opt done   id=1333  ProtosRootNode@351ca470                            |Tier 1|Time    31(  10+21  )ms|AST    2|Inlined   0Y   0N|IR    591/  1658|CodeSize    7561|Addr 0x7fd767c08020|Timestamp 263935947959907|Src n/a
[engine] opt done   id=1334  ProtosRootNode@f1792bc                             |Tier 1|Time  2062( 155+1907)ms|AST   21|Inlined   0Y   0N|IR  20851/ 81773|CodeSize  436754|Addr 0x7fd7689f9fa0|Timestamp 263938011931252|Src n/a
[engine] opt done   id=1329  ProtosRootNode@30f31aba                            |Tier 1|Time    16(   4+11  )ms|AST    2|Inlined   0Y   0N|IR    888/  1275|CodeSize    5532|Addr 0x7fd768cad960|Timestamp 263938055355690|Src n/a
[engine] opt done   id=1330  ProtosRootNode@7d238474                            |Tier 1|Time   682(  61+621 )ms|AST   11|Inlined   0Y   0N|IR  10711/ 39220|CodeSize  206041|Addr 0x7fd7689a4740|Timestamp 263938737738660|Src n/a
[engine] opt done   id=1331  ProtosRootNode@1b85a12d                            |Tier 1|Time    14(   5+9   )ms|AST    2|Inlined   0Y   0N|IR    888/  1275|CodeSize    5532|Addr 0x7fd768b3ec60|Timestamp 263938775449322|Src n/a
[engine] opt done   id=1332  ProtosRootNode@2ab5d99c                            |Tier 1|Time  1816( 128+1688)ms|AST   20|Inlined   0Y   0N|IR  20353/ 75041|CodeSize  397465|Addr 0x7fd768288e40|Timestamp 263940592685623|Src n/a
[engine] opt done   id=1333  ProtosRootNode@351ca470                            |Tier 2|Time    24(   8+16  )ms|AST    2|Inlined   0Y   0N|IR    518/  1448|CodeSize    7174|Addr 0x7fd76899e8e0|Timestamp 263940681676050|Src n/a
[engine] opt done   id=1334  ProtosRootNode@f1792bc                             |Tier 2|Time  2349( 132+2216)ms|AST   21|Inlined   0Y   0N|IR  20778/ 68815|CodeSize  387532|Addr 0x7fd7681f3da0|Timestamp 263943030591819|Src n/a
[engine] opt done   id=1329  ProtosRootNode@30f31aba                            |Tier 2|Time    28(   4+24  )ms|AST    2|Inlined   0Y   0N|IR    815/   944|CodeSize    4429|Addr 0x7fd76899c680|Timestamp 263943112815400|Src n/a
[engine] opt done   id=1330  ProtosRootNode@7d238474                            |Tier 2|Time   741(  63+677 )ms|AST   11|Inlined   0Y   0N|IR  10638/ 32814|CodeSize  176872|Addr 0x7fd7681ac660|Timestamp 263943853758360|Src n/a
[engine] opt done   id=1331  ProtosRootNode@1b85a12d                            |Tier 2|Time    24(   4+20  )ms|AST    2|Inlined   0Y   0N|IR    815/   944|CodeSize    4429|Addr 0x7fd76899a500|Timestamp 263943881423134|Src n/a
[engine] opt done   id=1332  ProtosRootNode@2ab5d99c                            |Tier 2|Time  2107( 134+1973)ms|AST   20|Inlined   0Y   0N|IR  20280/ 62658|CodeSize  342484|Addr 0x7fd7685dbe80|Timestamp 263945988378613|Src n/a
[engine] opt done   id=1335  ProtosRootNode@775c74ba                            |Tier 1|Time    40(   5+35  )ms|AST    2|Inlined   0Y   0N|IR    888/  2671|CodeSize   13140|Addr 0x7fd767c023c0|Timestamp 263946059058844|Src n/a
[engine] opt failed id=1336  ProtosRootNode@54aca60a                            |Tier 1|Time   65(-263946059+263946124)ms|Reason: jdk.graal.compiler.truffle.GraphTooBigBailoutException: Graph too big to safely compile. Node count: 50681. Graph Size: 150026. Limit: 150000.|Timestamp 263946124300521|Src n/a
[engine] opt failed id=1336  ProtosRootNode@54aca60a                            |Tier 1|Time   55(-263946125+263946180)ms|Reason: jdk.graal.compiler.truffle.GraphTooBigBailoutException: Graph too big to safely compile. Node count: 50681. Graph Size: 150026. Limit: 150000.|Timestamp 263946180251269|Src n/a
[engine] opt done   id=1323  ProtosRootNode@3c45b88c                            |Tier 1|Time    15(   6+10  )ms|AST    2|Inlined   0Y   0N|IR    888/  1275|CodeSize    5532|Addr 0x7fd767bff9e0|Timestamp 263946212203287|Src n/a
[engine] opt done   id=1324  ProtosRootNode@176328ce                            |Tier 1|Time   226(  26+200 )ms|AST    7|Inlined   0Y   0N|IR   4642/ 17482|CodeSize   90120|Addr 0x7fd7688b6600|Timestamp 263946439122993|Src n/a
[engine] opt done   id=1424  ProtosRootNode@62ddc79f                            |Tier 1|Time    29(   7+22  )ms|AST    2|Inlined   0Y   0N|IR    591/  1658|CodeSize    7561|Addr 0x7fd767bfc320|Timestamp 263946675789487|Src n/a
[engine] opt done   id=1425  ProtosRootNode@68e85c31                            |Tier 1|Time  2138( 172+1967)ms|AST   21|Inlined   0Y   0N|IR  20851/ 81773|CodeSize  436754|Addr 0x7fd7685340a0|Timestamp 263948816465554|Src n/a
[engine] opt done   id=1420  ProtosRootNode@b283501                             |Tier 1|Time    15(   4+10  )ms|AST    2|Inlined   0Y   0N|IR    888/  1275|CodeSize    5532|Addr 0x7fd7681a7fe0|Timestamp 263948860551712|Src n/a
[engine] opt done   id=1421  ProtosRootNode@5de2b46f                            |Tier 1|Time   662(  61+601 )ms|AST   11|Inlined   0Y   0N|IR  10711/ 39220|CodeSize  206041|Addr 0x7fd7684de840|Timestamp 263949523080104|Src n/a
[engine] opt done   id=1422  ProtosRootNode@31bc7c07                            |Tier 1|Time    21(   6+15  )ms|AST    2|Inlined   0Y   0N|IR    888/  1275|CodeSize    5532|Addr 0x7fd7684d96e0|Timestamp 263949572738877|Src n/a
[engine] opt done   id=1423  ProtosRootNode@2d95289                             |Tier 1|Time  1916( 148+1768)ms|AST   20|Inlined   0Y   0N|IR  20353/ 75041|CodeSize  397465|Addr 0x7fd767a79540|Timestamp 263951490616931|Src n/a
[engine] opt done   id=1424  ProtosRootNode@62ddc79f                            |Tier 2|Time    20(   3+16  )ms|AST    2|Inlined   0Y   0N|IR    518/  1448|CodeSize    7174|Addr 0x7fd7684d61e0|Timestamp 263951574852943|Src n/a
[engine] opt done   id=1425  ProtosRootNode@68e85c31                            |Tier 2|Time  2121( 134+1987)ms|AST   21|Inlined   0Y   0N|IR  20778/ 68815|CodeSize  387532|Addr 0x7fd7679e44a0|Timestamp 263953696474863|Src n/a
[engine] opt done   id=1420  ProtosRootNode@b283501                             |Tier 2|Time    17(   4+13  )ms|AST    2|Inlined   0Y   0N|IR    815/   944|CodeSize    4429|Addr 0x7fd7684d3f80|Timestamp 263953785142959|Src n/a
[engine] opt done   id=1421  ProtosRootNode@5de2b46f                            |Tier 2|Time   749(  62+687 )ms|AST   11|Inlined   0Y   0N|IR  10638/ 32814|CodeSize  176872|Addr 0x7fd76799cd60|Timestamp 263954534351065|Src n/a
[engine] opt done   id=1422  ProtosRootNode@31bc7c07                            |Tier 2|Time    17(   4+13  )ms|AST    2|Inlined   0Y   0N|IR    815/   944|CodeSize    4429|Addr 0x7fd7684d1e00|Timestamp 263954582778057|Src n/a
[engine] opt done   id=1423  ProtosRootNode@2d95289                             |Tier 2|Time  1967( 145+1822)ms|AST   20|Inlined   0Y   0N|IR  20280/ 62658|CodeSize  342484|Addr 0x7fd76844a280|Timestamp 263956550481372|Src n/a
[engine] opt done   id=1426  ProtosRootNode@51a302f3                            |Tier 1|Time    25(   5+20  )ms|AST    2|Inlined   0Y   0N|IR    888/  2671|CodeSize   13140|Addr 0x7fd7681a23c0|Timestamp 263956623125265|Src n/a
[engine] opt failed id=1427  ProtosRootNode@5bbaee63                            |Tier 1|Time   62(-263956625+263956687)ms|Reason: jdk.graal.compiler.truffle.GraphTooBigBailoutException: Graph too big to safely compile. Node count: 50681. Graph Size: 150026. Limit: 150000.|Timestamp 263956687333350|Src n/a
[engine] opt failed id=1427  ProtosRootNode@5bbaee63                            |Tier 1|Time   47(-263956694+263956741)ms|Reason: jdk.graal.compiler.truffle.GraphTooBigBailoutException: Graph too big to safely compile. Node count: 50681. Graph Size: 150026. Limit: 150000.|Timestamp 263956740910256|Src n/a
[engine] opt done   id=1414  ProtosRootNode@2aa12d9                             |Tier 1|Time    16(   5+11  )ms|AST    2|Inlined   0Y   0N|IR    888/  1275|CodeSize    5532|Addr 0x7fd7684cf660|Timestamp 263956765081767|Src n/a
[engine] opt done   id=1415  ProtosRootNode@45aa232                             |Tier 1|Time   215(  25+190 )ms|AST    7|Inlined   0Y   0N|IR   4642/ 17482|CodeSize   90120|Addr 0x7fd767977580|Timestamp 263956981627564|Src n/a
[engine] opt done   id=1515  ProtosRootNode@7eda42fb                            |Tier 1|Time    17(   5+12  )ms|AST    2|Inlined   0Y   0N|IR    591/  1658|CodeSize    7561|Addr 0x7fd767972ea0|Timestamp 263957205647696|Src n/a
[engine] opt done   id=1516  ProtosRootNode@18634a52                            |Tier 1|Time  2266( 149+2116)ms|AST   21|Inlined   0Y   0N|IR  20851/ 81773|CodeSize  436754|Addr 0x7fd7683a24a0|Timestamp 263959471727958|Src n/a
[engine] opt done   id=1511  ProtosRootNode@1f5a0028                            |Tier 1|Time    15(   6+10  )ms|AST    2|Inlined   0Y   0N|IR    888/  1275|CodeSize    5532|Addr 0x7fd76819f9e0|Timestamp 263959517462667|Src n/a
[engine] opt done   id=1512  ProtosRootNode@3fc5e613                            |Tier 1|Time   767(  63+704 )ms|AST   11|Inlined   0Y   0N|IR  10711/ 39220|CodeSize  206041|Addr 0x7fd76834cc40|Timestamp 263960285054448|Src n/a
[engine] opt done   id=1513  ProtosRootNode@83cdda0                             |Tier 1|Time    16(   6+10  )ms|AST    2|Inlined   0Y   0N|IR    888/  1275|CodeSize    5532|Addr 0x7fd76819d1e0|Timestamp 263960327520255|Src n/a
[engine] opt done   id=1514  ProtosRootNode@3b96a567                            |Tier 1|Time  2105( 221+1884)ms|AST   20|Inlined   0Y   0N|IR  20353/ 75041|CodeSize  397465|Addr 0x7fd7680f6640|Timestamp 263962432851827|Src n/a
[engine] opt done   id=1515  ProtosRootNode@7eda42fb                            |Tier 2|Time    20(   4+16  )ms|AST    2|Inlined   0Y   0N|IR    518/  1448|CodeSize    7174|Addr 0x7fd768199ce0|Timestamp 263962515200168|Src n/a
[engine] opt done   id=1516  ProtosRootNode@18634a52                            |Tier 2|Time  2141( 204+1937)ms|AST   21|Inlined   0Y   0N|IR  20778/ 68815|CodeSize  387532|Addr 0x7fd7680615a0|Timestamp 263964658531892|Src n/a
[engine] opt done   id=1511  ProtosRootNode@1f5a0028                            |Tier 2|Time    16(   4+12  )ms|AST    2|Inlined   0Y   0N|IR    815/   944|CodeSize    4429|Addr 0x7fd768195880|Timestamp 263964741634533|Src n/a
[engine] opt done   id=1512  ProtosRootNode@3fc5e613                            |Tier 2|Time  1202( 132+1069)ms|AST   11|Inlined   0Y   0N|IR  10638/ 32814|CodeSize  176872|Addr 0x7fd768019e60|Timestamp 263965945124498|Src n/a
[engine] opt done   id=1513  ProtosRootNode@83cdda0                             |Tier 2|Time    25(   6+19  )ms|AST    2|Inlined   0Y   0N|IR    815/   944|CodeSize    4429|Addr 0x7fd7688b3400|Timestamp 263965978872417|Src n/a
[engine] opt done   id=1514  ProtosRootNode@3b96a567                            |Tier 2|Time  1960( 133+1826)ms|AST   20|Inlined   0Y   0N|IR  20280/ 62658|CodeSize  342484|Addr 0x7fd768ddd900|Timestamp 263967938723892|Src n/a
[engine] opt done   id=1517  ProtosRootNode@772c520d                            |Tier 1|Time    25(   5+20  )ms|AST    2|Inlined   0Y   0N|IR    888/  2671|CodeSize   13140|Addr 0x7fd7688ad840|Timestamp 263968016283339|Src n/a
[engine] opt failed id=1518  ProtosRootNode@7a1f0148                            |Tier 1|Time   47(-263968017+263968063)ms|Reason: jdk.graal.compiler.truffle.GraphTooBigBailoutException: Graph too big to safely compile. Node count: 50681. Graph Size: 150026. Limit: 150000.|Timestamp 263968063368140|Src n/a
[engine] opt failed id=1518  ProtosRootNode@7a1f0148                            |Tier 1|Time   44(-263968070+263968114)ms|Reason: jdk.graal.compiler.truffle.GraphTooBigBailoutException: Graph too big to safely compile. Node count: 50681. Graph Size: 150026. Limit: 150000.|Timestamp 263968113664293|Src n/a
[engine] opt done   id=1505  ProtosRootNode@736fff2e                            |Tier 1|Time    15(   4+10  )ms|AST    2|Inlined   0Y   0N|IR    888/  1275|CodeSize    5532|Addr 0x7fd7688aae60|Timestamp 263968132930949|Src n/a
[engine] opt done   id=1506  ProtosRootNode@3de6bc1c                            |Tier 1|Time   208(  25+183 )ms|AST    7|Inlined   0Y   0N|IR   4642/ 17482|CodeSize   90120|Addr 0x7fd767ff4680|Timestamp 263968341505879|Src n/a
[engine] opt done   id=1606  ProtosRootNode@d52305                              |Tier 1|Time    44(  10+34  )ms|AST    2|Inlined   0Y   0N|IR    591/  1658|CodeSize    7561|Addr 0x7fd767feffa0|Timestamp 263968599223330|Src n/a
[engine] opt done   id=1607  ProtosRootNode@1d181704                            |Tier 1|Time  2315( 212+2103)ms|AST   21|Inlined   0Y   0N|IR  20851/ 81773|CodeSize  436754|Addr 0x7fd768e633a0|Timestamp 263970915665021|Src n/a
[engine] opt done   id=1602  ProtosRootNode@734912e8                            |Tier 1|Time    15(   5+10  )ms|AST    2|Inlined   0Y   0N|IR    888/  1275|CodeSize    5532|Addr 0x7fd7688a8660|Timestamp 263970959255108|Src n/a
[engine] opt done   id=1603  ProtosRootNode@39d0e32b                            |Tier 1|Time   798(  72+726 )ms|AST   11|Inlined   0Y   0N|IR  10711/ 39220|CodeSize  206041|Addr 0x7fd768731d40|Timestamp 263971757867144|Src n/a
[engine] opt done   id=1604  ProtosRootNode@63b970b                             |Tier 1|Time    16(   6+10  )ms|AST    2|Inlined   0Y   0N|IR    888/  1275|CodeSize    5532|Addr 0x7fd7688a5e60|Timestamp 263971775286899|Src n/a
[engine] opt done   id=1605  ProtosRootNode@713afa57                            |Tier 1|Time  1928( 148+1780)ms|AST   20|Inlined   0Y   0N|IR  20353/ 75041|CodeSize  397465|Addr 0x7fd768f0ccc0|Timestamp 263973703624185|Src n/a
[engine] opt done   id=1606  ProtosRootNode@d52305                              |Tier 2|Time    19(   3+16  )ms|AST    2|Inlined   0Y   0N|IR    518/  1448|CodeSize    7174|Addr 0x7fd7688a2960|Timestamp 263973787345377|Src n/a
[engine] opt done   id=1607  ProtosRootNode@1d181704                            |Tier 2|Time  2047( 148+1899)ms|AST   21|Inlined   0Y   0N|IR  20778/ 68815|CodeSize  387532|Addr 0x7fd768fa99a0|Timestamp 263975836402526|Src n/a
[engine] opt done   id=1602  ProtosRootNode@734912e8                            |Tier 2|Time    17(   4+13  )ms|AST    2|Inlined   0Y   0N|IR    815/   944|CodeSize    4429|Addr 0x7fd7688a0700|Timestamp 263975901296022|Src n/a
[engine] opt done   id=1603  ProtosRootNode@39d0e32b                            |Tier 2|Time   753(  61+692 )ms|AST   11|Inlined   0Y   0N|IR  10638/ 32814|CodeSize  176872|Addr 0x7fd76903b360|Timestamp 263976654793909|Src n/a
[engine] opt done   id=1604  ProtosRootNode@63b970b                             |Tier 2|Time    23(   4+19  )ms|AST    2|Inlined   0Y   0N|IR    815/   944|CodeSize    4429|Addr 0x7fd76889e580|Timestamp 263976681322512|Src n/a
[engine] opt done   id=1605  ProtosRootNode@713afa57                            |Tier 2|Time  1859( 128+1731)ms|AST   20|Inlined   0Y   0N|IR  20280/ 62658|CodeSize  342484|Addr 0x7fd769082180|Timestamp 263978540571417|Src n/a
[engine] opt done   id=1608  ProtosRootNode@4e19f57d                            |Tier 1|Time    22(   4+18  )ms|AST    2|Inlined   0Y   0N|IR    888/  2671|CodeSize   13140|Addr 0x7fd7683446c0|Timestamp 263978598141836|Src n/a
[engine] opt failed id=1609  ProtosRootNode@289629d7                            |Tier 1|Time   45(-263978598+263978643)ms|Reason: jdk.graal.compiler.truffle.GraphTooBigBailoutException: Graph too big to safely compile. Node count: 50681. Graph Size: 150026. Limit: 150000.|Timestamp 263978643014415|Src n/a
[engine] opt failed id=1609  ProtosRootNode@289629d7                            |Tier 1|Time   44(-263978662+263978706)ms|Reason: jdk.graal.compiler.truffle.GraphTooBigBailoutException: Graph too big to safely compile. Node count: 50681. Graph Size: 150026. Limit: 150000.|Timestamp 263978705628619|Src n/a
[engine] opt done   id=1596  ProtosRootNode@62128115                            |Tier 1|Time    14(   4+10  )ms|AST    2|Inlined   0Y   0N|IR    888/  1275|CodeSize    5532|Addr 0x7fd768341ce0|Timestamp 263978719864831|Src n/a
[engine] opt done   id=1597  ProtosRootNode@53516d05                            |Tier 1|Time   229(  30+199 )ms|AST    7|Inlined   0Y   0N|IR   4642/ 17482|CodeSize   90120|Addr 0x7fd769103600|Timestamp 263978951243239|Src n/a
[engine] opt done   id=1697  ProtosRootNode@6015be23                            |Tier 1|Time    14(   4+11  )ms|AST    2|Inlined   0Y   0N|IR    591/  1658|CodeSize    7561|Addr 0x7fd76833e620|Timestamp 263979141023272|Src n/a
[engine] opt done   id=1698  ProtosRootNode@492adf0a                            |Tier 1|Time  2096( 136+1960)ms|AST   21|Inlined   0Y   0N|IR  20851/ 81773|CodeSize  436754|Addr 0x7fd76912c5a0|Timestamp 263981237203560|Src n/a
[engine] opt done   id=1693  ProtosRootNode@22cbc6cf                            |Tier 1|Time    15(   5+10  )ms|AST    2|Inlined   0Y   0N|IR    888/  1275|CodeSize    5532|Addr 0x7fd76833bde0|Timestamp 263981298746323|Src n/a
[engine] opt done   id=1694  ProtosRootNode@3647011e                            |Tier 1|Time   645(  61+584 )ms|AST   11|Inlined   0Y   0N|IR  10711/ 39220|CodeSize  206041|Addr 0x7fd7691d32c0|Timestamp 263981944353326|Src n/a
[engine] opt done   id=1695  ProtosRootNode@5193b078                            |Tier 1|Time    14(   5+9   )ms|AST    2|Inlined   0Y   0N|IR    888/  1275|CodeSize    5532|Addr 0x7fd7683395e0|Timestamp 263981977824505|Src n/a
[engine] opt done   id=1696  ProtosRootNode@46c4238d                            |Tier 1|Time  1899( 124+1775)ms|AST   20|Inlined   0Y   0N|IR  20353/ 75041|CodeSize  397465|Addr 0x7fd767291040|Timestamp 263983877088993|Src n/a
[engine] opt done   id=1697  ProtosRootNode@6015be23                            |Tier 2|Time    21(   3+17  )ms|AST    2|Inlined   0Y   0N|IR    518/  1448|CodeSize    7174|Addr 0x7fd7673396e0|Timestamp 263983960420585|Src n/a
[engine] opt done   id=1698  ProtosRootNode@492adf0a                            |Tier 2|Time  2612( 147+2465)ms|AST   21|Inlined   0Y   0N|IR  20778/ 68815|CodeSize  387532|Addr 0x7fd767347f20|Timestamp 263986572887063|Src n/a
[engine] opt done   id=1693  ProtosRootNode@22cbc6cf                            |Tier 2|Time    32(   9+23  )ms|AST    2|Inlined   0Y   0N|IR    815/   944|CodeSize    4429|Addr 0x7fd767722080|Timestamp 263986680580205|Src n/a
[engine] opt done   id=1694  ProtosRootNode@3647011e                            |Tier 2|Time  1125( 110+1015)ms|AST   11|Inlined   0Y   0N|IR  10638/ 32814|CodeSize  176872|Addr 0x7fd7673efae0|Timestamp 263987806462260|Src n/a
[engine] opt done   id=1695  ProtosRootNode@5193b078                            |Tier 2|Time    40(   8+33  )ms|AST    2|Inlined   0Y   0N|IR    815/   944|CodeSize    4429|Addr 0x7fd767864e80|Timestamp 263987852934940|Src n/a
[engine] opt done   id=1696  ProtosRootNode@46c4238d                            |Tier 2|Time  2805( 279+2525)ms|AST   20|Inlined   0Y   0N|IR  20280/ 62658|CodeSize  342484|Addr 0x7fd767462880|Timestamp 263990658073491|Src n/a
[engine] opt done   id=1699  ProtosRootNode@31068f77                            |Tier 1|Time    28(   6+23  )ms|AST    2|Inlined   0Y   0N|IR    888/  2671|CodeSize   13140|Addr 0x7fd7675cfec0|Timestamp 263990742900194|Src n/a
[engine] opt failed id=1700  ProtosRootNode@54c2ded                             |Tier 1|Time   84(-263990745+263990829)ms|Reason: jdk.graal.compiler.truffle.GraphTooBigBailoutException: Graph too big to safely compile. Node count: 50681. Graph Size: 150026. Limit: 150000.|Timestamp 263990829034258|Src n/a
[engine] opt failed id=1700  ProtosRootNode@54c2ded                             |Tier 1|Time   53(-263990835+263990888)ms|Reason: jdk.graal.compiler.truffle.GraphTooBigBailoutException: Graph too big to safely compile. Node count: 50681. Graph Size: 150026. Limit: 150000.|Timestamp 263990888350819|Src n/a
[engine] opt done   id=1687  ProtosRootNode@64cd353c                            |Tier 1|Time    16(   6+10  )ms|AST    2|Inlined   0Y   0N|IR    888/  1275|CodeSize    5532|Addr 0x7fd7672046e0|Timestamp 263990908839296|Src n/a
[engine] opt done   id=1688  ProtosRootNode@fb76860                             |Tier 1|Time   304(  36+268 )ms|AST    7|Inlined   0Y   0N|IR   4642/ 17482|CodeSize   90120|Addr 0x7fd767944780|Timestamp 263991213699067|Src n/a
[engine] opt done   id=1788  ProtosRootNode@5c972507                            |Tier 1|Time    46(  12+34  )ms|AST    2|Inlined   0Y   0N|IR    591/  1658|CodeSize    7561|Addr 0x7fd767148ea0|Timestamp 263991522686572|Src n/a
[engine] opt done   id=1789  ProtosRootNode@34e7ff62                            |Tier 1|Time  3199( 276+2923)ms|AST   21|Inlined   0Y   0N|IR  20851/ 81773|CodeSize  436754|Addr 0x7fd76715eda0|Timestamp 263994723305120|Src n/a
[engine] opt done   id=1784  ProtosRootNode@4a8a0bfc                            |Tier 1|Time    16(   6+11  )ms|AST    2|Inlined   0Y   0N|IR    888/  1275|CodeSize    5532|Addr 0x7fd767288960|Timestamp 263994768018988|Src n/a
[engine] opt done   id=1785  ProtosRootNode@48e2a05d                            |Tier 1|Time  1041(  77+964 )ms|AST   11|Inlined   0Y   0N|IR  10711/ 39220|CodeSize  206041|Addr 0x7fd76720b840|Timestamp 263995810475320|Src n/a
[engine] opt done   id=1786  ProtosRootNode@2a13c0cc                            |Tier 1|Time    15(   4+10  )ms|AST    2|Inlined   0Y   0N|IR    888/  1275|CodeSize    5532|Addr 0x7fd7676c77e0|Timestamp 263995826076423|Src n/a
[engine] opt done   id=1787  ProtosRootNode@5366e47c                            |Tier 1|Time  1924( 153+1771)ms|AST   20|Inlined   0Y   0N|IR  20353/ 75041|CodeSize  397465|Addr 0x7fd767729bc0|Timestamp 263997750321289|Src n/a
[engine] opt done   id=1788  ProtosRootNode@5c972507                            |Tier 2|Time    31(   9+21  )ms|AST    2|Inlined   0Y   0N|IR    518/  1448|CodeSize    7174|Addr 0x7fd7677c29e0|Timestamp 263997875042035|Src n/a
[engine] opt done   id=1789  ProtosRootNode@34e7ff62                            |Tier 2|Time  2083( 144+1939)ms|AST   21|Inlined   0Y   0N|IR  20778/ 68815|CodeSize  387532|Addr 0x7fd7677d1320|Timestamp 263999958597526|Src n/a
[engine] opt done   id=1784  ProtosRootNode@4a8a0bfc                            |Tier 2|Time    18(   4+14  )ms|AST    2|Inlined   0Y   0N|IR    815/   944|CodeSize    4429|Addr 0x7fd768195880|Timestamp 264000048754443|Src n/a
[engine] opt done   id=1785  ProtosRootNode@48e2a05d                            |Tier 2|Time   806(  71+735 )ms|AST   11|Inlined   0Y   0N|IR  10638/ 32814|CodeSize  176872|Addr 0x7fd767869260|Timestamp 264000855422573|Src n/a
[engine] opt done   id=1786  ProtosRootNode@2a13c0cc                            |Tier 2|Time    26(   6+20  )ms|AST    2|Inlined   0Y   0N|IR    815/   944|CodeSize    4429|Addr 0x7fd76732dc80|Timestamp 264000884902078|Src n/a
[engine] opt done   id=1787  ProtosRootNode@5366e47c                            |Tier 2|Time  2069( 137+1931)ms|AST   20|Inlined   0Y   0N|IR  20280/ 62658|CodeSize  342484|Addr 0x7fd7678b5f00|Timestamp 264002953959945|Src n/a
[engine] opt done   id=1790  ProtosRootNode@369ad3e0                            |Tier 1|Time    23(   4+18  )ms|AST    2|Inlined   0Y   0N|IR    888/  2671|CodeSize   13140|Addr 0x7fd7679392c0|Timestamp 264003025711617|Src n/a
[engine] opt failed id=1791  ProtosRootNode@3a65ea00                            |Tier 1|Time   50(-264003026+264003076)ms|Reason: jdk.graal.compiler.truffle.GraphTooBigBailoutException: Graph too big to safely compile. Node count: 50681. Graph Size: 150026. Limit: 150000.|Timestamp 264003075958020|Src n/a
[engine] opt failed id=1791  ProtosRootNode@3a65ea00                            |Tier 1|Time   43(-264003083+264003126)ms|Reason: jdk.graal.compiler.truffle.GraphTooBigBailoutException: Graph too big to safely compile. Node count: 50681. Graph Size: 150026. Limit: 150000.|Timestamp 264003126254903|Src n/a
[engine] opt done   id=1778  ProtosRootNode@21e31b2a                            |Tier 1|Time    13(   4+9   )ms|AST    2|Inlined   0Y   0N|IR    888/  1275|CodeSize    5532|Addr 0x7fd767d5d660|Timestamp 264003144719948|Src n/a
[engine] opt done   id=1779  ProtosRootNode@522712d6                            |Tier 1|Time   200(  25+175 )ms|AST    7|Inlined   0Y   0N|IR   4642/ 17482|CodeSize   90120|Addr 0x7fd768974c00|Timestamp 264003344828749|Src n/a
[engine] opt done   id=1879  ProtosRootNode@591b1558                            |Tier 1|Time    31(   7+24  )ms|AST    2|Inlined   0Y   0N|IR    591/  1658|CodeSize    7561|Addr 0x7fd76725bda0|Timestamp 264003563792536|Src n/a
[engine] opt done   id=1880  ProtosRootNode@44d2683                             |Tier 1|Time  2368( 187+2181)ms|AST   21|Inlined   0Y   0N|IR  20851/ 81773|CodeSize  436754|Addr 0x7fd767622820|Timestamp 264005933896560|Src n/a
[engine] opt done   id=1875  ProtosRootNode@3531860c                            |Tier 1|Time    18(   4+14  )ms|AST    2|Inlined   0Y   0N|IR    888/  1275|CodeSize    5532|Addr 0x7fd768b3ec60|Timestamp 264005978214358|Src n/a
[engine] opt done   id=1876  ProtosRootNode@25ce2c90                            |Tier 1|Time   730(  73+657 )ms|AST   11|Inlined   0Y   0N|IR  10711/ 39220|CodeSize  206041|Addr 0x7fd7676d1540|Timestamp 264006708812212|Src n/a
[engine] opt done   id=1877  ProtosRootNode@58cff48d                            |Tier 1|Time    14(   4+10  )ms|AST    2|Inlined   0Y   0N|IR    888/  1275|CodeSize    5532|Addr 0x7fd768323860|Timestamp 264006743266151|Src n/a
[engine] opt done   id=1878  ProtosRootNode@597defb7                            |Tier 1|Time  1901( 139+1763)ms|AST   20|Inlined   0Y   0N|IR  20353/ 75041|CodeSize  397465|Addr 0x7fd767dbad40|Timestamp 264008645328664|Src n/a
[engine] opt done   id=1879  ProtosRootNode@591b1558                            |Tier 2|Time    20(   3+16  )ms|AST    2|Inlined   0Y   0N|IR    518/  1448|CodeSize    7174|Addr 0x7fd76745a360|Timestamp 264008734827571|Src n/a
[engine] opt done   id=1880  ProtosRootNode@44d2683                             |Tier 2|Time  2070( 137+1932)ms|AST   21|Inlined   0Y   0N|IR  20778/ 68815|CodeSize  387532|Addr 0x7fd768b45aa0|Timestamp 264010804776297|Src n/a
[engine] opt done   id=1875  ProtosRootNode@3531860c                            |Tier 2|Time    17(   4+13  )ms|AST    2|Inlined   0Y   0N|IR    815/   944|CodeSize    4429|Addr 0x7fd768ca9d80|Timestamp 264010892841492|Src n/a
[engine] opt done   id=1876  ProtosRootNode@25ce2c90                            |Tier 2|Time   777(  64+713 )ms|AST   11|Inlined   0Y   0N|IR  10638/ 32814|CodeSize  176872|Addr 0x7fd767ef2560|Timestamp 264011670038905|Src n/a
[engine] opt done   id=1877  ProtosRootNode@58cff48d                            |Tier 2|Time    17(   4+13  )ms|AST    2|Inlined   0Y   0N|IR    815/   944|CodeSize    4429|Addr 0x7fd767eee500|Timestamp 264011718585926|Src n/a
[engine] opt done   id=1878  ProtosRootNode@597defb7                            |Tier 2|Time  1903( 142+1761)ms|AST   20|Inlined   0Y   0N|IR  20280/ 62658|CodeSize  342484|Addr 0x7fd767f40380|Timestamp 264013621996459|Src n/a
[engine] opt done   id=1881  ProtosRootNode@16c0a00d                            |Tier 1|Time    31(  11+19  )ms|AST    2|Inlined   0Y   0N|IR    888/  2671|CodeSize   13140|Addr 0x7fd767f36d40|Timestamp 264013701603837|Src n/a
[engine] opt failed id=1882  ProtosRootNode@3a30fbfb                            |Tier 1|Time   46(-264013702+264013748)ms|Reason: jdk.graal.compiler.truffle.GraphTooBigBailoutException: Graph too big to safely compile. Node count: 50681. Graph Size: 150026. Limit: 150000.|Timestamp 264013747758586|Src n/a
[engine] opt failed id=1882  ProtosRootNode@3a30fbfb                            |Tier 1|Time   49(-264013756+264013804)ms|Reason: jdk.graal.compiler.truffle.GraphTooBigBailoutException: Graph too big to safely compile. Node count: 50681. Graph Size: 150026. Limit: 150000.|Timestamp 264013804259765|Src n/a
[engine] opt done   id=1869  ProtosRootNode@2dddc361                            |Tier 1|Time    16(   4+11  )ms|AST    2|Inlined   0Y   0N|IR    888/  1275|CodeSize    5532|Addr 0x7fd768ca75e0|Timestamp 264013820098728|Src n/a
[engine] opt done   id=1870  ProtosRootNode@783571d1                            |Tier 1|Time   209(  23+186 )ms|AST    7|Inlined   0Y   0N|IR   4642/ 17482|CodeSize   90120|Addr 0x7fd7675de480|Timestamp 264014029047316|Src n/a
