WARMUP	1	12916018479	528
WARMUP	2	10155939788	528
WARMUP	3	10019750003	528
WARMUP	4	10016475468	528
WARMUP	5	9760681205	528
WARMUP	6	9867136834	528
WARMUP	7	9611470611	528
WARMUP	8	10018296320	528
WARMUP	9	9764966409	528
WARMUP	10	12119255113	528
STEADY	1	9977624630	528
STEADY	2	10087846628	528
STEADY	3	10047522318	528
STEADY	4	9936007013	528
STEADY	5	9769820479	528
STEADY	6	9603994027	528
STEADY	7	9621889535	528
STEADY	8	9507010694	528
STEADY	9	9793773315	528
STEADY	10	9829970023	528
STEADY	11	9679823752	528
STEADY	12	9831981708	528
STEADY	13	10001749276	528
STEADY	14	9984375056	528
STEADY	15	10430118215	528
STEADY	16	10087820711	528
STEADY	17	9938729494	528
STEADY	18	9895136838	528
STEADY	19	10214436634	528
STEADY	20	9737269906	528
STEADY	21	9842442640	528
STEADY	22	9835883690	528
STEADY	23	9962701898	528
STEADY	24	9821309387	528
STEADY	25	10087041686	528
STEADY	26	10822796995	528
STEADY	27	10828981567	528
STEADY	28	10369827955	528
STEADY	29	10502423901	528
STEADY	30	10043864252	528
