phase=01 control image
CORRECTNESS: PASS variant=control result=528
phase=02 preparation-boundary-only image
BOUNDARY_SOURCE_CHECK: PASS preparation=1 invokePrepared=0
CORRECTNESS: PASS variant=boundary result=528
phase=03 TraceCompilation
phase=04 separate no-trace timing
CONTROL_REPRODUCTION: PASS
CONTROL_OPT_DONE=316
CONTROL_OPT_FAILED=40
CONTROL_GRAPH_TOO_BIG=40
CONTROL_GRAPH_SHAPES=50681:150026:150000
BOUNDARY_OPT_DONE=316
BOUNDARY_OPT_FAILED=40
BOUNDARY_GRAPH_TOO_BIG=40
BOUNDARY_GRAPH_SHAPES=51502:150053:150000
CONTROL_TIMING_MEDIAN_NS=9950715696
BOUNDARY_TIMING_MEDIAN_NS=5752923868
BOUNDARY_CONTROL_MEDIAN_RATIO=0.578142
A4I_DECISION=NOT_SUFFICIENT
A4I_REASON=preparation boundary alone did not eliminate all deterministic GraphTooBig bailouts
A4I_NEXT=close this boundary-localization line; no further PE microexperiments
PERF003A_A4I_EXPERIMENT: PASS
PROTOS_REPOSITORY_CHANGED: NO
