$ taskset -c 0 java -Dprotos.benchmarks.peer.language=python -cp /workspaces/protos-benchmarks/.work/embedded/peer-25.4.4.1.1/executable-value/d0088eaa89ece882c7363b6d2a332ffbdffae8594feb7a0767135a1f7f2b5cd4/classes:/home/vscode/.m2/repository/org/graalvm/polyglot/polyglot/25.4.4.1.1/polyglot-25.4.4.1.1.jar:/home/vscode/.m2/repository/org/graalvm/sdk/collections/25.4.4.1.1/collections-25.4.4.1.1.jar:/home/vscode/.m2/repository/org/graalvm/sdk/nativeimage/25.4.4.1.1/nativeimage-25.4.4.1.1.jar:/home/vscode/.m2/repository/org/graalvm/sdk/word/25.4.4.1.1/word-25.4.4.1.1.jar:/home/vscode/.m2/repository/org/graalvm/polyglot/js/25.4.4.1.1/js-25.4.4.1.1.pom:/home/vscode/.m2/repository/org/graalvm/js/js/25.4.4.1.1/js-25.4.4.1.1.pom:/home/vscode/.m2/repository/org/graalvm/js/js-language/25.4.4.1.1/js-language-25.4.4.1.1.jar:/home/vscode/.m2/repository/org/graalvm/regex/regex/25.4.4.1.1/regex-25.4.4.1.1.jar:/home/vscode/.m2/repository/org/graalvm/truffle/truffle-api/25.4.4.1.1/truffle-api-25.4.4.1.1.jar:/home/vscode/.m2/repository/org/graalvm/sdk/jniutils/25.4.4.1.1/jniutils-25.4.4.1.1.jar:/home/vscode/.m2/repository/org/graalvm/shadowed/icu4j/25.4.4.1.1/icu4j-25.4.4.1.1.jar:/home/vscode/.m2/repository/org/graalvm/truffle/truffle-runtime/25.4.4.1.1/truffle-runtime-25.4.4.1.1.jar:/home/vscode/.m2/repository/org/graalvm/truffle/truffle-compiler/25.4.4.1.1/truffle-compiler-25.4.4.1.1.jar:/home/vscode/.m2/repository/org/graalvm/polyglot/python/25.4.4.1.1/python-25.4.4.1.1.pom:/home/vscode/.m2/repository/org/graalvm/python/python/25.4.4.1.1/python-25.4.4.1.1.pom:/home/vscode/.m2/repository/org/graalvm/python/python-language/25.4.4.1.1/python-language-25.4.4.1.1.jar:/home/vscode/.m2/repository/org/graalvm/tools/profiler-tool/25.4.4.1.1/profiler-tool-25.4.4.1.1.jar:/home/vscode/.m2/repository/org/graalvm/shadowed/json/25.4.4.1.1/json-25.4.4.1.1.jar:/home/vscode/.m2/repository/org/graalvm/shadowed/xz/25.4.4.1.1/xz-25.4.4.1.1.jar:/home/vscode/.m2/repository/org/graalvm/python/python-resources/25.4.4.1.1/python-resources-25.4.4.1.1.jar com.guillermomolina.protos.benchmarks.measure.peer.PeerExecutableSurface measure - /workspaces/protos-benchmarks/truffle/workloads/primitive-return-literal/primitive-return-literal.py 60 10 1000000 -
WARNING: A restricted method in java.lang.System has been called
WARNING: java.lang.System::load has been called by com.oracle.truffle.polyglot.JDKSupport in an unnamed module (file:/home/vscode/.m2/repository/org/graalvm/truffle/truffle-api/25.4.4.1.1/truffle-api-25.4.4.1.1.jar)
WARNING: Use --enable-native-access=ALL-UNNAMED to avoid a warning for callers in this module
WARNING: Restricted methods will be blocked in a future release unless native access is enabled

WARNING: A terminally deprecated method in sun.misc.Unsafe has been called
WARNING: sun.misc.Unsafe::objectFieldOffset has been called by com.oracle.truffle.runtime.hotspot.HotSpotTruffleRuntime (file:/home/vscode/.m2/repository/org/graalvm/truffle/truffle-runtime/25.4.4.1.1/truffle-runtime-25.4.4.1.1.jar)
WARNING: Please consider reporting this to the maintainers of class com.oracle.truffle.runtime.hotspot.HotSpotTruffleRuntime
WARNING: sun.misc.Unsafe::objectFieldOffset will be removed in a future release
mode=jvm
surface=executable-value
language=python
run_mode=executable-value
source=/workspaces/protos-benchmarks/truffle/workloads/primitive-return-literal/primitive-return-literal.py
warmup_iterations=60
steady_iterations=10
sample_calls=1000000
setup_ns=5233020943
sample phase=cold iteration=1 elapsed_ns=8480598
sample phase=warmup iteration=1 elapsed_ns=535944581
sample phase=warmup iteration=2 elapsed_ns=128356150
sample phase=warmup iteration=3 elapsed_ns=175819007
sample phase=warmup iteration=4 elapsed_ns=111100282
sample phase=warmup iteration=5 elapsed_ns=70441181
sample phase=warmup iteration=6 elapsed_ns=71068681
sample phase=warmup iteration=7 elapsed_ns=70778311
sample phase=warmup iteration=8 elapsed_ns=73610984
sample phase=warmup iteration=9 elapsed_ns=70513932
sample phase=warmup iteration=10 elapsed_ns=71461162
sample phase=warmup iteration=11 elapsed_ns=70911012
sample phase=warmup iteration=12 elapsed_ns=70694691
sample phase=warmup iteration=13 elapsed_ns=70305621
sample phase=warmup iteration=14 elapsed_ns=70895652
sample phase=warmup iteration=15 elapsed_ns=70579271
sample phase=warmup iteration=16 elapsed_ns=70361941
sample phase=warmup iteration=17 elapsed_ns=70582241
sample phase=warmup iteration=18 elapsed_ns=70299221
sample phase=warmup iteration=19 elapsed_ns=70106831
sample phase=warmup iteration=20 elapsed_ns=70118520
sample phase=warmup iteration=21 elapsed_ns=70017641
sample phase=warmup iteration=22 elapsed_ns=70613702
sample phase=warmup iteration=23 elapsed_ns=70085630
sample phase=warmup iteration=24 elapsed_ns=70542072
sample phase=warmup iteration=25 elapsed_ns=70067740
sample phase=warmup iteration=26 elapsed_ns=70546361
sample phase=warmup iteration=27 elapsed_ns=70308761
sample phase=warmup iteration=28 elapsed_ns=70167131
sample phase=warmup iteration=29 elapsed_ns=70126671
sample phase=warmup iteration=30 elapsed_ns=70571972
sample phase=warmup iteration=31 elapsed_ns=70314370
sample phase=warmup iteration=32 elapsed_ns=70269051
sample phase=warmup iteration=33 elapsed_ns=70376061
sample phase=warmup iteration=34 elapsed_ns=70676672
sample phase=warmup iteration=35 elapsed_ns=70512271
sample phase=warmup iteration=36 elapsed_ns=70489241
sample phase=warmup iteration=37 elapsed_ns=70256891
sample phase=warmup iteration=38 elapsed_ns=70596562
sample phase=warmup iteration=39 elapsed_ns=70069171
sample phase=warmup iteration=40 elapsed_ns=70120380
sample phase=warmup iteration=41 elapsed_ns=70148690
sample phase=warmup iteration=42 elapsed_ns=70563031
sample phase=warmup iteration=43 elapsed_ns=70167231
sample phase=warmup iteration=44 elapsed_ns=70632021
sample phase=warmup iteration=45 elapsed_ns=70519981
sample phase=warmup iteration=46 elapsed_ns=70487722
sample phase=warmup iteration=47 elapsed_ns=70346990
sample phase=warmup iteration=48 elapsed_ns=70482151
sample phase=warmup iteration=49 elapsed_ns=70438891
sample phase=warmup iteration=50 elapsed_ns=70729342
sample phase=warmup iteration=51 elapsed_ns=70322801
sample phase=warmup iteration=52 elapsed_ns=70050300
sample phase=warmup iteration=53 elapsed_ns=70325961
sample phase=warmup iteration=54 elapsed_ns=70397291
sample phase=warmup iteration=55 elapsed_ns=70168850
sample phase=warmup iteration=56 elapsed_ns=70128160
sample phase=warmup iteration=57 elapsed_ns=70246291
sample phase=warmup iteration=58 elapsed_ns=70493701
sample phase=warmup iteration=59 elapsed_ns=70197380
sample phase=warmup iteration=60 elapsed_ns=70368190
sample phase=steady iteration=1 elapsed_ns=71109841
sample phase=steady iteration=2 elapsed_ns=70408801
sample phase=steady iteration=3 elapsed_ns=70573101
sample phase=steady iteration=4 elapsed_ns=70598661
sample phase=steady iteration=5 elapsed_ns=71031752
sample phase=steady iteration=6 elapsed_ns=70117121
sample phase=steady iteration=7 elapsed_ns=70169081
sample phase=steady iteration=8 elapsed_ns=70194941
sample phase=steady iteration=9 elapsed_ns=70725491
sample phase=steady iteration=10 elapsed_ns=70213101
result=1
