[To redirect Truffle log output to a file use one of the following options:
* '--log.file=<path>' if the option is passed using a guest language launcher.
* '-Dpolyglot.log.file=<path>' if the option is passed using the host Java launcher.
* Configure logging using the polyglot embedding API.]
[engine] opt done   id=101   ProtosRootNode@3743bfad                            |Tier 1|Time    96(  64+33  )ms|AST    2|Inlined   0Y   0N|IR    591/  1658|CodeSize    7561|Addr 0x7fb04715ab20|Timestamp 136599149230013|Src n/a
[engine] opt done   id=102   ProtosRootNode@68d863d                             |Tier 1|Time   390(  81+310 )ms|AST    9|Inlined   0Y   0N|IR   6624/ 23763|CodeSize  120983|Addr 0x7fb047166040|Timestamp 136599547137031|Src n/a
[engine] opt done   id=99    ProtosRootNode@3ef68d56                            |Tier 1|Time    15(   5+10  )ms|AST    2|Inlined   0Y   0N|IR    888/  1275|CodeSize    5532|Addr 0x7fb0471953e0|Timestamp 136599564135148|Src n/a
[engine] opt done   id=100   ProtosRootNode@4b910351                            |Tier 1|Time   652(  69+583 )ms|AST   13|Inlined   0Y   0N|IR  10909/ 36824|CodeSize  192065|Addr 0x7fb04719abc0|Timestamp 136600225269014|Src n/a
[engine] opt done   id=106   ProtosRootNode@4cd13428                            |Tier 1|Time    38(   8+31  )ms|AST    2|Inlined   0Y   0N|IR    888/  1275|CodeSize    5532|Addr 0x7fb0471e6ae0|Timestamp 136600266966217|Src n/a
[engine] opt done   id=107   ProtosRootNode@44ca5a9                             |Tier 1|Time   160(  23+137 )ms|AST    7|Inlined   0Y   0N|IR   3977/ 13632|CodeSize   66729|Addr 0x7fb0471ea5a0|Timestamp 136600428785002|Src n/a
[engine] opt done   id=103   ProtosRootNode@6a05a9b1                            |Tier 1|Time    27(   3+24  )ms|AST    2|Inlined   0Y   0N|IR    575/  1647|CodeSize    7498|Addr 0x7fb047204e20|Timestamp 136600456999028|Src n/a
[engine] opt done   id=104   ProtosRootNode@1db7125c                            |Tier 1|Time    24(   5+19  )ms|AST    3|Inlined   0Y   0N|IR    965/  2712|CodeSize   12265|Addr 0x7fb047208c40|Timestamp 136600481667164|Src n/a
[engine] opt done   id=101   ProtosRootNode@3743bfad                            |Tier 2|Time    46(   7+40  )ms|AST    2|Inlined   0Y   0N|IR    518/  1448|CodeSize    7174|Addr 0x7fb04721e660|Timestamp 136600720867636|Src n/a
[engine] opt done   id=102   ProtosRootNode@68d863d                             |Tier 2|Time   404(  44+360 )ms|AST    9|Inlined   0Y   0N|IR   6551/ 19778|CodeSize  105532|Addr 0x7fb0472267a0|Timestamp 136601125257593|Src n/a
[engine] opt done   id=99    ProtosRootNode@3ef68d56                            |Tier 2|Time    20(   4+16  )ms|AST    2|Inlined   0Y   0N|IR    815/   944|CodeSize    4429|Addr 0x7fb04724f600|Timestamp 136601145828620|Src n/a
[engine] opt done   id=100   ProtosRootNode@4b910351                            |Tier 2|Time   645(  61+584 )ms|AST   13|Inlined   0Y   0N|IR  10836/ 30021|CodeSize  163109|Addr 0x7fb0472545c0|Timestamp 136601791309309|Src n/a
[engine] opt done   id=106   ProtosRootNode@4cd13428                            |Tier 2|Time    23(   4+18  )ms|AST    2|Inlined   0Y   0N|IR    815/   944|CodeSize    4429|Addr 0x7fb047293d80|Timestamp 136601814501485|Src n/a
[engine] opt done   id=107   ProtosRootNode@44ca5a9                             |Tier 2|Time   169(  19+150 )ms|AST    7|Inlined   0Y   0N|IR   3904/ 11211|CodeSize   57892|Addr 0x7fb0472969e0|Timestamp 136601984781489|Src n/a
[engine] opt done   id=103   ProtosRootNode@6a05a9b1                            |Tier 2|Time    22(   3+20  )ms|AST    2|Inlined   0Y   0N|IR    502/  1344|CodeSize    6459|Addr 0x7fb0472ae0a0|Timestamp 136602008170265|Src n/a
[engine] opt done   id=104   ProtosRootNode@1db7125c                            |Tier 2|Time    29(   4+24  )ms|AST    3|Inlined   0Y   0N|IR    892/  2166|CodeSize   10426|Addr 0x7fb0472b1280|Timestamp 136602037534340|Src n/a
