WARMUP	1	14098658	2432902008176640000
WARMUP	2	6437549	2432902008176640000
WARMUP	3	5428189	2432902008176640000
WARMUP	4	1498300	2432902008176640000
WARMUP	5	4270650	2432902008176640000
WARMUP	6	1573110	2432902008176640000
WARMUP	7	3048289	2432902008176640000
WARMUP	8	1143220	2432902008176640000
WARMUP	9	4376410	2432902008176640000
WARMUP	10	4285589	2432902008176640000
WARMUP	11	866820	2432902008176640000
WARMUP	12	4061409	2432902008176640000
WARMUP	13	716760	2432902008176640000
WARMUP	14	3702380	2432902008176640000
WARMUP	15	630750	2432902008176640000
WARMUP	16	3696119	2432902008176640000
WARMUP	17	707840	2432902008176640000
WARMUP	18	3860060	2432902008176640000
WARMUP	19	531340	2432902008176640000
WARMUP	20	579360551	2432902008176640000
