[To redirect Truffle log output to a file use one of the following options:
* '--log.file=<path>' if the option is passed using a guest language launcher.
* '-Dpolyglot.log.file=<path>' if the option is passed using the host Java launcher.
* Configure logging using the polyglot embedding API.]
[engine] opt done   id=101   ProtosRootNode@74aae3d2                            |Tier 1|Time   126(  83+43  )ms|AST    2|Inlined   0Y   0N|IR    591/  1658|CodeSize    7561|Addr 0x7f2d63140520|Timestamp 136588790396676|Src n/a
[engine] opt done   id=102   ProtosRootNode@6a596b31                            |Tier 1|Time   399(  81+318 )ms|AST    9|Inlined   0Y   0N|IR   6624/ 23763|CodeSize  120983|Addr 0x7f2d6314bac0|Timestamp 136589198506949|Src n/a
[engine] opt done   id=99    ProtosRootNode@5201b7dd                            |Tier 1|Time    15(   5+9   )ms|AST    2|Inlined   0Y   0N|IR    888/  1275|CodeSize    5532|Addr 0x7f2d6317b360|Timestamp 136589214811046|Src n/a
[engine] opt done   id=100   ProtosRootNode@4fc65014                            |Tier 1|Time   645(  66+579 )ms|AST   13|Inlined   0Y   0N|IR  10909/ 36824|CodeSize  192065|Addr 0x7f2d63180b40|Timestamp 136589869761748|Src n/a
[engine] opt done   id=105   ProtosRootNode@28bff81c                            |Tier 1|Time    32(   4+28  )ms|AST    2|Inlined   0Y   0N|IR    888/  1275|CodeSize    5532|Addr 0x7f2d631cbd60|Timestamp 136589904339823|Src n/a
[engine] opt done   id=106   ProtosRootNode@b1e882                              |Tier 1|Time   129(  20+109 )ms|AST    7|Inlined   0Y   0N|IR   3649/ 11862|CodeSize   60468|Addr 0x7f2d631cf380|Timestamp 136590034605221|Src n/a
[engine] opt done   id=103   ProtosRootNode@33b1f84f                            |Tier 1|Time    14(   3+11  )ms|AST    2|Inlined   0Y   0N|IR    575/  1647|CodeSize    7498|Addr 0x7f2d631e8120|Timestamp 136590049638059|Src n/a
[engine] opt done   id=104   ProtosRootNode@62b70792                            |Tier 1|Time    23(   5+18  )ms|AST    3|Inlined   0Y   0N|IR    965/  2712|CodeSize   12265|Addr 0x7f2d631ebf40|Timestamp 136590083912543|Src n/a
[engine] opt done   id=101   ProtosRootNode@74aae3d2                            |Tier 2|Time    47(   7+40  )ms|AST    2|Inlined   0Y   0N|IR    518/  1448|CodeSize    7174|Addr 0x7f2d63202c60|Timestamp 136590326010003|Src n/a
[engine] opt done   id=102   ProtosRootNode@6a596b31                            |Tier 2|Time   395(  55+341 )ms|AST    9|Inlined   0Y   0N|IR   6551/ 19778|CodeSize  105532|Addr 0x7f2d6320c420|Timestamp 136590723583508|Src n/a
[engine] opt done   id=99    ProtosRootNode@5201b7dd                            |Tier 2|Time    21(   4+17  )ms|AST    2|Inlined   0Y   0N|IR    815/   944|CodeSize    4429|Addr 0x7f2d63235580|Timestamp 136590746350235|Src n/a
[engine] opt done   id=100   ProtosRootNode@4fc65014                            |Tier 2|Time   643(  59+584 )ms|AST   13|Inlined   0Y   0N|IR  10836/ 30021|CodeSize  163109|Addr 0x7f2d6323a4c0|Timestamp 136591390223719|Src n/a
[engine] opt done   id=105   ProtosRootNode@28bff81c                            |Tier 2|Time    22(   4+18  )ms|AST    2|Inlined   0Y   0N|IR    815/   944|CodeSize    4429|Addr 0x7f2d63279c80|Timestamp 136591413196985|Src n/a
[engine] opt done   id=106   ProtosRootNode@b1e882                              |Tier 2|Time   151(  17+134 )ms|AST    7|Inlined   0Y   0N|IR   3576/  9824|CodeSize   50985|Addr 0x7f2d6327c7a0|Timestamp 136591565201231|Src n/a
[engine] opt done   id=103   ProtosRootNode@33b1f84f                            |Tier 2|Time    31(   4+27  )ms|AST    2|Inlined   0Y   0N|IR    502/  1344|CodeSize    6459|Addr 0x7f2d63291d20|Timestamp 136591598448335|Src n/a
[engine] opt done   id=104   ProtosRootNode@62b70792                            |Tier 2|Time    29(   5+24  )ms|AST    3|Inlined   0Y   0N|IR    892/  2166|CodeSize   10426|Addr 0x7f2d63294f00|Timestamp 136591628100690|Src n/a
