WARMUP	1	8815356323	832040
WARMUP	2	4657421207	832040
WARMUP	3	4646935398	832040
WARMUP	4	4601063802	832040
WARMUP	5	4655499809	832040
WARMUP	6	4668458369	832040
WARMUP	7	4664866610	832040
WARMUP	8	4748696806	832040
WARMUP	9	4797407636	832040
WARMUP	10	4840932164	832040
WARMUP	11	4965195200	832040
WARMUP	12	4698423012	832040
WARMUP	13	4749526389	832040
WARMUP	14	4752642070	832040
WARMUP	15	4680104842	832040
WARMUP	16	4688183221	832040
WARMUP	17	4793130128	832040
WARMUP	18	4791608019	832040
WARMUP	19	4651822501	832040
WARMUP	20	4614706961	832040
