[To redirect Truffle log output to a file use one of the following options:
* '--log.file=<path>' if the option is passed using a guest language launcher.
* '-Dpolyglot.log.file=<path>' if the option is passed using the host Java launcher.
* Configure logging using the polyglot embedding API.]
[engine] opt done   id=107   ProtosRootNode@2e0f8f02                            |Tier 1|Time   130(  78+52  )ms|AST    2|Inlined   0Y   0N|IR    888/  2671|CodeSize   13140|Addr 0x7f7e8f141940|Timestamp 136649691292177|Src n/a
[engine] opt done   id=108   ProtosRootNode@7e24b961                            |Tier 1|Time   445(  87+358 )ms|AST   12|Inlined   0Y   0N|IR   7538/ 26454|CodeSize  134170|Addr 0x7f7e8f14ef80|Timestamp 136650143549981|Src n/a
[engine] opt done   id=105   ProtosRootNode@49229423                            |Tier 1|Time    14(   5+10  )ms|AST    2|Inlined   0Y   0N|IR    888/  1275|CodeSize    5532|Addr 0x7f7e8f183060|Timestamp 136650159851379|Src n/a
[engine] opt done   id=106   ProtosRootNode@70c166fa                            |Tier 1|Time  1295( 113+1182)ms|AST   17|Inlined   0Y   0N|IR  15590/ 53882|CodeSize  282213|Addr 0x7f7e8f18a7c0|Timestamp 136651464167247|Src n/a
[engine] opt done   id=99    ProtosRootNode@410c28b4                            |Tier 1|Time    34(  13+21  )ms|AST    2|Inlined   0Y   0N|IR    888/  1275|CodeSize    5532|Addr 0x7f7e8f1fa460|Timestamp 136651559842536|Src n/a
[engine] opt done   id=100   ProtosRootNode@358b8e17                            |Tier 1|Time     6(   1+5   )ms|AST    3|Inlined   0Y   0N|IR    172/   317|CodeSize    1142|Addr 0x7f7e8f1fd540|Timestamp 136651568304255|Src n/a
[engine] opt done   id=102   ProtosRootNode@6a174e7c                            |Tier 1|Time    18(   8+10  )ms|AST    2|Inlined   0Y   0N|IR    888/  1275|CodeSize    5532|Addr 0x7f7e8f1ff860|Timestamp 136651586810642|Src n/a
[engine] opt done   id=103   ProtosRootNode@32231410                            |Tier 1|Time     3(   1+2   )ms|AST    3|Inlined   0Y   0N|IR    172/   317|CodeSize    1142|Addr 0x7f7e8f202540|Timestamp 136651594370181|Src n/a
[engine] opt done   id=107   ProtosRootNode@2e0f8f02                            |Tier 2|Time    80(   7+73  )ms|AST    2|Inlined   0Y   0N|IR    816/  2543|CodeSize   13272|Addr 0x7f7e8f2151e0|Timestamp 136651842140001|Src n/a
[engine] opt done   id=108   ProtosRootNode@7e24b961                            |Tier 2|Time   497(  86+411 )ms|AST   12|Inlined   0Y   0N|IR   7465/ 21831|CodeSize  117586|Addr 0x7f7e8f222d40|Timestamp 136652341847480|Src n/a
[engine] opt done   id=105   ProtosRootNode@49229423                            |Tier 2|Time    16(   4+12  )ms|AST    2|Inlined   0Y   0N|IR    815/   944|CodeSize    4429|Addr 0x7f7e8f250e80|Timestamp 136652368501756|Src n/a
[engine] opt done   id=106   ProtosRootNode@70c166fa                            |Tier 2|Time  1223( 107+1117)ms|AST   17|Inlined   0Y   0N|IR  15518/ 43705|CodeSize  234671|Addr 0x7f7e8f256a00|Timestamp 136653592816637|Src n/a
[engine] opt done   id=99    ProtosRootNode@410c28b4                            |Tier 2|Time    33(   9+24  )ms|AST    2|Inlined   0Y   0N|IR    815/   944|CodeSize    4429|Addr 0x7f7e8f2bc180|Timestamp 136653886273311|Src n/a
[engine] opt done   id=100   ProtosRootNode@358b8e17                            |Tier 2|Time     6(   1+5   )ms|AST    3|Inlined   0Y   0N|IR     99/   221|CodeSize     858|Addr 0x7f7e8f2be220|Timestamp 136653895716400|Src n/a
[engine] opt done   id=102   ProtosRootNode@6a174e7c                            |Tier 2|Time    33(   7+25  )ms|AST    2|Inlined   0Y   0N|IR    815/   944|CodeSize    4429|Addr 0x7f7e8f2c4800|Timestamp 136653930383435|Src n/a
[engine] opt done   id=103   ProtosRootNode@32231410                            |Tier 2|Time     5(   1+4   )ms|AST    3|Inlined   0Y   0N|IR     99/   221|CodeSize     858|Addr 0x7f7e8f2c68a0|Timestamp 136653936949055|Src n/a
