[To redirect Truffle log output to a file use one of the following options:
* '--log.file=<path>' if the option is passed using a guest language launcher.
* '-Dpolyglot.log.file=<path>' if the option is passed using the host Java launcher.
* Configure logging using the polyglot embedding API.]
[engine] opt done   id=101   ProtosRootNode@3743bfad                            |Tier 1|Time    80(  51+29  )ms|AST    2|Inlined   0Y   0N|IR    591/  1658|CodeSize    7561|Addr 0x7f07b3156b20|Timestamp 136638995183023|Src n/a
[engine] opt done   id=102   ProtosRootNode@797ef42c                            |Tier 1|Time   372(  76+297 )ms|AST    9|Inlined   0Y   0N|IR   6624/ 23763|CodeSize  120983|Addr 0x7f07b3161ac0|Timestamp 136639373581564|Src n/a
[engine] opt done   id=99    ProtosRootNode@3ef68d56                            |Tier 1|Time    24(   9+15  )ms|AST    2|Inlined   0Y   0N|IR    888/  1275|CodeSize    5532|Addr 0x7f07b3192060|Timestamp 136639399796310|Src n/a
[engine] opt done   id=100   ProtosRootNode@4b910351                            |Tier 1|Time   643(  65+578 )ms|AST   13|Inlined   0Y   0N|IR  10909/ 36824|CodeSize  192065|Addr 0x7f07b3197bc0|Timestamp 136640044173936|Src n/a
[engine] opt done   id=106   ProtosRootNode@4cd13428                            |Tier 1|Time    30(   4+26  )ms|AST    2|Inlined   0Y   0N|IR    888/  1275|CodeSize    5532|Addr 0x7f07b31e2ae0|Timestamp 136640076006062|Src n/a
[engine] opt done   id=107   ProtosRootNode@44ca5a9                             |Tier 1|Time   159(  20+139 )ms|AST    6|Inlined   0Y   0N|IR   3797/ 13045|CodeSize   64253|Addr 0x7f07b31e6560|Timestamp 136640236658561|Src n/a
[engine] opt done   id=103   ProtosRootNode@42ef22e6                            |Tier 1|Time    26(   5+21  )ms|AST    2|Inlined   0Y   0N|IR    888/  1275|CodeSize    5532|Addr 0x7f07b31ff860|Timestamp 136640263595627|Src n/a
[engine] opt done   id=104   ProtosRootNode@5bd20b9f                            |Tier 1|Time     3(   1+2   )ms|AST    3|Inlined   0Y   0N|IR    172/   317|CodeSize    1142|Addr 0x7f07b3202b40|Timestamp 136640268211377|Src n/a
[engine] opt done   id=101   ProtosRootNode@3743bfad                            |Tier 2|Time    49(   7+42  )ms|AST    2|Inlined   0Y   0N|IR    518/  1448|CodeSize    7174|Addr 0x7f07b320d4e0|Timestamp 136640516636954|Src n/a
[engine] opt done   id=102   ProtosRootNode@797ef42c                            |Tier 2|Time   493(  79+415 )ms|AST    9|Inlined   0Y   0N|IR   6551/ 19778|CodeSize  105532|Addr 0x7f07b321d2a0|Timestamp 136641010170060|Src n/a
[engine] opt done   id=99    ProtosRootNode@3ef68d56                            |Tier 2|Time    18(   4+14  )ms|AST    2|Inlined   0Y   0N|IR    815/   944|CodeSize    4429|Addr 0x7f07b3246100|Timestamp 136641028883818|Src n/a
[engine] opt done   id=100   ProtosRootNode@4b910351                            |Tier 2|Time   633(  63+570 )ms|AST   13|Inlined   0Y   0N|IR  10836/ 30021|CodeSize  163109|Addr 0x7f07b324acc0|Timestamp 136641662869355|Src n/a
[engine] opt done   id=106   ProtosRootNode@4cd13428                            |Tier 2|Time    22(   4+18  )ms|AST    2|Inlined   0Y   0N|IR    815/   944|CodeSize    4429|Addr 0x7f07b328a480|Timestamp 136641685803302|Src n/a
[engine] opt done   id=107   ProtosRootNode@44ca5a9                             |Tier 2|Time   180(  18+162 )ms|AST    6|Inlined   0Y   0N|IR   3724/ 10516|CodeSize   53965|Addr 0x7f07b328d020|Timestamp 136641867126359|Src n/a
[engine] opt done   id=103   ProtosRootNode@42ef22e6                            |Tier 2|Time    33(   5+28  )ms|AST    2|Inlined   0Y   0N|IR    815/   944|CodeSize    4429|Addr 0x7f07b32a2200|Timestamp 136641901537075|Src n/a
[engine] opt done   id=104   ProtosRootNode@5bd20b9f                            |Tier 2|Time     5(   3+3   )ms|AST    3|Inlined   0Y   0N|IR     99/   221|CodeSize     858|Addr 0x7f07b32a4aa0|Timestamp 136641909384884|Src n/a
