WARMUP	1	6326997720	832040
WARMUP	2	4634477400	832040
WARMUP	3	4581917349	832040
WARMUP	4	4546348025	832040
WARMUP	5	4543970418	832040
WARMUP	6	4555153979	832040
WARMUP	7	4561262980	832040
WARMUP	8	4612655837	832040
WARMUP	9	4592591862	832040
WARMUP	10	4502297972	832040
WARMUP	11	4487067585	832040
WARMUP	12	4527166502	832040
WARMUP	13	4534680673	832040
WARMUP	14	4513649795	832040
WARMUP	15	4531068156	832040
WARMUP	16	4522054437	832040
WARMUP	17	4521922248	832040
WARMUP	18	4526759649	832040
WARMUP	19	4545789588	832040
WARMUP	20	4522696780	832040
