WARMUP	1	11517498	2432902008176640000
WARMUP	2	6682329	2432902008176640000
WARMUP	3	4593330	2432902008176640000
WARMUP	4	4579469	2432902008176640000
WARMUP	5	4926130	2432902008176640000
WARMUP	6	4892919	2432902008176640000
WARMUP	7	4590209	2432902008176640000
WARMUP	8	4340100	2432902008176640000
WARMUP	9	4951259	2432902008176640000
WARMUP	10	774350	2432902008176640000
WARMUP	11	3948130	2432902008176640000
WARMUP	12	520800	2432902008176640000
WARMUP	13	672960	2432902008176640000
WARMUP	14	3762849	2432902008176640000
WARMUP	15	423880	2432902008176640000
WARMUP	16	418370	2432902008176640000
WARMUP	17	3755940	2432902008176640000
WARMUP	18	430040	2432902008176640000
WARMUP	19	424050	2432902008176640000
WARMUP	20	243494401	2432902008176640000
