$ taskset -c 0 java -cp /workspaces/protos-benchmarks/.work/embedded/997f633755574bab438897379229b75ace2bd733/canonical/56c598ef559eb45ffbe2fdb5747559be39d1620490cb45998b52efa800949b82/classes:/workspaces/protos/target/classes:/home/vscode/.m2/repository/org/jline/jline/3.30.6/jline-3.30.6.jar:/home/vscode/.m2/repository/com/ibm/icu/icu4j/78.1/icu4j-78.1.jar:/home/vscode/.m2/repository/org/graalvm/sdk/graal-sdk/25.4.4.1.1/graal-sdk-25.4.4.1.1.jar:/home/vscode/.m2/repository/org/graalvm/sdk/collections/25.4.4.1.1/collections-25.4.4.1.1.jar:/home/vscode/.m2/repository/org/graalvm/sdk/nativeimage/25.4.4.1.1/nativeimage-25.4.4.1.1.jar:/home/vscode/.m2/repository/org/graalvm/sdk/word/25.4.4.1.1/word-25.4.4.1.1.jar:/home/vscode/.m2/repository/org/graalvm/polyglot/polyglot/25.4.4.1.1/polyglot-25.4.4.1.1.jar:/home/vscode/.m2/repository/org/graalvm/truffle/truffle-api/25.4.4.1.1/truffle-api-25.4.4.1.1.jar:/home/vscode/.m2/repository/org/graalvm/sdk/jniutils/25.4.4.1.1/jniutils-25.4.4.1.1.jar:/home/vscode/.m2/repository/org/graalvm/truffle/truffle-runtime/25.4.4.1.1/truffle-runtime-25.4.4.1.1.jar:/home/vscode/.m2/repository/org/graalvm/truffle/truffle-compiler/25.4.4.1.1/truffle-compiler-25.4.4.1.1.jar:/home/vscode/.m2/repository/org/graalvm/polyglot/dap/25.4.4.1.1/dap-25.4.4.1.1.pom:/home/vscode/.m2/repository/org/graalvm/tools/dap-tool/25.4.4.1.1/dap-tool-25.4.4.1.1.jar:/home/vscode/.m2/repository/org/graalvm/shadowed/json/25.4.4.1.1/json-25.4.4.1.1.jar:/home/vscode/.m2/repository/org/eclipse/lsp4j/org.eclipse.lsp4j/1.0.0/org.eclipse.lsp4j-1.0.0.jar:/home/vscode/.m2/repository/org/eclipse/lsp4j/org.eclipse.lsp4j.jsonrpc/1.0.0/org.eclipse.lsp4j.jsonrpc-1.0.0.jar:/home/vscode/.m2/repository/com/google/code/gson/gson/2.14.0/gson-2.14.0.jar:/home/vscode/.m2/repository/com/google/errorprone/error_prone_annotations/2.48.0/error_prone_annotations-2.48.0.jar:/home/vscode/.m2/repository/org/junit/jupiter/junit-jupiter/5.10.2/junit-jupiter-5.10.2.jar:/home/vscode/.m2/repository/org/junit/jupiter/junit-jupiter-api/5.10.2/junit-jupiter-api-5.10.2.jar:/home/vscode/.m2/repository/org/opentest4j/opentest4j/1.3.0/opentest4j-1.3.0.jar:/home/vscode/.m2/repository/org/junit/platform/junit-platform-commons/1.10.2/junit-platform-commons-1.10.2.jar:/home/vscode/.m2/repository/org/apiguardian/apiguardian-api/1.1.2/apiguardian-api-1.1.2.jar:/home/vscode/.m2/repository/org/junit/jupiter/junit-jupiter-params/5.10.2/junit-jupiter-params-5.10.2.jar:/home/vscode/.m2/repository/org/junit/jupiter/junit-jupiter-engine/5.10.2/junit-jupiter-engine-5.10.2.jar:/home/vscode/.m2/repository/org/junit/platform/junit-platform-engine/1.10.2/junit-platform-engine-1.10.2.jar com.guillermomolina.protos.benchmarks.measure.protos.ProtosCanonicalSurface measure /workspaces/protos/protos/lib/core /workspaces/protos-benchmarks/truffle/workloads/primitive-method-call/primitive-method-call.protos 50 10 10000 -
WARNING: A restricted method in java.lang.System has been called
WARNING: java.lang.System::load has been called by com.oracle.truffle.polyglot.JDKSupport in an unnamed module (file:/home/vscode/.m2/repository/org/graalvm/truffle/truffle-api/25.4.4.1.1/truffle-api-25.4.4.1.1.jar)
WARNING: Use --enable-native-access=ALL-UNNAMED to avoid a warning for callers in this module
WARNING: Restricted methods will be blocked in a future release unless native access is enabled

WARNING: A terminally deprecated method in sun.misc.Unsafe has been called
WARNING: sun.misc.Unsafe::objectFieldOffset has been called by com.oracle.truffle.runtime.hotspot.HotSpotTruffleRuntime (file:/home/vscode/.m2/repository/org/graalvm/truffle/truffle-runtime/25.4.4.1.1/truffle-runtime-25.4.4.1.1.jar)
WARNING: Please consider reporting this to the maintainers of class com.oracle.truffle.runtime.hotspot.HotSpotTruffleRuntime
WARNING: sun.misc.Unsafe::objectFieldOffset will be removed in a future release
mode=jvm
surface=canonical
language=protos
run_mode=canonical
source=/workspaces/protos-benchmarks/truffle/workloads/primitive-method-call/primitive-method-call.protos
warmup_iterations=50
steady_iterations=10
sample_calls=10000
setup_ns=1124872778
sample phase=cold iteration=1 elapsed_ns=25617981
sample phase=warmup iteration=1 elapsed_ns=575067744
sample phase=warmup iteration=2 elapsed_ns=267084196
sample phase=warmup iteration=3 elapsed_ns=87601747
sample phase=warmup iteration=4 elapsed_ns=55092155
sample phase=warmup iteration=5 elapsed_ns=47546661
sample phase=warmup iteration=6 elapsed_ns=40334528
sample phase=warmup iteration=7 elapsed_ns=39565233
sample phase=warmup iteration=8 elapsed_ns=37937472
sample phase=warmup iteration=9 elapsed_ns=29255612
sample phase=warmup iteration=10 elapsed_ns=24664755
sample phase=warmup iteration=11 elapsed_ns=24620735
sample phase=warmup iteration=12 elapsed_ns=23359667
sample phase=warmup iteration=13 elapsed_ns=15311710
sample phase=warmup iteration=14 elapsed_ns=16312635
sample phase=warmup iteration=15 elapsed_ns=16280565
sample phase=warmup iteration=16 elapsed_ns=14652916
sample phase=warmup iteration=17 elapsed_ns=14482745
sample phase=warmup iteration=18 elapsed_ns=9865177
sample phase=warmup iteration=19 elapsed_ns=8272449
sample phase=warmup iteration=20 elapsed_ns=9851558
sample phase=warmup iteration=21 elapsed_ns=9888549
sample phase=warmup iteration=22 elapsed_ns=14126203
sample phase=warmup iteration=23 elapsed_ns=7201242
sample phase=warmup iteration=24 elapsed_ns=8761412
sample phase=warmup iteration=25 elapsed_ns=5941095
sample phase=warmup iteration=26 elapsed_ns=5990465
sample phase=warmup iteration=27 elapsed_ns=10138480
sample phase=warmup iteration=28 elapsed_ns=4651807
sample phase=warmup iteration=29 elapsed_ns=6296037
sample phase=warmup iteration=30 elapsed_ns=4044024
sample phase=warmup iteration=31 elapsed_ns=5672383
sample phase=warmup iteration=32 elapsed_ns=4046614
sample phase=warmup iteration=33 elapsed_ns=5300911
sample phase=warmup iteration=34 elapsed_ns=3760022
sample phase=warmup iteration=35 elapsed_ns=6369557
sample phase=warmup iteration=36 elapsed_ns=3561261
sample phase=warmup iteration=37 elapsed_ns=6380847
sample phase=warmup iteration=38 elapsed_ns=3993274
sample phase=warmup iteration=39 elapsed_ns=5619443
sample phase=warmup iteration=40 elapsed_ns=5591763
sample phase=warmup iteration=41 elapsed_ns=3685011
sample phase=warmup iteration=42 elapsed_ns=2451954
sample phase=warmup iteration=43 elapsed_ns=5872955
sample phase=warmup iteration=44 elapsed_ns=3572231
sample phase=warmup iteration=45 elapsed_ns=2931558
sample phase=warmup iteration=46 elapsed_ns=3141509
sample phase=warmup iteration=47 elapsed_ns=11073775
sample phase=warmup iteration=48 elapsed_ns=3355350
sample phase=warmup iteration=49 elapsed_ns=1743950
sample phase=warmup iteration=50 elapsed_ns=3350019
sample phase=steady iteration=1 elapsed_ns=4145265
sample phase=steady iteration=2 elapsed_ns=3136459
sample phase=steady iteration=3 elapsed_ns=4531716
sample phase=steady iteration=4 elapsed_ns=4142695
sample phase=steady iteration=5 elapsed_ns=3134948
sample phase=steady iteration=6 elapsed_ns=3188258
sample phase=steady iteration=7 elapsed_ns=5113120
sample phase=steady iteration=8 elapsed_ns=3357039
sample phase=steady iteration=9 elapsed_ns=3348700
sample phase=steady iteration=10 elapsed_ns=2669365
result=1
