$ taskset -c 0 java -Dprotos.benchmarks.peer.language=python -cp /workspaces/protos-benchmarks/.work/embedded/peer-25.4.4.1.1/executable-value/d0088eaa89ece882c7363b6d2a332ffbdffae8594feb7a0767135a1f7f2b5cd4/classes:/home/vscode/.m2/repository/org/graalvm/polyglot/polyglot/25.4.4.1.1/polyglot-25.4.4.1.1.jar:/home/vscode/.m2/repository/org/graalvm/sdk/collections/25.4.4.1.1/collections-25.4.4.1.1.jar:/home/vscode/.m2/repository/org/graalvm/sdk/nativeimage/25.4.4.1.1/nativeimage-25.4.4.1.1.jar:/home/vscode/.m2/repository/org/graalvm/sdk/word/25.4.4.1.1/word-25.4.4.1.1.jar:/home/vscode/.m2/repository/org/graalvm/polyglot/js/25.4.4.1.1/js-25.4.4.1.1.pom:/home/vscode/.m2/repository/org/graalvm/js/js/25.4.4.1.1/js-25.4.4.1.1.pom:/home/vscode/.m2/repository/org/graalvm/js/js-language/25.4.4.1.1/js-language-25.4.4.1.1.jar:/home/vscode/.m2/repository/org/graalvm/regex/regex/25.4.4.1.1/regex-25.4.4.1.1.jar:/home/vscode/.m2/repository/org/graalvm/truffle/truffle-api/25.4.4.1.1/truffle-api-25.4.4.1.1.jar:/home/vscode/.m2/repository/org/graalvm/sdk/jniutils/25.4.4.1.1/jniutils-25.4.4.1.1.jar:/home/vscode/.m2/repository/org/graalvm/shadowed/icu4j/25.4.4.1.1/icu4j-25.4.4.1.1.jar:/home/vscode/.m2/repository/org/graalvm/truffle/truffle-runtime/25.4.4.1.1/truffle-runtime-25.4.4.1.1.jar:/home/vscode/.m2/repository/org/graalvm/truffle/truffle-compiler/25.4.4.1.1/truffle-compiler-25.4.4.1.1.jar:/home/vscode/.m2/repository/org/graalvm/polyglot/python/25.4.4.1.1/python-25.4.4.1.1.pom:/home/vscode/.m2/repository/org/graalvm/python/python/25.4.4.1.1/python-25.4.4.1.1.pom:/home/vscode/.m2/repository/org/graalvm/python/python-language/25.4.4.1.1/python-language-25.4.4.1.1.jar:/home/vscode/.m2/repository/org/graalvm/tools/profiler-tool/25.4.4.1.1/profiler-tool-25.4.4.1.1.jar:/home/vscode/.m2/repository/org/graalvm/shadowed/json/25.4.4.1.1/json-25.4.4.1.1.jar:/home/vscode/.m2/repository/org/graalvm/shadowed/xz/25.4.4.1.1/xz-25.4.4.1.1.jar:/home/vscode/.m2/repository/org/graalvm/python/python-resources/25.4.4.1.1/python-resources-25.4.4.1.1.jar com.guillermomolina.protos.benchmarks.measure.peer.PeerExecutableSurface measure - /workspaces/protos-benchmarks/truffle/workloads/fibonacci/fibonacci.py 60 10 1 -
WARNING: A restricted method in java.lang.System has been called
WARNING: java.lang.System::load has been called by com.oracle.truffle.polyglot.JDKSupport in an unnamed module (file:/home/vscode/.m2/repository/org/graalvm/truffle/truffle-api/25.4.4.1.1/truffle-api-25.4.4.1.1.jar)
WARNING: Use --enable-native-access=ALL-UNNAMED to avoid a warning for callers in this module
WARNING: Restricted methods will be blocked in a future release unless native access is enabled

WARNING: A terminally deprecated method in sun.misc.Unsafe has been called
WARNING: sun.misc.Unsafe::objectFieldOffset has been called by com.oracle.truffle.runtime.hotspot.HotSpotTruffleRuntime (file:/home/vscode/.m2/repository/org/graalvm/truffle/truffle-runtime/25.4.4.1.1/truffle-runtime-25.4.4.1.1.jar)
WARNING: Please consider reporting this to the maintainers of class com.oracle.truffle.runtime.hotspot.HotSpotTruffleRuntime
WARNING: sun.misc.Unsafe::objectFieldOffset will be removed in a future release
mode=jvm
surface=executable-value
language=python
run_mode=executable-value
source=/workspaces/protos-benchmarks/truffle/workloads/fibonacci/fibonacci.py
warmup_iterations=60
steady_iterations=10
sample_calls=1
setup_ns=4830728931
sample phase=cold iteration=1 elapsed_ns=113722670
sample phase=warmup iteration=1 elapsed_ns=3769122
sample phase=warmup iteration=2 elapsed_ns=235510
sample phase=warmup iteration=3 elapsed_ns=258089
sample phase=warmup iteration=4 elapsed_ns=327910
sample phase=warmup iteration=5 elapsed_ns=233299
sample phase=warmup iteration=6 elapsed_ns=3469353
sample phase=warmup iteration=7 elapsed_ns=245569
sample phase=warmup iteration=8 elapsed_ns=227990
sample phase=warmup iteration=9 elapsed_ns=223540
sample phase=warmup iteration=10 elapsed_ns=231170
sample phase=warmup iteration=11 elapsed_ns=214799
sample phase=warmup iteration=12 elapsed_ns=3458813
sample phase=warmup iteration=13 elapsed_ns=235350
sample phase=warmup iteration=14 elapsed_ns=224009
sample phase=warmup iteration=15 elapsed_ns=223970
sample phase=warmup iteration=16 elapsed_ns=228619
sample phase=warmup iteration=17 elapsed_ns=231089
sample phase=warmup iteration=18 elapsed_ns=223020
sample phase=warmup iteration=19 elapsed_ns=3449713
sample phase=warmup iteration=20 elapsed_ns=232909
sample phase=warmup iteration=21 elapsed_ns=230280
sample phase=warmup iteration=22 elapsed_ns=231189
sample phase=warmup iteration=23 elapsed_ns=228540
sample phase=warmup iteration=24 elapsed_ns=296859
sample phase=warmup iteration=25 elapsed_ns=3680983
sample phase=warmup iteration=26 elapsed_ns=242569
sample phase=warmup iteration=27 elapsed_ns=226130
sample phase=warmup iteration=28 elapsed_ns=222419
sample phase=warmup iteration=29 elapsed_ns=374250
sample phase=warmup iteration=30 elapsed_ns=203760
sample phase=warmup iteration=31 elapsed_ns=3995892
sample phase=warmup iteration=32 elapsed_ns=234449
sample phase=warmup iteration=33 elapsed_ns=356300
sample phase=warmup iteration=34 elapsed_ns=222209
sample phase=warmup iteration=35 elapsed_ns=351890
sample phase=warmup iteration=36 elapsed_ns=3773672
sample phase=warmup iteration=37 elapsed_ns=365659
sample phase=warmup iteration=38 elapsed_ns=225370
sample phase=warmup iteration=39 elapsed_ns=344339
sample phase=warmup iteration=40 elapsed_ns=222069
sample phase=warmup iteration=41 elapsed_ns=3585213
sample phase=warmup iteration=42 elapsed_ns=233420
sample phase=warmup iteration=43 elapsed_ns=359049
sample phase=warmup iteration=44 elapsed_ns=233529
sample phase=warmup iteration=45 elapsed_ns=345680
sample phase=warmup iteration=46 elapsed_ns=3723782
sample phase=warmup iteration=47 elapsed_ns=366139
sample phase=warmup iteration=48 elapsed_ns=247130
sample phase=warmup iteration=49 elapsed_ns=359629
sample phase=warmup iteration=50 elapsed_ns=226829
sample phase=warmup iteration=51 elapsed_ns=3681493
sample phase=warmup iteration=52 elapsed_ns=238659
sample phase=warmup iteration=53 elapsed_ns=357430
sample phase=warmup iteration=54 elapsed_ns=229899
sample phase=warmup iteration=55 elapsed_ns=343499
sample phase=warmup iteration=56 elapsed_ns=210160
sample phase=warmup iteration=57 elapsed_ns=2914984
sample phase=warmup iteration=58 elapsed_ns=232740
sample phase=warmup iteration=59 elapsed_ns=1701936
sample phase=warmup iteration=60 elapsed_ns=234600
sample phase=steady iteration=1 elapsed_ns=347819
sample phase=steady iteration=2 elapsed_ns=221949
sample phase=steady iteration=3 elapsed_ns=352740
sample phase=steady iteration=4 elapsed_ns=220439
sample phase=steady iteration=5 elapsed_ns=3742093
sample phase=steady iteration=6 elapsed_ns=224979
sample phase=steady iteration=7 elapsed_ns=16591567
sample phase=steady iteration=8 elapsed_ns=280429
sample phase=steady iteration=9 elapsed_ns=226620
sample phase=steady iteration=10 elapsed_ns=223370
result=6765
