WARMUP	1	14667240370	528
WARMUP	2	10126446533	528
WARMUP	3	10618473975	528
WARMUP	4	11354610839	528
WARMUP	5	10296195653	528
WARMUP	6	10580277931	528
WARMUP	7	10449153453	528
WARMUP	8	10216049915	528
WARMUP	9	11032959048	528
WARMUP	10	12572137282	528
WARMUP	11	11406096343	528
WARMUP	12	11094633234	528
WARMUP	13	10570134307	528
WARMUP	14	11470305917	528
WARMUP	15	14482303501	528
WARMUP	16	13789976560	528
WARMUP	17	12136596131	528
WARMUP	18	11489867916	528
WARMUP	19	11542811566	528
WARMUP	20	11016597048	528
