[To redirect Truffle log output to a file use one of the following options:
* '--log.file=<path>' if the option is passed using a guest language launcher.
* '-Dpolyglot.log.file=<path>' if the option is passed using the host Java launcher.
* Configure logging using the polyglot embedding API.]
[engine] opt done   id=150   ProtosRootNode@73a02f84                            |Tier 1|Time    97(  59+38  )ms|AST    2|Inlined   0Y   0N|IR    591/  1658|CodeSize    7561|Addr 0x7fd86b16baa0|Timestamp 199990860035711|Src n/a
[engine] opt done   id=151   ProtosRootNode@152d1d2                             |Tier 1|Time  2524( 245+2278)ms|AST   21|Inlined   0Y   0N|IR  20851/ 81773|CodeSize  436754|Addr 0x7fd86b17b020|Timestamp 199993392028153|Src n/a
[engine] opt done   id=146   ProtosRootNode@211a010a                            |Tier 1|Time    46(  14+32  )ms|AST    2|Inlined   0Y   0N|IR    888/  1275|CodeSize    5532|Addr 0x7fd86b21fc60|Timestamp 199993507358164|Src n/a
[engine] opt done   id=147   ProtosRootNode@fafa15                              |Tier 1|Time   731(  91+640 )ms|AST   11|Inlined   0Y   0N|IR  10711/ 39220|CodeSize  206041|Addr 0x7fd86b226dc0|Timestamp 199994240629116|Src n/a
[engine] opt done   id=103   ProtosRootNode@37295fe2                            |Tier 1|Time    15(   4+11  )ms|AST    2|Inlined   0Y   0N|IR    591/  1658|CodeSize    7561|Addr 0x7fd86b277020|Timestamp 199994272253947|Src n/a
[engine] opt done   id=104   ProtosRootNode@6e6facd9                            |Tier 1|Time   247(  27+219 )ms|AST    6|Inlined   0Y   0N|IR   5217/ 19409|CodeSize  101975|Addr 0x7fd86b27bc20|Timestamp 199994519765492|Src n/a
[engine] opt done   id=148   ProtosRootNode@5119f4ab                            |Tier 1|Time    27(   8+19  )ms|AST    2|Inlined   0Y   0N|IR    888/  1275|CodeSize    5532|Addr 0x7fd86b2a42e0|Timestamp 199994551414124|Src n/a
[engine] opt done   id=149   ProtosRootNode@7cf0a644                            |Tier 1|Time  1969( 168+1801)ms|AST   20|Inlined   0Y   0N|IR  20353/ 75041|CodeSize  397465|Addr 0x7fd86b2adc40|Timestamp 199996524874771|Src n/a
[engine] opt done   id=150   ProtosRootNode@73a02f84                            |Tier 2|Time    47(   7+39  )ms|AST    2|Inlined   0Y   0N|IR    518/  1448|CodeSize    7174|Addr 0x7fd86b34cbe0|Timestamp 199996823889453|Src n/a
[engine] opt done   id=151   ProtosRootNode@152d1d2                             |Tier 2|Time  2006( 155+1851)ms|AST   21|Inlined   0Y   0N|IR  20778/ 68815|CodeSize  387532|Addr 0x7fd86b35bd20|Timestamp 199998830470022|Src n/a
[engine] opt done   id=146   ProtosRootNode@211a010a                            |Tier 2|Time    34(   7+27  )ms|AST    2|Inlined   0Y   0N|IR    815/   944|CodeSize    4429|Addr 0x7fd86b3f5980|Timestamp 199999045591344|Src n/a
[engine] opt done   id=147   ProtosRootNode@fafa15                              |Tier 2|Time   782( 120+662 )ms|AST   11|Inlined   0Y   0N|IR  10638/ 32814|CodeSize  176872|Addr 0x7fd86b4047e0|Timestamp 199999831278153|Src n/a
[engine] opt done   id=103   ProtosRootNode@37295fe2                            |Tier 2|Time    28(   4+24  )ms|AST    2|Inlined   0Y   0N|IR    518/  1448|CodeSize    7174|Addr 0x7fd86b447f60|Timestamp 199999859762780|Src n/a
[engine] opt done   id=104   ProtosRootNode@6e6facd9                            |Tier 2|Time   278(  39+239 )ms|AST    6|Inlined   0Y   0N|IR   5144/ 16227|CodeSize   85747|Addr 0x7fd86b44e260|Timestamp 200000138209285|Src n/a
[engine] opt done   id=148   ProtosRootNode@5119f4ab                            |Tier 2|Time    67(  11+56  )ms|AST    2|Inlined   0Y   0N|IR    815/   944|CodeSize    4429|Addr 0x7fd86b471480|Timestamp 200000220112662|Src n/a
[engine] opt done   id=149   ProtosRootNode@7cf0a644                            |Tier 2|Time  1971( 131+1840)ms|AST   20|Inlined   0Y   0N|IR  20280/ 62658|CodeSize  342484|Addr 0x7fd86b47a280|Timestamp 200002191551653|Src n/a
[engine] opt done   id=101   ProtosRootNode@2031960f                            |Tier 1|Time    33(   9+23  )ms|AST    2|Inlined   0Y   0N|IR    591/  1658|CodeSize    7561|Addr 0x7fd86b4fd120|Timestamp 200002302654049|Src n/a
[engine] opt done   id=102   ProtosRootNode@5e086a27                            |Tier 1|Time   471(  44+427 )ms|AST    9|Inlined   0Y   0N|IR   7951/ 31452|CodeSize  167494|Addr 0x7fd86b503840|Timestamp 200002775847238|Src n/a
[engine] opt done   id=99    ProtosRootNode@9991c2b                             |Tier 1|Time    15(   5+10  )ms|AST    2|Inlined   0Y   0N|IR    888/  1275|CodeSize    5532|Addr 0x7fd86b543060|Timestamp 200002805281076|Src n/a
[engine] opt done   id=100   ProtosRootNode@1c4a843a                            |Tier 1|Time   978(  92+887 )ms|AST   13|Inlined   0Y   0N|IR  12899/ 48349|CodeSize  260527|Addr 0x7fd86b54a320|Timestamp 200003784738658|Src n/a
[engine] opt done   id=105   ProtosRootNode@c7c218f                             |Tier 1|Time    15(   5+10  )ms|AST    2|Inlined   0Y   0N|IR    888/  1275|CodeSize    5532|Addr 0x7fd86b5ad660|Timestamp 200003800539329|Src n/a
[engine] opt done   id=106   ProtosRootNode@180c7db6                            |Tier 1|Time   321(  44+277 )ms|AST    9|Inlined   0Y   0N|IR   6486/ 23741|CodeSize  126115|Addr 0x7fd86b5b1ba0|Timestamp 200004122569170|Src n/a
[engine] opt done   id=152   ProtosRootNode@6cd7dabb                            |Tier 1|Time    22(   4+17  )ms|AST    2|Inlined   0Y   0N|IR    888/  2671|CodeSize   13140|Addr 0x7fd86b5e35c0|Timestamp 200004146910892|Src n/a
[engine] opt failed id=153   ProtosRootNode@4c80c619                            |Tier 1|Time   46(-200004148+200004194)ms|Reason: jdk.graal.compiler.truffle.GraphTooBigBailoutException: Graph too big to safely compile. Node count: 50681. Graph Size: 150026. Limit: 150000.|Timestamp 200004194123454|Src n/a
[engine] opt failed id=153   ProtosRootNode@4c80c619                            |Tier 1|Time   43(-200004206+200004249)ms|Reason: jdk.graal.compiler.truffle.GraphTooBigBailoutException: Graph too big to safely compile. Node count: 50681. Graph Size: 150026. Limit: 150000.|Timestamp 200004249795857|Src n/a
[engine] opt done   id=140   ProtosRootNode@5717bed8                            |Tier 1|Time    14(   5+9   )ms|AST    2|Inlined   0Y   0N|IR    888/  1275|CodeSize    5532|Addr 0x7fd86b5ea560|Timestamp 200004264937257|Src n/a
[engine] opt done   id=141   ProtosRootNode@2f991269                            |Tier 1|Time   195(  24+172 )ms|AST    7|Inlined   0Y   0N|IR   4642/ 17482|CodeSize   90120|Addr 0x7fd86b5edd80|Timestamp 200004460999553|Src n/a
[engine] opt done   id=241   ProtosRootNode@5f0550a9                            |Tier 1|Time    29(   6+23  )ms|AST    2|Inlined   0Y   0N|IR    591/  1658|CodeSize    7561|Addr 0x7fd86b62c3a0|Timestamp 200004841831041|Src n/a
[engine] opt done   id=242   ProtosRootNode@42ac501a                            |Tier 1|Time  2177( 138+2039)ms|AST   21|Inlined   0Y   0N|IR  20851/ 81773|CodeSize  436754|Addr 0x7fd86b637fa0|Timestamp 200007019436439|Src n/a
[engine] opt done   id=237   ProtosRootNode@14e930bc                            |Tier 1|Time    27(   8+19  )ms|AST    2|Inlined   0Y   0N|IR    888/  1275|CodeSize    5532|Addr 0x7fd86b6dd260|Timestamp 200007069280405|Src n/a
[engine] opt done   id=238   ProtosRootNode@33f7a79b                            |Tier 1|Time   611(  59+553 )ms|AST   11|Inlined   0Y   0N|IR  10711/ 39220|CodeSize  206041|Addr 0x7fd86b6e30c0|Timestamp 200007684898470|Src n/a
[engine] opt done   id=239   ProtosRootNode@adb5444                             |Tier 1|Time    28(   8+20  )ms|AST    2|Inlined   0Y   0N|IR    888/  1275|CodeSize    5532|Addr 0x7fd86b733c60|Timestamp 200007736265277|Src n/a
[engine] opt done   id=240   ProtosRootNode@2953ad5d                            |Tier 1|Time  1900( 162+1737)ms|AST   20|Inlined   0Y   0N|IR  20353/ 75041|CodeSize  397465|Addr 0x7fd86b73ff40|Timestamp 200009637495252|Src n/a
[engine] opt done   id=241   ProtosRootNode@5f0550a9                            |Tier 2|Time    37(   7+30  )ms|AST    2|Inlined   0Y   0N|IR    518/  1448|CodeSize    7174|Addr 0x7fd86b7dbbe0|Timestamp 200009772887139|Src n/a
[engine] opt done   id=242   ProtosRootNode@42ac501a                            |Tier 2|Time  2023( 123+1900)ms|AST   21|Inlined   0Y   0N|IR  20778/ 68815|CodeSize  387532|Addr 0x7fd86b7e3720|Timestamp 200011796060802|Src n/a
[engine] opt done   id=237   ProtosRootNode@14e930bc                            |Tier 2|Time    16(   4+12  )ms|AST    2|Inlined   0Y   0N|IR    815/   944|CodeSize    4429|Addr 0x7fd86b876100|Timestamp 200011912641234|Src n/a
[engine] opt done   id=238   ProtosRootNode@33f7a79b                            |Tier 2|Time   690(  60+630 )ms|AST   11|Inlined   0Y   0N|IR  10638/ 32814|CodeSize  176872|Addr 0x7fd86b87abe0|Timestamp 200012603657907|Src n/a
[engine] opt done   id=239   ProtosRootNode@adb5444                             |Tier 2|Time    23(   4+18  )ms|AST    2|Inlined   0Y   0N|IR    815/   944|CodeSize    4429|Addr 0x7fd86b8bdf80|Timestamp 200012630076151|Src n/a
[engine] opt done   id=240   ProtosRootNode@2953ad5d                            |Tier 2|Time  1706( 122+1585)ms|AST   20|Inlined   0Y   0N|IR  20280/ 62658|CodeSize  342484|Addr 0x7fd86b8c4980|Timestamp 200014338137862|Src n/a
[engine] opt done   id=243   ProtosRootNode@3f04b598                            |Tier 1|Time    23(   6+18  )ms|AST    2|Inlined   0Y   0N|IR    888/  2671|CodeSize   13140|Addr 0x7fd86b944fc0|Timestamp 200014405185579|Src n/a
[engine] opt failed id=244   ProtosRootNode@1c51e858                            |Tier 1|Time   48(-200014406+200014454)ms|Reason: jdk.graal.compiler.truffle.GraphTooBigBailoutException: Graph too big to safely compile. Node count: 50681. Graph Size: 150026. Limit: 150000.|Timestamp 200014453654582|Src n/a
[engine] opt failed id=244   ProtosRootNode@1c51e858                            |Tier 1|Time   42(-200014462+200014504)ms|Reason: jdk.graal.compiler.truffle.GraphTooBigBailoutException: Graph too big to safely compile. Node count: 50681. Graph Size: 150026. Limit: 150000.|Timestamp 200014504543769|Src n/a
[engine] opt done   id=231   ProtosRootNode@39e3084d                            |Tier 1|Time    14(   4+10  )ms|AST    2|Inlined   0Y   0N|IR    888/  1275|CodeSize    5532|Addr 0x7fd86b94aee0|Timestamp 200014519508338|Src n/a
[engine] opt done   id=232   ProtosRootNode@306888b5                            |Tier 1|Time   194(  22+173 )ms|AST    7|Inlined   0Y   0N|IR   4642/ 17482|CodeSize   90120|Addr 0x7fd86b94f000|Timestamp 200014714357223|Src n/a
[engine] opt done   id=332   ProtosRootNode@64291f2b                            |Tier 1|Time    25(  10+15  )ms|AST    2|Inlined   0Y   0N|IR    591/  1658|CodeSize    7561|Addr 0x7fd86b9772a0|Timestamp 200014954266996|Src n/a
[engine] opt done   id=333   ProtosRootNode@3b4151c9                            |Tier 1|Time  2158( 145+2012)ms|AST   21|Inlined   0Y   0N|IR  20851/ 81773|CodeSize  436754|Addr 0x7fd86b97ffa0|Timestamp 200017112195582|Src n/a
[engine] opt done   id=328   ProtosRootNode@1e60b5d5                            |Tier 1|Time    14(   5+10  )ms|AST    2|Inlined   0Y   0N|IR    888/  1275|CodeSize    5532|Addr 0x7fd86ba246e0|Timestamp 200017162850268|Src n/a
[engine] opt done   id=329   ProtosRootNode@12705f63                            |Tier 1|Time   693(  57+636 )ms|AST   11|Inlined   0Y   0N|IR  10711/ 39220|CodeSize  206041|Addr 0x7fd86ba29840|Timestamp 200017856316953|Src n/a
[engine] opt done   id=330   ProtosRootNode@7a9fcc5f                            |Tier 1|Time    15(   5+10  )ms|AST    2|Inlined   0Y   0N|IR    888/  1275|CodeSize    5532|Addr 0x7fd86ba79a60|Timestamp 200017872175223|Src n/a
[engine] opt done   id=331   ProtosRootNode@3bb947a5                            |Tier 1|Time  1942( 209+1733)ms|AST   20|Inlined   0Y   0N|IR  20353/ 75041|CodeSize  397465|Addr 0x7fd86ba83340|Timestamp 200019815087727|Src n/a
[engine] opt done   id=332   ProtosRootNode@64291f2b                            |Tier 2|Time    22(   7+15  )ms|AST    2|Inlined   0Y   0N|IR    518/  1448|CodeSize    7174|Addr 0x7fd86bb1fae0|Timestamp 200019947932151|Src n/a
[engine] opt done   id=333   ProtosRootNode@3b4151c9                            |Tier 2|Time  1899( 124+1776)ms|AST   21|Inlined   0Y   0N|IR  20778/ 68815|CodeSize  387532|Addr 0x7fd86bb27320|Timestamp 200021847995128|Src n/a
[engine] opt done   id=328   ProtosRootNode@1e60b5d5                            |Tier 2|Time    33(   8+25  )ms|AST    2|Inlined   0Y   0N|IR    815/   944|CodeSize    4429|Addr 0x7fd86bbb6e00|Timestamp 200021988654071|Src n/a
[engine] opt done   id=329   ProtosRootNode@12705f63                            |Tier 2|Time   695(  55+640 )ms|AST   11|Inlined   0Y   0N|IR  10638/ 32814|CodeSize  176872|Addr 0x7fd86bbbece0|Timestamp 200022686028300|Src n/a
[engine] opt done   id=330   ProtosRootNode@7a9fcc5f                            |Tier 2|Time    22(   4+18  )ms|AST    2|Inlined   0Y   0N|IR    815/   944|CodeSize    4429|Addr 0x7fd86bc02080|Timestamp 200022711978784|Src n/a
[engine] opt done   id=331   ProtosRootNode@3bb947a5                            |Tier 2|Time  1896( 139+1757)ms|AST   20|Inlined   0Y   0N|IR  20280/ 62658|CodeSize  342484|Addr 0x7fd86bc0a100|Timestamp 200024608241924|Src n/a
[engine] opt done   id=334   ProtosRootNode@69d0fc80                            |Tier 1|Time    22(   4+17  )ms|AST    2|Inlined   0Y   0N|IR    888/  2671|CodeSize   13140|Addr 0x7fd86bc8a740|Timestamp 200024669964755|Src n/a
[engine] opt failed id=335   ProtosRootNode@7b2817e9                            |Tier 1|Time   43(-200024670+200024714)ms|Reason: jdk.graal.compiler.truffle.GraphTooBigBailoutException: Graph too big to safely compile. Node count: 50681. Graph Size: 150026. Limit: 150000.|Timestamp 200024713716042|Src n/a
[engine] opt failed id=335   ProtosRootNode@7b2817e9                            |Tier 1|Time   42(-200024723+200024765)ms|Reason: jdk.graal.compiler.truffle.GraphTooBigBailoutException: Graph too big to safely compile. Node count: 50681. Graph Size: 150026. Limit: 150000.|Timestamp 200024764873598|Src n/a
[engine] opt done   id=322   ProtosRootNode@1b0b7416                            |Tier 1|Time    14(   4+9   )ms|AST    2|Inlined   0Y   0N|IR    888/  1275|CodeSize    5532|Addr 0x7fd86bc90360|Timestamp 200024779138947|Src n/a
[engine] opt done   id=323   ProtosRootNode@66a6e985                            |Tier 1|Time   420(  50+370 )ms|AST    7|Inlined   0Y   0N|IR   4642/ 17482|CodeSize   90120|Addr 0x7fd86bc93b80|Timestamp 200025200206195|Src n/a
[engine] opt done   id=423   ProtosRootNode@3630931                             |Tier 1|Time    30(   7+23  )ms|AST    2|Inlined   0Y   0N|IR    591/  1658|CodeSize    7561|Addr 0x7fd86bcbbaa0|Timestamp 200025574260432|Src n/a
[engine] opt done   id=424   ProtosRootNode@51564bb9                            |Tier 1|Time  2092( 197+1895)ms|AST   21|Inlined   0Y   0N|IR  20851/ 81773|CodeSize  436754|Addr 0x7fd86bcc6620|Timestamp 200027667181227|Src n/a
[engine] opt done   id=419   ProtosRootNode@462f5f1b                            |Tier 1|Time    14(   5+9   )ms|AST    2|Inlined   0Y   0N|IR    888/  1275|CodeSize    5532|Addr 0x7fd86bd6bc60|Timestamp 200027736437818|Src n/a
[engine] opt done   id=420   ProtosRootNode@3095ed6                             |Tier 1|Time   670(  58+612 )ms|AST   11|Inlined   0Y   0N|IR  10711/ 39220|CodeSize  206041|Addr 0x7fd86bd710c0|Timestamp 200028407363361|Src n/a
[engine] opt done   id=421   ProtosRootNode@261e7c1                             |Tier 1|Time    15(   4+11  )ms|AST    2|Inlined   0Y   0N|IR    888/  1275|CodeSize    5532|Addr 0x7fd86bdc12e0|Timestamp 200028442805367|Src n/a
[engine] opt done   id=422   ProtosRootNode@69edcdc6                            |Tier 1|Time  1790( 139+1651)ms|AST   20|Inlined   0Y   0N|IR  20353/ 75041|CodeSize  397465|Addr 0x7fd86bdc9040|Timestamp 200030232763096|Src n/a
[engine] opt done   id=423   ProtosRootNode@3630931                             |Tier 2|Time    19(   3+15  )ms|AST    2|Inlined   0Y   0N|IR    518/  1448|CodeSize    7174|Addr 0x7fd86be61d60|Timestamp 200030316022805|Src n/a
[engine] opt done   id=424   ProtosRootNode@51564bb9                            |Tier 2|Time  1961( 125+1836)ms|AST   21|Inlined   0Y   0N|IR  20778/ 68815|CodeSize  387532|Addr 0x7fd86be695a0|Timestamp 200032277334816|Src n/a
[engine] opt done   id=419   ProtosRootNode@462f5f1b                            |Tier 2|Time    17(   5+13  )ms|AST    2|Inlined   0Y   0N|IR    815/   944|CodeSize    4429|Addr 0x7fd86bef9380|Timestamp 200032373068590|Src n/a
[engine] opt done   id=420   ProtosRootNode@3095ed6                             |Tier 2|Time  1137( 139+998 )ms|AST   11|Inlined   0Y   0N|IR  10638/ 32814|CodeSize  176872|Addr 0x7fd86befe460|Timestamp 200033512919792|Src n/a
[engine] opt done   id=421   ProtosRootNode@261e7c1                             |Tier 2|Time    45(   7+38  )ms|AST    2|Inlined   0Y   0N|IR    815/   944|CodeSize    4429|Addr 0x7fd86bf41800|Timestamp 200033567183633|Src n/a
[engine] opt done   id=422   ProtosRootNode@69edcdc6                            |Tier 2|Time  2665( 321+2345)ms|AST   20|Inlined   0Y   0N|IR  20280/ 62658|CodeSize  342484|Addr 0x7fd86bf48e80|Timestamp 200036232999937|Src n/a
[engine] opt done   id=425   ProtosRootNode@13e5f549                            |Tier 1|Time    24(   5+19  )ms|AST    2|Inlined   0Y   0N|IR    888/  2671|CodeSize   13140|Addr 0x7fd86bfc94c0|Timestamp 200036309544257|Src n/a
[engine] opt failed id=426   ProtosRootNode@31dcdd3d                            |Tier 1|Time   69(-200036310+200036379)ms|Reason: jdk.graal.compiler.truffle.GraphTooBigBailoutException: Graph too big to safely compile. Node count: 50681. Graph Size: 150026. Limit: 150000.|Timestamp 200036379353678|Src n/a
[engine] opt failed id=426   ProtosRootNode@31dcdd3d                            |Tier 1|Time   45(-200036388+200036433)ms|Reason: jdk.graal.compiler.truffle.GraphTooBigBailoutException: Graph too big to safely compile. Node count: 50681. Graph Size: 150026. Limit: 150000.|Timestamp 200036432955187|Src n/a
[engine] opt done   id=413   ProtosRootNode@51740e8e                            |Tier 1|Time    15(   5+10  )ms|AST    2|Inlined   0Y   0N|IR    888/  1275|CodeSize    5532|Addr 0x7fd86bfd0860|Timestamp 200036452223802|Src n/a
[engine] opt done   id=414   ProtosRootNode@2157eb3f                            |Tier 1|Time   217(  26+191 )ms|AST    7|Inlined   0Y   0N|IR   4642/ 17482|CodeSize   90120|Addr 0x7fd86bfd4080|Timestamp 200036669649005|Src n/a
[engine] opt done   id=514   ProtosRootNode@69801d1d                            |Tier 1|Time    21(   7+13  )ms|AST    2|Inlined   0Y   0N|IR    591/  1658|CodeSize    7561|Addr 0x7fd86bffb3a0|Timestamp 200036918900019|Src n/a
[engine] opt done   id=515   ProtosRootNode@414e1bd4                            |Tier 1|Time  2230( 131+2099)ms|AST   21|Inlined   0Y   0N|IR  20851/ 81773|CodeSize  436754|Addr 0x7fd86c0040a0|Timestamp 200039149168476|Src n/a
[engine] opt done   id=510   ProtosRootNode@30b49e01                            |Tier 1|Time    15(   5+10  )ms|AST    2|Inlined   0Y   0N|IR    888/  1275|CodeSize    5532|Addr 0x7fd86c0a8460|Timestamp 200039192886212|Src n/a
[engine] opt done   id=511   ProtosRootNode@71ffcdce                            |Tier 1|Time   668(  60+608 )ms|AST   11|Inlined   0Y   0N|IR  10711/ 39220|CodeSize  206041|Addr 0x7fd86c0ad5c0|Timestamp 200039861688001|Src n/a
[engine] opt done   id=512   ProtosRootNode@1cfaff41                            |Tier 1|Time    14(   4+10  )ms|AST    2|Inlined   0Y   0N|IR    888/  1275|CodeSize    5532|Addr 0x7fd86c0fd7e0|Timestamp 200039876946020|Src n/a
[engine] opt done   id=513   ProtosRootNode@5e9a3c31                            |Tier 1|Time  2025( 154+1872)ms|AST   20|Inlined   0Y   0N|IR  20353/ 75041|CodeSize  397465|Addr 0x7fd86c105540|Timestamp 200041902884150|Src n/a
[engine] opt done   id=514   ProtosRootNode@69801d1d                            |Tier 2|Time    19(   4+15  )ms|AST    2|Inlined   0Y   0N|IR    518/  1448|CodeSize    7174|Addr 0x7fd86c19e260|Timestamp 200041996152271|Src n/a
[engine] opt done   id=515   ProtosRootNode@414e1bd4                            |Tier 2|Time  2026( 129+1898)ms|AST   21|Inlined   0Y   0N|IR  20778/ 68815|CodeSize  387532|Addr 0x7fd86c1a5da0|Timestamp 200044024968654|Src n/a
[engine] opt done   id=510   ProtosRootNode@30b49e01                            |Tier 2|Time    17(   5+12  )ms|AST    2|Inlined   0Y   0N|IR    815/   944|CodeSize    4429|Addr 0x7fd86c235880|Timestamp 200044102169694|Src n/a
[engine] opt done   id=511   ProtosRootNode@71ffcdce                            |Tier 2|Time   753(  67+686 )ms|AST   11|Inlined   0Y   0N|IR  10638/ 32814|CodeSize  176872|Addr 0x7fd86c2398e0|Timestamp 200044855755142|Src n/a
[engine] opt done   id=512   ProtosRootNode@1cfaff41                            |Tier 2|Time    22(   4+18  )ms|AST    2|Inlined   0Y   0N|IR    815/   944|CodeSize    4429|Addr 0x7fd86c27cc80|Timestamp 200044881714995|Src n/a
[engine] opt done   id=513   ProtosRootNode@5e9a3c31                            |Tier 2|Time  1736( 150+1587)ms|AST   20|Inlined   0Y   0N|IR  20280/ 62658|CodeSize  342484|Addr 0x7fd86c282880|Timestamp 200046618451377|Src n/a
[engine] opt done   id=516   ProtosRootNode@a47415e                             |Tier 1|Time    22(   5+18  )ms|AST    2|Inlined   0Y   0N|IR    888/  2671|CodeSize   13140|Addr 0x7fd86c302ec0|Timestamp 200046684319923|Src n/a
[engine] opt failed id=517   ProtosRootNode@9959367                             |Tier 1|Time   43(-200046685+200046728)ms|Reason: jdk.graal.compiler.truffle.GraphTooBigBailoutException: Graph too big to safely compile. Node count: 50681. Graph Size: 150026. Limit: 150000.|Timestamp 200046727674329|Src n/a
[engine] opt failed id=517   ProtosRootNode@9959367                             |Tier 1|Time   51(-200046734+200046786)ms|Reason: jdk.graal.compiler.truffle.GraphTooBigBailoutException: Graph too big to safely compile. Node count: 50681. Graph Size: 150026. Limit: 150000.|Timestamp 200046785591174|Src n/a
[engine] opt done   id=504   ProtosRootNode@52738e31                            |Tier 1|Time    13(   4+9   )ms|AST    2|Inlined   0Y   0N|IR    888/  1275|CodeSize    5532|Addr 0x7fd86c308fe0|Timestamp 200046803309367|Src n/a
[engine] opt done   id=505   ProtosRootNode@6017dcbf                            |Tier 1|Time   196(  23+172 )ms|AST    7|Inlined   0Y   0N|IR   4642/ 17482|CodeSize   90120|Addr 0x7fd86c30c800|Timestamp 200046999519461|Src n/a
[engine] opt done   id=605   ProtosRootNode@31a5d1ad                            |Tier 1|Time    15(   5+10  )ms|AST    2|Inlined   0Y   0N|IR    591/  1658|CodeSize    7561|Addr 0x7fd86c3316a0|Timestamp 200047207125170|Src n/a
[engine] opt done   id=606   ProtosRootNode@3d3b153a                            |Tier 1|Time  2135( 126+2009)ms|AST   21|Inlined   0Y   0N|IR  20851/ 81773|CodeSize  436754|Addr 0x7fd86c33a6a0|Timestamp 200049343507650|Src n/a
[engine] opt done   id=601   ProtosRootNode@7160f4cd                            |Tier 1|Time    14(   4+10  )ms|AST    2|Inlined   0Y   0N|IR    888/  1275|CodeSize    5532|Addr 0x7fd86c3dea60|Timestamp 200049386072215|Src n/a
[engine] opt done   id=602   ProtosRootNode@5e1949e8                            |Tier 1|Time   645(  59+586 )ms|AST   11|Inlined   0Y   0N|IR  10711/ 39220|CodeSize  206041|Addr 0x7fd86c3e3bc0|Timestamp 200050031271071|Src n/a
[engine] opt done   id=603   ProtosRootNode@15b97746                            |Tier 1|Time    14(   5+9   )ms|AST    2|Inlined   0Y   0N|IR    888/  1275|CodeSize    5532|Addr 0x7fd86c4341e0|Timestamp 200050047774742|Src n/a
[engine] opt done   id=604   ProtosRootNode@270f94ac                            |Tier 1|Time  1977( 148+1829)ms|AST   20|Inlined   0Y   0N|IR  20353/ 75041|CodeSize  397465|Addr 0x7fd86c43bf40|Timestamp 200052025260454|Src n/a
[engine] opt done   id=605   ProtosRootNode@31a5d1ad                            |Tier 2|Time    19(   4+15  )ms|AST    2|Inlined   0Y   0N|IR    518/  1448|CodeSize    7174|Addr 0x7fd86c4d4960|Timestamp 200052109759923|Src n/a
[engine] opt done   id=606   ProtosRootNode@3d3b153a                            |Tier 2|Time  2097( 203+1894)ms|AST   21|Inlined   0Y   0N|IR  20778/ 68815|CodeSize  387532|Addr 0x7fd86c4e05a0|Timestamp 200054207650840|Src n/a
[engine] opt done   id=601   ProtosRootNode@7160f4cd                            |Tier 2|Time    18(   5+13  )ms|AST    2|Inlined   0Y   0N|IR    815/   944|CodeSize    4429|Addr 0x7fd86c570080|Timestamp 200054301768061|Src n/a
[engine] opt done   id=602   ProtosRootNode@5e1949e8                            |Tier 2|Time   786(  64+722 )ms|AST   11|Inlined   0Y   0N|IR  10638/ 32814|CodeSize  176872|Addr 0x7fd86c5743e0|Timestamp 200055088805960|Src n/a
[engine] opt done   id=603   ProtosRootNode@15b97746                            |Tier 2|Time    18(   4+14  )ms|AST    2|Inlined   0Y   0N|IR    815/   944|CodeSize    4429|Addr 0x7fd86c5b7780|Timestamp 200055138318514|Src n/a
[engine] opt done   id=604   ProtosRootNode@270f94ac                            |Tier 2|Time  1942( 135+1807)ms|AST   20|Inlined   0Y   0N|IR  20280/ 62658|CodeSize  342484|Addr 0x7fd86c5bd780|Timestamp 200057082655150|Src n/a
[engine] opt done   id=607   ProtosRootNode@51a35e9a                            |Tier 1|Time    46(   8+38  )ms|AST    2|Inlined   0Y   0N|IR    888/  2671|CodeSize   13140|Addr 0x7fd86c63ddc0|Timestamp 200057174220459|Src n/a
[engine] opt failed id=608   ProtosRootNode@746c5669                            |Tier 1|Time   44(-200057175+200057218)ms|Reason: jdk.graal.compiler.truffle.GraphTooBigBailoutException: Graph too big to safely compile. Node count: 50681. Graph Size: 150026. Limit: 150000.|Timestamp 200057218417166|Src n/a
[engine] opt failed id=608   ProtosRootNode@746c5669                            |Tier 1|Time   45(-200057228+200057273)ms|Reason: jdk.graal.compiler.truffle.GraphTooBigBailoutException: Graph too big to safely compile. Node count: 50681. Graph Size: 150026. Limit: 150000.|Timestamp 200057273260997|Src n/a
[engine] opt done   id=595   ProtosRootNode@39ae3062                            |Tier 1|Time    14(   4+10  )ms|AST    2|Inlined   0Y   0N|IR    888/  1275|CodeSize    5532|Addr 0x7fd86c645f60|Timestamp 200057287421985|Src n/a
[engine] opt done   id=596   ProtosRootNode@5c95a203                            |Tier 1|Time   246(  42+204 )ms|AST    7|Inlined   0Y   0N|IR   4642/ 17482|CodeSize   90120|Addr 0x7fd86c64ad00|Timestamp 200057536818028|Src n/a
[engine] opt done   id=696   ProtosRootNode@cc42c3c                             |Tier 1|Time    32(   8+24  )ms|AST    2|Inlined   0Y   0N|IR    591/  1658|CodeSize    7561|Addr 0x7fd86c66f020|Timestamp 200057802956102|Src n/a
[engine] opt done   id=697   ProtosRootNode@64b20ff6                            |Tier 1|Time  2236( 148+2089)ms|AST   21|Inlined   0Y   0N|IR  20851/ 81773|CodeSize  436754|Addr 0x7fd86c679920|Timestamp 200060039745075|Src n/a
[engine] opt done   id=692   ProtosRootNode@32962203                            |Tier 1|Time    27(   8+19  )ms|AST    2|Inlined   0Y   0N|IR    888/  1275|CodeSize    5532|Addr 0x7fd86c71dce0|Timestamp 200060109897715|Src n/a
[engine] opt done   id=693   ProtosRootNode@20ab70da                            |Tier 1|Time   630(  65+566 )ms|AST   11|Inlined   0Y   0N|IR  10711/ 39220|CodeSize  206041|Addr 0x7fd86c723ec0|Timestamp 200060741473392|Src n/a
[engine] opt done   id=694   ProtosRootNode@68be4133                            |Tier 1|Time    15(   4+10  )ms|AST    2|Inlined   0Y   0N|IR    888/  1275|CodeSize    5532|Addr 0x7fd86c7740e0|Timestamp 200060776598477|Src n/a
[engine] opt done   id=695   ProtosRootNode@be6ab2                              |Tier 1|Time  1829( 126+1703)ms|AST   20|Inlined   0Y   0N|IR  20353/ 75041|CodeSize  397465|Addr 0x7fd86c77be40|Timestamp 200062605637032|Src n/a
[engine] opt done   id=696   ProtosRootNode@cc42c3c                             |Tier 2|Time    19(   4+16  )ms|AST    2|Inlined   0Y   0N|IR    518/  1448|CodeSize    7174|Addr 0x7fd86c8154e0|Timestamp 200062699287633|Src n/a
[engine] opt done   id=697   ProtosRootNode@64b20ff6                            |Tier 2|Time  2010( 129+1882)ms|AST   21|Inlined   0Y   0N|IR  20778/ 68815|CodeSize  387532|Addr 0x7fd86c81cd20|Timestamp 200064711334492|Src n/a
[engine] opt done   id=692   ProtosRootNode@32962203                            |Tier 2|Time    18(   5+13  )ms|AST    2|Inlined   0Y   0N|IR    815/   944|CodeSize    4429|Addr 0x7fd86c8acb80|Timestamp 200064803855492|Src n/a
[engine] opt done   id=693   ProtosRootNode@20ab70da                            |Tier 2|Time   836(  69+767 )ms|AST   11|Inlined   0Y   0N|IR  10638/ 32814|CodeSize  176872|Addr 0x7fd86c8b0ee0|Timestamp 200065640392052|Src n/a
[engine] opt done   id=694   ProtosRootNode@68be4133                            |Tier 2|Time    25(   5+20  )ms|AST    2|Inlined   0Y   0N|IR    815/   944|CodeSize    4429|Addr 0x7fd86c8f4280|Timestamp 200065670757922|Src n/a
[engine] opt done   id=695   ProtosRootNode@be6ab2                              |Tier 2|Time  1944( 175+1769)ms|AST   20|Inlined   0Y   0N|IR  20280/ 62658|CodeSize  342484|Addr 0x7fd86c8faa00|Timestamp 200067616224894|Src n/a
[engine] opt done   id=698   ProtosRootNode@40f60c02                            |Tier 1|Time    23(   5+18  )ms|AST    2|Inlined   0Y   0N|IR    888/  2671|CodeSize   13140|Addr 0x7fd86c97b040|Timestamp 200067686807825|Src n/a
[engine] opt failed id=699   ProtosRootNode@54a659ad                            |Tier 1|Time   50(-200067687+200067737)ms|Reason: jdk.graal.compiler.truffle.GraphTooBigBailoutException: Graph too big to safely compile. Node count: 50681. Graph Size: 150026. Limit: 150000.|Timestamp 200067737157220|Src n/a
[engine] opt failed id=699   ProtosRootNode@54a659ad                            |Tier 1|Time   49(-200067748+200067797)ms|Reason: jdk.graal.compiler.truffle.GraphTooBigBailoutException: Graph too big to safely compile. Node count: 50681. Graph Size: 150026. Limit: 150000.|Timestamp 200067797131987|Src n/a
[engine] opt done   id=686   ProtosRootNode@770b2f56                            |Tier 1|Time    15(   6+9   )ms|AST    2|Inlined   0Y   0N|IR    888/  1275|CodeSize    5532|Addr 0x7fd86c981860|Timestamp 200067814896430|Src n/a
[engine] opt done   id=687   ProtosRootNode@5200fd9e                            |Tier 1|Time   212(  26+186 )ms|AST    7|Inlined   0Y   0N|IR   4642/ 17482|CodeSize   90120|Addr 0x7fd86c987180|Timestamp 200068028010605|Src n/a
[engine] opt done   id=787   ProtosRootNode@57331688                            |Tier 1|Time    28(   8+20  )ms|AST    2|Inlined   0Y   0N|IR    591/  1658|CodeSize    7561|Addr 0x7fd86c9ab9a0|Timestamp 200068247867399|Src n/a
[engine] opt done   id=788   ProtosRootNode@1bbb2d9                             |Tier 1|Time  2095( 142+1953)ms|AST   21|Inlined   0Y   0N|IR  20851/ 81773|CodeSize  436754|Addr 0x7fd86c9b4da0|Timestamp 200070343906594|Src n/a
[engine] opt done   id=783   ProtosRootNode@107db1ca                            |Tier 1|Time    14(   4+10  )ms|AST    2|Inlined   0Y   0N|IR    888/  1275|CodeSize    5532|Addr 0x7fd86ca59160|Timestamp 200070390878535|Src n/a
[engine] opt done   id=784   ProtosRootNode@137d0bc1                            |Tier 1|Time   638(  58+580 )ms|AST   11|Inlined   0Y   0N|IR  10711/ 39220|CodeSize  206041|Addr 0x7fd86ca5e2c0|Timestamp 200071029411259|Src n/a
[engine] opt done   id=785   ProtosRootNode@4bb8dba                             |Tier 1|Time    14(   4+9   )ms|AST    2|Inlined   0Y   0N|IR    888/  1275|CodeSize    5532|Addr 0x7fd86caae4e0|Timestamp 200071063911053|Src n/a
[engine] opt done   id=786   ProtosRootNode@517c8f46                            |Tier 1|Time  1878( 118+1759)ms|AST   20|Inlined   0Y   0N|IR  20353/ 75041|CodeSize  397465|Addr 0x7fd86cab6540|Timestamp 200072942446686|Src n/a
[engine] opt done   id=787   ProtosRootNode@57331688                            |Tier 2|Time    27(   5+22  )ms|AST    2|Inlined   0Y   0N|IR    518/  1448|CodeSize    7174|Addr 0x7fd86cb50ce0|Timestamp 200073051152827|Src n/a
[engine] opt done   id=788   ProtosRootNode@1bbb2d9                             |Tier 2|Time  2213( 131+2081)ms|AST   21|Inlined   0Y   0N|IR  20778/ 68815|CodeSize  387532|Addr 0x7fd86cb58520|Timestamp 200075264110540|Src n/a
[engine] opt done   id=783   ProtosRootNode@107db1ca                            |Tier 2|Time    18(   4+13  )ms|AST    2|Inlined   0Y   0N|IR    815/   944|CodeSize    4429|Addr 0x7fd86cbe8700|Timestamp 200075357637060|Src n/a
[engine] opt done   id=784   ProtosRootNode@137d0bc1                            |Tier 2|Time   695(  59+637 )ms|AST   11|Inlined   0Y   0N|IR  10638/ 32814|CodeSize  176872|Addr 0x7fd86cbec760|Timestamp 200076053453767|Src n/a
[engine] opt done   id=785   ProtosRootNode@4bb8dba                             |Tier 2|Time    23(   4+19  )ms|AST    2|Inlined   0Y   0N|IR    815/   944|CodeSize    4429|Addr 0x7fd86cc2fb00|Timestamp 200076079662191|Src n/a
[engine] opt done   id=786   ProtosRootNode@517c8f46                            |Tier 2|Time  1812( 122+1690)ms|AST   20|Inlined   0Y   0N|IR  20280/ 62658|CodeSize  342484|Addr 0x7fd86cc35700|Timestamp 200077891843076|Src n/a
[engine] opt done   id=789   ProtosRootNode@c56e81e                             |Tier 1|Time    30(   4+26  )ms|AST    2|Inlined   0Y   0N|IR    888/  2671|CodeSize   13140|Addr 0x7fd86ccb5d40|Timestamp 200077942919202|Src n/a
[engine] opt failed id=790   ProtosRootNode@4a4974a                             |Tier 1|Time   43(-200077944+200077987)ms|Reason: jdk.graal.compiler.truffle.GraphTooBigBailoutException: Graph too big to safely compile. Node count: 50681. Graph Size: 150026. Limit: 150000.|Timestamp 200077986983369|Src n/a
[engine] opt failed id=790   ProtosRootNode@4a4974a                             |Tier 1|Time   42(-200077987+200078029)ms|Reason: jdk.graal.compiler.truffle.GraphTooBigBailoutException: Graph too big to safely compile. Node count: 50681. Graph Size: 150026. Limit: 150000.|Timestamp 200078029164053|Src n/a
[engine] opt done   id=777   ProtosRootNode@209c4739                            |Tier 1|Time    14(   5+10  )ms|AST    2|Inlined   0Y   0N|IR    888/  1275|CodeSize    5532|Addr 0x7fd86ccbd060|Timestamp 200078057209239|Src n/a
[engine] opt done   id=778   ProtosRootNode@5622b8ae                            |Tier 1|Time   193(  21+172 )ms|AST    7|Inlined   0Y   0N|IR   4642/ 17482|CodeSize   90120|Addr 0x7fd86ccc0880|Timestamp 200078250816999|Src n/a
[engine] opt done   id=878   ProtosRootNode@61b22463                            |Tier 1|Time    30(   6+24  )ms|AST    2|Inlined   0Y   0N|IR    591/  1658|CodeSize    7561|Addr 0x7fd86cce4c20|Timestamp 200078468413379|Src n/a
[engine] opt done   id=879   ProtosRootNode@11084f44                            |Tier 1|Time  2185( 171+2014)ms|AST   21|Inlined   0Y   0N|IR  20851/ 81773|CodeSize  436754|Addr 0x7fd86cceffa0|Timestamp 200080656165587|Src n/a
[engine] opt done   id=874   ProtosRootNode@4df867c4                            |Tier 1|Time    14(   5+10  )ms|AST    2|Inlined   0Y   0N|IR    888/  1275|CodeSize    5532|Addr 0x7fd86cd946e0|Timestamp 200080719600179|Src n/a
[engine] opt done   id=875   ProtosRootNode@7273ad9c                            |Tier 1|Time   708(  60+648 )ms|AST   11|Inlined   0Y   0N|IR  10711/ 39220|CodeSize  206041|Addr 0x7fd86b226dc0|Timestamp 200081427810231|Src n/a
[engine] opt done   id=876   ProtosRootNode@ac83ba0                             |Tier 1|Time    15(   5+10  )ms|AST    2|Inlined   0Y   0N|IR    888/  1275|CodeSize    5532|Addr 0x7fd86b21fc60|Timestamp 200081463555327|Src n/a
[engine] opt done   id=877   ProtosRootNode@6039628b                            |Tier 1|Time  2032( 150+1882)ms|AST   20|Inlined   0Y   0N|IR  20353/ 75041|CodeSize  397465|Addr 0x7fd86b2adc40|Timestamp 200083495846333|Src n/a
[engine] opt done   id=878   ProtosRootNode@61b22463                            |Tier 2|Time    22(   5+17  )ms|AST    2|Inlined   0Y   0N|IR    518/  1448|CodeSize    7174|Addr 0x7fd86b34cbe0|Timestamp 200083588402502|Src n/a
[engine] opt done   id=879   ProtosRootNode@11084f44                            |Tier 2|Time  2250( 136+2114)ms|AST   21|Inlined   0Y   0N|IR  20778/ 68815|CodeSize  387532|Addr 0x7fd86b35bd20|Timestamp 200085838769057|Src n/a
[engine] opt done   id=874   ProtosRootNode@4df867c4                            |Tier 2|Time    19(   6+13  )ms|AST    2|Inlined   0Y   0N|IR    815/   944|CodeSize    4429|Addr 0x7fd86b471480|Timestamp 200085935550212|Src n/a
[engine] opt done   id=875   ProtosRootNode@7273ad9c                            |Tier 2|Time   794(  69+725 )ms|AST   11|Inlined   0Y   0N|IR  10638/ 32814|CodeSize  176872|Addr 0x7fd86b4047e0|Timestamp 200086729468923|Src n/a
[engine] opt done   id=876   ProtosRootNode@ac83ba0                             |Tier 2|Time    18(   4+13  )ms|AST    2|Inlined   0Y   0N|IR    815/   944|CodeSize    4429|Addr 0x7fd86b876100|Timestamp 200086778521626|Src n/a
[engine] opt done   id=877   ProtosRootNode@6039628b                            |Tier 2|Time  2088( 168+1921)ms|AST   20|Inlined   0Y   0N|IR  20280/ 62658|CodeSize  342484|Addr 0x7fd86b47a280|Timestamp 200088867292072|Src n/a
[engine] opt done   id=880   ProtosRootNode@4c9d721a                            |Tier 1|Time    24(   5+19  )ms|AST    2|Inlined   0Y   0N|IR    888/  2671|CodeSize   13140|Addr 0x7fd86b5e35c0|Timestamp 200088940499296|Src n/a
[engine] opt failed id=881   ProtosRootNode@56417e54                            |Tier 1|Time   46(-200088941+200088988)ms|Reason: jdk.graal.compiler.truffle.GraphTooBigBailoutException: Graph too big to safely compile. Node count: 50681. Graph Size: 150026. Limit: 150000.|Timestamp 200088987553467|Src n/a
[engine] opt failed id=881   ProtosRootNode@56417e54                            |Tier 1|Time   55(-200088996+200089051)ms|Reason: jdk.graal.compiler.truffle.GraphTooBigBailoutException: Graph too big to safely compile. Node count: 50681. Graph Size: 150026. Limit: 150000.|Timestamp 200089051498449|Src n/a
[engine] opt done   id=868   ProtosRootNode@5d61ca2a                            |Tier 1|Time    15(   4+11  )ms|AST    2|Inlined   0Y   0N|IR    888/  1275|CodeSize    5532|Addr 0x7fd86b2a42e0|Timestamp 200089066975389|Src n/a
[engine] opt done   id=869   ProtosRootNode@1093ad56                            |Tier 1|Time   219(  27+193 )ms|AST    7|Inlined   0Y   0N|IR   4642/ 17482|CodeSize   90120|Addr 0x7fd86b94f000|Timestamp 200089286511331|Src n/a
[engine] opt done   id=969   ProtosRootNode@5f872e1a                            |Tier 1|Time    21(   9+12  )ms|AST    2|Inlined   0Y   0N|IR    591/  1658|CodeSize    7561|Addr 0x7fd86b16baa0|Timestamp 200089491739415|Src n/a
[engine] opt done   id=970   ProtosRootNode@365835f3                            |Tier 1|Time  2254( 147+2106)ms|AST   21|Inlined   0Y   0N|IR  20851/ 81773|CodeSize  436754|Addr 0x7fd86b17b020|Timestamp 200091754990354|Src n/a
[engine] opt done   id=965   ProtosRootNode@1706ddf2                            |Tier 1|Time    15(   4+11  )ms|AST    2|Inlined   0Y   0N|IR    888/  1275|CodeSize    5532|Addr 0x7fd86b6dd260|Timestamp 200091792970363|Src n/a
[engine] opt done   id=966   ProtosRootNode@1adb7c88                            |Tier 1|Time   668(  59+609 )ms|AST   11|Inlined   0Y   0N|IR  10711/ 39220|CodeSize  206041|Addr 0x7fd86b6e30c0|Timestamp 200092461416721|Src n/a
[engine] opt done   id=967   ProtosRootNode@1e10a2e0                            |Tier 1|Time    15(   5+10  )ms|AST    2|Inlined   0Y   0N|IR    888/  1275|CodeSize    5532|Addr 0x7fd86b733c60|Timestamp 200092494992484|Src n/a
[engine] opt done   id=968   ProtosRootNode@7954a367                            |Tier 1|Time  2119( 137+1982)ms|AST   20|Inlined   0Y   0N|IR  20353/ 75041|CodeSize  397465|Addr 0x7fd86b73ff40|Timestamp 200094614485917|Src n/a
[engine] opt done   id=969   ProtosRootNode@5f872e1a                            |Tier 2|Time    20(   4+16  )ms|AST    2|Inlined   0Y   0N|IR    518/  1448|CodeSize    7174|Addr 0x7fd86b7dbbe0|Timestamp 200094720087383|Src n/a
[engine] opt done   id=970   ProtosRootNode@365835f3                            |Tier 2|Time  1976( 129+1848)ms|AST   21|Inlined   0Y   0N|IR  20778/ 68815|CodeSize  387532|Addr 0x7fd86b7e3720|Timestamp 200096697103791|Src n/a
[engine] opt done   id=965   ProtosRootNode@1706ddf2                            |Tier 2|Time    17(   4+13  )ms|AST    2|Inlined   0Y   0N|IR    815/   944|CodeSize    4429|Addr 0x7fd86bef9380|Timestamp 200096781410709|Src n/a
[engine] opt done   id=966   ProtosRootNode@1adb7c88                            |Tier 2|Time   698(  59+639 )ms|AST   11|Inlined   0Y   0N|IR  10638/ 32814|CodeSize  176872|Addr 0x7fd86b87cd60|Timestamp 200097479558916|Src n/a
[engine] opt done   id=967   ProtosRootNode@1e10a2e0                            |Tier 2|Time    23(   4+19  )ms|AST    2|Inlined   0Y   0N|IR    815/   944|CodeSize    4429|Addr 0x7fd86b878d00|Timestamp 200097506153280|Src n/a
[engine] opt done   id=968   ProtosRootNode@7954a367                            |Tier 2|Time  1811( 159+1653)ms|AST   20|Inlined   0Y   0N|IR  20280/ 62658|CodeSize  342484|Addr 0x7fd86b8ca780|Timestamp 200099317585724|Src n/a
[engine] opt done   id=971   ProtosRootNode@69e8362d                            |Tier 1|Time    23(   4+18  )ms|AST    2|Inlined   0Y   0N|IR    888/  2671|CodeSize   13140|Addr 0x7fd86b8c1140|Timestamp 200099385386131|Src n/a
[engine] opt failed id=972   ProtosRootNode@3774ab3d                            |Tier 1|Time   44(-200099386+200099430)ms|Reason: jdk.graal.compiler.truffle.GraphTooBigBailoutException: Graph too big to safely compile. Node count: 50681. Graph Size: 150026. Limit: 150000.|Timestamp 200099430074009|Src n/a
[engine] opt failed id=972   ProtosRootNode@3774ab3d                            |Tier 1|Time   45(-200099439+200099483)ms|Reason: jdk.graal.compiler.truffle.GraphTooBigBailoutException: Graph too big to safely compile. Node count: 50681. Graph Size: 150026. Limit: 150000.|Timestamp 200099483130777|Src n/a
[engine] opt done   id=959   ProtosRootNode@6e73abde                            |Tier 1|Time    14(   4+10  )ms|AST    2|Inlined   0Y   0N|IR    888/  1275|CodeSize    5532|Addr 0x7fd86b94aee0|Timestamp 200099497900606|Src n/a
[engine] opt done   id=960   ProtosRootNode@371bba68                            |Tier 1|Time   215(  27+188 )ms|AST    7|Inlined   0Y   0N|IR   4642/ 17482|CodeSize   90120|Addr 0x7fd86c64ad00|Timestamp 200099720174121|Src n/a
[engine] opt done   id=101   ProtosRootNode@2031960f                            |Tier 2|Time    20(   4+16  )ms|AST    2|Inlined   0Y   0N|IR    518/  1448|CodeSize    7174|Addr 0x7fd86c19e260|Timestamp 200099916258652|Src n/a
[engine] opt done   id=102   ProtosRootNode@5e086a27                            |Tier 2|Time   608(  43+565 )ms|AST    9|Inlined   0Y   0N|IR   7883/ 27025|CodeSize  148759|Addr 0x7fd86bbccf80|Timestamp 200100524652903|Src n/a
[engine] opt done   id=99    ProtosRootNode@9991c2b                             |Tier 2|Time    41(  12+29  )ms|AST    2|Inlined   0Y   0N|IR    815/   944|CodeSize    4429|Addr 0x7fd86bd6c280|Timestamp 200100569825571|Src n/a
[engine] opt done   id=100   ProtosRootNode@1c4a843a                            |Tier 2|Time  1042(  83+959 )ms|AST   13|Inlined   0Y   0N|IR  12831/ 40881|CodeSize  225171|Addr 0x7fd86ba28300|Timestamp 200101612195658|Src n/a
[engine] opt done   id=105   ProtosRootNode@c7c218f                             |Tier 2|Time    17(   4+13  )ms|AST    2|Inlined   0Y   0N|IR    815/   944|CodeSize    4429|Addr 0x7fd86c646580|Timestamp 200101654700953|Src n/a
[engine] opt done   id=106   ProtosRootNode@180c7db6                            |Tier 2|Time   360(  31+328 )ms|AST    9|Inlined   0Y   0N|IR   6414/ 19828|CodeSize  105112|Addr 0x7fd86bf1b5a0|Timestamp 200102014542334|Src n/a
[engine] opt done   id=1060  ProtosRootNode@27fb43ee                            |Tier 1|Time    24(   8+16  )ms|AST    2|Inlined   0Y   0N|IR    591/  1658|CodeSize    7561|Addr 0x7fd86b62c3a0|Timestamp 200102063341867|Src n/a
[engine] opt done   id=1061  ProtosRootNode@6a7215ba                            |Tier 1|Time  2290( 137+2154)ms|AST   21|Inlined   0Y   0N|IR  20851/ 81773|CodeSize  436754|Addr 0x7fd86b637fa0|Timestamp 200104354137434|Src n/a
[engine] opt done   id=1056  ProtosRootNode@18fbf966                            |Tier 1|Time    20(   6+14  )ms|AST    2|Inlined   0Y   0N|IR    888/  1275|CodeSize    5532|Addr 0x7fd86c981860|Timestamp 200104408136993|Src n/a
[engine] opt done   id=1057  ProtosRootNode@16dced4a                            |Tier 1|Time   794(  84+710 )ms|AST   11|Inlined   0Y   0N|IR  10711/ 39220|CodeSize  206041|Addr 0x7fd86bf7eec0|Timestamp 200105202668421|Src n/a
[engine] opt done   id=1058  ProtosRootNode@18fbd97f                            |Tier 1|Time    22(   5+17  )ms|AST    2|Inlined   0Y   0N|IR    888/  1275|CodeSize    5532|Addr 0x7fd86bcbc960|Timestamp 200105225896751|Src n/a
[engine] opt done   id=1059  ProtosRootNode@372b908e                            |Tier 1|Time  2007( 147+1861)ms|AST   20|Inlined   0Y   0N|IR  20353/ 75041|CodeSize  397465|Addr 0x7fd86ba83340|Timestamp 200107233552964|Src n/a
[engine] opt done   id=1060  ProtosRootNode@27fb43ee                            |Tier 2|Time    21(   4+17  )ms|AST    2|Inlined   0Y   0N|IR    518/  1448|CodeSize    7174|Addr 0x7fd86c3316e0|Timestamp 200107326396193|Src n/a
[engine] opt done   id=1061  ProtosRootNode@6a7215ba                            |Tier 2|Time  2216( 138+2078)ms|AST   21|Inlined   0Y   0N|IR  20778/ 68815|CodeSize  387532|Addr 0x7fd86c4e2720|Timestamp 200109542334031|Src n/a
[engine] opt done   id=1056  ProtosRootNode@18fbf966                            |Tier 2|Time    21(   5+15  )ms|AST    2|Inlined   0Y   0N|IR    815/   944|CodeSize    4429|Addr 0x7fd86c4dc200|Timestamp 200109636370782|Src n/a
[engine] opt done   id=1057  ProtosRootNode@16dced4a                            |Tier 2|Time   848(  82+766 )ms|AST   11|Inlined   0Y   0N|IR  10638/ 32814|CodeSize  176872|Addr 0x7fd86c576560|Timestamp 200110484982598|Src n/a
[engine] opt done   id=1058  ProtosRootNode@18fbd97f                            |Tier 2|Time    31(   6+26  )ms|AST    2|Inlined   0Y   0N|IR    815/   944|CodeSize    4429|Addr 0x7fd86c572500|Timestamp 200110521587855|Src n/a
[engine] opt done   id=1059  ProtosRootNode@372b908e                            |Tier 2|Time  2243( 198+2045)ms|AST   20|Inlined   0Y   0N|IR  20280/ 62658|CodeSize  342484|Addr 0x7fd86c5c3580|Timestamp 200112765028647|Src n/a
[engine] opt done   id=1062  ProtosRootNode@3c8b0796                            |Tier 1|Time    24(   5+19  )ms|AST    2|Inlined   0Y   0N|IR    888/  2671|CodeSize   13140|Addr 0x7fd86c5b9f40|Timestamp 200112827720717|Src n/a
[engine] opt failed id=1063  ProtosRootNode@4899e105                            |Tier 1|Time   46(-200112828+200112874)ms|Reason: jdk.graal.compiler.truffle.GraphTooBigBailoutException: Graph too big to safely compile. Node count: 50681. Graph Size: 150026. Limit: 150000.|Timestamp 200112874185897|Src n/a
[engine] opt failed id=1063  ProtosRootNode@4899e105                            |Tier 1|Time   67(-200112883+200112950)ms|Reason: jdk.graal.compiler.truffle.GraphTooBigBailoutException: Graph too big to safely compile. Node count: 50681. Graph Size: 150026. Limit: 150000.|Timestamp 200112950170524|Src n/a
[engine] opt done   id=1050  ProtosRootNode@65712db1                            |Tier 1|Time    30(   6+24  )ms|AST    2|Inlined   0Y   0N|IR    888/  1275|CodeSize    5532|Addr 0x7fd86c66fee0|Timestamp 200112980671623|Src n/a
[engine] opt done   id=1051  ProtosRootNode@365b06db                            |Tier 1|Time   264(  43+222 )ms|AST    7|Inlined   0Y   0N|IR   4642/ 17482|CodeSize   90120|Addr 0x7fd86c987180|Timestamp 200113245440022|Src n/a
[engine] opt done   id=1151  ProtosRootNode@31d99d06                            |Tier 1|Time    32(   8+23  )ms|AST    2|Inlined   0Y   0N|IR    591/  1658|CodeSize    7561|Addr 0x7fd86c9ab9a0|Timestamp 200113479740752|Src n/a
[engine] opt done   id=1152  ProtosRootNode@2886c06a                            |Tier 1|Time  2363( 306+2056)ms|AST   21|Inlined   0Y   0N|IR  20851/ 81773|CodeSize  436754|Addr 0x7fd86bcc6620|Timestamp 200115844012647|Src n/a
[engine] opt done   id=1147  ProtosRootNode@51ff9132                            |Tier 1|Time    15(   4+11  )ms|AST    2|Inlined   0Y   0N|IR    888/  1275|CodeSize    5532|Addr 0x7fd86bbc57e0|Timestamp 200115905132005|Src n/a
[engine] opt done   id=1148  ProtosRootNode@3ae7a09b                            |Tier 1|Time   725(  95+630 )ms|AST   11|Inlined   0Y   0N|IR  10711/ 39220|CodeSize  206041|Addr 0x7fd86c930a40|Timestamp 200116632168195|Src n/a
[engine] opt done   id=1149  ProtosRootNode@36e2d542                            |Tier 1|Time    15(   4+11  )ms|AST    2|Inlined   0Y   0N|IR    888/  1275|CodeSize    5532|Addr 0x7fd86bbc0fe0|Timestamp 200116670059694|Src n/a
[engine] opt done   id=1150  ProtosRootNode@50ad9234                            |Tier 1|Time  2059( 134+1925)ms|AST   20|Inlined   0Y   0N|IR  20353/ 75041|CodeSize  397465|Addr 0x7fd86cab6540|Timestamp 200118729724817|Src n/a
[engine] opt done   id=1151  ProtosRootNode@31d99d06                            |Tier 2|Time    21(   4+17  )ms|AST    2|Inlined   0Y   0N|IR    518/  1448|CodeSize    7174|Addr 0x7fd86bbbdae0|Timestamp 200118817373789|Src n/a
[engine] opt done   id=1152  ProtosRootNode@2886c06a                            |Tier 2|Time  2203( 143+2060)ms|AST   21|Inlined   0Y   0N|IR  20778/ 68815|CodeSize  387532|Addr 0x7fd86be695a0|Timestamp 200121020350095|Src n/a
[engine] opt done   id=1147  ProtosRootNode@51ff9132                            |Tier 2|Time    20(   5+15  )ms|AST    2|Inlined   0Y   0N|IR    815/   944|CodeSize    4429|Addr 0x7fd86be63080|Timestamp 200121123651587|Src n/a
[engine] opt done   id=1148  ProtosRootNode@3ae7a09b                            |Tier 2|Time   819(  84+735 )ms|AST   11|Inlined   0Y   0N|IR  10638/ 32814|CodeSize  176872|Addr 0x7fd86c8b3060|Timestamp 200121943070334|Src n/a
[engine] opt done   id=1149  ProtosRootNode@36e2d542                            |Tier 2|Time    27(   5+22  )ms|AST    2|Inlined   0Y   0N|IR    815/   944|CodeSize    4429|Addr 0x7fd86c8af000|Timestamp 200121974068644|Src n/a
[engine] opt done   id=1150  ProtosRootNode@50ad9234                            |Tier 2|Time  1953( 156+1797)ms|AST   20|Inlined   0Y   0N|IR  20280/ 62658|CodeSize  342484|Addr 0x7fd86c82c400|Timestamp 200123927081659|Src n/a
[engine] opt done   id=1153  ProtosRootNode@586440bd                            |Tier 1|Time    23(   5+18  )ms|AST    2|Inlined   0Y   0N|IR    888/  2671|CodeSize   13140|Addr 0x7fd86c822dc0|Timestamp 200123997667229|Src n/a
[engine] opt failed id=1154  ProtosRootNode@581c852b                            |Tier 1|Time   46(-200123998+200124044)ms|Reason: jdk.graal.compiler.truffle.GraphTooBigBailoutException: Graph too big to safely compile. Node count: 50681. Graph Size: 150026. Limit: 150000.|Timestamp 200124043689808|Src n/a
[engine] opt failed id=1154  ProtosRootNode@581c852b                            |Tier 1|Time   46(-200124049+200124096)ms|Reason: jdk.graal.compiler.truffle.GraphTooBigBailoutException: Graph too big to safely compile. Node count: 50681. Graph Size: 150026. Limit: 150000.|Timestamp 200124097296096|Src n/a
[engine] opt done   id=1141  ProtosRootNode@30be9bc1                            |Tier 1|Time    19(   8+11  )ms|AST    2|Inlined   0Y   0N|IR    888/  1275|CodeSize    5532|Addr 0x7fd86c8203e0|Timestamp 200124125252222|Src n/a
[engine] opt done   id=1142  ProtosRootNode@479f93d8                            |Tier 1|Time   223(  27+196 )ms|AST    7|Inlined   0Y   0N|IR   4642/ 17482|CodeSize   90120|Addr 0x7fd86b5edd80|Timestamp 200124348455367|Src n/a
[engine] opt done   id=1242  ProtosRootNode@6e535ab1                            |Tier 1|Time    14(   4+10  )ms|AST    2|Inlined   0Y   0N|IR    591/  1658|CodeSize    7561|Addr 0x7fd86c81cd20|Timestamp 200124553786559|Src n/a
[engine] opt done   id=1243  ProtosRootNode@1feb4f43                            |Tier 1|Time  2252( 150+2101)ms|AST   21|Inlined   0Y   0N|IR  20851/ 81773|CodeSize  436754|Addr 0x7fd86c67c120|Timestamp 200126805763715|Src n/a
[engine] opt done   id=1238  ProtosRootNode@685653f0                            |Tier 1|Time    15(   5+10  )ms|AST    2|Inlined   0Y   0N|IR    888/  1275|CodeSize    5532|Addr 0x7fd86b5ea560|Timestamp 200126844403374|Src n/a
[engine] opt done   id=1239  ProtosRootNode@735da366                            |Tier 1|Time   667(  60+607 )ms|AST   11|Inlined   0Y   0N|IR  10711/ 39220|CodeSize  206041|Addr 0x7fd86cb97e40|Timestamp 200127511594356|Src n/a
[engine] opt done   id=1240  ProtosRootNode@17ef898                             |Tier 1|Time    15(   4+10  )ms|AST    2|Inlined   0Y   0N|IR    888/  1275|CodeSize    5532|Addr 0x7fd86c6742e0|Timestamp 200127544301468|Src n/a
[engine] opt done   id=1241  ProtosRootNode@770a8456                            |Tier 1|Time  1926( 136+1790)ms|AST   20|Inlined   0Y   0N|IR  20353/ 75041|CodeSize  397465|Addr 0x7fd86c43f4c0|Timestamp 200129472282428|Src n/a
[engine] opt done   id=1242  ProtosRootNode@6e535ab1                            |Tier 2|Time    21(   4+17  )ms|AST    2|Inlined   0Y   0N|IR    518/  1448|CodeSize    7174|Addr 0x7fd86c436a60|Timestamp 200129569508882|Src n/a
[engine] opt done   id=1243  ProtosRootNode@1feb4f43                            |Tier 2|Time  2084( 140+1944)ms|AST   21|Inlined   0Y   0N|IR  20778/ 68815|CodeSize  387532|Addr 0x7fd86bb294a0|Timestamp 200131654171452|Src n/a
[engine] opt done   id=1238  ProtosRootNode@685653f0                            |Tier 2|Time    17(   4+13  )ms|AST    2|Inlined   0Y   0N|IR    815/   944|CodeSize    4429|Addr 0x7fd86c434800|Timestamp 200131742596065|Src n/a
[engine] opt done   id=1239  ProtosRootNode@735da366                            |Tier 2|Time   742(  62+680 )ms|AST   11|Inlined   0Y   0N|IR  10638/ 32814|CodeSize  176872|Addr 0x7fd86b9e0f60|Timestamp 200132485083662|Src n/a
[engine] opt done   id=1240  ProtosRootNode@17ef898                             |Tier 2|Time    17(   4+13  )ms|AST    2|Inlined   0Y   0N|IR    815/   944|CodeSize    4429|Addr 0x7fd86bb22f80|Timestamp 200132536735858|Src n/a
[engine] opt done   id=1241  ProtosRootNode@770a8456                            |Tier 2|Time  1976( 143+1834)ms|AST   20|Inlined   0Y   0N|IR  20280/ 62658|CodeSize  342484|Addr 0x7fd86bc37080|Timestamp 200134514112469|Src n/a
[engine] opt done   id=1244  ProtosRootNode@3b585cc                             |Tier 1|Time    25(   5+20  )ms|AST    2|Inlined   0Y   0N|IR    888/  2671|CodeSize   13140|Addr 0x7fd86c8170c0|Timestamp 200134588104863|Src n/a
[engine] opt failed id=1245  ProtosRootNode@308c7e8f                            |Tier 1|Time   50(-200134589+200134638)ms|Reason: jdk.graal.compiler.truffle.GraphTooBigBailoutException: Graph too big to safely compile. Node count: 50681. Graph Size: 150026. Limit: 150000.|Timestamp 200134638233867|Src n/a
[engine] opt failed id=1245  ProtosRootNode@308c7e8f                            |Tier 1|Time   49(-200134647+200134696)ms|Reason: jdk.graal.compiler.truffle.GraphTooBigBailoutException: Graph too big to safely compile. Node count: 50681. Graph Size: 150026. Limit: 150000.|Timestamp 200134695986761|Src n/a
[engine] opt done   id=1232  ProtosRootNode@1f4b9abc                            |Tier 1|Time    31(   8+23  )ms|AST    2|Inlined   0Y   0N|IR    888/  1275|CodeSize    5532|Addr 0x7fd86bb207e0|Timestamp 200134727220041|Src n/a
[engine] opt done   id=1233  ProtosRootNode@4d048231                            |Tier 1|Time   207(  22+184 )ms|AST    7|Inlined   0Y   0N|IR   4642/ 17482|CodeSize   90120|Addr 0x7fd86bfd4080|Timestamp 200134934288485|Src n/a
[engine] opt done   id=1333  ProtosRootNode@203bee47                            |Tier 1|Time    30(   9+21  )ms|AST    2|Inlined   0Y   0N|IR    591/  1658|CodeSize    7561|Addr 0x7fd86bf16ca0|Timestamp 200135142481660|Src n/a
[engine] opt done   id=1334  ProtosRootNode@37117865                            |Tier 1|Time  2065( 140+1925)ms|AST   21|Inlined   0Y   0N|IR  20851/ 81773|CodeSize  436754|Addr 0x7fd86cc175a0|Timestamp 200137222185281|Src n/a
[engine] opt done   id=1329  ProtosRootNode@68ce9bbe                            |Tier 1|Time    16(   4+12  )ms|AST    2|Inlined   0Y   0N|IR    888/  1275|CodeSize    5532|Addr 0x7fd86bfd0860|Timestamp 200137260589340|Src n/a
[engine] opt done   id=1330  ProtosRootNode@2225b3ed                            |Tier 1|Time   759(  60+699 )ms|AST   11|Inlined   0Y   0N|IR  10711/ 39220|CodeSize  206041|Addr 0x7fd86b98eec0|Timestamp 200138021976860|Src n/a
[engine] opt done   id=1331  ProtosRootNode@6ae327b2                            |Tier 1|Time    15(   4+10  )ms|AST    2|Inlined   0Y   0N|IR    888/  1275|CodeSize    5532|Addr 0x7fd86b989d60|Timestamp 200138057858866|Src n/a
[engine] opt done   id=1332  ProtosRootNode@1eea5ff7                            |Tier 1|Time  2158( 131+2026)ms|AST   20|Inlined   0Y   0N|IR  20353/ 75041|CodeSize  397465|Addr 0x7fd86bdc9040|Timestamp 200140218826828|Src n/a
[engine] opt done   id=1333  ProtosRootNode@203bee47                            |Tier 2|Time    25(   4+21  )ms|AST    2|Inlined   0Y   0N|IR    518/  1448|CodeSize    7174|Addr 0x7fd86b986860|Timestamp 200140318298335|Src n/a
[engine] opt done   id=1334  ProtosRootNode@37117865                            |Tier 2|Time  2408( 153+2255)ms|AST   21|Inlined   0Y   0N|IR  20778/ 68815|CodeSize  387532|Addr 0x7fd86c784ca0|Timestamp 200142727020322|Src n/a
[engine] opt done   id=1329  ProtosRootNode@68ce9bbe                            |Tier 2|Time    19(   5+14  )ms|AST    2|Inlined   0Y   0N|IR    815/   944|CodeSize    4429|Addr 0x7fd86b984600|Timestamp 200142821680902|Src n/a
[engine] opt done   id=1330  ProtosRootNode@2225b3ed                            |Tier 2|Time   891(  70+821 )ms|AST   11|Inlined   0Y   0N|IR  10638/ 32814|CodeSize  176872|Addr 0x7fd86bd806e0|Timestamp 200143713440958|Src n/a
[engine] opt done   id=1331  ProtosRootNode@6ae327b2                            |Tier 2|Time    25(   5+20  )ms|AST    2|Inlined   0Y   0N|IR    815/   944|CodeSize    4429|Addr 0x7fd86b982480|Timestamp 200143741761304|Src n/a
[engine] opt done   id=1332  ProtosRootNode@1eea5ff7                            |Tier 2|Time  2174( 153+2021)ms|AST   20|Inlined   0Y   0N|IR  20280/ 62658|CodeSize  342484|Addr 0x7fd86c3b3980|Timestamp 200145915708690|Src n/a
[engine] opt done   id=1335  ProtosRootNode@5e6b0ed                             |Tier 1|Time    23(   4+19  )ms|AST    2|Inlined   0Y   0N|IR    888/  2671|CodeSize   13140|Addr 0x7fd86b97c8c0|Timestamp 200145991624077|Src n/a
[engine] opt failed id=1336  ProtosRootNode@5515fd05                            |Tier 1|Time   66(-200145992+200146058)ms|Reason: jdk.graal.compiler.truffle.GraphTooBigBailoutException: Graph too big to safely compile. Node count: 50681. Graph Size: 150026. Limit: 150000.|Timestamp 200146057951481|Src n/a
[engine] opt failed id=1336  ProtosRootNode@5515fd05                            |Tier 1|Time   46(-200146058+200146104)ms|Reason: jdk.graal.compiler.truffle.GraphTooBigBailoutException: Graph too big to safely compile. Node count: 50681. Graph Size: 150026. Limit: 150000.|Timestamp 200146104377750|Src n/a
[engine] opt done   id=1323  ProtosRootNode@4aa110f1                            |Tier 1|Time    15(   4+11  )ms|AST    2|Inlined   0Y   0N|IR    888/  1275|CodeSize    5532|Addr 0x7fd86b979ee0|Timestamp 200146128033780|Src n/a
[engine] opt done   id=1324  ProtosRootNode@59bf581f                            |Tier 1|Time   255(  29+226 )ms|AST    7|Inlined   0Y   0N|IR   4642/ 17482|CodeSize   90120|Addr 0x7fd86c30c800|Timestamp 200146383621325|Src n/a
[engine] opt done   id=1424  ProtosRootNode@3126a229                            |Tier 1|Time    33(   9+24  )ms|AST    2|Inlined   0Y   0N|IR    591/  1658|CodeSize    7561|Addr 0x7fd86bd7b1a0|Timestamp 200146615767661|Src n/a
[engine] opt done   id=1425  ProtosRootNode@26af3773                            |Tier 1|Time  2349( 195+2155)ms|AST   21|Inlined   0Y   0N|IR  20851/ 81773|CodeSize  436754|Addr 0x7fd86ca0c920|Timestamp 200148966698671|Src n/a
[engine] opt done   id=1420  ProtosRootNode@1f581ca1                            |Tier 1|Time    22(  13+9   )ms|AST    2|Inlined   0Y   0N|IR    888/  1275|CodeSize    5532|Addr 0x7fd86b9776e0|Timestamp 200149015361993|Src n/a
[engine] opt done   id=1421  ProtosRootNode@212be717                            |Tier 1|Time   668(  60+608 )ms|AST   11|Inlined   0Y   0N|IR  10711/ 39220|CodeSize  206041|Addr 0x7fd86c9b70c0|Timestamp 200149683500162|Src n/a
[engine] opt done   id=1422  ProtosRootNode@42a1d473                            |Tier 1|Time    15(   6+9   )ms|AST    2|Inlined   0Y   0N|IR    888/  1275|CodeSize    5532|Addr 0x7fd86c9b1f60|Timestamp 200149716255334|Src n/a
[engine] opt done   id=1423  ProtosRootNode@55b3c405                            |Tier 1|Time  2124( 137+1987)ms|AST   20|Inlined   0Y   0N|IR  20353/ 75041|CodeSize  397465|Addr 0x7fd86c270140|Timestamp 200151842977838|Src n/a
[engine] opt done   id=1424  ProtosRootNode@3126a229                            |Tier 2|Time    29(   4+24  )ms|AST    2|Inlined   0Y   0N|IR    518/  1448|CodeSize    7174|Addr 0x7fd86bd77c60|Timestamp 200151960737577|Src n/a
[engine] opt done   id=1425  ProtosRootNode@26af3773                            |Tier 2|Time  3384( 290+3094)ms|AST   21|Inlined   0Y   0N|IR  20778/ 68815|CodeSize  387532|Addr 0x7fd86c1db0a0|Timestamp 200155345039828|Src n/a
[engine] opt done   id=1420  ProtosRootNode@1f581ca1                            |Tier 2|Time    57(   5+52  )ms|AST    2|Inlined   0Y   0N|IR    815/   944|CodeSize    4429|Addr 0x7fd86c9afd80|Timestamp 200155479312748|Src n/a
[engine] opt done   id=1421  ProtosRootNode@212be717                            |Tier 2|Time  1229(  98+1130)ms|AST   11|Inlined   0Y   0N|IR  10638/ 32814|CodeSize  176872|Addr 0x7fd86c73d560|Timestamp 200156708200869|Src n/a
[engine] opt done   id=1422  ProtosRootNode@42a1d473                            |Tier 2|Time    21(   6+15  )ms|AST    2|Inlined   0Y   0N|IR    815/   944|CodeSize    4429|Addr 0x7fd86bd75a00|Timestamp 200156773253922|Src n/a
[engine] opt done   id=1423  ProtosRootNode@55b3c405                            |Tier 2|Time  3268( 203+3065)ms|AST   20|Inlined   0Y   0N|IR  20280/ 62658|CodeSize  342484|Addr 0x7fd86c11da80|Timestamp 200160041737821|Src n/a
[engine] opt done   id=1426  ProtosRootNode@42fd1d7                             |Tier 1|Time    39(   9+30  )ms|AST    2|Inlined   0Y   0N|IR    888/  2671|CodeSize   13140|Addr 0x7fd86bd6fe40|Timestamp 200160146169664|Src n/a
[engine] opt failed id=1427  ProtosRootNode@77680228                            |Tier 1|Time   98(-200160152+200160250)ms|Reason: jdk.graal.compiler.truffle.GraphTooBigBailoutException: Graph too big to safely compile. Node count: 50681. Graph Size: 150026. Limit: 150000.|Timestamp 200160250044896|Src n/a
[engine] opt failed id=1427  ProtosRootNode@77680228                            |Tier 1|Time   86(-200160264+200160350)ms|Reason: jdk.graal.compiler.truffle.GraphTooBigBailoutException: Graph too big to safely compile. Node count: 50681. Graph Size: 150026. Limit: 150000.|Timestamp 200160350113233|Src n/a
[engine] opt done   id=1414  ProtosRootNode@6397fe07                            |Tier 1|Time    24(   7+18  )ms|AST    2|Inlined   0Y   0N|IR    888/  1275|CodeSize    5532|Addr 0x7fd86c738ee0|Timestamp 200160375654775|Src n/a
[engine] opt done   id=1415  ProtosRootNode@716cfd0a                            |Tier 1|Time   388(  52+335 )ms|AST    7|Inlined   0Y   0N|IR   4642/ 17482|CodeSize   90120|Addr 0x7fd86ccc0880|Timestamp 200160775072512|Src n/a
[engine] opt done   id=1515  ProtosRootNode@34c9026c                            |Tier 1|Time    57(  17+40  )ms|AST    2|Inlined   0Y   0N|IR    591/  1658|CodeSize    7561|Addr 0x7fd86c735820|Timestamp 200161126429368|Src n/a
[engine] opt done   id=1516  ProtosRootNode@1fd33ee3                            |Tier 1|Time  3369( 315+3054)ms|AST   21|Inlined   0Y   0N|IR  20851/ 81773|CodeSize  436754|Addr 0x7fd86c075ca0|Timestamp 200164495796913|Src n/a
[engine] opt done   id=1511  ProtosRootNode@58d84888                            |Tier 1|Time    25(   7+17  )ms|AST    2|Inlined   0Y   0N|IR    888/  1275|CodeSize    5532|Addr 0x7fd86c732fe0|Timestamp 200164563176288|Src n/a
[engine] opt done   id=1512  ProtosRootNode@55b7fe7f                            |Tier 1|Time  1128( 130+998 )ms|AST   11|Inlined   0Y   0N|IR  10711/ 39220|CodeSize  206041|Addr 0x7fd86c020440|Timestamp 200165691429479|Src n/a
[engine] opt done   id=1513  ProtosRootNode@54735d35                            |Tier 1|Time    20(   5+15  )ms|AST    2|Inlined   0Y   0N|IR    888/  1275|CodeSize    5532|Addr 0x7fd86c7307e0|Timestamp 200165711873745|Src n/a
[engine] opt done   id=1514  ProtosRootNode@215a9fa3                            |Tier 1|Time  2736( 389+2346)ms|AST   20|Inlined   0Y   0N|IR  20353/ 75041|CodeSize  397465|Addr 0x7fd86cd9c440|Timestamp 200168448214214|Src n/a
[engine] opt done   id=1515  ProtosRootNode@34c9026c                            |Tier 2|Time    23(   4+19  )ms|AST    2|Inlined   0Y   0N|IR    518/  1448|CodeSize    7174|Addr 0x7fd86c72d2e0|Timestamp 200168568280136|Src n/a
[engine] opt done   id=1516  ProtosRootNode@1fd33ee3                            |Tier 2|Time  2462( 172+2291)ms|AST   21|Inlined   0Y   0N|IR  20778/ 68815|CodeSize  387532|Addr 0x7fd86ce39120|Timestamp 200171030856686|Src n/a
[engine] opt done   id=1511  ProtosRootNode@58d84888                            |Tier 2|Time    19(   5+15  )ms|AST    2|Inlined   0Y   0N|IR    815/   944|CodeSize    4429|Addr 0x7fd86c72b080|Timestamp 200171126654958|Src n/a
[engine] opt done   id=1512  ProtosRootNode@55b7fe7f                            |Tier 2|Time   767(  84+684 )ms|AST   11|Inlined   0Y   0N|IR  10638/ 32814|CodeSize  176872|Addr 0x7fd86c36cb60|Timestamp 200171894444551|Src n/a
[engine] opt done   id=1513  ProtosRootNode@54735d35                            |Tier 2|Time    27(   7+20  )ms|AST    2|Inlined   0Y   0N|IR    815/   944|CodeSize    4429|Addr 0x7fd86c728f00|Timestamp 200171929708155|Src n/a
[engine] opt done   id=1514  ProtosRootNode@215a9fa3                            |Tier 2|Time  2196( 138+2057)ms|AST   20|Inlined   0Y   0N|IR  20280/ 62658|CodeSize  342484|Addr 0x7fd86cecc680|Timestamp 200174125551956|Src n/a
[engine] opt done   id=1517  ProtosRootNode@3eff439c                            |Tier 1|Time    27(   6+21  )ms|AST    2|Inlined   0Y   0N|IR    888/  2671|CodeSize   13140|Addr 0x7fd86c723340|Timestamp 200174194869334|Src n/a
[engine] opt failed id=1518  ProtosRootNode@7ef08fd6                            |Tier 1|Time   95(-200174197+200174292)ms|Reason: jdk.graal.compiler.truffle.GraphTooBigBailoutException: Graph too big to safely compile. Node count: 50681. Graph Size: 150026. Limit: 150000.|Timestamp 200174292055987|Src n/a
[engine] opt failed id=1518  ProtosRootNode@7ef08fd6                            |Tier 1|Time   79(-200174314+200174393)ms|Reason: jdk.graal.compiler.truffle.GraphTooBigBailoutException: Graph too big to safely compile. Node count: 50681. Graph Size: 150026. Limit: 150000.|Timestamp 200174392985045|Src n/a
[engine] opt done   id=1505  ProtosRootNode@242285af                            |Tier 1|Time    20(   5+15  )ms|AST    2|Inlined   0Y   0N|IR    888/  1275|CodeSize    5532|Addr 0x7fd86bf12ee0|Timestamp 200174413066240|Src n/a
[engine] opt done   id=1506  ProtosRootNode@eae39b3                             |Tier 1|Time   245(  35+210 )ms|AST    7|Inlined   0Y   0N|IR   4642/ 17482|CodeSize   90120|Addr 0x7fd86cbee600|Timestamp 200174658372271|Src n/a
[engine] opt done   id=1606  ProtosRootNode@69707934                            |Tier 1|Time    31(   7+24  )ms|AST    2|Inlined   0Y   0N|IR    591/  1658|CodeSize    7561|Addr 0x7fd86cbe9f20|Timestamp 200174886405910|Src n/a
[engine] opt done   id=1607  ProtosRootNode@1b06812b                            |Tier 1|Time  2488( 165+2323)ms|AST   21|Inlined   0Y   0N|IR  20851/ 81773|CodeSize  436754|Addr 0x7fd86cf52120|Timestamp 200177376920422|Src n/a
[engine] opt done   id=1602  ProtosRootNode@f7933dc                             |Tier 1|Time    24(   5+19  )ms|AST    2|Inlined   0Y   0N|IR    888/  1275|CodeSize    5532|Addr 0x7fd86bf0e7e0|Timestamp 200177451876557|Src n/a
[engine] opt done   id=1603  ProtosRootNode@4e3279e8                            |Tier 1|Time   734(  81+653 )ms|AST   11|Inlined   0Y   0N|IR  10711/ 39220|CodeSize  206041|Addr 0x7fd86cff8e40|Timestamp 200178185812026|Src n/a
[engine] opt done   id=1604  ProtosRootNode@141079e0                            |Tier 1|Time    15(   4+10  )ms|AST    2|Inlined   0Y   0N|IR    888/  1275|CodeSize    5532|Addr 0x7fd86bf0bfe0|Timestamp 200178222197152|Src n/a
[engine] opt done   id=1605  ProtosRootNode@7638f007                            |Tier 1|Time  2219( 131+2088)ms|AST   20|Inlined   0Y   0N|IR  20353/ 75041|CodeSize  397465|Addr 0x7fd86d04e5c0|Timestamp 200180441376660|Src n/a
[engine] opt done   id=1606  ProtosRootNode@69707934                            |Tier 2|Time    21(   4+17  )ms|AST    2|Inlined   0Y   0N|IR    518/  1448|CodeSize    7174|Addr 0x7fd86bf08ae0|Timestamp 200180528908240|Src n/a
[engine] opt done   id=1607  ProtosRootNode@1b06812b                            |Tier 2|Time  2212( 167+2045)ms|AST   21|Inlined   0Y   0N|IR  20778/ 68815|CodeSize  387532|Addr 0x7fd86d0eb2a0|Timestamp 200182742082449|Src n/a
[engine] opt done   id=1602  ProtosRootNode@f7933dc                             |Tier 2|Time    22(   6+16  )ms|AST    2|Inlined   0Y   0N|IR    815/   944|CodeSize    4429|Addr 0x7fd86bf06880|Timestamp 200182837546710|Src n/a
[engine] opt done   id=1603  ProtosRootNode@4e3279e8                            |Tier 2|Time  1297( 152+1146)ms|AST   11|Inlined   0Y   0N|IR  10638/ 32814|CodeSize  176872|Addr 0x7fd86d17cc60|Timestamp 200184137027403|Src n/a
[engine] opt done   id=1604  ProtosRootNode@141079e0                            |Tier 2|Time    19(   5+14  )ms|AST    2|Inlined   0Y   0N|IR    815/   944|CodeSize    4429|Addr 0x7fd86bf04700|Timestamp 200184180803868|Src n/a
[engine] opt done   id=1605  ProtosRootNode@7638f007                            |Tier 2|Time  2108( 199+1908)ms|AST   20|Inlined   0Y   0N|IR  20280/ 62658|CodeSize  342484|Addr 0x7fd86d1c3a80|Timestamp 200186289235933|Src n/a
[engine] opt done   id=1608  ProtosRootNode@3fd4b64f                            |Tier 1|Time    29(   6+23  )ms|AST    2|Inlined   0Y   0N|IR    888/  2671|CodeSize   13140|Addr 0x7fd86c017ec0|Timestamp 200186369170254|Src n/a
[engine] opt failed id=1609  ProtosRootNode@1831da29                            |Tier 1|Time   49(-200186370+200186418)ms|Reason: jdk.graal.compiler.truffle.GraphTooBigBailoutException: Graph too big to safely compile. Node count: 50681. Graph Size: 150026. Limit: 150000.|Timestamp 200186418503137|Src n/a
[engine] opt failed id=1609  ProtosRootNode@1831da29                            |Tier 1|Time   50(-200186437+200186488)ms|Reason: jdk.graal.compiler.truffle.GraphTooBigBailoutException: Graph too big to safely compile. Node count: 50681. Graph Size: 150026. Limit: 150000.|Timestamp 200186487589134|Src n/a
[engine] opt done   id=1596  ProtosRootNode@4ab61160                            |Tier 1|Time    15(   4+11  )ms|AST    2|Inlined   0Y   0N|IR    888/  1275|CodeSize    5532|Addr 0x7fd86beff360|Timestamp 200186502895103|Src n/a
[engine] opt done   id=1597  ProtosRootNode@2cd59cb5                            |Tier 1|Time   296(  27+268 )ms|AST    7|Inlined   0Y   0N|IR   4642/ 17482|CodeSize   90120|Addr 0x7fd86bc0fd00|Timestamp 200186798694067|Src n/a
[engine] opt done   id=1697  ProtosRootNode@34cb21ed                            |Tier 1|Time    23(   8+16  )ms|AST    2|Inlined   0Y   0N|IR    591/  1658|CodeSize    7561|Addr 0x7fd86bc0b620|Timestamp 200187011216076|Src n/a
[engine] opt done   id=1698  ProtosRootNode@57c7dcab                            |Tier 1|Time  2503( 158+2345)ms|AST   21|Inlined   0Y   0N|IR  20851/ 81773|CodeSize  436754|Addr 0x7fd86d249520|Timestamp 200189514579358|Src n/a
[engine] opt done   id=1693  ProtosRootNode@fa8c3b5                             |Tier 1|Time    50(   6+44  )ms|AST    2|Inlined   0Y   0N|IR    888/  1275|CodeSize    5532|Addr 0x7fd86b21fc60|Timestamp 200189612090292|Src n/a
[engine] opt done   id=1694  ProtosRootNode@5df43e3e                            |Tier 1|Time   732(  62+670 )ms|AST   11|Inlined   0Y   0N|IR  10711/ 39220|CodeSize  206041|Addr 0x7fd86b6e30c0|Timestamp 200190345205768|Src n/a
[engine] opt done   id=1695  ProtosRootNode@bd06518                             |Tier 1|Time    17(   5+12  )ms|AST    2|Inlined   0Y   0N|IR    888/  1275|CodeSize    5532|Addr 0x7fd86b2a42e0|Timestamp 200190403835952|Src n/a
[engine] opt done   id=1696  ProtosRootNode@57f54034                            |Tier 1|Time  2190( 169+2020)ms|AST   20|Inlined   0Y   0N|IR  20353/ 75041|CodeSize  397465|Addr 0x7fd86b2adc40|Timestamp 200192593677907|Src n/a
[engine] opt done   id=1697  ProtosRootNode@34cb21ed                            |Tier 2|Time    29(   3+26  )ms|AST    2|Inlined   0Y   0N|IR    518/  1448|CodeSize    7174|Addr 0x7fd86b34cbe0|Timestamp 200192669572142|Src n/a
[engine] opt done   id=1698  ProtosRootNode@57c7dcab                            |Tier 2|Time  2146( 170+1976)ms|AST   21|Inlined   0Y   0N|IR  20778/ 68815|CodeSize  387532|Addr 0x7fd86b35bd20|Timestamp 200194817083973|Src n/a
[engine] opt done   id=1693  ProtosRootNode@fa8c3b5                             |Tier 2|Time    18(   5+13  )ms|AST    2|Inlined   0Y   0N|IR    815/   944|CodeSize    4429|Addr 0x7fd86b471480|Timestamp 200194909324720|Src n/a
[engine] opt done   id=1694  ProtosRootNode@5df43e3e                            |Tier 2|Time   764(  64+699 )ms|AST   11|Inlined   0Y   0N|IR  10638/ 32814|CodeSize  176872|Addr 0x7fd86b4047e0|Timestamp 200195673147393|Src n/a
[engine] opt done   id=1695  ProtosRootNode@bd06518                             |Tier 2|Time    27(   5+22  )ms|AST    2|Inlined   0Y   0N|IR    815/   944|CodeSize    4429|Addr 0x7fd86b876100|Timestamp 200195703768812|Src n/a
[engine] opt done   id=1696  ProtosRootNode@57f54034                            |Tier 2|Time  1993( 161+1832)ms|AST   20|Inlined   0Y   0N|IR  20280/ 62658|CodeSize  342484|Addr 0x7fd86b47a280|Timestamp 200197697296677|Src n/a
[engine] opt done   id=1699  ProtosRootNode@24f7a5e1                            |Tier 1|Time    30(   5+25  )ms|AST    2|Inlined   0Y   0N|IR    888/  2671|CodeSize   13140|Addr 0x7fd86b5e35c0|Timestamp 200197780676012|Src n/a
[engine] opt failed id=1700  ProtosRootNode@323cce7b                            |Tier 1|Time   99(-200197790+200197890)ms|Reason: jdk.graal.compiler.truffle.GraphTooBigBailoutException: Graph too big to safely compile. Node count: 50681. Graph Size: 150026. Limit: 150000.|Timestamp 200197889711550|Src n/a
[engine] opt failed id=1700  ProtosRootNode@323cce7b                            |Tier 1|Time   62(-200197892+200197953)ms|Reason: jdk.graal.compiler.truffle.GraphTooBigBailoutException: Graph too big to safely compile. Node count: 50681. Graph Size: 150026. Limit: 150000.|Timestamp 200197953138950|Src n/a
[engine] opt done   id=1687  ProtosRootNode@2a812e09                            |Tier 1|Time    16(   6+9   )ms|AST    2|Inlined   0Y   0N|IR    888/  1275|CodeSize    5532|Addr 0x7fd86b6dd260|Timestamp 200197978166221|Src n/a
[engine] opt done   id=1688  ProtosRootNode@391a658a                            |Tier 1|Time   259(  28+231 )ms|AST    7|Inlined   0Y   0N|IR   4642/ 17482|CodeSize   90120|Addr 0x7fd86b94f000|Timestamp 200198237571729|Src n/a
[engine] opt done   id=1788  ProtosRootNode@5b44d3a3                            |Tier 1|Time    17(   6+12  )ms|AST    2|Inlined   0Y   0N|IR    591/  1658|CodeSize    7561|Addr 0x7fd86b16baa0|Timestamp 200198496865206|Src n/a
[engine] opt done   id=1789  ProtosRootNode@30a9ea89                            |Tier 1|Time  2399( 156+2243)ms|AST   21|Inlined   0Y   0N|IR  20851/ 81773|CodeSize  436754|Addr 0x7fd86b17b020|Timestamp 200200896458882|Src n/a
[engine] opt done   id=1784  ProtosRootNode@477627f7                            |Tier 1|Time    19(   7+12  )ms|AST    2|Inlined   0Y   0N|IR    888/  1275|CodeSize    5532|Addr 0x7fd86b733c60|Timestamp 200200945876844|Src n/a
[engine] opt done   id=1785  ProtosRootNode@3820c4f3                            |Tier 1|Time   748(  70+679 )ms|AST   11|Inlined   0Y   0N|IR  10711/ 39220|CodeSize  206041|Addr 0x7fd86b22a4c0|Timestamp 200201694575508|Src n/a
[engine] opt done   id=1786  ProtosRootNode@6337b530                            |Tier 1|Time    26(  11+15  )ms|AST    2|Inlined   0Y   0N|IR    888/  1275|CodeSize    5532|Addr 0x7fd86b94aee0|Timestamp 200201740997337|Src n/a
[engine] opt done   id=1787  ProtosRootNode@3c2f0245                            |Tier 1|Time  2126( 147+1979)ms|AST   20|Inlined   0Y   0N|IR  20353/ 75041|CodeSize  397465|Addr 0x7fd86b73ff40|Timestamp 200203866995226|Src n/a
[engine] opt done   id=1788  ProtosRootNode@5b44d3a3                            |Tier 2|Time    24(   4+20  )ms|AST    2|Inlined   0Y   0N|IR    518/  1448|CodeSize    7174|Addr 0x7fd86b7dbbe0|Timestamp 200203982425282|Src n/a
[engine] opt done   id=1789  ProtosRootNode@30a9ea89                            |Tier 2|Time  2486( 171+2316)ms|AST   21|Inlined   0Y   0N|IR  20778/ 68815|CodeSize  387532|Addr 0x7fd86b7e3720|Timestamp 200206469321485|Src n/a
[engine] opt done   id=1784  ProtosRootNode@477627f7                            |Tier 2|Time    17(   4+13  )ms|AST    2|Inlined   0Y   0N|IR    815/   944|CodeSize    4429|Addr 0x7fd86bef9380|Timestamp 200206556272295|Src n/a
[engine] opt done   id=1785  ProtosRootNode@3820c4f3                            |Tier 2|Time   786(  59+727 )ms|AST   11|Inlined   0Y   0N|IR  10638/ 32814|CodeSize  176872|Addr 0x7fd86b87cd60|Timestamp 200207342295035|Src n/a
[engine] opt done   id=1786  ProtosRootNode@6337b530                            |Tier 2|Time    24(   4+20  )ms|AST    2|Inlined   0Y   0N|IR    815/   944|CodeSize    4429|Addr 0x7fd86b878d00|Timestamp 200207369422939|Src n/a
[engine] opt done   id=1787  ProtosRootNode@3c2f0245                            |Tier 2|Time  2078( 145+1933)ms|AST   20|Inlined   0Y   0N|IR  20280/ 62658|CodeSize  342484|Addr 0x7fd86b8ca780|Timestamp 200209447737296|Src n/a
[engine] opt done   id=1790  ProtosRootNode@11ed6170                            |Tier 1|Time    26(   6+20  )ms|AST    2|Inlined   0Y   0N|IR    888/  2671|CodeSize   13140|Addr 0x7fd86b8c1140|Timestamp 200209497989609|Src n/a
[engine] opt failed id=1791  ProtosRootNode@726560b0                            |Tier 1|Time   53(-200209499+200209552)ms|Reason: jdk.graal.compiler.truffle.GraphTooBigBailoutException: Graph too big to safely compile. Node count: 50681. Graph Size: 150026. Limit: 150000.|Timestamp 200209551845397|Src n/a
[engine] opt failed id=1791  ProtosRootNode@726560b0                            |Tier 1|Time   49(-200209563+200209611)ms|Reason: jdk.graal.compiler.truffle.GraphTooBigBailoutException: Graph too big to safely compile. Node count: 50681. Graph Size: 150026. Limit: 150000.|Timestamp 200209611466622|Src n/a
[engine] opt done   id=1778  ProtosRootNode@453a1190                            |Tier 1|Time    18(   6+12  )ms|AST    2|Inlined   0Y   0N|IR    888/  1275|CodeSize    5532|Addr 0x7fd86bbc57e0|Timestamp 200209629601925|Src n/a
[engine] opt done   id=1779  ProtosRootNode@64b278b1                            |Tier 1|Time   213(  25+187 )ms|AST    7|Inlined   0Y   0N|IR   4642/ 17482|CodeSize   90120|Addr 0x7fd86c30c800|Timestamp 200209842475093|Src n/a
[engine] opt done   id=1879  ProtosRootNode@c8060a                              |Tier 1|Time    29(   7+22  )ms|AST    2|Inlined   0Y   0N|IR    591/  1658|CodeSize    7561|Addr 0x7fd86b2244a0|Timestamp 200210053347829|Src n/a
[engine] opt done   id=1880  ProtosRootNode@10ae6f62                            |Tier 1|Time  2426( 206+2221)ms|AST   21|Inlined   0Y   0N|IR  20851/ 81773|CodeSize  436754|Addr 0x7fd86b637fa0|Timestamp 200212481651565|Src n/a
[engine] opt done   id=1875  ProtosRootNode@7417f2ea                            |Tier 1|Time    17(   6+12  )ms|AST    2|Inlined   0Y   0N|IR    888/  1275|CodeSize    5532|Addr 0x7fd86bcbc960|Timestamp 200212522912047|Src n/a
[engine] opt done   id=1876  ProtosRootNode@3879d2a9                            |Tier 1|Time   713(  75+638 )ms|AST   11|Inlined   0Y   0N|IR  10711/ 39220|CodeSize  206041|Addr 0x7fd86bf7eec0|Timestamp 200213236889156|Src n/a
[engine] opt done   id=1877  ProtosRootNode@57dcd85c                            |Tier 1|Time    15(   5+10  )ms|AST    2|Inlined   0Y   0N|IR    888/  1275|CodeSize    5532|Addr 0x7fd86beff360|Timestamp 200213272899961|Src n/a
[engine] opt done   id=1878  ProtosRootNode@867a3ee                             |Tier 1|Time  2040( 148+1892)ms|AST   20|Inlined   0Y   0N|IR  20353/ 75041|CodeSize  397465|Addr 0x7fd86ba83340|Timestamp 200215313249618|Src n/a
[engine] opt done   id=1879  ProtosRootNode@c8060a                              |Tier 2|Time    21(   5+17  )ms|AST    2|Inlined   0Y   0N|IR    518/  1448|CodeSize    7174|Addr 0x7fd86b0e5560|Timestamp 200215400824288|Src n/a
[engine] opt done   id=1880  ProtosRootNode@10ae6f62                            |Tier 2|Time  2150( 148+2002)ms|AST   21|Inlined   0Y   0N|IR  20778/ 68815|CodeSize  387532|Addr 0x7fd86c81cd20|Timestamp 200217551253023|Src n/a
[engine] opt done   id=1875  ProtosRootNode@7417f2ea                            |Tier 2|Time    17(   5+12  )ms|AST    2|Inlined   0Y   0N|IR    815/   944|CodeSize    4429|Addr 0x7fd86b0e9480|Timestamp 200217634470928|Src n/a
[engine] opt done   id=1876  ProtosRootNode@3879d2a9                            |Tier 2|Time   782(  62+720 )ms|AST   11|Inlined   0Y   0N|IR  10638/ 32814|CodeSize  176872|Addr 0x7fd86c576560|Timestamp 200218417027452|Src n/a
[engine] opt done   id=1877  ProtosRootNode@57dcd85c                            |Tier 2|Time    24(   4+20  )ms|AST    2|Inlined   0Y   0N|IR    815/   944|CodeSize    4429|Addr 0x7fd86c572500|Timestamp 200218445608168|Src n/a
[engine] opt done   id=1878  ProtosRootNode@867a3ee                             |Tier 2|Time  1987( 188+1799)ms|AST   20|Inlined   0Y   0N|IR  20280/ 62658|CodeSize  342484|Addr 0x7fd86c5c3580|Timestamp 200220432750986|Src n/a
[engine] opt done   id=1881  ProtosRootNode@54bae08c                            |Tier 1|Time    23(   4+19  )ms|AST    2|Inlined   0Y   0N|IR    888/  2671|CodeSize   13140|Addr 0x7fd86c5b9f40|Timestamp 200220500220571|Src n/a
[engine] opt failed id=1882  ProtosRootNode@28db779                             |Tier 1|Time   45(-200220501+200220546)ms|Reason: jdk.graal.compiler.truffle.GraphTooBigBailoutException: Graph too big to safely compile. Node count: 50681. Graph Size: 150026. Limit: 150000.|Timestamp 200220545977838|Src n/a
[engine] opt failed id=1882  ProtosRootNode@28db779                             |Tier 1|Time   50(-200220562+200220612)ms|Reason: jdk.graal.compiler.truffle.GraphTooBigBailoutException: Graph too big to safely compile. Node count: 50681. Graph Size: 150026. Limit: 150000.|Timestamp 200220613824194|Src n/a
[engine] opt done   id=1869  ProtosRootNode@4477cf1                             |Tier 1|Time    32(   9+23  )ms|AST    2|Inlined   0Y   0N|IR    888/  1275|CodeSize    5532|Addr 0x7fd86bf12ee0|Timestamp 200220645991034|Src n/a
[engine] opt done   id=1870  ProtosRootNode@4afd675c                            |Tier 1|Time   219(  34+185 )ms|AST    7|Inlined   0Y   0N|IR   4642/ 17482|CodeSize   90120|Addr 0x7fd86c64ad00|Timestamp 200220865279360|Src n/a
