[To redirect Truffle log output to a file use one of the following options:
* '--log.file=<path>' if the option is passed using a guest language launcher.
* '-Dpolyglot.log.file=<path>' if the option is passed using the host Java launcher.
* Configure logging using the polyglot embedding API.]
[engine] opt done   id=150   ProtosRootNode@2bbe4615                            |Tier 1|Time    96(  66+30  )ms|AST    2|Inlined   0Y   0N|IR    591/  1658|CodeSize    7561|Addr 0x7f4e071486a0|Timestamp 199764709444476|Src n/a
[engine] opt done   id=151   ProtosRootNode@71811a9a                            |Tier 1|Time  2229( 210+2019)ms|AST   21|Inlined   0Y   0N|IR  20851/ 81773|CodeSize  436754|Addr 0x7f4e071598a0|Timestamp 199766944916779|Src n/a
[engine] opt done   id=146   ProtosRootNode@1711a73d                            |Tier 1|Time    26(   8+19  )ms|AST    2|Inlined   0Y   0N|IR    888/  1275|CodeSize    5532|Addr 0x7f4e071fec60|Timestamp 199767017374600|Src n/a
[engine] opt done   id=147   ProtosRootNode@6792dc0                             |Tier 1|Time   640(  85+556 )ms|AST   11|Inlined   0Y   0N|IR  10711/ 39220|CodeSize  206041|Addr 0x7f4e072076c0|Timestamp 199767660666998|Src n/a
[engine] opt done   id=103   ProtosRootNode@64257bca                            |Tier 1|Time    14(   4+10  )ms|AST    2|Inlined   0Y   0N|IR    591/  1658|CodeSize    7561|Addr 0x7f4e07257c20|Timestamp 199767690971971|Src n/a
[engine] opt done   id=104   ProtosRootNode@3581a79b                            |Tier 1|Time   230(  27+203 )ms|AST    6|Inlined   0Y   0N|IR   5217/ 19409|CodeSize  101975|Addr 0x7f4e0725cc20|Timestamp 199767921902573|Src n/a
[engine] opt done   id=148   ProtosRootNode@3c3086be                            |Tier 1|Time    17(   7+10  )ms|AST    2|Inlined   0Y   0N|IR    888/  1275|CodeSize    5532|Addr 0x7f4e07284860|Timestamp 199767944383455|Src n/a
[engine] opt done   id=149   ProtosRootNode@15f9ef30                            |Tier 1|Time  1857( 146+1711)ms|AST   20|Inlined   0Y   0N|IR  20353/ 75041|CodeSize  397465|Addr 0x7f4e0728d8c0|Timestamp 199769802297307|Src n/a
[engine] opt done   id=150   ProtosRootNode@2bbe4615                            |Tier 2|Time    46(   7+39  )ms|AST    2|Inlined   0Y   0N|IR    518/  1448|CodeSize    7174|Addr 0x7f4e07337e60|Timestamp 199770067618187|Src n/a
[engine] opt done   id=151   ProtosRootNode@71811a9a                            |Tier 2|Time  2059( 152+1907)ms|AST   21|Inlined   0Y   0N|IR  20778/ 68815|CodeSize  387532|Addr 0x7f4e07346520|Timestamp 199772129433063|Src n/a
[engine] opt done   id=146   ProtosRootNode@1711a73d                            |Tier 2|Time    35(   9+26  )ms|AST    2|Inlined   0Y   0N|IR    815/   944|CodeSize    4429|Addr 0x7f4e073dd480|Timestamp 199772326442897|Src n/a
[engine] opt done   id=147   ProtosRootNode@6792dc0                             |Tier 2|Time   791( 133+658 )ms|AST   11|Inlined   0Y   0N|IR  10638/ 32814|CodeSize  176872|Addr 0x7f4e073ecf60|Timestamp 199773121737396|Src n/a
[engine] opt done   id=103   ProtosRootNode@64257bca                            |Tier 2|Time    25(   4+21  )ms|AST    2|Inlined   0Y   0N|IR    518/  1448|CodeSize    7174|Addr 0x7f4e074306e0|Timestamp 199773147512272|Src n/a
[engine] opt done   id=104   ProtosRootNode@3581a79b                            |Tier 2|Time   261(  30+231 )ms|AST    6|Inlined   0Y   0N|IR   5144/ 16227|CodeSize   85747|Addr 0x7f4e07435ce0|Timestamp 199773409376976|Src n/a
[engine] opt done   id=148   ProtosRootNode@3c3086be                            |Tier 2|Time    44(   8+37  )ms|AST    2|Inlined   0Y   0N|IR    815/   944|CodeSize    4429|Addr 0x7f4e07458a80|Timestamp 199773462495581|Src n/a
[engine] opt done   id=149   ProtosRootNode@15f9ef30                            |Tier 2|Time  1876( 175+1701)ms|AST   20|Inlined   0Y   0N|IR  20280/ 62658|CodeSize  342484|Addr 0x7f4e07463200|Timestamp 199775340138746|Src n/a
[engine] opt done   id=101   ProtosRootNode@62b1b029                            |Tier 1|Time    29(   8+21  )ms|AST    2|Inlined   0Y   0N|IR    591/  1658|CodeSize    7561|Addr 0x7f4e074e5520|Timestamp 199775435156838|Src n/a
[engine] opt done   id=102   ProtosRootNode@21e59802                            |Tier 1|Time   442(  60+382 )ms|AST    9|Inlined   0Y   0N|IR   7951/ 31452|CodeSize  167494|Addr 0x7f4e074ed2c0|Timestamp 199775880669059|Src n/a
[engine] opt done   id=99    ProtosRootNode@438386fd                            |Tier 1|Time    14(   5+9   )ms|AST    2|Inlined   0Y   0N|IR    888/  1275|CodeSize    5532|Addr 0x7f4e0752ca60|Timestamp 199775908695378|Src n/a
[engine] opt done   id=100   ProtosRootNode@236c544b                            |Tier 1|Time   890(  75+815 )ms|AST   13|Inlined   0Y   0N|IR  12899/ 48349|CodeSize  260527|Addr 0x7f4e075332a0|Timestamp 199776798682957|Src n/a
[engine] opt done   id=105   ProtosRootNode@472483c                             |Tier 1|Time    14(   4+9   )ms|AST    2|Inlined   0Y   0N|IR    888/  1275|CodeSize    5532|Addr 0x7f4e07596960|Timestamp 199776813577197|Src n/a
[engine] opt done   id=106   ProtosRootNode@394f8c27                            |Tier 1|Time   315(  42+272 )ms|AST    9|Inlined   0Y   0N|IR   6486/ 23741|CodeSize  126115|Addr 0x7f4e0759ba20|Timestamp 199777130350508|Src n/a
[engine] opt done   id=152   ProtosRootNode@aa990e0                             |Tier 1|Time    26(   6+20  )ms|AST    2|Inlined   0Y   0N|IR    888/  2671|CodeSize   13140|Addr 0x7f4e075cd440|Timestamp 199777156973425|Src n/a
[engine] opt failed id=153   ProtosRootNode@190f4dcf                            |Tier 1|Time   45(-199777158+199777203)ms|Reason: jdk.graal.compiler.truffle.GraphTooBigBailoutException: Graph too big to safely compile. Node count: 50681. Graph Size: 150026. Limit: 150000.|Timestamp 199777202719049|Src n/a
[engine] opt failed id=153   ProtosRootNode@190f4dcf                            |Tier 1|Time   48(-199777218+199777266)ms|Reason: jdk.graal.compiler.truffle.GraphTooBigBailoutException: Graph too big to safely compile. Node count: 50681. Graph Size: 150026. Limit: 150000.|Timestamp 199777267680269|Src n/a
[engine] opt done   id=140   ProtosRootNode@565ca98c                            |Tier 1|Time    17(   7+10  )ms|AST    2|Inlined   0Y   0N|IR    888/  1275|CodeSize    5532|Addr 0x7f4e075d4760|Timestamp 199777286116655|Src n/a
[engine] opt done   id=141   ProtosRootNode@5db0eb11                            |Tier 1|Time   280(  29+251 )ms|AST    7|Inlined   0Y   0N|IR   4642/ 17482|CodeSize   90120|Addr 0x7f4e075d7f80|Timestamp 199777566440835|Src n/a
[engine] opt done   id=241   ProtosRootNode@4ade87b6                            |Tier 1|Time    33(   8+25  )ms|AST    2|Inlined   0Y   0N|IR    591/  1658|CodeSize    7561|Addr 0x7f4e076113a0|Timestamp 199778031766343|Src n/a
[engine] opt done   id=242   ProtosRootNode@157f65aa                            |Tier 1|Time  3208( 247+2962)ms|AST   21|Inlined   0Y   0N|IR  20851/ 81773|CodeSize  436754|Addr 0x7f4e0761b5a0|Timestamp 199781241875307|Src n/a
[engine] opt done   id=237   ProtosRootNode@341c311e                            |Tier 1|Time    41(  13+28  )ms|AST    2|Inlined   0Y   0N|IR    888/  1275|CodeSize    5532|Addr 0x7f4e076bf960|Timestamp 199781329168428|Src n/a
[engine] opt done   id=238   ProtosRootNode@6d871d72                            |Tier 1|Time  1216( 145+1071)ms|AST   11|Inlined   0Y   0N|IR  10711/ 39220|CodeSize  206041|Addr 0x7f4e076d0840|Timestamp 199782547908152|Src n/a
[engine] opt done   id=239   ProtosRootNode@35bb1bbb                            |Tier 1|Time    16(   5+11  )ms|AST    2|Inlined   0Y   0N|IR    888/  1275|CodeSize    5532|Addr 0x7f4e07720d60|Timestamp 199782565826846|Src n/a
[engine] opt done   id=240   ProtosRootNode@30a49360                            |Tier 1|Time  2753( 198+2555)ms|AST   20|Inlined   0Y   0N|IR  20353/ 75041|CodeSize  397465|Addr 0x7f4e07728ec0|Timestamp 199785319677321|Src n/a
[engine] opt done   id=241   ProtosRootNode@4ade87b6                            |Tier 2|Time    22(   4+18  )ms|AST    2|Inlined   0Y   0N|IR    518/  1448|CodeSize    7174|Addr 0x7f4e077c5ce0|Timestamp 199785498593109|Src n/a
[engine] opt done   id=242   ProtosRootNode@157f65aa                            |Tier 2|Time  2947( 219+2729)ms|AST   21|Inlined   0Y   0N|IR  20778/ 68815|CodeSize  387532|Addr 0x7f4e077cd820|Timestamp 199788446428728|Src n/a
[engine] opt done   id=237   ProtosRootNode@341c311e                            |Tier 2|Time    26(  10+16  )ms|AST    2|Inlined   0Y   0N|IR    815/   944|CodeSize    4429|Addr 0x7f4e07862680|Timestamp 199788616379144|Src n/a
[engine] opt done   id=238   ProtosRootNode@6d871d72                            |Tier 2|Time   987( 101+886 )ms|AST   11|Inlined   0Y   0N|IR  10638/ 32814|CodeSize  176872|Addr 0x7f4e078666e0|Timestamp 199789604951975|Src n/a
[engine] opt done   id=239   ProtosRootNode@35bb1bbb                            |Tier 2|Time    31(   6+25  )ms|AST    2|Inlined   0Y   0N|IR    815/   944|CodeSize    4429|Addr 0x7f4e078a9a80|Timestamp 199789642786257|Src n/a
[engine] opt done   id=240   ProtosRootNode@30a49360                            |Tier 2|Time  2845( 256+2588)ms|AST   20|Inlined   0Y   0N|IR  20280/ 62658|CodeSize  342484|Addr 0x7f4e078b1980|Timestamp 199792488902270|Src n/a
[engine] opt done   id=243   ProtosRootNode@152310b4                            |Tier 1|Time    29(   7+22  )ms|AST    2|Inlined   0Y   0N|IR    888/  2671|CodeSize   13140|Addr 0x7f4e07931fc0|Timestamp 199792571847755|Src n/a
[engine] opt failed id=244   ProtosRootNode@2dd4dddc                            |Tier 1|Time   49(-199792574+199792623)ms|Reason: jdk.graal.compiler.truffle.GraphTooBigBailoutException: Graph too big to safely compile. Node count: 50681. Graph Size: 150026. Limit: 150000.|Timestamp 199792623182446|Src n/a
[engine] opt failed id=244   ProtosRootNode@2dd4dddc                            |Tier 1|Time   50(-199792633+199792683)ms|Reason: jdk.graal.compiler.truffle.GraphTooBigBailoutException: Graph too big to safely compile. Node count: 50681. Graph Size: 150026. Limit: 150000.|Timestamp 199792683105139|Src n/a
[engine] opt done   id=231   ProtosRootNode@4f1dc5c6                            |Tier 1|Time    17(   5+12  )ms|AST    2|Inlined   0Y   0N|IR    888/  1275|CodeSize    5532|Addr 0x7f4e079382e0|Timestamp 199792700967074|Src n/a
[engine] opt done   id=232   ProtosRootNode@637d9909                            |Tier 1|Time   244(  27+217 )ms|AST    7|Inlined   0Y   0N|IR   4642/ 17482|CodeSize   90120|Addr 0x7f4e0793c400|Timestamp 199792946043033|Src n/a
[engine] opt done   id=332   ProtosRootNode@7baae61c                            |Tier 1|Time    63(  19+44  )ms|AST    2|Inlined   0Y   0N|IR    591/  1658|CodeSize    7561|Addr 0x7f4e07968aa0|Timestamp 199793327391701|Src n/a
[engine] opt done   id=333   ProtosRootNode@4bbed7e                             |Tier 1|Time  2473( 217+2256)ms|AST   21|Inlined   0Y   0N|IR  20851/ 81773|CodeSize  436754|Addr 0x7f4e07971c20|Timestamp 199795802883997|Src n/a
[engine] opt done   id=328   ProtosRootNode@405f9ac3                            |Tier 1|Time    25(  10+15  )ms|AST    2|Inlined   0Y   0N|IR    888/  1275|CodeSize    5532|Addr 0x7f4e07a162e0|Timestamp 199795847617019|Src n/a
[engine] opt done   id=329   ProtosRootNode@791348af                            |Tier 1|Time   647(  62+585 )ms|AST   11|Inlined   0Y   0N|IR  10711/ 39220|CodeSize  206041|Addr 0x7f4e07a1b440|Timestamp 199796495817016|Src n/a
[engine] opt done   id=330   ProtosRootNode@23049fb0                            |Tier 1|Time    15(   5+10  )ms|AST    2|Inlined   0Y   0N|IR    888/  1275|CodeSize    5532|Addr 0x7f4e07a6b960|Timestamp 199796528068000|Src n/a
[engine] opt done   id=331   ProtosRootNode@291acf2                             |Tier 1|Time  1810( 123+1687)ms|AST   20|Inlined   0Y   0N|IR  20353/ 75041|CodeSize  397465|Addr 0x7f4e07a736c0|Timestamp 199798338561034|Src n/a
[engine] opt done   id=332   ProtosRootNode@7baae61c                            |Tier 2|Time    28(   4+25  )ms|AST    2|Inlined   0Y   0N|IR    518/  1448|CodeSize    7174|Addr 0x7f4e07b0c860|Timestamp 199798422930850|Src n/a
[engine] opt done   id=333   ProtosRootNode@4bbed7e                             |Tier 2|Time  2020( 152+1868)ms|AST   21|Inlined   0Y   0N|IR  20778/ 68815|CodeSize  387532|Addr 0x7f4e07b140a0|Timestamp 199800443216732|Src n/a
[engine] opt done   id=328   ProtosRootNode@405f9ac3                            |Tier 2|Time    17(   5+13  )ms|AST    2|Inlined   0Y   0N|IR    815/   944|CodeSize    4429|Addr 0x7f4e07ba7280|Timestamp 199800575725975|Src n/a
[engine] opt done   id=329   ProtosRootNode@791348af                            |Tier 2|Time   765(  61+704 )ms|AST   11|Inlined   0Y   0N|IR  10638/ 32814|CodeSize  176872|Addr 0x7f4e07bab2e0|Timestamp 199801341522073|Src n/a
[engine] opt done   id=330   ProtosRootNode@23049fb0                            |Tier 2|Time    17(   5+12  )ms|AST    2|Inlined   0Y   0N|IR    815/   944|CodeSize    4429|Addr 0x7f4e07bee680|Timestamp 199801387145346|Src n/a
[engine] opt done   id=331   ProtosRootNode@291acf2                             |Tier 2|Time  2077( 161+1916)ms|AST   20|Inlined   0Y   0N|IR  20280/ 62658|CodeSize  342484|Addr 0x7f4e07bf6d00|Timestamp 199803464133293|Src n/a
[engine] opt done   id=334   ProtosRootNode@3af7637b                            |Tier 1|Time    40(  10+31  )ms|AST    2|Inlined   0Y   0N|IR    888/  2671|CodeSize   13140|Addr 0x7f4e07c77c40|Timestamp 199803564197781|Src n/a
[engine] opt failed id=335   ProtosRootNode@f911ccf                             |Tier 1|Time   47(-199803565+199803612)ms|Reason: jdk.graal.compiler.truffle.GraphTooBigBailoutException: Graph too big to safely compile. Node count: 50681. Graph Size: 150026. Limit: 150000.|Timestamp 199803612055107|Src n/a
[engine] opt failed id=335   ProtosRootNode@f911ccf                             |Tier 1|Time   45(-199803623+199803668)ms|Reason: jdk.graal.compiler.truffle.GraphTooBigBailoutException: Graph too big to safely compile. Node count: 50681. Graph Size: 150026. Limit: 150000.|Timestamp 199803668021684|Src n/a
[engine] opt done   id=322   ProtosRootNode@1c8b02bd                            |Tier 1|Time    14(   4+10  )ms|AST    2|Inlined   0Y   0N|IR    888/  1275|CodeSize    5532|Addr 0x7f4e07c7db60|Timestamp 199803682151474|Src n/a
[engine] opt done   id=323   ProtosRootNode@3ea5843f                            |Tier 1|Time   459(  49+410 )ms|AST    7|Inlined   0Y   0N|IR   4642/ 17482|CodeSize   90120|Addr 0x7f4e07c81380|Timestamp 199804142776760|Src n/a
[engine] opt done   id=423   ProtosRootNode@5d316d64                            |Tier 1|Time    21(   7+14  )ms|AST    2|Inlined   0Y   0N|IR    591/  1658|CodeSize    7561|Addr 0x7f4e07ca8a20|Timestamp 199804484040270|Src n/a
[engine] opt done   id=424   ProtosRootNode@6c3896be                            |Tier 1|Time  2238( 204+2034)ms|AST   21|Inlined   0Y   0N|IR  20851/ 81773|CodeSize  436754|Addr 0x7f4e07cb1720|Timestamp 199806722614728|Src n/a
[engine] opt done   id=419   ProtosRootNode@723f3812                            |Tier 1|Time    15(   5+10  )ms|AST    2|Inlined   0Y   0N|IR    888/  1275|CodeSize    5532|Addr 0x7f4e07d563e0|Timestamp 199806764175295|Src n/a
[engine] opt done   id=420   ProtosRootNode@48240171                            |Tier 1|Time   701(  59+642 )ms|AST   11|Inlined   0Y   0N|IR  10711/ 39220|CodeSize  206041|Addr 0x7f4e07d5b840|Timestamp 199807465431352|Src n/a
[engine] opt done   id=421   ProtosRootNode@70a1a881                            |Tier 1|Time    16(   5+11  )ms|AST    2|Inlined   0Y   0N|IR    888/  1275|CodeSize    5532|Addr 0x7f4e07daba60|Timestamp 199807502088942|Src n/a
[engine] opt done   id=422   ProtosRootNode@48600602                            |Tier 1|Time  2213( 151+2061)ms|AST   20|Inlined   0Y   0N|IR  20353/ 75041|CodeSize  397465|Addr 0x7f4e07db37c0|Timestamp 199809715146582|Src n/a
[engine] opt done   id=423   ProtosRootNode@5d316d64                            |Tier 2|Time    24(   7+17  )ms|AST    2|Inlined   0Y   0N|IR    518/  1448|CodeSize    7174|Addr 0x7f4e07e4c4e0|Timestamp 199809814698879|Src n/a
[engine] opt done   id=424   ProtosRootNode@6c3896be                            |Tier 2|Time  2103( 145+1958)ms|AST   21|Inlined   0Y   0N|IR  20778/ 68815|CodeSize  387532|Addr 0x7f4e07e53d20|Timestamp 199811918681906|Src n/a
[engine] opt done   id=419   ProtosRootNode@723f3812                            |Tier 2|Time    17(   4+12  )ms|AST    2|Inlined   0Y   0N|IR    815/   944|CodeSize    4429|Addr 0x7f4e07ee3800|Timestamp 199812012211564|Src n/a
[engine] opt done   id=420   ProtosRootNode@48240171                            |Tier 2|Time  1028( 124+904 )ms|AST   11|Inlined   0Y   0N|IR  10638/ 32814|CodeSize  176872|Addr 0x7f4e07ee85e0|Timestamp 199813042746683|Src n/a
[engine] opt done   id=421   ProtosRootNode@70a1a881                            |Tier 2|Time    46(   7+38  )ms|AST    2|Inlined   0Y   0N|IR    815/   944|CodeSize    4429|Addr 0x7f4e07f2b980|Timestamp 199813095149535|Src n/a
[engine] opt done   id=422   ProtosRootNode@48600602                            |Tier 2|Time  2218( 299+1918)ms|AST   20|Inlined   0Y   0N|IR  20280/ 62658|CodeSize  342484|Addr 0x7f4e07f32280|Timestamp 199815315399679|Src n/a
[engine] opt done   id=425   ProtosRootNode@17777b5a                            |Tier 1|Time    28(  10+18  )ms|AST    2|Inlined   0Y   0N|IR    888/  2671|CodeSize   13140|Addr 0x7f4e07fb2bc0|Timestamp 199815367562800|Src n/a
[engine] opt failed id=426   ProtosRootNode@6ac5c4cf                            |Tier 1|Time   51(-199815368+199815419)ms|Reason: jdk.graal.compiler.truffle.GraphTooBigBailoutException: Graph too big to safely compile. Node count: 50681. Graph Size: 150026. Limit: 150000.|Timestamp 199815419352582|Src n/a
[engine] opt failed id=426   ProtosRootNode@6ac5c4cf                            |Tier 1|Time   53(-199815432+199815484)ms|Reason: jdk.graal.compiler.truffle.GraphTooBigBailoutException: Graph too big to safely compile. Node count: 50681. Graph Size: 150026. Limit: 150000.|Timestamp 199815484494961|Src n/a
[engine] opt done   id=413   ProtosRootNode@765324c7                            |Tier 1|Time    13(   4+9   )ms|AST    2|Inlined   0Y   0N|IR    888/  1275|CodeSize    5532|Addr 0x7f4e07fba360|Timestamp 199815498327680|Src n/a
[engine] opt done   id=414   ProtosRootNode@1584ff05                            |Tier 1|Time   204(  24+180 )ms|AST    7|Inlined   0Y   0N|IR   4642/ 17482|CodeSize   90120|Addr 0x7f4e07fbdb80|Timestamp 199815702302941|Src n/a
[engine] opt done   id=514   ProtosRootNode@22b2f507                            |Tier 1|Time    27(   7+19  )ms|AST    2|Inlined   0Y   0N|IR    591/  1658|CodeSize    7561|Addr 0x7f4e07fe4220|Timestamp 199815949407150|Src n/a
[engine] opt done   id=515   ProtosRootNode@66517b38                            |Tier 1|Time  2161( 179+1983)ms|AST   21|Inlined   0Y   0N|IR  20851/ 81773|CodeSize  436754|Addr 0x7f4e07fee4a0|Timestamp 199818114637656|Src n/a
[engine] opt done   id=510   ProtosRootNode@44f0cfa1                            |Tier 1|Time    14(   5+9   )ms|AST    2|Inlined   0Y   0N|IR    888/  1275|CodeSize    5532|Addr 0x7f4e08092860|Timestamp 199818150748666|Src n/a
[engine] opt done   id=511   ProtosRootNode@792c23e7                            |Tier 1|Time   620(  56+564 )ms|AST   11|Inlined   0Y   0N|IR  10711/ 39220|CodeSize  206041|Addr 0x7f4e080979c0|Timestamp 199818771373948|Src n/a
[engine] opt done   id=512   ProtosRootNode@75322396                            |Tier 1|Time    14(   4+9   )ms|AST    2|Inlined   0Y   0N|IR    888/  1275|CodeSize    5532|Addr 0x7f4e080e7be0|Timestamp 199818803188812|Src n/a
[engine] opt done   id=513   ProtosRootNode@2881ce81                            |Tier 1|Time  1886( 120+1766)ms|AST   20|Inlined   0Y   0N|IR  20353/ 75041|CodeSize  397465|Addr 0x7f4e080ef940|Timestamp 199820689597992|Src n/a
[engine] opt done   id=514   ProtosRootNode@22b2f507                            |Tier 2|Time    19(   4+15  )ms|AST    2|Inlined   0Y   0N|IR    518/  1448|CodeSize    7174|Addr 0x7f4e08188660|Timestamp 199820788536038|Src n/a
[engine] opt done   id=515   ProtosRootNode@66517b38                            |Tier 2|Time  1953( 119+1834)ms|AST   21|Inlined   0Y   0N|IR  20778/ 68815|CodeSize  387532|Addr 0x7f4e0818fea0|Timestamp 199822743331301|Src n/a
[engine] opt done   id=510   ProtosRootNode@44f0cfa1                            |Tier 2|Time    33(   8+26  )ms|AST    2|Inlined   0Y   0N|IR    815/   944|CodeSize    4429|Addr 0x7f4e0821f980|Timestamp 199822913171064|Src n/a
[engine] opt done   id=511   ProtosRootNode@792c23e7                            |Tier 2|Time  1051( 138+913 )ms|AST   11|Inlined   0Y   0N|IR  10638/ 32814|CodeSize  176872|Addr 0x7f4e08224a60|Timestamp 199823964471956|Src n/a
[engine] opt done   id=512   ProtosRootNode@75322396                            |Tier 2|Time    33(  18+15  )ms|AST    2|Inlined   0Y   0N|IR    815/   944|CodeSize    4429|Addr 0x7f4e08267e00|Timestamp 199824001103876|Src n/a
[engine] opt done   id=513   ProtosRootNode@2881ce81                            |Tier 2|Time  1720( 163+1557)ms|AST   20|Inlined   0Y   0N|IR  20280/ 62658|CodeSize  342484|Addr 0x7f4e0826da00|Timestamp 199825721354194|Src n/a
[engine] opt done   id=516   ProtosRootNode@3d20c28e                            |Tier 1|Time    22(   5+17  )ms|AST    2|Inlined   0Y   0N|IR    888/  2671|CodeSize   13140|Addr 0x7f4e082ee040|Timestamp 199825785247712|Src n/a
[engine] opt failed id=517   ProtosRootNode@6cfdb79f                            |Tier 1|Time   42(-199825786+199825828)ms|Reason: jdk.graal.compiler.truffle.GraphTooBigBailoutException: Graph too big to safely compile. Node count: 50681. Graph Size: 150026. Limit: 150000.|Timestamp 199825827989820|Src n/a
[engine] opt failed id=517   ProtosRootNode@6cfdb79f                            |Tier 1|Time   41(-199825835+199825876)ms|Reason: jdk.graal.compiler.truffle.GraphTooBigBailoutException: Graph too big to safely compile. Node count: 50681. Graph Size: 150026. Limit: 150000.|Timestamp 199825876300857|Src n/a
[engine] opt done   id=504   ProtosRootNode@10717ac6                            |Tier 1|Time    14(   5+9   )ms|AST    2|Inlined   0Y   0N|IR    888/  1275|CodeSize    5532|Addr 0x7f4e082f3c60|Timestamp 199825890996607|Src n/a
[engine] opt done   id=505   ProtosRootNode@bbc14d8                             |Tier 1|Time   187(  21+166 )ms|AST    7|Inlined   0Y   0N|IR   4642/ 17482|CodeSize   90120|Addr 0x7f4e082f7480|Timestamp 199826078046763|Src n/a
[engine] opt done   id=605   ProtosRootNode@37e5c54e                            |Tier 1|Time    23(   5+18  )ms|AST    2|Inlined   0Y   0N|IR    591/  1658|CodeSize    7561|Addr 0x7f4e0831caa0|Timestamp 199826283954345|Src n/a
[engine] opt done   id=606   ProtosRootNode@5632f2f6                            |Tier 1|Time  2058( 134+1924)ms|AST   21|Inlined   0Y   0N|IR  20851/ 81773|CodeSize  436754|Addr 0x7f4e083257a0|Timestamp 199828342490126|Src n/a
[engine] opt done   id=601   ProtosRootNode@d13fbe2                             |Tier 1|Time    14(   5+9   )ms|AST    2|Inlined   0Y   0N|IR    888/  1275|CodeSize    5532|Addr 0x7f4e083ca060|Timestamp 199828396908830|Src n/a
[engine] opt done   id=602   ProtosRootNode@2519cee5                            |Tier 1|Time   749(  57+692 )ms|AST   11|Inlined   0Y   0N|IR  10711/ 39220|CodeSize  206041|Addr 0x7f4e083cf5c0|Timestamp 199829147869709|Src n/a
[engine] opt done   id=603   ProtosRootNode@799e0fb1                            |Tier 1|Time    15(   5+10  )ms|AST    2|Inlined   0Y   0N|IR    888/  1275|CodeSize    5532|Addr 0x7f4e0841f7e0|Timestamp 199829164409521|Src n/a
[engine] opt done   id=604   ProtosRootNode@6da160f8                            |Tier 1|Time  1901( 167+1735)ms|AST   20|Inlined   0Y   0N|IR  20353/ 75041|CodeSize  397465|Addr 0x7f4e08427540|Timestamp 199831066065534|Src n/a
[engine] opt done   id=605   ProtosRootNode@37e5c54e                            |Tier 2|Time    19(   3+15  )ms|AST    2|Inlined   0Y   0N|IR    518/  1448|CodeSize    7174|Addr 0x7f4e084bff60|Timestamp 199831152399742|Src n/a
[engine] opt done   id=606   ProtosRootNode@5632f2f6                            |Tier 2|Time  2056( 197+1859)ms|AST   21|Inlined   0Y   0N|IR  20778/ 68815|CodeSize  387532|Addr 0x7f4e084cb5a0|Timestamp 199833208803116|Src n/a
[engine] opt done   id=601   ProtosRootNode@d13fbe2                             |Tier 2|Time    17(   4+12  )ms|AST    2|Inlined   0Y   0N|IR    815/   944|CodeSize    4429|Addr 0x7f4e0855b080|Timestamp 199833295661354|Src n/a
[engine] opt done   id=602   ProtosRootNode@2519cee5                            |Tier 2|Time   696(  56+639 )ms|AST   11|Inlined   0Y   0N|IR  10638/ 32814|CodeSize  176872|Addr 0x7f4e0855f0e0|Timestamp 199833991763466|Src n/a
[engine] opt done   id=603   ProtosRootNode@799e0fb1                            |Tier 2|Time    22(   4+18  )ms|AST    2|Inlined   0Y   0N|IR    815/   944|CodeSize    4429|Addr 0x7f4e085a2480|Timestamp 199834017403201|Src n/a
[engine] opt done   id=604   ProtosRootNode@6da160f8                            |Tier 2|Time  1798( 152+1646)ms|AST   20|Inlined   0Y   0N|IR  20280/ 62658|CodeSize  342484|Addr 0x7f4e085a8080|Timestamp 199835815228849|Src n/a
[engine] opt done   id=607   ProtosRootNode@4e3f1b5f                            |Tier 1|Time    29(   5+24  )ms|AST    2|Inlined   0Y   0N|IR    888/  2671|CodeSize   13140|Addr 0x7f4e086286c0|Timestamp 199835865244427|Src n/a
[engine] opt failed id=608   ProtosRootNode@405f7217                            |Tier 1|Time   44(-199835866+199835909)ms|Reason: jdk.graal.compiler.truffle.GraphTooBigBailoutException: Graph too big to safely compile. Node count: 50681. Graph Size: 150026. Limit: 150000.|Timestamp 199835909395477|Src n/a
[engine] opt failed id=608   ProtosRootNode@405f7217                            |Tier 1|Time   48(-199835910+199835957)ms|Reason: jdk.graal.compiler.truffle.GraphTooBigBailoutException: Graph too big to safely compile. Node count: 50681. Graph Size: 150026. Limit: 150000.|Timestamp 199835957258443|Src n/a
[engine] opt done   id=595   ProtosRootNode@12175afb                            |Tier 1|Time    14(   5+9   )ms|AST    2|Inlined   0Y   0N|IR    888/  1275|CodeSize    5532|Addr 0x7f4e0862e2e0|Timestamp 199835985356521|Src n/a
[engine] opt done   id=596   ProtosRootNode@660ba002                            |Tier 1|Time   419(  46+373 )ms|AST    7|Inlined   0Y   0N|IR   4642/ 17482|CodeSize   90120|Addr 0x7f4e08631b00|Timestamp 199836406398827|Src n/a
[engine] opt done   id=696   ProtosRootNode@68baf689                            |Tier 1|Time    25(   7+18  )ms|AST    2|Inlined   0Y   0N|IR    591/  1658|CodeSize    7561|Addr 0x7f4e08657ca0|Timestamp 199836716520270|Src n/a
[engine] opt done   id=697   ProtosRootNode@3e74a372                            |Tier 1|Time  2092( 142+1950)ms|AST   21|Inlined   0Y   0N|IR  20851/ 81773|CodeSize  436754|Addr 0x7f4e086609a0|Timestamp 199838809066198|Src n/a
[engine] opt done   id=692   ProtosRootNode@3bcad164                            |Tier 1|Time    14(   4+9   )ms|AST    2|Inlined   0Y   0N|IR    888/  1275|CodeSize    5532|Addr 0x7f4e08704d60|Timestamp 199838843603755|Src n/a
[engine] opt done   id=693   ProtosRootNode@716af36b                            |Tier 1|Time   635(  56+580 )ms|AST   11|Inlined   0Y   0N|IR  10711/ 39220|CodeSize  206041|Addr 0x7f4e0870a1c0|Timestamp 199839479450363|Src n/a
[engine] opt done   id=694   ProtosRootNode@67f42b1e                            |Tier 1|Time    14(   4+10  )ms|AST    2|Inlined   0Y   0N|IR    888/  1275|CodeSize    5532|Addr 0x7f4e0875a3e0|Timestamp 199839511827388|Src n/a
[engine] opt done   id=695   ProtosRootNode@29f8636a                            |Tier 1|Time  1956( 138+1818)ms|AST   20|Inlined   0Y   0N|IR  20353/ 75041|CodeSize  397465|Addr 0x7f4e08762440|Timestamp 199841470476410|Src n/a
[engine] opt done   id=696   ProtosRootNode@68baf689                            |Tier 2|Time    36(   6+30  )ms|AST    2|Inlined   0Y   0N|IR    518/  1448|CodeSize    7174|Addr 0x7f4e087fae60|Timestamp 199841678322654|Src n/a
[engine] opt done   id=697   ProtosRootNode@3e74a372                            |Tier 2|Time  2218( 273+1946)ms|AST   21|Inlined   0Y   0N|IR  20778/ 68815|CodeSize  387532|Addr 0x7f4e088037a0|Timestamp 199843899415273|Src n/a
[engine] opt done   id=692   ProtosRootNode@3bcad164                            |Tier 2|Time    17(   4+13  )ms|AST    2|Inlined   0Y   0N|IR    815/   944|CodeSize    4429|Addr 0x7f4e08893600|Timestamp 199843987195773|Src n/a
[engine] opt done   id=693   ProtosRootNode@716af36b                            |Tier 2|Time   686(  61+625 )ms|AST   11|Inlined   0Y   0N|IR  10638/ 32814|CodeSize  176872|Addr 0x7f4e08897960|Timestamp 199844674200879|Src n/a
[engine] opt done   id=694   ProtosRootNode@67f42b1e                            |Tier 2|Time    23(   5+18  )ms|AST    2|Inlined   0Y   0N|IR    815/   944|CodeSize    4429|Addr 0x7f4e088dad00|Timestamp 199844701041236|Src n/a
[engine] opt done   id=695   ProtosRootNode@29f8636a                            |Tier 2|Time  1741( 116+1625)ms|AST   20|Inlined   0Y   0N|IR  20280/ 62658|CodeSize  342484|Addr 0x7f4e088e0900|Timestamp 199846442791489|Src n/a
[engine] opt done   id=698   ProtosRootNode@34bf6550                            |Tier 1|Time    23(   5+18  )ms|AST    2|Inlined   0Y   0N|IR    888/  2671|CodeSize   13140|Addr 0x7f4e08960f40|Timestamp 199846509103629|Src n/a
[engine] opt failed id=699   ProtosRootNode@3ec0bc1a                            |Tier 1|Time   43(-199846510+199846553)ms|Reason: jdk.graal.compiler.truffle.GraphTooBigBailoutException: Graph too big to safely compile. Node count: 50681. Graph Size: 150026. Limit: 150000.|Timestamp 199846553118209|Src n/a
[engine] opt failed id=699   ProtosRootNode@3ec0bc1a                            |Tier 1|Time   47(-199846562+199846608)ms|Reason: jdk.graal.compiler.truffle.GraphTooBigBailoutException: Graph too big to safely compile. Node count: 50681. Graph Size: 150026. Limit: 150000.|Timestamp 199846608118854|Src n/a
[engine] opt done   id=686   ProtosRootNode@2ad26585                            |Tier 1|Time    17(   6+11  )ms|AST    2|Inlined   0Y   0N|IR    888/  1275|CodeSize    5532|Addr 0x7f4e08967b60|Timestamp 199846627010180|Src n/a
[engine] opt done   id=687   ProtosRootNode@5c458464                            |Tier 1|Time   201(  25+176 )ms|AST    7|Inlined   0Y   0N|IR   4642/ 17482|CodeSize   90120|Addr 0x7f4e0896d800|Timestamp 199846828439184|Src n/a
[engine] opt done   id=787   ProtosRootNode@62c72784                            |Tier 1|Time    17(   6+11  )ms|AST    2|Inlined   0Y   0N|IR    591/  1658|CodeSize    7561|Addr 0x7f4e08991f20|Timestamp 199847032215772|Src n/a
[engine] opt done   id=788   ProtosRootNode@6c9c8596                            |Tier 1|Time  2080( 148+1932)ms|AST   21|Inlined   0Y   0N|IR  20851/ 81773|CodeSize  436754|Addr 0x7f4e0899af20|Timestamp 199849113360536|Src n/a
[engine] opt done   id=783   ProtosRootNode@1caeaee8                            |Tier 1|Time    14(   5+9   )ms|AST    2|Inlined   0Y   0N|IR    888/  1275|CodeSize    5532|Addr 0x7f4e08a3f2e0|Timestamp 199849155766083|Src n/a
[engine] opt done   id=784   ProtosRootNode@18aa650b                            |Tier 1|Time   660(  59+601 )ms|AST   11|Inlined   0Y   0N|IR  10711/ 39220|CodeSize  206041|Addr 0x7f4e08a44440|Timestamp 199849816338492|Src n/a
[engine] opt done   id=785   ProtosRootNode@24bd56a4                            |Tier 1|Time    14(   4+10  )ms|AST    2|Inlined   0Y   0N|IR    888/  1275|CodeSize    5532|Addr 0x7f4e08a94660|Timestamp 199849831232923|Src n/a
[engine] opt done   id=786   ProtosRootNode@5179be22                            |Tier 1|Time  2012( 190+1822)ms|AST   20|Inlined   0Y   0N|IR  20353/ 75041|CodeSize  397465|Addr 0x7f4e08a9c6c0|Timestamp 199851844617832|Src n/a
[engine] opt done   id=787   ProtosRootNode@62c72784                            |Tier 2|Time    20(   4+16  )ms|AST    2|Inlined   0Y   0N|IR    518/  1448|CodeSize    7174|Addr 0x7f4e08b350e0|Timestamp 199851934414794|Src n/a
[engine] opt done   id=788   ProtosRootNode@6c9c8596                            |Tier 2|Time  1951( 129+1822)ms|AST   21|Inlined   0Y   0N|IR  20778/ 68815|CodeSize  387532|Addr 0x7f4e08b3cc20|Timestamp 199853886136148|Src n/a
[engine] opt done   id=783   ProtosRootNode@1caeaee8                            |Tier 2|Time    16(   4+12  )ms|AST    2|Inlined   0Y   0N|IR    815/   944|CodeSize    4429|Addr 0x7f4e08bcef80|Timestamp 199854006108471|Src n/a
[engine] opt done   id=784   ProtosRootNode@18aa650b                            |Tier 2|Time   715(  58+657 )ms|AST   11|Inlined   0Y   0N|IR  10638/ 32814|CodeSize  176872|Addr 0x7f4e08bd2fe0|Timestamp 199854721618424|Src n/a
[engine] opt done   id=785   ProtosRootNode@24bd56a4                            |Tier 2|Time    22(   4+18  )ms|AST    2|Inlined   0Y   0N|IR    815/   944|CodeSize    4429|Addr 0x7f4e08c16380|Timestamp 199854747655789|Src n/a
[engine] opt done   id=786   ProtosRootNode@5179be22                            |Tier 2|Time  1931( 124+1807)ms|AST   20|Inlined   0Y   0N|IR  20280/ 62658|CodeSize  342484|Addr 0x7f4e08c1bf80|Timestamp 199856678570232|Src n/a
[engine] opt done   id=789   ProtosRootNode@5d0e5a32                            |Tier 1|Time    22(   5+18  )ms|AST    2|Inlined   0Y   0N|IR    888/  2671|CodeSize   13140|Addr 0x7f4e08c9c5c0|Timestamp 199856740999827|Src n/a
[engine] opt failed id=790   ProtosRootNode@6e6346ae                            |Tier 1|Time   43(-199856742+199856784)ms|Reason: jdk.graal.compiler.truffle.GraphTooBigBailoutException: Graph too big to safely compile. Node count: 50681. Graph Size: 150026. Limit: 150000.|Timestamp 199856786047898|Src n/a
[engine] opt failed id=790   ProtosRootNode@6e6346ae                            |Tier 1|Time   42(-199856800+199856842)ms|Reason: jdk.graal.compiler.truffle.GraphTooBigBailoutException: Graph too big to safely compile. Node count: 50681. Graph Size: 150026. Limit: 150000.|Timestamp 199856842348165|Src n/a
[engine] opt done   id=777   ProtosRootNode@66f19f0c                            |Tier 1|Time    13(   4+9   )ms|AST    2|Inlined   0Y   0N|IR    888/  1275|CodeSize    5532|Addr 0x7f4e08ca3be0|Timestamp 199856856185024|Src n/a
[engine] opt done   id=778   ProtosRootNode@232ed267                            |Tier 1|Time   204(  24+180 )ms|AST    7|Inlined   0Y   0N|IR   4642/ 17482|CodeSize   90120|Addr 0x7f4e08ca7400|Timestamp 199857060712921|Src n/a
[engine] opt done   id=878   ProtosRootNode@66c82d2c                            |Tier 1|Time    30(   7+22  )ms|AST    2|Inlined   0Y   0N|IR    591/  1658|CodeSize    7561|Addr 0x7f4e08ccb720|Timestamp 199857277539586|Src n/a
[engine] opt done   id=879   ProtosRootNode@1e658e47                            |Tier 1|Time  2144( 160+1983)ms|AST   21|Inlined   0Y   0N|IR  20851/ 81773|CodeSize  436754|Addr 0x7f4e08cd60a0|Timestamp 199859422692058|Src n/a
[engine] opt done   id=874   ProtosRootNode@28d77e4b                            |Tier 1|Time    29(   8+21  )ms|AST    2|Inlined   0Y   0N|IR    888/  1275|CodeSize    5532|Addr 0x7f4e08d7a460|Timestamp 199859493609985|Src n/a
[engine] opt done   id=875   ProtosRootNode@3d4e738b                            |Tier 1|Time   690(  72+618 )ms|AST   11|Inlined   0Y   0N|IR  10711/ 39220|CodeSize  206041|Addr 0x7f4e08d816c0|Timestamp 199860184548642|Src n/a
[engine] opt done   id=876   ProtosRootNode@29a484e1                            |Tier 1|Time    14(   5+9   )ms|AST    2|Inlined   0Y   0N|IR    888/  1275|CodeSize    5532|Addr 0x7f4e08dd1be0|Timestamp 199860217844297|Src n/a
[engine] opt done   id=877   ProtosRootNode@4abbf579                            |Tier 1|Time  1817( 137+1680)ms|AST   20|Inlined   0Y   0N|IR  20353/ 75041|CodeSize  397465|Addr 0x7f4e08dd9940|Timestamp 199862034874302|Src n/a
[engine] opt done   id=878   ProtosRootNode@66c82d2c                            |Tier 2|Time    67(   7+60  )ms|AST    2|Inlined   0Y   0N|IR    518/  1448|CodeSize    7174|Addr 0x7f4e07337e60|Timestamp 199862173157240|Src n/a
[engine] opt done   id=879   ProtosRootNode@1e658e47                            |Tier 2|Time  1925( 128+1797)ms|AST   21|Inlined   0Y   0N|IR  20778/ 68815|CodeSize  387532|Addr 0x7f4e07346520|Timestamp 199864098382780|Src n/a
[engine] opt done   id=874   ProtosRootNode@28d77e4b                            |Tier 2|Time    18(   4+13  )ms|AST    2|Inlined   0Y   0N|IR    815/   944|CodeSize    4429|Addr 0x7f4e08893600|Timestamp 199864182033463|Src n/a
[engine] opt done   id=875   ProtosRootNode@3d4e738b                            |Tier 2|Time   753(  68+685 )ms|AST   11|Inlined   0Y   0N|IR  10638/ 32814|CodeSize  176872|Addr 0x7f4e073ecf60|Timestamp 199864937354907|Src n/a
[engine] opt done   id=876   ProtosRootNode@29a484e1                            |Tier 2|Time    25(   4+21  )ms|AST    2|Inlined   0Y   0N|IR    815/   944|CodeSize    4429|Addr 0x7f4e071ff280|Timestamp 199864966434016|Src n/a
[engine] opt done   id=877   ProtosRootNode@4abbf579                            |Tier 2|Time  1887( 143+1743)ms|AST   20|Inlined   0Y   0N|IR  20280/ 62658|CodeSize  342484|Addr 0x7f4e07463200|Timestamp 199866853411782|Src n/a
[engine] opt done   id=880   ProtosRootNode@78637699                            |Tier 1|Time    21(   4+17  )ms|AST    2|Inlined   0Y   0N|IR    888/  2671|CodeSize   13140|Addr 0x7f4e075cd440|Timestamp 199866919336072|Src n/a
[engine] opt failed id=881   ProtosRootNode@58be1183                            |Tier 1|Time   42(-199866920+199866961)ms|Reason: jdk.graal.compiler.truffle.GraphTooBigBailoutException: Graph too big to safely compile. Node count: 50681. Graph Size: 150026. Limit: 150000.|Timestamp 199866961200748|Src n/a
[engine] opt failed id=881   ProtosRootNode@58be1183                            |Tier 1|Time   50(-199866967+199867017)ms|Reason: jdk.graal.compiler.truffle.GraphTooBigBailoutException: Graph too big to safely compile. Node count: 50681. Graph Size: 150026. Limit: 150000.|Timestamp 199867016814444|Src n/a
[engine] opt done   id=868   ProtosRootNode@294c13c3                            |Tier 1|Time    26(   7+18  )ms|AST    2|Inlined   0Y   0N|IR    888/  1275|CodeSize    5532|Addr 0x7f4e07720d60|Timestamp 199867052430452|Src n/a
[engine] opt done   id=869   ProtosRootNode@6992215a                            |Tier 1|Time   192(  23+169 )ms|AST    7|Inlined   0Y   0N|IR   4642/ 17482|CodeSize   90120|Addr 0x7f4e0793c400|Timestamp 199867244797362|Src n/a
[engine] opt done   id=969   ProtosRootNode@75416ff2                            |Tier 1|Time    29(   9+20  )ms|AST    2|Inlined   0Y   0N|IR    591/  1658|CodeSize    7561|Addr 0x7f4e071486a0|Timestamp 199867460785755|Src n/a
[engine] opt done   id=970   ProtosRootNode@17e053be                            |Tier 1|Time  2602( 289+2313)ms|AST   21|Inlined   0Y   0N|IR  20851/ 81773|CodeSize  436754|Addr 0x7f4e071598a0|Timestamp 199870064884850|Src n/a
[engine] opt done   id=965   ProtosRootNode@562639ba                            |Tier 1|Time    14(   4+10  )ms|AST    2|Inlined   0Y   0N|IR    888/  1275|CodeSize    5532|Addr 0x7f4e079382e0|Timestamp 199870131384260|Src n/a
[engine] opt done   id=966   ProtosRootNode@9622d2f                             |Tier 1|Time   667(  56+611 )ms|AST   11|Inlined   0Y   0N|IR  10711/ 39220|CodeSize  206041|Addr 0x7f4e072076c0|Timestamp 199870798660553|Src n/a
[engine] opt done   id=967   ProtosRootNode@543100f4                            |Tier 1|Time    14(   4+9   )ms|AST    2|Inlined   0Y   0N|IR    888/  1275|CodeSize    5532|Addr 0x7f4e07d563e0|Timestamp 199870813095842|Src n/a
[engine] opt done   id=968   ProtosRootNode@510fbe1b                            |Tier 1|Time  1980( 136+1844)ms|AST   20|Inlined   0Y   0N|IR  20353/ 75041|CodeSize  397465|Addr 0x7f4e0728d8c0|Timestamp 199872793710401|Src n/a
[engine] opt done   id=969   ProtosRootNode@75416ff2                            |Tier 2|Time    19(   4+16  )ms|AST    2|Inlined   0Y   0N|IR    518/  1448|CodeSize    7174|Addr 0x7f4e077c5ce0|Timestamp 199872876432293|Src n/a
[engine] opt done   id=970   ProtosRootNode@17e053be                            |Tier 2|Time  2039( 124+1915)ms|AST   21|Inlined   0Y   0N|IR  20778/ 68815|CodeSize  387532|Addr 0x7f4e077cd820|Timestamp 199874916920771|Src n/a
[engine] opt done   id=965   ProtosRootNode@562639ba                            |Tier 2|Time    17(   4+13  )ms|AST    2|Inlined   0Y   0N|IR    815/   944|CodeSize    4429|Addr 0x7f4e083ca680|Timestamp 199874979290295|Src n/a
[engine] opt done   id=966   ProtosRootNode@9622d2f                             |Tier 2|Time   777(  68+709 )ms|AST   11|Inlined   0Y   0N|IR  10638/ 32814|CodeSize  176872|Addr 0x7f4e07eea760|Timestamp 199875756696356|Src n/a
[engine] opt done   id=967   ProtosRootNode@543100f4                            |Tier 2|Time    23(   5+19  )ms|AST    2|Inlined   0Y   0N|IR    815/   944|CodeSize    4429|Addr 0x7f4e07ee6700|Timestamp 199875783416782|Src n/a
[engine] opt done   id=968   ProtosRootNode@510fbe1b                            |Tier 2|Time  1798( 122+1675)ms|AST   20|Inlined   0Y   0N|IR  20280/ 62658|CodeSize  342484|Addr 0x7f4e07bf6d00|Timestamp 199877581286460|Src n/a
[engine] opt done   id=971   ProtosRootNode@1eee4705                            |Tier 1|Time    22(   4+17  )ms|AST    2|Inlined   0Y   0N|IR    888/  2671|CodeSize   13140|Addr 0x7f4e07c77c40|Timestamp 199877636787215|Src n/a
[engine] opt failed id=972   ProtosRootNode@13a4d33d                            |Tier 1|Time   50(-199877637+199877687)ms|Reason: jdk.graal.compiler.truffle.GraphTooBigBailoutException: Graph too big to safely compile. Node count: 50681. Graph Size: 150026. Limit: 150000.|Timestamp 199877686931773|Src n/a
[engine] opt failed id=972   ProtosRootNode@13a4d33d                            |Tier 1|Time   42(-199877696+199877738)ms|Reason: jdk.graal.compiler.truffle.GraphTooBigBailoutException: Graph too big to safely compile. Node count: 50681. Graph Size: 150026. Limit: 150000.|Timestamp 199877737923461|Src n/a
[engine] opt done   id=959   ProtosRootNode@373801f                             |Tier 1|Time    13(   4+9   )ms|AST    2|Inlined   0Y   0N|IR    888/  1275|CodeSize    5532|Addr 0x7f4e08967b60|Timestamp 199877751686140|Src n/a
[engine] opt done   id=960   ProtosRootNode@3555d179                            |Tier 1|Time   200(  24+176 )ms|AST    7|Inlined   0Y   0N|IR   4642/ 17482|CodeSize   90120|Addr 0x7f4e0896d800|Timestamp 199877951940700|Src n/a
[engine] opt done   id=101   ProtosRootNode@62b1b029                            |Tier 2|Time    19(   3+16  )ms|AST    2|Inlined   0Y   0N|IR    518/  1448|CodeSize    7174|Addr 0x7f4e076113e0|Timestamp 199878130218541|Src n/a
[engine] opt done   id=102   ProtosRootNode@21e59802                            |Tier 2|Time   564(  51+513 )ms|AST    9|Inlined   0Y   0N|IR   7883/ 27025|CodeSize  148759|Addr 0x7f4e07874980|Timestamp 199878694739453|Src n/a
[engine] opt done   id=99    ProtosRootNode@438386fd                            |Tier 2|Time    17(   5+13  )ms|AST    2|Inlined   0Y   0N|IR    815/   944|CodeSize    4429|Addr 0x7f4e07969f80|Timestamp 199878724782724|Src n/a
[engine] opt done   id=100   ProtosRootNode@236c544b                            |Tier 2|Time  1012( 111+901 )ms|AST   13|Inlined   0Y   0N|IR  12831/ 40881|CodeSize  225171|Addr 0x7f4e07f5e780|Timestamp 199879737446610|Src n/a
[engine] opt done   id=105   ProtosRootNode@472483c                             |Tier 2|Time    17(   5+13  )ms|AST    2|Inlined   0Y   0N|IR    815/   944|CodeSize    4429|Addr 0x7f4e07fe5700|Timestamp 199879769923364|Src n/a
[engine] opt done   id=106   ProtosRootNode@394f8c27                            |Tier 2|Time   373(  34+339 )ms|AST    9|Inlined   0Y   0N|IR   6414/ 19828|CodeSize  105112|Addr 0x7f4e07f33ca0|Timestamp 199880143008728|Src n/a
[engine] opt done   id=1060  ProtosRootNode@5ad40c55                            |Tier 1|Time    29(   9+20  )ms|AST    2|Inlined   0Y   0N|IR    591/  1658|CodeSize    7561|Addr 0x7f4e08991f20|Timestamp 199880183218682|Src n/a
[engine] opt done   id=1061  ProtosRootNode@19454ad                             |Tier 1|Time  2133( 134+1999)ms|AST   21|Inlined   0Y   0N|IR  20851/ 81773|CodeSize  436754|Addr 0x7f4e07971c20|Timestamp 199882325303301|Src n/a
[engine] opt done   id=1056  ProtosRootNode@4400dfdf                            |Tier 1|Time    16(   5+11  )ms|AST    2|Inlined   0Y   0N|IR    888/  1275|CodeSize    5532|Addr 0x7f4e07f30260|Timestamp 199882367634259|Src n/a
[engine] opt done   id=1057  ProtosRootNode@743f2c5f                            |Tier 1|Time   758(  68+690 )ms|AST   11|Inlined   0Y   0N|IR  10711/ 39220|CodeSize  206041|Addr 0x7f4e076d0840|Timestamp 199883125945391|Src n/a
[engine] opt done   id=1058  ProtosRootNode@264222bf                            |Tier 1|Time    14(   4+9   )ms|AST    2|Inlined   0Y   0N|IR    888/  1275|CodeSize    5532|Addr 0x7f4e07fb5fe0|Timestamp 199883140458541|Src n/a
[engine] opt done   id=1059  ProtosRootNode@2e35dd54                            |Tier 1|Time  1846( 150+1696)ms|AST   20|Inlined   0Y   0N|IR  20353/ 75041|CodeSize  397465|Addr 0x7f4e07728ec0|Timestamp 199884987164740|Src n/a
[engine] opt done   id=1060  ProtosRootNode@5ad40c55                            |Tier 2|Time    18(   3+15  )ms|AST    2|Inlined   0Y   0N|IR    518/  1448|CodeSize    7174|Addr 0x7f4e07fb2a60|Timestamp 199885083704350|Src n/a
[engine] opt done   id=1061  ProtosRootNode@19454ad                             |Tier 2|Time  1945( 120+1825)ms|AST   21|Inlined   0Y   0N|IR  20778/ 68815|CodeSize  387532|Addr 0x7f4e088037a0|Timestamp 199887028983791|Src n/a
[engine] opt done   id=1056  ProtosRootNode@4400dfdf                            |Tier 2|Time    26(   6+20  )ms|AST    2|Inlined   0Y   0N|IR    815/   944|CodeSize    4429|Addr 0x7f4e07870e00|Timestamp 199887124844800|Src n/a
[engine] opt done   id=1057  ProtosRootNode@743f2c5f                            |Tier 2|Time   762(  55+706 )ms|AST   11|Inlined   0Y   0N|IR  10638/ 32814|CodeSize  176872|Addr 0x7f4e07bad460|Timestamp 199887886686046|Src n/a
[engine] opt done   id=1058  ProtosRootNode@264222bf                            |Tier 2|Time    17(   4+13  )ms|AST    2|Inlined   0Y   0N|IR    815/   944|CodeSize    4429|Addr 0x7f4e07ba9400|Timestamp 199887934679060|Src n/a
[engine] opt done   id=1059  ProtosRootNode@2e35dd54                            |Tier 2|Time  1974( 150+1824)ms|AST   20|Inlined   0Y   0N|IR  20280/ 62658|CodeSize  342484|Addr 0x7f4e078b7780|Timestamp 199889909122258|Src n/a
[engine] opt done   id=1062  ProtosRootNode@5f50aee2                            |Tier 1|Time    22(   4+17  )ms|AST    2|Inlined   0Y   0N|IR    888/  2671|CodeSize   13140|Addr 0x7f4e078ae140|Timestamp 199889973279934|Src n/a
[engine] opt failed id=1063  ProtosRootNode@11e70a44                            |Tier 1|Time   45(-199889974+199890019)ms|Reason: jdk.graal.compiler.truffle.GraphTooBigBailoutException: Graph too big to safely compile. Node count: 50681. Graph Size: 150026. Limit: 150000.|Timestamp 199890018692096|Src n/a
[engine] opt failed id=1063  ProtosRootNode@11e70a44                            |Tier 1|Time   43(-199890026+199890069)ms|Reason: jdk.graal.compiler.truffle.GraphTooBigBailoutException: Graph too big to safely compile. Node count: 50681. Graph Size: 150026. Limit: 150000.|Timestamp 199890068835003|Src n/a
[engine] opt done   id=1050  ProtosRootNode@618e2564                            |Tier 1|Time    14(   4+9   )ms|AST    2|Inlined   0Y   0N|IR    888/  1275|CodeSize    5532|Addr 0x7f4e0786e660|Timestamp 199890088084039|Src n/a
[engine] opt done   id=1051  ProtosRootNode@484a966f                            |Tier 1|Time   207(  25+182 )ms|AST    7|Inlined   0Y   0N|IR   4642/ 17482|CodeSize   90120|Addr 0x7f4e075d7f80|Timestamp 199890295442218|Src n/a
[engine] opt done   id=1151  ProtosRootNode@36d010bd                            |Tier 1|Time    29(   8+21  )ms|AST    2|Inlined   0Y   0N|IR    591/  1658|CodeSize    7561|Addr 0x7f4e0786afa0|Timestamp 199890521432162|Src n/a
[engine] opt done   id=1152  ProtosRootNode@16435b7b                            |Tier 1|Time  2074( 159+1915)ms|AST   21|Inlined   0Y   0N|IR  20851/ 81773|CodeSize  436754|Addr 0x7f4e0761dda0|Timestamp 199892597696345|Src n/a
[engine] opt done   id=1147  ProtosRootNode@6658351                             |Tier 1|Time    14(   5+9   )ms|AST    2|Inlined   0Y   0N|IR    888/  1275|CodeSize    5532|Addr 0x7f4e075d4760|Timestamp 199892634327154|Src n/a
[engine] opt done   id=1148  ProtosRootNode@6872dd0                             |Tier 1|Time   681(  94+587 )ms|AST   11|Inlined   0Y   0N|IR  10711/ 39220|CodeSize  206041|Addr 0x7f4e07a1b440|Timestamp 199893316404481|Src n/a
[engine] opt done   id=1149  ProtosRootNode@504a802e                            |Tier 1|Time    14(   4+10  )ms|AST    2|Inlined   0Y   0N|IR    888/  1275|CodeSize    5532|Addr 0x7f4e07615f60|Timestamp 199893347602083|Src n/a
[engine] opt done   id=1150  ProtosRootNode@5045cf00                            |Tier 1|Time  1992( 150+1842)ms|AST   20|Inlined   0Y   0N|IR  20353/ 75041|CodeSize  397465|Addr 0x7f4e07a736c0|Timestamp 199895340426432|Src n/a
[engine] opt done   id=1151  ProtosRootNode@36d010bd                            |Tier 2|Time    23(   4+18  )ms|AST    2|Inlined   0Y   0N|IR    518/  1448|CodeSize    7174|Addr 0x7f4e07867a60|Timestamp 199895444766432|Src n/a
[engine] opt done   id=1152  ProtosRootNode@16435b7b                            |Tier 2|Time  2381( 137+2244)ms|AST   21|Inlined   0Y   0N|IR  20778/ 68815|CodeSize  387532|Addr 0x7f4e08b3cc20|Timestamp 199897826159181|Src n/a
[engine] opt done   id=1147  ProtosRootNode@6658351                             |Tier 2|Time    17(   4+13  )ms|AST    2|Inlined   0Y   0N|IR    815/   944|CodeSize    4429|Addr 0x7f4e07a16900|Timestamp 199897917827314|Src n/a
[engine] opt done   id=1148  ProtosRootNode@6872dd0                             |Tier 2|Time   825(  60+764 )ms|AST   11|Inlined   0Y   0N|IR  10638/ 32814|CodeSize  176872|Addr 0x7f4e087197e0|Timestamp 199898742917042|Src n/a
[engine] opt done   id=1149  ProtosRootNode@504a802e                            |Tier 2|Time    32(   9+24  )ms|AST    2|Inlined   0Y   0N|IR    815/   944|CodeSize    4429|Addr 0x7f4e07a6bf80|Timestamp 199898778510920|Src n/a
[engine] opt done   id=1150  ProtosRootNode@5045cf00                            |Tier 2|Time  1955( 147+1808)ms|AST   20|Inlined   0Y   0N|IR  20280/ 62658|CodeSize  342484|Addr 0x7f4e07b23780|Timestamp 199900733431913|Src n/a
[engine] opt done   id=1153  ProtosRootNode@58110694                            |Tier 1|Time    30(   5+26  )ms|AST    2|Inlined   0Y   0N|IR    888/  2671|CodeSize   13140|Addr 0x7f4e08711d40|Timestamp 199900785948264|Src n/a
[engine] opt failed id=1154  ProtosRootNode@75beb71b                            |Tier 1|Time   45(-199900786+199900831)ms|Reason: jdk.graal.compiler.truffle.GraphTooBigBailoutException: Graph too big to safely compile. Node count: 50681. Graph Size: 150026. Limit: 150000.|Timestamp 199900831301725|Src n/a
[engine] opt failed id=1154  ProtosRootNode@75beb71b                            |Tier 1|Time   45(-199900832+199900876)ms|Reason: jdk.graal.compiler.truffle.GraphTooBigBailoutException: Graph too big to safely compile. Node count: 50681. Graph Size: 150026. Limit: 150000.|Timestamp 199900878054168|Src n/a
[engine] opt done   id=1141  ProtosRootNode@5401ef01                            |Tier 1|Time    16(   6+10  )ms|AST    2|Inlined   0Y   0N|IR    888/  1275|CodeSize    5532|Addr 0x7f4e078651e0|Timestamp 199900906789086|Src n/a
[engine] opt done   id=1142  ProtosRootNode@217f30bd                            |Tier 1|Time   204(  23+181 )ms|AST    7|Inlined   0Y   0N|IR   4642/ 17482|CodeSize   90120|Addr 0x7f4e07c81380|Timestamp 199901110849990|Src n/a
[engine] opt done   id=1242  ProtosRootNode@302578db                            |Tier 1|Time    15(   4+12  )ms|AST    2|Inlined   0Y   0N|IR    591/  1658|CodeSize    7561|Addr 0x7f4e0870e4a0|Timestamp 199901311443489|Src n/a
[engine] opt done   id=1243  ProtosRootNode@299e8d1b                            |Tier 1|Time  2173( 139+2033)ms|AST   21|Inlined   0Y   0N|IR  20851/ 81773|CodeSize  436754|Addr 0x7f4e07cb1720|Timestamp 199903484537904|Src n/a
[engine] opt done   id=1238  ProtosRootNode@2b9159fa                            |Tier 1|Time    15(   5+10  )ms|AST    2|Inlined   0Y   0N|IR    888/  1275|CodeSize    5532|Addr 0x7f4e07c7db60|Timestamp 199903534601681|Src n/a
[engine] opt done   id=1239  ProtosRootNode@79057c7                             |Tier 1|Time   845(  75+770 )ms|AST   11|Inlined   0Y   0N|IR  10711/ 39220|CodeSize  206041|Addr 0x7f4e07e957c0|Timestamp 199904382138207|Src n/a
[engine] opt done   id=1240  ProtosRootNode@2af2bd9c                            |Tier 1|Time    16(   6+10  )ms|AST    2|Inlined   0Y   0N|IR    888/  1275|CodeSize    5532|Addr 0x7f4e078629e0|Timestamp 199904398766920|Src n/a
[engine] opt done   id=1241  ProtosRootNode@55ce991e                            |Tier 1|Time  2078( 167+1911)ms|AST   20|Inlined   0Y   0N|IR  20353/ 75041|CodeSize  397465|Addr 0x7f4e087659c0|Timestamp 199906477495355|Src n/a
[engine] opt done   id=1242  ProtosRootNode@302578db                            |Tier 2|Time    20(   3+16  )ms|AST    2|Inlined   0Y   0N|IR    518/  1448|CodeSize    7174|Addr 0x7f4e0875cf60|Timestamp 199906599103048|Src n/a
[engine] opt done   id=1243  ProtosRootNode@299e8d1b                            |Tier 2|Time  2306( 148+2157)ms|AST   21|Inlined   0Y   0N|IR  20778/ 68815|CodeSize  387532|Addr 0x7f4e08192020|Timestamp 199908905091837|Src n/a
[engine] opt done   id=1238  ProtosRootNode@2b9159fa                            |Tier 2|Time    19(   4+15  )ms|AST    2|Inlined   0Y   0N|IR    815/   944|CodeSize    4429|Addr 0x7f4e07ca9800|Timestamp 199909012534741|Src n/a
[engine] opt done   id=1239  ProtosRootNode@79057c7                             |Tier 2|Time   802(  65+737 )ms|AST   11|Inlined   0Y   0N|IR  10638/ 32814|CodeSize  176872|Addr 0x7f4e07e4fa60|Timestamp 199909814664965|Src n/a
[engine] opt done   id=1240  ProtosRootNode@2af2bd9c                            |Tier 2|Time    18(   4+14  )ms|AST    2|Inlined   0Y   0N|IR    815/   944|CodeSize    4429|Addr 0x7f4e0818bb00|Timestamp 199909863819910|Src n/a
[engine] opt done   id=1241  ProtosRootNode@55ce991e                            |Tier 2|Time  2180( 145+2034)ms|AST   20|Inlined   0Y   0N|IR  20280/ 62658|CodeSize  342484|Addr 0x7f4e08ab8180|Timestamp 199912044552859|Src n/a
[engine] opt done   id=1244  ProtosRootNode@d92bb3b                             |Tier 1|Time    23(   4+18  )ms|AST    2|Inlined   0Y   0N|IR    888/  2671|CodeSize   13140|Addr 0x7f4e08708840|Timestamp 199912105117310|Src n/a
[engine] opt failed id=1245  ProtosRootNode@61d28459                            |Tier 1|Time   58(-199912106+199912164)ms|Reason: jdk.graal.compiler.truffle.GraphTooBigBailoutException: Graph too big to safely compile. Node count: 50681. Graph Size: 150026. Limit: 150000.|Timestamp 199912163724098|Src n/a
[engine] opt failed id=1245  ProtosRootNode@61d28459                            |Tier 1|Time   50(-199912175+199912225)ms|Reason: jdk.graal.compiler.truffle.GraphTooBigBailoutException: Graph too big to safely compile. Node count: 50681. Graph Size: 150026. Limit: 150000.|Timestamp 199912224979890|Src n/a
[engine] opt done   id=1232  ProtosRootNode@6b37dbe8                            |Tier 1|Time    16(   5+11  )ms|AST    2|Inlined   0Y   0N|IR    888/  1275|CodeSize    5532|Addr 0x7f4e08189360|Timestamp 199912241462322|Src n/a
[engine] opt done   id=1233  ProtosRootNode@14f27f3a                            |Tier 1|Time   233(  27+206 )ms|AST    7|Inlined   0Y   0N|IR   4642/ 17482|CodeSize   90120|Addr 0x7f4e07fbdb80|Timestamp 199912474977884|Src n/a
[engine] opt done   id=1333  ProtosRootNode@351ca470                            |Tier 1|Time    30(  10+20  )ms|AST    2|Inlined   0Y   0N|IR    591/  1658|CodeSize    7561|Addr 0x7f4e07b1c6a0|Timestamp 199912695527660|Src n/a
[engine] opt done   id=1334  ProtosRootNode@f1792bc                             |Tier 1|Time  2180( 140+2040)ms|AST   21|Inlined   0Y   0N|IR  20851/ 81773|CodeSize  436754|Addr 0x7f4e083257a0|Timestamp 199914875713765|Src n/a
[engine] opt done   id=1329  ProtosRootNode@30f31aba                            |Tier 1|Time    15(   4+11  )ms|AST    2|Inlined   0Y   0N|IR    888/  1275|CodeSize    5532|Addr 0x7f4e07fba360|Timestamp 199914934786304|Src n/a
[engine] opt done   id=1330  ProtosRootNode@7d238474                            |Tier 1|Time   770( 109+662 )ms|AST   11|Inlined   0Y   0N|IR  10711/ 39220|CodeSize  206041|Addr 0x7f4e086b7340|Timestamp 199915706525305|Src n/a
[engine] opt done   id=1331  ProtosRootNode@1b85a12d                            |Tier 1|Time    17(   5+12  )ms|AST    2|Inlined   0Y   0N|IR    888/  1275|CodeSize    5532|Addr 0x7f4e0831d960|Timestamp 199915748686832|Src n/a
[engine] opt done   id=1332  ProtosRootNode@2ab5d99c                            |Tier 1|Time  1912( 143+1769)ms|AST   20|Inlined   0Y   0N|IR  20353/ 75041|CodeSize  397465|Addr 0x7f4e088ce1c0|Timestamp 199917662097869|Src n/a
[engine] opt done   id=1333  ProtosRootNode@351ca470                            |Tier 2|Time    22(   4+18  )ms|AST    2|Inlined   0Y   0N|IR    518/  1448|CodeSize    7174|Addr 0x7f4e07b19160|Timestamp 199917757369066|Src n/a
[engine] opt done   id=1334  ProtosRootNode@f1792bc                             |Tier 2|Time  2302( 171+2131)ms|AST   21|Inlined   0Y   0N|IR  20778/ 68815|CodeSize  387532|Addr 0x7f4e08c126a0|Timestamp 199920059679400|Src n/a
[engine] opt done   id=1329  ProtosRootNode@30f31aba                            |Tier 2|Time    23(   4+19  )ms|AST    2|Inlined   0Y   0N|IR    815/   944|CodeSize    4429|Addr 0x7f4e07b16f00|Timestamp 199920130139554|Src n/a
[engine] opt done   id=1330  ProtosRootNode@7d238474                            |Tier 2|Time   712(  61+651 )ms|AST   11|Inlined   0Y   0N|IR  10638/ 32814|CodeSize  176872|Addr 0x7f4e086715e0|Timestamp 199920842219435|Src n/a
[engine] opt done   id=1331  ProtosRootNode@1b85a12d                            |Tier 2|Time    23(   4+19  )ms|AST    2|Inlined   0Y   0N|IR    815/   944|CodeSize    4429|Addr 0x7f4e07b14d80|Timestamp 199920868922141|Src n/a
[engine] opt done   id=1332  ProtosRootNode@2ab5d99c                            |Tier 2|Time  1839( 146+1693)ms|AST   20|Inlined   0Y   0N|IR  20280/ 62658|CodeSize  342484|Addr 0x7f4e07dcbd00|Timestamp 199922708080065|Src n/a
[engine] opt done   id=1335  ProtosRootNode@775c74ba                            |Tier 1|Time    31(   4+27  )ms|AST    2|Inlined   0Y   0N|IR    888/  2671|CodeSize   13140|Addr 0x7f4e07b0f1c0|Timestamp 199922760438245|Src n/a
[engine] opt failed id=1336  ProtosRootNode@54aca60a                            |Tier 1|Time   46(-199922761+199922807)ms|Reason: jdk.graal.compiler.truffle.GraphTooBigBailoutException: Graph too big to safely compile. Node count: 50681. Graph Size: 150026. Limit: 150000.|Timestamp 199922807114157|Src n/a
[engine] opt failed id=1336  ProtosRootNode@54aca60a                            |Tier 1|Time   44(-199922808+199922852)ms|Reason: jdk.graal.compiler.truffle.GraphTooBigBailoutException: Graph too big to safely compile. Node count: 50681. Graph Size: 150026. Limit: 150000.|Timestamp 199922852103897|Src n/a
[engine] opt done   id=1323  ProtosRootNode@3c45b88c                            |Tier 1|Time    15(   4+10  )ms|AST    2|Inlined   0Y   0N|IR    888/  1275|CodeSize    5532|Addr 0x7f4e07b0c7e0|Timestamp 199922881153736|Src n/a
[engine] opt done   id=1324  ProtosRootNode@176328ce                            |Tier 1|Time   238(  22+216 )ms|AST    7|Inlined   0Y   0N|IR   4642/ 17482|CodeSize   90120|Addr 0x7f4e08ca7400|Timestamp 199923119533204|Src n/a
[engine] opt done   id=1424  ProtosRootNode@62ddc79f                            |Tier 1|Time    31(   9+23  )ms|AST    2|Inlined   0Y   0N|IR    591/  1658|CodeSize    7561|Addr 0x7f4e0866c0a0|Timestamp 199923365785692|Src n/a
[engine] opt done   id=1425  ProtosRootNode@68e85c31                            |Tier 1|Time  2604( 224+2380)ms|AST   21|Inlined   0Y   0N|IR  20851/ 81773|CodeSize  436754|Addr 0x7f4e0841f0a0|Timestamp 199925973033539|Src n/a
[engine] opt done   id=1420  ProtosRootNode@b283501                             |Tier 1|Time    16(   5+11  )ms|AST    2|Inlined   0Y   0N|IR    888/  1275|CodeSize    5532|Addr 0x7f4e08669860|Timestamp 199926015769556|Src n/a
[engine] opt done   id=1421  ProtosRootNode@5de2b46f                            |Tier 1|Time   695(  69+625 )ms|AST   11|Inlined   0Y   0N|IR  10711/ 39220|CodeSize  206041|Addr 0x7f4e07d780c0|Timestamp 199926710639212|Src n/a
[engine] opt done   id=1422  ProtosRootNode@31bc7c07                            |Tier 1|Time    15(   4+11  )ms|AST    2|Inlined   0Y   0N|IR    888/  1275|CodeSize    5532|Addr 0x7f4e08667060|Timestamp 199926745929499|Src n/a
[engine] opt done   id=1423  ProtosRootNode@2d95289                             |Tier 1|Time  1998( 142+1856)ms|AST   20|Inlined   0Y   0N|IR  20353/ 75041|CodeSize  397465|Addr 0x7f4e08282440|Timestamp 199928746085734|Src n/a
[engine] opt done   id=1424  ProtosRootNode@62ddc79f                            |Tier 2|Time    20(   4+17  )ms|AST    2|Inlined   0Y   0N|IR    518/  1448|CodeSize    7174|Addr 0x7f4e08663b60|Timestamp 199928842180762|Src n/a
[engine] opt done   id=1425  ProtosRootNode@68e85c31                            |Tier 2|Time  2120( 142+1978)ms|AST   21|Inlined   0Y   0N|IR  20778/ 68815|CodeSize  387532|Addr 0x7f4e08a07320|Timestamp 199930962094776|Src n/a
[engine] opt done   id=1420  ProtosRootNode@b283501                             |Tier 2|Time    18(   5+13  )ms|AST    2|Inlined   0Y   0N|IR    815/   944|CodeSize    4429|Addr 0x7f4e08661900|Timestamp 199931052573636|Src n/a
[engine] opt done   id=1421  ProtosRootNode@5de2b46f                            |Tier 2|Time   754(  64+690 )ms|AST   11|Inlined   0Y   0N|IR  10638/ 32814|CodeSize  176872|Addr 0x7f4e083d6660|Timestamp 199931806894710|Src n/a
[engine] opt done   id=1422  ProtosRootNode@31bc7c07                            |Tier 2|Time    27(   5+22  )ms|AST    2|Inlined   0Y   0N|IR    815/   944|CodeSize    4429|Addr 0x7f4e083d2600|Timestamp 199931838607592|Src n/a
[engine] opt done   id=1423  ProtosRootNode@2d95289                             |Tier 2|Time  1911( 168+1743)ms|AST   20|Inlined   0Y   0N|IR  20280/ 62658|CodeSize  342484|Addr 0x7f4e085d5000|Timestamp 199933750131996|Src n/a
[engine] opt done   id=1426  ProtosRootNode@51a302f3                            |Tier 1|Time    24(   5+19  )ms|AST    2|Inlined   0Y   0N|IR    888/  2671|CodeSize   13140|Addr 0x7f4e0865bd40|Timestamp 199933818851678|Src n/a
[engine] opt failed id=1427  ProtosRootNode@5bbaee63                            |Tier 1|Time   54(-199933821+199933875)ms|Reason: jdk.graal.compiler.truffle.GraphTooBigBailoutException: Graph too big to safely compile. Node count: 50681. Graph Size: 150026. Limit: 150000.|Timestamp 199933874764732|Src n/a
[engine] opt failed id=1427  ProtosRootNode@5bbaee63                            |Tier 1|Time   44(-199933883+199933927)ms|Reason: jdk.graal.compiler.truffle.GraphTooBigBailoutException: Graph too big to safely compile. Node count: 50681. Graph Size: 150026. Limit: 150000.|Timestamp 199933927431472|Src n/a
[engine] opt done   id=1414  ProtosRootNode@2aa12d9                             |Tier 1|Time    16(   4+12  )ms|AST    2|Inlined   0Y   0N|IR    888/  1275|CodeSize    5532|Addr 0x7f4e08659360|Timestamp 199933945369016|Src n/a
[engine] opt done   id=1415  ProtosRootNode@45aa232                             |Tier 1|Time   198(  23+175 )ms|AST    7|Inlined   0Y   0N|IR   4642/ 17482|CodeSize   90120|Addr 0x7f4e088a5300|Timestamp 199934145819273|Src n/a
[engine] opt done   id=1515  ProtosRootNode@7eda42fb                            |Tier 1|Time    29(   8+22  )ms|AST    2|Inlined   0Y   0N|IR    591/  1658|CodeSize    7561|Addr 0x7f4e083cefa0|Timestamp 199934369445650|Src n/a
[engine] opt done   id=1516  ProtosRootNode@18634a52                            |Tier 1|Time  2226( 141+2086)ms|AST   21|Inlined   0Y   0N|IR  20851/ 81773|CodeSize  436754|Addr 0x7f4e0852d220|Timestamp 199936596355302|Src n/a
[engine] opt done   id=1511  ProtosRootNode@1f5a0028                            |Tier 1|Time    15(   4+11  )ms|AST    2|Inlined   0Y   0N|IR    888/  1275|CodeSize    5532|Addr 0x7f4e088a1ae0|Timestamp 199936647075259|Src n/a
[engine] opt done   id=1512  ProtosRootNode@3fc5e613                            |Tier 1|Time   665(  67+598 )ms|AST   11|Inlined   0Y   0N|IR  10711/ 39220|CodeSize  206041|Addr 0x7f4e0822ccc0|Timestamp 199937312448553|Src n/a
[engine] opt done   id=1513  ProtosRootNode@83cdda0                             |Tier 1|Time    14(   4+10  )ms|AST    2|Inlined   0Y   0N|IR    888/  1275|CodeSize    5532|Addr 0x7f4e08227b60|Timestamp 199937346254378|Src n/a
[engine] opt done   id=1514  ProtosRootNode@3b96a567                            |Tier 1|Time  1902( 127+1774)ms|AST   20|Inlined   0Y   0N|IR  20353/ 75041|CodeSize  397465|Addr 0x7f4e080ef940|Timestamp 199939249805678|Src n/a
[engine] opt done   id=1515  ProtosRootNode@7eda42fb                            |Tier 2|Time    19(   4+16  )ms|AST    2|Inlined   0Y   0N|IR    518/  1448|CodeSize    7174|Addr 0x7f4e08224660|Timestamp 199939387547051|Src n/a
[engine] opt done   id=1516  ProtosRootNode@18634a52                            |Tier 2|Time  2240( 184+2056)ms|AST   21|Inlined   0Y   0N|IR  20778/ 68815|CodeSize  387532|Addr 0x7f4e0805a8a0|Timestamp 199941629796949|Src n/a
[engine] opt done   id=1511  ProtosRootNode@1f5a0028                            |Tier 2|Time    17(   4+13  )ms|AST    2|Inlined   0Y   0N|IR    815/   944|CodeSize    4429|Addr 0x7f4e0889f900|Timestamp 199941714992392|Src n/a
[engine] opt done   id=1512  ProtosRootNode@3fc5e613                            |Tier 2|Time   770(  60+710 )ms|AST   11|Inlined   0Y   0N|IR  10638/ 32814|CodeSize  176872|Addr 0x7f4e084e47e0|Timestamp 199942485129165|Src n/a
[engine] opt done   id=1513  ProtosRootNode@83cdda0                             |Tier 2|Time    33(   9+25  )ms|AST    2|Inlined   0Y   0N|IR    815/   944|CodeSize    4429|Addr 0x7f4e0889d780|Timestamp 199942525103118|Src n/a
[engine] opt done   id=1514  ProtosRootNode@3b96a567                            |Tier 2|Time  1887( 138+1750)ms|AST   20|Inlined   0Y   0N|IR  20280/ 62658|CodeSize  342484|Addr 0x7f4e08e75d00|Timestamp 199944412878383|Src n/a
[engine] opt done   id=1517  ProtosRootNode@772c520d                            |Tier 1|Time    22(   5+18  )ms|AST    2|Inlined   0Y   0N|IR    888/  2671|CodeSize   13140|Addr 0x7f4e08897bc0|Timestamp 199944480503583|Src n/a
[engine] opt failed id=1518  ProtosRootNode@7a1f0148                            |Tier 1|Time   44(-199944481+199944525)ms|Reason: jdk.graal.compiler.truffle.GraphTooBigBailoutException: Graph too big to safely compile. Node count: 50681. Graph Size: 150026. Limit: 150000.|Timestamp 199944524652492|Src n/a
[engine] opt failed id=1518  ProtosRootNode@7a1f0148                            |Tier 1|Time   44(-199944537+199944581)ms|Reason: jdk.graal.compiler.truffle.GraphTooBigBailoutException: Graph too big to safely compile. Node count: 50681. Graph Size: 150026. Limit: 150000.|Timestamp 199944580751966|Src n/a
[engine] opt done   id=1505  ProtosRootNode@736fff2e                            |Tier 1|Time    14(   4+10  )ms|AST    2|Inlined   0Y   0N|IR    888/  1275|CodeSize    5532|Addr 0x7f4e084e0160|Timestamp 199944594895575|Src n/a
[engine] opt done   id=1506  ProtosRootNode@3de6bc1c                            |Tier 1|Time   210(  25+185 )ms|AST    7|Inlined   0Y   0N|IR   4642/ 17482|CodeSize   90120|Addr 0x7f4e08beaa00|Timestamp 199944805080534|Src n/a
[engine] opt done   id=1606  ProtosRootNode@d52305                              |Tier 1|Time    30(   8+23  )ms|AST    2|Inlined   0Y   0N|IR    591/  1658|CodeSize    7561|Addr 0x7f4e084dcaa0|Timestamp 199945011692718|Src n/a
[engine] opt done   id=1607  ProtosRootNode@1d181704                            |Tier 1|Time  2193( 201+1992)ms|AST   21|Inlined   0Y   0N|IR  20851/ 81773|CodeSize  436754|Addr 0x7f4e08efb7a0|Timestamp 199947205645908|Src n/a
[engine] opt done   id=1602  ProtosRootNode@734912e8                            |Tier 1|Time    14(   5+10  )ms|AST    2|Inlined   0Y   0N|IR    888/  1275|CodeSize    5532|Addr 0x7f4e084d6d60|Timestamp 199947243511848|Src n/a
[engine] opt done   id=1603  ProtosRootNode@39d0e32b                            |Tier 1|Time   651(  60+591 )ms|AST   11|Inlined   0Y   0N|IR  10711/ 39220|CodeSize  206041|Addr 0x7f4e08006340|Timestamp 199947895117722|Src n/a
[engine] opt done   id=1604  ProtosRootNode@63b970b                             |Tier 1|Time    14(   4+9   )ms|AST    2|Inlined   0Y   0N|IR    888/  1275|CodeSize    5532|Addr 0x7f4e084d4560|Timestamp 199947928094976|Src n/a
[engine] opt done   id=1605  ProtosRootNode@713afa57                            |Tier 1|Time  1854( 127+1727)ms|AST   20|Inlined   0Y   0N|IR  20353/ 75041|CodeSize  397465|Addr 0x7f4e08fa50c0|Timestamp 199949782433074|Src n/a
[engine] opt done   id=1606  ProtosRootNode@d52305                              |Tier 2|Time    19(   4+16  )ms|AST    2|Inlined   0Y   0N|IR    518/  1448|CodeSize    7174|Addr 0x7f4e084ced60|Timestamp 199949914482169|Src n/a
[engine] opt done   id=1607  ProtosRootNode@1d181704                            |Tier 2|Time  2092( 140+1952)ms|AST   21|Inlined   0Y   0N|IR  20778/ 68815|CodeSize  387532|Addr 0x7f4e09041da0|Timestamp 199952007734002|Src n/a
[engine] opt done   id=1602  ProtosRootNode@734912e8                            |Tier 2|Time    17(   4+13  )ms|AST    2|Inlined   0Y   0N|IR    815/   944|CodeSize    4429|Addr 0x7f4e084ccb00|Timestamp 199952084515773|Src n/a
[engine] opt done   id=1603  ProtosRootNode@39d0e32b                            |Tier 2|Time  1072( 129+943 )ms|AST   11|Inlined   0Y   0N|IR  10638/ 32814|CodeSize  176872|Addr 0x7f4e089bfbe0|Timestamp 199953158918076|Src n/a
[engine] opt done   id=1604  ProtosRootNode@63b970b                             |Tier 2|Time    24(   5+20  )ms|AST    2|Inlined   0Y   0N|IR    815/   944|CodeSize    4429|Addr 0x7f4e084ca980|Timestamp 199953186520753|Src n/a
[engine] opt done   id=1605  ProtosRootNode@713afa57                            |Tier 2|Time  1891( 147+1744)ms|AST   20|Inlined   0Y   0N|IR  20280/ 62658|CodeSize  342484|Addr 0x7f4e090d5300|Timestamp 199955077824236|Src n/a
[engine] opt done   id=1608  ProtosRootNode@4e19f57d                            |Tier 1|Time    22(   5+18  )ms|AST    2|Inlined   0Y   0N|IR    888/  2671|CodeSize   13140|Addr 0x7f4e08be3dc0|Timestamp 199955125303189|Src n/a
[engine] opt failed id=1609  ProtosRootNode@289629d7                            |Tier 1|Time   42(-199955126+199955168)ms|Reason: jdk.graal.compiler.truffle.GraphTooBigBailoutException: Graph too big to safely compile. Node count: 50681. Graph Size: 150026. Limit: 150000.|Timestamp 199955168056006|Src n/a
[engine] opt failed id=1609  ProtosRootNode@289629d7                            |Tier 1|Time   46(-199955196+199955242)ms|Reason: jdk.graal.compiler.truffle.GraphTooBigBailoutException: Graph too big to safely compile. Node count: 50681. Graph Size: 150026. Limit: 150000.|Timestamp 199955241773083|Src n/a
[engine] opt done   id=1596  ProtosRootNode@62128115                            |Tier 1|Time    13(   4+9   )ms|AST    2|Inlined   0Y   0N|IR    888/  1275|CodeSize    5532|Addr 0x7f4e084c81e0|Timestamp 199955255605542|Src n/a
[engine] opt done   id=1597  ProtosRootNode@53516d05                            |Tier 1|Time   196(  21+174 )ms|AST    7|Inlined   0Y   0N|IR   4642/ 17482|CodeSize   90120|Addr 0x7f4e0899a400|Timestamp 199955457278388|Src n/a
[engine] opt done   id=1697  ProtosRootNode@6015be23                            |Tier 1|Time    19(   7+12  )ms|AST    2|Inlined   0Y   0N|IR    591/  1658|CodeSize    7561|Addr 0x7f4e08995d20|Timestamp 199955658558635|Src n/a
[engine] opt done   id=1698  ProtosRootNode@492adf0a                            |Tier 1|Time  2155( 145+2010)ms|AST   21|Inlined   0Y   0N|IR  20851/ 81773|CodeSize  436754|Addr 0x7f4e0915ada0|Timestamp 199957813717796|Src n/a
[engine] opt done   id=1693  ProtosRootNode@22cbc6cf                            |Tier 1|Time    15(   4+11  )ms|AST    2|Inlined   0Y   0N|IR    888/  1275|CodeSize    5532|Addr 0x7f4e08be13e0|Timestamp 199957851315736|Src n/a
[engine] opt done   id=1694  ProtosRootNode@3647011e                            |Tier 1|Time   692(  64+628 )ms|AST   11|Inlined   0Y   0N|IR  10711/ 39220|CodeSize  206041|Addr 0x7f4e09201ac0|Timestamp 199958543426931|Src n/a
[engine] opt done   id=1695  ProtosRootNode@5193b078                            |Tier 1|Time    14(   4+10  )ms|AST    2|Inlined   0Y   0N|IR    888/  1275|CodeSize    5532|Addr 0x7f4e08bdebe0|Timestamp 199958575798254|Src n/a
[engine] opt done   id=1696  ProtosRootNode@46c4238d                            |Tier 1|Time  1872( 130+1742)ms|AST   20|Inlined   0Y   0N|IR  20353/ 75041|CodeSize  397465|Addr 0x7f4e0728d8c0|Timestamp 199960448164439|Src n/a
[engine] opt done   id=1697  ProtosRootNode@6015be23                            |Tier 2|Time    21(   4+17  )ms|AST    2|Inlined   0Y   0N|IR    518/  1448|CodeSize    7174|Addr 0x7f4e07337e60|Timestamp 199960535627615|Src n/a
[engine] opt done   id=1698  ProtosRootNode@492adf0a                            |Tier 2|Time  2143( 151+1993)ms|AST   21|Inlined   0Y   0N|IR  20778/ 68815|CodeSize  387532|Addr 0x7f4e07346520|Timestamp 199962679134537|Src n/a
[engine] opt done   id=1693  ProtosRootNode@22cbc6cf                            |Tier 2|Time    17(   4+12  )ms|AST    2|Inlined   0Y   0N|IR    815/   944|CodeSize    4429|Addr 0x7f4e071ff280|Timestamp 199962763502468|Src n/a
[engine] opt done   id=1694  ProtosRootNode@3647011e                            |Tier 2|Time   757(  58+699 )ms|AST   11|Inlined   0Y   0N|IR  10638/ 32814|CodeSize  176872|Addr 0x7f4e073ecf60|Timestamp 199963520650788|Src n/a
[engine] opt done   id=1695  ProtosRootNode@5193b078                            |Tier 2|Time    17(   4+13  )ms|AST    2|Inlined   0Y   0N|IR    815/   944|CodeSize    4429|Addr 0x7f4e07ca9800|Timestamp 199963568585762|Src n/a
[engine] opt done   id=1696  ProtosRootNode@46c4238d                            |Tier 2|Time  1822( 164+1658)ms|AST   20|Inlined   0Y   0N|IR  20280/ 62658|CodeSize  342484|Addr 0x7f4e07463200|Timestamp 199965390628418|Src n/a
[engine] opt done   id=1699  ProtosRootNode@31068f77                            |Tier 1|Time    22(   4+17  )ms|AST    2|Inlined   0Y   0N|IR    888/  2671|CodeSize   13140|Addr 0x7f4e075cd440|Timestamp 199965472435126|Src n/a
[engine] opt failed id=1700  ProtosRootNode@54c2ded                             |Tier 1|Time   43(-199965473+199965516)ms|Reason: jdk.graal.compiler.truffle.GraphTooBigBailoutException: Graph too big to safely compile. Node count: 50681. Graph Size: 150026. Limit: 150000.|Timestamp 199965515751093|Src n/a
[engine] opt failed id=1700  ProtosRootNode@54c2ded                             |Tier 1|Time   43(-199965523+199965566)ms|Reason: jdk.graal.compiler.truffle.GraphTooBigBailoutException: Graph too big to safely compile. Node count: 50681. Graph Size: 150026. Limit: 150000.|Timestamp 199965565586399|Src n/a
[engine] opt done   id=1687  ProtosRootNode@64cd353c                            |Tier 1|Time    14(   4+10  )ms|AST    2|Inlined   0Y   0N|IR    888/  1275|CodeSize    5532|Addr 0x7f4e07720d60|Timestamp 199965584198753|Src n/a
[engine] opt done   id=1688  ProtosRootNode@fb76860                             |Tier 1|Time   200(  24+177 )ms|AST    7|Inlined   0Y   0N|IR   4642/ 17482|CodeSize   90120|Addr 0x7f4e0793c400|Timestamp 199965784869278|Src n/a
[engine] opt done   id=1788  ProtosRootNode@5c972507                            |Tier 1|Time    28(   7+21  )ms|AST    2|Inlined   0Y   0N|IR    591/  1658|CodeSize    7561|Addr 0x7f4e071486a0|Timestamp 199965984480942|Src n/a
[engine] opt done   id=1789  ProtosRootNode@34e7ff62                            |Tier 1|Time  2117( 146+1971)ms|AST   21|Inlined   0Y   0N|IR  20851/ 81773|CodeSize  436754|Addr 0x7f4e071598a0|Timestamp 199968103053048|Src n/a
[engine] opt done   id=1784  ProtosRootNode@4a8a0bfc                            |Tier 1|Time    14(   4+10  )ms|AST    2|Inlined   0Y   0N|IR    888/  1275|CodeSize    5532|Addr 0x7f4e079382e0|Timestamp 199968142101179|Src n/a
[engine] opt done   id=1785  ProtosRootNode@48e2a05d                            |Tier 1|Time   704(  58+646 )ms|AST   11|Inlined   0Y   0N|IR  10711/ 39220|CodeSize  206041|Addr 0x7f4e072076c0|Timestamp 199968846483978|Src n/a
[engine] opt done   id=1786  ProtosRootNode@2a13c0cc                            |Tier 1|Time    15(   4+11  )ms|AST    2|Inlined   0Y   0N|IR    888/  1275|CodeSize    5532|Addr 0x7f4e07d563e0|Timestamp 199968862512039|Src n/a
[engine] opt done   id=1787  ProtosRootNode@5366e47c                            |Tier 1|Time  1959( 156+1802)ms|AST   20|Inlined   0Y   0N|IR  20353/ 75041|CodeSize  397465|Addr 0x7f4e07728ec0|Timestamp 199970821717213|Src n/a
[engine] opt done   id=1788  ProtosRootNode@5c972507                            |Tier 2|Time    21(   4+16  )ms|AST    2|Inlined   0Y   0N|IR    518/  1448|CodeSize    7174|Addr 0x7f4e077c5ce0|Timestamp 199970928075693|Src n/a
[engine] opt done   id=1789  ProtosRootNode@34e7ff62                            |Tier 2|Time  2070( 136+1934)ms|AST   21|Inlined   0Y   0N|IR  20778/ 68815|CodeSize  387532|Addr 0x7f4e077cd820|Timestamp 199972998518252|Src n/a
[engine] opt done   id=1784  ProtosRootNode@4a8a0bfc                            |Tier 2|Time    17(   5+12  )ms|AST    2|Inlined   0Y   0N|IR    815/   944|CodeSize    4429|Addr 0x7f4e083ca680|Timestamp 199973059671643|Src n/a
[engine] opt done   id=1785  ProtosRootNode@48e2a05d                            |Tier 2|Time   781(  61+720 )ms|AST   11|Inlined   0Y   0N|IR  10638/ 32814|CodeSize  176872|Addr 0x7f4e07bad460|Timestamp 199973841272763|Src n/a
[engine] opt done   id=1786  ProtosRootNode@2a13c0cc                            |Tier 2|Time    24(   4+20  )ms|AST    2|Inlined   0Y   0N|IR    815/   944|CodeSize    4429|Addr 0x7f4e07ba9400|Timestamp 199973869941681|Src n/a
[engine] opt done   id=1787  ProtosRootNode@5366e47c                            |Tier 2|Time  1967( 137+1830)ms|AST   20|Inlined   0Y   0N|IR  20280/ 62658|CodeSize  342484|Addr 0x7f4e07bf6d00|Timestamp 199975837476262|Src n/a
[engine] opt done   id=1790  ProtosRootNode@369ad3e0                            |Tier 1|Time    23(   5+19  )ms|AST    2|Inlined   0Y   0N|IR    888/  2671|CodeSize   13140|Addr 0x7f4e07c77c40|Timestamp 199975906728353|Src n/a
[engine] opt failed id=1791  ProtosRootNode@3a65ea00                            |Tier 1|Time   46(-199975907+199975953)ms|Reason: jdk.graal.compiler.truffle.GraphTooBigBailoutException: Graph too big to safely compile. Node count: 50681. Graph Size: 150026. Limit: 150000.|Timestamp 199975953351955|Src n/a
[engine] opt failed id=1791  ProtosRootNode@3a65ea00                            |Tier 1|Time   49(-199975960+199976010)ms|Reason: jdk.graal.compiler.truffle.GraphTooBigBailoutException: Graph too big to safely compile. Node count: 50681. Graph Size: 150026. Limit: 150000.|Timestamp 199976009908579|Src n/a
[engine] opt done   id=1778  ProtosRootNode@21e31b2a                            |Tier 1|Time    15(   5+11  )ms|AST    2|Inlined   0Y   0N|IR    888/  1275|CodeSize    5532|Addr 0x7f4e07f30260|Timestamp 199976030501456|Src n/a
[engine] opt done   id=1779  ProtosRootNode@522712d6                            |Tier 1|Time   220(  26+194 )ms|AST    7|Inlined   0Y   0N|IR   4642/ 17482|CodeSize   90120|Addr 0x7f4e0896d800|Timestamp 199976250697007|Src n/a
[engine] opt done   id=1879  ProtosRootNode@591b1558                            |Tier 1|Time    31(   8+23  )ms|AST    2|Inlined   0Y   0N|IR    591/  1658|CodeSize    7561|Addr 0x7f4e07257c20|Timestamp 199976472038948|Src n/a
[engine] opt done   id=1880  ProtosRootNode@44d2683                             |Tier 1|Time  2309( 197+2112)ms|AST   21|Inlined   0Y   0N|IR  20851/ 81773|CodeSize  436754|Addr 0x7f4e07971c20|Timestamp 199978781704658|Src n/a
[engine] opt done   id=1875  ProtosRootNode@3531860c                            |Tier 1|Time    15(   4+10  )ms|AST    2|Inlined   0Y   0N|IR    888/  1275|CodeSize    5532|Addr 0x7f4e08967b60|Timestamp 199978820407179|Src n/a
[engine] opt done   id=1876  ProtosRootNode@25ce2c90                            |Tier 1|Time   695(  64+631 )ms|AST   11|Inlined   0Y   0N|IR  10711/ 39220|CodeSize  206041|Addr 0x7f4e076d0840|Timestamp 199979515288064|Src n/a
[engine] opt done   id=1877  ProtosRootNode@58cff48d                            |Tier 1|Time    15(   5+10  )ms|AST    2|Inlined   0Y   0N|IR    888/  1275|CodeSize    5532|Addr 0x7f4e08ccc5e0|Timestamp 199979549007628|Src n/a
[engine] opt done   id=1878  ProtosRootNode@597defb7                            |Tier 1|Time  2090( 150+1940)ms|AST   20|Inlined   0Y   0N|IR  20353/ 75041|CodeSize  397465|Addr 0x7f4e07a736c0|Timestamp 199981639570718|Src n/a
[engine] opt done   id=1879  ProtosRootNode@591b1558                            |Tier 2|Time    25(   4+21  )ms|AST    2|Inlined   0Y   0N|IR    518/  1448|CodeSize    7174|Addr 0x7f4e084d6060|Timestamp 199981748351091|Src n/a
[engine] opt done   id=1880  ProtosRootNode@44d2683                             |Tier 2|Time  2323( 164+2159)ms|AST   21|Inlined   0Y   0N|IR  20778/ 68815|CodeSize  387532|Addr 0x7f4e088037a0|Timestamp 199984072031956|Src n/a
[engine] opt done   id=1875  ProtosRootNode@3531860c                            |Tier 2|Time    20(   5+15  )ms|AST    2|Inlined   0Y   0N|IR    815/   944|CodeSize    4429|Addr 0x7f4e07a6bf80|Timestamp 199984165101968|Src n/a
[engine] opt done   id=1876  ProtosRootNode@25ce2c90                            |Tier 2|Time   811(  76+735 )ms|AST   11|Inlined   0Y   0N|IR  10638/ 32814|CodeSize  176872|Addr 0x7f4e07eea760|Timestamp 199984976692115|Src n/a
[engine] opt done   id=1877  ProtosRootNode@58cff48d                            |Tier 2|Time    30(   4+25  )ms|AST    2|Inlined   0Y   0N|IR    815/   944|CodeSize    4429|Addr 0x7f4e07ee6700|Timestamp 199985014768555|Src n/a
[engine] opt done   id=1878  ProtosRootNode@597defb7                            |Tier 2|Time  2089( 177+1912)ms|AST   20|Inlined   0Y   0N|IR  20280/ 62658|CodeSize  342484|Addr 0x7f4e078b7780|Timestamp 199987103987290|Src n/a
[engine] opt done   id=1881  ProtosRootNode@16c0a00d                            |Tier 1|Time    37(   8+30  )ms|AST    2|Inlined   0Y   0N|IR    888/  2671|CodeSize   13140|Addr 0x7f4e078ae140|Timestamp 199987164728660|Src n/a
[engine] opt failed id=1882  ProtosRootNode@3a30fbfb                            |Tier 1|Time   57(-199987165+199987222)ms|Reason: jdk.graal.compiler.truffle.GraphTooBigBailoutException: Graph too big to safely compile. Node count: 50681. Graph Size: 150026. Limit: 150000.|Timestamp 199987221878795|Src n/a
[engine] opt failed id=1882  ProtosRootNode@3a30fbfb                            |Tier 1|Time   52(-199987224+199987276)ms|Reason: jdk.graal.compiler.truffle.GraphTooBigBailoutException: Graph too big to safely compile. Node count: 50681. Graph Size: 150026. Limit: 150000.|Timestamp 199987277705218|Src n/a
[engine] opt done   id=1869  ProtosRootNode@2dddc361                            |Tier 1|Time    31(   9+23  )ms|AST    2|Inlined   0Y   0N|IR    888/  1275|CodeSize    5532|Addr 0x7f4e07fb5fe0|Timestamp 199987320850565|Src n/a
[engine] opt done   id=1870  ProtosRootNode@783571d1                            |Tier 1|Time   220(  30+191 )ms|AST    7|Inlined   0Y   0N|IR   4642/ 17482|CodeSize   90120|Addr 0x7f4e08ca7400|Timestamp 199987541420134|Src n/a
