WARMUP	1	13482244320	528
WARMUP	2	15264301096	528
WARMUP	3	11213846878	528
WARMUP	4	11462122815	528
WARMUP	5	10336999568	528
WARMUP	6	10433434557	528
WARMUP	7	10325355725	528
WARMUP	8	10231922016	528
WARMUP	9	10185095572	528
WARMUP	10	12726160242	528
WARMUP	11	10337121649	528
WARMUP	12	10805031447	528
WARMUP	13	11364686074	528
WARMUP	14	10671139385	528
WARMUP	15	11007430223	528
WARMUP	16	10641911827	528
WARMUP	17	10657732651	528
WARMUP	18	10315709564	528
WARMUP	19	10483074181	528
WARMUP	20	11283632878	528
