PERF003-A4b controlled closure invoke-entry boundary experiment
mode=--run
HARNESS_REVISION=dcad088781e7348e1e40a389768f8ca7b836cf18
PROTOS_REVISION=d66841adb0b820047ed079f0bc7d643873f23194
PROTOS_VERSION=0.2.180-SNAPSHOT
WORKLOAD=collections/array-reduce
EXPECTED=528
CPUSET=0
phase=01 build experimental boundary image
BOUNDARY_IMAGE_BUILD: PASS
BOUNDARY_SOURCE_CHECK: PASS
CORRECTNESS: PASS variant=boundary result=528
phase=02 build exact control image
CONTROL_IMAGE_BUILD: PASS
CORRECTNESS: PASS variant=control result=528
phase=03 control TraceCompilation
control_opt_done=316
control_opt_failed=40
control_graph_too_big=40
control_graph_shapes=50681:150026:150000
phase=04 boundary TraceCompilation
boundary_opt_done=316
boundary_opt_failed=40
boundary_graph_too_big=40
boundary_graph_shapes=50681:150026:150000
A4B_HYPOTHESIS=NOT_SUPPORTED
A4B_REASON=invoke-entry boundary left GraphTooBig count and graph shape unchanged
PERF003A_A4B_EXPERIMENT: PASS
TIMING_EVIDENCE: NO
PROTOS_REPOSITORY_CHANGED: NO
