$ taskset -c 0 java -Dprotos.benchmarks.peer.language=python -cp /workspaces/protos-benchmarks/.work/embedded/peer-25.4.4.1.1/executable-value/d0088eaa89ece882c7363b6d2a332ffbdffae8594feb7a0767135a1f7f2b5cd4/classes:/home/vscode/.m2/repository/org/graalvm/polyglot/polyglot/25.4.4.1.1/polyglot-25.4.4.1.1.jar:/home/vscode/.m2/repository/org/graalvm/sdk/collections/25.4.4.1.1/collections-25.4.4.1.1.jar:/home/vscode/.m2/repository/org/graalvm/sdk/nativeimage/25.4.4.1.1/nativeimage-25.4.4.1.1.jar:/home/vscode/.m2/repository/org/graalvm/sdk/word/25.4.4.1.1/word-25.4.4.1.1.jar:/home/vscode/.m2/repository/org/graalvm/polyglot/js/25.4.4.1.1/js-25.4.4.1.1.pom:/home/vscode/.m2/repository/org/graalvm/js/js/25.4.4.1.1/js-25.4.4.1.1.pom:/home/vscode/.m2/repository/org/graalvm/js/js-language/25.4.4.1.1/js-language-25.4.4.1.1.jar:/home/vscode/.m2/repository/org/graalvm/regex/regex/25.4.4.1.1/regex-25.4.4.1.1.jar:/home/vscode/.m2/repository/org/graalvm/truffle/truffle-api/25.4.4.1.1/truffle-api-25.4.4.1.1.jar:/home/vscode/.m2/repository/org/graalvm/sdk/jniutils/25.4.4.1.1/jniutils-25.4.4.1.1.jar:/home/vscode/.m2/repository/org/graalvm/shadowed/icu4j/25.4.4.1.1/icu4j-25.4.4.1.1.jar:/home/vscode/.m2/repository/org/graalvm/truffle/truffle-runtime/25.4.4.1.1/truffle-runtime-25.4.4.1.1.jar:/home/vscode/.m2/repository/org/graalvm/truffle/truffle-compiler/25.4.4.1.1/truffle-compiler-25.4.4.1.1.jar:/home/vscode/.m2/repository/org/graalvm/polyglot/python/25.4.4.1.1/python-25.4.4.1.1.pom:/home/vscode/.m2/repository/org/graalvm/python/python/25.4.4.1.1/python-25.4.4.1.1.pom:/home/vscode/.m2/repository/org/graalvm/python/python-language/25.4.4.1.1/python-language-25.4.4.1.1.jar:/home/vscode/.m2/repository/org/graalvm/tools/profiler-tool/25.4.4.1.1/profiler-tool-25.4.4.1.1.jar:/home/vscode/.m2/repository/org/graalvm/shadowed/json/25.4.4.1.1/json-25.4.4.1.1.jar:/home/vscode/.m2/repository/org/graalvm/shadowed/xz/25.4.4.1.1/xz-25.4.4.1.1.jar:/home/vscode/.m2/repository/org/graalvm/python/python-resources/25.4.4.1.1/python-resources-25.4.4.1.1.jar com.guillermomolina.protos.benchmarks.measure.peer.PeerExecutableSurface measure - /workspaces/protos-benchmarks/truffle/workloads/primitive-local-write/primitive-local-write.py 50 10 10000 -
WARNING: A restricted method in java.lang.System has been called
WARNING: java.lang.System::load has been called by com.oracle.truffle.polyglot.JDKSupport in an unnamed module (file:/home/vscode/.m2/repository/org/graalvm/truffle/truffle-api/25.4.4.1.1/truffle-api-25.4.4.1.1.jar)
WARNING: Use --enable-native-access=ALL-UNNAMED to avoid a warning for callers in this module
WARNING: Restricted methods will be blocked in a future release unless native access is enabled

WARNING: A terminally deprecated method in sun.misc.Unsafe has been called
WARNING: sun.misc.Unsafe::objectFieldOffset has been called by com.oracle.truffle.runtime.hotspot.HotSpotTruffleRuntime (file:/home/vscode/.m2/repository/org/graalvm/truffle/truffle-runtime/25.4.4.1.1/truffle-runtime-25.4.4.1.1.jar)
WARNING: Please consider reporting this to the maintainers of class com.oracle.truffle.runtime.hotspot.HotSpotTruffleRuntime
WARNING: sun.misc.Unsafe::objectFieldOffset will be removed in a future release
mode=jvm
surface=executable-value
language=python
run_mode=executable-value
source=/workspaces/protos-benchmarks/truffle/workloads/primitive-local-write/primitive-local-write.py
warmup_iterations=50
steady_iterations=10
sample_calls=10000
setup_ns=4866111979
sample phase=cold iteration=1 elapsed_ns=6171229
sample phase=warmup iteration=1 elapsed_ns=217817614
sample phase=warmup iteration=2 elapsed_ns=11183688
sample phase=warmup iteration=3 elapsed_ns=15057789
sample phase=warmup iteration=4 elapsed_ns=14527474
sample phase=warmup iteration=5 elapsed_ns=16359999
sample phase=warmup iteration=6 elapsed_ns=9175072
sample phase=warmup iteration=7 elapsed_ns=9421505
sample phase=warmup iteration=8 elapsed_ns=6683522
sample phase=warmup iteration=9 elapsed_ns=7736691
sample phase=warmup iteration=10 elapsed_ns=6233139
sample phase=warmup iteration=11 elapsed_ns=4090722
sample phase=warmup iteration=12 elapsed_ns=4071112
sample phase=warmup iteration=13 elapsed_ns=5744865
sample phase=warmup iteration=14 elapsed_ns=3837020
sample phase=warmup iteration=15 elapsed_ns=5314682
sample phase=warmup iteration=16 elapsed_ns=3530278
sample phase=warmup iteration=17 elapsed_ns=2936203
sample phase=warmup iteration=18 elapsed_ns=4213783
sample phase=warmup iteration=19 elapsed_ns=3431517
sample phase=warmup iteration=20 elapsed_ns=3564368
sample phase=warmup iteration=21 elapsed_ns=5170360
sample phase=warmup iteration=22 elapsed_ns=25570891
sample phase=warmup iteration=23 elapsed_ns=5189401
sample phase=warmup iteration=24 elapsed_ns=3141415
sample phase=warmup iteration=25 elapsed_ns=3069284
sample phase=warmup iteration=26 elapsed_ns=2909833
sample phase=warmup iteration=27 elapsed_ns=1301980
sample phase=warmup iteration=28 elapsed_ns=2917323
sample phase=warmup iteration=29 elapsed_ns=2917503
sample phase=warmup iteration=30 elapsed_ns=2616781
sample phase=warmup iteration=31 elapsed_ns=690866
sample phase=warmup iteration=32 elapsed_ns=2282138
sample phase=warmup iteration=33 elapsed_ns=594355
sample phase=warmup iteration=34 elapsed_ns=591335
sample phase=warmup iteration=35 elapsed_ns=1791584
sample phase=warmup iteration=36 elapsed_ns=598335
sample phase=warmup iteration=37 elapsed_ns=1836115
sample phase=warmup iteration=38 elapsed_ns=1796434
sample phase=warmup iteration=39 elapsed_ns=591785
sample phase=warmup iteration=40 elapsed_ns=2205447
sample phase=warmup iteration=41 elapsed_ns=595574
sample phase=warmup iteration=42 elapsed_ns=592435
sample phase=warmup iteration=43 elapsed_ns=2221128
sample phase=warmup iteration=44 elapsed_ns=590414
sample phase=warmup iteration=45 elapsed_ns=2217397
sample phase=warmup iteration=46 elapsed_ns=597215
sample phase=warmup iteration=47 elapsed_ns=598205
sample phase=warmup iteration=48 elapsed_ns=2214277
sample phase=warmup iteration=49 elapsed_ns=623285
sample phase=warmup iteration=50 elapsed_ns=2217507
sample phase=steady iteration=1 elapsed_ns=611374
sample phase=steady iteration=2 elapsed_ns=596584
sample phase=steady iteration=3 elapsed_ns=2224938
sample phase=steady iteration=4 elapsed_ns=596755
sample phase=steady iteration=5 elapsed_ns=2214527
sample phase=steady iteration=6 elapsed_ns=600694
sample phase=steady iteration=7 elapsed_ns=599465
sample phase=steady iteration=8 elapsed_ns=595195
sample phase=steady iteration=9 elapsed_ns=2213187
sample phase=steady iteration=10 elapsed_ns=600574
result=2
