$ taskset -c 0 java -Dprotos.benchmarks.peer.language=python -cp /workspaces/protos-benchmarks/.work/embedded/peer-25.4.4.1.1/executable-value/d0088eaa89ece882c7363b6d2a332ffbdffae8594feb7a0767135a1f7f2b5cd4/classes:/home/vscode/.m2/repository/org/graalvm/polyglot/polyglot/25.4.4.1.1/polyglot-25.4.4.1.1.jar:/home/vscode/.m2/repository/org/graalvm/sdk/collections/25.4.4.1.1/collections-25.4.4.1.1.jar:/home/vscode/.m2/repository/org/graalvm/sdk/nativeimage/25.4.4.1.1/nativeimage-25.4.4.1.1.jar:/home/vscode/.m2/repository/org/graalvm/sdk/word/25.4.4.1.1/word-25.4.4.1.1.jar:/home/vscode/.m2/repository/org/graalvm/polyglot/js/25.4.4.1.1/js-25.4.4.1.1.pom:/home/vscode/.m2/repository/org/graalvm/js/js/25.4.4.1.1/js-25.4.4.1.1.pom:/home/vscode/.m2/repository/org/graalvm/js/js-language/25.4.4.1.1/js-language-25.4.4.1.1.jar:/home/vscode/.m2/repository/org/graalvm/regex/regex/25.4.4.1.1/regex-25.4.4.1.1.jar:/home/vscode/.m2/repository/org/graalvm/truffle/truffle-api/25.4.4.1.1/truffle-api-25.4.4.1.1.jar:/home/vscode/.m2/repository/org/graalvm/sdk/jniutils/25.4.4.1.1/jniutils-25.4.4.1.1.jar:/home/vscode/.m2/repository/org/graalvm/shadowed/icu4j/25.4.4.1.1/icu4j-25.4.4.1.1.jar:/home/vscode/.m2/repository/org/graalvm/truffle/truffle-runtime/25.4.4.1.1/truffle-runtime-25.4.4.1.1.jar:/home/vscode/.m2/repository/org/graalvm/truffle/truffle-compiler/25.4.4.1.1/truffle-compiler-25.4.4.1.1.jar:/home/vscode/.m2/repository/org/graalvm/polyglot/python/25.4.4.1.1/python-25.4.4.1.1.pom:/home/vscode/.m2/repository/org/graalvm/python/python/25.4.4.1.1/python-25.4.4.1.1.pom:/home/vscode/.m2/repository/org/graalvm/python/python-language/25.4.4.1.1/python-language-25.4.4.1.1.jar:/home/vscode/.m2/repository/org/graalvm/tools/profiler-tool/25.4.4.1.1/profiler-tool-25.4.4.1.1.jar:/home/vscode/.m2/repository/org/graalvm/shadowed/json/25.4.4.1.1/json-25.4.4.1.1.jar:/home/vscode/.m2/repository/org/graalvm/shadowed/xz/25.4.4.1.1/xz-25.4.4.1.1.jar:/home/vscode/.m2/repository/org/graalvm/python/python-resources/25.4.4.1.1/python-resources-25.4.4.1.1.jar com.guillermomolina.protos.benchmarks.measure.peer.PeerExecutableSurface measure - /workspaces/protos-benchmarks/truffle/workloads/factorial/factorial.py 60 10 1 -
WARNING: A restricted method in java.lang.System has been called
WARNING: java.lang.System::load has been called by com.oracle.truffle.polyglot.JDKSupport in an unnamed module (file:/home/vscode/.m2/repository/org/graalvm/truffle/truffle-api/25.4.4.1.1/truffle-api-25.4.4.1.1.jar)
WARNING: Use --enable-native-access=ALL-UNNAMED to avoid a warning for callers in this module
WARNING: Restricted methods will be blocked in a future release unless native access is enabled

WARNING: A terminally deprecated method in sun.misc.Unsafe has been called
WARNING: sun.misc.Unsafe::objectFieldOffset has been called by com.oracle.truffle.runtime.hotspot.HotSpotTruffleRuntime (file:/home/vscode/.m2/repository/org/graalvm/truffle/truffle-runtime/25.4.4.1.1/truffle-runtime-25.4.4.1.1.jar)
WARNING: Please consider reporting this to the maintainers of class com.oracle.truffle.runtime.hotspot.HotSpotTruffleRuntime
WARNING: sun.misc.Unsafe::objectFieldOffset will be removed in a future release
mode=jvm
surface=executable-value
language=python
run_mode=executable-value
source=/workspaces/protos-benchmarks/truffle/workloads/factorial/factorial.py
warmup_iterations=60
steady_iterations=10
sample_calls=1
setup_ns=4878219614
sample phase=cold iteration=1 elapsed_ns=11229488
sample phase=warmup iteration=1 elapsed_ns=372349
sample phase=warmup iteration=2 elapsed_ns=276729
sample phase=warmup iteration=3 elapsed_ns=4242062
sample phase=warmup iteration=4 elapsed_ns=321190
sample phase=warmup iteration=5 elapsed_ns=255499
sample phase=warmup iteration=6 elapsed_ns=273619
sample phase=warmup iteration=7 elapsed_ns=271730
sample phase=warmup iteration=8 elapsed_ns=4523241
sample phase=warmup iteration=9 elapsed_ns=242460
sample phase=warmup iteration=10 elapsed_ns=221679
sample phase=warmup iteration=11 elapsed_ns=220290
sample phase=warmup iteration=12 elapsed_ns=223749
sample phase=warmup iteration=13 elapsed_ns=226760
sample phase=warmup iteration=14 elapsed_ns=3386063
sample phase=warmup iteration=15 elapsed_ns=234210
sample phase=warmup iteration=16 elapsed_ns=217250
sample phase=warmup iteration=17 elapsed_ns=224350
sample phase=warmup iteration=18 elapsed_ns=217570
sample phase=warmup iteration=19 elapsed_ns=289390
sample phase=warmup iteration=20 elapsed_ns=5057390
sample phase=warmup iteration=21 elapsed_ns=202630
sample phase=warmup iteration=22 elapsed_ns=189069
sample phase=warmup iteration=23 elapsed_ns=184700
sample phase=warmup iteration=24 elapsed_ns=184319
sample phase=warmup iteration=25 elapsed_ns=194380
sample phase=warmup iteration=26 elapsed_ns=190850
sample phase=warmup iteration=27 elapsed_ns=6017678
sample phase=warmup iteration=28 elapsed_ns=231430
sample phase=warmup iteration=29 elapsed_ns=160109
sample phase=warmup iteration=30 elapsed_ns=161740
sample phase=warmup iteration=31 elapsed_ns=170950
sample phase=warmup iteration=32 elapsed_ns=235089
sample phase=warmup iteration=33 elapsed_ns=163080
sample phase=warmup iteration=34 elapsed_ns=159219
sample phase=warmup iteration=35 elapsed_ns=5037851
sample phase=warmup iteration=36 elapsed_ns=171239
sample phase=warmup iteration=37 elapsed_ns=149350
sample phase=warmup iteration=38 elapsed_ns=167210
sample phase=warmup iteration=39 elapsed_ns=149689
sample phase=warmup iteration=40 elapsed_ns=153480
sample phase=warmup iteration=41 elapsed_ns=148630
sample phase=warmup iteration=42 elapsed_ns=148869
sample phase=warmup iteration=43 elapsed_ns=148260
sample phase=warmup iteration=44 elapsed_ns=5071820
sample phase=warmup iteration=45 elapsed_ns=184520
sample phase=warmup iteration=46 elapsed_ns=148179
sample phase=warmup iteration=47 elapsed_ns=154280
sample phase=warmup iteration=48 elapsed_ns=148710
sample phase=warmup iteration=49 elapsed_ns=147810
sample phase=warmup iteration=50 elapsed_ns=154339
sample phase=warmup iteration=51 elapsed_ns=150430
sample phase=warmup iteration=52 elapsed_ns=147369
sample phase=warmup iteration=53 elapsed_ns=5033431
sample phase=warmup iteration=54 elapsed_ns=160949
sample phase=warmup iteration=55 elapsed_ns=150830
sample phase=warmup iteration=56 elapsed_ns=154840
sample phase=warmup iteration=57 elapsed_ns=148589
sample phase=warmup iteration=58 elapsed_ns=149620
sample phase=warmup iteration=59 elapsed_ns=150550
sample phase=warmup iteration=60 elapsed_ns=165109
sample phase=steady iteration=1 elapsed_ns=153600
sample phase=steady iteration=2 elapsed_ns=5020150
sample phase=steady iteration=3 elapsed_ns=168810
sample phase=steady iteration=4 elapsed_ns=148680
sample phase=steady iteration=5 elapsed_ns=158049
sample phase=steady iteration=6 elapsed_ns=153290
sample phase=steady iteration=7 elapsed_ns=149460
sample phase=steady iteration=8 elapsed_ns=149119
sample phase=steady iteration=9 elapsed_ns=159040
sample phase=steady iteration=10 elapsed_ns=148920
result=2432902008176640000
