[To redirect Truffle log output to a file use one of the following options:
* '--log.file=<path>' if the option is passed using a guest language launcher.
* '-Dpolyglot.log.file=<path>' if the option is passed using the host Java launcher.
* Configure logging using the polyglot embedding API.]
[engine] opt done   id=150   ProtosRootNode@2bbe4615                            |Tier 1|Time   125(  69+57  )ms|AST    2|Inlined   0Y   0N|IR    591/  1658|CodeSize    7561|Addr 0x7fbdb31458a0|Timestamp 219372798337929|Src n/a
[engine] opt done   id=151   ProtosRootNode@371ee487                            |Tier 1|Time  1091( 168+923 )ms|AST   21|Inlined   0Y   0N|IR  14020/ 53241|CodeSize  270090|Addr 0x7fbdb3158d20|Timestamp 219373896681966|Src n/a
[engine] opt done   id=146   ProtosRootNode@3e0af03a                            |Tier 1|Time    27(  10+18  )ms|AST    2|Inlined   0Y   0N|IR    888/  1275|CodeSize    5532|Addr 0x7fbdb31c1b60|Timestamp 219373971113844|Src n/a
[engine] opt done   id=147   ProtosRootNode@52dd48bb                            |Tier 1|Time   424(  56+367 )ms|AST   11|Inlined   0Y   0N|IR   7978/ 27794|CodeSize  142526|Addr 0x7fbdb31c8620|Timestamp 219374397564951|Src n/a
[engine] opt done   id=103   ProtosRootNode@24b62564                            |Tier 1|Time    20(   4+16  )ms|AST    2|Inlined   0Y   0N|IR    591/  1658|CodeSize    7561|Addr 0x7fbdb3200c20|Timestamp 219374419828314|Src n/a
[engine] opt done   id=104   ProtosRootNode@4b2a8df                             |Tier 1|Time   151(  21+130 )ms|AST    6|Inlined   0Y   0N|IR   3849/ 13686|CodeSize   70879|Addr 0x7fbdb32058c0|Timestamp 219374572738831|Src n/a
[engine] opt done   id=148   ProtosRootNode@3f2bca74                            |Tier 1|Time    30(   8+23  )ms|AST    2|Inlined   0Y   0N|IR    888/  1275|CodeSize    5532|Addr 0x7fbdb32228e0|Timestamp 219374604940465|Src n/a
[engine] opt done   id=149   ProtosRootNode@6b4e2fcb                            |Tier 1|Time   972(  97+875 )ms|AST   20|Inlined   0Y   0N|IR  14888/ 52207|CodeSize  277130|Addr 0x7fbdb32293a0|Timestamp 219375579569180|Src n/a
[engine] opt done   id=150   ProtosRootNode@2bbe4615                            |Tier 2|Time    61(   7+54  )ms|AST    2|Inlined   0Y   0N|IR    518/  1448|CodeSize    7174|Addr 0x7fbdb32a8160|Timestamp 219375817177524|Src n/a
[engine] opt done   id=151   ProtosRootNode@371ee487                            |Tier 2|Time  1029(  81+947 )ms|AST   21|Inlined   0Y   0N|IR  13947/ 43545|CodeSize  232632|Addr 0x7fbdb32ae8c0|Timestamp 219376846834120|Src n/a
[engine] opt done   id=146   ProtosRootNode@3e0af03a                            |Tier 2|Time    45(   8+37  )ms|AST    2|Inlined   0Y   0N|IR    815/   944|CodeSize    4429|Addr 0x7fbdb3311680|Timestamp 219377014846580|Src n/a
[engine] opt done   id=147   ProtosRootNode@52dd48bb                            |Tier 2|Time   457(  54+402 )ms|AST   11|Inlined   0Y   0N|IR   7905/ 22538|CodeSize  119069|Addr 0x7fbdb331a320|Timestamp 219377475512222|Src n/a
[engine] opt done   id=103   ProtosRootNode@24b62564                            |Tier 2|Time    23(   3+19  )ms|AST    2|Inlined   0Y   0N|IR    518/  1448|CodeSize    7174|Addr 0x7fbdb3348960|Timestamp 219377499130481|Src n/a
[engine] opt done   id=104   ProtosRootNode@4b2a8df                             |Tier 2|Time   169(  17+152 )ms|AST    6|Inlined   0Y   0N|IR   3776/ 11086|CodeSize   56797|Addr 0x7fbdb334c7a0|Timestamp 219377668960250|Src n/a
[engine] opt done   id=148   ProtosRootNode@3f2bca74                            |Tier 2|Time    32(   8+25  )ms|AST    2|Inlined   0Y   0N|IR    815/   944|CodeSize    4429|Addr 0x7fbdb3365700|Timestamp 219377710581690|Src n/a
[engine] opt done   id=149   ProtosRootNode@6b4e2fcb                            |Tier 2|Time  1016( 144+871 )ms|AST   20|Inlined   0Y   0N|IR  14815/ 42103|CodeSize  225551|Addr 0x7fbdb336ee60|Timestamp 219378728359513|Src n/a
[engine] opt done   id=101   ProtosRootNode@6bd8f84f                            |Tier 1|Time    21(   7+14  )ms|AST    2|Inlined   0Y   0N|IR    591/  1658|CodeSize    7561|Addr 0x7fbdb33c9720|Timestamp 219378807932324|Src n/a
[engine] opt done   id=102   ProtosRootNode@419c40f5                            |Tier 1|Time   236(  28+208 )ms|AST    9|Inlined   0Y   0N|IR   5218/ 20029|CodeSize  103789|Addr 0x7fbdb33cf2a0|Timestamp 219379044820320|Src n/a
[engine] opt done   id=99    ProtosRootNode@3bb2aff5                            |Tier 1|Time    19(   4+15  )ms|AST    2|Inlined   0Y   0N|IR    888/  1275|CodeSize    5532|Addr 0x7fbdb33f73e0|Timestamp 219379064815861|Src n/a
[engine] opt done   id=100   ProtosRootNode@2af5fc0e                            |Tier 1|Time   472(  54+417 )ms|AST   13|Inlined   0Y   0N|IR   8800/ 31219|CodeSize  165209|Addr 0x7fbdb33fdb00|Timestamp 219379537436176|Src n/a
[engine] opt done   id=105   ProtosRootNode@5151fe1a                            |Tier 1|Time    14(   5+9   )ms|AST    2|Inlined   0Y   0N|IR    888/  1275|CodeSize    5532|Addr 0x7fbdb343dde0|Timestamp 219379569914590|Src n/a
[engine] opt done   id=106   ProtosRootNode@634b2bc8                            |Tier 1|Time   241(  27+214 )ms|AST    9|Inlined   0Y   0N|IR   5119/ 18019|CodeSize   92312|Addr 0x7fbdb3441980|Timestamp 219379812033200|Src n/a
[engine] opt done   id=152   ProtosRootNode@74ef0f76                            |Tier 1|Time    24(   7+17  )ms|AST    2|Inlined   0Y   0N|IR    888/  2671|CodeSize   13140|Addr 0x7fbdb3465a40|Timestamp 219379836890126|Src n/a
[engine] opt failed id=153   ProtosRootNode@2e50b016                            |Tier 1|Time   71(-219379838+219379908)ms|Reason: jdk.graal.compiler.truffle.GraphTooBigBailoutException: Graph too big to safely compile. Node count: 47863. Graph Size: 150071. Limit: 150000.|Timestamp 219379908132495|Src n/a
[engine] opt failed id=153   ProtosRootNode@2e50b016                            |Tier 1|Time   51(-219379916+219379968)ms|Reason: jdk.graal.compiler.truffle.GraphTooBigBailoutException: Graph too big to safely compile. Node count: 47863. Graph Size: 150071. Limit: 150000.|Timestamp 219379967754305|Src n/a
[engine] opt done   id=140   ProtosRootNode@5a2f5664                            |Tier 1|Time    14(   4+9   )ms|AST    2|Inlined   0Y   0N|IR    888/  1275|CodeSize    5532|Addr 0x7fbdb34709e0|Timestamp 219379982774461|Src n/a
[engine] opt done   id=141   ProtosRootNode@59e7deed                            |Tier 1|Time   119(  17+102 )ms|AST    7|Inlined   0Y   0N|IR   3274/ 11759|CodeSize   58540|Addr 0x7fbdb3473be0|Timestamp 219380102492704|Src n/a
[engine] opt done   id=241   ProtosRootNode@3566d6d5                            |Tier 1|Time    22(   7+15  )ms|AST    2|Inlined   0Y   0N|IR    591/  1658|CodeSize    7561|Addr 0x7fbdb349b8a0|Timestamp 219380379385090|Src n/a
[engine] opt done   id=242   ProtosRootNode@6cf70158                            |Tier 1|Time  1000(  91+910 )ms|AST   21|Inlined   0Y   0N|IR  14020/ 53241|CodeSize  270090|Addr 0x7fbdb34a2420|Timestamp 219381380518240|Src n/a
[engine] opt done   id=237   ProtosRootNode@332af65c                            |Tier 1|Time    52(   9+43  )ms|AST    2|Inlined   0Y   0N|IR    888/  1275|CodeSize    5532|Addr 0x7fbdb350a3e0|Timestamp 219381438470411|Src n/a
[engine] opt done   id=238   ProtosRootNode@40420c97                            |Tier 1|Time   418(  40+378 )ms|AST   11|Inlined   0Y   0N|IR   7978/ 27794|CodeSize  142526|Addr 0x7fbdb350e620|Timestamp 219381860107191|Src n/a
[engine] opt done   id=239   ProtosRootNode@20f9a046                            |Tier 1|Time    14(   4+9   )ms|AST    2|Inlined   0Y   0N|IR    888/  1275|CodeSize    5532|Addr 0x7fbdb35471e0|Timestamp 219381889184058|Src n/a
[engine] opt done   id=240   ProtosRootNode@d5285dd                             |Tier 1|Time  1067(  90+977 )ms|AST   20|Inlined   0Y   0N|IR  14888/ 52207|CodeSize  277130|Addr 0x7fbdb354dda0|Timestamp 219382956885431|Src n/a
[engine] opt done   id=241   ProtosRootNode@3566d6d5                            |Tier 2|Time    36(   3+33  )ms|AST    2|Inlined   0Y   0N|IR    518/  1448|CodeSize    7174|Addr 0x7fbdb35be9e0|Timestamp 219383080941264|Src n/a
[engine] opt done   id=242   ProtosRootNode@6cf70158                            |Tier 2|Time  1059(  82+977 )ms|AST   21|Inlined   0Y   0N|IR  13947/ 43545|CodeSize  232632|Addr 0x7fbdb35c5140|Timestamp 219384140861080|Src n/a
[engine] opt done   id=237   ProtosRootNode@332af65c                            |Tier 2|Time    29(   8+20  )ms|AST    2|Inlined   0Y   0N|IR    815/   944|CodeSize    4429|Addr 0x7fbdb3622680|Timestamp 219384291545366|Src n/a
[engine] opt done   id=238   ProtosRootNode@40420c97                            |Tier 2|Time   474(  48+427 )ms|AST   11|Inlined   0Y   0N|IR   7905/ 22538|CodeSize  119069|Addr 0x7fbdb36268a0|Timestamp 219384766434405|Src n/a
[engine] opt done   id=239   ProtosRootNode@20f9a046                            |Tier 2|Time    20(   4+15  )ms|AST    2|Inlined   0Y   0N|IR    815/   944|CodeSize    4429|Addr 0x7fbdb3654800|Timestamp 219384790890397|Src n/a
[engine] opt done   id=240   ProtosRootNode@d5285dd                             |Tier 2|Time  1007( 108+899 )ms|AST   20|Inlined   0Y   0N|IR  14815/ 42103|CodeSize  225551|Addr 0x7fbdb365e460|Timestamp 219385798713760|Src n/a
[engine] opt done   id=243   ProtosRootNode@28ac503d                            |Tier 1|Time    22(   5+17  )ms|AST    2|Inlined   0Y   0N|IR    888/  2671|CodeSize   13140|Addr 0x7fbdb36b5240|Timestamp 219385857207003|Src n/a
[engine] opt failed id=244   ProtosRootNode@4ea8568                             |Tier 1|Time   41(-219385858+219385899)ms|Reason: jdk.graal.compiler.truffle.GraphTooBigBailoutException: Graph too big to safely compile. Node count: 47863. Graph Size: 150071. Limit: 150000.|Timestamp 219385900325948|Src n/a
[engine] opt failed id=244   ProtosRootNode@4ea8568                             |Tier 1|Time   87(-219385913+219385999)ms|Reason: jdk.graal.compiler.truffle.GraphTooBigBailoutException: Graph too big to safely compile. Node count: 47863. Graph Size: 150071. Limit: 150000.|Timestamp 219385999612955|Src n/a
[engine] opt done   id=231   ProtosRootNode@7531abbe                            |Tier 1|Time    27(   9+18  )ms|AST    2|Inlined   0Y   0N|IR    888/  1275|CodeSize    5532|Addr 0x7fbdb36bb160|Timestamp 219386036633770|Src n/a
[engine] opt done   id=232   ProtosRootNode@1ff825c1                            |Tier 1|Time   239(  33+206 )ms|AST    7|Inlined   0Y   0N|IR   3274/ 11759|CodeSize   58540|Addr 0x7fbdb36bec60|Timestamp 219386275508704|Src n/a
[engine] opt done   id=332   ProtosRootNode@7c65a63b                            |Tier 1|Time    20(  10+11  )ms|AST    2|Inlined   0Y   0N|IR    591/  1658|CodeSize    7561|Addr 0x7fbdb36de2a0|Timestamp 219386644758199|Src n/a
[engine] opt done   id=333   ProtosRootNode@78e545c8                            |Tier 1|Time   968(  82+886 )ms|AST   21|Inlined   0Y   0N|IR  14020/ 53241|CodeSize  270090|Addr 0x7fbdb36e4e20|Timestamp 219387613431164|Src n/a
[engine] opt done   id=328   ProtosRootNode@72339c63                            |Tier 1|Time    15(   4+10  )ms|AST    2|Inlined   0Y   0N|IR    888/  1275|CodeSize    5532|Addr 0x7fbdb374b160|Timestamp 219387630786781|Src n/a
[engine] opt done   id=329   ProtosRootNode@3406d6bf                            |Tier 1|Time   405(  61+344 )ms|AST   11|Inlined   0Y   0N|IR   7978/ 27794|CodeSize  142526|Addr 0x7fbdb374f3a0|Timestamp 219388036391853|Src n/a
[engine] opt done   id=330   ProtosRootNode@562f2ca4                            |Tier 1|Time    28(   5+23  )ms|AST    2|Inlined   0Y   0N|IR    888/  1275|CodeSize    5532|Addr 0x7fbdb3787960|Timestamp 219388065126926|Src n/a
[engine] opt done   id=331   ProtosRootNode@25669854                            |Tier 1|Time   999(  90+909 )ms|AST   20|Inlined   0Y   0N|IR  14888/ 52207|CodeSize  277130|Addr 0x7fbdb378d820|Timestamp 219389064045453|Src n/a
[engine] opt done   id=332   ProtosRootNode@7c65a63b                            |Tier 2|Time    39(   8+32  )ms|AST    2|Inlined   0Y   0N|IR    518/  1448|CodeSize    7174|Addr 0x7fbdb37fb3e0|Timestamp 219389158111901|Src n/a
[engine] opt done   id=333   ProtosRootNode@78e545c8                            |Tier 2|Time   995( 108+887 )ms|AST   21|Inlined   0Y   0N|IR  13947/ 43545|CodeSize  232632|Addr 0x7fbdb3803e40|Timestamp 219390153759444|Src n/a
[engine] opt done   id=328   ProtosRootNode@72339c63                            |Tier 2|Time    17(   5+12  )ms|AST    2|Inlined   0Y   0N|IR    815/   944|CodeSize    4429|Addr 0x7fbdb385ec00|Timestamp 219390257719461|Src n/a
[engine] opt done   id=329   ProtosRootNode@3406d6bf                            |Tier 2|Time   445(  40+405 )ms|AST   11|Inlined   0Y   0N|IR   7905/ 22538|CodeSize  119069|Addr 0x7fbdb38627a0|Timestamp 219390703576507|Src n/a
[engine] opt done   id=330   ProtosRootNode@562f2ca4                            |Tier 2|Time    17(   4+13  )ms|AST    2|Inlined   0Y   0N|IR    815/   944|CodeSize    4429|Addr 0x7fbdb3890700|Timestamp 219390732618041|Src n/a
[engine] opt done   id=331   ProtosRootNode@25669854                            |Tier 2|Time  1054(  89+965 )ms|AST   20|Inlined   0Y   0N|IR  14815/ 42103|CodeSize  225551|Addr 0x7fbdb38956e0|Timestamp 219391786904554|Src n/a
[engine] opt done   id=334   ProtosRootNode@67252d08                            |Tier 1|Time    22(   5+17  )ms|AST    2|Inlined   0Y   0N|IR    888/  2671|CodeSize   13140|Addr 0x7fbdb38ebfc0|Timestamp 219391854330748|Src n/a
[engine] opt failed id=335   ProtosRootNode@5f0deb50                            |Tier 1|Time   43(-219391855+219391897)ms|Reason: jdk.graal.compiler.truffle.GraphTooBigBailoutException: Graph too big to safely compile. Node count: 47863. Graph Size: 150071. Limit: 150000.|Timestamp 219391897533832|Src n/a
[engine] opt failed id=335   ProtosRootNode@5f0deb50                            |Tier 1|Time   42(-219391904+219391947)ms|Reason: jdk.graal.compiler.truffle.GraphTooBigBailoutException: Graph too big to safely compile. Node count: 47863. Graph Size: 150071. Limit: 150000.|Timestamp 219391946631936|Src n/a
[engine] opt done   id=322   ProtosRootNode@7f4415c9                            |Tier 1|Time    14(   4+10  )ms|AST    2|Inlined   0Y   0N|IR    888/  1275|CodeSize    5532|Addr 0x7fbdb38f1be0|Timestamp 219391965637220|Src n/a
[engine] opt done   id=323   ProtosRootNode@12c744ea                            |Tier 1|Time   243(  36+207 )ms|AST    7|Inlined   0Y   0N|IR   3274/ 11759|CodeSize   58540|Addr 0x7fbdb38f4de0|Timestamp 219392210723405|Src n/a
[engine] opt done   id=423   ProtosRootNode@79283a19                            |Tier 1|Time    28(   7+21  )ms|AST    2|Inlined   0Y   0N|IR    591/  1658|CodeSize    7561|Addr 0x7fbdb390d9a0|Timestamp 219392604837029|Src n/a
[engine] opt done   id=424   ProtosRootNode@5de22a37                            |Tier 1|Time   994( 106+888 )ms|AST   21|Inlined   0Y   0N|IR  14020/ 53241|CodeSize  270090|Addr 0x7fbdb3916320|Timestamp 219393600650150|Src n/a
[engine] opt done   id=419   ProtosRootNode@3f848510                            |Tier 1|Time    15(   5+9   )ms|AST    2|Inlined   0Y   0N|IR    888/  1275|CodeSize    5532|Addr 0x7fbdb397cf60|Timestamp 219393618177967|Src n/a
[engine] opt done   id=420   ProtosRootNode@384d5b3e                            |Tier 1|Time   411(  61+349 )ms|AST   11|Inlined   0Y   0N|IR   7978/ 27794|CodeSize  142526|Addr 0x7fbdb39814a0|Timestamp 219394029578511|Src n/a
[engine] opt done   id=421   ProtosRootNode@61a7bd08                            |Tier 1|Time    28(   4+24  )ms|AST    2|Inlined   0Y   0N|IR    888/  1275|CodeSize    5532|Addr 0x7fbdb39b9a60|Timestamp 219394058965076|Src n/a
[engine] opt done   id=422   ProtosRootNode@26706769                            |Tier 1|Time   998(  93+905 )ms|AST   20|Inlined   0Y   0N|IR  14888/ 52207|CodeSize  277130|Addr 0x7fbdb39bf920|Timestamp 219395057553971|Src n/a
[engine] opt done   id=423   ProtosRootNode@79283a19                            |Tier 2|Time    28(   3+24  )ms|AST    2|Inlined   0Y   0N|IR    518/  1448|CodeSize    7174|Addr 0x7fbdb3a2bd60|Timestamp 219395125367956|Src n/a
[engine] opt done   id=424   ProtosRootNode@5de22a37                            |Tier 2|Time  1042(  94+948 )ms|AST   21|Inlined   0Y   0N|IR  13947/ 43545|CodeSize  232632|Addr 0x7fbdb3a325c0|Timestamp 219396168058451|Src n/a
[engine] opt done   id=419   ProtosRootNode@3f848510                            |Tier 2|Time    19(   4+14  )ms|AST    2|Inlined   0Y   0N|IR    815/   944|CodeSize    4429|Addr 0x7fbdb3a8a500|Timestamp 219396234154547|Src n/a
[engine] opt done   id=420   ProtosRootNode@384d5b3e                            |Tier 2|Time   771( 102+669 )ms|AST   11|Inlined   0Y   0N|IR   7905/ 22538|CodeSize  119069|Addr 0x7fbdb3a8e8a0|Timestamp 219397007300037|Src n/a
[engine] opt done   id=421   ProtosRootNode@61a7bd08                            |Tier 2|Time    17(   4+13  )ms|AST    2|Inlined   0Y   0N|IR    815/   944|CodeSize    4429|Addr 0x7fbdb3abc800|Timestamp 219397041502905|Src n/a
[engine] opt done   id=422   ProtosRootNode@26706769                            |Tier 2|Time   958(  87+871 )ms|AST   20|Inlined   0Y   0N|IR  14815/ 42103|CodeSize  225551|Addr 0x7fbdb3ac22e0|Timestamp 219398000402765|Src n/a
[engine] opt done   id=425   ProtosRootNode@7e9422ca                            |Tier 1|Time    22(   4+17  )ms|AST    2|Inlined   0Y   0N|IR    888/  2671|CodeSize   13140|Addr 0x7fbdb3b19fc0|Timestamp 219398068988802|Src n/a
[engine] opt failed id=426   ProtosRootNode@5ce79fd7                            |Tier 1|Time   41(-219398069+219398110)ms|Reason: jdk.graal.compiler.truffle.GraphTooBigBailoutException: Graph too big to safely compile. Node count: 47863. Graph Size: 150071. Limit: 150000.|Timestamp 219398110470076|Src n/a
[engine] opt failed id=426   ProtosRootNode@5ce79fd7                            |Tier 1|Time   41(-219398117+219398158)ms|Reason: jdk.graal.compiler.truffle.GraphTooBigBailoutException: Graph too big to safely compile. Node count: 47863. Graph Size: 150071. Limit: 150000.|Timestamp 219398158210911|Src n/a
[engine] opt done   id=413   ProtosRootNode@12576f1f                            |Tier 1|Time    14(   4+9   )ms|AST    2|Inlined   0Y   0N|IR    888/  1275|CodeSize    5532|Addr 0x7fbdb3b1fbe0|Timestamp 219398175724877|Src n/a
[engine] opt done   id=414   ProtosRootNode@3e311f65                            |Tier 1|Time   113(  17+97  )ms|AST    7|Inlined   0Y   0N|IR   3274/ 11759|CodeSize   58540|Addr 0x7fbdb3b22de0|Timestamp 219398289388936|Src n/a
[engine] opt done   id=514   ProtosRootNode@5c089fdf                            |Tier 1|Time    29(   9+20  )ms|AST    2|Inlined   0Y   0N|IR    591/  1658|CodeSize    7561|Addr 0x7fbdb3b3d820|Timestamp 219398531945889|Src n/a
[engine] opt done   id=515   ProtosRootNode@732cb52b                            |Tier 1|Time  1071( 124+947 )ms|AST   21|Inlined   0Y   0N|IR  14020/ 53241|CodeSize  270090|Addr 0x7fbdb3b461a0|Timestamp 219399605145370|Src n/a
[engine] opt done   id=510   ProtosRootNode@54354e5c                            |Tier 1|Time    26(   7+19  )ms|AST    2|Inlined   0Y   0N|IR    888/  1275|CodeSize    5532|Addr 0x7fbdb3bac4e0|Timestamp 219399635481819|Src n/a
[engine] opt done   id=511   ProtosRootNode@70d59dd4                            |Tier 1|Time   452(  65+387 )ms|AST   11|Inlined   0Y   0N|IR   7978/ 27794|CodeSize  142526|Addr 0x7fbdb3bb0ea0|Timestamp 219400089426366|Src n/a
[engine] opt done   id=512   ProtosRootNode@68739aca                            |Tier 1|Time    29(   4+25  )ms|AST    2|Inlined   0Y   0N|IR    888/  1275|CodeSize    5532|Addr 0x7fbdb3be9460|Timestamp 219400119686434|Src n/a
[engine] opt done   id=513   ProtosRootNode@6376f708                            |Tier 1|Time  1066(  93+973 )ms|AST   20|Inlined   0Y   0N|IR  14888/ 52207|CodeSize  277130|Addr 0x7fbdb3bef320|Timestamp 219401186560683|Src n/a
[engine] opt done   id=514   ProtosRootNode@5c089fdf                            |Tier 2|Time    29(   4+26  )ms|AST    2|Inlined   0Y   0N|IR    518/  1448|CodeSize    7174|Addr 0x7fbdb3c5b460|Timestamp 219401258176254|Src n/a
[engine] opt done   id=515   ProtosRootNode@732cb52b                            |Tier 2|Time   949(  84+865 )ms|AST   21|Inlined   0Y   0N|IR  13947/ 43545|CodeSize  232632|Addr 0x7fbdb3c614c0|Timestamp 219402209574120|Src n/a
[engine] opt done   id=510   ProtosRootNode@54354e5c                            |Tier 2|Time    17(   5+12  )ms|AST    2|Inlined   0Y   0N|IR    815/   944|CodeSize    4429|Addr 0x7fbdb3cb9800|Timestamp 219402287417781|Src n/a
[engine] opt done   id=511   ProtosRootNode@70d59dd4                            |Tier 2|Time   444(  42+402 )ms|AST   11|Inlined   0Y   0N|IR   7905/ 22538|CodeSize  119069|Addr 0x7fbdb3cbcf20|Timestamp 219402731703103|Src n/a
[engine] opt done   id=512   ProtosRootNode@68739aca                            |Tier 2|Time    19(   4+15  )ms|AST    2|Inlined   0Y   0N|IR    815/   944|CodeSize    4429|Addr 0x7fbdb3ceae80|Timestamp 219402754420664|Src n/a
[engine] opt done   id=513   ProtosRootNode@6376f708                            |Tier 2|Time   959(  97+862 )ms|AST   20|Inlined   0Y   0N|IR  14815/ 42103|CodeSize  225551|Addr 0x7fbdb3cefde0|Timestamp 219403715043866|Src n/a
[engine] opt done   id=516   ProtosRootNode@2fb2cec1                            |Tier 1|Time    22(   5+17  )ms|AST    2|Inlined   0Y   0N|IR    888/  2671|CodeSize   13140|Addr 0x7fbdb3d46ac0|Timestamp 219403770431556|Src n/a
[engine] opt failed id=517   ProtosRootNode@72ed8fdd                            |Tier 1|Time   55(-219403771+219403826)ms|Reason: jdk.graal.compiler.truffle.GraphTooBigBailoutException: Graph too big to safely compile. Node count: 47863. Graph Size: 150071. Limit: 150000.|Timestamp 219403825565665|Src n/a
[engine] opt failed id=517   ProtosRootNode@72ed8fdd                            |Tier 1|Time   41(-219403832+219403873)ms|Reason: jdk.graal.compiler.truffle.GraphTooBigBailoutException: Graph too big to safely compile. Node count: 47863. Graph Size: 150071. Limit: 150000.|Timestamp 219403872794735|Src n/a
[engine] opt done   id=504   ProtosRootNode@4f3b9d52                            |Tier 1|Time    14(   4+9   )ms|AST    2|Inlined   0Y   0N|IR    888/  1275|CodeSize    5532|Addr 0x7fbdb3d4d660|Timestamp 219403890711533|Src n/a
[engine] opt done   id=505   ProtosRootNode@d13fbe2                             |Tier 1|Time   113(  17+96  )ms|AST    7|Inlined   0Y   0N|IR   3274/ 11759|CodeSize   58540|Addr 0x7fbdb3d50860|Timestamp 219404004398037|Src n/a
[engine] opt done   id=605   ProtosRootNode@669315ed                            |Tier 1|Time    15(   4+11  )ms|AST    2|Inlined   0Y   0N|IR    591/  1658|CodeSize    7561|Addr 0x7fbdb3d69720|Timestamp 219404198625975|Src n/a
[engine] opt done   id=606   ProtosRootNode@5d67cb4c                            |Tier 1|Time   979( 107+873 )ms|AST   21|Inlined   0Y   0N|IR  14020/ 53241|CodeSize  270090|Addr 0x7fbdb3d72a20|Timestamp 219405178501221|Src n/a
[engine] opt done   id=601   ProtosRootNode@843e189                             |Tier 1|Time    15(   5+10  )ms|AST    2|Inlined   0Y   0N|IR    888/  1275|CodeSize    5532|Addr 0x7fbdb3dd8d60|Timestamp 219405195779046|Src n/a
[engine] opt done   id=602   ProtosRootNode@412274df                            |Tier 1|Time   438(  60+377 )ms|AST   11|Inlined   0Y   0N|IR   7978/ 27794|CodeSize  142526|Addr 0x7fbdb3ddd620|Timestamp 219405635556638|Src n/a
[engine] opt done   id=603   ProtosRootNode@50fa7c17                            |Tier 1|Time    14(   5+9   )ms|AST    2|Inlined   0Y   0N|IR    888/  1275|CodeSize    5532|Addr 0x7fbdb3e15be0|Timestamp 219405650327950|Src n/a
[engine] opt done   id=604   ProtosRootNode@3c035728                            |Tier 1|Time   984(  98+886 )ms|AST   20|Inlined   0Y   0N|IR  14888/ 52207|CodeSize  277130|Addr 0x7fbdb3e1baa0|Timestamp 219406634165616|Src n/a
[engine] opt done   id=605   ProtosRootNode@669315ed                            |Tier 2|Time    36(   4+33  )ms|AST    2|Inlined   0Y   0N|IR    518/  1448|CodeSize    7174|Addr 0x7fbdb3e87be0|Timestamp 219406714373576|Src n/a
[engine] opt done   id=606   ProtosRootNode@5d67cb4c                            |Tier 2|Time   973(  82+890 )ms|AST   21|Inlined   0Y   0N|IR  13947/ 43545|CodeSize  232632|Addr 0x7fbdb3e8d940|Timestamp 219407687477353|Src n/a
[engine] opt done   id=601   ProtosRootNode@843e189                             |Tier 2|Time    16(   4+12  )ms|AST    2|Inlined   0Y   0N|IR    815/   944|CodeSize    4429|Addr 0x7fbdb3ee5880|Timestamp 219407757471523|Src n/a
[engine] opt done   id=602   ProtosRootNode@412274df                            |Tier 2|Time   434(  41+393 )ms|AST   11|Inlined   0Y   0N|IR   7905/ 22538|CodeSize  119069|Addr 0x7fbdb3ee8fa0|Timestamp 219408192644975|Src n/a
[engine] opt done   id=603   ProtosRootNode@50fa7c17                            |Tier 2|Time    17(   4+12  )ms|AST    2|Inlined   0Y   0N|IR    815/   944|CodeSize    4429|Addr 0x7fbdb3f16f00|Timestamp 219408224786551|Src n/a
[engine] opt done   id=604   ProtosRootNode@3c035728                            |Tier 2|Time  1025(  88+937 )ms|AST   20|Inlined   0Y   0N|IR  14815/ 42103|CodeSize  225551|Addr 0x7fbdb3f1bae0|Timestamp 219409249894781|Src n/a
[engine] opt done   id=607   ProtosRootNode@7d8e8bf8                            |Tier 1|Time    21(   4+17  )ms|AST    2|Inlined   0Y   0N|IR    888/  2671|CodeSize   13140|Addr 0x7fbdb3f72940|Timestamp 219409319369617|Src n/a
[engine] opt failed id=608   ProtosRootNode@720df5c9                            |Tier 1|Time   41(-219409320+219409361)ms|Reason: jdk.graal.compiler.truffle.GraphTooBigBailoutException: Graph too big to safely compile. Node count: 47863. Graph Size: 150071. Limit: 150000.|Timestamp 219409361112789|Src n/a
[engine] opt failed id=608   ProtosRootNode@720df5c9                            |Tier 1|Time   42(-219409367+219409409)ms|Reason: jdk.graal.compiler.truffle.GraphTooBigBailoutException: Graph too big to safely compile. Node count: 47863. Graph Size: 150071. Limit: 150000.|Timestamp 219409409056332|Src n/a
[engine] opt done   id=595   ProtosRootNode@7be35583                            |Tier 1|Time    14(   4+9   )ms|AST    2|Inlined   0Y   0N|IR    888/  1275|CodeSize    5532|Addr 0x7fbdb3f78560|Timestamp 219409426721587|Src n/a
[engine] opt done   id=596   ProtosRootNode@5e407fa4                            |Tier 1|Time   127(  31+96  )ms|AST    7|Inlined   0Y   0N|IR   3274/ 11759|CodeSize   58540|Addr 0x7fbdb3f7cce0|Timestamp 219409556134324|Src n/a
[engine] opt done   id=696   ProtosRootNode@39c266d5                            |Tier 1|Time    26(   7+19  )ms|AST    2|Inlined   0Y   0N|IR    591/  1658|CodeSize    7561|Addr 0x7fbdb3f95fa0|Timestamp 219409757156787|Src n/a
[engine] opt done   id=697   ProtosRootNode@3e91f5ed                            |Tier 1|Time   977(  78+899 )ms|AST   21|Inlined   0Y   0N|IR  14020/ 53241|CodeSize  270090|Addr 0x7fbdb3f9cb20|Timestamp 219410734870918|Src n/a
[engine] opt done   id=692   ProtosRootNode@725bf3d8                            |Tier 1|Time    14(   4+9   )ms|AST    2|Inlined   0Y   0N|IR    888/  1275|CodeSize    5532|Addr 0x7fbdb4003160|Timestamp 219410783131751|Src n/a
[engine] opt done   id=693   ProtosRootNode@185f32c0                            |Tier 1|Time   388(  41+346 )ms|AST   11|Inlined   0Y   0N|IR   7978/ 27794|CodeSize  142526|Addr 0x7fbdb4007720|Timestamp 219411172168011|Src n/a
[engine] opt done   id=694   ProtosRootNode@49f2965d                            |Tier 1|Time    30(   6+24  )ms|AST    2|Inlined   0Y   0N|IR    888/  1275|CodeSize    5532|Addr 0x7fbdb4040160|Timestamp 219411204853439|Src n/a
[engine] opt done   id=695   ProtosRootNode@27971085                            |Tier 1|Time  1004(  86+918 )ms|AST   20|Inlined   0Y   0N|IR  14888/ 52207|CodeSize  277130|Addr 0x7fbdb4046020|Timestamp 219412209175559|Src n/a
[engine] opt done   id=696   ProtosRootNode@39c266d5                            |Tier 2|Time    19(   3+15  )ms|AST    2|Inlined   0Y   0N|IR    518/  1448|CodeSize    7174|Addr 0x7fbdb40b2160|Timestamp 219412287555187|Src n/a
[engine] opt done   id=697   ProtosRootNode@3e91f5ed                            |Tier 2|Time   969(  84+885 )ms|AST   21|Inlined   0Y   0N|IR  13947/ 43545|CodeSize  232632|Addr 0x7fbdb40b81c0|Timestamp 219413257237603|Src n/a
[engine] opt done   id=692   ProtosRootNode@725bf3d8                            |Tier 2|Time    16(   4+12  )ms|AST    2|Inlined   0Y   0N|IR    815/   944|CodeSize    4429|Addr 0x7fbdb4110100|Timestamp 219413331745712|Src n/a
[engine] opt done   id=693   ProtosRootNode@185f32c0                            |Tier 2|Time   433(  41+392 )ms|AST   11|Inlined   0Y   0N|IR   7905/ 22538|CodeSize  119069|Addr 0x7fbdb4113b20|Timestamp 219413765325741|Src n/a
[engine] opt done   id=694   ProtosRootNode@49f2965d                            |Tier 2|Time    20(   5+15  )ms|AST    2|Inlined   0Y   0N|IR    815/   944|CodeSize    4429|Addr 0x7fbdb4141a80|Timestamp 219413789038215|Src n/a
[engine] opt done   id=695   ProtosRootNode@27971085                            |Tier 2|Time   960(  87+873 )ms|AST   20|Inlined   0Y   0N|IR  14815/ 42103|CodeSize  225551|Addr 0x7fbdb4146660|Timestamp 219414749947539|Src n/a
[engine] opt done   id=698   ProtosRootNode@203a4f94                            |Tier 1|Time    22(   4+17  )ms|AST    2|Inlined   0Y   0N|IR    888/  2671|CodeSize   13140|Addr 0x7fbdb419cf40|Timestamp 219414805261135|Src n/a
[engine] opt failed id=699   ProtosRootNode@73d805c                             |Tier 1|Time   41(-219414806+219414847)ms|Reason: jdk.graal.compiler.truffle.GraphTooBigBailoutException: Graph too big to safely compile. Node count: 47863. Graph Size: 150071. Limit: 150000.|Timestamp 219414847037776|Src n/a
[engine] opt failed id=699   ProtosRootNode@73d805c                             |Tier 1|Time   42(-219414853+219414895)ms|Reason: jdk.graal.compiler.truffle.GraphTooBigBailoutException: Graph too big to safely compile. Node count: 47863. Graph Size: 150071. Limit: 150000.|Timestamp 219414895191458|Src n/a
[engine] opt done   id=686   ProtosRootNode@1611feb1                            |Tier 1|Time    15(   5+9   )ms|AST    2|Inlined   0Y   0N|IR    888/  1275|CodeSize    5532|Addr 0x7fbdb41a3b60|Timestamp 219414914207689|Src n/a
[engine] opt done   id=687   ProtosRootNode@67b74b44                            |Tier 1|Time   115(  18+97  )ms|AST    7|Inlined   0Y   0N|IR   3274/ 11759|CodeSize   58540|Addr 0x7fbdb41a8e60|Timestamp 219415031292912|Src n/a
[engine] opt done   id=787   ProtosRootNode@159e33cd                            |Tier 1|Time    16(   6+10  )ms|AST    2|Inlined   0Y   0N|IR    591/  1658|CodeSize    7561|Addr 0x7fbdb41c0ca0|Timestamp 219415219290846|Src n/a
[engine] opt done   id=788   ProtosRootNode@45697c18                            |Tier 1|Time   936(  79+857 )ms|AST   21|Inlined   0Y   0N|IR  14020/ 53241|CodeSize  270090|Addr 0x7fbdb41c7820|Timestamp 219416155228171|Src n/a
[engine] opt done   id=783   ProtosRootNode@5f6dff89                            |Tier 1|Time    14(   4+9   )ms|AST    2|Inlined   0Y   0N|IR    888/  1275|CodeSize    5532|Addr 0x7fbdb422db60|Timestamp 219416171644680|Src n/a
[engine] opt done   id=784   ProtosRootNode@84bc120                             |Tier 1|Time   432(  61+371 )ms|AST   11|Inlined   0Y   0N|IR   7978/ 27794|CodeSize  142526|Addr 0x7fbdb4231da0|Timestamp 219416603778454|Src n/a
[engine] opt done   id=785   ProtosRootNode@52f52839                            |Tier 1|Time    14(   5+9   )ms|AST    2|Inlined   0Y   0N|IR    888/  1275|CodeSize    5532|Addr 0x7fbdb426a360|Timestamp 219416618401984|Src n/a
[engine] opt done   id=786   ProtosRootNode@60b5f99a                            |Tier 1|Time   953(  95+858 )ms|AST   20|Inlined   0Y   0N|IR  14888/ 52207|CodeSize  277130|Addr 0x7fbdb4270520|Timestamp 219417572495139|Src n/a
[engine] opt done   id=787   ProtosRootNode@159e33cd                            |Tier 2|Time    36(   4+33  )ms|AST    2|Inlined   0Y   0N|IR    518/  1448|CodeSize    7174|Addr 0x7fbdb42dc660|Timestamp 219417652048140|Src n/a
[engine] opt done   id=788   ProtosRootNode@45697c18                            |Tier 2|Time   995(  89+906 )ms|AST   21|Inlined   0Y   0N|IR  13947/ 43545|CodeSize  232632|Addr 0x7fbdb42e26c0|Timestamp 219418647023833|Src n/a
[engine] opt done   id=783   ProtosRootNode@5f6dff89                            |Tier 2|Time    16(   5+12  )ms|AST    2|Inlined   0Y   0N|IR    815/   944|CodeSize    4429|Addr 0x7fbdb433c900|Timestamp 219418739344304|Src n/a
[engine] opt done   id=784   ProtosRootNode@84bc120                             |Tier 2|Time   450(  43+407 )ms|AST   11|Inlined   0Y   0N|IR   7905/ 22538|CodeSize  119069|Addr 0x7fbdb4340020|Timestamp 219419189272076|Src n/a
[engine] opt done   id=785   ProtosRootNode@52f52839                            |Tier 2|Time    16(   4+12  )ms|AST    2|Inlined   0Y   0N|IR    815/   944|CodeSize    4429|Addr 0x7fbdb436df80|Timestamp 219419221327649|Src n/a
[engine] opt done   id=786   ProtosRootNode@60b5f99a                            |Tier 2|Time  1009(  95+915 )ms|AST   20|Inlined   0Y   0N|IR  14815/ 42103|CodeSize  225551|Addr 0x7fbdb4373660|Timestamp 219420232627240|Src n/a
[engine] opt done   id=789   ProtosRootNode@3ddee57e                            |Tier 1|Time    22(   5+17  )ms|AST    2|Inlined   0Y   0N|IR    888/  2671|CodeSize   13140|Addr 0x7fbdb43c9f40|Timestamp 219420290807878|Src n/a
[engine] opt failed id=790   ProtosRootNode@54079fd0                            |Tier 1|Time   41(-219420292+219420333)ms|Reason: jdk.graal.compiler.truffle.GraphTooBigBailoutException: Graph too big to safely compile. Node count: 47863. Graph Size: 150071. Limit: 150000.|Timestamp 219420334582767|Src n/a
[engine] opt failed id=790   ProtosRootNode@54079fd0                            |Tier 1|Time   41(-219420346+219420387)ms|Reason: jdk.graal.compiler.truffle.GraphTooBigBailoutException: Graph too big to safely compile. Node count: 47863. Graph Size: 150071. Limit: 150000.|Timestamp 219420387345219|Src n/a
[engine] opt done   id=777   ProtosRootNode@61bbe4a                             |Tier 1|Time    13(   4+9   )ms|AST    2|Inlined   0Y   0N|IR    888/  1275|CodeSize    5532|Addr 0x7fbdb43d1560|Timestamp 219420401133735|Src n/a
[engine] opt done   id=778   ProtosRootNode@4086aa17                            |Tier 1|Time   119(  16+102 )ms|AST    7|Inlined   0Y   0N|IR   3274/ 11759|CodeSize   58540|Addr 0x7fbdb43d4760|Timestamp 219420520143973|Src n/a
[engine] opt done   id=878   ProtosRootNode@1c370bfb                            |Tier 1|Time    14(   4+10  )ms|AST    2|Inlined   0Y   0N|IR    591/  1658|CodeSize    7561|Addr 0x7fbdb43ec7a0|Timestamp 219420703113536|Src n/a
[engine] opt done   id=879   ProtosRootNode@5dfc9752                            |Tier 1|Time   977(  85+892 )ms|AST   21|Inlined   0Y   0N|IR  14020/ 53241|CodeSize  270090|Addr 0x7fbdb43f3320|Timestamp 219421680284735|Src n/a
[engine] opt done   id=874   ProtosRootNode@fb76c89                             |Tier 1|Time    15(   4+11  )ms|AST    2|Inlined   0Y   0N|IR    888/  1275|CodeSize    5532|Addr 0x7fbdb4459660|Timestamp 219421712182927|Src n/a
[engine] opt done   id=875   ProtosRootNode@7d4a5516                            |Tier 1|Time   428(  51+377 )ms|AST   11|Inlined   0Y   0N|IR   7978/ 27794|CodeSize  142526|Addr 0x7fbdb445dda0|Timestamp 219422140657878|Src n/a
[engine] opt done   id=876   ProtosRootNode@7af2eded                            |Tier 1|Time    20(   4+16  )ms|AST    2|Inlined   0Y   0N|IR    888/  1275|CodeSize    5532|Addr 0x7fbdb4496360|Timestamp 219422161270986|Src n/a
[engine] opt done   id=877   ProtosRootNode@3fa8cfe8                            |Tier 1|Time  1000(  82+918 )ms|AST   20|Inlined   0Y   0N|IR  14888/ 52207|CodeSize  277130|Addr 0x7fbdb449c220|Timestamp 219423161838618|Src n/a
[engine] opt done   id=878   ProtosRootNode@1c370bfb                            |Tier 2|Time    55(   7+49  )ms|AST    2|Inlined   0Y   0N|IR    518/  1448|CodeSize    7174|Addr 0x7fbdb45090e0|Timestamp 219423265102749|Src n/a
[engine] opt done   id=879   ProtosRootNode@5dfc9752                            |Tier 2|Time  1056(  92+963 )ms|AST   21|Inlined   0Y   0N|IR  13947/ 43545|CodeSize  232632|Addr 0x7fbdb4510740|Timestamp 219424321661240|Src n/a
[engine] opt done   id=874   ProtosRootNode@fb76c89                             |Tier 2|Time    17(   4+12  )ms|AST    2|Inlined   0Y   0N|IR    815/   944|CodeSize    4429|Addr 0x7fbdb4568680|Timestamp 219424377896407|Src n/a
[engine] opt done   id=875   ProtosRootNode@7d4a5516                            |Tier 2|Time   428(  53+375 )ms|AST   11|Inlined   0Y   0N|IR   7905/ 22538|CodeSize  119069|Addr 0x7fbdb456c1a0|Timestamp 219424809089683|Src n/a
[engine] opt done   id=876   ProtosRootNode@7af2eded                            |Tier 2|Time    16(   4+12  )ms|AST    2|Inlined   0Y   0N|IR    815/   944|CodeSize    4429|Addr 0x7fbdb459a100|Timestamp 219424844045309|Src n/a
[engine] opt done   id=877   ProtosRootNode@3fa8cfe8                            |Tier 2|Time  1158(  85+1073)ms|AST   20|Inlined   0Y   0N|IR  14815/ 42103|CodeSize  225551|Addr 0x7fbdb459ece0|Timestamp 219426002147830|Src n/a
[engine] opt done   id=880   ProtosRootNode@59146eea                            |Tier 1|Time    22(   5+18  )ms|AST    2|Inlined   0Y   0N|IR    888/  2671|CodeSize   13140|Addr 0x7fbdb45f5940|Timestamp 219426048251418|Src n/a
[engine] opt failed id=881   ProtosRootNode@149f1b56                            |Tier 1|Time   43(-219426049+219426092)ms|Reason: jdk.graal.compiler.truffle.GraphTooBigBailoutException: Graph too big to safely compile. Node count: 47863. Graph Size: 150071. Limit: 150000.|Timestamp 219426091576034|Src n/a
[engine] opt failed id=881   ProtosRootNode@149f1b56                            |Tier 1|Time   52(-219426101+219426152)ms|Reason: jdk.graal.compiler.truffle.GraphTooBigBailoutException: Graph too big to safely compile. Node count: 47863. Graph Size: 150071. Limit: 150000.|Timestamp 219426152344852|Src n/a
[engine] opt done   id=868   ProtosRootNode@26c97fea                            |Tier 1|Time    17(   5+12  )ms|AST    2|Inlined   0Y   0N|IR    888/  1275|CodeSize    5532|Addr 0x7fbdb45fbfe0|Timestamp 219426169507823|Src n/a
[engine] opt done   id=869   ProtosRootNode@6b74ce33                            |Tier 1|Time   130(  17+112 )ms|AST    7|Inlined   0Y   0N|IR   3274/ 11759|CodeSize   58540|Addr 0x7fbdb45ff1e0|Timestamp 219426299541769|Src n/a
[engine] opt done   id=969   ProtosRootNode@2a5b0582                            |Tier 1|Time    23(  10+13  )ms|AST    2|Inlined   0Y   0N|IR    591/  1658|CodeSize    7561|Addr 0x7fbdb46180a0|Timestamp 219426505926747|Src n/a
[engine] opt done   id=970   ProtosRootNode@7a6dae24                            |Tier 1|Time   985(  89+897 )ms|AST   21|Inlined   0Y   0N|IR  14020/ 53241|CodeSize  270090|Addr 0x7fbdb461ec20|Timestamp 219427491862241|Src n/a
[engine] opt done   id=965   ProtosRootNode@3a2970b9                            |Tier 1|Time    14(   4+10  )ms|AST    2|Inlined   0Y   0N|IR    888/  1275|CodeSize    5532|Addr 0x7fbdb4684f60|Timestamp 219427508962892|Src n/a
[engine] opt done   id=966   ProtosRootNode@5114651                             |Tier 1|Time   430(  56+374 )ms|AST   11|Inlined   0Y   0N|IR   7978/ 27794|CodeSize  142526|Addr 0x7fbdb46891a0|Timestamp 219427938840904|Src n/a
[engine] opt done   id=967   ProtosRootNode@5ad40c55                            |Tier 1|Time    21(   5+16  )ms|AST    2|Inlined   0Y   0N|IR    888/  1275|CodeSize    5532|Addr 0x7fbdb46c1760|Timestamp 219427960755917|Src n/a
[engine] opt done   id=968   ProtosRootNode@1e5c339f                            |Tier 1|Time   964(  87+877 )ms|AST   20|Inlined   0Y   0N|IR  14888/ 52207|CodeSize  277130|Addr 0x7fbdb46c7620|Timestamp 219428924736160|Src n/a
[engine] opt done   id=969   ProtosRootNode@2a5b0582                            |Tier 2|Time    28(   4+24  )ms|AST    2|Inlined   0Y   0N|IR    518/  1448|CodeSize    7174|Addr 0x7fbdb4733760|Timestamp 219428996951580|Src n/a
[engine] opt done   id=970   ProtosRootNode@7a6dae24                            |Tier 2|Time   959(  78+881 )ms|AST   21|Inlined   0Y   0N|IR  13947/ 43545|CodeSize  232632|Addr 0x7fbdb47394c0|Timestamp 219429957520810|Src n/a
[engine] opt done   id=965   ProtosRootNode@3a2970b9                            |Tier 2|Time    16(   4+12  )ms|AST    2|Inlined   0Y   0N|IR    815/   944|CodeSize    4429|Addr 0x7fbdb4791400|Timestamp 219430028659506|Src n/a
[engine] opt done   id=966   ProtosRootNode@5114651                             |Tier 2|Time   426(  44+382 )ms|AST   11|Inlined   0Y   0N|IR   7905/ 22538|CodeSize  119069|Addr 0x7fbdb4794b20|Timestamp 219430455084025|Src n/a
[engine] opt done   id=967   ProtosRootNode@5ad40c55                            |Tier 2|Time    17(   4+12  )ms|AST    2|Inlined   0Y   0N|IR    815/   944|CodeSize    4429|Addr 0x7fbdb47c2a80|Timestamp 219430486965155|Src n/a
[engine] opt done   id=968   ProtosRootNode@1e5c339f                            |Tier 2|Time  1191(  89+1103)ms|AST   20|Inlined   0Y   0N|IR  14815/ 42103|CodeSize  225551|Addr 0x7fbdb47c7660|Timestamp 219431678780524|Src n/a
[engine] opt done   id=971   ProtosRootNode@4704cbc9                            |Tier 1|Time    42(   8+34  )ms|AST    2|Inlined   0Y   0N|IR    888/  2671|CodeSize   13140|Addr 0x7fbdb481fcc0|Timestamp 219431761583883|Src n/a
[engine] opt failed id=972   ProtosRootNode@fca1760                             |Tier 1|Time   41(-219431762+219431803)ms|Reason: jdk.graal.compiler.truffle.GraphTooBigBailoutException: Graph too big to safely compile. Node count: 47863. Graph Size: 150071. Limit: 150000.|Timestamp 219431803337019|Src n/a
[engine] opt failed id=972   ProtosRootNode@fca1760                             |Tier 1|Time   42(-219431810+219431852)ms|Reason: jdk.graal.compiler.truffle.GraphTooBigBailoutException: Graph too big to safely compile. Node count: 47863. Graph Size: 150071. Limit: 150000.|Timestamp 219431851874317|Src n/a
[engine] opt done   id=959   ProtosRootNode@6bccc8db                            |Tier 1|Time    17(   7+10  )ms|AST    2|Inlined   0Y   0N|IR    888/  1275|CodeSize    5532|Addr 0x7fbdb4825de0|Timestamp 219431870635625|Src n/a
[engine] opt done   id=960   ProtosRootNode@5713413f                            |Tier 1|Time   120(  17+103 )ms|AST    7|Inlined   0Y   0N|IR   3274/ 11759|CodeSize   58540|Addr 0x7fbdb48292e0|Timestamp 219431990821640|Src n/a
[engine] opt done   id=101   ProtosRootNode@6bd8f84f                            |Tier 2|Time    19(   4+15  )ms|AST    2|Inlined   0Y   0N|IR    518/  1448|CodeSize    7174|Addr 0x7fbdb48409e0|Timestamp 219432167908683|Src n/a
[engine] opt done   id=102   ProtosRootNode@419c40f5                            |Tier 2|Time   270(  28+242 )ms|AST    9|Inlined   0Y   0N|IR   5150/ 16573|CodeSize   89297|Addr 0x7fbdb4844e60|Timestamp 219432438650215|Src n/a
[engine] opt done   id=99    ProtosRootNode@3bb2aff5                            |Tier 2|Time    17(   4+13  )ms|AST    2|Inlined   0Y   0N|IR    815/   944|CodeSize    4429|Addr 0x7fbdb4867080|Timestamp 219432458259777|Src n/a
[engine] opt done   id=100   ProtosRootNode@2af5fc0e                            |Tier 2|Time   527(  72+455 )ms|AST   13|Inlined   0Y   0N|IR   8732/ 25546|CodeSize  137540|Addr 0x7fbdb486ab00|Timestamp 219432985521993|Src n/a
[engine] opt done   id=105   ProtosRootNode@5151fe1a                            |Tier 2|Time    20(   4+16  )ms|AST    2|Inlined   0Y   0N|IR    815/   944|CodeSize    4429|Addr 0x7fbdb489f000|Timestamp 219433006213030|Src n/a
[engine] opt done   id=106   ProtosRootNode@634b2bc8                            |Tier 2|Time   258(  26+232 )ms|AST    9|Inlined   0Y   0N|IR   5047/ 14684|CodeSize   76944|Addr 0x7fbdb48a1f60|Timestamp 219433264436232|Src n/a
[engine] opt done   id=1060  ProtosRootNode@403b88d4                            |Tier 1|Time    21(   7+14  )ms|AST    2|Inlined   0Y   0N|IR    591/  1658|CodeSize    7561|Addr 0x7fbdb48c12a0|Timestamp 219433306428379|Src n/a
[engine] opt done   id=1061  ProtosRootNode@483f98c6                            |Tier 1|Time   970(  81+889 )ms|AST   21|Inlined   0Y   0N|IR  14020/ 53241|CodeSize  270090|Addr 0x7fbdb48c7e20|Timestamp 219434276343217|Src n/a
[engine] opt done   id=1056  ProtosRootNode@1efd81da                            |Tier 1|Time    14(   4+9   )ms|AST    2|Inlined   0Y   0N|IR    888/  1275|CodeSize    5532|Addr 0x7fbdb492e160|Timestamp 219434292572733|Src n/a
[engine] opt done   id=1057  ProtosRootNode@86d7840                             |Tier 1|Time   408(  60+348 )ms|AST   11|Inlined   0Y   0N|IR   7978/ 27794|CodeSize  142526|Addr 0x7fbdb49323a0|Timestamp 219434701064757|Src n/a
[engine] opt done   id=1058  ProtosRootNode@4a9410b9                            |Tier 1|Time    27(   4+23  )ms|AST    2|Inlined   0Y   0N|IR    888/  1275|CodeSize    5532|Addr 0x7fbdb496a960|Timestamp 219434728724606|Src n/a
[engine] opt done   id=1059  ProtosRootNode@7f785640                            |Tier 1|Time  1030(  93+936 )ms|AST   20|Inlined   0Y   0N|IR  14888/ 52207|CodeSize  277130|Addr 0x7fbdb4970820|Timestamp 219435758526866|Src n/a
[engine] opt done   id=1060  ProtosRootNode@403b88d4                            |Tier 2|Time    29(   4+25  )ms|AST    2|Inlined   0Y   0N|IR    518/  1448|CodeSize    7174|Addr 0x7fbdb49dc960|Timestamp 219435825948781|Src n/a
[engine] opt done   id=1061  ProtosRootNode@483f98c6                            |Tier 2|Time  1050(  80+970 )ms|AST   21|Inlined   0Y   0N|IR  13947/ 43545|CodeSize  232632|Addr 0x7fbdb49e26c0|Timestamp 219436875837067|Src n/a
[engine] opt done   id=1056  ProtosRootNode@1efd81da                            |Tier 2|Time    17(   4+12  )ms|AST    2|Inlined   0Y   0N|IR    815/   944|CodeSize    4429|Addr 0x7fbdb4a3a600|Timestamp 219436955326588|Src n/a
[engine] opt done   id=1057  ProtosRootNode@86d7840                             |Tier 2|Time   420(  43+378 )ms|AST   11|Inlined   0Y   0N|IR   7905/ 22538|CodeSize  119069|Addr 0x7fbdb4a3dd20|Timestamp 219437375939032|Src n/a
[engine] opt done   id=1058  ProtosRootNode@4a9410b9                            |Tier 2|Time    16(   4+12  )ms|AST    2|Inlined   0Y   0N|IR    815/   944|CodeSize    4429|Addr 0x7fbdb4a6bc80|Timestamp 219437407452869|Src n/a
[engine] opt done   id=1059  ProtosRootNode@7f785640                            |Tier 2|Time   990(  84+906 )ms|AST   20|Inlined   0Y   0N|IR  14815/ 42103|CodeSize  225551|Addr 0x7fbdb4a70860|Timestamp 219438398177870|Src n/a
[engine] opt done   id=1062  ProtosRootNode@91f9472                             |Tier 1|Time    22(   4+18  )ms|AST    2|Inlined   0Y   0N|IR    888/  2671|CodeSize   13140|Addr 0x7fbdb4ac7140|Timestamp 219438456116260|Src n/a
[engine] opt failed id=1063  ProtosRootNode@1613d27c                            |Tier 1|Time   53(-219438456+219438509)ms|Reason: jdk.graal.compiler.truffle.GraphTooBigBailoutException: Graph too big to safely compile. Node count: 47863. Graph Size: 150071. Limit: 150000.|Timestamp 219438509273808|Src n/a
[engine] opt failed id=1063  ProtosRootNode@1613d27c                            |Tier 1|Time   70(-219438509+219438580)ms|Reason: jdk.graal.compiler.truffle.GraphTooBigBailoutException: Graph too big to safely compile. Node count: 47863. Graph Size: 150071. Limit: 150000.|Timestamp 219438579895437|Src n/a
[engine] opt done   id=1050  ProtosRootNode@4396a5c6                            |Tier 1|Time    15(   4+10  )ms|AST    2|Inlined   0Y   0N|IR    888/  1275|CodeSize    5532|Addr 0x7fbdb4accd60|Timestamp 219438594870847|Src n/a
[engine] opt done   id=1051  ProtosRootNode@cdab5c8                             |Tier 1|Time   125(  16+109 )ms|AST    7|Inlined   0Y   0N|IR   3274/ 11759|CodeSize   58540|Addr 0x7fbdb4acff60|Timestamp 219438720152610|Src n/a
[engine] opt done   id=1151  ProtosRootNode@4b92fc97                            |Tier 1|Time    27(   7+20  )ms|AST    2|Inlined   0Y   0N|IR    591/  1658|CodeSize    7561|Addr 0x7fbdb4ae7aa0|Timestamp 219438920011311|Src n/a
[engine] opt done   id=1152  ProtosRootNode@5444cc5b                            |Tier 1|Time  1429( 224+1205)ms|AST   21|Inlined   0Y   0N|IR  14020/ 53241|CodeSize  270090|Addr 0x7fbdb4af00a0|Timestamp 219440351216131|Src n/a
[engine] opt done   id=1147  ProtosRootNode@371ce90                             |Tier 1|Time    31(   4+27  )ms|AST    2|Inlined   0Y   0N|IR    888/  1275|CodeSize    5532|Addr 0x7fbdb4b563e0|Timestamp 219440384679016|Src n/a
[engine] opt done   id=1148  ProtosRootNode@c984e56                             |Tier 1|Time   385(  38+347 )ms|AST   11|Inlined   0Y   0N|IR   7978/ 27794|CodeSize  142526|Addr 0x7fbdb4b5a620|Timestamp 219440769712066|Src n/a
[engine] opt done   id=1149  ProtosRootNode@52b651d1                            |Tier 1|Time    25(   4+21  )ms|AST    2|Inlined   0Y   0N|IR    888/  1275|CodeSize    5532|Addr 0x7fbdb4b92be0|Timestamp 219440795321045|Src n/a
[engine] opt done   id=1150  ProtosRootNode@3aed22c7                            |Tier 1|Time  1004( 101+904 )ms|AST   20|Inlined   0Y   0N|IR  14888/ 52207|CodeSize  277130|Addr 0x7fbdb4b98aa0|Timestamp 219441800367561|Src n/a
[engine] opt done   id=1151  ProtosRootNode@4b92fc97                            |Tier 2|Time    27(   4+24  )ms|AST    2|Inlined   0Y   0N|IR    518/  1448|CodeSize    7174|Addr 0x7fbdb4c04be0|Timestamp 219441867289262|Src n/a
[engine] opt done   id=1152  ProtosRootNode@5444cc5b                            |Tier 2|Time  1027(  89+938 )ms|AST   21|Inlined   0Y   0N|IR  13947/ 43545|CodeSize  232632|Addr 0x7fbdb4c0acc0|Timestamp 219442894098842|Src n/a
[engine] opt done   id=1147  ProtosRootNode@371ce90                             |Tier 2|Time    16(   4+12  )ms|AST    2|Inlined   0Y   0N|IR    815/   944|CodeSize    4429|Addr 0x7fbdb4c65b00|Timestamp 219443006859114|Src n/a
[engine] opt done   id=1148  ProtosRootNode@c984e56                             |Tier 2|Time   430(  42+387 )ms|AST   11|Inlined   0Y   0N|IR   7905/ 22538|CodeSize  119069|Addr 0x7fbdb4c69220|Timestamp 219443436727786|Src n/a
[engine] opt done   id=1149  ProtosRootNode@52b651d1                            |Tier 2|Time    16(   4+12  )ms|AST    2|Inlined   0Y   0N|IR    815/   944|CodeSize    4429|Addr 0x7fbdb4c97180|Timestamp 219443456353017|Src n/a
[engine] opt done   id=1150  ProtosRootNode@3aed22c7                            |Tier 2|Time  1037( 111+925 )ms|AST   20|Inlined   0Y   0N|IR  14815/ 42103|CodeSize  225551|Addr 0x7fbdb4c9bd60|Timestamp 219444493595006|Src n/a
[engine] opt done   id=1153  ProtosRootNode@6dbd6eba                            |Tier 1|Time    29(   5+24  )ms|AST    2|Inlined   0Y   0N|IR    888/  2671|CodeSize   13140|Addr 0x7fbdb4cf2640|Timestamp 219444541996309|Src n/a
[engine] opt failed id=1154  ProtosRootNode@5f00c0e5                            |Tier 1|Time   41(-219444542+219444584)ms|Reason: jdk.graal.compiler.truffle.GraphTooBigBailoutException: Graph too big to safely compile. Node count: 47863. Graph Size: 150071. Limit: 150000.|Timestamp 219444583800823|Src n/a
[engine] opt failed id=1154  ProtosRootNode@5f00c0e5                            |Tier 1|Time   46(-219444584+219444630)ms|Reason: jdk.graal.compiler.truffle.GraphTooBigBailoutException: Graph too big to safely compile. Node count: 47863. Graph Size: 150071. Limit: 150000.|Timestamp 219444629967826|Src n/a
[engine] opt done   id=1141  ProtosRootNode@10219918                            |Tier 1|Time    14(   4+9   )ms|AST    2|Inlined   0Y   0N|IR    888/  1275|CodeSize    5532|Addr 0x7fbdb4cf8560|Timestamp 219444654374409|Src n/a
[engine] opt done   id=1142  ProtosRootNode@5e415dde                            |Tier 1|Time   118(  16+103 )ms|AST    7|Inlined   0Y   0N|IR   3274/ 11759|CodeSize   58540|Addr 0x7fbdb4cfb760|Timestamp 219444772992207|Src n/a
[engine] opt done   id=1242  ProtosRootNode@338c958c                            |Tier 1|Time    14(   4+10  )ms|AST    2|Inlined   0Y   0N|IR    591/  1658|CodeSize    7561|Addr 0x7fbdb4d138a0|Timestamp 219444954576246|Src n/a
[engine] opt done   id=1243  ProtosRootNode@3d026f5                             |Tier 1|Time  1022(  91+931 )ms|AST   21|Inlined   0Y   0N|IR  14020/ 53241|CodeSize  270090|Addr 0x7fbdb4d1a420|Timestamp 219445977059207|Src n/a
[engine] opt done   id=1238  ProtosRootNode@4857c3af                            |Tier 1|Time    14(   4+10  )ms|AST    2|Inlined   0Y   0N|IR    888/  1275|CodeSize    5532|Addr 0x7fbdb4d80760|Timestamp 219445993714684|Src n/a
[engine] opt done   id=1239  ProtosRootNode@74a8a377                            |Tier 1|Time   476(  61+415 )ms|AST   11|Inlined   0Y   0N|IR   7978/ 27794|CodeSize  142526|Addr 0x7fbdb4d84e20|Timestamp 219446473700569|Src n/a
[engine] opt done   id=1240  ProtosRootNode@f70cc82                             |Tier 1|Time    14(   4+10  )ms|AST    2|Inlined   0Y   0N|IR    888/  1275|CodeSize    5532|Addr 0x7fbdb4dbd3e0|Timestamp 219446501730358|Src n/a
[engine] opt done   id=1241  ProtosRootNode@268d84c1                            |Tier 1|Time  1009( 111+897 )ms|AST   20|Inlined   0Y   0N|IR  14888/ 52207|CodeSize  277130|Addr 0x7fbdb4dc39a0|Timestamp 219447512219075|Src n/a
[engine] opt done   id=1242  ProtosRootNode@338c958c                            |Tier 2|Time    77(   4+73  )ms|AST    2|Inlined   0Y   0N|IR    518/  1448|CodeSize    7174|Addr 0x7fbdb32a8160|Timestamp 219447631376113|Src n/a
[engine] opt done   id=1243  ProtosRootNode@3d026f5                             |Tier 2|Time  1021(  81+940 )ms|AST   21|Inlined   0Y   0N|IR  13947/ 43545|CodeSize  232632|Addr 0x7fbdb32ae8c0|Timestamp 219448652945784|Src n/a
[engine] opt done   id=1238  ProtosRootNode@4857c3af                            |Tier 2|Time    16(   4+12  )ms|AST    2|Inlined   0Y   0N|IR    815/   944|CodeSize    4429|Addr 0x7fbdb3311680|Timestamp 219448727101915|Src n/a
[engine] opt done   id=1239  ProtosRootNode@74a8a377                            |Tier 2|Time   465(  46+419 )ms|AST   11|Inlined   0Y   0N|IR   7905/ 22538|CodeSize  119069|Addr 0x7fbdb331a320|Timestamp 219449192752485|Src n/a
[engine] opt done   id=1240  ProtosRootNode@f70cc82                             |Tier 2|Time    16(   4+12  )ms|AST    2|Inlined   0Y   0N|IR    815/   944|CodeSize    4429|Addr 0x7fbdb3622680|Timestamp 219449224153239|Src n/a
[engine] opt done   id=1241  ProtosRootNode@268d84c1                            |Tier 2|Time   968(  85+883 )ms|AST   20|Inlined   0Y   0N|IR  14815/ 42103|CodeSize  225551|Addr 0x7fbdb336ee60|Timestamp 219450192653727|Src n/a
[engine] opt done   id=1244  ProtosRootNode@175865d5                            |Tier 1|Time    22(   4+17  )ms|AST    2|Inlined   0Y   0N|IR    888/  2671|CodeSize   13140|Addr 0x7fbdb3465a40|Timestamp 219450248372612|Src n/a
[engine] opt failed id=1245  ProtosRootNode@3fe6d5e9                            |Tier 1|Time   44(-219450249+219450293)ms|Reason: jdk.graal.compiler.truffle.GraphTooBigBailoutException: Graph too big to safely compile. Node count: 47863. Graph Size: 150071. Limit: 150000.|Timestamp 219450293405889|Src n/a
[engine] opt failed id=1245  ProtosRootNode@3fe6d5e9                            |Tier 1|Time   42(-219450299+219450341)ms|Reason: jdk.graal.compiler.truffle.GraphTooBigBailoutException: Graph too big to safely compile. Node count: 47863. Graph Size: 150071. Limit: 150000.|Timestamp 219450341026498|Src n/a
[engine] opt done   id=1232  ProtosRootNode@49462a4d                            |Tier 1|Time    14(   4+9   )ms|AST    2|Inlined   0Y   0N|IR    888/  1275|CodeSize    5532|Addr 0x7fbdb31c1b60|Timestamp 219450358589658|Src n/a
[engine] opt done   id=1233  ProtosRootNode@7eac70f3                            |Tier 1|Time   114(  17+97  )ms|AST    7|Inlined   0Y   0N|IR   3274/ 11759|CodeSize   58540|Addr 0x7fbdb36bec60|Timestamp 219450472666682|Src n/a
[engine] opt done   id=1333  ProtosRootNode@3edd9e8                             |Tier 1|Time    26(   7+19  )ms|AST    2|Inlined   0Y   0N|IR    591/  1658|CodeSize    7561|Addr 0x7fbdb31458a0|Timestamp 219450668015428|Src n/a
[engine] opt done   id=1334  ProtosRootNode@212ceda1                            |Tier 1|Time  1030(  96+934 )ms|AST   21|Inlined   0Y   0N|IR  14020/ 53241|CodeSize  270090|Addr 0x7fbdb3158d20|Timestamp 219451699522486|Src n/a
[engine] opt done   id=1329  ProtosRootNode@71fa2220                            |Tier 1|Time    16(   5+11  )ms|AST    2|Inlined   0Y   0N|IR    888/  1275|CodeSize    5532|Addr 0x7fbdb32228e0|Timestamp 219451719673108|Src n/a
[engine] opt done   id=1330  ProtosRootNode@7fe4100c                            |Tier 1|Time   402(  55+347 )ms|AST   11|Inlined   0Y   0N|IR   7978/ 27794|CodeSize  142526|Addr 0x7fbdb31c8620|Timestamp 219452122110550|Src n/a
[engine] opt done   id=1331  ProtosRootNode@279c122b                            |Tier 1|Time    28(   4+24  )ms|AST    2|Inlined   0Y   0N|IR    888/  1275|CodeSize    5532|Addr 0x7fbdb35471e0|Timestamp 219452151938427|Src n/a
[engine] opt done   id=1332  ProtosRootNode@2bab9e15                            |Tier 1|Time  1195(  86+1109)ms|AST   20|Inlined   0Y   0N|IR  14888/ 52207|CodeSize  277130|Addr 0x7fbdb32293a0|Timestamp 219453347463965|Src n/a
[engine] opt done   id=1333  ProtosRootNode@3edd9e8                             |Tier 2|Time    28(   4+24  )ms|AST    2|Inlined   0Y   0N|IR    518/  1448|CodeSize    7174|Addr 0x7fbdb35be9e0|Timestamp 219453415128454|Src n/a
[engine] opt done   id=1334  ProtosRootNode@212ceda1                            |Tier 2|Time  1041(  80+961 )ms|AST   21|Inlined   0Y   0N|IR  13947/ 43545|CodeSize  232632|Addr 0x7fbdb35c5140|Timestamp 219454456103748|Src n/a
[engine] opt done   id=1329  ProtosRootNode@71fa2220                            |Tier 2|Time    17(   4+13  )ms|AST    2|Inlined   0Y   0N|IR    815/   944|CodeSize    4429|Addr 0x7fbdb36bb780|Timestamp 219454531951365|Src n/a
[engine] opt done   id=1330  ProtosRootNode@7fe4100c                            |Tier 2|Time   473(  45+428 )ms|AST   11|Inlined   0Y   0N|IR   7905/ 22538|CodeSize  119069|Addr 0x7fbdb3628a20|Timestamp 219455004812911|Src n/a
[engine] opt done   id=1331  ProtosRootNode@279c122b                            |Tier 2|Time    19(   4+15  )ms|AST    2|Inlined   0Y   0N|IR    815/   944|CodeSize    4429|Addr 0x7fbdb3625300|Timestamp 219455027253673|Src n/a
[engine] opt done   id=1332  ProtosRootNode@2bab9e15                            |Tier 2|Time   996(  92+904 )ms|AST   20|Inlined   0Y   0N|IR  14815/ 42103|CodeSize  225551|Addr 0x7fbdb365e460|Timestamp 219456023324033|Src n/a
[engine] opt done   id=1335  ProtosRootNode@7e17b835                            |Tier 1|Time    22(   4+17  )ms|AST    2|Inlined   0Y   0N|IR    888/  2671|CodeSize   13140|Addr 0x7fbdb36b5240|Timestamp 219456078590665|Src n/a
[engine] opt failed id=1336  ProtosRootNode@7eb7d65                             |Tier 1|Time   46(-219456079+219456125)ms|Reason: jdk.graal.compiler.truffle.GraphTooBigBailoutException: Graph too big to safely compile. Node count: 47863. Graph Size: 150071. Limit: 150000.|Timestamp 219456125172537|Src n/a
[engine] opt failed id=1336  ProtosRootNode@7eb7d65                             |Tier 1|Time   56(-219456132+219456189)ms|Reason: jdk.graal.compiler.truffle.GraphTooBigBailoutException: Graph too big to safely compile. Node count: 47863. Graph Size: 150071. Limit: 150000.|Timestamp 219456190636055|Src n/a
[engine] opt done   id=1323  ProtosRootNode@7440b89b                            |Tier 1|Time    17(   8+9   )ms|AST    2|Inlined   0Y   0N|IR    888/  1275|CodeSize    5532|Addr 0x7fbdb397cf60|Timestamp 219456215021466|Src n/a
[engine] opt done   id=1324  ProtosRootNode@4b60cf50                            |Tier 1|Time   114(  16+97  )ms|AST    7|Inlined   0Y   0N|IR   3274/ 11759|CodeSize   58540|Addr 0x7fbdb3f7cce0|Timestamp 219456329075165|Src n/a
[engine] opt done   id=1424  ProtosRootNode@321d746e                            |Tier 1|Time    31(   9+22  )ms|AST    2|Inlined   0Y   0N|IR    591/  1658|CodeSize    7561|Addr 0x7fbdb390d9a0|Timestamp 219456532690633|Src n/a
[engine] opt done   id=1425  ProtosRootNode@661b1739                            |Tier 1|Time   969(  85+885 )ms|AST   21|Inlined   0Y   0N|IR  14020/ 53241|CodeSize  270090|Addr 0x7fbdb3916320|Timestamp 219457504139271|Src n/a
[engine] opt done   id=1420  ProtosRootNode@7bda117d                            |Tier 1|Time    15(   5+9   )ms|AST    2|Inlined   0Y   0N|IR    888/  1275|CodeSize    5532|Addr 0x7fbdb41a3b60|Timestamp 219457523251558|Src n/a
[engine] opt done   id=1421  ProtosRootNode@3cda7830                            |Tier 1|Time   405(  61+344 )ms|AST   11|Inlined   0Y   0N|IR   7978/ 27794|CodeSize  142526|Addr 0x7fbdb4007720|Timestamp 219457929968695|Src n/a
[engine] opt done   id=1422  ProtosRootNode@379e6ca4                            |Tier 1|Time    33(   8+25  )ms|AST    2|Inlined   0Y   0N|IR    888/  1275|CodeSize    5532|Addr 0x7fbdb4825de0|Timestamp 219457964244621|Src n/a
[engine] opt done   id=1423  ProtosRootNode@1f6f8342                            |Tier 1|Time  1041(  98+943 )ms|AST   20|Inlined   0Y   0N|IR  14888/ 52207|CodeSize  277130|Addr 0x7fbdb354dda0|Timestamp 219459007720278|Src n/a
[engine] opt done   id=1424  ProtosRootNode@321d746e                            |Tier 2|Time    29(   4+26  )ms|AST    2|Inlined   0Y   0N|IR    518/  1448|CodeSize    7174|Addr 0x7fbdb37fb3e0|Timestamp 219459077033963|Src n/a
[engine] opt done   id=1425  ProtosRootNode@661b1739                            |Tier 2|Time  1036(  97+938 )ms|AST   21|Inlined   0Y   0N|IR  13947/ 43545|CodeSize  232632|Addr 0x7fbdb3803e40|Timestamp 219460112990979|Src n/a
[engine] opt done   id=1420  ProtosRootNode@7bda117d                            |Tier 2|Time    17(   4+12  )ms|AST    2|Inlined   0Y   0N|IR    815/   944|CodeSize    4429|Addr 0x7fbdb3a2d080|Timestamp 219460186713983|Src n/a
[engine] opt done   id=1421  ProtosRootNode@3cda7830                            |Tier 2|Time   451(  42+409 )ms|AST   11|Inlined   0Y   0N|IR   7905/ 22538|CodeSize  119069|Addr 0x7fbdb3864920|Timestamp 219460638525489|Src n/a
[engine] opt done   id=1422  ProtosRootNode@379e6ca4                            |Tier 2|Time    16(   4+12  )ms|AST    2|Inlined   0Y   0N|IR    815/   944|CodeSize    4429|Addr 0x7fbdb3861200|Timestamp 219460657882437|Src n/a
[engine] opt done   id=1423  ProtosRootNode@1f6f8342                            |Tier 2|Time  1011( 102+909 )ms|AST   20|Inlined   0Y   0N|IR  14815/ 42103|CodeSize  225551|Addr 0x7fbdb3ac22e0|Timestamp 219461669211392|Src n/a
[engine] opt done   id=1426  ProtosRootNode@2657ab48                            |Tier 1|Time    22(   5+17  )ms|AST    2|Inlined   0Y   0N|IR    888/  2671|CodeSize   13140|Addr 0x7fbdb3d46ac0|Timestamp 219461724865914|Src n/a
[engine] opt failed id=1427  ProtosRootNode@5a3fe053                            |Tier 1|Time   41(-219461725+219461766)ms|Reason: jdk.graal.compiler.truffle.GraphTooBigBailoutException: Graph too big to safely compile. Node count: 47863. Graph Size: 150071. Limit: 150000.|Timestamp 219461766444752|Src n/a
[engine] opt failed id=1427  ProtosRootNode@5a3fe053                            |Tier 1|Time   48(-219461778+219461826)ms|Reason: jdk.graal.compiler.truffle.GraphTooBigBailoutException: Graph too big to safely compile. Node count: 47863. Graph Size: 150071. Limit: 150000.|Timestamp 219461826179362|Src n/a
[engine] opt done   id=1414  ProtosRootNode@232c3afb                            |Tier 1|Time    15(   4+10  )ms|AST    2|Inlined   0Y   0N|IR    888/  1275|CodeSize    5532|Addr 0x7fbdb4509de0|Timestamp 219461846393773|Src n/a
[engine] opt done   id=1415  ProtosRootNode@255fc8fc                            |Tier 1|Time   133(  18+115 )ms|AST    7|Inlined   0Y   0N|IR   3274/ 11759|CodeSize   58540|Addr 0x7fbdb41a8e60|Timestamp 219461981799305|Src n/a
[engine] opt done   id=1515  ProtosRootNode@799353c8                            |Tier 1|Time    29(   7+22  )ms|AST    2|Inlined   0Y   0N|IR    591/  1658|CodeSize    7561|Addr 0x7fbdb3b3d820|Timestamp 219462187069642|Src n/a
[engine] opt done   id=1516  ProtosRootNode@451d2de5                            |Tier 1|Time   957(  80+877 )ms|AST   21|Inlined   0Y   0N|IR  14020/ 53241|CodeSize  270090|Addr 0x7fbdb3b489a0|Timestamp 219463144065153|Src n/a
[engine] opt done   id=1511  ProtosRootNode@55cd0fe2                            |Tier 1|Time    14(   4+9   )ms|AST    2|Inlined   0Y   0N|IR    888/  1275|CodeSize    5532|Addr 0x7fbdb3b42ce0|Timestamp 219463161245411|Src n/a
[engine] opt done   id=1512  ProtosRootNode@6a7c75a                             |Tier 1|Time   440(  59+382 )ms|AST   11|Inlined   0Y   0N|IR   7978/ 27794|CodeSize  142526|Addr 0x7fbdb350e620|Timestamp 219463601838739|Src n/a
[engine] opt done   id=1513  ProtosRootNode@32a048b                             |Tier 1|Time    14(   4+9   )ms|AST    2|Inlined   0Y   0N|IR    888/  1275|CodeSize    5532|Addr 0x7fbdb350a3e0|Timestamp 219463616173714|Src n/a
[engine] opt done   id=1514  ProtosRootNode@61545cfc                            |Tier 1|Time  1032( 138+894 )ms|AST   20|Inlined   0Y   0N|IR  14888/ 52207|CodeSize  277130|Addr 0x7fbdb4273aa0|Timestamp 219464648576316|Src n/a
[engine] opt done   id=1515  ProtosRootNode@799353c8                            |Tier 2|Time    40(   4+37  )ms|AST    2|Inlined   0Y   0N|IR    518/  1448|CodeSize    7174|Addr 0x7fbdb426cee0|Timestamp 219464729378990|Src n/a
[engine] opt done   id=1516  ProtosRootNode@451d2de5                            |Tier 2|Time  1072(  87+984 )ms|AST   21|Inlined   0Y   0N|IR  13947/ 43545|CodeSize  232632|Addr 0x7fbdb3c614c0|Timestamp 219465801433444|Src n/a
[engine] opt done   id=1511  ProtosRootNode@55cd0fe2                            |Tier 2|Time    17(   4+13  )ms|AST    2|Inlined   0Y   0N|IR    815/   944|CodeSize    4429|Addr 0x7fbdb3d69a80|Timestamp 219465878490111|Src n/a
[engine] opt done   id=1512  ProtosRootNode@6a7c75a                             |Tier 2|Time   495(  43+452 )ms|AST   11|Inlined   0Y   0N|IR   7905/ 22538|CodeSize  119069|Addr 0x7fbdb3a90a20|Timestamp 219466374412590|Src n/a
[engine] opt done   id=1513  ProtosRootNode@32a048b                             |Tier 2|Time    25(   9+16  )ms|AST    2|Inlined   0Y   0N|IR    815/   944|CodeSize    4429|Addr 0x7fbdb3a8d300|Timestamp 219466406255203|Src n/a
[engine] opt done   id=1514  ProtosRootNode@61545cfc                            |Tier 2|Time   976( 103+872 )ms|AST   20|Inlined   0Y   0N|IR  14815/ 42103|CodeSize  225551|Addr 0x7fbdb3cefde0|Timestamp 219467382114325|Src n/a
[engine] opt done   id=1517  ProtosRootNode@71b65066                            |Tier 1|Time    21(   4+17  )ms|AST    2|Inlined   0Y   0N|IR    888/  2671|CodeSize   13140|Addr 0x7fbdb45f5940|Timestamp 219467437940506|Src n/a
[engine] opt failed id=1518  ProtosRootNode@5019ddcf                            |Tier 1|Time   84(-219467440+219467524)ms|Reason: jdk.graal.compiler.truffle.GraphTooBigBailoutException: Graph too big to safely compile. Node count: 47863. Graph Size: 150071. Limit: 150000.|Timestamp 219467524424664|Src n/a
[engine] opt failed id=1518  ProtosRootNode@5019ddcf                            |Tier 1|Time   45(-219467535+219467580)ms|Reason: jdk.graal.compiler.truffle.GraphTooBigBailoutException: Graph too big to safely compile. Node count: 47863. Graph Size: 150071. Limit: 150000.|Timestamp 219467580297135|Src n/a
[engine] opt done   id=1505  ProtosRootNode@4ecc06a                             |Tier 1|Time    14(   4+10  )ms|AST    2|Inlined   0Y   0N|IR    888/  1275|CodeSize    5532|Addr 0x7fbdb48230e0|Timestamp 219467598414256|Src n/a
[engine] opt done   id=1506  ProtosRootNode@7be586b9                            |Tier 1|Time   117(  17+100 )ms|AST    7|Inlined   0Y   0N|IR   3274/ 11759|CodeSize   58540|Addr 0x7fbdb48292e0|Timestamp 219467715794742|Src n/a
[engine] opt done   id=1606  ProtosRootNode@46c69e81                            |Tier 1|Time    29(   7+22  )ms|AST    2|Inlined   0Y   0N|IR    591/  1658|CodeSize    7561|Addr 0x7fbdb3f776a0|Timestamp 219467918091819|Src n/a
[engine] opt done   id=1607  ProtosRootNode@2c2b5b7f                            |Tier 1|Time  1099(  85+1014)ms|AST   21|Inlined   0Y   0N|IR  14020/ 53241|CodeSize  270090|Addr 0x7fbdb3d75220|Timestamp 219469017879268|Src n/a
[engine] opt done   id=1602  ProtosRootNode@c65870d                             |Tier 1|Time    14(   4+9   )ms|AST    2|Inlined   0Y   0N|IR    888/  1275|CodeSize    5532|Addr 0x7fbdb3d6f560|Timestamp 219469034041730|Src n/a
[engine] opt done   id=1603  ProtosRootNode@cb123ce                             |Tier 1|Time   415(  64+351 )ms|AST   11|Inlined   0Y   0N|IR   7978/ 27794|CodeSize  142526|Addr 0x7fbdb43020a0|Timestamp 219469449164189|Src n/a
[engine] opt done   id=1604  ProtosRootNode@49e27459                            |Tier 1|Time    29(   4+25  )ms|AST    2|Inlined   0Y   0N|IR    888/  1275|CodeSize    5532|Addr 0x7fbdb3f74e60|Timestamp 219469479367155|Src n/a
[engine] opt done   id=1605  ProtosRootNode@345748ed                            |Tier 1|Time  1006(  93+913 )ms|AST   20|Inlined   0Y   0N|IR  14888/ 52207|CodeSize  277130|Addr 0x7fbdb40495a0|Timestamp 219470485856146|Src n/a
[engine] opt done   id=1606  ProtosRootNode@46c69e81                            |Tier 2|Time    29(   4+26  )ms|AST    2|Inlined   0Y   0N|IR    518/  1448|CodeSize    7174|Addr 0x7fbdb40429e0|Timestamp 219470558814513|Src n/a
[engine] opt done   id=1607  ProtosRootNode@2c2b5b7f                            |Tier 2|Time  1006(  94+912 )ms|AST   21|Inlined   0Y   0N|IR  13947/ 43545|CodeSize  232632|Addr 0x7fbdb4c0acc0|Timestamp 219471566373203|Src n/a
[engine] opt done   id=1602  ProtosRootNode@c65870d                             |Tier 2|Time    17(   4+13  )ms|AST    2|Inlined   0Y   0N|IR    815/   944|CodeSize    4429|Addr 0x7fbdb3f72c80|Timestamp 219471645454296|Src n/a
[engine] opt done   id=1603  ProtosRootNode@cb123ce                             |Tier 2|Time   469(  46+424 )ms|AST   11|Inlined   0Y   0N|IR   7905/ 22538|CodeSize  119069|Addr 0x7fbdb3cbf0a0|Timestamp 219472115108831|Src n/a
[engine] opt done   id=1604  ProtosRootNode@49e27459                            |Tier 2|Time    20(   5+15  )ms|AST    2|Inlined   0Y   0N|IR    815/   944|CodeSize    4429|Addr 0x7fbdb4040780|Timestamp 219472138525475|Src n/a
[engine] opt done   id=1605  ProtosRootNode@345748ed                            |Tier 2|Time  1151( 182+969 )ms|AST   20|Inlined   0Y   0N|IR  14815/ 42103|CodeSize  225551|Addr 0x7fbdb3a35fe0|Timestamp 219473291648785|Src n/a
[engine] opt done   id=1608  ProtosRootNode@2cd49137                            |Tier 1|Time    22(   5+18  )ms|AST    2|Inlined   0Y   0N|IR    888/  2671|CodeSize   13140|Addr 0x7fbdb3485640|Timestamp 219473346338338|Src n/a
[engine] opt failed id=1609  ProtosRootNode@3ec25f63                            |Tier 1|Time   43(-219473347+219473390)ms|Reason: jdk.graal.compiler.truffle.GraphTooBigBailoutException: Graph too big to safely compile. Node count: 47863. Graph Size: 150071. Limit: 150000.|Timestamp 219473390117003|Src n/a
[engine] opt failed id=1609  ProtosRootNode@3ec25f63                            |Tier 1|Time   46(-219473398+219473444)ms|Reason: jdk.graal.compiler.truffle.GraphTooBigBailoutException: Graph too big to safely compile. Node count: 47863. Graph Size: 150071. Limit: 150000.|Timestamp 219473443901083|Src n/a
[engine] opt done   id=1596  ProtosRootNode@c7a2adc                             |Tier 1|Time    14(   4+10  )ms|AST    2|Inlined   0Y   0N|IR    888/  1275|CodeSize    5532|Addr 0x7fbdb3a30de0|Timestamp 219473462029684|Src n/a
[engine] opt done   id=1597  ProtosRootNode@4a8a0bfc                            |Tier 1|Time   114(  16+98  )ms|AST    7|Inlined   0Y   0N|IR   3274/ 11759|CodeSize   58540|Addr 0x7fbdb3d50860|Timestamp 219473576353693|Src n/a
[engine] opt done   id=1697  ProtosRootNode@563a1c3a                            |Tier 1|Time    16(   5+11  )ms|AST    2|Inlined   0Y   0N|IR    591/  1658|CodeSize    7561|Addr 0x7fbdb3481da0|Timestamp 219473763342735|Src n/a
[engine] opt done   id=1698  ProtosRootNode@6eaafe3a                            |Tier 1|Time   978(  82+896 )ms|AST   21|Inlined   0Y   0N|IR  14020/ 53241|CodeSize  270090|Addr 0x7fbdb34a2420|Timestamp 219474743417384|Src n/a
[engine] opt done   id=1693  ProtosRootNode@581f5e10                            |Tier 1|Time    14(   4+9   )ms|AST    2|Inlined   0Y   0N|IR    888/  1275|CodeSize    5532|Addr 0x7fbdb3d4d660|Timestamp 219474759322125|Src n/a
[engine] opt done   id=1694  ProtosRootNode@2f011c0a                            |Tier 1|Time   398(  59+340 )ms|AST   11|Inlined   0Y   0N|IR   7978/ 27794|CodeSize  142526|Addr 0x7fbdb40d9d20|Timestamp 219475159499893|Src n/a
[engine] opt done   id=1695  ProtosRootNode@6749e29e                            |Tier 1|Time    31(   9+23  )ms|AST    2|Inlined   0Y   0N|IR    888/  1275|CodeSize    5532|Addr 0x7fbdb349c760|Timestamp 219475191635596|Src n/a
[engine] opt done   id=1696  ProtosRootNode@2e86d4c0                            |Tier 1|Time  1026(  90+936 )ms|AST   20|Inlined   0Y   0N|IR  14888/ 52207|CodeSize  277130|Addr 0x7fbdb38a03a0|Timestamp 219476218066963|Src n/a
[engine] opt done   id=1697  ProtosRootNode@563a1c3a                            |Tier 2|Time    19(   4+16  )ms|AST    2|Inlined   0Y   0N|IR    518/  1448|CodeSize    7174|Addr 0x7fbdb38997e0|Timestamp 219476311949720|Src n/a
[engine] opt done   id=1698  ProtosRootNode@6eaafe3a                            |Tier 2|Time  1098(  84+1014)ms|AST   21|Inlined   0Y   0N|IR  13947/ 43545|CodeSize  232632|Addr 0x7fbdb45128c0|Timestamp 219477410329750|Src n/a
[engine] opt done   id=1693  ProtosRootNode@581f5e10                            |Tier 2|Time    17(   5+12  )ms|AST    2|Inlined   0Y   0N|IR    815/   944|CodeSize    4429|Addr 0x7fbdb450de80|Timestamp 219477486197646|Src n/a
[engine] opt done   id=1694  ProtosRootNode@2f011c0a                            |Tier 2|Time   481(  46+435 )ms|AST   11|Inlined   0Y   0N|IR   7905/ 22538|CodeSize  119069|Addr 0x7fbdb43421a0|Timestamp 219477967292966|Src n/a
[engine] opt done   id=1695  ProtosRootNode@6749e29e                            |Tier 2|Time    17(   5+12  )ms|AST    2|Inlined   0Y   0N|IR    815/   944|CodeSize    4429|Addr 0x7fbdb433ea80|Timestamp 219477987637326|Src n/a
[engine] opt done   id=1696  ProtosRootNode@2e86d4c0                            |Tier 2|Time  1046( 112+934 )ms|AST   20|Inlined   0Y   0N|IR  14815/ 42103|CodeSize  225551|Addr 0x7fbdb4379460|Timestamp 219479034135465|Src n/a
[engine] opt done   id=1699  ProtosRootNode@17d83271                            |Tier 1|Time    23(   5+18  )ms|AST    2|Inlined   0Y   0N|IR    888/  2671|CodeSize   13140|Addr 0x7fbdb4370e40|Timestamp 219479091644370|Src n/a
[engine] opt failed id=1700  ProtosRootNode@7b0c6ba2                            |Tier 1|Time   58(-219479094+219479151)ms|Reason: jdk.graal.compiler.truffle.GraphTooBigBailoutException: Graph too big to safely compile. Node count: 47863. Graph Size: 150071. Limit: 150000.|Timestamp 219479151154753|Src n/a
[engine] opt failed id=1700  ProtosRootNode@7b0c6ba2                            |Tier 1|Time   42(-219479157+219479200)ms|Reason: jdk.graal.compiler.truffle.GraphTooBigBailoutException: Graph too big to safely compile. Node count: 47863. Graph Size: 150071. Limit: 150000.|Timestamp 219479199560667|Src n/a
[engine] opt done   id=1687  ProtosRootNode@787b289b                            |Tier 1|Time    14(   5+9   )ms|AST    2|Inlined   0Y   0N|IR    888/  1275|CodeSize    5532|Addr 0x7fbdb3896f60|Timestamp 219479217783107|Src n/a
[engine] opt done   id=1688  ProtosRootNode@3d13ab96                            |Tier 1|Time   132(  17+115 )ms|AST    7|Inlined   0Y   0N|IR   3274/ 11759|CodeSize   58540|Addr 0x7fbdb43d4760|Timestamp 219479350302553|Src n/a
[engine] opt done   id=1788  ProtosRootNode@186706d0                            |Tier 1|Time    27(   6+21  )ms|AST    2|Inlined   0Y   0N|IR    591/  1658|CodeSize    7561|Addr 0x7fbdb38938a0|Timestamp 219479567165042|Src n/a
[engine] opt done   id=1789  ProtosRootNode@62c4c744                            |Tier 1|Time  1090(  86+1004)ms|AST   21|Inlined   0Y   0N|IR  14020/ 53241|CodeSize  270090|Addr 0x7fbdb3f9cb20|Timestamp 219480658650890|Src n/a
[engine] opt done   id=1784  ProtosRootNode@6e082c63                            |Tier 1|Time    14(   4+9   )ms|AST    2|Inlined   0Y   0N|IR    888/  1275|CodeSize    5532|Addr 0x7fbdb43d1560|Timestamp 219480674678361|Src n/a
[engine] opt done   id=1785  ProtosRootNode@4dc7de9a                            |Tier 1|Time   402(  51+351 )ms|AST   11|Inlined   0Y   0N|IR   7978/ 27794|CodeSize  142526|Addr 0x7fbdb44238a0|Timestamp 219481076501063|Src n/a
[engine] opt done   id=1786  ProtosRootNode@3b377ee8                            |Tier 1|Time    30(   4+25  )ms|AST    2|Inlined   0Y   0N|IR    888/  1275|CodeSize    5532|Addr 0x7fbdb3f96e60|Timestamp 219481106780666|Src n/a
[engine] opt done   id=1787  ProtosRootNode@33b84eca                            |Tier 1|Time  1045(  90+955 )ms|AST   20|Inlined   0Y   0N|IR  14888/ 52207|CodeSize  277130|Addr 0x7fbdb4589320|Timestamp 219482151690590|Src n/a
[engine] opt done   id=1788  ProtosRootNode@186706d0                            |Tier 2|Time    32(   4+28  )ms|AST    2|Inlined   0Y   0N|IR    518/  1448|CodeSize    7174|Addr 0x7fbdb347e860|Timestamp 219482227023402|Src n/a
[engine] opt done   id=1789  ProtosRootNode@62c4c744                            |Tier 2|Time  1051(  86+965 )ms|AST   21|Inlined   0Y   0N|IR  13947/ 43545|CodeSize  232632|Addr 0x7fbdb414abc0|Timestamp 219483277994116|Src n/a
[engine] opt done   id=1784  ProtosRootNode@6e082c63                            |Tier 2|Time    17(   5+13  )ms|AST    2|Inlined   0Y   0N|IR    815/   944|CodeSize    4429|Addr 0x7fbdb347c600|Timestamp 219483351695701|Src n/a
[engine] opt done   id=1785  ProtosRootNode@4dc7de9a                            |Tier 2|Time   481(  44+437 )ms|AST   11|Inlined   0Y   0N|IR   7905/ 22538|CodeSize  119069|Addr 0x7fbdb43f3ea0|Timestamp 219483833316617|Src n/a
[engine] opt done   id=1786  ProtosRootNode@3b377ee8                            |Tier 2|Time    17(   4+12  )ms|AST    2|Inlined   0Y   0N|IR    815/   944|CodeSize    4429|Addr 0x7fbdb43f0780|Timestamp 219483853119584|Src n/a
[engine] opt done   id=1787  ProtosRootNode@33b84eca                            |Tier 2|Time  1046( 112+935 )ms|AST   20|Inlined   0Y   0N|IR  14815/ 42103|CodeSize  225551|Addr 0x7fbdb4ca1b60|Timestamp 219484899734190|Src n/a
[engine] opt done   id=1790  ProtosRootNode@32df8cfc                            |Tier 1|Time    22(   5+18  )ms|AST    2|Inlined   0Y   0N|IR    888/  2671|CodeSize   13140|Addr 0x7fbdb3476a40|Timestamp 219484960906018|Src n/a
[engine] opt failed id=1791  ProtosRootNode@284e46d1                            |Tier 1|Time   42(-219484961+219485004)ms|Reason: jdk.graal.compiler.truffle.GraphTooBigBailoutException: Graph too big to safely compile. Node count: 47863. Graph Size: 150071. Limit: 150000.|Timestamp 219485003573585|Src n/a
[engine] opt failed id=1791  ProtosRootNode@284e46d1                            |Tier 1|Time   42(-219485010+219485052)ms|Reason: jdk.graal.compiler.truffle.GraphTooBigBailoutException: Graph too big to safely compile. Node count: 47863. Graph Size: 150071. Limit: 150000.|Timestamp 219485052431470|Src n/a
[engine] opt done   id=1778  ProtosRootNode@33d01469                            |Tier 1|Time    14(   4+9   )ms|AST    2|Inlined   0Y   0N|IR    888/  1275|CodeSize    5532|Addr 0x7fbdb43edfe0|Timestamp 219485070547779|Src n/a
[engine] opt done   id=1779  ProtosRootNode@25a2b5e1                            |Tier 1|Time   119(  17+103 )ms|AST    7|Inlined   0Y   0N|IR   3274/ 11759|CodeSize   58540|Addr 0x7fbdb45ff1e0|Timestamp 219485190232474|Src n/a
[engine] opt done   id=1879  ProtosRootNode@7b2ffccd                            |Tier 1|Time    28(   7+20  )ms|AST    2|Inlined   0Y   0N|IR    591/  1658|CodeSize    7561|Addr 0x7fbdb34731a0|Timestamp 219485389916900|Src n/a
[engine] opt done   id=1880  ProtosRootNode@42b67265                            |Tier 1|Time  1006(  84+922 )ms|AST   21|Inlined   0Y   0N|IR  14020/ 53241|CodeSize  270090|Addr 0x7fbdb4206820|Timestamp 219486396683002|Src n/a
[engine] opt done   id=1875  ProtosRootNode@26b79449                            |Tier 1|Time    15(   4+10  )ms|AST    2|Inlined   0Y   0N|IR    888/  1275|CodeSize    5532|Addr 0x7fbdb45fbfe0|Timestamp 219486413951478|Src n/a
[engine] opt done   id=1876  ProtosRootNode@32bfa481                            |Tier 1|Time   424(  63+361 )ms|AST   11|Inlined   0Y   0N|IR   7978/ 27794|CodeSize  142526|Addr 0x7fbdb41cada0|Timestamp 219486838995308|Src n/a
[engine] opt done   id=1877  ProtosRootNode@4371f5a2                            |Tier 1|Time    29(   4+24  )ms|AST    2|Inlined   0Y   0N|IR    888/  1275|CodeSize    5532|Addr 0x7fbdb41c6b60|Timestamp 219486868282127|Src n/a
[engine] opt done   id=1878  ProtosRootNode@3c9f111c                            |Tier 1|Time  1056(  97+959 )ms|AST   20|Inlined   0Y   0N|IR  14888/ 52207|CodeSize  277130|Addr 0x7fbdb39bf920|Timestamp 219487924485026|Src n/a
[engine] opt done   id=1879  ProtosRootNode@7b2ffccd                            |Tier 2|Time    30(   4+26  )ms|AST    2|Inlined   0Y   0N|IR    518/  1448|CodeSize    7174|Addr 0x7fbdb41c3660|Timestamp 219487999320173|Src n/a
[engine] opt done   id=1880  ProtosRootNode@42b67265                            |Tier 2|Time  1106(  98+1008)ms|AST   21|Inlined   0Y   0N|IR  13947/ 43545|CodeSize  232632|Addr 0x7fbdb44b0340|Timestamp 219489106027107|Src n/a
[engine] opt done   id=1875  ProtosRootNode@26b79449                            |Tier 2|Time    17(   4+12  )ms|AST    2|Inlined   0Y   0N|IR    815/   944|CodeSize    4429|Addr 0x7fbdb3470f80|Timestamp 219489162623494|Src n/a
[engine] opt done   id=1876  ProtosRootNode@32bfa481                            |Tier 2|Time   451(  50+400 )ms|AST   11|Inlined   0Y   0N|IR   7905/ 22538|CodeSize  119069|Addr 0x7fbdb411a3a0|Timestamp 219489613676312|Src n/a
[engine] opt done   id=1877  ProtosRootNode@4371f5a2                            |Tier 2|Time    16(   4+12  )ms|AST    2|Inlined   0Y   0N|IR    815/   944|CodeSize    4429|Addr 0x7fbdb41c1400|Timestamp 219489646692546|Src n/a
[engine] opt done   id=1878  ProtosRootNode@3c9f111c                            |Tier 2|Time  1000(  88+912 )ms|AST   20|Inlined   0Y   0N|IR  14815/ 42103|CodeSize  225551|Addr 0x7fbdb3c08260|Timestamp 219490646960756|Src n/a
[engine] opt done   id=1881  ProtosRootNode@2569fab5                            |Tier 1|Time    29(  10+19  )ms|AST    2|Inlined   0Y   0N|IR    888/  2671|CodeSize   13140|Addr 0x7fbdb4113240|Timestamp 219490713135154|Src n/a
[engine] opt failed id=1882  ProtosRootNode@136fc1d                             |Tier 1|Time   41(-219490713+219490754)ms|Reason: jdk.graal.compiler.truffle.GraphTooBigBailoutException: Graph too big to safely compile. Node count: 47863. Graph Size: 150071. Limit: 150000.|Timestamp 219490754353473|Src n/a
[engine] opt failed id=1882  ProtosRootNode@136fc1d                             |Tier 1|Time   42(-219490766+219490808)ms|Reason: jdk.graal.compiler.truffle.GraphTooBigBailoutException: Graph too big to safely compile. Node count: 47863. Graph Size: 150071. Limit: 150000.|Timestamp 219490808684100|Src n/a
[engine] opt done   id=1869  ProtosRootNode@61e571a9                            |Tier 1|Time    26(   7+19  )ms|AST    2|Inlined   0Y   0N|IR    888/  1275|CodeSize    5532|Addr 0x7fbdb4d105e0|Timestamp 219490843954904|Src n/a
[engine] opt done   id=1870  ProtosRootNode@5c96b4ef                            |Tier 1|Time   120(  23+97  )ms|AST    7|Inlined   0Y   0N|IR   3274/ 11759|CodeSize   58540|Addr 0x7fbdb456e5e0|Timestamp 219490966463487|Src n/a
