[To redirect Truffle log output to a file use one of the following options:
* '--log.file=<path>' if the option is passed using a guest language launcher.
* '-Dpolyglot.log.file=<path>' if the option is passed using the host Java launcher.
* Configure logging using the polyglot embedding API.]
[engine] opt done   id=150   ProtosRootNode@2bbe4615                            |Tier 1|Time   123(  74+50  )ms|AST    2|Inlined   0Y   0N|IR    591/  1658|CodeSize    7561|Addr 0x7f4b7314a0a0|Timestamp 219155254705820|Src n/a
[engine] opt done   id=151   ProtosRootNode@47a56e6f                            |Tier 1|Time  2283( 222+2062)ms|AST   21|Inlined   0Y   0N|IR  20851/ 81773|CodeSize  436754|Addr 0x7f4b731600a0|Timestamp 219157546902727|Src n/a
[engine] opt done   id=146   ProtosRootNode@5a8a4cd9                            |Tier 1|Time    30(  10+21  )ms|AST    2|Inlined   0Y   0N|IR    888/  1275|CodeSize    5532|Addr 0x7f4b73206ce0|Timestamp 219157633982258|Src n/a
[engine] opt done   id=147   ProtosRootNode@24b62564                            |Tier 1|Time   662(  80+582 )ms|AST   11|Inlined   0Y   0N|IR  10711/ 39220|CodeSize  206041|Addr 0x7f4b7320e3c0|Timestamp 219158297756331|Src n/a
[engine] opt done   id=103   ProtosRootNode@479f3d3b                            |Tier 1|Time    15(   4+11  )ms|AST    2|Inlined   0Y   0N|IR    591/  1658|CodeSize    7561|Addr 0x7f4b7325e620|Timestamp 219158329203493|Src n/a
[engine] opt done   id=104   ProtosRootNode@4c64e063                            |Tier 1|Time   228(  28+200 )ms|AST    6|Inlined   0Y   0N|IR   5217/ 19409|CodeSize  101975|Addr 0x7f4b73263620|Timestamp 219158557923282|Src n/a
[engine] opt done   id=148   ProtosRootNode@7e065554                            |Tier 1|Time    14(   5+9   )ms|AST    2|Inlined   0Y   0N|IR    888/  1275|CodeSize    5532|Addr 0x7f4b7328a8e0|Timestamp 219158574072023|Src n/a
[engine] opt done   id=149   ProtosRootNode@7bb20d1                             |Tier 1|Time  1877( 142+1735)ms|AST   20|Inlined   0Y   0N|IR  20353/ 75041|CodeSize  397465|Addr 0x7f4b73292fc0|Timestamp 219160454126843|Src n/a
[engine] opt done   id=150   ProtosRootNode@2bbe4615                            |Tier 2|Time    46(   7+40  )ms|AST    2|Inlined   0Y   0N|IR    518/  1448|CodeSize    7174|Addr 0x7f4b73338ae0|Timestamp 219160736329550|Src n/a
[engine] opt done   id=151   ProtosRootNode@47a56e6f                            |Tier 2|Time  2136( 168+1968)ms|AST   21|Inlined   0Y   0N|IR  20778/ 68815|CodeSize  387532|Addr 0x7f4b7334bf20|Timestamp 219162874337610|Src n/a
[engine] opt done   id=146   ProtosRootNode@5a8a4cd9                            |Tier 2|Time    35(   8+28  )ms|AST    2|Inlined   0Y   0N|IR    815/   944|CodeSize    4429|Addr 0x7f4b733e4980|Timestamp 219163077032951|Src n/a
[engine] opt done   id=147   ProtosRootNode@24b62564                            |Tier 2|Time   738( 125+613 )ms|AST   11|Inlined   0Y   0N|IR  10638/ 32814|CodeSize  176872|Addr 0x7f4b733f3ce0|Timestamp 219163818524948|Src n/a
[engine] opt done   id=103   ProtosRootNode@479f3d3b                            |Tier 2|Time    30(   6+23  )ms|AST    2|Inlined   0Y   0N|IR    518/  1448|CodeSize    7174|Addr 0x7f4b73437f60|Timestamp 219163851055251|Src n/a
[engine] opt done   id=104   ProtosRootNode@4c64e063                            |Tier 2|Time   297(  34+263 )ms|AST    6|Inlined   0Y   0N|IR   5144/ 16227|CodeSize   85747|Addr 0x7f4b7343d9e0|Timestamp 219164149089828|Src n/a
[engine] opt done   id=148   ProtosRootNode@7e065554                            |Tier 2|Time    41(  17+24  )ms|AST    2|Inlined   0Y   0N|IR    815/   944|CodeSize    4429|Addr 0x7f4b73460880|Timestamp 219164200571654|Src n/a
[engine] opt done   id=149   ProtosRootNode@7bb20d1                             |Tier 2|Time  1825( 146+1679)ms|AST   20|Inlined   0Y   0N|IR  20280/ 62658|CodeSize  342484|Addr 0x7f4b7346ad00|Timestamp 219166027314327|Src n/a
[engine] opt done   id=101   ProtosRootNode@7caabe0b                            |Tier 1|Time    32(   7+25  )ms|AST    2|Inlined   0Y   0N|IR    591/  1658|CodeSize    7561|Addr 0x7f4b734edfa0|Timestamp 219166122271343|Src n/a
[engine] opt done   id=102   ProtosRootNode@5779d363                            |Tier 1|Time   465(  53+412 )ms|AST    9|Inlined   0Y   0N|IR   7951/ 31452|CodeSize  167494|Addr 0x7f4b734f3fc0|Timestamp 219166589648519|Src n/a
[engine] opt done   id=99    ProtosRootNode@7e9a3e4e                            |Tier 1|Time    14(   5+9   )ms|AST    2|Inlined   0Y   0N|IR    888/  1275|CodeSize    5532|Addr 0x7f4b735337e0|Timestamp 219166620336800|Src n/a
[engine] opt done   id=100   ProtosRootNode@72234321                            |Tier 1|Time   844(  79+765 )ms|AST   13|Inlined   0Y   0N|IR  12899/ 48349|CodeSize  260527|Addr 0x7f4b73539820|Timestamp 219167466714280|Src n/a
[engine] opt done   id=105   ProtosRootNode@74ef0f76                            |Tier 1|Time    15(   4+11  )ms|AST    2|Inlined   0Y   0N|IR    888/  1275|CodeSize    5532|Addr 0x7f4b7359d260|Timestamp 219167482431481|Src n/a
[engine] opt done   id=106   ProtosRootNode@378d731e                            |Tier 1|Time   341(  58+283 )ms|AST    9|Inlined   0Y   0N|IR   6486/ 23741|CodeSize  126115|Addr 0x7f4b735a1c20|Timestamp 219167824157789|Src n/a
[engine] opt done   id=152   ProtosRootNode@4895645a                            |Tier 1|Time    23(   6+17  )ms|AST    2|Inlined   0Y   0N|IR    888/  2671|CodeSize   13140|Addr 0x7f4b735d3d40|Timestamp 219167848765716|Src n/a
[engine] opt failed id=153   ProtosRootNode@1c25d30c                            |Tier 1|Time   49(-219167851+219167900)ms|Reason: jdk.graal.compiler.truffle.GraphTooBigBailoutException: Graph too big to safely compile. Node count: 50681. Graph Size: 150026. Limit: 150000.|Timestamp 219167899999082|Src n/a
[engine] opt failed id=153   ProtosRootNode@1c25d30c                            |Tier 1|Time   46(-219167916+219167962)ms|Reason: jdk.graal.compiler.truffle.GraphTooBigBailoutException: Graph too big to safely compile. Node count: 50681. Graph Size: 150026. Limit: 150000.|Timestamp 219167961748855|Src n/a
[engine] opt done   id=140   ProtosRootNode@11596118                            |Tier 1|Time    29(   8+21  )ms|AST    2|Inlined   0Y   0N|IR    888/  1275|CodeSize    5532|Addr 0x7f4b735dda60|Timestamp 219167993856557|Src n/a
[engine] opt done   id=141   ProtosRootNode@43eaaf1e                            |Tier 1|Time   187(  23+164 )ms|AST    7|Inlined   0Y   0N|IR   4642/ 17482|CodeSize   90120|Addr 0x7f4b735e1800|Timestamp 219168180835708|Src n/a
[engine] opt done   id=241   ProtosRootNode@79df0ea2                            |Tier 1|Time    19(   7+12  )ms|AST    2|Inlined   0Y   0N|IR    591/  1658|CodeSize    7561|Addr 0x7f4b73619c20|Timestamp 219168515401041|Src n/a
[engine] opt done   id=242   ProtosRootNode@5e8c93f7                            |Tier 1|Time  2096( 133+1963)ms|AST   21|Inlined   0Y   0N|IR  20851/ 81773|CodeSize  436754|Addr 0x7f4b73622ca0|Timestamp 219170612452412|Src n/a
[engine] opt done   id=237   ProtosRootNode@59eb6e26                            |Tier 1|Time    27(   8+19  )ms|AST    2|Inlined   0Y   0N|IR    888/  1275|CodeSize    5532|Addr 0x7f4b736c7c60|Timestamp 219170668183401|Src n/a
[engine] opt done   id=238   ProtosRootNode@64d68155                            |Tier 1|Time   762(  93+669 )ms|AST   11|Inlined   0Y   0N|IR  10711/ 39220|CodeSize  206041|Addr 0x7f4b736d35c0|Timestamp 219171432687094|Src n/a
[engine] opt done   id=239   ProtosRootNode@6e3f48de                            |Tier 1|Time    14(   4+10  )ms|AST    2|Inlined   0Y   0N|IR    888/  1275|CodeSize    5532|Addr 0x7f4b73723ae0|Timestamp 219171468349919|Src n/a
[engine] opt done   id=240   ProtosRootNode@58e7daee                            |Tier 1|Time  1847( 130+1717)ms|AST   20|Inlined   0Y   0N|IR  20353/ 75041|CodeSize  397465|Addr 0x7f4b7372b840|Timestamp 219173315853612|Src n/a
[engine] opt done   id=241   ProtosRootNode@79df0ea2                            |Tier 2|Time    19(   3+16  )ms|AST    2|Inlined   0Y   0N|IR    518/  1448|CodeSize    7174|Addr 0x7f4b737c62e0|Timestamp 219173417775425|Src n/a
[engine] opt done   id=242   ProtosRootNode@5e8c93f7                            |Tier 2|Time  1993( 139+1854)ms|AST   21|Inlined   0Y   0N|IR  20778/ 68815|CodeSize  387532|Addr 0x7f4b737ce2a0|Timestamp 219175412208889|Src n/a
[engine] opt done   id=237   ProtosRootNode@59eb6e26                            |Tier 2|Time    16(   4+12  )ms|AST    2|Inlined   0Y   0N|IR    815/   944|CodeSize    4429|Addr 0x7f4b73863880|Timestamp 219175551846485|Src n/a
[engine] opt done   id=238   ProtosRootNode@64d68155                            |Tier 2|Time   730(  55+674 )ms|AST   11|Inlined   0Y   0N|IR  10638/ 32814|CodeSize  176872|Addr 0x7f4b738678e0|Timestamp 219176282285016|Src n/a
[engine] opt done   id=239   ProtosRootNode@6e3f48de                            |Tier 2|Time    17(   4+13  )ms|AST    2|Inlined   0Y   0N|IR    815/   944|CodeSize    4429|Addr 0x7f4b738aac80|Timestamp 219176327154860|Src n/a
[engine] opt done   id=240   ProtosRootNode@58e7daee                            |Tier 2|Time  1815( 145+1669)ms|AST   20|Inlined   0Y   0N|IR  20280/ 62658|CodeSize  342484|Addr 0x7f4b738b2880|Timestamp 219178142768059|Src n/a
[engine] opt done   id=243   ProtosRootNode@4ea8568                             |Tier 1|Time    22(   5+17  )ms|AST    2|Inlined   0Y   0N|IR    888/  2671|CodeSize   13140|Addr 0x7f4b739333c0|Timestamp 219178204964529|Src n/a
[engine] opt failed id=244   ProtosRootNode@78bbc2d7                            |Tier 1|Time   42(-219178205+219178247)ms|Reason: jdk.graal.compiler.truffle.GraphTooBigBailoutException: Graph too big to safely compile. Node count: 50681. Graph Size: 150026. Limit: 150000.|Timestamp 219178246969272|Src n/a
[engine] opt failed id=244   ProtosRootNode@78bbc2d7                            |Tier 1|Time   42(-219178257+219178298)ms|Reason: jdk.graal.compiler.truffle.GraphTooBigBailoutException: Graph too big to safely compile. Node count: 50681. Graph Size: 150026. Limit: 150000.|Timestamp 219178298430619|Src n/a
[engine] opt done   id=231   ProtosRootNode@165c2375                            |Tier 1|Time    13(   4+9   )ms|AST    2|Inlined   0Y   0N|IR    888/  1275|CodeSize    5532|Addr 0x7f4b739396e0|Timestamp 219178312497164|Src n/a
[engine] opt done   id=232   ProtosRootNode@7531abbe                            |Tier 1|Time   192(  23+169 )ms|AST    7|Inlined   0Y   0N|IR   4642/ 17482|CodeSize   90120|Addr 0x7f4b7393d800|Timestamp 219178505413995|Src n/a
[engine] opt done   id=332   ProtosRootNode@784cc4dd                            |Tier 1|Time    25(  10+14  )ms|AST    2|Inlined   0Y   0N|IR    591/  1658|CodeSize    7561|Addr 0x7f4b7396b7a0|Timestamp 219178781121032|Src n/a
[engine] opt done   id=333   ProtosRootNode@30659002                            |Tier 1|Time  1934( 141+1792)ms|AST   21|Inlined   0Y   0N|IR  20851/ 81773|CodeSize  436754|Addr 0x7f4b739744a0|Timestamp 219180715322693|Src n/a
[engine] opt done   id=328   ProtosRootNode@517c6e7b                            |Tier 1|Time    21(   7+14  )ms|AST    2|Inlined   0Y   0N|IR    888/  1275|CodeSize    5532|Addr 0x7f4b73a18860|Timestamp 219180759639751|Src n/a
[engine] opt done   id=329   ProtosRootNode@72339c63                            |Tier 1|Time   613(  56+557 )ms|AST   11|Inlined   0Y   0N|IR  10711/ 39220|CodeSize  206041|Addr 0x7f4b73a1d9c0|Timestamp 219181372877568|Src n/a
[engine] opt done   id=330   ProtosRootNode@2f63d12e                            |Tier 1|Time    14(   5+9   )ms|AST    2|Inlined   0Y   0N|IR    888/  1275|CodeSize    5532|Addr 0x7f4b73a6dbe0|Timestamp 219181404955343|Src n/a
[engine] opt done   id=331   ProtosRootNode@562f2ca4                            |Tier 1|Time  1846( 138+1707)ms|AST   20|Inlined   0Y   0N|IR  20353/ 75041|CodeSize  397465|Addr 0x7f4b73a75940|Timestamp 219183250945892|Src n/a
[engine] opt done   id=332   ProtosRootNode@784cc4dd                            |Tier 2|Time    19(   4+15  )ms|AST    2|Inlined   0Y   0N|IR    518/  1448|CodeSize    7174|Addr 0x7f4b73b0eae0|Timestamp 219183365096756|Src n/a
[engine] opt done   id=333   ProtosRootNode@30659002                            |Tier 2|Time  1900( 119+1781)ms|AST   21|Inlined   0Y   0N|IR  20778/ 68815|CodeSize  387532|Addr 0x7f4b73b16320|Timestamp 219185266181386|Src n/a
[engine] opt done   id=328   ProtosRootNode@517c6e7b                            |Tier 2|Time    34(   8+26  )ms|AST    2|Inlined   0Y   0N|IR    815/   944|CodeSize    4429|Addr 0x7f4b73ba5e00|Timestamp 219185400671763|Src n/a
[engine] opt done   id=329   ProtosRootNode@72339c63                            |Tier 2|Time   658(  57+601 )ms|AST   11|Inlined   0Y   0N|IR  10638/ 32814|CodeSize  176872|Addr 0x7f4b73bae360|Timestamp 219186059216673|Src n/a
[engine] opt done   id=330   ProtosRootNode@2f63d12e                            |Tier 2|Time    23(   4+19  )ms|AST    2|Inlined   0Y   0N|IR    815/   944|CodeSize    4429|Addr 0x7f4b73bf1700|Timestamp 219186085739899|Src n/a
[engine] opt done   id=331   ProtosRootNode@562f2ca4                            |Tier 2|Time  1672( 140+1532)ms|AST   20|Inlined   0Y   0N|IR  20280/ 62658|CodeSize  342484|Addr 0x7f4b73bf9c80|Timestamp 219187758288829|Src n/a
[engine] opt done   id=334   ProtosRootNode@77c301da                            |Tier 1|Time    22(   4+17  )ms|AST    2|Inlined   0Y   0N|IR    888/  2671|CodeSize   13140|Addr 0x7f4b73c7a2c0|Timestamp 219187820890085|Src n/a
[engine] opt failed id=335   ProtosRootNode@31ad4663                            |Tier 1|Time   42(-219187821+219187863)ms|Reason: jdk.graal.compiler.truffle.GraphTooBigBailoutException: Graph too big to safely compile. Node count: 50681. Graph Size: 150026. Limit: 150000.|Timestamp 219187863518758|Src n/a
[engine] opt failed id=335   ProtosRootNode@31ad4663                            |Tier 1|Time   52(-219187871+219187923)ms|Reason: jdk.graal.compiler.truffle.GraphTooBigBailoutException: Graph too big to safely compile. Node count: 50681. Graph Size: 150026. Limit: 150000.|Timestamp 219187922861963|Src n/a
[engine] opt done   id=322   ProtosRootNode@781a3809                            |Tier 1|Time    21(   6+15  )ms|AST    2|Inlined   0Y   0N|IR    888/  1275|CodeSize    5532|Addr 0x7f4b73c7fee0|Timestamp 219187944797338|Src n/a
[engine] opt done   id=323   ProtosRootNode@2dd42fa0                            |Tier 1|Time   440(  55+385 )ms|AST    7|Inlined   0Y   0N|IR   4642/ 17482|CodeSize   90120|Addr 0x7f4b73c83700|Timestamp 219188387254087|Src n/a
[engine] opt done   id=423   ProtosRootNode@7c4a42d8                            |Tier 1|Time    27(   7+20  )ms|AST    2|Inlined   0Y   0N|IR    591/  1658|CodeSize    7561|Addr 0x7f4b73caa3a0|Timestamp 219188724550406|Src n/a
[engine] opt done   id=424   ProtosRootNode@6fc85e85                            |Tier 1|Time  1985( 131+1854)ms|AST   21|Inlined   0Y   0N|IR  20851/ 81773|CodeSize  436754|Addr 0x7f4b73cb4920|Timestamp 219190719917238|Src n/a
[engine] opt done   id=419   ProtosRootNode@46b17aa4                            |Tier 1|Time    15(   5+10  )ms|AST    2|Inlined   0Y   0N|IR    888/  1275|CodeSize    5532|Addr 0x7f4b73d595e0|Timestamp 219190760835949|Src n/a
[engine] opt done   id=420   ProtosRootNode@7034a017                            |Tier 1|Time   703(  59+645 )ms|AST   11|Inlined   0Y   0N|IR  10711/ 39220|CodeSize  206041|Addr 0x7f4b73d5eec0|Timestamp 219191464584443|Src n/a
[engine] opt done   id=421   ProtosRootNode@12116f20                            |Tier 1|Time    14(   4+9   )ms|AST    2|Inlined   0Y   0N|IR    888/  1275|CodeSize    5532|Addr 0x7f4b73daf0e0|Timestamp 219191479384970|Src n/a
[engine] opt done   id=422   ProtosRootNode@3bb9616e                            |Tier 1|Time  1861( 127+1734)ms|AST   20|Inlined   0Y   0N|IR  20353/ 75041|CodeSize  397465|Addr 0x7f4b73db74c0|Timestamp 219193354553985|Src n/a
[engine] opt done   id=423   ProtosRootNode@7c4a42d8                            |Tier 2|Time    19(   3+15  )ms|AST    2|Inlined   0Y   0N|IR    518/  1448|CodeSize    7174|Addr 0x7f4b73e501e0|Timestamp 219193462298655|Src n/a
[engine] opt done   id=424   ProtosRootNode@6fc85e85                            |Tier 2|Time  1902( 122+1780)ms|AST   21|Inlined   0Y   0N|IR  20778/ 68815|CodeSize  387532|Addr 0x7f4b73e57a20|Timestamp 219195364658272|Src n/a
[engine] opt done   id=419   ProtosRootNode@46b17aa4                            |Tier 2|Time    17(   4+13  )ms|AST    2|Inlined   0Y   0N|IR    815/   944|CodeSize    4429|Addr 0x7f4b73ee9100|Timestamp 219195482187714|Src n/a
[engine] opt done   id=420   ProtosRootNode@7034a017                            |Tier 2|Time  1032( 115+918 )ms|AST   11|Inlined   0Y   0N|IR  10638/ 32814|CodeSize  176872|Addr 0x7f4b73eedee0|Timestamp 219196516459654|Src n/a
[engine] opt done   id=421   ProtosRootNode@12116f20                            |Tier 2|Time    24(   4+20  )ms|AST    2|Inlined   0Y   0N|IR    815/   944|CodeSize    4429|Addr 0x7f4b73f31280|Timestamp 219196543658552|Src n/a
[engine] opt done   id=422   ProtosRootNode@3bb9616e                            |Tier 2|Time  1860( 151+1709)ms|AST   20|Inlined   0Y   0N|IR  20280/ 62658|CodeSize  342484|Addr 0x7f4b73f37b80|Timestamp 219198404053996|Src n/a
[engine] opt done   id=425   ProtosRootNode@2a6dafae                            |Tier 1|Time    46(   9+36  )ms|AST    2|Inlined   0Y   0N|IR    888/  2671|CodeSize   13140|Addr 0x7f4b73fb81c0|Timestamp 219198521843087|Src n/a
[engine] opt failed id=426   ProtosRootNode@468b4100                            |Tier 1|Time   90(-219198522+219198612)ms|Reason: jdk.graal.compiler.truffle.GraphTooBigBailoutException: Graph too big to safely compile. Node count: 50681. Graph Size: 150026. Limit: 150000.|Timestamp 219198612118007|Src n/a
[engine] opt failed id=426   ProtosRootNode@468b4100                            |Tier 1|Time   89(-219198630+219198718)ms|Reason: jdk.graal.compiler.truffle.GraphTooBigBailoutException: Graph too big to safely compile. Node count: 50681. Graph Size: 150026. Limit: 150000.|Timestamp 219198718531912|Src n/a
[engine] opt done   id=413   ProtosRootNode@626de224                            |Tier 1|Time    28(   9+19  )ms|AST    2|Inlined   0Y   0N|IR    888/  1275|CodeSize    5532|Addr 0x7f4b73fbdde0|Timestamp 219198749050382|Src n/a
[engine] opt done   id=414   ProtosRootNode@340cdcf4                            |Tier 1|Time   378(  50+329 )ms|AST    7|Inlined   0Y   0N|IR   4642/ 17482|CodeSize   90120|Addr 0x7f4b73fc3380|Timestamp 219199129463857|Src n/a
[engine] opt done   id=514   ProtosRootNode@153cd2b8                            |Tier 1|Time    27(   7+20  )ms|AST    2|Inlined   0Y   0N|IR    591/  1658|CodeSize    7561|Addr 0x7f4b73fe8ca0|Timestamp 219199371027196|Src n/a
[engine] opt done   id=515   ProtosRootNode@1127b318                            |Tier 1|Time  2101( 168+1933)ms|AST   21|Inlined   0Y   0N|IR  20851/ 81773|CodeSize  436754|Addr 0x7f4b73ff32a0|Timestamp 219201473467545|Src n/a
[engine] opt done   id=510   ProtosRootNode@798d37c9                            |Tier 1|Time    14(   4+10  )ms|AST    2|Inlined   0Y   0N|IR    888/  1275|CodeSize    5532|Addr 0x7f4b74097660|Timestamp 219201531158421|Src n/a
[engine] opt done   id=511   ProtosRootNode@715becd4                            |Tier 1|Time   607(  56+551 )ms|AST   11|Inlined   0Y   0N|IR  10711/ 39220|CodeSize  206041|Addr 0x7f4b7409c7c0|Timestamp 219202138280910|Src n/a
[engine] opt done   id=512   ProtosRootNode@1b6744fd                            |Tier 1|Time    22(  10+12  )ms|AST    2|Inlined   0Y   0N|IR    888/  1275|CodeSize    5532|Addr 0x7f4b740ecde0|Timestamp 219202178961595|Src n/a
[engine] opt done   id=513   ProtosRootNode@59932111                            |Tier 1|Time  1724( 118+1606)ms|AST   20|Inlined   0Y   0N|IR  20353/ 75041|CodeSize  397465|Addr 0x7f4b740f4b40|Timestamp 219203903420505|Src n/a
[engine] opt done   id=514   ProtosRootNode@153cd2b8                            |Tier 2|Time    19(   4+15  )ms|AST    2|Inlined   0Y   0N|IR    518/  1448|CodeSize    7174|Addr 0x7f4b7418d560|Timestamp 219203979793651|Src n/a
[engine] opt done   id=515   ProtosRootNode@1127b318                            |Tier 2|Time  2293( 121+2172)ms|AST   21|Inlined   0Y   0N|IR  20778/ 68815|CodeSize  387532|Addr 0x7f4b741950a0|Timestamp 219206275100322|Src n/a
[engine] opt done   id=510   ProtosRootNode@798d37c9                            |Tier 2|Time    18(   5+13  )ms|AST    2|Inlined   0Y   0N|IR    815/   944|CodeSize    4429|Addr 0x7f4b74224b80|Timestamp 219206356722830|Src n/a
[engine] opt done   id=511   ProtosRootNode@715becd4                            |Tier 2|Time   744(  89+655 )ms|AST   11|Inlined   0Y   0N|IR  10638/ 32814|CodeSize  176872|Addr 0x7f4b74228f60|Timestamp 219207101297989|Src n/a
[engine] opt done   id=512   ProtosRootNode@1b6744fd                            |Tier 2|Time    24(   5+19  )ms|AST    2|Inlined   0Y   0N|IR    815/   944|CodeSize    4429|Addr 0x7f4b7426c300|Timestamp 219207128778757|Src n/a
[engine] opt done   id=513   ProtosRootNode@59932111                            |Tier 2|Time  1815( 125+1691)ms|AST   20|Inlined   0Y   0N|IR  20280/ 62658|CodeSize  342484|Addr 0x7f4b74272400|Timestamp 219208944284830|Src n/a
[engine] opt done   id=516   ProtosRootNode@2f1f32b4                            |Tier 1|Time    23(   5+18  )ms|AST    2|Inlined   0Y   0N|IR    888/  2671|CodeSize   13140|Addr 0x7f4b742f2a40|Timestamp 219209012113737|Src n/a
[engine] opt failed id=517   ProtosRootNode@6376f708                            |Tier 1|Time   43(-219209012+219209056)ms|Reason: jdk.graal.compiler.truffle.GraphTooBigBailoutException: Graph too big to safely compile. Node count: 50681. Graph Size: 150026. Limit: 150000.|Timestamp 219209055738998|Src n/a
[engine] opt failed id=517   ProtosRootNode@6376f708                            |Tier 1|Time   43(-219209061+219209104)ms|Reason: jdk.graal.compiler.truffle.GraphTooBigBailoutException: Graph too big to safely compile. Node count: 50681. Graph Size: 150026. Limit: 150000.|Timestamp 219209104214840|Src n/a
[engine] opt done   id=504   ProtosRootNode@4cbbeeb3                            |Tier 1|Time    14(   4+9   )ms|AST    2|Inlined   0Y   0N|IR    888/  1275|CodeSize    5532|Addr 0x7f4b742f8660|Timestamp 219209122025235|Src n/a
[engine] opt done   id=505   ProtosRootNode@23377429                            |Tier 1|Time   208(  24+185 )ms|AST    7|Inlined   0Y   0N|IR   4642/ 17482|CodeSize   90120|Addr 0x7f4b742fbe80|Timestamp 219209330748778|Src n/a
[engine] opt done   id=605   ProtosRootNode@139f6045                            |Tier 1|Time    25(   8+17  )ms|AST    2|Inlined   0Y   0N|IR    591/  1658|CodeSize    7561|Addr 0x7f4b743212a0|Timestamp 219209553247170|Src n/a
[engine] opt done   id=606   ProtosRootNode@47163845                            |Tier 1|Time  2023( 136+1887)ms|AST   21|Inlined   0Y   0N|IR  20851/ 81773|CodeSize  436754|Addr 0x7f4b74329fa0|Timestamp 219211578390536|Src n/a
[engine] opt done   id=601   ProtosRootNode@7ff60036                            |Tier 1|Time    14(   4+9   )ms|AST    2|Inlined   0Y   0N|IR    888/  1275|CodeSize    5532|Addr 0x7f4b743ce6e0|Timestamp 219211618506294|Src n/a
[engine] opt done   id=602   ProtosRootNode@44dd0175                            |Tier 1|Time   623(  55+568 )ms|AST   11|Inlined   0Y   0N|IR  10711/ 39220|CodeSize  206041|Addr 0x7f4b743d3840|Timestamp 219212242620053|Src n/a
[engine] opt done   id=603   ProtosRootNode@5b8333f8                            |Tier 1|Time    14(   4+9   )ms|AST    2|Inlined   0Y   0N|IR    888/  1275|CodeSize    5532|Addr 0x7f4b74423a60|Timestamp 219212258214383|Src n/a
[engine] opt done   id=604   ProtosRootNode@5de30d9e                            |Tier 1|Time  1792( 140+1653)ms|AST   20|Inlined   0Y   0N|IR  20353/ 75041|CodeSize  397465|Addr 0x7f4b7442b7c0|Timestamp 219214050905592|Src n/a
[engine] opt done   id=605   ProtosRootNode@139f6045                            |Tier 2|Time    19(   4+16  )ms|AST    2|Inlined   0Y   0N|IR    518/  1448|CodeSize    7174|Addr 0x7f4b744c41e0|Timestamp 219214140157312|Src n/a
[engine] opt done   id=606   ProtosRootNode@47163845                            |Tier 2|Time  2057( 160+1897)ms|AST   21|Inlined   0Y   0N|IR  20778/ 68815|CodeSize  387532|Addr 0x7f4b744ccfa0|Timestamp 219216197650496|Src n/a
[engine] opt done   id=601   ProtosRootNode@7ff60036                            |Tier 2|Time    23(   4+18  )ms|AST    2|Inlined   0Y   0N|IR    815/   944|CodeSize    4429|Addr 0x7f4b7455ca80|Timestamp 219216268090574|Src n/a
[engine] opt done   id=602   ProtosRootNode@44dd0175                            |Tier 2|Time   683(  61+622 )ms|AST   11|Inlined   0Y   0N|IR  10638/ 32814|CodeSize  176872|Addr 0x7f4b74560de0|Timestamp 219216951163612|Src n/a
[engine] opt done   id=603   ProtosRootNode@5b8333f8                            |Tier 2|Time    24(   5+19  )ms|AST    2|Inlined   0Y   0N|IR    815/   944|CodeSize    4429|Addr 0x7f4b745a4180|Timestamp 219216978142994|Src n/a
[engine] opt done   id=604   ProtosRootNode@5de30d9e                            |Tier 2|Time  1773( 149+1625)ms|AST   20|Inlined   0Y   0N|IR  20280/ 62658|CodeSize  342484|Addr 0x7f4b745a9d80|Timestamp 219218751773182|Src n/a
[engine] opt done   id=607   ProtosRootNode@309d6532                            |Tier 1|Time    23(   5+18  )ms|AST    2|Inlined   0Y   0N|IR    888/  2671|CodeSize   13140|Addr 0x7f4b7462a3c0|Timestamp 219218812191045|Src n/a
[engine] opt failed id=608   ProtosRootNode@68b7eba5                            |Tier 1|Time   44(-219218812+219218856)ms|Reason: jdk.graal.compiler.truffle.GraphTooBigBailoutException: Graph too big to safely compile. Node count: 50681. Graph Size: 150026. Limit: 150000.|Timestamp 219218856179424|Src n/a
[engine] opt failed id=608   ProtosRootNode@68b7eba5                            |Tier 1|Time   44(-219218864+219218908)ms|Reason: jdk.graal.compiler.truffle.GraphTooBigBailoutException: Graph too big to safely compile. Node count: 50681. Graph Size: 150026. Limit: 150000.|Timestamp 219218908249174|Src n/a
[engine] opt done   id=595   ProtosRootNode@1c9738c0                            |Tier 1|Time    13(   4+9   )ms|AST    2|Inlined   0Y   0N|IR    888/  1275|CodeSize    5532|Addr 0x7f4b7462ffe0|Timestamp 219218922139252|Src n/a
[engine] opt done   id=596   ProtosRootNode@448b47da                            |Tier 1|Time   420(  44+376 )ms|AST    7|Inlined   0Y   0N|IR   4642/ 17482|CodeSize   90120|Addr 0x7f4b74633800|Timestamp 219219354076451|Src n/a
[engine] opt done   id=696   ProtosRootNode@473dbeb0                            |Tier 1|Time    27(   8+19  )ms|AST    2|Inlined   0Y   0N|IR    591/  1658|CodeSize    7561|Addr 0x7f4b74659620|Timestamp 219219729218839|Src n/a
[engine] opt done   id=697   ProtosRootNode@60a48fb                             |Tier 1|Time  2209( 159+2050)ms|AST   21|Inlined   0Y   0N|IR  20851/ 81773|CodeSize  436754|Addr 0x7f4b74662320|Timestamp 219221938552142|Src n/a
[engine] opt done   id=692   ProtosRootNode@67098eda                            |Tier 1|Time    14(   4+10  )ms|AST    2|Inlined   0Y   0N|IR    888/  1275|CodeSize    5532|Addr 0x7f4b747069e0|Timestamp 219221980166755|Src n/a
[engine] opt done   id=693   ProtosRootNode@34892b48                            |Tier 1|Time   680(  58+622 )ms|AST   11|Inlined   0Y   0N|IR  10711/ 39220|CodeSize  206041|Addr 0x7f4b7470bb40|Timestamp 219222660768771|Src n/a
[engine] opt done   id=694   ProtosRootNode@39c266d5                            |Tier 1|Time    14(   4+10  )ms|AST    2|Inlined   0Y   0N|IR    888/  1275|CodeSize    5532|Addr 0x7f4b7475bd60|Timestamp 219222693916100|Src n/a
[engine] opt done   id=695   ProtosRootNode@511f59ad                            |Tier 1|Time  2024( 134+1889)ms|AST   20|Inlined   0Y   0N|IR  20353/ 75041|CodeSize  397465|Addr 0x7f4b74763ac0|Timestamp 219224718032328|Src n/a
[engine] opt done   id=696   ProtosRootNode@473dbeb0                            |Tier 2|Time    19(   4+15  )ms|AST    2|Inlined   0Y   0N|IR    518/  1448|CodeSize    7174|Addr 0x7f4b747fcce0|Timestamp 219224823103008|Src n/a
[engine] opt done   id=697   ProtosRootNode@60a48fb                             |Tier 2|Time  1984( 129+1855)ms|AST   21|Inlined   0Y   0N|IR  20778/ 68815|CodeSize  387532|Addr 0x7f4b74804520|Timestamp 219226807747588|Src n/a
[engine] opt done   id=692   ProtosRootNode@67098eda                            |Tier 2|Time    17(   4+12  )ms|AST    2|Inlined   0Y   0N|IR    815/   944|CodeSize    4429|Addr 0x7f4b74894000|Timestamp 219226887621979|Src n/a
[engine] opt done   id=693   ProtosRootNode@34892b48                            |Tier 2|Time   709(  65+644 )ms|AST   11|Inlined   0Y   0N|IR  10638/ 32814|CodeSize  176872|Addr 0x7f4b74898360|Timestamp 219227597324086|Src n/a
[engine] opt done   id=694   ProtosRootNode@39c266d5                            |Tier 2|Time    24(   5+19  )ms|AST    2|Inlined   0Y   0N|IR    815/   944|CodeSize    4429|Addr 0x7f4b748db700|Timestamp 219227625608263|Src n/a
[engine] opt done   id=695   ProtosRootNode@511f59ad                            |Tier 2|Time  1866( 177+1688)ms|AST   20|Inlined   0Y   0N|IR  20280/ 62658|CodeSize  342484|Addr 0x7f4b748e2380|Timestamp 219229492237875|Src n/a
[engine] opt done   id=698   ProtosRootNode@4ad75700                            |Tier 1|Time    21(   4+17  )ms|AST    2|Inlined   0Y   0N|IR    888/  2671|CodeSize   13140|Addr 0x7f4b749630c0|Timestamp 219229556554577|Src n/a
[engine] opt failed id=699   ProtosRootNode@302580e                             |Tier 1|Time   42(-219229557+219229599)ms|Reason: jdk.graal.compiler.truffle.GraphTooBigBailoutException: Graph too big to safely compile. Node count: 50681. Graph Size: 150026. Limit: 150000.|Timestamp 219229598918601|Src n/a
[engine] opt failed id=699   ProtosRootNode@302580e                             |Tier 1|Time   43(-219229609+219229652)ms|Reason: jdk.graal.compiler.truffle.GraphTooBigBailoutException: Graph too big to safely compile. Node count: 50681. Graph Size: 150026. Limit: 150000.|Timestamp 219229652251814|Src n/a
[engine] opt done   id=686   ProtosRootNode@977033                              |Tier 1|Time    14(   5+9   )ms|AST    2|Inlined   0Y   0N|IR    888/  1275|CodeSize    5532|Addr 0x7f4b74969ce0|Timestamp 219229668998119|Src n/a
[engine] opt done   id=687   ProtosRootNode@59877a4b                            |Tier 1|Time   189(  25+165 )ms|AST    7|Inlined   0Y   0N|IR   4642/ 17482|CodeSize   90120|Addr 0x7f4b7496f600|Timestamp 219229859344406|Src n/a
[engine] opt done   id=787   ProtosRootNode@4955a256                            |Tier 1|Time    15(   5+10  )ms|AST    2|Inlined   0Y   0N|IR    591/  1658|CodeSize    7561|Addr 0x7f4b74993720|Timestamp 219230050215627|Src n/a
[engine] opt done   id=788   ProtosRootNode@15f6f41e                            |Tier 1|Time  1993( 129+1864)ms|AST   21|Inlined   0Y   0N|IR  20851/ 81773|CodeSize  436754|Addr 0x7f4b7499c420|Timestamp 219232043569606|Src n/a
[engine] opt done   id=783   ProtosRootNode@21e7b135                            |Tier 1|Time    14(   4+9   )ms|AST    2|Inlined   0Y   0N|IR    888/  1275|CodeSize    5532|Addr 0x7f4b74a407e0|Timestamp 219232080706457|Src n/a
[engine] opt done   id=784   ProtosRootNode@7983762                             |Tier 1|Time   608(  56+553 )ms|AST   11|Inlined   0Y   0N|IR  10711/ 39220|CodeSize  206041|Addr 0x7f4b74a45940|Timestamp 219232689467113|Src n/a
[engine] opt done   id=785   ProtosRootNode@1b9a6a24                            |Tier 1|Time    14(   4+9   )ms|AST    2|Inlined   0Y   0N|IR    888/  1275|CodeSize    5532|Addr 0x7f4b74a95b60|Timestamp 219232720583726|Src n/a
[engine] opt done   id=786   ProtosRootNode@325cfc19                            |Tier 1|Time  1705( 118+1587)ms|AST   20|Inlined   0Y   0N|IR  20353/ 75041|CodeSize  397465|Addr 0x7f4b74a9dbc0|Timestamp 219234426123602|Src n/a
[engine] opt done   id=787   ProtosRootNode@4955a256                            |Tier 2|Time    29(   8+20  )ms|AST    2|Inlined   0Y   0N|IR    518/  1448|CodeSize    7174|Addr 0x7f4b74b36b60|Timestamp 219234518579125|Src n/a
[engine] opt done   id=788   ProtosRootNode@15f6f41e                            |Tier 2|Time  1831( 120+1710)ms|AST   21|Inlined   0Y   0N|IR  20778/ 68815|CodeSize  387532|Addr 0x7f4b74b3e3a0|Timestamp 219236349465527|Src n/a
[engine] opt done   id=783   ProtosRootNode@21e7b135                            |Tier 2|Time    19(   7+12  )ms|AST    2|Inlined   0Y   0N|IR    815/   944|CodeSize    4429|Addr 0x7f4b74bd0a00|Timestamp 219236467654218|Src n/a
[engine] opt done   id=784   ProtosRootNode@7983762                             |Tier 2|Time   675(  55+621 )ms|AST   11|Inlined   0Y   0N|IR  10638/ 32814|CodeSize  176872|Addr 0x7f4b74bd4a60|Timestamp 219237143453282|Src n/a
[engine] opt done   id=785   ProtosRootNode@1b9a6a24                            |Tier 2|Time    22(   4+18  )ms|AST    2|Inlined   0Y   0N|IR    815/   944|CodeSize    4429|Addr 0x7f4b74c17e00|Timestamp 219237168592608|Src n/a
[engine] opt done   id=786   ProtosRootNode@325cfc19                            |Tier 2|Time  1741( 121+1620)ms|AST   20|Inlined   0Y   0N|IR  20280/ 62658|CodeSize  342484|Addr 0x7f4b74c1da00|Timestamp 219238909939285|Src n/a
[engine] opt done   id=789   ProtosRootNode@d31ca38                             |Tier 1|Time    22(   5+17  )ms|AST    2|Inlined   0Y   0N|IR    888/  2671|CodeSize   13140|Addr 0x7f4b74c9e040|Timestamp 219238978493567|Src n/a
[engine] opt failed id=790   ProtosRootNode@410214c2                            |Tier 1|Time   42(-219238979+219239021)ms|Reason: jdk.graal.compiler.truffle.GraphTooBigBailoutException: Graph too big to safely compile. Node count: 50681. Graph Size: 150026. Limit: 150000.|Timestamp 219239021047569|Src n/a
[engine] opt failed id=790   ProtosRootNode@410214c2                            |Tier 1|Time   45(-219239041+219239086)ms|Reason: jdk.graal.compiler.truffle.GraphTooBigBailoutException: Graph too big to safely compile. Node count: 50681. Graph Size: 150026. Limit: 150000.|Timestamp 219239085890198|Src n/a
[engine] opt done   id=777   ProtosRootNode@5b4a2f16                            |Tier 1|Time    13(   4+9   )ms|AST    2|Inlined   0Y   0N|IR    888/  1275|CodeSize    5532|Addr 0x7f4b74ca5ae0|Timestamp 219239099608903|Src n/a
[engine] opt done   id=778   ProtosRootNode@4e9de393                            |Tier 1|Time   189(  23+166 )ms|AST    7|Inlined   0Y   0N|IR   4642/ 17482|CodeSize   90120|Addr 0x7f4b74ca9300|Timestamp 219239288532826|Src n/a
[engine] opt done   id=878   ProtosRootNode@46f6a3e6                            |Tier 1|Time    14(   4+10  )ms|AST    2|Inlined   0Y   0N|IR    591/  1658|CodeSize    7561|Addr 0x7f4b74ccd420|Timestamp 219239475811549|Src n/a
[engine] opt done   id=879   ProtosRootNode@64dba59a                            |Tier 1|Time  2009( 131+1878)ms|AST   21|Inlined   0Y   0N|IR  20851/ 81773|CodeSize  436754|Addr 0x7f4b74cd6120|Timestamp 219241484705962|Src n/a
[engine] opt done   id=874   ProtosRootNode@52b15d5d                            |Tier 1|Time    14(   4+9   )ms|AST    2|Inlined   0Y   0N|IR    888/  1275|CodeSize    5532|Addr 0x7f4b74d7a4e0|Timestamp 219241528167539|Src n/a
[engine] opt done   id=875   ProtosRootNode@2b655971                            |Tier 1|Time   599(  55+544 )ms|AST   11|Inlined   0Y   0N|IR  10711/ 39220|CodeSize  206041|Addr 0x7f4b74d7f640|Timestamp 219242127539623|Src n/a
[engine] opt done   id=876   ProtosRootNode@6cfd3fe1                            |Tier 1|Time    13(   4+9   )ms|AST    2|Inlined   0Y   0N|IR    888/  1275|CodeSize    5532|Addr 0x7f4b74dcf860|Timestamp 219242160629626|Src n/a
[engine] opt done   id=877   ProtosRootNode@479d85c8                            |Tier 1|Time  1757( 115+1642)ms|AST   20|Inlined   0Y   0N|IR  20353/ 75041|CodeSize  397465|Addr 0x7f4b74dd75c0|Timestamp 219243917563600|Src n/a
[engine] opt done   id=878   ProtosRootNode@46f6a3e6                            |Tier 2|Time    36(   6+30  )ms|AST    2|Inlined   0Y   0N|IR    518/  1448|CodeSize    7174|Addr 0x7f4b73338ae0|Timestamp 219244065657465|Src n/a
[engine] opt done   id=879   ProtosRootNode@64dba59a                            |Tier 2|Time  1947( 133+1814)ms|AST   21|Inlined   0Y   0N|IR  20778/ 68815|CodeSize  387532|Addr 0x7f4b7334bf20|Timestamp 219246012905349|Src n/a
[engine] opt done   id=874   ProtosRootNode@52b15d5d                            |Tier 2|Time    16(   4+12  )ms|AST    2|Inlined   0Y   0N|IR    815/   944|CodeSize    4429|Addr 0x7f4b73207300|Timestamp 219246080796402|Src n/a
[engine] opt done   id=875   ProtosRootNode@2b655971                            |Tier 2|Time   676(  63+613 )ms|AST   11|Inlined   0Y   0N|IR  10638/ 32814|CodeSize  176872|Addr 0x7f4b733f3ce0|Timestamp 219246758652821|Src n/a
[engine] opt done   id=876   ProtosRootNode@6cfd3fe1                            |Tier 2|Time    23(   4+19  )ms|AST    2|Inlined   0Y   0N|IR    815/   944|CodeSize    4429|Addr 0x7f4b7328af00|Timestamp 219246784651470|Src n/a
[engine] opt done   id=877   ProtosRootNode@479d85c8                            |Tier 2|Time  1690( 132+1559)ms|AST   20|Inlined   0Y   0N|IR  20280/ 62658|CodeSize  342484|Addr 0x7f4b7346ad00|Timestamp 219248475190038|Src n/a
[engine] opt done   id=880   ProtosRootNode@1fe2636f                            |Tier 1|Time    28(  10+19  )ms|AST    2|Inlined   0Y   0N|IR    888/  2671|CodeSize   13140|Addr 0x7f4b735d3d40|Timestamp 219248547928740|Src n/a
[engine] opt failed id=881   ProtosRootNode@14a595f4                            |Tier 1|Time   42(-219248548+219248590)ms|Reason: jdk.graal.compiler.truffle.GraphTooBigBailoutException: Graph too big to safely compile. Node count: 50681. Graph Size: 150026. Limit: 150000.|Timestamp 219248589937545|Src n/a
[engine] opt failed id=881   ProtosRootNode@14a595f4                            |Tier 1|Time   43(-219248597+219248640)ms|Reason: jdk.graal.compiler.truffle.GraphTooBigBailoutException: Graph too big to safely compile. Node count: 50681. Graph Size: 150026. Limit: 150000.|Timestamp 219248639975419|Src n/a
[engine] opt done   id=868   ProtosRootNode@7a1859bf                            |Tier 1|Time    25(   7+18  )ms|AST    2|Inlined   0Y   0N|IR    888/  1275|CodeSize    5532|Addr 0x7f4b736c7c60|Timestamp 219248674764550|Src n/a
[engine] opt done   id=869   ProtosRootNode@76435748                            |Tier 1|Time   192(  24+168 )ms|AST    7|Inlined   0Y   0N|IR   4642/ 17482|CodeSize   90120|Addr 0x7f4b735e1800|Timestamp 219248866630234|Src n/a
[engine] opt done   id=969   ProtosRootNode@7ecd1316                            |Tier 1|Time    27(   8+19  )ms|AST    2|Inlined   0Y   0N|IR    591/  1658|CodeSize    7561|Addr 0x7f4b7314a0a0|Timestamp 219249071302566|Src n/a
[engine] opt done   id=970   ProtosRootNode@67b6c8ba                            |Tier 1|Time  2004( 133+1870)ms|AST   21|Inlined   0Y   0N|IR  20851/ 81773|CodeSize  436754|Addr 0x7f4b731600a0|Timestamp 219251077332558|Src n/a
[engine] opt done   id=965   ProtosRootNode@18c6fe68                            |Tier 1|Time    19(   6+13  )ms|AST    2|Inlined   0Y   0N|IR    888/  1275|CodeSize    5532|Addr 0x7f4b73d595e0|Timestamp 219251125206718|Src n/a
[engine] opt done   id=966   ProtosRootNode@3e336571                            |Tier 1|Time   644(  58+586 )ms|AST   11|Inlined   0Y   0N|IR  10711/ 39220|CodeSize  206041|Addr 0x7f4b7320e3c0|Timestamp 219251770293108|Src n/a
[engine] opt done   id=967   ProtosRootNode@3c58a9d5                            |Tier 1|Time    14(   5+10  )ms|AST    2|Inlined   0Y   0N|IR    888/  1275|CodeSize    5532|Addr 0x7f4b74969ce0|Timestamp 219251787070430|Src n/a
[engine] opt done   id=968   ProtosRootNode@73d616fb                            |Tier 1|Time  1872( 151+1721)ms|AST   20|Inlined   0Y   0N|IR  20353/ 75041|CodeSize  397465|Addr 0x7f4b73292fc0|Timestamp 219253659749901|Src n/a
[engine] opt done   id=969   ProtosRootNode@7ecd1316                            |Tier 2|Time    19(   3+15  )ms|AST    2|Inlined   0Y   0N|IR    518/  1448|CodeSize    7174|Addr 0x7f4b737c62e0|Timestamp 219253745185416|Src n/a
[engine] opt done   id=970   ProtosRootNode@67b6c8ba                            |Tier 2|Time  1944( 127+1816)ms|AST   21|Inlined   0Y   0N|IR  20778/ 68815|CodeSize  387532|Addr 0x7f4b737ce2a0|Timestamp 219255690030248|Src n/a
[engine] opt done   id=965   ProtosRootNode@18c6fe68                            |Tier 2|Time    23(   4+19  )ms|AST    2|Inlined   0Y   0N|IR    815/   944|CodeSize    4429|Addr 0x7f4b7361b100|Timestamp 219255754769987|Src n/a
[engine] opt done   id=966   ProtosRootNode@3e336571                            |Tier 2|Time   696(  57+639 )ms|AST   11|Inlined   0Y   0N|IR  10638/ 32814|CodeSize  176872|Addr 0x7f4b73bb04e0|Timestamp 219256451138419|Src n/a
[engine] opt done   id=967   ProtosRootNode@3c58a9d5                            |Tier 2|Time    23(   4+19  )ms|AST    2|Inlined   0Y   0N|IR    815/   944|CodeSize    4429|Addr 0x7f4b73bac480|Timestamp 219256477683918|Src n/a
[engine] opt done   id=968   ProtosRootNode@73d616fb                            |Tier 2|Time  1704( 117+1587)ms|AST   20|Inlined   0Y   0N|IR  20280/ 62658|CodeSize  342484|Addr 0x7f4b738b2880|Timestamp 219258182087554|Src n/a
[engine] opt done   id=971   ProtosRootNode@4c1d8156                            |Tier 1|Time    22(   5+17  )ms|AST    2|Inlined   0Y   0N|IR    888/  2671|CodeSize   13140|Addr 0x7f4b739333c0|Timestamp 219258244471797|Src n/a
[engine] opt failed id=972   ProtosRootNode@5f57e9b0                            |Tier 1|Time   42(-219258245+219258287)ms|Reason: jdk.graal.compiler.truffle.GraphTooBigBailoutException: Graph too big to safely compile. Node count: 50681. Graph Size: 150026. Limit: 150000.|Timestamp 219258287155623|Src n/a
[engine] opt failed id=972   ProtosRootNode@5f57e9b0                            |Tier 1|Time   43(-219258293+219258336)ms|Reason: jdk.graal.compiler.truffle.GraphTooBigBailoutException: Graph too big to safely compile. Node count: 50681. Graph Size: 150026. Limit: 150000.|Timestamp 219258336346198|Src n/a
[engine] opt done   id=959   ProtosRootNode@7a978d93                            |Tier 1|Time    13(   4+9   )ms|AST    2|Inlined   0Y   0N|IR    888/  1275|CodeSize    5532|Addr 0x7f4b73cab260|Timestamp 219258353949633|Src n/a
[engine] opt done   id=960   ProtosRootNode@3504a8f5                            |Tier 1|Time   197(  24+173 )ms|AST    7|Inlined   0Y   0N|IR   4642/ 17482|CodeSize   90120|Addr 0x7f4b7393d800|Timestamp 219258550862562|Src n/a
[engine] opt done   id=101   ProtosRootNode@7caabe0b                            |Tier 2|Time    18(   3+15  )ms|AST    2|Inlined   0Y   0N|IR    518/  1448|CodeSize    7174|Addr 0x7f4b73fe8ce0|Timestamp 219258737209956|Src n/a
[engine] opt done   id=102   ProtosRootNode@5779d363                            |Tier 2|Time   563(  41+523 )ms|AST    9|Inlined   0Y   0N|IR   7883/ 27025|CodeSize  148759|Addr 0x7f4b73efc180|Timestamp 219259300950407|Src n/a
[engine] opt done   id=99    ProtosRootNode@7e9a3e4e                            |Tier 2|Time    32(   6+27  )ms|AST    2|Inlined   0Y   0N|IR    815/   944|CodeSize    4429|Addr 0x7f4b74966b00|Timestamp 219259336392109|Src n/a
[engine] opt done   id=100   ProtosRootNode@72234321                            |Tier 2|Time   958(  81+877 )ms|AST   13|Inlined   0Y   0N|IR  12831/ 40881|CodeSize  225171|Addr 0x7f4b7490e880|Timestamp 219260294888133|Src n/a
[engine] opt done   id=105   ProtosRootNode@74ef0f76                            |Tier 2|Time    17(   4+13  )ms|AST    2|Inlined   0Y   0N|IR    815/   944|CodeSize    4429|Addr 0x7f4b74964980|Timestamp 219260341841174|Src n/a
[engine] opt done   id=106   ProtosRootNode@378d731e                            |Tier 2|Time   356(  30+326 )ms|AST    9|Inlined   0Y   0N|IR   6414/ 19828|CodeSize  105112|Addr 0x7f4b748e3da0|Timestamp 219260697879258|Src n/a
[engine] opt done   id=1060  ProtosRootNode@51998122                            |Tier 1|Time    32(   8+23  )ms|AST    2|Inlined   0Y   0N|IR    591/  1658|CodeSize    7561|Addr 0x7f4b748df4a0|Timestamp 219260754711957|Src n/a
[engine] opt done   id=1061  ProtosRootNode@47b718cb                            |Tier 1|Time  2136( 135+2001)ms|AST   21|Inlined   0Y   0N|IR  20851/ 81773|CodeSize  436754|Addr 0x7f4b73622ca0|Timestamp 219262891235740|Src n/a
[engine] opt done   id=1056  ProtosRootNode@668f71bb                            |Tier 1|Time    14(   4+9   )ms|AST    2|Inlined   0Y   0N|IR    888/  1275|CodeSize    5532|Addr 0x7f4b73ef7fe0|Timestamp 219262929842489|Src n/a
[engine] opt done   id=1057  ProtosRootNode@11529ec6                            |Tier 1|Time   624(  57+567 )ms|AST   11|Inlined   0Y   0N|IR  10711/ 39220|CodeSize  206041|Addr 0x7f4b736d35c0|Timestamp 219263554560893|Src n/a
[engine] opt done   id=1058  ProtosRootNode@2a8aa906                            |Tier 1|Time    14(   4+9   )ms|AST    2|Inlined   0Y   0N|IR    888/  1275|CodeSize    5532|Addr 0x7f4b73ef57e0|Timestamp 219263587582279|Src n/a
[engine] opt done   id=1059  ProtosRootNode@4f1662b3                            |Tier 1|Time  1866( 122+1744)ms|AST   20|Inlined   0Y   0N|IR  20353/ 75041|CodeSize  397465|Addr 0x7f4b73db74c0|Timestamp 219265453968340|Src n/a
[engine] opt done   id=1060  ProtosRootNode@51998122                            |Tier 2|Time    19(   3+15  )ms|AST    2|Inlined   0Y   0N|IR    518/  1448|CodeSize    7174|Addr 0x7f4b73ef22e0|Timestamp 219265536947811|Src n/a
[engine] opt done   id=1061  ProtosRootNode@47b718cb                            |Tier 2|Time  2168( 128+2040)ms|AST   21|Inlined   0Y   0N|IR  20778/ 68815|CodeSize  387532|Addr 0x7f4b74197220|Timestamp 219267705650806|Src n/a
[engine] opt done   id=1056  ProtosRootNode@668f71bb                            |Tier 2|Time    23(   6+16  )ms|AST    2|Inlined   0Y   0N|IR    815/   944|CodeSize    4429|Addr 0x7f4b74190d00|Timestamp 219267808146191|Src n/a
[engine] opt done   id=1057  ProtosRootNode@11529ec6                            |Tier 2|Time  1046(  91+954 )ms|AST   11|Inlined   0Y   0N|IR  10638/ 32814|CodeSize  176872|Addr 0x7f4b7422b0e0|Timestamp 219268854276452|Src n/a
[engine] opt done   id=1058  ProtosRootNode@2a8aa906                            |Tier 2|Time    36(   6+31  )ms|AST    2|Inlined   0Y   0N|IR    815/   944|CodeSize    4429|Addr 0x7f4b74227080|Timestamp 219268895440354|Src n/a
[engine] opt done   id=1059  ProtosRootNode@4f1662b3                            |Tier 2|Time  2912( 210+2702)ms|AST   20|Inlined   0Y   0N|IR  20280/ 62658|CodeSize  342484|Addr 0x7f4b73f40180|Timestamp 219271808176676|Src n/a
[engine] opt done   id=1062  ProtosRootNode@25365cf9                            |Tier 1|Time    27(   5+22  )ms|AST    2|Inlined   0Y   0N|IR    888/  2671|CodeSize   13140|Addr 0x7f4b73eec640|Timestamp 219271877051840|Src n/a
[engine] opt failed id=1063  ProtosRootNode@56f6a123                            |Tier 1|Time   52(-219271877+219271929)ms|Reason: jdk.graal.compiler.truffle.GraphTooBigBailoutException: Graph too big to safely compile. Node count: 50681. Graph Size: 150026. Limit: 150000.|Timestamp 219271929302607|Src n/a
[engine] opt failed id=1063  ProtosRootNode@56f6a123                            |Tier 1|Time   53(-219271939+219271992)ms|Reason: jdk.graal.compiler.truffle.GraphTooBigBailoutException: Graph too big to safely compile. Node count: 50681. Graph Size: 150026. Limit: 150000.|Timestamp 219271992413337|Src n/a
[engine] opt done   id=1050  ProtosRootNode@26433d9d                            |Tier 1|Time    17(   5+12  )ms|AST    2|Inlined   0Y   0N|IR    888/  1275|CodeSize    5532|Addr 0x7f4b73f39f60|Timestamp 219272014105795|Src n/a
[engine] opt done   id=1051  ProtosRootNode@353fec2a                            |Tier 1|Time   251(  35+216 )ms|AST    7|Inlined   0Y   0N|IR   4642/ 17482|CodeSize   90120|Addr 0x7f4b73fc3380|Timestamp 219272265434549|Src n/a
[engine] opt done   id=1151  ProtosRootNode@1b218c7b                            |Tier 1|Time    33(   8+25  )ms|AST    2|Inlined   0Y   0N|IR    591/  1658|CodeSize    7561|Addr 0x7f4b73f368a0|Timestamp 219272516159420|Src n/a
[engine] opt done   id=1152  ProtosRootNode@435a456b                            |Tier 1|Time  3722( 397+3324)ms|AST   21|Inlined   0Y   0N|IR  20851/ 81773|CodeSize  436754|Addr 0x7f4b73cb4920|Timestamp 219276239818224|Src n/a
[engine] opt done   id=1147  ProtosRootNode@784dff96                            |Tier 1|Time    21(   7+14  )ms|AST    2|Inlined   0Y   0N|IR    888/  1275|CodeSize    5532|Addr 0x7f4b74990760|Timestamp 219276298834998|Src n/a
[engine] opt done   id=1148  ProtosRootNode@27ffa692                            |Tier 1|Time   867( 123+744 )ms|AST   11|Inlined   0Y   0N|IR  10711/ 39220|CodeSize  206041|Addr 0x7f4b73d616c0|Timestamp 219277168043403|Src n/a
[engine] opt done   id=1149  ProtosRootNode@30d279f0                            |Tier 1|Time    16(   5+11  )ms|AST    2|Inlined   0Y   0N|IR    888/  1275|CodeSize    5532|Addr 0x7f4b73d5c560|Timestamp 219277185275274|Src n/a
[engine] opt done   id=1150  ProtosRootNode@77f5e053                            |Tier 1|Time  2602( 208+2394)ms|AST   20|Inlined   0Y   0N|IR  20353/ 75041|CodeSize  397465|Addr 0x7f4b74a9dbc0|Timestamp 219279788032354|Src n/a
[engine] opt done   id=1151  ProtosRootNode@1b218c7b                            |Tier 2|Time    25(   6+19  )ms|AST    2|Inlined   0Y   0N|IR    518/  1448|CodeSize    7174|Addr 0x7f4b7498d260|Timestamp 219279895424456|Src n/a
[engine] opt done   id=1152  ProtosRootNode@435a456b                            |Tier 2|Time  3079( 237+2841)ms|AST   21|Inlined   0Y   0N|IR  20778/ 68815|CodeSize  387532|Addr 0x7f4b744cf120|Timestamp 219282974477179|Src n/a
[engine] opt done   id=1147  ProtosRootNode@784dff96                            |Tier 2|Time    29(   5+24  )ms|AST    2|Inlined   0Y   0N|IR    815/   944|CodeSize    4429|Addr 0x7f4b744c8c00|Timestamp 219283061793153|Src n/a
[engine] opt done   id=1148  ProtosRootNode@27ffa692                            |Tier 2|Time  1027(  72+955 )ms|AST   11|Inlined   0Y   0N|IR  10638/ 32814|CodeSize  176872|Addr 0x7f4b7489a4e0|Timestamp 219284089505523|Src n/a
[engine] opt done   id=1149  ProtosRootNode@30d279f0                            |Tier 2|Time    29(   9+20  )ms|AST    2|Inlined   0Y   0N|IR    815/   944|CodeSize    4429|Addr 0x7f4b74896480|Timestamp 219284127457382|Src n/a
[engine] opt done   id=1150  ProtosRootNode@77f5e053                            |Tier 2|Time  2559( 171+2388)ms|AST   20|Inlined   0Y   0N|IR  20280/ 62658|CodeSize  342484|Addr 0x7f4b73e67100|Timestamp 219286686533611|Src n/a
[engine] opt done   id=1153  ProtosRootNode@378dfd81                            |Tier 1|Time    48(   8+40  )ms|AST    2|Inlined   0Y   0N|IR    888/  2671|CodeSize   13140|Addr 0x7f4b73e5dac0|Timestamp 219286765500544|Src n/a
[engine] opt failed id=1154  ProtosRootNode@13edf071                            |Tier 1|Time   45(-219286766+219286811)ms|Reason: jdk.graal.compiler.truffle.GraphTooBigBailoutException: Graph too big to safely compile. Node count: 50681. Graph Size: 150026. Limit: 150000.|Timestamp 219286810967505|Src n/a
[engine] opt failed id=1154  ProtosRootNode@13edf071                            |Tier 1|Time   46(-219286811+219286857)ms|Reason: jdk.graal.compiler.truffle.GraphTooBigBailoutException: Graph too big to safely compile. Node count: 50681. Graph Size: 150026. Limit: 150000.|Timestamp 219286856947579|Src n/a
[engine] opt done   id=1141  ProtosRootNode@29360162                            |Tier 1|Time    25(   8+17  )ms|AST    2|Inlined   0Y   0N|IR    888/  1275|CodeSize    5532|Addr 0x7f4b73e5b0e0|Timestamp 219286896525147|Src n/a
[engine] opt done   id=1142  ProtosRootNode@39865963                            |Tier 1|Time   217(  32+185 )ms|AST    7|Inlined   0Y   0N|IR   4642/ 17482|CodeSize   90120|Addr 0x7f4b74ca9300|Timestamp 219287114174086|Src n/a
[engine] opt done   id=1242  ProtosRootNode@76fb0afe                            |Tier 1|Time    23(   7+16  )ms|AST    2|Inlined   0Y   0N|IR    591/  1658|CodeSize    7561|Addr 0x7f4b73e57a20|Timestamp 219287316225036|Src n/a
[engine] opt done   id=1243  ProtosRootNode@c648468                             |Tier 1|Time  2572( 142+2430)ms|AST   21|Inlined   0Y   0N|IR  20851/ 81773|CodeSize  436754|Addr 0x7f4b74329fa0|Timestamp 219289890215432|Src n/a
[engine] opt done   id=1238  ProtosRootNode@ce41e1                              |Tier 1|Time    19(   5+13  )ms|AST    2|Inlined   0Y   0N|IR    888/  1275|CodeSize    5532|Addr 0x7f4b74ca5ae0|Timestamp 219289949771503|Src n/a
[engine] opt done   id=1239  ProtosRootNode@565ae9ff                            |Tier 1|Time   723(  87+636 )ms|AST   11|Inlined   0Y   0N|IR  10711/ 39220|CodeSize  206041|Addr 0x7f4b74b7dcc0|Timestamp 219290673642780|Src n/a
[engine] opt done   id=1240  ProtosRootNode@1061efcd                            |Tier 1|Time    14(   4+9   )ms|AST    2|Inlined   0Y   0N|IR    888/  1275|CodeSize    5532|Addr 0x7f4b74322160|Timestamp 219290688455175|Src n/a
[engine] opt done   id=1241  ProtosRootNode@e29cb4e                             |Tier 1|Time  2039( 211+1827)ms|AST   20|Inlined   0Y   0N|IR  20353/ 75041|CodeSize  397465|Addr 0x7f4b7372b840|Timestamp 219292727314993|Src n/a
[engine] opt done   id=1242  ProtosRootNode@76fb0afe                            |Tier 2|Time    19(   4+15  )ms|AST    2|Inlined   0Y   0N|IR    518/  1448|CodeSize    7174|Addr 0x7f4b73e544e0|Timestamp 219292824067004|Src n/a
[engine] opt done   id=1243  ProtosRootNode@c648468                             |Tier 2|Time  2107( 137+1970)ms|AST   21|Inlined   0Y   0N|IR  20778/ 68815|CodeSize  387532|Addr 0x7f4b73b184a0|Timestamp 219294931890208|Src n/a
[engine] opt done   id=1238  ProtosRootNode@ce41e1                              |Tier 2|Time    17(   5+12  )ms|AST    2|Inlined   0Y   0N|IR    815/   944|CodeSize    4429|Addr 0x7f4b73724100|Timestamp 219295008117121|Src n/a
[engine] opt done   id=1239  ProtosRootNode@565ae9ff                            |Tier 2|Time   741(  61+680 )ms|AST   11|Inlined   0Y   0N|IR  10638/ 32814|CodeSize  176872|Addr 0x7f4b73869a60|Timestamp 219295749499107|Src n/a
[engine] opt done   id=1240  ProtosRootNode@1061efcd                            |Tier 2|Time    23(   4+19  )ms|AST    2|Inlined   0Y   0N|IR    815/   944|CodeSize    4429|Addr 0x7f4b73865a00|Timestamp 219295776332100|Src n/a
[engine] opt done   id=1241  ProtosRootNode@e29cb4e                             |Tier 2|Time  1901( 125+1776)ms|AST   20|Inlined   0Y   0N|IR  20280/ 62658|CodeSize  342484|Addr 0x7f4b74815d80|Timestamp 219297678373960|Src n/a
[engine] opt done   id=1244  ProtosRootNode@3df30032                            |Tier 1|Time    22(   5+17  )ms|AST    2|Inlined   0Y   0N|IR    888/  2671|CodeSize   13140|Addr 0x7f4b7480c740|Timestamp 219297746055673|Src n/a
[engine] opt failed id=1245  ProtosRootNode@3493baba                            |Tier 1|Time   48(-219297747+219297794)ms|Reason: jdk.graal.compiler.truffle.GraphTooBigBailoutException: Graph too big to safely compile. Node count: 50681. Graph Size: 150026. Limit: 150000.|Timestamp 219297794497717|Src n/a
[engine] opt failed id=1245  ProtosRootNode@3493baba                            |Tier 1|Time   45(-219297806+219297852)ms|Reason: jdk.graal.compiler.truffle.GraphTooBigBailoutException: Graph too big to safely compile. Node count: 50681. Graph Size: 150026. Limit: 150000.|Timestamp 219297851557249|Src n/a
[engine] opt done   id=1232  ProtosRootNode@5cc4979b                            |Tier 1|Time    14(   4+10  )ms|AST    2|Inlined   0Y   0N|IR    888/  1275|CodeSize    5532|Addr 0x7f4b73e51c60|Timestamp 219297865941920|Src n/a
[engine] opt done   id=1233  ProtosRootNode@3d026f5                             |Tier 1|Time   200(  25+175 )ms|AST    7|Inlined   0Y   0N|IR   4642/ 17482|CodeSize   90120|Addr 0x7f4b74b57a00|Timestamp 219298066664945|Src n/a
[engine] opt done   id=1333  ProtosRootNode@5a5f19b6                            |Tier 1|Time    36(  14+22  )ms|AST    2|Inlined   0Y   0N|IR    591/  1658|CodeSize    7561|Addr 0x7f4b73b10aa0|Timestamp 219298308745403|Src n/a
[engine] opt done   id=1334  ProtosRootNode@4c616d71                            |Tier 1|Time  2142( 149+1993)ms|AST   21|Inlined   0Y   0N|IR  20851/ 81773|CodeSize  436754|Addr 0x7f4b74662320|Timestamp 219300450943428|Src n/a
[engine] opt done   id=1329  ProtosRootNode@16a41964                            |Tier 1|Time    14(   5+9   )ms|AST    2|Inlined   0Y   0N|IR    888/  1275|CodeSize    5532|Addr 0x7f4b7465a4e0|Timestamp 219300488393739|Src n/a
[engine] opt done   id=1330  ProtosRootNode@3650f9af                            |Tier 1|Time   767(  63+704 )ms|AST   11|Inlined   0Y   0N|IR  10711/ 39220|CodeSize  206041|Addr 0x7f4b74140840|Timestamp 219301257095936|Src n/a
[engine] opt done   id=1331  ProtosRootNode@598b230                             |Tier 1|Time    14(   5+10  )ms|AST    2|Inlined   0Y   0N|IR    888/  1275|CodeSize    5532|Addr 0x7f4b74809d60|Timestamp 219301293658481|Src n/a
[engine] opt done   id=1332  ProtosRootNode@15960d0b                            |Tier 1|Time  2167( 185+1982)ms|AST   20|Inlined   0Y   0N|IR  20353/ 75041|CodeSize  397465|Addr 0x7f4b73c0e6c0|Timestamp 219303461344718|Src n/a
[engine] opt done   id=1333  ProtosRootNode@5a5f19b6                            |Tier 2|Time    21(   4+17  )ms|AST    2|Inlined   0Y   0N|IR    518/  1448|CodeSize    7174|Addr 0x7f4b74806860|Timestamp 219303552104267|Src n/a
[engine] opt done   id=1334  ProtosRootNode@4c616d71                            |Tier 2|Time  2407( 147+2260)ms|AST   21|Inlined   0Y   0N|IR  20778/ 68815|CodeSize  387532|Addr 0x7f4b7428fca0|Timestamp 219305959569903|Src n/a
[engine] opt done   id=1329  ProtosRootNode@16a41964                            |Tier 2|Time    17(   4+13  )ms|AST    2|Inlined   0Y   0N|IR    815/   944|CodeSize    4429|Addr 0x7f4b73863880|Timestamp 219306046589499|Src n/a
[engine] opt done   id=1330  ProtosRootNode@3650f9af                            |Tier 2|Time   934( 101+833 )ms|AST   11|Inlined   0Y   0N|IR  10638/ 32814|CodeSize  176872|Addr 0x7f4b740faae0|Timestamp 219306980700316|Src n/a
[engine] opt done   id=1331  ProtosRootNode@598b230                             |Tier 2|Time    23(   4+19  )ms|AST    2|Inlined   0Y   0N|IR    815/   944|CodeSize    4429|Addr 0x7f4b74804600|Timestamp 219307006766631|Src n/a
[engine] opt done   id=1332  ProtosRootNode@15960d0b                            |Tier 2|Time  2235( 198+2037)ms|AST   20|Inlined   0Y   0N|IR  20280/ 62658|CodeSize  342484|Addr 0x7f4b74c23800|Timestamp 219309241867574|Src n/a
[engine] opt done   id=1335  ProtosRootNode@54acae9e                            |Tier 1|Time    23(   5+18  )ms|AST    2|Inlined   0Y   0N|IR    888/  2671|CodeSize   13140|Addr 0x7f4b747fea40|Timestamp 219309310916928|Src n/a
[engine] opt failed id=1336  ProtosRootNode@1cb2f0a6                            |Tier 1|Time   44(-219309311+219309355)ms|Reason: jdk.graal.compiler.truffle.GraphTooBigBailoutException: Graph too big to safely compile. Node count: 50681. Graph Size: 150026. Limit: 150000.|Timestamp 219309354818402|Src n/a
[engine] opt failed id=1336  ProtosRootNode@1cb2f0a6                            |Tier 1|Time   61(-219309361+219309422)ms|Reason: jdk.graal.compiler.truffle.GraphTooBigBailoutException: Graph too big to safely compile. Node count: 50681. Graph Size: 150026. Limit: 150000.|Timestamp 219309422555309|Src n/a
[engine] opt done   id=1323  ProtosRootNode@3964d46c                            |Tier 1|Time    22(   7+15  )ms|AST    2|Inlined   0Y   0N|IR    888/  1275|CodeSize    5532|Addr 0x7f4b740f6460|Timestamp 219309451939522|Src n/a
[engine] opt done   id=1324  ProtosRootNode@1574c913                            |Tier 1|Time   285(  68+218 )ms|AST    7|Inlined   0Y   0N|IR   4642/ 17482|CodeSize   90120|Addr 0x7f4b74bfc480|Timestamp 219309738085273|Src n/a
[engine] opt done   id=1424  ProtosRootNode@3a09ee0c                            |Tier 1|Time    44(  15+29  )ms|AST    2|Inlined   0Y   0N|IR    591/  1658|CodeSize    7561|Addr 0x7f4b740f2da0|Timestamp 219310018638522|Src n/a
[engine] opt done   id=1425  ProtosRootNode@1a3bf144                            |Tier 1|Time  2678( 170+2507)ms|AST   21|Inlined   0Y   0N|IR  20851/ 81773|CodeSize  436754|Addr 0x7f4b747580a0|Timestamp 219312696777655|Src n/a
[engine] opt done   id=1420  ProtosRootNode@627c0aae                            |Tier 1|Time    15(   5+10  )ms|AST    2|Inlined   0Y   0N|IR    888/  1275|CodeSize    5532|Addr 0x7f4b740f0560|Timestamp 219312745515405|Src n/a
[engine] opt done   id=1421  ProtosRootNode@4c7bf882                            |Tier 1|Time   665(  59+606 )ms|AST   11|Inlined   0Y   0N|IR  10711/ 39220|CodeSize  206041|Addr 0x7f4b74606f40|Timestamp 219313411341248|Src n/a
[engine] opt done   id=1422  ProtosRootNode@5ed329c2                            |Tier 1|Time    14(   5+10  )ms|AST    2|Inlined   0Y   0N|IR    888/  1275|CodeSize    5532|Addr 0x7f4b740edd60|Timestamp 219313443895498|Src n/a
[engine] opt done   id=1423  ProtosRootNode@719f4b76                            |Tier 1|Time  1903( 124+1779)ms|AST   20|Inlined   0Y   0N|IR  20353/ 75041|CodeSize  397465|Addr 0x7f4b7456bc40|Timestamp 219315346875606|Src n/a
[engine] opt done   id=1424  ProtosRootNode@3a09ee0c                            |Tier 2|Time    28(   4+24  )ms|AST    2|Inlined   0Y   0N|IR    518/  1448|CodeSize    7174|Addr 0x7f4b745631e0|Timestamp 219315432131887|Src n/a
[engine] opt done   id=1425  ProtosRootNode@1a3bf144                            |Tier 2|Time  2122( 135+1986)ms|AST   21|Inlined   0Y   0N|IR  20778/ 68815|CodeSize  387532|Addr 0x7f4b74437ba0|Timestamp 219317554324611|Src n/a
[engine] opt done   id=1420  ProtosRootNode@627c0aae                            |Tier 2|Time    17(   4+12  )ms|AST    2|Inlined   0Y   0N|IR    815/   944|CodeSize    4429|Addr 0x7f4b74560f80|Timestamp 219317640991067|Src n/a
[engine] opt done   id=1421  ProtosRootNode@4c7bf882                            |Tier 2|Time   670(  57+613 )ms|AST   11|Inlined   0Y   0N|IR  10638/ 32814|CodeSize  176872|Addr 0x7f4b7470f660|Timestamp 219318311606641|Src n/a
[engine] opt done   id=1422  ProtosRootNode@5ed329c2                            |Tier 2|Time    22(   4+18  )ms|AST    2|Inlined   0Y   0N|IR    815/   944|CodeSize    4429|Addr 0x7f4b7470b600|Timestamp 219318337251412|Src n/a
[engine] opt done   id=1423  ProtosRootNode@719f4b76                            |Tier 2|Time  1751( 120+1631)ms|AST   20|Inlined   0Y   0N|IR  20280/ 62658|CodeSize  342484|Addr 0x7f4b7406c580|Timestamp 219320088089634|Src n/a
[engine] opt done   id=1426  ProtosRootNode@7eb7d65                             |Tier 1|Time    28(   4+24  )ms|AST    2|Inlined   0Y   0N|IR    888/  2671|CodeSize   13140|Addr 0x7f4b73c03540|Timestamp 219320136895792|Src n/a
[engine] opt failed id=1427  ProtosRootNode@4d90361f                            |Tier 1|Time   51(-219320139+219320190)ms|Reason: jdk.graal.compiler.truffle.GraphTooBigBailoutException: Graph too big to safely compile. Node count: 50681. Graph Size: 150026. Limit: 150000.|Timestamp 219320189580330|Src n/a
[engine] opt failed id=1427  ProtosRootNode@4d90361f                            |Tier 1|Time   43(-219320190+219320232)ms|Reason: jdk.graal.compiler.truffle.GraphTooBigBailoutException: Graph too big to safely compile. Node count: 50681. Graph Size: 150026. Limit: 150000.|Timestamp 219320232498525|Src n/a
[engine] opt done   id=1414  ProtosRootNode@6cfebdd7                            |Tier 1|Time    14(   4+9   )ms|AST    2|Inlined   0Y   0N|IR    888/  1275|CodeSize    5532|Addr 0x7f4b74708e60|Timestamp 219320252247883|Src n/a
[engine] opt done   id=1415  ProtosRootNode@7440b89b                            |Tier 1|Time   193(  23+171 )ms|AST    7|Inlined   0Y   0N|IR   4642/ 17482|CodeSize   90120|Addr 0x7f4b74bd7b00|Timestamp 219320447705504|Src n/a
[engine] opt done   id=1515  ProtosRootNode@16e5dd3d                            |Tier 1|Time    28(   7+21  )ms|AST    2|Inlined   0Y   0N|IR    591/  1658|CodeSize    7561|Addr 0x7f4b74bd3420|Timestamp 219320645252486|Src n/a
[engine] opt done   id=1516  ProtosRootNode@31bbeaee                            |Tier 1|Time  1996( 137+1859)ms|AST   21|Inlined   0Y   0N|IR  20851/ 81773|CodeSize  436754|Addr 0x7f4b749f3fa0|Timestamp 219322642918044|Src n/a
[engine] opt done   id=1511  ProtosRootNode@cf53957                             |Tier 1|Time    14(   4+10  )ms|AST    2|Inlined   0Y   0N|IR    888/  1275|CodeSize    5532|Addr 0x7f4b74bd0a60|Timestamp 219322693273419|Src n/a
[engine] opt done   id=1512  ProtosRootNode@7bda117d                            |Tier 1|Time   679(  60+619 )ms|AST   11|Inlined   0Y   0N|IR  10711/ 39220|CodeSize  206041|Addr 0x7f4b7499e740|Timestamp 219323372724765|Src n/a
[engine] opt done   id=1513  ProtosRootNode@48eb55b0                            |Tier 1|Time    15(   5+10  )ms|AST    2|Inlined   0Y   0N|IR    888/  1275|CodeSize    5532|Addr 0x7f4b749995e0|Timestamp 219323388299550|Src n/a
[engine] opt done   id=1514  ProtosRootNode@379e6ca4                            |Tier 1|Time  1937( 184+1753)ms|AST   20|Inlined   0Y   0N|IR  20353/ 75041|CodeSize  397465|Addr 0x7f4b73a75940|Timestamp 219325325960140|Src n/a
[engine] opt done   id=1515  ProtosRootNode@16e5dd3d                            |Tier 2|Time    19(   3+16  )ms|AST    2|Inlined   0Y   0N|IR    518/  1448|CodeSize    7174|Addr 0x7f4b749960e0|Timestamp 219325429031761|Src n/a
[engine] opt done   id=1516  ProtosRootNode@31bbeaee                            |Tier 2|Time  2108( 181+1927)ms|AST   21|Inlined   0Y   0N|IR  20778/ 68815|CodeSize  387532|Addr 0x7f4b739e08a0|Timestamp 219327538843944|Src n/a
[engine] opt done   id=1511  ProtosRootNode@cf53957                             |Tier 2|Time    20(   4+15  )ms|AST    2|Inlined   0Y   0N|IR    815/   944|CodeSize    4429|Addr 0x7f4b74993e80|Timestamp 219327634556283|Src n/a
[engine] opt done   id=1512  ProtosRootNode@7bda117d                            |Tier 2|Time   832(  63+768 )ms|AST   11|Inlined   0Y   0N|IR  10638/ 32814|CodeSize  176872|Addr 0x7f4b743f0460|Timestamp 219328466403089|Src n/a
[engine] opt done   id=1513  ProtosRootNode@48eb55b0                            |Tier 2|Time    17(   4+12  )ms|AST    2|Inlined   0Y   0N|IR    815/   944|CodeSize    4429|Addr 0x7f4b73c01180|Timestamp 219328522866375|Src n/a
[engine] opt done   id=1514  ProtosRootNode@379e6ca4                            |Tier 2|Time  2031( 147+1884)ms|AST   20|Inlined   0Y   0N|IR  20280/ 62658|CodeSize  342484|Addr 0x7f4b74e73980|Timestamp 219330554230514|Src n/a
[engine] opt done   id=1517  ProtosRootNode@42758704                            |Tier 1|Time    22(   4+17  )ms|AST    2|Inlined   0Y   0N|IR    888/  2671|CodeSize   13140|Addr 0x7f4b73bfb5c0|Timestamp 219330615877737|Src n/a
[engine] opt failed id=1518  ProtosRootNode@3402b42c                            |Tier 1|Time   42(-219330616+219330658)ms|Reason: jdk.graal.compiler.truffle.GraphTooBigBailoutException: Graph too big to safely compile. Node count: 50681. Graph Size: 150026. Limit: 150000.|Timestamp 219330658139165|Src n/a
[engine] opt failed id=1518  ProtosRootNode@3402b42c                            |Tier 1|Time   42(-219330676+219330718)ms|Reason: jdk.graal.compiler.truffle.GraphTooBigBailoutException: Graph too big to safely compile. Node count: 50681. Graph Size: 150026. Limit: 150000.|Timestamp 219330717758916|Src n/a
[engine] opt done   id=1505  ProtosRootNode@1028cab                             |Tier 1|Time    14(   4+10  )ms|AST    2|Inlined   0Y   0N|IR    888/  1275|CodeSize    5532|Addr 0x7f4b73bf8be0|Timestamp 219330731671562|Src n/a
[engine] opt done   id=1506  ProtosRootNode@76e0b44d                            |Tier 1|Time   191(  24+168 )ms|AST    7|Inlined   0Y   0N|IR   4642/ 17482|CodeSize   90120|Addr 0x7f4b739b8c00|Timestamp 219330923192875|Src n/a
[engine] opt done   id=1606  ProtosRootNode@76b2e64                             |Tier 1|Time    27(   7+20  )ms|AST    2|Inlined   0Y   0N|IR    591/  1658|CodeSize    7561|Addr 0x7f4b742882a0|Timestamp 219331119265822|Src n/a
[engine] opt done   id=1607  ProtosRootNode@53a07398                            |Tier 1|Time  1956( 145+1811)ms|AST   21|Inlined   0Y   0N|IR  20851/ 81773|CodeSize  436754|Addr 0x7f4b74ef9420|Timestamp 219333076171032|Src n/a
[engine] opt done   id=1602  ProtosRootNode@4fb5de14                            |Tier 1|Time    15(   5+10  )ms|AST    2|Inlined   0Y   0N|IR    888/  1275|CodeSize    5532|Addr 0x7f4b74285a60|Timestamp 219333111427741|Src n/a
[engine] opt done   id=1603  ProtosRootNode@54e92f56                            |Tier 1|Time   662(  57+605 )ms|AST   11|Inlined   0Y   0N|IR  10711/ 39220|CodeSize  206041|Addr 0x7f4b74018940|Timestamp 219333773984284|Src n/a
[engine] opt done   id=1604  ProtosRootNode@1794f9b4                            |Tier 1|Time    13(   4+9   )ms|AST    2|Inlined   0Y   0N|IR    888/  1275|CodeSize    5532|Addr 0x7f4b74283260|Timestamp 219333806793480|Src n/a
[engine] opt done   id=1605  ProtosRootNode@41b0a8a7                            |Tier 1|Time  1843( 123+1720)ms|AST   20|Inlined   0Y   0N|IR  20353/ 75041|CodeSize  397465|Addr 0x7f4b74fa2d40|Timestamp 219335650248222|Src n/a
[engine] opt done   id=1606  ProtosRootNode@76b2e64                             |Tier 2|Time    19(   4+15  )ms|AST    2|Inlined   0Y   0N|IR    518/  1448|CodeSize    7174|Addr 0x7f4b7427fd60|Timestamp 219335739400060|Src n/a
[engine] opt done   id=1607  ProtosRootNode@53a07398                            |Tier 2|Time  2069( 139+1930)ms|AST   21|Inlined   0Y   0N|IR  20778/ 68815|CodeSize  387532|Addr 0x7f4b7503fa20|Timestamp 219337810804453|Src n/a
[engine] opt done   id=1602  ProtosRootNode@4fb5de14                            |Tier 2|Time    17(   4+13  )ms|AST    2|Inlined   0Y   0N|IR    815/   944|CodeSize    4429|Addr 0x7f4b7427db00|Timestamp 219337898883824|Src n/a
[engine] opt done   id=1603  ProtosRootNode@54e92f56                            |Tier 2|Time   723(  63+660 )ms|AST   11|Inlined   0Y   0N|IR  10638/ 32814|CodeSize  176872|Addr 0x7f4b739747e0|Timestamp 219338623451643|Src n/a
[engine] opt done   id=1604  ProtosRootNode@1794f9b4                            |Tier 2|Time    16(   4+12  )ms|AST    2|Inlined   0Y   0N|IR    815/   944|CodeSize    4429|Addr 0x7f4b73970780|Timestamp 219338671174997|Src n/a
[engine] opt done   id=1605  ProtosRootNode@41b0a8a7                            |Tier 2|Time  1917( 192+1725)ms|AST   20|Inlined   0Y   0N|IR  20280/ 62658|CodeSize  342484|Addr 0x7f4b750d2f80|Timestamp 219340588824198|Src n/a
[engine] opt done   id=1608  ProtosRootNode@1cef9bd7                            |Tier 1|Time    22(   5+17  )ms|AST    2|Inlined   0Y   0N|IR    888/  2671|CodeSize   13140|Addr 0x7f4b74277f40|Timestamp 219340653626512|Src n/a
[engine] opt failed id=1609  ProtosRootNode@3647e4b4                            |Tier 1|Time   42(-219340654+219340696)ms|Reason: jdk.graal.compiler.truffle.GraphTooBigBailoutException: Graph too big to safely compile. Node count: 50681. Graph Size: 150026. Limit: 150000.|Timestamp 219340696048708|Src n/a
[engine] opt failed id=1609  ProtosRootNode@3647e4b4                            |Tier 1|Time   42(-219340714+219340756)ms|Reason: jdk.graal.compiler.truffle.GraphTooBigBailoutException: Graph too big to safely compile. Node count: 50681. Graph Size: 150026. Limit: 150000.|Timestamp 219340756061737|Src n/a
[engine] opt done   id=1596  ProtosRootNode@13dd116                             |Tier 1|Time    13(   4+9   )ms|AST    2|Inlined   0Y   0N|IR    888/  1275|CodeSize    5532|Addr 0x7f4b7396c2e0|Timestamp 219340769845911|Src n/a
[engine] opt done   id=1597  ProtosRootNode@5f55ec67                            |Tier 1|Time   214(  29+184 )ms|AST    7|Inlined   0Y   0N|IR   4642/ 17482|CodeSize   90120|Addr 0x7f4b73ff2680|Timestamp 219340985531998|Src n/a
[engine] opt done   id=1697  ProtosRootNode@ce36ef9                             |Tier 1|Time    19(   7+12  )ms|AST    2|Inlined   0Y   0N|IR    591/  1658|CodeSize    7561|Addr 0x7f4b73fedfa0|Timestamp 219341177886531|Src n/a
[engine] opt done   id=1698  ProtosRootNode@2a4a6ffa                            |Tier 1|Time  2068( 138+1929)ms|AST   21|Inlined   0Y   0N|IR  20851/ 81773|CodeSize  436754|Addr 0x7f4b75158a20|Timestamp 219343245821562|Src n/a
[engine] opt done   id=1693  ProtosRootNode@4f250fbc                            |Tier 1|Time    14(   4+9   )ms|AST    2|Inlined   0Y   0N|IR    888/  1275|CodeSize    5532|Addr 0x7f4b74275560|Timestamp 219343300984105|Src n/a
[engine] opt done   id=1694  ProtosRootNode@6202e864                            |Tier 1|Time   629(  57+572 )ms|AST   11|Inlined   0Y   0N|IR  10711/ 39220|CodeSize  206041|Addr 0x7f4b751ff740|Timestamp 219343930406430|Src n/a
[engine] opt done   id=1695  ProtosRootNode@1e6279e8                            |Tier 1|Time    14(   4+10  )ms|AST    2|Inlined   0Y   0N|IR    888/  1275|CodeSize    5532|Addr 0x7f4b74272d60|Timestamp 219343963954968|Src n/a
[engine] opt done   id=1696  ProtosRootNode@1f5d95c4                            |Tier 1|Time  1824( 123+1701)ms|AST   20|Inlined   0Y   0N|IR  20353/ 75041|CodeSize  397465|Addr 0x7f4b73292fc0|Timestamp 219345787941188|Src n/a
[engine] opt done   id=1697  ProtosRootNode@ce36ef9                             |Tier 2|Time    19(   4+16  )ms|AST    2|Inlined   0Y   0N|IR    518/  1448|CodeSize    7174|Addr 0x7f4b73338ae0|Timestamp 219345866088871|Src n/a
[engine] opt done   id=1698  ProtosRootNode@2a4a6ffa                            |Tier 2|Time  1981( 125+1857)ms|AST   21|Inlined   0Y   0N|IR  20778/ 68815|CodeSize  387532|Addr 0x7f4b7334bf20|Timestamp 219347847593235|Src n/a
[engine] opt done   id=1693  ProtosRootNode@4f250fbc                            |Tier 2|Time    16(   4+12  )ms|AST    2|Inlined   0Y   0N|IR    815/   944|CodeSize    4429|Addr 0x7f4b73207300|Timestamp 219347920040537|Src n/a
[engine] opt done   id=1694  ProtosRootNode@6202e864                            |Tier 2|Time   665(  56+610 )ms|AST   11|Inlined   0Y   0N|IR  10638/ 32814|CodeSize  176872|Addr 0x7f4b733f3ce0|Timestamp 219348585720563|Src n/a
[engine] opt done   id=1695  ProtosRootNode@1e6279e8                            |Tier 2|Time    23(   5+18  )ms|AST    2|Inlined   0Y   0N|IR    815/   944|CodeSize    4429|Addr 0x7f4b7328af00|Timestamp 219348611924221|Src n/a
[engine] opt done   id=1696  ProtosRootNode@1f5d95c4                            |Tier 2|Time  1784( 117+1667)ms|AST   20|Inlined   0Y   0N|IR  20280/ 62658|CodeSize  342484|Addr 0x7f4b7346ad00|Timestamp 219350396125489|Src n/a
[engine] opt done   id=1699  ProtosRootNode@e219ae6                             |Tier 1|Time    22(   4+17  )ms|AST    2|Inlined   0Y   0N|IR    888/  2671|CodeSize   13140|Addr 0x7f4b735d3d40|Timestamp 219350473089754|Src n/a
[engine] opt failed id=1700  ProtosRootNode@345748ed                            |Tier 1|Time   57(-219350473+219350531)ms|Reason: jdk.graal.compiler.truffle.GraphTooBigBailoutException: Graph too big to safely compile. Node count: 50681. Graph Size: 150026. Limit: 150000.|Timestamp 219350530691976|Src n/a
[engine] opt failed id=1700  ProtosRootNode@345748ed                            |Tier 1|Time   43(-219350542+219350584)ms|Reason: jdk.graal.compiler.truffle.GraphTooBigBailoutException: Graph too big to safely compile. Node count: 50681. Graph Size: 150026. Limit: 150000.|Timestamp 219350584399778|Src n/a
[engine] opt done   id=1687  ProtosRootNode@4337f7db                            |Tier 1|Time    13(   4+9   )ms|AST    2|Inlined   0Y   0N|IR    888/  1275|CodeSize    5532|Addr 0x7f4b736c7c60|Timestamp 219350598120240|Src n/a
[engine] opt done   id=1688  ProtosRootNode@56e30940                            |Tier 1|Time   194(  23+171 )ms|AST    7|Inlined   0Y   0N|IR   4642/ 17482|CodeSize   90120|Addr 0x7f4b735e1800|Timestamp 219350792715101|Src n/a
[engine] opt done   id=1788  ProtosRootNode@1fa4e51                             |Tier 1|Time    25(   7+18  )ms|AST    2|Inlined   0Y   0N|IR    591/  1658|CodeSize    7561|Addr 0x7f4b7314a0a0|Timestamp 219350979359190|Src n/a
[engine] opt done   id=1789  ProtosRootNode@1e74e4c8                            |Tier 1|Time  2030( 136+1895)ms|AST   21|Inlined   0Y   0N|IR  20851/ 81773|CodeSize  436754|Addr 0x7f4b731600a0|Timestamp 219353009870096|Src n/a
[engine] opt done   id=1784  ProtosRootNode@4f02cb19                            |Tier 1|Time    13(   4+9   )ms|AST    2|Inlined   0Y   0N|IR    888/  1275|CodeSize    5532|Addr 0x7f4b7396c2e0|Timestamp 219353055453845|Src n/a
[engine] opt done   id=1785  ProtosRootNode@23ec5a9                             |Tier 1|Time   648(  60+589 )ms|AST   11|Inlined   0Y   0N|IR  10711/ 39220|CodeSize  206041|Addr 0x7f4b736d35c0|Timestamp 219353704187467|Src n/a
[engine] opt done   id=1786  ProtosRootNode@2d5a390b                            |Tier 1|Time    13(   4+9   )ms|AST    2|Inlined   0Y   0N|IR    888/  1275|CodeSize    5532|Addr 0x7f4b73cab260|Timestamp 219353739317361|Src n/a
[engine] opt done   id=1787  ProtosRootNode@1d271480                            |Tier 1|Time  1815( 125+1690)ms|AST   20|Inlined   0Y   0N|IR  20353/ 75041|CodeSize  397465|Addr 0x7f4b73db74c0|Timestamp 219355554485975|Src n/a
[engine] opt done   id=1788  ProtosRootNode@1fa4e51                             |Tier 2|Time    19(   3+16  )ms|AST    2|Inlined   0Y   0N|IR    518/  1448|CodeSize    7174|Addr 0x7f4b737c62e0|Timestamp 219355632728342|Src n/a
[engine] opt done   id=1789  ProtosRootNode@1e74e4c8                            |Tier 2|Time  1949( 126+1823)ms|AST   21|Inlined   0Y   0N|IR  20778/ 68815|CodeSize  387532|Addr 0x7f4b737ce2a0|Timestamp 219357582045309|Src n/a
[engine] opt done   id=1784  ProtosRootNode@4f02cb19                            |Tier 2|Time    16(   4+12  )ms|AST    2|Inlined   0Y   0N|IR    815/   944|CodeSize    4429|Addr 0x7f4b7361b100|Timestamp 219357666528368|Src n/a
[engine] opt done   id=1785  ProtosRootNode@23ec5a9                             |Tier 2|Time   714(  62+652 )ms|AST   11|Inlined   0Y   0N|IR  10638/ 32814|CodeSize  176872|Addr 0x7f4b73bb04e0|Timestamp 219358381457491|Src n/a
[engine] opt done   id=1786  ProtosRootNode@2d5a390b                            |Tier 2|Time    23(   4+19  )ms|AST    2|Inlined   0Y   0N|IR    815/   944|CodeSize    4429|Addr 0x7f4b73bac480|Timestamp 219358407545437|Src n/a
[engine] opt done   id=1787  ProtosRootNode@1d271480                            |Tier 2|Time  1716( 134+1582)ms|AST   20|Inlined   0Y   0N|IR  20280/ 62658|CodeSize  342484|Addr 0x7f4b738b2880|Timestamp 219360123972188|Src n/a
[engine] opt done   id=1790  ProtosRootNode@22f4e1eb                            |Tier 1|Time    22(   4+18  )ms|AST    2|Inlined   0Y   0N|IR    888/  2671|CodeSize   13140|Addr 0x7f4b739333c0|Timestamp 219360187380336|Src n/a
[engine] opt failed id=1791  ProtosRootNode@7a89dfed                            |Tier 1|Time   45(-219360188+219360233)ms|Reason: jdk.graal.compiler.truffle.GraphTooBigBailoutException: Graph too big to safely compile. Node count: 50681. Graph Size: 150026. Limit: 150000.|Timestamp 219360232599481|Src n/a
[engine] opt failed id=1791  ProtosRootNode@7a89dfed                            |Tier 1|Time   43(-219360239+219360282)ms|Reason: jdk.graal.compiler.truffle.GraphTooBigBailoutException: Graph too big to safely compile. Node count: 50681. Graph Size: 150026. Limit: 150000.|Timestamp 219360282069527|Src n/a
[engine] opt done   id=1778  ProtosRootNode@6d8ea0                              |Tier 1|Time    14(   4+9   )ms|AST    2|Inlined   0Y   0N|IR    888/  1275|CodeSize    5532|Addr 0x7f4b73d595e0|Timestamp 219360299805159|Src n/a
[engine] opt done   id=1779  ProtosRootNode@48ccaf4d                            |Tier 1|Time   199(  23+176 )ms|AST    7|Inlined   0Y   0N|IR   4642/ 17482|CodeSize   90120|Addr 0x7f4b7393d800|Timestamp 219360499117191|Src n/a
[engine] opt done   id=1879  ProtosRootNode@f0ac461                             |Tier 1|Time    27(   7+20  )ms|AST    2|Inlined   0Y   0N|IR    591/  1658|CodeSize    7561|Addr 0x7f4b748df4a0|Timestamp 219360699923820|Src n/a
[engine] opt done   id=1880  ProtosRootNode@4e432af6                            |Tier 1|Time  2183( 146+2038)ms|AST   21|Inlined   0Y   0N|IR  20851/ 81773|CodeSize  436754|Addr 0x7f4b73622ca0|Timestamp 219362885221974|Src n/a
[engine] opt done   id=1875  ProtosRootNode@51d29a93                            |Tier 1|Time    14(   5+9   )ms|AST    2|Inlined   0Y   0N|IR    888/  1275|CodeSize    5532|Addr 0x7f4b74969ce0|Timestamp 219362922285005|Src n/a
[engine] opt done   id=1876  ProtosRootNode@775ac38c                            |Tier 1|Time   699(  61+638 )ms|AST   11|Inlined   0Y   0N|IR  10711/ 39220|CodeSize  206041|Addr 0x7f4b73d616c0|Timestamp 219363621732693|Src n/a
[engine] opt done   id=1877  ProtosRootNode@186706d0                            |Tier 1|Time    14(   5+9   )ms|AST    2|Inlined   0Y   0N|IR    888/  1275|CodeSize    5532|Addr 0x7f4b73d5c560|Timestamp 219363654316670|Src n/a
[engine] opt done   id=1878  ProtosRootNode@6131d59a                            |Tier 1|Time  1868( 140+1728)ms|AST   20|Inlined   0Y   0N|IR  20353/ 75041|CodeSize  397465|Addr 0x7f4b74a9dbc0|Timestamp 219365523039041|Src n/a
[engine] opt done   id=1879  ProtosRootNode@f0ac461                             |Tier 2|Time    19(   4+16  )ms|AST    2|Inlined   0Y   0N|IR    518/  1448|CodeSize    7174|Addr 0x7f4b7426f860|Timestamp 219365628446793|Src n/a
[engine] opt done   id=1880  ProtosRootNode@4e432af6                            |Tier 2|Time  2044( 135+1909)ms|AST   21|Inlined   0Y   0N|IR  20778/ 68815|CodeSize  387532|Addr 0x7f4b73e57a20|Timestamp 219367672718977|Src n/a
[engine] opt done   id=1875  ProtosRootNode@51d29a93                            |Tier 2|Time    16(   4+12  )ms|AST    2|Inlined   0Y   0N|IR    815/   944|CodeSize    4429|Addr 0x7f4b73332a00|Timestamp 219367757315190|Src n/a
[engine] opt done   id=1876  ProtosRootNode@775ac38c                            |Tier 2|Time   714(  56+658 )ms|AST   11|Inlined   0Y   0N|IR  10638/ 32814|CodeSize  176872|Addr 0x7f4b7422b0e0|Timestamp 219368471690860|Src n/a
[engine] opt done   id=1877  ProtosRootNode@186706d0                            |Tier 2|Time    16(   4+12  )ms|AST    2|Inlined   0Y   0N|IR    815/   944|CodeSize    4429|Addr 0x7f4b74227080|Timestamp 219368517474315|Src n/a
[engine] opt done   id=1878  ProtosRootNode@6131d59a                            |Tier 2|Time  1755( 133+1622)ms|AST   20|Inlined   0Y   0N|IR  20280/ 62658|CodeSize  342484|Addr 0x7f4b73f40180|Timestamp 219370272899162|Src n/a
[engine] opt done   id=1881  ProtosRootNode@1b5c0b75                            |Tier 1|Time    21(   4+17  )ms|AST    2|Inlined   0Y   0N|IR    888/  2671|CodeSize   13140|Addr 0x7f4b73f36a40|Timestamp 219370338313176|Src n/a
[engine] opt failed id=1882  ProtosRootNode@1c5c62be                            |Tier 1|Time   42(-219370339+219370380)ms|Reason: jdk.graal.compiler.truffle.GraphTooBigBailoutException: Graph too big to safely compile. Node count: 50681. Graph Size: 150026. Limit: 150000.|Timestamp 219370380377021|Src n/a
[engine] opt failed id=1882  ProtosRootNode@1c5c62be                            |Tier 1|Time   48(-219370394+219370442)ms|Reason: jdk.graal.compiler.truffle.GraphTooBigBailoutException: Graph too big to safely compile. Node count: 50681. Graph Size: 150026. Limit: 150000.|Timestamp 219370443479653|Src n/a
[engine] opt done   id=1869  ProtosRootNode@2524b00c                            |Tier 1|Time    28(   7+21  )ms|AST    2|Inlined   0Y   0N|IR    888/  1275|CodeSize    5532|Addr 0x7f4b73ef7fe0|Timestamp 219370473415486|Src n/a
[engine] opt done   id=1870  ProtosRootNode@4c71e888                            |Tier 1|Time   205(  31+174 )ms|AST    7|Inlined   0Y   0N|IR   4642/ 17482|CodeSize   90120|Addr 0x7f4b73fc3380|Timestamp 219370678892045|Src n/a
