WARMUP	1	13464915323	528
WARMUP	2	10273107397	528
WARMUP	3	9941144293	528
WARMUP	4	10639717310	528
WARMUP	5	10193759234	528
WARMUP	6	10173949030	528
WARMUP	7	10339496127	528
WARMUP	8	9428693453	528
WARMUP	9	9578623086	528
WARMUP	10	11677786092	528
WARMUP	11	11758864092	528
WARMUP	12	14813479768	528
WARMUP	13	10974280387	528
WARMUP	14	11697270594	528
WARMUP	15	10653674367	528
WARMUP	16	10474272880	528
WARMUP	17	10067293168	528
WARMUP	18	9795348169	528
WARMUP	19	9716763554	528
WARMUP	20	10174600335	528
