PERF003-A4f controlled invokePrepared plus replay-activation boundary experiment
mode=--run
HARNESS_REVISION=61ae21c8432471364637acbadd9f2554ca0f44ba
PROTOS_REVISION=d66841adb0b820047ed079f0bc7d643873f23194
PROTOS_VERSION=0.2.180-SNAPSHOT
WORKLOAD=collections/array-reduce
EXPECTED=528
CPUSET=0
phase=01 build experimental invokePrepared plus replay-activation boundary image
BOUNDARY_IMAGE_BUILD: PASS
BOUNDARY_SOURCE_CHECK: PASS
CORRECTNESS: PASS variant=boundary result=528
phase=02 build exact control image
CONTROL_IMAGE_BUILD: PASS
CORRECTNESS: PASS variant=control result=528
phase=03 control TraceCompilation
control_opt_done=316
control_opt_failed=40
control_graph_too_big=40
control_graph_shapes=50681:150026:150000
phase=04 invokePrepared plus replay-activation boundary TraceCompilation
boundary_opt_done=316
boundary_opt_failed=40
boundary_graph_too_big=40
boundary_graph_shapes=47863:150071:150000
A4F_HYPOTHESIS=INCONCLUSIVE
A4F_REASON=replay-activation boundary changed the A4a residual diagnostics without a directional result
PERF003A_A4F_EXPERIMENT: PASS
TIMING_EVIDENCE: NO
PROTOS_REPOSITORY_CHANGED: NO
