$ taskset -c 0 java -Dprotos.benchmarks.peer.language=python -cp /workspaces/protos-benchmarks/.work/embedded/peer-25.4.4.1.1/executable-value/d0088eaa89ece882c7363b6d2a332ffbdffae8594feb7a0767135a1f7f2b5cd4/classes:/home/vscode/.m2/repository/org/graalvm/polyglot/polyglot/25.4.4.1.1/polyglot-25.4.4.1.1.jar:/home/vscode/.m2/repository/org/graalvm/sdk/collections/25.4.4.1.1/collections-25.4.4.1.1.jar:/home/vscode/.m2/repository/org/graalvm/sdk/nativeimage/25.4.4.1.1/nativeimage-25.4.4.1.1.jar:/home/vscode/.m2/repository/org/graalvm/sdk/word/25.4.4.1.1/word-25.4.4.1.1.jar:/home/vscode/.m2/repository/org/graalvm/polyglot/js/25.4.4.1.1/js-25.4.4.1.1.pom:/home/vscode/.m2/repository/org/graalvm/js/js/25.4.4.1.1/js-25.4.4.1.1.pom:/home/vscode/.m2/repository/org/graalvm/js/js-language/25.4.4.1.1/js-language-25.4.4.1.1.jar:/home/vscode/.m2/repository/org/graalvm/regex/regex/25.4.4.1.1/regex-25.4.4.1.1.jar:/home/vscode/.m2/repository/org/graalvm/truffle/truffle-api/25.4.4.1.1/truffle-api-25.4.4.1.1.jar:/home/vscode/.m2/repository/org/graalvm/sdk/jniutils/25.4.4.1.1/jniutils-25.4.4.1.1.jar:/home/vscode/.m2/repository/org/graalvm/shadowed/icu4j/25.4.4.1.1/icu4j-25.4.4.1.1.jar:/home/vscode/.m2/repository/org/graalvm/truffle/truffle-runtime/25.4.4.1.1/truffle-runtime-25.4.4.1.1.jar:/home/vscode/.m2/repository/org/graalvm/truffle/truffle-compiler/25.4.4.1.1/truffle-compiler-25.4.4.1.1.jar:/home/vscode/.m2/repository/org/graalvm/polyglot/python/25.4.4.1.1/python-25.4.4.1.1.pom:/home/vscode/.m2/repository/org/graalvm/python/python/25.4.4.1.1/python-25.4.4.1.1.pom:/home/vscode/.m2/repository/org/graalvm/python/python-language/25.4.4.1.1/python-language-25.4.4.1.1.jar:/home/vscode/.m2/repository/org/graalvm/tools/profiler-tool/25.4.4.1.1/profiler-tool-25.4.4.1.1.jar:/home/vscode/.m2/repository/org/graalvm/shadowed/json/25.4.4.1.1/json-25.4.4.1.1.jar:/home/vscode/.m2/repository/org/graalvm/shadowed/xz/25.4.4.1.1/xz-25.4.4.1.1.jar:/home/vscode/.m2/repository/org/graalvm/python/python-resources/25.4.4.1.1/python-resources-25.4.4.1.1.jar com.guillermomolina.protos.benchmarks.measure.peer.PeerExecutableSurface measure - /workspaces/protos-benchmarks/truffle/workloads/primitive-method-call/primitive-method-call.py 50 10 10000 -
WARNING: A restricted method in java.lang.System has been called
WARNING: java.lang.System::load has been called by com.oracle.truffle.polyglot.JDKSupport in an unnamed module (file:/home/vscode/.m2/repository/org/graalvm/truffle/truffle-api/25.4.4.1.1/truffle-api-25.4.4.1.1.jar)
WARNING: Use --enable-native-access=ALL-UNNAMED to avoid a warning for callers in this module
WARNING: Restricted methods will be blocked in a future release unless native access is enabled

WARNING: A terminally deprecated method in sun.misc.Unsafe has been called
WARNING: sun.misc.Unsafe::objectFieldOffset has been called by com.oracle.truffle.runtime.hotspot.HotSpotTruffleRuntime (file:/home/vscode/.m2/repository/org/graalvm/truffle/truffle-runtime/25.4.4.1.1/truffle-runtime-25.4.4.1.1.jar)
WARNING: Please consider reporting this to the maintainers of class com.oracle.truffle.runtime.hotspot.HotSpotTruffleRuntime
WARNING: sun.misc.Unsafe::objectFieldOffset will be removed in a future release
mode=jvm
surface=executable-value
language=python
run_mode=executable-value
source=/workspaces/protos-benchmarks/truffle/workloads/primitive-method-call/primitive-method-call.py
warmup_iterations=50
steady_iterations=10
sample_calls=10000
setup_ns=4893766888
sample phase=cold iteration=1 elapsed_ns=6204935
sample phase=warmup iteration=1 elapsed_ns=274085019
sample phase=warmup iteration=2 elapsed_ns=15572077
sample phase=warmup iteration=3 elapsed_ns=14545682
sample phase=warmup iteration=4 elapsed_ns=14248930
sample phase=warmup iteration=5 elapsed_ns=14702562
sample phase=warmup iteration=6 elapsed_ns=8525038
sample phase=warmup iteration=7 elapsed_ns=9186361
sample phase=warmup iteration=8 elapsed_ns=6085144
sample phase=warmup iteration=9 elapsed_ns=7461912
sample phase=warmup iteration=10 elapsed_ns=6882239
sample phase=warmup iteration=11 elapsed_ns=6443646
sample phase=warmup iteration=12 elapsed_ns=6462867
sample phase=warmup iteration=13 elapsed_ns=6851938
sample phase=warmup iteration=14 elapsed_ns=5387670
sample phase=warmup iteration=15 elapsed_ns=4567415
sample phase=warmup iteration=16 elapsed_ns=5686782
sample phase=warmup iteration=17 elapsed_ns=3153408
sample phase=warmup iteration=18 elapsed_ns=22519266
sample phase=warmup iteration=19 elapsed_ns=3769601
sample phase=warmup iteration=20 elapsed_ns=5248280
sample phase=warmup iteration=21 elapsed_ns=3376359
sample phase=warmup iteration=22 elapsed_ns=3309719
sample phase=warmup iteration=23 elapsed_ns=3329238
sample phase=warmup iteration=24 elapsed_ns=3316199
sample phase=warmup iteration=25 elapsed_ns=2594275
sample phase=warmup iteration=26 elapsed_ns=4102903
sample phase=warmup iteration=27 elapsed_ns=3320388
sample phase=warmup iteration=28 elapsed_ns=3334198
sample phase=warmup iteration=29 elapsed_ns=3291919
sample phase=warmup iteration=30 elapsed_ns=3105897
sample phase=warmup iteration=31 elapsed_ns=2985166
sample phase=warmup iteration=32 elapsed_ns=1361538
sample phase=warmup iteration=33 elapsed_ns=3027847
sample phase=warmup iteration=34 elapsed_ns=2696925
sample phase=warmup iteration=35 elapsed_ns=2461263
sample phase=warmup iteration=36 elapsed_ns=1091026
sample phase=warmup iteration=37 elapsed_ns=2704785
sample phase=warmup iteration=38 elapsed_ns=2625384
sample phase=warmup iteration=39 elapsed_ns=695433
sample phase=warmup iteration=40 elapsed_ns=699773
sample phase=warmup iteration=41 elapsed_ns=702204
sample phase=warmup iteration=42 elapsed_ns=715894
sample phase=warmup iteration=43 elapsed_ns=2327543
sample phase=warmup iteration=44 elapsed_ns=697244
sample phase=warmup iteration=45 elapsed_ns=2492774
sample phase=warmup iteration=46 elapsed_ns=694894
sample phase=warmup iteration=47 elapsed_ns=2318043
sample phase=warmup iteration=48 elapsed_ns=704794
sample phase=warmup iteration=49 elapsed_ns=2322993
sample phase=warmup iteration=50 elapsed_ns=700434
sample phase=steady iteration=1 elapsed_ns=705684
sample phase=steady iteration=2 elapsed_ns=2316552
sample phase=steady iteration=3 elapsed_ns=697603
sample phase=steady iteration=4 elapsed_ns=836934
sample phase=steady iteration=5 elapsed_ns=2311554
sample phase=steady iteration=6 elapsed_ns=693754
sample phase=steady iteration=7 elapsed_ns=2318543
sample phase=steady iteration=8 elapsed_ns=697994
sample phase=steady iteration=9 elapsed_ns=713484
sample phase=steady iteration=10 elapsed_ns=2316453
result=1
