WARMUP	1	13391814921	528
WARMUP	2	10576767066	528
WARMUP	3	10526399101	528
WARMUP	4	10521954622	528
WARMUP	5	10519846568	528
WARMUP	6	10213245134	528
WARMUP	7	10446709893	528
WARMUP	8	10110998813	528
WARMUP	9	10505038070	528
WARMUP	10	12614284541	528
WARMUP	11	10872176689	528
WARMUP	12	10334803126	528
WARMUP	13	10587482011	528
WARMUP	14	10307295478	528
WARMUP	15	10408750598	528
WARMUP	16	10314459119	528
WARMUP	17	10703366074	528
WARMUP	18	12426421050	528
WARMUP	19	14355284577	528
WARMUP	20	11285621266	528
