[To redirect Truffle log output to a file use one of the following options:
* '--log.file=<path>' if the option is passed using a guest language launcher.
* '-Dpolyglot.log.file=<path>' if the option is passed using the host Java launcher.
* Configure logging using the polyglot embedding API.]
[engine] opt done   id=150   ProtosRootNode@2bbe4615                            |Tier 1|Time   131(  77+54  )ms|AST    2|Inlined   0Y   0N|IR    591/  1658|CodeSize    7561|Addr 0x7fd3031449a0|Timestamp 240257030721736|Src n/a
[engine] opt done   id=151   ProtosRootNode@47a56e6f                            |Tier 1|Time  2286( 238+2049)ms|AST   21|Inlined   0Y   0N|IR  20851/ 81773|CodeSize  436754|Addr 0x7fd30315aba0|Timestamp 240259323412564|Src n/a
[engine] opt done   id=146   ProtosRootNode@5a8a4cd9                            |Tier 1|Time    30(   8+22  )ms|AST    2|Inlined   0Y   0N|IR    888/  1275|CodeSize    5532|Addr 0x7fd3031ffe60|Timestamp 240259399425346|Src n/a
[engine] opt done   id=147   ProtosRootNode@24b62564                            |Tier 1|Time   647(  81+567 )ms|AST   11|Inlined   0Y   0N|IR  10711/ 39220|CodeSize  206041|Addr 0x7fd3032081c0|Timestamp 240260048097159|Src n/a
[engine] opt done   id=103   ProtosRootNode@479f3d3b                            |Tier 1|Time    14(   4+10  )ms|AST    2|Inlined   0Y   0N|IR    591/  1658|CodeSize    7561|Addr 0x7fd303258420|Timestamp 240260078475898|Src n/a
[engine] opt done   id=104   ProtosRootNode@4c64e063                            |Tier 1|Time   229(  28+201 )ms|AST    6|Inlined   0Y   0N|IR   5217/ 19409|CodeSize  101975|Addr 0x7fd30325d420|Timestamp 240260308562667|Src n/a
[engine] opt done   id=148   ProtosRootNode@7e065554                            |Tier 1|Time    15(   5+10  )ms|AST    2|Inlined   0Y   0N|IR    888/  1275|CodeSize    5532|Addr 0x7fd3032846e0|Timestamp 240260325499145|Src n/a
[engine] opt done   id=149   ProtosRootNode@7bb20d1                             |Tier 1|Time  1871( 139+1732)ms|AST   20|Inlined   0Y   0N|IR  20353/ 75041|CodeSize  397465|Addr 0x7fd30328ca40|Timestamp 240262197676501|Src n/a
[engine] opt done   id=150   ProtosRootNode@2bbe4615                            |Tier 2|Time    46(   6+39  )ms|AST    2|Inlined   0Y   0N|IR    518/  1448|CodeSize    7174|Addr 0x7fd3033375e0|Timestamp 240262458889491|Src n/a
[engine] opt done   id=151   ProtosRootNode@47a56e6f                            |Tier 2|Time  2024( 138+1886)ms|AST   21|Inlined   0Y   0N|IR  20778/ 68815|CodeSize  387532|Addr 0x7fd303343520|Timestamp 240264485364891|Src n/a
[engine] opt done   id=146   ProtosRootNode@5a8a4cd9                            |Tier 2|Time    49(   9+39  )ms|AST    2|Inlined   0Y   0N|IR    815/   944|CodeSize    4429|Addr 0x7fd3033db800|Timestamp 240264681039645|Src n/a
[engine] opt done   id=147   ProtosRootNode@24b62564                            |Tier 2|Time   748( 143+605 )ms|AST   11|Inlined   0Y   0N|IR  10638/ 32814|CodeSize  176872|Addr 0x7fd3033ebde0|Timestamp 240265433283040|Src n/a
[engine] opt done   id=103   ProtosRootNode@479f3d3b                            |Tier 2|Time    25(   4+21  )ms|AST    2|Inlined   0Y   0N|IR    518/  1448|CodeSize    7174|Addr 0x7fd30342f560|Timestamp 240265458787671|Src n/a
[engine] opt done   id=104   ProtosRootNode@4c64e063                            |Tier 2|Time   274(  32+242 )ms|AST    6|Inlined   0Y   0N|IR   5144/ 16227|CodeSize   85747|Addr 0x7fd303434b60|Timestamp 240265734246642|Src n/a
[engine] opt done   id=148   ProtosRootNode@7e065554                            |Tier 2|Time    36(   7+29  )ms|AST    2|Inlined   0Y   0N|IR    815/   944|CodeSize    4429|Addr 0x7fd303458200|Timestamp 240265779249854|Src n/a
[engine] opt done   id=149   ProtosRootNode@7bb20d1                             |Tier 2|Time  1889( 134+1755)ms|AST   20|Inlined   0Y   0N|IR  20280/ 62658|CodeSize  342484|Addr 0x7fd30345f700|Timestamp 240267670119752|Src n/a
[engine] opt done   id=101   ProtosRootNode@7caabe0b                            |Tier 1|Time    30(   8+22  )ms|AST    2|Inlined   0Y   0N|IR    591/  1658|CodeSize    7561|Addr 0x7fd3034e3c20|Timestamp 240267779537247|Src n/a
[engine] opt done   id=102   ProtosRootNode@5779d363                            |Tier 1|Time   429(  44+385 )ms|AST    9|Inlined   0Y   0N|IR   7951/ 31452|CodeSize  167494|Addr 0x7fd3034eac40|Timestamp 240268210957967|Src n/a
[engine] opt done   id=99    ProtosRootNode@7e9a3e4e                            |Tier 1|Time    14(   4+9   )ms|AST    2|Inlined   0Y   0N|IR    888/  1275|CodeSize    5532|Addr 0x7fd30352a060|Timestamp 240268238091071|Src n/a
[engine] opt done   id=100   ProtosRootNode@72234321                            |Tier 1|Time   886(  69+817 )ms|AST   13|Inlined   0Y   0N|IR  12899/ 48349|CodeSize  260527|Addr 0x7fd303530620|Timestamp 240269125406780|Src n/a
[engine] opt done   id=105   ProtosRootNode@74ef0f76                            |Tier 1|Time    16(   6+10  )ms|AST    2|Inlined   0Y   0N|IR    888/  1275|CodeSize    5532|Addr 0x7fd3035943e0|Timestamp 240269143784390|Src n/a
[engine] opt done   id=106   ProtosRootNode@378d731e                            |Tier 1|Time   337(  44+293 )ms|AST    9|Inlined   0Y   0N|IR   6486/ 23741|CodeSize  126115|Addr 0x7fd3035985a0|Timestamp 240269481950370|Src n/a
[engine] opt done   id=152   ProtosRootNode@4895645a                            |Tier 1|Time    22(   5+17  )ms|AST    2|Inlined   0Y   0N|IR    888/  2671|CodeSize   13140|Addr 0x7fd3035c9fc0|Timestamp 240269504948567|Src n/a
[engine] opt failed id=153   ProtosRootNode@1c25d30c                            |Tier 1|Time   50(-240269506+240269556)ms|Reason: jdk.graal.compiler.truffle.GraphTooBigBailoutException: Graph too big to safely compile. Node count: 50681. Graph Size: 150026. Limit: 150000.|Timestamp 240269556031399|Src n/a
[engine] opt failed id=153   ProtosRootNode@1c25d30c                            |Tier 1|Time   43(-240269568+240269611)ms|Reason: jdk.graal.compiler.truffle.GraphTooBigBailoutException: Graph too big to safely compile. Node count: 50681. Graph Size: 150026. Limit: 150000.|Timestamp 240269611852568|Src n/a
[engine] opt done   id=140   ProtosRootNode@11596118                            |Tier 1|Time    27(   7+20  )ms|AST    2|Inlined   0Y   0N|IR    888/  1275|CodeSize    5532|Addr 0x7fd3035d3160|Timestamp 240269646975764|Src n/a
[engine] opt done   id=141   ProtosRootNode@43eaaf1e                            |Tier 1|Time   197(  27+170 )ms|AST    7|Inlined   0Y   0N|IR   4642/ 17482|CodeSize   90120|Addr 0x7fd3035d7100|Timestamp 240269844309680|Src n/a
[engine] opt done   id=241   ProtosRootNode@79df0ea2                            |Tier 1|Time    26(   8+18  )ms|AST    2|Inlined   0Y   0N|IR    591/  1658|CodeSize    7561|Addr 0x7fd303612aa0|Timestamp 240270216620225|Src n/a
[engine] opt done   id=242   ProtosRootNode@5e8c93f7                            |Tier 1|Time  2097( 137+1960)ms|AST   21|Inlined   0Y   0N|IR  20851/ 81773|CodeSize  436754|Addr 0x7fd30361cf20|Timestamp 240272314907706|Src n/a
[engine] opt done   id=237   ProtosRootNode@59eb6e26                            |Tier 1|Time    28(   8+19  )ms|AST    2|Inlined   0Y   0N|IR    888/  1275|CodeSize    5532|Addr 0x7fd3036c1ee0|Timestamp 240272367748000|Src n/a
[engine] opt done   id=238   ProtosRootNode@64d68155                            |Tier 1|Time   710(  94+616 )ms|AST   11|Inlined   0Y   0N|IR  10711/ 39220|CodeSize  206041|Addr 0x7fd3036cb7c0|Timestamp 240273080307398|Src n/a
[engine] opt done   id=239   ProtosRootNode@6e3f48de                            |Tier 1|Time    14(   5+10  )ms|AST    2|Inlined   0Y   0N|IR    888/  1275|CodeSize    5532|Addr 0x7fd30371bce0|Timestamp 240273114442722|Src n/a
[engine] opt done   id=240   ProtosRootNode@58e7daee                            |Tier 1|Time  1918( 126+1792)ms|AST   20|Inlined   0Y   0N|IR  20353/ 75041|CodeSize  397465|Addr 0x7fd303724840|Timestamp 240275033456392|Src n/a
[engine] opt done   id=241   ProtosRootNode@79df0ea2                            |Tier 2|Time    19(   3+15  )ms|AST    2|Inlined   0Y   0N|IR    518/  1448|CodeSize    7174|Addr 0x7fd3037bfc60|Timestamp 240275155720047|Src n/a
[engine] opt done   id=242   ProtosRootNode@5e8c93f7                            |Tier 2|Time  2079( 128+1951)ms|AST   21|Inlined   0Y   0N|IR  20778/ 68815|CodeSize  387532|Addr 0x7fd3037c7ba0|Timestamp 240277235214640|Src n/a
[engine] opt done   id=237   ProtosRootNode@59eb6e26                            |Tier 2|Time    20(   7+12  )ms|AST    2|Inlined   0Y   0N|IR    815/   944|CodeSize    4429|Addr 0x7fd30385c700|Timestamp 240277380749722|Src n/a
[engine] opt done   id=238   ProtosRootNode@64d68155                            |Tier 2|Time   795(  64+731 )ms|AST   11|Inlined   0Y   0N|IR  10638/ 32814|CodeSize  176872|Addr 0x7fd303862a60|Timestamp 240278176370908|Src n/a
[engine] opt done   id=239   ProtosRootNode@6e3f48de                            |Tier 2|Time    17(   4+13  )ms|AST    2|Inlined   0Y   0N|IR    815/   944|CodeSize    4429|Addr 0x7fd3038a5e00|Timestamp 240278221506820|Src n/a
[engine] opt done   id=240   ProtosRootNode@58e7daee                            |Tier 2|Time  1922( 166+1756)ms|AST   20|Inlined   0Y   0N|IR  20280/ 62658|CodeSize  342484|Addr 0x7fd3038adf00|Timestamp 240280145699680|Src n/a
[engine] opt done   id=243   ProtosRootNode@4ea8568                             |Tier 1|Time    22(   5+17  )ms|AST    2|Inlined   0Y   0N|IR    888/  2671|CodeSize   13140|Addr 0x7fd30392ea40|Timestamp 240280212058876|Src n/a
[engine] opt failed id=244   ProtosRootNode@78bbc2d7                            |Tier 1|Time   42(-240280213+240280255)ms|Reason: jdk.graal.compiler.truffle.GraphTooBigBailoutException: Graph too big to safely compile. Node count: 50681. Graph Size: 150026. Limit: 150000.|Timestamp 240280255294294|Src n/a
[engine] opt failed id=244   ProtosRootNode@78bbc2d7                            |Tier 1|Time   42(-240280262+240280305)ms|Reason: jdk.graal.compiler.truffle.GraphTooBigBailoutException: Graph too big to safely compile. Node count: 50681. Graph Size: 150026. Limit: 150000.|Timestamp 240280304828413|Src n/a
[engine] opt done   id=231   ProtosRootNode@165c2375                            |Tier 1|Time    15(   4+11  )ms|AST    2|Inlined   0Y   0N|IR    888/  1275|CodeSize    5532|Addr 0x7fd303934c60|Timestamp 240280320049937|Src n/a
[engine] opt done   id=232   ProtosRootNode@7531abbe                            |Tier 1|Time   200(  22+177 )ms|AST    7|Inlined   0Y   0N|IR   4642/ 17482|CodeSize   90120|Addr 0x7fd303938d80|Timestamp 240280520251426|Src n/a
[engine] opt done   id=332   ProtosRootNode@784cc4dd                            |Tier 1|Time    31(  12+19  )ms|AST    2|Inlined   0Y   0N|IR    591/  1658|CodeSize    7561|Addr 0x7fd3039636a0|Timestamp 240280786793489|Src n/a
[engine] opt done   id=333   ProtosRootNode@30659002                            |Tier 1|Time  2134( 141+1993)ms|AST   21|Inlined   0Y   0N|IR  20851/ 81773|CodeSize  436754|Addr 0x7fd30396c3a0|Timestamp 240282929430512|Src n/a
[engine] opt done   id=328   ProtosRootNode@517c6e7b                            |Tier 1|Time    14(   5+10  )ms|AST    2|Inlined   0Y   0N|IR    888/  1275|CodeSize    5532|Addr 0x7fd303a10760|Timestamp 240282964207947|Src n/a
[engine] opt done   id=329   ProtosRootNode@72339c63                            |Tier 1|Time   680(  56+624 )ms|AST   11|Inlined   0Y   0N|IR  10711/ 39220|CodeSize  206041|Addr 0x7fd303a158c0|Timestamp 240283644956278|Src n/a
[engine] opt done   id=330   ProtosRootNode@2f63d12e                            |Tier 1|Time    15(   5+10  )ms|AST    2|Inlined   0Y   0N|IR    888/  1275|CodeSize    5532|Addr 0x7fd303a65ae0|Timestamp 240283678634661|Src n/a
[engine] opt done   id=331   ProtosRootNode@562f2ca4                            |Tier 1|Time  1946( 146+1799)ms|AST   20|Inlined   0Y   0N|IR  20353/ 75041|CodeSize  397465|Addr 0x7fd303a6d840|Timestamp 240285624604427|Src n/a
[engine] opt done   id=332   ProtosRootNode@784cc4dd                            |Tier 2|Time    19(   4+15  )ms|AST    2|Inlined   0Y   0N|IR    518/  1448|CodeSize    7174|Addr 0x7fd303b08a60|Timestamp 240285718146195|Src n/a
[engine] opt done   id=333   ProtosRootNode@30659002                            |Tier 2|Time  1903( 123+1780)ms|AST   21|Inlined   0Y   0N|IR  20778/ 68815|CodeSize  387532|Addr 0x7fd303b109a0|Timestamp 240287623431253|Src n/a
[engine] opt done   id=328   ProtosRootNode@517c6e7b                            |Tier 2|Time    17(   4+12  )ms|AST    2|Inlined   0Y   0N|IR    815/   944|CodeSize    4429|Addr 0x7fd303ba4d80|Timestamp 240287744664225|Src n/a
[engine] opt done   id=329   ProtosRootNode@72339c63                            |Tier 2|Time   727(  59+668 )ms|AST   11|Inlined   0Y   0N|IR  10638/ 32814|CodeSize  176872|Addr 0x7fd303ba8de0|Timestamp 240288472657998|Src n/a
[engine] opt done   id=330   ProtosRootNode@2f63d12e                            |Tier 2|Time    22(   4+18  )ms|AST    2|Inlined   0Y   0N|IR    815/   944|CodeSize    4429|Addr 0x7fd303bec180|Timestamp 240288498595279|Src n/a
[engine] opt done   id=331   ProtosRootNode@562f2ca4                            |Tier 2|Time  1854( 148+1706)ms|AST   20|Inlined   0Y   0N|IR  20280/ 62658|CodeSize  342484|Addr 0x7fd303bf4200|Timestamp 240290353006262|Src n/a
[engine] opt done   id=334   ProtosRootNode@77c301da                            |Tier 1|Time    21(   4+17  )ms|AST    2|Inlined   0Y   0N|IR    888/  2671|CodeSize   13140|Addr 0x7fd303c74840|Timestamp 240290418689696|Src n/a
[engine] opt failed id=335   ProtosRootNode@31ad4663                            |Tier 1|Time   42(-240290419+240290461)ms|Reason: jdk.graal.compiler.truffle.GraphTooBigBailoutException: Graph too big to safely compile. Node count: 50681. Graph Size: 150026. Limit: 150000.|Timestamp 240290461255043|Src n/a
[engine] opt failed id=335   ProtosRootNode@31ad4663                            |Tier 1|Time   42(-240290467+240290509)ms|Reason: jdk.graal.compiler.truffle.GraphTooBigBailoutException: Graph too big to safely compile. Node count: 50681. Graph Size: 150026. Limit: 150000.|Timestamp 240290509049659|Src n/a
[engine] opt done   id=322   ProtosRootNode@781a3809                            |Tier 1|Time    14(   4+9   )ms|AST    2|Inlined   0Y   0N|IR    888/  1275|CodeSize    5532|Addr 0x7fd303c7a460|Timestamp 240290526841567|Src n/a
[engine] opt done   id=323   ProtosRootNode@2dd42fa0                            |Tier 1|Time   421(  47+373 )ms|AST    7|Inlined   0Y   0N|IR   4642/ 17482|CodeSize   90120|Addr 0x7fd303c7dc80|Timestamp 240290949380255|Src n/a
[engine] opt done   id=423   ProtosRootNode@7c4a42d8                            |Tier 1|Time    23(   8+15  )ms|AST    2|Inlined   0Y   0N|IR    591/  1658|CodeSize    7561|Addr 0x7fd303ca6320|Timestamp 240291299956279|Src n/a
[engine] opt done   id=424   ProtosRootNode@6fc85e85                            |Tier 1|Time  2094( 140+1955)ms|AST   21|Inlined   0Y   0N|IR  20851/ 81773|CodeSize  436754|Addr 0x7fd303caf7a0|Timestamp 240293396715350|Src n/a
[engine] opt done   id=419   ProtosRootNode@46b17aa4                            |Tier 1|Time    29(  10+19  )ms|AST    2|Inlined   0Y   0N|IR    888/  1275|CodeSize    5532|Addr 0x7fd303d54fe0|Timestamp 240293453867401|Src n/a
[engine] opt done   id=420   ProtosRootNode@7034a017                            |Tier 1|Time   703(  58+644 )ms|AST   11|Inlined   0Y   0N|IR  10711/ 39220|CodeSize  206041|Addr 0x7fd303d5a740|Timestamp 240294157162931|Src n/a
[engine] opt done   id=421   ProtosRootNode@12116f20                            |Tier 1|Time    14(   4+10  )ms|AST    2|Inlined   0Y   0N|IR    888/  1275|CodeSize    5532|Addr 0x7fd303daa960|Timestamp 240294172265024|Src n/a
[engine] opt done   id=422   ProtosRootNode@3bb9616e                            |Tier 1|Time  1847( 138+1710)ms|AST   20|Inlined   0Y   0N|IR  20353/ 75041|CodeSize  397465|Addr 0x7fd303db26c0|Timestamp 240296020032218|Src n/a
[engine] opt done   id=423   ProtosRootNode@7c4a42d8                            |Tier 2|Time    19(   3+16  )ms|AST    2|Inlined   0Y   0N|IR    518/  1448|CodeSize    7174|Addr 0x7fd303e4b3e0|Timestamp 240296104737602|Src n/a
[engine] opt done   id=424   ProtosRootNode@6fc85e85                            |Tier 2|Time  2046( 131+1915)ms|AST   21|Inlined   0Y   0N|IR  20778/ 68815|CodeSize  387532|Addr 0x7fd303e52c20|Timestamp 240298150646185|Src n/a
[engine] opt done   id=419   ProtosRootNode@46b17aa4                            |Tier 2|Time    17(   4+13  )ms|AST    2|Inlined   0Y   0N|IR    815/   944|CodeSize    4429|Addr 0x7fd303ee2700|Timestamp 240298228800498|Src n/a
[engine] opt done   id=420   ProtosRootNode@7034a017                            |Tier 2|Time  1070( 119+951 )ms|AST   11|Inlined   0Y   0N|IR  10638/ 32814|CodeSize  176872|Addr 0x7fd303ee74e0|Timestamp 240299300973456|Src n/a
[engine] opt done   id=421   ProtosRootNode@12116f20                            |Tier 2|Time    38(   9+29  )ms|AST    2|Inlined   0Y   0N|IR    815/   944|CodeSize    4429|Addr 0x7fd303f2c480|Timestamp 240299346064637|Src n/a
[engine] opt done   id=422   ProtosRootNode@3bb9616e                            |Tier 2|Time  1842( 125+1717)ms|AST   20|Inlined   0Y   0N|IR  20280/ 62658|CodeSize  342484|Addr 0x7fd303f33180|Timestamp 240301190446318|Src n/a
[engine] opt done   id=425   ProtosRootNode@2a6dafae                            |Tier 1|Time    34(  10+24  )ms|AST    2|Inlined   0Y   0N|IR    888/  2671|CodeSize   13140|Addr 0x7fd303fb4240|Timestamp 240301260362208|Src n/a
[engine] opt failed id=426   ProtosRootNode@468b4100                            |Tier 1|Time   50(-240301261+240301310)ms|Reason: jdk.graal.compiler.truffle.GraphTooBigBailoutException: Graph too big to safely compile. Node count: 50681. Graph Size: 150026. Limit: 150000.|Timestamp 240301310362137|Src n/a
[engine] opt failed id=426   ProtosRootNode@468b4100                            |Tier 1|Time   43(-240301319+240301362)ms|Reason: jdk.graal.compiler.truffle.GraphTooBigBailoutException: Graph too big to safely compile. Node count: 50681. Graph Size: 150026. Limit: 150000.|Timestamp 240301362253208|Src n/a
[engine] opt done   id=413   ProtosRootNode@626de224                            |Tier 1|Time    13(   4+9   )ms|AST    2|Inlined   0Y   0N|IR    888/  1275|CodeSize    5532|Addr 0x7fd303fbad60|Timestamp 240301376382680|Src n/a
[engine] opt done   id=414   ProtosRootNode@340cdcf4                            |Tier 1|Time   200(  24+176 )ms|AST    7|Inlined   0Y   0N|IR   4642/ 17482|CodeSize   90120|Addr 0x7fd303fbe580|Timestamp 240301576339115|Src n/a
[engine] opt done   id=514   ProtosRootNode@153cd2b8                            |Tier 1|Time    28(   6+22  )ms|AST    2|Inlined   0Y   0N|IR    591/  1658|CodeSize    7561|Addr 0x7fd303fe47a0|Timestamp 240301825296726|Src n/a
[engine] opt done   id=515   ProtosRootNode@1127b318                            |Tier 1|Time  2555( 311+2244)ms|AST   21|Inlined   0Y   0N|IR  20851/ 81773|CodeSize  436754|Addr 0x7fd303fef3a0|Timestamp 240304380365679|Src n/a
[engine] opt done   id=510   ProtosRootNode@798d37c9                            |Tier 1|Time    16(   6+9   )ms|AST    2|Inlined   0Y   0N|IR    888/  1275|CodeSize    5532|Addr 0x7fd304093ee0|Timestamp 240304428903195|Src n/a
[engine] opt done   id=511   ProtosRootNode@715becd4                            |Tier 1|Time   710(  58+652 )ms|AST   11|Inlined   0Y   0N|IR  10711/ 39220|CodeSize  206041|Addr 0x7fd304099440|Timestamp 240305140959612|Src n/a
[engine] opt done   id=512   ProtosRootNode@1b6744fd                            |Tier 1|Time    14(   4+10  )ms|AST    2|Inlined   0Y   0N|IR    888/  1275|CodeSize    5532|Addr 0x7fd3040e9660|Timestamp 240305156212016|Src n/a
[engine] opt done   id=513   ProtosRootNode@59932111                            |Tier 1|Time  1866( 120+1746)ms|AST   20|Inlined   0Y   0N|IR  20353/ 75041|CodeSize  397465|Addr 0x7fd3040f13c0|Timestamp 240307040512501|Src n/a
[engine] opt done   id=514   ProtosRootNode@153cd2b8                            |Tier 2|Time    20(   4+16  )ms|AST    2|Inlined   0Y   0N|IR    518/  1448|CodeSize    7174|Addr 0x7fd304189de0|Timestamp 240307120120326|Src n/a
[engine] opt done   id=515   ProtosRootNode@1127b318                            |Tier 2|Time  1917( 127+1791)ms|AST   21|Inlined   0Y   0N|IR  20778/ 68815|CodeSize  387532|Addr 0x7fd304191920|Timestamp 240309038976442|Src n/a
[engine] opt done   id=510   ProtosRootNode@798d37c9                            |Tier 2|Time    19(   4+15  )ms|AST    2|Inlined   0Y   0N|IR    815/   944|CodeSize    4429|Addr 0x7fd304221800|Timestamp 240309141726853|Src n/a
[engine] opt done   id=511   ProtosRootNode@715becd4                            |Tier 2|Time   734(  58+676 )ms|AST   11|Inlined   0Y   0N|IR  10638/ 32814|CodeSize  176872|Addr 0x7fd304225860|Timestamp 240309876325583|Src n/a
[engine] opt done   id=512   ProtosRootNode@1b6744fd                            |Tier 2|Time    35(   8+28  )ms|AST    2|Inlined   0Y   0N|IR    815/   944|CodeSize    4429|Addr 0x7fd30426a380|Timestamp 240309918943379|Src n/a
[engine] opt done   id=513   ProtosRootNode@59932111                            |Tier 2|Time  1834( 125+1710)ms|AST   20|Inlined   0Y   0N|IR  20280/ 62658|CodeSize  342484|Addr 0x7fd30426ff80|Timestamp 240311753868080|Src n/a
[engine] opt done   id=516   ProtosRootNode@2f1f32b4                            |Tier 1|Time    22(   5+17  )ms|AST    2|Inlined   0Y   0N|IR    888/  2671|CodeSize   13140|Addr 0x7fd3042f05c0|Timestamp 240311796648867|Src n/a
[engine] opt failed id=517   ProtosRootNode@6376f708                            |Tier 1|Time   46(-240311797+240311843)ms|Reason: jdk.graal.compiler.truffle.GraphTooBigBailoutException: Graph too big to safely compile. Node count: 50681. Graph Size: 150026. Limit: 150000.|Timestamp 240311842959969|Src n/a
[engine] opt failed id=517   ProtosRootNode@6376f708                            |Tier 1|Time   50(-240311859+240311909)ms|Reason: jdk.graal.compiler.truffle.GraphTooBigBailoutException: Graph too big to safely compile. Node count: 50681. Graph Size: 150026. Limit: 150000.|Timestamp 240311909328843|Src n/a
[engine] opt done   id=504   ProtosRootNode@4cbbeeb3                            |Tier 1|Time    16(   7+9   )ms|AST    2|Inlined   0Y   0N|IR    888/  1275|CodeSize    5532|Addr 0x7fd3042f6660|Timestamp 240311925568488|Src n/a
[engine] opt done   id=505   ProtosRootNode@23377429                            |Tier 1|Time   204(  25+179 )ms|AST    7|Inlined   0Y   0N|IR   4642/ 17482|CodeSize   90120|Addr 0x7fd3042f9e80|Timestamp 240312130007728|Src n/a
[engine] opt done   id=605   ProtosRootNode@139f6045                            |Tier 1|Time    22(   9+13  )ms|AST    2|Inlined   0Y   0N|IR    591/  1658|CodeSize    7561|Addr 0x7fd30431fb20|Timestamp 240312340981398|Src n/a
[engine] opt done   id=606   ProtosRootNode@47163845                            |Tier 1|Time  2123( 152+1971)ms|AST   21|Inlined   0Y   0N|IR  20851/ 81773|CodeSize  436754|Addr 0x7fd304329aa0|Timestamp 240314465311396|Src n/a
[engine] opt done   id=601   ProtosRootNode@7ff60036                            |Tier 1|Time    14(   4+10  )ms|AST    2|Inlined   0Y   0N|IR    888/  1275|CodeSize    5532|Addr 0x7fd3043cde60|Timestamp 240314498036468|Src n/a
[engine] opt done   id=602   ProtosRootNode@44dd0175                            |Tier 1|Time   619(  56+562 )ms|AST   11|Inlined   0Y   0N|IR  10711/ 39220|CodeSize  206041|Addr 0x7fd3043d2fc0|Timestamp 240315117601585|Src n/a
[engine] opt done   id=603   ProtosRootNode@5b8333f8                            |Tier 1|Time    14(   4+9   )ms|AST    2|Inlined   0Y   0N|IR    888/  1275|CodeSize    5532|Addr 0x7fd3044231e0|Timestamp 240315150605216|Src n/a
[engine] opt done   id=604   ProtosRootNode@5de30d9e                            |Tier 1|Time  1814( 125+1690)ms|AST   20|Inlined   0Y   0N|IR  20353/ 75041|CodeSize  397465|Addr 0x7fd30442af40|Timestamp 240316965461178|Src n/a
[engine] opt done   id=605   ProtosRootNode@139f6045                            |Tier 2|Time    20(   4+16  )ms|AST    2|Inlined   0Y   0N|IR    518/  1448|CodeSize    7174|Addr 0x7fd3044c3ce0|Timestamp 240317057958772|Src n/a
[engine] opt done   id=606   ProtosRootNode@47163845                            |Tier 2|Time  2105( 144+1960)ms|AST   21|Inlined   0Y   0N|IR  20778/ 68815|CodeSize  387532|Addr 0x7fd3044cd020|Timestamp 240319162964443|Src n/a
[engine] opt done   id=601   ProtosRootNode@7ff60036                            |Tier 2|Time    17(   4+13  )ms|AST    2|Inlined   0Y   0N|IR    815/   944|CodeSize    4429|Addr 0x7fd30455cb00|Timestamp 240319244427980|Src n/a
[engine] opt done   id=602   ProtosRootNode@44dd0175                            |Tier 2|Time   727(  66+661 )ms|AST   11|Inlined   0Y   0N|IR  10638/ 32814|CodeSize  176872|Addr 0x7fd304560e60|Timestamp 240319972588083|Src n/a
[engine] opt done   id=603   ProtosRootNode@5b8333f8                            |Tier 2|Time    24(   4+20  )ms|AST    2|Inlined   0Y   0N|IR    815/   944|CodeSize    4429|Addr 0x7fd3045a4200|Timestamp 240320000346467|Src n/a
[engine] opt done   id=604   ProtosRootNode@5de30d9e                            |Tier 2|Time  1894( 142+1752)ms|AST   20|Inlined   0Y   0N|IR  20280/ 62658|CodeSize  342484|Addr 0x7fd3045a9e00|Timestamp 240321894546845|Src n/a
[engine] opt done   id=607   ProtosRootNode@309d6532                            |Tier 1|Time    46(   8+38  )ms|AST    2|Inlined   0Y   0N|IR    888/  2671|CodeSize   13140|Addr 0x7fd30462c740|Timestamp 240321990305034|Src n/a
[engine] opt failed id=608   ProtosRootNode@68b7eba5                            |Tier 1|Time   43(-240321991+240322035)ms|Reason: jdk.graal.compiler.truffle.GraphTooBigBailoutException: Graph too big to safely compile. Node count: 50681. Graph Size: 150026. Limit: 150000.|Timestamp 240322034761323|Src n/a
[engine] opt failed id=608   ProtosRootNode@68b7eba5                            |Tier 1|Time   44(-240322040+240322084)ms|Reason: jdk.graal.compiler.truffle.GraphTooBigBailoutException: Graph too big to safely compile. Node count: 50681. Graph Size: 150026. Limit: 150000.|Timestamp 240322084082980|Src n/a
[engine] opt done   id=595   ProtosRootNode@1c9738c0                            |Tier 1|Time    14(   5+10  )ms|AST    2|Inlined   0Y   0N|IR    888/  1275|CodeSize    5532|Addr 0x7fd304632360|Timestamp 240322102506318|Src n/a
[engine] opt done   id=596   ProtosRootNode@448b47da                            |Tier 1|Time   225(  44+181 )ms|AST    7|Inlined   0Y   0N|IR   4642/ 17482|CodeSize   90120|Addr 0x7fd304637100|Timestamp 240322329828012|Src n/a
[engine] opt done   id=696   ProtosRootNode@473dbeb0                            |Tier 1|Time    15(   4+11  )ms|AST    2|Inlined   0Y   0N|IR    591/  1658|CodeSize    7561|Addr 0x7fd30465b820|Timestamp 240322546909519|Src n/a
[engine] opt done   id=697   ProtosRootNode@60a48fb                             |Tier 1|Time  2174( 140+2034)ms|AST   21|Inlined   0Y   0N|IR  20851/ 81773|CodeSize  436754|Addr 0x7fd304664520|Timestamp 240324721721810|Src n/a
[engine] opt done   id=692   ProtosRootNode@67098eda                            |Tier 1|Time    15(   4+10  )ms|AST    2|Inlined   0Y   0N|IR    888/  1275|CodeSize    5532|Addr 0x7fd3047088e0|Timestamp 240324764595026|Src n/a
[engine] opt done   id=693   ProtosRootNode@34892b48                            |Tier 1|Time   667(  60+607 )ms|AST   11|Inlined   0Y   0N|IR  10711/ 39220|CodeSize  206041|Addr 0x7fd30470dd40|Timestamp 240325432057263|Src n/a
[engine] opt done   id=694   ProtosRootNode@39c266d5                            |Tier 1|Time    15(   4+10  )ms|AST    2|Inlined   0Y   0N|IR    888/  1275|CodeSize    5532|Addr 0x7fd30475df60|Timestamp 240325447437077|Src n/a
[engine] opt done   id=695   ProtosRootNode@511f59ad                            |Tier 1|Time  1965( 151+1814)ms|AST   20|Inlined   0Y   0N|IR  20353/ 75041|CodeSize  397465|Addr 0x7fd304765cc0|Timestamp 240327413238648|Src n/a
[engine] opt done   id=696   ProtosRootNode@473dbeb0                            |Tier 2|Time    20(   3+16  )ms|AST    2|Inlined   0Y   0N|IR    518/  1448|CodeSize    7174|Addr 0x7fd3047feee0|Timestamp 240327518738931|Src n/a
[engine] opt done   id=697   ProtosRootNode@60a48fb                             |Tier 2|Time  2122( 141+1982)ms|AST   21|Inlined   0Y   0N|IR  20778/ 68815|CodeSize  387532|Addr 0x7fd304806720|Timestamp 240329641344402|Src n/a
[engine] opt done   id=692   ProtosRootNode@67098eda                            |Tier 2|Time    17(   5+13  )ms|AST    2|Inlined   0Y   0N|IR    815/   944|CodeSize    4429|Addr 0x7fd304896200|Timestamp 240329731270401|Src n/a
[engine] opt done   id=693   ProtosRootNode@34892b48                            |Tier 2|Time   737(  61+676 )ms|AST   11|Inlined   0Y   0N|IR  10638/ 32814|CodeSize  176872|Addr 0x7fd30489a560|Timestamp 240330468746104|Src n/a
[engine] opt done   id=694   ProtosRootNode@39c266d5                            |Tier 2|Time    25(   6+19  )ms|AST    2|Inlined   0Y   0N|IR    815/   944|CodeSize    4429|Addr 0x7fd3048dd900|Timestamp 240330497670409|Src n/a
[engine] opt done   id=695   ProtosRootNode@511f59ad                            |Tier 2|Time  1872( 130+1742)ms|AST   20|Inlined   0Y   0N|IR  20280/ 62658|CodeSize  342484|Addr 0x7fd3048e3500|Timestamp 240332370104287|Src n/a
[engine] opt done   id=698   ProtosRootNode@4ad75700                            |Tier 1|Time    22(   4+18  )ms|AST    2|Inlined   0Y   0N|IR    888/  2671|CodeSize   13140|Addr 0x7fd304963b40|Timestamp 240332438428873|Src n/a
[engine] opt failed id=699   ProtosRootNode@302580e                             |Tier 1|Time   55(-240332439+240332494)ms|Reason: jdk.graal.compiler.truffle.GraphTooBigBailoutException: Graph too big to safely compile. Node count: 50681. Graph Size: 150026. Limit: 150000.|Timestamp 240332493712499|Src n/a
[engine] opt failed id=699   ProtosRootNode@302580e                             |Tier 1|Time   47(-240332499+240332546)ms|Reason: jdk.graal.compiler.truffle.GraphTooBigBailoutException: Graph too big to safely compile. Node count: 50681. Graph Size: 150026. Limit: 150000.|Timestamp 240332545934460|Src n/a
[engine] opt done   id=686   ProtosRootNode@977033                              |Tier 1|Time    16(   5+10  )ms|AST    2|Inlined   0Y   0N|IR    888/  1275|CodeSize    5532|Addr 0x7fd30496ac60|Timestamp 240332566990852|Src n/a
[engine] opt done   id=687   ProtosRootNode@59877a4b                            |Tier 1|Time   207(  27+181 )ms|AST    7|Inlined   0Y   0N|IR   4642/ 17482|CodeSize   90120|Addr 0x7fd304970580|Timestamp 240332776357016|Src n/a
[engine] opt done   id=787   ProtosRootNode@4955a256                            |Tier 1|Time    23(   9+15  )ms|AST    2|Inlined   0Y   0N|IR    591/  1658|CodeSize    7561|Addr 0x7fd304995220|Timestamp 240333000196062|Src n/a
[engine] opt done   id=788   ProtosRootNode@15f6f41e                            |Tier 1|Time  2120( 134+1986)ms|AST   21|Inlined   0Y   0N|IR  20851/ 81773|CodeSize  436754|Addr 0x7fd30499df20|Timestamp 240335120597361|Src n/a
[engine] opt done   id=783   ProtosRootNode@21e7b135                            |Tier 1|Time    14(   4+10  )ms|AST    2|Inlined   0Y   0N|IR    888/  1275|CodeSize    5532|Addr 0x7fd304a422e0|Timestamp 240335163149127|Src n/a
[engine] opt done   id=784   ProtosRootNode@7983762                             |Tier 1|Time   655(  59+596 )ms|AST   11|Inlined   0Y   0N|IR  10711/ 39220|CodeSize  206041|Addr 0x7fd304a47440|Timestamp 240335818335849|Src n/a
[engine] opt done   id=785   ProtosRootNode@1b9a6a24                            |Tier 1|Time    15(   5+10  )ms|AST    2|Inlined   0Y   0N|IR    888/  1275|CodeSize    5532|Addr 0x7fd304a97660|Timestamp 240335834039763|Src n/a
[engine] opt done   id=786   ProtosRootNode@325cfc19                            |Tier 1|Time  1902( 147+1755)ms|AST   20|Inlined   0Y   0N|IR  20353/ 75041|CodeSize  397465|Addr 0x7fd304a9f6c0|Timestamp 240337737598922|Src n/a
[engine] opt done   id=787   ProtosRootNode@4955a256                            |Tier 2|Time    20(   4+16  )ms|AST    2|Inlined   0Y   0N|IR    518/  1448|CodeSize    7174|Addr 0x7fd304b380e0|Timestamp 240337826617140|Src n/a
[engine] opt done   id=788   ProtosRootNode@15f6f41e                            |Tier 2|Time  2008( 140+1868)ms|AST   21|Inlined   0Y   0N|IR  20778/ 68815|CodeSize  387532|Addr 0x7fd304b3f920|Timestamp 240339834733367|Src n/a
[engine] opt done   id=783   ProtosRootNode@21e7b135                            |Tier 2|Time    17(   5+13  )ms|AST    2|Inlined   0Y   0N|IR    815/   944|CodeSize    4429|Addr 0x7fd304bd1a00|Timestamp 240339961185252|Src n/a
[engine] opt done   id=784   ProtosRootNode@7983762                             |Tier 2|Time   756(  59+697 )ms|AST   11|Inlined   0Y   0N|IR  10638/ 32814|CodeSize  176872|Addr 0x7fd304bd5a60|Timestamp 240340717448958|Src n/a
[engine] opt done   id=785   ProtosRootNode@1b9a6a24                            |Tier 2|Time    25(   5+20  )ms|AST    2|Inlined   0Y   0N|IR    815/   944|CodeSize    4429|Addr 0x7fd304c18e00|Timestamp 240340745500581|Src n/a
[engine] opt done   id=786   ProtosRootNode@325cfc19                            |Tier 2|Time  1763( 149+1614)ms|AST   20|Inlined   0Y   0N|IR  20280/ 62658|CodeSize  342484|Addr 0x7fd304c1ed00|Timestamp 240342508809638|Src n/a
[engine] opt done   id=789   ProtosRootNode@d31ca38                             |Tier 1|Time    24(   5+18  )ms|AST    2|Inlined   0Y   0N|IR    888/  2671|CodeSize   13140|Addr 0x7fd304c9f340|Timestamp 240342576064111|Src n/a
[engine] opt failed id=790   ProtosRootNode@410214c2                            |Tier 1|Time   44(-240342577+240342621)ms|Reason: jdk.graal.compiler.truffle.GraphTooBigBailoutException: Graph too big to safely compile. Node count: 50681. Graph Size: 150026. Limit: 150000.|Timestamp 240342621543421|Src n/a
[engine] opt failed id=790   ProtosRootNode@410214c2                            |Tier 1|Time   45(-240342629+240342674)ms|Reason: jdk.graal.compiler.truffle.GraphTooBigBailoutException: Graph too big to safely compile. Node count: 50681. Graph Size: 150026. Limit: 150000.|Timestamp 240342673629411|Src n/a
[engine] opt done   id=777   ProtosRootNode@5b4a2f16                            |Tier 1|Time    15(   4+11  )ms|AST    2|Inlined   0Y   0N|IR    888/  1275|CodeSize    5532|Addr 0x7fd304ca6960|Timestamp 240342688697465|Src n/a
[engine] opt done   id=778   ProtosRootNode@4e9de393                            |Tier 1|Time   205(  23+182 )ms|AST    7|Inlined   0Y   0N|IR   4642/ 17482|CodeSize   90120|Addr 0x7fd304caa180|Timestamp 240342894225971|Src n/a
[engine] opt done   id=878   ProtosRootNode@46f6a3e6                            |Tier 1|Time    23(   7+16  )ms|AST    2|Inlined   0Y   0N|IR    591/  1658|CodeSize    7561|Addr 0x7fd304ccfb20|Timestamp 240343117192714|Src n/a
[engine] opt done   id=879   ProtosRootNode@64dba59a                            |Tier 1|Time  2175( 164+2012)ms|AST   21|Inlined   0Y   0N|IR  20851/ 81773|CodeSize  436754|Addr 0x7fd304cd8820|Timestamp 240345292993292|Src n/a
[engine] opt done   id=874   ProtosRootNode@52b15d5d                            |Tier 1|Time    15(   5+10  )ms|AST    2|Inlined   0Y   0N|IR    888/  1275|CodeSize    5532|Addr 0x7fd304d7cbe0|Timestamp 240345334418755|Src n/a
[engine] opt done   id=875   ProtosRootNode@2b655971                            |Tier 1|Time   700(  59+641 )ms|AST   11|Inlined   0Y   0N|IR  10711/ 39220|CodeSize  206041|Addr 0x7fd304d81d40|Timestamp 240346034746402|Src n/a
[engine] opt done   id=876   ProtosRootNode@6cfd3fe1                            |Tier 1|Time    24(   4+19  )ms|AST    2|Inlined   0Y   0N|IR    888/  1275|CodeSize    5532|Addr 0x7fd304dd1f60|Timestamp 240346059183070|Src n/a
[engine] opt done   id=877   ProtosRootNode@479d85c8                            |Tier 1|Time  1977( 134+1844)ms|AST   20|Inlined   0Y   0N|IR  20353/ 75041|CodeSize  397465|Addr 0x7fd30328ca40|Timestamp 240348037064368|Src n/a
[engine] opt done   id=878   ProtosRootNode@46f6a3e6                            |Tier 2|Time    39(   6+33  )ms|AST    2|Inlined   0Y   0N|IR    518/  1448|CodeSize    7174|Addr 0x7fd3033375e0|Timestamp 240348164077203|Src n/a
[engine] opt done   id=879   ProtosRootNode@64dba59a                            |Tier 2|Time  2132( 154+1978)ms|AST   21|Inlined   0Y   0N|IR  20778/ 68815|CodeSize  387532|Addr 0x7fd303343520|Timestamp 240350296288696|Src n/a
[engine] opt done   id=874   ProtosRootNode@52b15d5d                            |Tier 2|Time    17(   4+13  )ms|AST    2|Inlined   0Y   0N|IR    815/   944|CodeSize    4429|Addr 0x7fd30385c700|Timestamp 240350378376652|Src n/a
[engine] opt done   id=875   ProtosRootNode@2b655971                            |Tier 2|Time   708(  64+644 )ms|AST   11|Inlined   0Y   0N|IR  10638/ 32814|CodeSize  176872|Addr 0x7fd3033ebde0|Timestamp 240351088554871|Src n/a
[engine] opt done   id=876   ProtosRootNode@6cfd3fe1                            |Tier 2|Time    23(   4+19  )ms|AST    2|Inlined   0Y   0N|IR    815/   944|CodeSize    4429|Addr 0x7fd303f2c480|Timestamp 240351115935593|Src n/a
[engine] opt done   id=877   ProtosRootNode@479d85c8                            |Tier 2|Time  1913( 123+1791)ms|AST   20|Inlined   0Y   0N|IR  20280/ 62658|CodeSize  342484|Addr 0x7fd30345f700|Timestamp 240353029694696|Src n/a
[engine] opt done   id=880   ProtosRootNode@1fe2636f                            |Tier 1|Time    30(   4+25  )ms|AST    2|Inlined   0Y   0N|IR    888/  2671|CodeSize   13140|Addr 0x7fd3035c9fc0|Timestamp 240353080854854|Src n/a
[engine] opt failed id=881   ProtosRootNode@14a595f4                            |Tier 1|Time   45(-240353081+240353126)ms|Reason: jdk.graal.compiler.truffle.GraphTooBigBailoutException: Graph too big to safely compile. Node count: 50681. Graph Size: 150026. Limit: 150000.|Timestamp 240353126117914|Src n/a
[engine] opt failed id=881   ProtosRootNode@14a595f4                            |Tier 1|Time   45(-240353127+240353172)ms|Reason: jdk.graal.compiler.truffle.GraphTooBigBailoutException: Graph too big to safely compile. Node count: 50681. Graph Size: 150026. Limit: 150000.|Timestamp 240353171687463|Src n/a
[engine] opt done   id=868   ProtosRootNode@7a1859bf                            |Tier 1|Time    15(   6+9   )ms|AST    2|Inlined   0Y   0N|IR    888/  1275|CodeSize    5532|Addr 0x7fd3031ffe60|Timestamp 240353203670372|Src n/a
[engine] opt done   id=869   ProtosRootNode@76435748                            |Tier 1|Time   204(  23+181 )ms|AST    7|Inlined   0Y   0N|IR   4642/ 17482|CodeSize   90120|Addr 0x7fd3035d7100|Timestamp 240353407493705|Src n/a
[engine] opt done   id=969   ProtosRootNode@7ecd1316                            |Tier 1|Time    20(   9+11  )ms|AST    2|Inlined   0Y   0N|IR    591/  1658|CodeSize    7561|Addr 0x7fd3031449a0|Timestamp 240353616264744|Src n/a
[engine] opt done   id=970   ProtosRootNode@67b6c8ba                            |Tier 1|Time  2072( 131+1941)ms|AST   21|Inlined   0Y   0N|IR  20851/ 81773|CodeSize  436754|Addr 0x7fd30315aba0|Timestamp 240355688969697|Src n/a
[engine] opt done   id=965   ProtosRootNode@18c6fe68                            |Tier 1|Time    15(   5+10  )ms|AST    2|Inlined   0Y   0N|IR    888/  1275|CodeSize    5532|Addr 0x7fd3035d3160|Timestamp 240355757205391|Src n/a
[engine] opt done   id=966   ProtosRootNode@3e336571                            |Tier 1|Time   662(  59+603 )ms|AST   11|Inlined   0Y   0N|IR  10711/ 39220|CodeSize  206041|Addr 0x7fd3032081c0|Timestamp 240356419524275|Src n/a
[engine] opt done   id=967   ProtosRootNode@3c58a9d5                            |Tier 1|Time    15(   5+10  )ms|AST    2|Inlined   0Y   0N|IR    888/  1275|CodeSize    5532|Addr 0x7fd3036c1ee0|Timestamp 240356453867967|Src n/a
[engine] opt done   id=968   ProtosRootNode@73d616fb                            |Tier 1|Time  1887( 130+1757)ms|AST   20|Inlined   0Y   0N|IR  20353/ 75041|CodeSize  397465|Addr 0x7fd303724840|Timestamp 240358341293893|Src n/a
[engine] opt done   id=969   ProtosRootNode@7ecd1316                            |Tier 2|Time    25(   4+20  )ms|AST    2|Inlined   0Y   0N|IR    518/  1448|CodeSize    7174|Addr 0x7fd3037bfc60|Timestamp 240358436568168|Src n/a
[engine] opt done   id=970   ProtosRootNode@67b6c8ba                            |Tier 2|Time  2233( 151+2082)ms|AST   21|Inlined   0Y   0N|IR  20778/ 68815|CodeSize  387532|Addr 0x7fd3037c7ba0|Timestamp 240360670580340|Src n/a
[engine] opt done   id=965   ProtosRootNode@18c6fe68                            |Tier 2|Time    18(   5+13  )ms|AST    2|Inlined   0Y   0N|IR    815/   944|CodeSize    4429|Addr 0x7fd30371c300|Timestamp 240360762810101|Src n/a
[engine] opt done   id=966   ProtosRootNode@3e336571                            |Tier 2|Time   771(  61+710 )ms|AST   11|Inlined   0Y   0N|IR  10638/ 32814|CodeSize  176872|Addr 0x7fd303ee74e0|Timestamp 240361533995737|Src n/a
[engine] opt done   id=967   ProtosRootNode@3c58a9d5                            |Tier 2|Time    17(   4+13  )ms|AST    2|Inlined   0Y   0N|IR    815/   944|CodeSize    4429|Addr 0x7fd303935280|Timestamp 240361582311031|Src n/a
[engine] opt done   id=968   ProtosRootNode@73d616fb                            |Tier 2|Time  1907( 146+1761)ms|AST   20|Inlined   0Y   0N|IR  20280/ 62658|CodeSize  342484|Addr 0x7fd3038adf00|Timestamp 240363489684140|Src n/a
[engine] opt done   id=971   ProtosRootNode@4c1d8156                            |Tier 1|Time    43(   8+35  )ms|AST    2|Inlined   0Y   0N|IR    888/  2671|CodeSize   13140|Addr 0x7fd30392ea40|Timestamp 240363587552879|Src n/a
[engine] opt failed id=972   ProtosRootNode@5f57e9b0                            |Tier 1|Time   45(-240363588+240363633)ms|Reason: jdk.graal.compiler.truffle.GraphTooBigBailoutException: Graph too big to safely compile. Node count: 50681. Graph Size: 150026. Limit: 150000.|Timestamp 240363632925128|Src n/a
[engine] opt failed id=972   ProtosRootNode@5f57e9b0                            |Tier 1|Time   44(-240363640+240363684)ms|Reason: jdk.graal.compiler.truffle.GraphTooBigBailoutException: Graph too big to safely compile. Node count: 50681. Graph Size: 150026. Limit: 150000.|Timestamp 240363683833606|Src n/a
[engine] opt done   id=959   ProtosRootNode@7a978d93                            |Tier 1|Time    15(   5+10  )ms|AST    2|Inlined   0Y   0N|IR    888/  1275|CodeSize    5532|Addr 0x7fd304093ee0|Timestamp 240363699149729|Src n/a
[engine] opt done   id=960   ProtosRootNode@3504a8f5                            |Tier 1|Time   199(  22+177 )ms|AST    7|Inlined   0Y   0N|IR   4642/ 17482|CodeSize   90120|Addr 0x7fd303938d80|Timestamp 240363898648093|Src n/a
[engine] opt done   id=101   ProtosRootNode@7caabe0b                            |Tier 2|Time    21(   4+17  )ms|AST    2|Inlined   0Y   0N|IR    518/  1448|CodeSize    7174|Addr 0x7fd303b08a60|Timestamp 240364100691791|Src n/a
[engine] opt done   id=102   ProtosRootNode@5779d363                            |Tier 2|Time   590(  53+537 )ms|AST    9|Inlined   0Y   0N|IR   7883/ 27025|CodeSize  148759|Addr 0x7fd303870d00|Timestamp 240364691113651|Src n/a
[engine] opt done   id=99    ProtosRootNode@7e9a3e4e                            |Tier 2|Time    33(   6+28  )ms|AST    2|Inlined   0Y   0N|IR    815/   944|CodeSize    4429|Addr 0x7fd30496b280|Timestamp 240364727328216|Src n/a
[engine] opt done   id=100   ProtosRootNode@72234321                            |Tier 2|Time   999(  86+913 )ms|AST   13|Inlined   0Y   0N|IR  12831/ 40881|CodeSize  225171|Addr 0x7fd303f5f680|Timestamp 240365727243299|Src n/a
[engine] opt done   id=105   ProtosRootNode@74ef0f76                            |Tier 2|Time    18(   5+13  )ms|AST    2|Inlined   0Y   0N|IR    815/   944|CodeSize    4429|Addr 0x7fd3044c5000|Timestamp 240365777509165|Src n/a
[engine] opt done   id=106   ProtosRootNode@378d731e                            |Tier 2|Time   414(  31+382 )ms|AST    9|Inlined   0Y   0N|IR   6414/ 19828|CodeSize  105112|Addr 0x7fd303f34ba0|Timestamp 240366191489456|Src n/a
[engine] opt done   id=1060  ProtosRootNode@51998122                            |Tier 1|Time    25(   8+17  )ms|AST    2|Inlined   0Y   0N|IR    591/  1658|CodeSize    7561|Addr 0x7fd303612aa0|Timestamp 240366230108244|Src n/a
[engine] opt done   id=1061  ProtosRootNode@47b718cb                            |Tier 1|Time  2276( 181+2095)ms|AST   21|Inlined   0Y   0N|IR  20851/ 81773|CodeSize  436754|Addr 0x7fd30361cf20|Timestamp 240368506087477|Src n/a
[engine] opt done   id=1056  ProtosRootNode@668f71bb                            |Tier 1|Time    15(   4+11  )ms|AST    2|Inlined   0Y   0N|IR    888/  1275|CodeSize    5532|Addr 0x7fd303ca71e0|Timestamp 240368550571825|Src n/a
[engine] opt done   id=1057  ProtosRootNode@11529ec6                            |Tier 1|Time   735(  63+672 )ms|AST   11|Inlined   0Y   0N|IR  10711/ 39220|CodeSize  206041|Addr 0x7fd3036cb7c0|Timestamp 240369285941713|Src n/a
[engine] opt done   id=1058  ProtosRootNode@2a8aa906                            |Tier 1|Time    15(   5+10  )ms|AST    2|Inlined   0Y   0N|IR    888/  1275|CodeSize    5532|Addr 0x7fd303fe5660|Timestamp 240369301696797|Src n/a
[engine] opt done   id=1059  ProtosRootNode@4f1662b3                            |Tier 1|Time  2092( 177+1915)ms|AST   20|Inlined   0Y   0N|IR  20353/ 75041|CodeSize  397465|Addr 0x7fd303cbb1c0|Timestamp 240371394035026|Src n/a
[engine] opt done   id=1060  ProtosRootNode@51998122                            |Tier 2|Time    21(   4+17  )ms|AST    2|Inlined   0Y   0N|IR    518/  1448|CodeSize    7174|Addr 0x7fd30431fb60|Timestamp 240371483381912|Src n/a
[engine] opt done   id=1061  ProtosRootNode@47b718cb                            |Tier 2|Time  2219( 151+2068)ms|AST   21|Inlined   0Y   0N|IR  20778/ 68815|CodeSize  387532|Addr 0x7fd303b109a0|Timestamp 240373702698290|Src n/a
[engine] opt done   id=1056  ProtosRootNode@668f71bb                            |Tier 2|Time    25(   4+21  )ms|AST    2|Inlined   0Y   0N|IR    815/   944|CodeSize    4429|Addr 0x7fd303f31780|Timestamp 240373776430952|Src n/a
[engine] opt done   id=1057  ProtosRootNode@11529ec6                            |Tier 2|Time   763(  66+697 )ms|AST   11|Inlined   0Y   0N|IR  10638/ 32814|CodeSize  176872|Addr 0x7fd304225860|Timestamp 240374539497220|Src n/a
[engine] opt done   id=1058  ProtosRootNode@2a8aa906                            |Tier 2|Time    25(   4+20  )ms|AST    2|Inlined   0Y   0N|IR    815/   944|CodeSize    4429|Addr 0x7fd304221800|Timestamp 240374567630752|Src n/a
[engine] opt done   id=1059  ProtosRootNode@4f1662b3                            |Tier 2|Time  1942( 156+1785)ms|AST   20|Inlined   0Y   0N|IR  20280/ 62658|CodeSize  342484|Addr 0x7fd304c24b00|Timestamp 240376509810576|Src n/a
[engine] opt done   id=1062  ProtosRootNode@25365cf9                            |Tier 1|Time    44(   9+34  )ms|AST    2|Inlined   0Y   0N|IR    888/  2671|CodeSize   13140|Addr 0x7fd303fb4240|Timestamp 240376575167775|Src n/a
[engine] opt failed id=1063  ProtosRootNode@56f6a123                            |Tier 1|Time   44(-240376575+240376620)ms|Reason: jdk.graal.compiler.truffle.GraphTooBigBailoutException: Graph too big to safely compile. Node count: 50681. Graph Size: 150026. Limit: 150000.|Timestamp 240376619821733|Src n/a
[engine] opt failed id=1063  ProtosRootNode@56f6a123                            |Tier 1|Time   45(-240376620+240376665)ms|Reason: jdk.graal.compiler.truffle.GraphTooBigBailoutException: Graph too big to safely compile. Node count: 50681. Graph Size: 150026. Limit: 150000.|Timestamp 240376665124441|Src n/a
[engine] opt done   id=1050  ProtosRootNode@26433d9d                            |Tier 1|Time    15(   5+10  )ms|AST    2|Inlined   0Y   0N|IR    888/  1275|CodeSize    5532|Addr 0x7fd304c1e8e0|Timestamp 240376692583423|Src n/a
[engine] opt done   id=1051  ProtosRootNode@353fec2a                            |Tier 1|Time   205(  22+182 )ms|AST    7|Inlined   0Y   0N|IR   4642/ 17482|CodeSize   90120|Addr 0x7fd304637100|Timestamp 240376897680183|Src n/a
[engine] opt done   id=1151  ProtosRootNode@1b218c7b                            |Tier 1|Time    28(   7+21  )ms|AST    2|Inlined   0Y   0N|IR    591/  1658|CodeSize    7561|Addr 0x7fd3046314a0|Timestamp 240377103543795|Src n/a
[engine] opt done   id=1152  ProtosRootNode@435a456b                            |Tier 1|Time  2167( 156+2011)ms|AST   21|Inlined   0Y   0N|IR  20851/ 81773|CodeSize  436754|Addr 0x7fd303fef3a0|Timestamp 240379273766231|Src n/a
[engine] opt done   id=1147  ProtosRootNode@784dff96                            |Tier 1|Time    15(   4+11  )ms|AST    2|Inlined   0Y   0N|IR    888/  1275|CodeSize    5532|Addr 0x7fd304c1c0e0|Timestamp 240379313799081|Src n/a
[engine] opt done   id=1148  ProtosRootNode@27ffa692                            |Tier 1|Time   782(  94+688 )ms|AST   11|Inlined   0Y   0N|IR  10711/ 39220|CodeSize  206041|Addr 0x7fd3042a5fc0|Timestamp 240380097977378|Src n/a
[engine] opt done   id=1149  ProtosRootNode@30d279f0                            |Tier 1|Time    15(   4+10  )ms|AST    2|Inlined   0Y   0N|IR    888/  1275|CodeSize    5532|Addr 0x7fd30462cc60|Timestamp 240380131924049|Src n/a
[engine] opt done   id=1150  ProtosRootNode@77f5e053                            |Tier 1|Time  1846( 132+1714)ms|AST   20|Inlined   0Y   0N|IR  20353/ 75041|CodeSize  397465|Addr 0x7fd304672740|Timestamp 240381978265630|Src n/a
[engine] opt done   id=1151  ProtosRootNode@1b218c7b                            |Tier 2|Time    20(   4+16  )ms|AST    2|Inlined   0Y   0N|IR    518/  1448|CodeSize    7174|Addr 0x7fd303cb2760|Timestamp 240382065311802|Src n/a
[engine] opt done   id=1152  ProtosRootNode@435a456b                            |Tier 2|Time  1992( 130+1862)ms|AST   21|Inlined   0Y   0N|IR  20778/ 68815|CodeSize  387532|Addr 0x7fd304191920|Timestamp 240384057995652|Src n/a
[engine] opt done   id=1147  ProtosRootNode@784dff96                            |Tier 2|Time    18(   4+14  )ms|AST    2|Inlined   0Y   0N|IR    815/   944|CodeSize    4429|Addr 0x7fd303cb0500|Timestamp 240384149551020|Src n/a
[engine] opt done   id=1148  ProtosRootNode@27ffa692                            |Tier 2|Time   798(  62+736 )ms|AST   11|Inlined   0Y   0N|IR  10638/ 32814|CodeSize  176872|Addr 0x7fd303baaf60|Timestamp 240384948491226|Src n/a
[engine] opt done   id=1149  ProtosRootNode@30d279f0                            |Tier 2|Time    26(   4+22  )ms|AST    2|Inlined   0Y   0N|IR    815/   944|CodeSize    4429|Addr 0x7fd303ba6f00|Timestamp 240384978087650|Src n/a
[engine] opt done   id=1150  ProtosRootNode@77f5e053                            |Tier 2|Time  1879( 152+1727)ms|AST   20|Inlined   0Y   0N|IR  20280/ 62658|CodeSize  342484|Addr 0x7fd3044de880|Timestamp 240386857286465|Src n/a
[engine] opt done   id=1153  ProtosRootNode@378dfd81                            |Tier 1|Time    22(   5+18  )ms|AST    2|Inlined   0Y   0N|IR    888/  2671|CodeSize   13140|Addr 0x7fd303caa940|Timestamp 240386900749151|Src n/a
[engine] opt failed id=1154  ProtosRootNode@13edf071                            |Tier 1|Time   44(-240386901+240386946)ms|Reason: jdk.graal.compiler.truffle.GraphTooBigBailoutException: Graph too big to safely compile. Node count: 50681. Graph Size: 150026. Limit: 150000.|Timestamp 240386945563318|Src n/a
[engine] opt failed id=1154  ProtosRootNode@13edf071                            |Tier 1|Time   44(-240386959+240387003)ms|Reason: jdk.graal.compiler.truffle.GraphTooBigBailoutException: Graph too big to safely compile. Node count: 50681. Graph Size: 150026. Limit: 150000.|Timestamp 240387004310017|Src n/a
[engine] opt done   id=1141  ProtosRootNode@29360162                            |Tier 1|Time    22(   8+13  )ms|AST    2|Inlined   0Y   0N|IR    888/  1275|CodeSize    5532|Addr 0x7fd30386cb60|Timestamp 240387026369870|Src n/a
[engine] opt done   id=1142  ProtosRootNode@39865963                            |Tier 1|Time   206(  26+180 )ms|AST    7|Inlined   0Y   0N|IR   4642/ 17482|CodeSize   90120|Addr 0x7fd304970580|Timestamp 240387232662051|Src n/a
[engine] opt done   id=1242  ProtosRootNode@76fb0afe                            |Tier 1|Time    31(   7+24  )ms|AST    2|Inlined   0Y   0N|IR    591/  1658|CodeSize    7561|Addr 0x7fd3038694a0|Timestamp 240387440274694|Src n/a
[engine] opt done   id=1243  ProtosRootNode@c648468                             |Tier 1|Time  2610( 377+2233)ms|AST   21|Inlined   0Y   0N|IR  20851/ 81773|CodeSize  436754|Addr 0x7fd303bfd220|Timestamp 240390052038839|Src n/a
[engine] opt done   id=1238  ProtosRootNode@ce41e1                              |Tier 1|Time    15(   5+10  )ms|AST    2|Inlined   0Y   0N|IR    888/  1275|CodeSize    5532|Addr 0x7fd303bf53e0|Timestamp 240390093622442|Src n/a
[engine] opt done   id=1239  ProtosRootNode@565ae9ff                            |Tier 1|Time   663(  61+602 )ms|AST   11|Inlined   0Y   0N|IR  10711/ 39220|CodeSize  206041|Addr 0x7fd303e946c0|Timestamp 240390757327211|Src n/a
[engine] opt done   id=1240  ProtosRootNode@1061efcd                            |Tier 1|Time    15(   5+10  )ms|AST    2|Inlined   0Y   0N|IR    888/  1275|CodeSize    5532|Addr 0x7fd303bf2be0|Timestamp 240390791249862|Src n/a
[engine] opt done   id=1241  ProtosRootNode@e29cb4e                             |Tier 1|Time  1866( 139+1728)ms|AST   20|Inlined   0Y   0N|IR  20353/ 75041|CodeSize  397465|Addr 0x7fd3045918c0|Timestamp 240392659623473|Src n/a
[engine] opt done   id=1242  ProtosRootNode@76fb0afe                            |Tier 2|Time    20(   4+17  )ms|AST    2|Inlined   0Y   0N|IR    518/  1448|CodeSize    7174|Addr 0x7fd303865f60|Timestamp 240392748288886|Src n/a
[engine] opt done   id=1243  ProtosRootNode@c648468                             |Tier 2|Time  1957( 134+1823)ms|AST   21|Inlined   0Y   0N|IR  20778/ 68815|CodeSize  387532|Addr 0x7fd3048088a0|Timestamp 240394706007949|Src n/a
[engine] opt done   id=1238  ProtosRootNode@ce41e1                              |Tier 2|Time    17(   4+13  )ms|AST    2|Inlined   0Y   0N|IR    815/   944|CodeSize    4429|Addr 0x7fd303bf0780|Timestamp 240394791704518|Src n/a
[engine] opt done   id=1239  ProtosRootNode@565ae9ff                            |Tier 2|Time   769(  65+704 )ms|AST   11|Inlined   0Y   0N|IR  10638/ 32814|CodeSize  176872|Addr 0x7fd303e4e960|Timestamp 240395561195303|Src n/a
[engine] opt done   id=1240  ProtosRootNode@1061efcd                            |Tier 2|Time    26(   4+22  )ms|AST    2|Inlined   0Y   0N|IR    815/   944|CodeSize    4429|Addr 0x7fd303863d00|Timestamp 240395591387389|Src n/a
[engine] opt done   id=1241  ProtosRootNode@e29cb4e                             |Tier 2|Time  1842( 156+1686)ms|AST   20|Inlined   0Y   0N|IR  20280/ 62658|CodeSize  342484|Addr 0x7fd3048e9300|Timestamp 240397434008625|Src n/a
[engine] opt done   id=1244  ProtosRootNode@3df30032                            |Tier 1|Time    22(   4+18  )ms|AST    2|Inlined   0Y   0N|IR    888/  2671|CodeSize   13140|Addr 0x7fd3046675c0|Timestamp 240397504342050|Src n/a
[engine] opt failed id=1245  ProtosRootNode@3493baba                            |Tier 1|Time   45(-240397505+240397549)ms|Reason: jdk.graal.compiler.truffle.GraphTooBigBailoutException: Graph too big to safely compile. Node count: 50681. Graph Size: 150026. Limit: 150000.|Timestamp 240397549460358|Src n/a
[engine] opt failed id=1245  ProtosRootNode@3493baba                            |Tier 1|Time   44(-240397557+240397601)ms|Reason: jdk.graal.compiler.truffle.GraphTooBigBailoutException: Graph too big to safely compile. Node count: 50681. Graph Size: 150026. Limit: 150000.|Timestamp 240397601271186|Src n/a
[engine] opt done   id=1232  ProtosRootNode@5cc4979b                            |Tier 1|Time    15(   5+10  )ms|AST    2|Inlined   0Y   0N|IR    888/  1275|CodeSize    5532|Addr 0x7fd303861560|Timestamp 240397616707779|Src n/a
[engine] opt done   id=1233  ProtosRootNode@3d026f5                             |Tier 1|Time   202(  22+180 )ms|AST    7|Inlined   0Y   0N|IR   4642/ 17482|CodeSize   90120|Addr 0x7fd303fbe580|Timestamp 240397819115813|Src n/a
[engine] opt done   id=1333  ProtosRootNode@5a5f19b6                            |Tier 1|Time    15(   4+11  )ms|AST    2|Inlined   0Y   0N|IR    591/  1658|CodeSize    7561|Addr 0x7fd304800ea0|Timestamp 240398011382701|Src n/a
[engine] opt done   id=1334  ProtosRootNode@4c616d71                            |Tier 1|Time  2173( 155+2018)ms|AST   21|Inlined   0Y   0N|IR  20851/ 81773|CodeSize  436754|Addr 0x7fd303da6ca0|Timestamp 240400184978080|Src n/a
[engine] opt done   id=1329  ProtosRootNode@16a41964                            |Tier 1|Time    15(   5+10  )ms|AST    2|Inlined   0Y   0N|IR    888/  1275|CodeSize    5532|Addr 0x7fd303fbad60|Timestamp 240400243950529|Src n/a
[engine] opt done   id=1330  ProtosRootNode@3650f9af                            |Tier 1|Time   657(  66+591 )ms|AST   11|Inlined   0Y   0N|IR  10711/ 39220|CodeSize  206041|Addr 0x7fd3047ae440|Timestamp 240400902793446|Src n/a
[engine] opt done   id=1331  ProtosRootNode@598b230                             |Tier 1|Time    14(   4+10  )ms|AST    2|Inlined   0Y   0N|IR    888/  1275|CodeSize    5532|Addr 0x7fd304664be0|Timestamp 240400937561908|Src n/a
[engine] opt done   id=1332  ProtosRootNode@15960d0b                            |Tier 1|Time  1851( 127+1724)ms|AST   20|Inlined   0Y   0N|IR  20353/ 75041|CodeSize  397465|Addr 0x7fd304713140|Timestamp 240402790378763|Src n/a
[engine] opt done   id=1333  ProtosRootNode@5a5f19b6                            |Tier 2|Time    21(   4+17  )ms|AST    2|Inlined   0Y   0N|IR    518/  1448|CodeSize    7174|Addr 0x7fd3046616e0|Timestamp 240402875722111|Src n/a
[engine] opt done   id=1334  ProtosRootNode@4c616d71                            |Tier 2|Time  2059( 133+1926)ms|AST   21|Inlined   0Y   0N|IR  20778/ 68815|CodeSize  387532|Addr 0x7fd3040fd7a0|Timestamp 240404934647711|Src n/a
[engine] opt done   id=1329  ProtosRootNode@16a41964                            |Tier 2|Time    18(   4+13  )ms|AST    2|Inlined   0Y   0N|IR    815/   944|CodeSize    4429|Addr 0x7fd30470ba00|Timestamp 240405011467666|Src n/a
[engine] opt done   id=1330  ProtosRootNode@3650f9af                            |Tier 2|Time   768(  67+701 )ms|AST   11|Inlined   0Y   0N|IR  10638/ 32814|CodeSize  176872|Addr 0x7fd304bd7be0|Timestamp 240405779363655|Src n/a
[engine] opt done   id=1331  ProtosRootNode@598b230                             |Tier 2|Time    24(   5+20  )ms|AST    2|Inlined   0Y   0N|IR    815/   944|CodeSize    4429|Addr 0x7fd304bd3b80|Timestamp 240405807561927|Src n/a
[engine] opt done   id=1332  ProtosRootNode@15960d0b                            |Tier 2|Time  1885( 145+1740)ms|AST   20|Inlined   0Y   0N|IR  20280/ 62658|CodeSize  342484|Addr 0x7fd304a19a00|Timestamp 240407692866144|Src n/a
[engine] opt done   id=1335  ProtosRootNode@54acae9e                            |Tier 1|Time    23(   5+18  )ms|AST    2|Inlined   0Y   0N|IR    888/  2671|CodeSize   13140|Addr 0x7fd30465b9c0|Timestamp 240407767270615|Src n/a
[engine] opt failed id=1336  ProtosRootNode@1cb2f0a6                            |Tier 1|Time   45(-240407768+240407813)ms|Reason: jdk.graal.compiler.truffle.GraphTooBigBailoutException: Graph too big to safely compile. Node count: 50681. Graph Size: 150026. Limit: 150000.|Timestamp 240407812811743|Src n/a
[engine] opt failed id=1336  ProtosRootNode@1cb2f0a6                            |Tier 1|Time   45(-240407819+240407864)ms|Reason: jdk.graal.compiler.truffle.GraphTooBigBailoutException: Graph too big to safely compile. Node count: 50681. Graph Size: 150026. Limit: 150000.|Timestamp 240407864065400|Src n/a
[engine] opt done   id=1323  ProtosRootNode@3964d46c                            |Tier 1|Time    15(   5+10  )ms|AST    2|Inlined   0Y   0N|IR    888/  1275|CodeSize    5532|Addr 0x7fd3044d8660|Timestamp 240407883130028|Src n/a
[engine] opt done   id=1324  ProtosRootNode@1574c913                            |Tier 1|Time   228(  25+202 )ms|AST    7|Inlined   0Y   0N|IR   4642/ 17482|CodeSize   90120|Addr 0x7fd3042f9e80|Timestamp 240408111205989|Src n/a
[engine] opt done   id=1424  ProtosRootNode@3a09ee0c                            |Tier 1|Time    32(   8+24  )ms|AST    2|Inlined   0Y   0N|IR    591/  1658|CodeSize    7561|Addr 0x7fd3044d4fa0|Timestamp 240408339974411|Src n/a
[engine] opt done   id=1425  ProtosRootNode@1a3bf144                            |Tier 1|Time  2227( 154+2073)ms|AST   21|Inlined   0Y   0N|IR  20851/ 81773|CodeSize  436754|Addr 0x7fd304b2b0a0|Timestamp 240410569147178|Src n/a
[engine] opt done   id=1420  ProtosRootNode@627c0aae                            |Tier 1|Time    15(   4+10  )ms|AST    2|Inlined   0Y   0N|IR    888/  1275|CodeSize    5532|Addr 0x7fd3042f6660|Timestamp 240410612957513|Src n/a
[engine] opt done   id=1421  ProtosRootNode@4c7bf882                            |Tier 1|Time   682(  62+619 )ms|AST   11|Inlined   0Y   0N|IR  10711/ 39220|CodeSize  206041|Addr 0x7fd3040a9240|Timestamp 240411295125191|Src n/a
[engine] opt done   id=1422  ProtosRootNode@5ed329c2                            |Tier 1|Time    15(   5+10  )ms|AST    2|Inlined   0Y   0N|IR    888/  1275|CodeSize    5532|Addr 0x7fd3044d2760|Timestamp 240411311458575|Src n/a
[engine] opt done   id=1423  ProtosRootNode@719f4b76                            |Tier 1|Time  1978( 166+1813)ms|AST   20|Inlined   0Y   0N|IR  20353/ 75041|CodeSize  397465|Addr 0x7fd30442af40|Timestamp 240413292019778|Src n/a
[engine] opt done   id=1424  ProtosRootNode@3a09ee0c                            |Tier 2|Time    20(   4+16  )ms|AST    2|Inlined   0Y   0N|IR    518/  1448|CodeSize    7174|Addr 0x7fd3044cf260|Timestamp 240413384479785|Src n/a
[engine] opt done   id=1425  ProtosRootNode@1a3bf144                            |Tier 2|Time  2090( 140+1950)ms|AST   21|Inlined   0Y   0N|IR  20778/ 68815|CodeSize  387532|Addr 0x7fd304395ea0|Timestamp 240415474789468|Src n/a
[engine] opt done   id=1420  ProtosRootNode@627c0aae                            |Tier 2|Time    17(   4+13  )ms|AST    2|Inlined   0Y   0N|IR    815/   944|CodeSize    4429|Addr 0x7fd304bd1a00|Timestamp 240415562109619|Src n/a
[engine] opt done   id=1421  ProtosRootNode@4c7bf882                            |Tier 2|Time   730(  59+671 )ms|AST   11|Inlined   0Y   0N|IR  10638/ 32814|CodeSize  176872|Addr 0x7fd303d5e260|Timestamp 240416292834756|Src n/a
[engine] opt done   id=1422  ProtosRootNode@5ed329c2                            |Tier 2|Time    23(   4+19  )ms|AST    2|Inlined   0Y   0N|IR    815/   944|CodeSize    4429|Addr 0x7fd303d5a200|Timestamp 240416319511396|Src n/a
[engine] opt done   id=1423  ProtosRootNode@719f4b76                            |Tier 2|Time  1835( 140+1695)ms|AST   20|Inlined   0Y   0N|IR  20280/ 62658|CodeSize  342484|Addr 0x7fd304aa5600|Timestamp 240418155060866|Src n/a
[engine] opt done   id=1426  ProtosRootNode@7eb7d65                             |Tier 1|Time    30(   5+25  )ms|AST    2|Inlined   0Y   0N|IR    888/  2671|CodeSize   13140|Addr 0x7fd3044c95c0|Timestamp 240418211315770|Src n/a
[engine] opt failed id=1427  ProtosRootNode@4d90361f                            |Tier 1|Time   51(-240418215+240418266)ms|Reason: jdk.graal.compiler.truffle.GraphTooBigBailoutException: Graph too big to safely compile. Node count: 50681. Graph Size: 150026. Limit: 150000.|Timestamp 240418265950781|Src n/a
[engine] opt failed id=1427  ProtosRootNode@4d90361f                            |Tier 1|Time   44(-240418266+240418310)ms|Reason: jdk.graal.compiler.truffle.GraphTooBigBailoutException: Graph too big to safely compile. Node count: 50681. Graph Size: 150026. Limit: 150000.|Timestamp 240418310110097|Src n/a
[engine] opt done   id=1414  ProtosRootNode@6cfebdd7                            |Tier 1|Time    15(   4+10  )ms|AST    2|Inlined   0Y   0N|IR    888/  1275|CodeSize    5532|Addr 0x7fd304a9f3e0|Timestamp 240418332933211|Src n/a
[engine] opt done   id=1415  ProtosRootNode@7440b89b                            |Tier 1|Time   201(  23+179 )ms|AST    7|Inlined   0Y   0N|IR   4642/ 17482|CodeSize   90120|Addr 0x7fd304caa180|Timestamp 240418536139193|Src n/a
[engine] opt done   id=1515  ProtosRootNode@16e5dd3d                            |Tier 1|Time    16(   5+11  )ms|AST    2|Inlined   0Y   0N|IR    591/  1658|CodeSize    7561|Addr 0x7fd304a9bd20|Timestamp 240418730650902|Src n/a
[engine] opt done   id=1516  ProtosRootNode@31bbeaee                            |Tier 1|Time  2079( 131+1948)ms|AST   21|Inlined   0Y   0N|IR  20851/ 81773|CodeSize  436754|Addr 0x7fd303a61e20|Timestamp 240420810078742|Src n/a
[engine] opt done   id=1511  ProtosRootNode@cf53957                             |Tier 1|Time    15(   4+10  )ms|AST    2|Inlined   0Y   0N|IR    888/  1275|CodeSize    5532|Addr 0x7fd304ca6960|Timestamp 240420861190947|Src n/a
[engine] opt done   id=1512  ProtosRootNode@7bda117d                            |Tier 1|Time   682(  61+621 )ms|AST   11|Inlined   0Y   0N|IR  10711/ 39220|CodeSize  206041|Addr 0x7fd304341940|Timestamp 240421543581431|Src n/a
[engine] opt done   id=1513  ProtosRootNode@48eb55b0                            |Tier 1|Time    15(   5+10  )ms|AST    2|Inlined   0Y   0N|IR    888/  1275|CodeSize    5532|Addr 0x7fd3040a40e0|Timestamp 240421558860644|Src n/a
[engine] opt done   id=1514  ProtosRootNode@379e6ca4                            |Tier 1|Time  2008( 208+1801)ms|AST   20|Inlined   0Y   0N|IR  20353/ 75041|CodeSize  397465|Addr 0x7fd3039c3e40|Timestamp 240423567326104|Src n/a
[engine] opt done   id=1515  ProtosRootNode@16e5dd3d                            |Tier 2|Time    20(   4+16  )ms|AST    2|Inlined   0Y   0N|IR    518/  1448|CodeSize    7174|Addr 0x7fd3040a0be0|Timestamp 240423708416293|Src n/a
[engine] opt done   id=1516  ProtosRootNode@31bbeaee                            |Tier 2|Time  2177( 200+1977)ms|AST   21|Inlined   0Y   0N|IR  20778/ 68815|CodeSize  387532|Addr 0x7fd304dd8aa0|Timestamp 240425886824853|Src n/a
[engine] opt done   id=1511  ProtosRootNode@cf53957                             |Tier 2|Time    17(   4+13  )ms|AST    2|Inlined   0Y   0N|IR    815/   944|CodeSize    4429|Addr 0x7fd303d58080|Timestamp 240425958531139|Src n/a
[engine] opt done   id=1512  ProtosRootNode@7bda117d                            |Tier 2|Time   697(  59+639 )ms|AST   11|Inlined   0Y   0N|IR  10638/ 32814|CodeSize  176872|Addr 0x7fd3048a24e0|Timestamp 240426656479834|Src n/a
[engine] opt done   id=1513  ProtosRootNode@48eb55b0                            |Tier 2|Time    31(   8+24  )ms|AST    2|Inlined   0Y   0N|IR    815/   944|CodeSize    4429|Addr 0x7fd30489e480|Timestamp 240426696754743|Src n/a
[engine] opt done   id=1514  ProtosRootNode@379e6ca4                            |Tier 2|Time  1740( 126+1614)ms|AST   20|Inlined   0Y   0N|IR  20280/ 62658|CodeSize  342484|Addr 0x7fd304e6c000|Timestamp 240428436859520|Src n/a
[engine] opt done   id=1517  ProtosRootNode@42758704                            |Tier 1|Time    23(   5+18  )ms|AST    2|Inlined   0Y   0N|IR    888/  2671|CodeSize   13140|Addr 0x7fd3048988c0|Timestamp 240428518490971|Src n/a
[engine] opt failed id=1518  ProtosRootNode@3402b42c                            |Tier 1|Time   45(-240428519+240428563)ms|Reason: jdk.graal.compiler.truffle.GraphTooBigBailoutException: Graph too big to safely compile. Node count: 50681. Graph Size: 150026. Limit: 150000.|Timestamp 240428563508608|Src n/a
[engine] opt failed id=1518  ProtosRootNode@3402b42c                            |Tier 1|Time   44(-240428573+240428616)ms|Reason: jdk.graal.compiler.truffle.GraphTooBigBailoutException: Graph too big to safely compile. Node count: 50681. Graph Size: 150026. Limit: 150000.|Timestamp 240428616245606|Src n/a
[engine] opt done   id=1505  ProtosRootNode@1028cab                             |Tier 1|Time    14(   5+10  )ms|AST    2|Inlined   0Y   0N|IR    888/  1275|CodeSize    5532|Addr 0x7fd30409e360|Timestamp 240428630860637|Src n/a
[engine] opt done   id=1506  ProtosRootNode@76e0b44d                            |Tier 1|Time   216(  26+190 )ms|AST    7|Inlined   0Y   0N|IR   4642/ 17482|CodeSize   90120|Addr 0x7fd304568a00|Timestamp 240428847067267|Src n/a
[engine] opt done   id=1606  ProtosRootNode@76b2e64                             |Tier 1|Time    31(   7+24  )ms|AST    2|Inlined   0Y   0N|IR    591/  1658|CodeSize    7561|Addr 0x7fd30409aca0|Timestamp 240429060029882|Src n/a
[engine] opt done   id=1607  ProtosRootNode@53a07398                            |Tier 1|Time  2179( 203+1976)ms|AST   21|Inlined   0Y   0N|IR  20851/ 81773|CodeSize  436754|Addr 0x7fd304ef1aa0|Timestamp 240431241116949|Src n/a
[engine] opt done   id=1602  ProtosRootNode@4fb5de14                            |Tier 1|Time    15(   5+10  )ms|AST    2|Inlined   0Y   0N|IR    888/  1275|CodeSize    5532|Addr 0x7fd3045651e0|Timestamp 240431284878963|Src n/a
[engine] opt done   id=1603  ProtosRootNode@54e92f56                            |Tier 1|Time   702(  62+640 )ms|AST   11|Inlined   0Y   0N|IR  10711/ 39220|CodeSize  206041|Addr 0x7fd30396e6c0|Timestamp 240431987667902|Src n/a
[engine] opt done   id=1604  ProtosRootNode@1794f9b4                            |Tier 1|Time    14(   4+9   )ms|AST    2|Inlined   0Y   0N|IR    888/  1275|CodeSize    5532|Addr 0x7fd3045629e0|Timestamp 240432002707484|Src n/a
[engine] opt done   id=1605  ProtosRootNode@41b0a8a7                            |Tier 1|Time  2185( 171+2015)ms|AST   20|Inlined   0Y   0N|IR  20353/ 75041|CodeSize  397465|Addr 0x7fd304f9b3c0|Timestamp 240434188369514|Src n/a
[engine] opt done   id=1606  ProtosRootNode@76b2e64                             |Tier 2|Time    20(   4+17  )ms|AST    2|Inlined   0Y   0N|IR    518/  1448|CodeSize    7174|Addr 0x7fd303968860|Timestamp 240434330934994|Src n/a
[engine] opt done   id=1607  ProtosRootNode@53a07398                            |Tier 2|Time  1960( 145+1815)ms|AST   21|Inlined   0Y   0N|IR  20778/ 68815|CodeSize  387532|Addr 0x7fd3050380a0|Timestamp 240436292065839|Src n/a
[engine] opt done   id=1602  ProtosRootNode@4fb5de14                            |Tier 2|Time    18(   4+13  )ms|AST    2|Inlined   0Y   0N|IR    815/   944|CodeSize    4429|Addr 0x7fd303966600|Timestamp 240436374661751|Src n/a
[engine] opt done   id=1603  ProtosRootNode@54e92f56                            |Tier 2|Time   746(  60+686 )ms|AST   11|Inlined   0Y   0N|IR  10638/ 32814|CodeSize  176872|Addr 0x7fd3049d2be0|Timestamp 240437121007931|Src n/a
[engine] opt done   id=1604  ProtosRootNode@1794f9b4                            |Tier 2|Time    23(   4+19  )ms|AST    2|Inlined   0Y   0N|IR    815/   944|CodeSize    4429|Addr 0x7fd303964480|Timestamp 240437147360030|Src n/a
[engine] opt done   id=1605  ProtosRootNode@41b0a8a7                            |Tier 2|Time  1970( 174+1796)ms|AST   20|Inlined   0Y   0N|IR  20280/ 62658|CodeSize  342484|Addr 0x7fd3050cb600|Timestamp 240439117654455|Src n/a
[engine] opt done   id=1608  ProtosRootNode@1cef9bd7                            |Tier 1|Time    23(   5+18  )ms|AST    2|Inlined   0Y   0N|IR    888/  2671|CodeSize   13140|Addr 0x7fd3043393c0|Timestamp 240439189427401|Src n/a
[engine] opt failed id=1609  ProtosRootNode@3647e4b4                            |Tier 1|Time   44(-240439190+240439233)ms|Reason: jdk.graal.compiler.truffle.GraphTooBigBailoutException: Graph too big to safely compile. Node count: 50681. Graph Size: 150026. Limit: 150000.|Timestamp 240439233295275|Src n/a
[engine] opt failed id=1609  ProtosRootNode@3647e4b4                            |Tier 1|Time   56(-240439245+240439300)ms|Reason: jdk.graal.compiler.truffle.GraphTooBigBailoutException: Graph too big to safely compile. Node count: 50681. Graph Size: 150026. Limit: 150000.|Timestamp 240439300417234|Src n/a
[engine] opt done   id=1596  ProtosRootNode@13dd116                             |Tier 1|Time    14(   4+10  )ms|AST    2|Inlined   0Y   0N|IR    888/  1275|CodeSize    5532|Addr 0x7fd3043369e0|Timestamp 240439320182473|Src n/a
[engine] opt done   id=1597  ProtosRootNode@5f55ec67                            |Tier 1|Time   211(  24+187 )ms|AST    7|Inlined   0Y   0N|IR   4642/ 17482|CodeSize   90120|Addr 0x7fd30427fd00|Timestamp 240439531174004|Src n/a
[engine] opt done   id=1697  ProtosRootNode@ce36ef9                             |Tier 1|Time    35(   9+26  )ms|AST    2|Inlined   0Y   0N|IR    591/  1658|CodeSize    7561|Addr 0x7fd304333320|Timestamp 240439765545129|Src n/a
[engine] opt done   id=1698  ProtosRootNode@2a4a6ffa                            |Tier 1|Time  2442( 161+2281)ms|AST   21|Inlined   0Y   0N|IR  20851/ 81773|CodeSize  436754|Addr 0x7fd3051510a0|Timestamp 240442209109327|Src n/a
[engine] opt done   id=1693  ProtosRootNode@4f250fbc                            |Tier 1|Time    15(   4+10  )ms|AST    2|Inlined   0Y   0N|IR    888/  1275|CodeSize    5532|Addr 0x7fd30432f960|Timestamp 240442252358271|Src n/a
[engine] opt done   id=1694  ProtosRootNode@6202e864                            |Tier 1|Time   746(  58+688 )ms|AST   11|Inlined   0Y   0N|IR  10711/ 39220|CodeSize  206041|Addr 0x7fd3051f7dc0|Timestamp 240442999106860|Src n/a
[engine] opt done   id=1695  ProtosRootNode@1e6279e8                            |Tier 1|Time    57(  45+12  )ms|AST    2|Inlined   0Y   0N|IR    888/  1275|CodeSize    5532|Addr 0x7fd3031ffe60|Timestamp 240443056446824|Src n/a
[engine] opt done   id=1696  ProtosRootNode@1f5d95c4                            |Tier 1|Time  2348( 165+2183)ms|AST   20|Inlined   0Y   0N|IR  20353/ 75041|CodeSize  397465|Addr 0x7fd30328ca40|Timestamp 240445405069728|Src n/a
[engine] opt done   id=1697  ProtosRootNode@ce36ef9                             |Tier 2|Time    23(   4+19  )ms|AST    2|Inlined   0Y   0N|IR    518/  1448|CodeSize    7174|Addr 0x7fd3033375e0|Timestamp 240445504390904|Src n/a
[engine] opt done   id=1698  ProtosRootNode@2a4a6ffa                            |Tier 2|Time  2132( 180+1952)ms|AST   21|Inlined   0Y   0N|IR  20778/ 68815|CodeSize  387532|Addr 0x7fd303343520|Timestamp 240447636403306|Src n/a
[engine] opt done   id=1693  ProtosRootNode@4f250fbc                            |Tier 2|Time    19(   6+13  )ms|AST    2|Inlined   0Y   0N|IR    815/   944|CodeSize    4429|Addr 0x7fd30371c300|Timestamp 240447726263967|Src n/a
[engine] opt done   id=1694  ProtosRootNode@6202e864                            |Tier 2|Time   750(  64+686 )ms|AST   11|Inlined   0Y   0N|IR  10638/ 32814|CodeSize  176872|Addr 0x7fd3033ebde0|Timestamp 240448476793789|Src n/a
[engine] opt done   id=1695  ProtosRootNode@1e6279e8                            |Tier 2|Time    26(   4+22  )ms|AST    2|Inlined   0Y   0N|IR    815/   944|CodeSize    4429|Addr 0x7fd30385c700|Timestamp 240448507731015|Src n/a
[engine] opt done   id=1696  ProtosRootNode@1f5d95c4                            |Tier 2|Time  2732( 229+2502)ms|AST   20|Inlined   0Y   0N|IR  20280/ 62658|CodeSize  342484|Addr 0x7fd30345f700|Timestamp 240451239809963|Src n/a
[engine] opt done   id=1699  ProtosRootNode@e219ae6                             |Tier 1|Time    37(   8+29  )ms|AST    2|Inlined   0Y   0N|IR    888/  2671|CodeSize   13140|Addr 0x7fd3035c9fc0|Timestamp 240451353882340|Src n/a
[engine] opt failed id=1700  ProtosRootNode@345748ed                            |Tier 1|Time   82(-240451356+240451439)ms|Reason: jdk.graal.compiler.truffle.GraphTooBigBailoutException: Graph too big to safely compile. Node count: 50681. Graph Size: 150026. Limit: 150000.|Timestamp 240451438862484|Src n/a
[engine] opt failed id=1700  ProtosRootNode@345748ed                            |Tier 1|Time   83(-240451450+240451533)ms|Reason: jdk.graal.compiler.truffle.GraphTooBigBailoutException: Graph too big to safely compile. Node count: 50681. Graph Size: 150026. Limit: 150000.|Timestamp 240451532683352|Src n/a
[engine] opt done   id=1687  ProtosRootNode@4337f7db                            |Tier 1|Time    28(   7+21  )ms|AST    2|Inlined   0Y   0N|IR    888/  1275|CodeSize    5532|Addr 0x7fd3035d3160|Timestamp 240451561568974|Src n/a
[engine] opt done   id=1688  ProtosRootNode@56e30940                            |Tier 1|Time   344(  48+296 )ms|AST    7|Inlined   0Y   0N|IR   4642/ 17482|CodeSize   90120|Addr 0x7fd3035d7100|Timestamp 240451906366340|Src n/a
[engine] opt done   id=1788  ProtosRootNode@1fa4e51                             |Tier 1|Time    40(  12+28  )ms|AST    2|Inlined   0Y   0N|IR    591/  1658|CodeSize    7561|Addr 0x7fd3031449a0|Timestamp 240452200021110|Src n/a
[engine] opt done   id=1789  ProtosRootNode@1e74e4c8                            |Tier 1|Time  3159( 246+2914)ms|AST   21|Inlined   0Y   0N|IR  20851/ 81773|CodeSize  436754|Addr 0x7fd30315aba0|Timestamp 240455359968808|Src n/a
[engine] opt done   id=1784  ProtosRootNode@4f02cb19                            |Tier 1|Time    23(   8+15  )ms|AST    2|Inlined   0Y   0N|IR    888/  1275|CodeSize    5532|Addr 0x7fd3036c1ee0|Timestamp 240455469819109|Src n/a
[engine] opt done   id=1785  ProtosRootNode@23ec5a9                             |Tier 1|Time  1200(  92+1108)ms|AST   11|Inlined   0Y   0N|IR  10711/ 39220|CodeSize  206041|Addr 0x7fd3036cb7c0|Timestamp 240456670009785|Src n/a
[engine] opt done   id=1786  ProtosRootNode@2d5a390b                            |Tier 1|Time    25(   5+20  )ms|AST    2|Inlined   0Y   0N|IR    888/  1275|CodeSize    5532|Addr 0x7fd303ca71e0|Timestamp 240456696139613|Src n/a
[engine] opt done   id=1787  ProtosRootNode@1d271480                            |Tier 1|Time  2725( 211+2514)ms|AST   20|Inlined   0Y   0N|IR  20353/ 75041|CodeSize  397465|Addr 0x7fd303724840|Timestamp 240459422958380|Src n/a
[engine] opt done   id=1788  ProtosRootNode@1fa4e51                             |Tier 2|Time    26(   7+19  )ms|AST    2|Inlined   0Y   0N|IR    518/  1448|CodeSize    7174|Addr 0x7fd3037bfc60|Timestamp 240459537157797|Src n/a
[engine] opt done   id=1789  ProtosRootNode@1e74e4c8                            |Tier 2|Time  2821( 173+2648)ms|AST   21|Inlined   0Y   0N|IR  20778/ 68815|CodeSize  387532|Addr 0x7fd3037c7ba0|Timestamp 240462358050716|Src n/a
[engine] opt done   id=1784  ProtosRootNode@4f02cb19                            |Tier 2|Time    21(   4+17  )ms|AST    2|Inlined   0Y   0N|IR    815/   944|CodeSize    4429|Addr 0x7fd303f2c480|Timestamp 240462447908317|Src n/a
[engine] opt done   id=1785  ProtosRootNode@23ec5a9                             |Tier 2|Time   956(  78+878 )ms|AST   11|Inlined   0Y   0N|IR  10638/ 32814|CodeSize  176872|Addr 0x7fd303ee74e0|Timestamp 240463404898413|Src n/a
[engine] opt done   id=1786  ProtosRootNode@2d5a390b                            |Tier 2|Time    26(   5+21  )ms|AST    2|Inlined   0Y   0N|IR    815/   944|CodeSize    4429|Addr 0x7fd303f31780|Timestamp 240463435598438|Src n/a
[engine] opt done   id=1787  ProtosRootNode@1d271480                            |Tier 2|Time  2383( 149+2234)ms|AST   20|Inlined   0Y   0N|IR  20280/ 62658|CodeSize  342484|Addr 0x7fd3038adf00|Timestamp 240465819095364|Src n/a
[engine] opt done   id=1790  ProtosRootNode@22f4e1eb                            |Tier 1|Time    34(   6+28  )ms|AST    2|Inlined   0Y   0N|IR    888/  2671|CodeSize   13140|Addr 0x7fd30392ea40|Timestamp 240465875777066|Src n/a
[engine] opt failed id=1791  ProtosRootNode@7a89dfed                            |Tier 1|Time   50(-240465876+240465926)ms|Reason: jdk.graal.compiler.truffle.GraphTooBigBailoutException: Graph too big to safely compile. Node count: 50681. Graph Size: 150026. Limit: 150000.|Timestamp 240465925788819|Src n/a
[engine] opt failed id=1791  ProtosRootNode@7a89dfed                            |Tier 1|Time   48(-240465926+240465974)ms|Reason: jdk.graal.compiler.truffle.GraphTooBigBailoutException: Graph too big to safely compile. Node count: 50681. Graph Size: 150026. Limit: 150000.|Timestamp 240465974543070|Src n/a
[engine] opt done   id=1778  ProtosRootNode@6d8ea0                              |Tier 1|Time    16(   4+11  )ms|AST    2|Inlined   0Y   0N|IR    888/  1275|CodeSize    5532|Addr 0x7fd303fe5660|Timestamp 240466004061543|Src n/a
[engine] opt done   id=1779  ProtosRootNode@48ccaf4d                            |Tier 1|Time   315(  32+282 )ms|AST    7|Inlined   0Y   0N|IR   4642/ 17482|CodeSize   90120|Addr 0x7fd303938d80|Timestamp 240466319282073|Src n/a
[engine] opt done   id=1879  ProtosRootNode@f0ac461                             |Tier 1|Time    84(   6+78  )ms|AST    2|Inlined   0Y   0N|IR    591/  1658|CodeSize    7561|Addr 0x7fd303612aa0|Timestamp 240466601832054|Src n/a
[engine] opt done   id=1880  ProtosRootNode@4e432af6                            |Tier 1|Time  2406( 206+2199)ms|AST   21|Inlined   0Y   0N|IR  20851/ 81773|CodeSize  436754|Addr 0x7fd30361cf20|Timestamp 240469008039058|Src n/a
[engine] opt done   id=1875  ProtosRootNode@51d29a93                            |Tier 1|Time    15(   5+11  )ms|AST    2|Inlined   0Y   0N|IR    888/  1275|CodeSize    5532|Addr 0x7fd304093ee0|Timestamp 240469069793068|Src n/a
[engine] opt done   id=1876  ProtosRootNode@775ac38c                            |Tier 1|Time   704(  69+635 )ms|AST   11|Inlined   0Y   0N|IR  10711/ 39220|CodeSize  206041|Addr 0x7fd30320b8c0|Timestamp 240469774103783|Src n/a
[engine] opt done   id=1877  ProtosRootNode@186706d0                            |Tier 1|Time    15(   4+10  )ms|AST    2|Inlined   0Y   0N|IR    888/  1275|CodeSize    5532|Addr 0x7fd30462cc60|Timestamp 240469808587343|Src n/a
[engine] opt done   id=1878  ProtosRootNode@6131d59a                            |Tier 1|Time  1962( 132+1830)ms|AST   20|Inlined   0Y   0N|IR  20353/ 75041|CodeSize  397465|Addr 0x7fd303cbb1c0|Timestamp 240471770976977|Src n/a
[engine] opt done   id=1879  ProtosRootNode@f0ac461                             |Tier 2|Time    20(   4+16  )ms|AST    2|Inlined   0Y   0N|IR    518/  1448|CodeSize    7174|Addr 0x7fd3032058e0|Timestamp 240471856022091|Src n/a
[engine] opt done   id=1880  ProtosRootNode@4e432af6                            |Tier 2|Time  2156( 134+2023)ms|AST   21|Inlined   0Y   0N|IR  20778/ 68815|CodeSize  387532|Addr 0x7fd303b109a0|Timestamp 240474012831165|Src n/a
[engine] opt done   id=1875  ProtosRootNode@51d29a93                            |Tier 2|Time    19(   4+14  )ms|AST    2|Inlined   0Y   0N|IR    815/   944|CodeSize    4429|Addr 0x7fd30332d000|Timestamp 240474098337330|Src n/a
[engine] opt done   id=1876  ProtosRootNode@775ac38c                            |Tier 2|Time   792(  76+715 )ms|AST   11|Inlined   0Y   0N|IR  10638/ 32814|CodeSize  176872|Addr 0x7fd303baaf60|Timestamp 240474890381320|Src n/a
[engine] opt done   id=1877  ProtosRootNode@186706d0                            |Tier 2|Time    24(   4+20  )ms|AST    2|Inlined   0Y   0N|IR    815/   944|CodeSize    4429|Addr 0x7fd303ba6f00|Timestamp 240474917393829|Src n/a
[engine] opt done   id=1878  ProtosRootNode@6131d59a                            |Tier 2|Time  2219( 175+2044)ms|AST   20|Inlined   0Y   0N|IR  20280/ 62658|CodeSize  342484|Addr 0x7fd304c24b00|Timestamp 240477138300903|Src n/a
[engine] opt done   id=1881  ProtosRootNode@1b5c0b75                            |Tier 1|Time    33(  11+22  )ms|AST    2|Inlined   0Y   0N|IR    888/  2671|CodeSize   13140|Addr 0x7fd303fb4240|Timestamp 240477214575323|Src n/a
[engine] opt failed id=1882  ProtosRootNode@1c5c62be                            |Tier 1|Time   51(-240477215+240477266)ms|Reason: jdk.graal.compiler.truffle.GraphTooBigBailoutException: Graph too big to safely compile. Node count: 50681. Graph Size: 150026. Limit: 150000.|Timestamp 240477265666847|Src n/a
[engine] opt failed id=1882  ProtosRootNode@1c5c62be                            |Tier 1|Time   52(-240477275+240477327)ms|Reason: jdk.graal.compiler.truffle.GraphTooBigBailoutException: Graph too big to safely compile. Node count: 50681. Graph Size: 150026. Limit: 150000.|Timestamp 240477326893356|Src n/a
[engine] opt done   id=1869  ProtosRootNode@2524b00c                            |Tier 1|Time    18(   4+14  )ms|AST    2|Inlined   0Y   0N|IR    888/  1275|CodeSize    5532|Addr 0x7fd3043209e0|Timestamp 240477345374283|Src n/a
[engine] opt done   id=1870  ProtosRootNode@4c71e888                            |Tier 1|Time   262(  28+234 )ms|AST    7|Inlined   0Y   0N|IR   4642/ 17482|CodeSize   90120|Addr 0x7fd304637100|Timestamp 240477607979474|Src n/a
