HARNESS_REVISION=041a6b821387494e6299c93334d72ecd8b3ce494
PROTOS_REVISION=d66841adb0b820047ed079f0bc7d643873f23194
PROTOS_VERSION=0.2.180-SNAPSHOT
CPUSET=0
ITERATIONS=20
phase=01 build exact control image
CORRECTNESS: PASS variant=control result=528
CONTROL_IMAGE_BUILD: PASS
phase=02 build production-shaped split image
DIRECT_PATH_TASK_MACHINERY: NONE
SPLIT_SOURCE_CHECK: PASS count=1
CORRECTNESS: PASS variant=split result=528
SPLIT_IMAGE_BUILD: PASS
phase=03 control TraceCompilation
phase=04 split TraceCompilation
CONTROL_OPT_DONE=316
CONTROL_OPT_FAILED=40
CONTROL_GRAPH_TOO_BIG=40
CONTROL_GRAPH_SHAPES=50681:150026:150000
SPLIT_OPT_DONE=316
SPLIT_OPT_FAILED=40
SPLIT_GRAPH_TOO_BIG=40
SPLIT_GRAPH_SHAPES=48823:150002:150000
CONTROL_REPRODUCTION=PASS
A4H_HYPOTHESIS=INCONCLUSIVE
A4H_REASON=sync/task split changed the A4a residual diagnostics without a directional result
PERF003A_A4H_EXPERIMENT: PASS
TIMING_EVIDENCE: NO
PROTOS_REPOSITORY_CHANGED: NO
