[To redirect Truffle log output to a file use one of the following options:
* '--log.file=<path>' if the option is passed using a guest language launcher.
* '-Dpolyglot.log.file=<path>' if the option is passed using the host Java launcher.
* Configure logging using the polyglot embedding API.]
[engine] opt done   id=150   ProtosRootNode@6d5ce57c                            |Tier 1|Time   112(  81+31  )ms|AST    2|Inlined   0Y   0N|IR    591/  1658|CodeSize    7561|Addr 0x7fb43715eca0|Timestamp 240480112052984|Src n/a
[engine] opt done   id=151   ProtosRootNode@6c3d9068                            |Tier 1|Time  1887( 273+1614)ms|AST   21|Inlined   0Y   0N|IR  16060/ 60467|CodeSize  316760|Addr 0x7fb43716d680|Timestamp 240482009631863|Src n/a
[engine] opt done   id=146   ProtosRootNode@635958ad                            |Tier 1|Time    63(  23+41  )ms|AST    2|Inlined   0Y   0N|IR    888/  1275|CodeSize    5532|Addr 0x7fb4371e8ee0|Timestamp 240482137267768|Src n/a
[engine] opt done   id=147   ProtosRootNode@547e4d59                            |Tier 1|Time   738(  95+643 )ms|AST   11|Inlined   0Y   0N|IR   8794/ 30689|CodeSize  160146|Addr 0x7fb4371efbe0|Timestamp 240482918802309|Src n/a
[engine] opt done   id=103   ProtosRootNode@6d6d39e4                            |Tier 1|Time    24(   7+17  )ms|AST    2|Inlined   0Y   0N|IR    591/  1658|CodeSize    7561|Addr 0x7fb43722f8a0|Timestamp 240482947021890|Src n/a
[engine] opt done   id=104   ProtosRootNode@43deecdc                            |Tier 1|Time   237(  71+165 )ms|AST    6|Inlined   0Y   0N|IR   4257/ 15136|CodeSize   79351|Addr 0x7fb4372340c0|Timestamp 240483184883134|Src n/a
[engine] opt done   id=148   ProtosRootNode@eb5c87c                             |Tier 1|Time    30(   9+22  )ms|AST    2|Inlined   0Y   0N|IR    888/  1275|CodeSize    5532|Addr 0x7fb437254060|Timestamp 240483221566337|Src n/a
[engine] opt done   id=149   ProtosRootNode@46a81f8e                            |Tier 1|Time  1569( 127+1442)ms|AST   20|Inlined   0Y   0N|IR  16520/ 57992|CodeSize  306139|Addr 0x7fb43725c800|Timestamp 240484791498659|Src n/a
[engine] opt done   id=150   ProtosRootNode@6d5ce57c                            |Tier 2|Time    54(   8+46  )ms|AST    2|Inlined   0Y   0N|IR    518/  1448|CodeSize    7174|Addr 0x7fb4372ddd60|Timestamp 240485115868068|Src n/a
[engine] opt done   id=151   ProtosRootNode@6c3d9068                            |Tier 2|Time  2116( 288+1827)ms|AST   21|Inlined   0Y   0N|IR  15987/ 50198|CodeSize  278715|Addr 0x7fb4372f03a0|Timestamp 240487233899290|Src n/a
[engine] opt done   id=146   ProtosRootNode@635958ad                            |Tier 2|Time    37(  10+27  )ms|AST    2|Inlined   0Y   0N|IR    815/   944|CodeSize    4429|Addr 0x7fb437360d00|Timestamp 240487411200746|Src n/a
[engine] opt done   id=147   ProtosRootNode@547e4d59                            |Tier 2|Time   740( 102+638 )ms|AST   11|Inlined   0Y   0N|IR   8721/ 25054|CodeSize  135043|Addr 0x7fb437370b40|Timestamp 240488180982658|Src n/a
[engine] opt done   id=103   ProtosRootNode@6d6d39e4                            |Tier 2|Time    29(   6+23  )ms|AST    2|Inlined   0Y   0N|IR    518/  1448|CodeSize    7174|Addr 0x7fb4373a5de0|Timestamp 240488222879149|Src n/a
[engine] opt done   id=104   ProtosRootNode@43deecdc                            |Tier 2|Time   288(  32+256 )ms|AST    6|Inlined   0Y   0N|IR   4184/ 12347|CodeSize   63941|Addr 0x7fb4373abae0|Timestamp 240488512873957|Src n/a
[engine] opt done   id=148   ProtosRootNode@eb5c87c                             |Tier 2|Time    54(  11+43  )ms|AST    2|Inlined   0Y   0N|IR    815/   944|CodeSize    4429|Addr 0x7fb4373c7500|Timestamp 240488581425026|Src n/a
[engine] opt done   id=149   ProtosRootNode@46a81f8e                            |Tier 2|Time  1939( 182+1757)ms|AST   20|Inlined   0Y   0N|IR  16447/ 47167|CodeSize  261120|Addr 0x7fb4373cd540|Timestamp 240490522815099|Src n/a
[engine] opt done   id=101   ProtosRootNode@3b2b4ae9                            |Tier 1|Time    41(  12+29  )ms|AST    2|Inlined   0Y   0N|IR    591/  1658|CodeSize    7561|Addr 0x7fb4374365a0|Timestamp 240490656852163|Src n/a
[engine] opt done   id=102   ProtosRootNode@6ac7e910                            |Tier 1|Time   537(  61+476 )ms|AST    9|Inlined   0Y   0N|IR   6034/ 22922|CodeSize  120645|Addr 0x7fb43743cb40|Timestamp 240491196634702|Src n/a
[engine] opt done   id=99    ProtosRootNode@5d708f7                             |Tier 1|Time    36(   9+27  )ms|AST    2|Inlined   0Y   0N|IR    888/  1275|CodeSize    5532|Addr 0x7fb43746c760|Timestamp 240491247850265|Src n/a
[engine] opt done   id=100   ProtosRootNode@68da8cc7                            |Tier 1|Time   913(  93+820 )ms|AST   13|Inlined   0Y   0N|IR  10024/ 35559|CodeSize  188419|Addr 0x7fb4374745a0|Timestamp 240492163696516|Src n/a
[engine] opt done   id=105   ProtosRootNode@4812c0bc                            |Tier 1|Time    23(   9+14  )ms|AST    2|Inlined   0Y   0N|IR    888/  1275|CodeSize    5532|Addr 0x7fb4374bf460|Timestamp 240492188052832|Src n/a
[engine] opt done   id=106   ProtosRootNode@618431ee                            |Tier 1|Time   317(  60+257 )ms|AST    9|Inlined   0Y   0N|IR   5527/ 19469|CodeSize  100601|Addr 0x7fb4374c3200|Timestamp 240492507130882|Src n/a
[engine] opt done   id=152   ProtosRootNode@32f102a0                            |Tier 1|Time    26(   6+21  )ms|AST    2|Inlined   0Y   0N|IR    888/  2671|CodeSize   13140|Addr 0x7fb4374eae40|Timestamp 240492555608012|Src n/a
[engine] opt failed id=153   ProtosRootNode@f7b42b3                             |Tier 1|Time   81(-240492556+240492637)ms|Reason: jdk.graal.compiler.truffle.GraphTooBigBailoutException: Graph too big to safely compile. Node count: 48823. Graph Size: 150002. Limit: 150000.|Timestamp 240492637351170|Src n/a
[engine] opt failed id=153   ProtosRootNode@f7b42b3                             |Tier 1|Time  104(-240492638+240492742)ms|Reason: jdk.graal.compiler.truffle.GraphTooBigBailoutException: Graph too big to safely compile. Node count: 48823. Graph Size: 150002. Limit: 150000.|Timestamp 240492743278782|Src n/a
[engine] opt done   id=140   ProtosRootNode@52977679                            |Tier 1|Time    19(   7+12  )ms|AST    2|Inlined   0Y   0N|IR    888/  1275|CodeSize    5532|Addr 0x7fb4374f25e0|Timestamp 240492763322001|Src n/a
[engine] opt done   id=141   ProtosRootNode@16b65abb                            |Tier 1|Time   201(  24+177 )ms|AST    7|Inlined   0Y   0N|IR   3682/ 13209|CodeSize   69031|Addr 0x7fb4374f5980|Timestamp 240492964818352|Src n/a
[engine] opt done   id=241   ProtosRootNode@7d6194ca                            |Tier 1|Time    36(  12+24  )ms|AST    2|Inlined   0Y   0N|IR    591/  1658|CodeSize    7561|Addr 0x7fb437523da0|Timestamp 240493392349168|Src n/a
[engine] opt done   id=242   ProtosRootNode@61ec9855                            |Tier 1|Time  1835( 157+1678)ms|AST   21|Inlined   0Y   0N|IR  16060/ 60467|CodeSize  316760|Addr 0x7fb43752b580|Timestamp 240495228257724|Src n/a
[engine] opt done   id=237   ProtosRootNode@6ba7f418                            |Tier 1|Time    35(  12+23  )ms|AST    2|Inlined   0Y   0N|IR    888/  1275|CodeSize    5532|Addr 0x7fb4375a6460|Timestamp 240495270123774|Src n/a
[engine] opt done   id=238   ProtosRootNode@38a5257a                            |Tier 1|Time   640(  58+582 )ms|AST   11|Inlined   0Y   0N|IR   8794/ 30689|CodeSize  160146|Addr 0x7fb4375aae60|Timestamp 240495912204449|Src n/a
[engine] opt done   id=239   ProtosRootNode@5599f9c3                            |Tier 1|Time    16(   5+11  )ms|AST    2|Inlined   0Y   0N|IR    888/  1275|CodeSize    5532|Addr 0x7fb4375eade0|Timestamp 240495948290071|Src n/a
[engine] opt done   id=240   ProtosRootNode@6fe6ba3                             |Tier 1|Time  1547( 119+1428)ms|AST   20|Inlined   0Y   0N|IR  16520/ 57992|CodeSize  306139|Addr 0x7fb4375f1600|Timestamp 240497495349238|Src n/a
[engine] opt done   id=241   ProtosRootNode@7d6194ca                            |Tier 2|Time    99(   8+92  )ms|AST    2|Inlined   0Y   0N|IR    518/  1448|CodeSize    7174|Addr 0x7fb43766e3e0|Timestamp 240497701771785|Src n/a
[engine] opt done   id=242   ProtosRootNode@61ec9855                            |Tier 2|Time  1908( 239+1669)ms|AST   21|Inlined   0Y   0N|IR  15987/ 50198|CodeSize  278715|Addr 0x7fb437679120|Timestamp 240499610534221|Src n/a
[engine] opt done   id=237   ProtosRootNode@6ba7f418                            |Tier 2|Time    36(   8+28  )ms|AST    2|Inlined   0Y   0N|IR    815/   944|CodeSize    4429|Addr 0x7fb4376e6d80|Timestamp 240499777713981|Src n/a
[engine] opt done   id=238   ProtosRootNode@38a5257a                            |Tier 2|Time   564(  52+512 )ms|AST   11|Inlined   0Y   0N|IR   8721/ 25054|CodeSize  135043|Addr 0x7fb4376eb740|Timestamp 240500342427603|Src n/a
[engine] opt done   id=239   ProtosRootNode@5599f9c3                            |Tier 2|Time    31(   8+23  )ms|AST    2|Inlined   0Y   0N|IR    815/   944|CodeSize    4429|Addr 0x7fb437721480|Timestamp 240500380226578|Src n/a
[engine] opt done   id=240   ProtosRootNode@6fe6ba3                             |Tier 2|Time  1379( 126+1253)ms|AST   20|Inlined   0Y   0N|IR  16447/ 47167|CodeSize  261120|Addr 0x7fb4377280c0|Timestamp 240501760142271|Src n/a
[engine] opt done   id=243   ProtosRootNode@1ee22141                            |Tier 1|Time    26(   8+18  )ms|AST    2|Inlined   0Y   0N|IR    888/  2671|CodeSize   13140|Addr 0x7fb43778d2c0|Timestamp 240501825560615|Src n/a
[engine] opt failed id=244   ProtosRootNode@3745213                             |Tier 1|Time   45(-240501826+240501871)ms|Reason: jdk.graal.compiler.truffle.GraphTooBigBailoutException: Graph too big to safely compile. Node count: 48823. Graph Size: 150002. Limit: 150000.|Timestamp 240501871457141|Src n/a
[engine] opt failed id=244   ProtosRootNode@3745213                             |Tier 1|Time   48(-240501878+240501926)ms|Reason: jdk.graal.compiler.truffle.GraphTooBigBailoutException: Graph too big to safely compile. Node count: 48823. Graph Size: 150002. Limit: 150000.|Timestamp 240501926613100|Src n/a
[engine] opt done   id=231   ProtosRootNode@4e2dd282                            |Tier 1|Time    16(   5+10  )ms|AST    2|Inlined   0Y   0N|IR    888/  1275|CodeSize    5532|Addr 0x7fb4377931e0|Timestamp 240501948366642|Src n/a
[engine] opt done   id=232   ProtosRootNode@863d4a9                             |Tier 1|Time   163(  21+143 )ms|AST    7|Inlined   0Y   0N|IR   3682/ 13209|CodeSize   69031|Addr 0x7fb437796e80|Timestamp 240502112327387|Src n/a
[engine] opt done   id=332   ProtosRootNode@618792a2                            |Tier 1|Time    26(  10+16  )ms|AST    2|Inlined   0Y   0N|IR    591/  1658|CodeSize    7561|Addr 0x7fb4377b8820|Timestamp 240502371825600|Src n/a
[engine] opt done   id=333   ProtosRootNode@36808b5d                            |Tier 1|Time  1409( 115+1294)ms|AST   21|Inlined   0Y   0N|IR  16060/ 60467|CodeSize  316760|Addr 0x7fb4377c0000|Timestamp 240503782887116|Src n/a
[engine] opt done   id=328   ProtosRootNode@3b41ade                             |Tier 1|Time    15(   5+11  )ms|AST    2|Inlined   0Y   0N|IR    888/  1275|CodeSize    5532|Addr 0x7fb437839b60|Timestamp 240503829217713|Src n/a
[engine] opt done   id=329   ProtosRootNode@17ebb423                            |Tier 1|Time   501(  50+452 )ms|AST   11|Inlined   0Y   0N|IR   8794/ 30689|CodeSize  160146|Addr 0x7fb43783e560|Timestamp 240504330795703|Src n/a
[engine] opt done   id=330   ProtosRootNode@5f6bb563                            |Tier 1|Time    15(   5+11  )ms|AST    2|Inlined   0Y   0N|IR    888/  1275|CodeSize    5532|Addr 0x7fb43787e1e0|Timestamp 240504362587179|Src n/a
[engine] opt done   id=331   ProtosRootNode@4a7eddaa                            |Tier 1|Time  1321( 103+1218)ms|AST   20|Inlined   0Y   0N|IR  16520/ 57992|CodeSize  306139|Addr 0x7fb437884a00|Timestamp 240505684011405|Src n/a
[engine] opt done   id=332   ProtosRootNode@618792a2                            |Tier 2|Time    32(   4+28  )ms|AST    2|Inlined   0Y   0N|IR    518/  1448|CodeSize    7174|Addr 0x7fb4378fcc60|Timestamp 240505781132584|Src n/a
[engine] opt done   id=333   ProtosRootNode@36808b5d                            |Tier 2|Time  1423( 109+1314)ms|AST   21|Inlined   0Y   0N|IR  15987/ 50198|CodeSize  278715|Addr 0x7fb437903ba0|Timestamp 240507206745709|Src n/a
[engine] opt done   id=328   ProtosRootNode@3b41ade                             |Tier 2|Time    28(   9+20  )ms|AST    2|Inlined   0Y   0N|IR    815/   944|CodeSize    4429|Addr 0x7fb437970780|Timestamp 240507345327198|Src n/a
[engine] opt done   id=329   ProtosRootNode@17ebb423                            |Tier 2|Time   570(  68+502 )ms|AST   11|Inlined   0Y   0N|IR   8721/ 25054|CodeSize  135043|Addr 0x7fb437976640|Timestamp 240507916319696|Src n/a
[engine] opt done   id=330   ProtosRootNode@5f6bb563                            |Tier 2|Time    18(   5+12  )ms|AST    2|Inlined   0Y   0N|IR    815/   944|CodeSize    4429|Addr 0x7fb4379aa980|Timestamp 240507937500577|Src n/a
[engine] opt done   id=331   ProtosRootNode@4a7eddaa                            |Tier 2|Time  1430( 123+1307)ms|AST   20|Inlined   0Y   0N|IR  16447/ 47167|CodeSize  261120|Addr 0x7fb4379af9c0|Timestamp 240509369036298|Src n/a
[engine] opt done   id=334   ProtosRootNode@10149df4                            |Tier 1|Time    23(   5+18  )ms|AST    2|Inlined   0Y   0N|IR    888/  2671|CodeSize   13140|Addr 0x7fb437a14540|Timestamp 240509443904936|Src n/a
[engine] opt failed id=335   ProtosRootNode@26134f56                            |Tier 1|Time   45(-240509444+240509489)ms|Reason: jdk.graal.compiler.truffle.GraphTooBigBailoutException: Graph too big to safely compile. Node count: 48823. Graph Size: 150002. Limit: 150000.|Timestamp 240509488997540|Src n/a
[engine] opt failed id=335   ProtosRootNode@26134f56                            |Tier 1|Time   46(-240509497+240509543)ms|Reason: jdk.graal.compiler.truffle.GraphTooBigBailoutException: Graph too big to safely compile. Node count: 48823. Graph Size: 150002. Limit: 150000.|Timestamp 240509543245708|Src n/a
[engine] opt done   id=322   ProtosRootNode@2fa11346                            |Tier 1|Time    15(   4+10  )ms|AST    2|Inlined   0Y   0N|IR    888/  1275|CodeSize    5532|Addr 0x7fb437a1a160|Timestamp 240509559479541|Src n/a
[engine] opt done   id=323   ProtosRootNode@73f36277                            |Tier 1|Time   319(  40+279 )ms|AST    7|Inlined   0Y   0N|IR   3682/ 13209|CodeSize   69031|Addr 0x7fb437a1d500|Timestamp 240509882262283|Src n/a
[engine] opt done   id=423   ProtosRootNode@a640be0                             |Tier 1|Time    19(   8+11  )ms|AST    2|Inlined   0Y   0N|IR    591/  1658|CodeSize    7561|Addr 0x7fb437a3b920|Timestamp 240510276667698|Src n/a
[engine] opt done   id=424   ProtosRootNode@2ddcbe7b                            |Tier 1|Time  1419( 105+1314)ms|AST   21|Inlined   0Y   0N|IR  16060/ 60467|CodeSize  316760|Addr 0x7fb437a43100|Timestamp 240511696083291|Src n/a
[engine] opt done   id=419   ProtosRootNode@14e114cb                            |Tier 1|Time    35(  11+24  )ms|AST    2|Inlined   0Y   0N|IR    888/  1275|CodeSize    5532|Addr 0x7fb437abd560|Timestamp 240511736454189|Src n/a
[engine] opt done   id=420   ProtosRootNode@22ea7f0f                            |Tier 1|Time   597(  51+546 )ms|AST   11|Inlined   0Y   0N|IR   8794/ 30689|CodeSize  160146|Addr 0x7fb437ac2260|Timestamp 240512334776885|Src n/a
[engine] opt done   id=421   ProtosRootNode@47c2ab26                            |Tier 1|Time    15(   5+10  )ms|AST    2|Inlined   0Y   0N|IR    888/  1275|CodeSize    5532|Addr 0x7fb437b01ee0|Timestamp 240512367264202|Src n/a
[engine] opt done   id=422   ProtosRootNode@496ac1c5                            |Tier 1|Time  1512( 117+1395)ms|AST   20|Inlined   0Y   0N|IR  16520/ 57992|CodeSize  306139|Addr 0x7fb437b08700|Timestamp 240513879865086|Src n/a
[engine] opt done   id=423   ProtosRootNode@a640be0                             |Tier 2|Time    21(   5+17  )ms|AST    2|Inlined   0Y   0N|IR    518/  1448|CodeSize    7174|Addr 0x7fb437b7f660|Timestamp 240514007655278|Src n/a
[engine] opt done   id=424   ProtosRootNode@2ddcbe7b                            |Tier 2|Time  1844( 119+1725)ms|AST   21|Inlined   0Y   0N|IR  15987/ 50198|CodeSize  278715|Addr 0x7fb437b85e20|Timestamp 240515851896855|Src n/a
[engine] opt done   id=419   ProtosRootNode@14e114cb                            |Tier 2|Time    69(  18+50  )ms|AST    2|Inlined   0Y   0N|IR    815/   944|CodeSize    4429|Addr 0x7fb437bef900|Timestamp 240516096316344|Src n/a
[engine] opt done   id=420   ProtosRootNode@22ea7f0f                            |Tier 2|Time   964( 114+850 )ms|AST   11|Inlined   0Y   0N|IR   8721/ 25054|CodeSize  135043|Addr 0x7fb437bf4940|Timestamp 240517062961316|Src n/a
[engine] opt done   id=421   ProtosRootNode@47c2ab26                            |Tier 2|Time    43(   8+34  )ms|AST    2|Inlined   0Y   0N|IR    815/   944|CodeSize    4429|Addr 0x7fb437c28c80|Timestamp 240517143716601|Src n/a
[engine] opt done   id=422   ProtosRootNode@496ac1c5                            |Tier 2|Time  1913( 333+1580)ms|AST   20|Inlined   0Y   0N|IR  16447/ 47167|CodeSize  261120|Addr 0x7fb437c2e640|Timestamp 240519059623537|Src n/a
[engine] opt done   id=425   ProtosRootNode@4b71539a                            |Tier 1|Time    31(  11+20  )ms|AST    2|Inlined   0Y   0N|IR    888/  2671|CodeSize   13140|Addr 0x7fb437c93140|Timestamp 240519163841436|Src n/a
[engine] opt failed id=426   ProtosRootNode@2a36e3af                            |Tier 1|Time  114(-240519166+240519279)ms|Reason: jdk.graal.compiler.truffle.GraphTooBigBailoutException: Graph too big to safely compile. Node count: 48823. Graph Size: 150002. Limit: 150000.|Timestamp 240519279497811|Src n/a
[engine] opt failed id=426   ProtosRootNode@2a36e3af                            |Tier 1|Time  101(-240519295+240519396)ms|Reason: jdk.graal.compiler.truffle.GraphTooBigBailoutException: Graph too big to safely compile. Node count: 48823. Graph Size: 150002. Limit: 150000.|Timestamp 240519396136047|Src n/a
[engine] opt done   id=413   ProtosRootNode@6d64f045                            |Tier 1|Time    31(  10+21  )ms|AST    2|Inlined   0Y   0N|IR    888/  1275|CodeSize    5532|Addr 0x7fb437c98d60|Timestamp 240519429595385|Src n/a
[engine] opt done   id=414   ProtosRootNode@6dfe4e8a                            |Tier 1|Time   522(  40+481 )ms|AST    7|Inlined   0Y   0N|IR   3682/ 13209|CodeSize   69031|Addr 0x7fb437c9c100|Timestamp 240519963629407|Src n/a
[engine] opt done   id=514   ProtosRootNode@23b719ef                            |Tier 1|Time    56(   8+48  )ms|AST    2|Inlined   0Y   0N|IR    591/  1658|CodeSize    7561|Addr 0x7fb437cb9f20|Timestamp 240520357721970|Src n/a
[engine] opt done   id=515   ProtosRootNode@d360727                             |Tier 1|Time  2226( 240+1986)ms|AST   21|Inlined   0Y   0N|IR  16060/ 60467|CodeSize  316760|Addr 0x7fb437cc3b00|Timestamp 240522586260548|Src n/a
[engine] opt done   id=510   ProtosRootNode@21edb3c0                            |Tier 1|Time    22(  10+12  )ms|AST    2|Inlined   0Y   0N|IR    888/  1275|CodeSize    5532|Addr 0x7fb437d3da60|Timestamp 240522659055282|Src n/a
[engine] opt done   id=511   ProtosRootNode@ad65c9                              |Tier 1|Time   553(  56+497 )ms|AST   11|Inlined   0Y   0N|IR   8794/ 30689|CodeSize  160146|Addr 0x7fb437d42460|Timestamp 240523212856981|Src n/a
[engine] opt done   id=512   ProtosRootNode@f811467                             |Tier 1|Time    16(   5+11  )ms|AST    2|Inlined   0Y   0N|IR    888/  1275|CodeSize    5532|Addr 0x7fb437d820e0|Timestamp 240523246068788|Src n/a
[engine] opt done   id=513   ProtosRootNode@15d074c9                            |Tier 1|Time  1633( 123+1509)ms|AST   20|Inlined   0Y   0N|IR  16520/ 57992|CodeSize  306139|Addr 0x7fb437d89000|Timestamp 240524879195806|Src n/a
[engine] opt done   id=514   ProtosRootNode@23b719ef                            |Tier 2|Time    38(   5+33  )ms|AST    2|Inlined   0Y   0N|IR    518/  1448|CodeSize    7174|Addr 0x7fb437e011e0|Timestamp 240524981321161|Src n/a
[engine] opt done   id=515   ProtosRootNode@d360727                             |Tier 2|Time  2233( 207+2027)ms|AST   21|Inlined   0Y   0N|IR  15987/ 50198|CodeSize  278715|Addr 0x7fb437e07ca0|Timestamp 240527216635394|Src n/a
[engine] opt done   id=510   ProtosRootNode@21edb3c0                            |Tier 2|Time    20(   6+15  )ms|AST    2|Inlined   0Y   0N|IR    815/   944|CodeSize    4429|Addr 0x7fb437e71a80|Timestamp 240527323542456|Src n/a
[engine] opt done   id=511   ProtosRootNode@ad65c9                              |Tier 2|Time   838(  68+770 )ms|AST   11|Inlined   0Y   0N|IR   8721/ 25054|CodeSize  135043|Addr 0x7fb437e75540|Timestamp 240528162012079|Src n/a
[engine] opt done   id=512   ProtosRootNode@f811467                             |Tier 2|Time    23(   5+18  )ms|AST    2|Inlined   0Y   0N|IR    815/   944|CodeSize    4429|Addr 0x7fb437ea9880|Timestamp 240528205814681|Src n/a
[engine] opt done   id=513   ProtosRootNode@15d074c9                            |Tier 2|Time  1904( 159+1745)ms|AST   20|Inlined   0Y   0N|IR  16447/ 47167|CodeSize  261120|Addr 0x7fb437eaebc0|Timestamp 240530111881762|Src n/a
[engine] opt done   id=516   ProtosRootNode@80f0b63                             |Tier 1|Time    24(   5+18  )ms|AST    2|Inlined   0Y   0N|IR    888/  2671|CodeSize   13140|Addr 0x7fb437f137c0|Timestamp 240530162073423|Src n/a
[engine] opt failed id=517   ProtosRootNode@4af3608d                            |Tier 1|Time   45(-240530173+240530218)ms|Reason: jdk.graal.compiler.truffle.GraphTooBigBailoutException: Graph too big to safely compile. Node count: 48823. Graph Size: 150002. Limit: 150000.|Timestamp 240530218311093|Src n/a
[engine] opt failed id=517   ProtosRootNode@4af3608d                            |Tier 1|Time   64(-240530220+240530284)ms|Reason: jdk.graal.compiler.truffle.GraphTooBigBailoutException: Graph too big to safely compile. Node count: 48823. Graph Size: 150002. Limit: 150000.|Timestamp 240530284477847|Src n/a
[engine] opt done   id=504   ProtosRootNode@424de9df                            |Tier 1|Time    24(   9+15  )ms|AST    2|Inlined   0Y   0N|IR    888/  1275|CodeSize    5532|Addr 0x7fb437f198e0|Timestamp 240530320342388|Src n/a
[engine] opt done   id=505   ProtosRootNode@1e474195                            |Tier 1|Time   189(  18+171 )ms|AST    7|Inlined   0Y   0N|IR   3682/ 13209|CodeSize   69031|Addr 0x7fb437f1cc80|Timestamp 240530510137428|Src n/a
[engine] opt done   id=605   ProtosRootNode@2ac509                              |Tier 1|Time    26(   5+21  )ms|AST    2|Inlined   0Y   0N|IR    591/  1658|CodeSize    7561|Addr 0x7fb437f39f20|Timestamp 240530724066132|Src n/a
[engine] opt done   id=606   ProtosRootNode@40ef780                             |Tier 1|Time  1887( 171+1716)ms|AST   21|Inlined   0Y   0N|IR  16060/ 60467|CodeSize  316760|Addr 0x7fb437f41700|Timestamp 240532611300394|Src n/a
[engine] opt done   id=601   ProtosRootNode@5741558e                            |Tier 1|Time    27(   6+21  )ms|AST    2|Inlined   0Y   0N|IR    888/  1275|CodeSize    5532|Addr 0x7fb437fbb260|Timestamp 240532645038382|Src n/a
[engine] opt done   id=602   ProtosRootNode@73aecaee                            |Tier 1|Time   591(  48+543 )ms|AST   11|Inlined   0Y   0N|IR   8794/ 30689|CodeSize  160146|Addr 0x7fb437fbfc60|Timestamp 240533236911192|Src n/a
[engine] opt done   id=603   ProtosRootNode@d6267a0                             |Tier 1|Time    14(   4+10  )ms|AST    2|Inlined   0Y   0N|IR    888/  1275|CodeSize    5532|Addr 0x7fb437fff8e0|Timestamp 240533266696415|Src n/a
[engine] opt done   id=604   ProtosRootNode@2320582f                            |Tier 1|Time  1506( 119+1387)ms|AST   20|Inlined   0Y   0N|IR  16520/ 57992|CodeSize  306139|Addr 0x7fb438007980|Timestamp 240534772789943|Src n/a
[engine] opt done   id=605   ProtosRootNode@2ac509                              |Tier 2|Time    20(   4+16  )ms|AST    2|Inlined   0Y   0N|IR    518/  1448|CodeSize    7174|Addr 0x7fb43807e8e0|Timestamp 240534853173087|Src n/a
[engine] opt done   id=606   ProtosRootNode@40ef780                             |Tier 2|Time  1721( 112+1609)ms|AST   21|Inlined   0Y   0N|IR  15987/ 50198|CodeSize  278715|Addr 0x7fb4380850a0|Timestamp 240536574792550|Src n/a
[engine] opt done   id=601   ProtosRootNode@5741558e                            |Tier 2|Time    20(   8+13  )ms|AST    2|Inlined   0Y   0N|IR    815/   944|CodeSize    4429|Addr 0x7fb4380ef500|Timestamp 240536665400668|Src n/a
[engine] opt done   id=602   ProtosRootNode@73aecaee                            |Tier 2|Time   593(  46+547 )ms|AST   11|Inlined   0Y   0N|IR   8721/ 25054|CodeSize  135043|Addr 0x7fb4380f2fc0|Timestamp 240537258646399|Src n/a
[engine] opt done   id=603   ProtosRootNode@d6267a0                             |Tier 2|Time    17(   4+13  )ms|AST    2|Inlined   0Y   0N|IR    815/   944|CodeSize    4429|Addr 0x7fb438127300|Timestamp 240537279433889|Src n/a
[engine] opt done   id=604   ProtosRootNode@2320582f                            |Tier 2|Time  1441( 134+1307)ms|AST   20|Inlined   0Y   0N|IR  16447/ 47167|CodeSize  261120|Addr 0x7fb43812d640|Timestamp 240538721823084|Src n/a
[engine] opt done   id=607   ProtosRootNode@37e4c1da                            |Tier 1|Time    47(   7+39  )ms|AST    2|Inlined   0Y   0N|IR    888/  2671|CodeSize   13140|Addr 0x7fb438191e40|Timestamp 240538835604675|Src n/a
[engine] opt failed id=608   ProtosRootNode@69a0233c                            |Tier 1|Time   47(-240538838+240538884)ms|Reason: jdk.graal.compiler.truffle.GraphTooBigBailoutException: Graph too big to safely compile. Node count: 48823. Graph Size: 150002. Limit: 150000.|Timestamp 240538884311334|Src n/a
[engine] opt failed id=608   ProtosRootNode@69a0233c                            |Tier 1|Time   52(-240538891+240538942)ms|Reason: jdk.graal.compiler.truffle.GraphTooBigBailoutException: Graph too big to safely compile. Node count: 48823. Graph Size: 150002. Limit: 150000.|Timestamp 240538942480156|Src n/a
[engine] opt done   id=595   ProtosRootNode@5f7a2526                            |Tier 1|Time    14(   4+10  )ms|AST    2|Inlined   0Y   0N|IR    888/  1275|CodeSize    5532|Addr 0x7fb438199fe0|Timestamp 240538961521663|Src n/a
[engine] opt done   id=596   ProtosRootNode@3feaf6c7                            |Tier 1|Time   176(  39+136 )ms|AST    7|Inlined   0Y   0N|IR   3682/ 13209|CodeSize   69031|Addr 0x7fb43819e900|Timestamp 240539139615226|Src n/a
[engine] opt done   id=696   ProtosRootNode@1580579b                            |Tier 1|Time    17(   7+11  )ms|AST    2|Inlined   0Y   0N|IR    591/  1658|CodeSize    7561|Addr 0x7fb4381bb0a0|Timestamp 240539410939770|Src n/a
[engine] opt done   id=697   ProtosRootNode@4971a6de                            |Tier 1|Time  1641( 121+1520)ms|AST   21|Inlined   0Y   0N|IR  16060/ 60467|CodeSize  316760|Addr 0x7fb4381c2880|Timestamp 240541052149035|Src n/a
[engine] opt done   id=692   ProtosRootNode@44717ae3                            |Tier 1|Time    25(   5+20  )ms|AST    2|Inlined   0Y   0N|IR    888/  1275|CodeSize    5532|Addr 0x7fb43823c6e0|Timestamp 240541079588854|Src n/a
[engine] opt done   id=693   ProtosRootNode@405c5c7b                            |Tier 1|Time   617(  46+571 )ms|AST   11|Inlined   0Y   0N|IR   8794/ 30689|CodeSize  160146|Addr 0x7fb4382410e0|Timestamp 240541697063458|Src n/a
[engine] opt done   id=694   ProtosRootNode@c15edb7                             |Tier 1|Time    15(   5+11  )ms|AST    2|Inlined   0Y   0N|IR    888/  1275|CodeSize    5532|Addr 0x7fb438280d60|Timestamp 240541729311584|Src n/a
[engine] opt done   id=695   ProtosRootNode@3a8123c1                            |Tier 1|Time  1446( 156+1290)ms|AST   20|Inlined   0Y   0N|IR  16520/ 57992|CodeSize  306139|Addr 0x7fb438287580|Timestamp 240543177846534|Src n/a
[engine] opt done   id=696   ProtosRootNode@1580579b                            |Tier 2|Time    66(   8+58  )ms|AST    2|Inlined   0Y   0N|IR    518/  1448|CodeSize    7174|Addr 0x7fb4382fe4e0|Timestamp 240543334754196|Src n/a
[engine] opt done   id=697   ProtosRootNode@4971a6de                            |Tier 2|Time  1620( 243+1377)ms|AST   21|Inlined   0Y   0N|IR  15987/ 50198|CodeSize  278715|Addr 0x7fb438305c20|Timestamp 240544957928672|Src n/a
[engine] opt done   id=692   ProtosRootNode@44717ae3                            |Tier 2|Time    17(   4+12  )ms|AST    2|Inlined   0Y   0N|IR    815/   944|CodeSize    4429|Addr 0x7fb43836f700|Timestamp 240545039652217|Src n/a
[engine] opt done   id=693   ProtosRootNode@405c5c7b                            |Tier 2|Time   518(  47+471 )ms|AST   11|Inlined   0Y   0N|IR   8721/ 25054|CodeSize  135043|Addr 0x7fb4383734c0|Timestamp 240545558401881|Src n/a
[engine] opt done   id=694   ProtosRootNode@c15edb7                             |Tier 2|Time    18(   5+13  )ms|AST    2|Inlined   0Y   0N|IR    815/   944|CodeSize    4429|Addr 0x7fb4383a7800|Timestamp 240545581896324|Src n/a
[engine] opt done   id=695   ProtosRootNode@3a8123c1                            |Tier 2|Time  1315( 113+1202)ms|AST   20|Inlined   0Y   0N|IR  16447/ 47167|CodeSize  261120|Addr 0x7fb4383acbc0|Timestamp 240546898170655|Src n/a
[engine] opt done   id=698   ProtosRootNode@1ec237f5                            |Tier 1|Time    22(   5+18  )ms|AST    2|Inlined   0Y   0N|IR    888/  2671|CodeSize   13140|Addr 0x7fb4384113c0|Timestamp 240546944094329|Src n/a
[engine] opt failed id=699   ProtosRootNode@755a2c26                            |Tier 1|Time   55(-240546960+240547016)ms|Reason: jdk.graal.compiler.truffle.GraphTooBigBailoutException: Graph too big to safely compile. Node count: 48823. Graph Size: 150002. Limit: 150000.|Timestamp 240547015820361|Src n/a
[engine] opt failed id=699   ProtosRootNode@755a2c26                            |Tier 1|Time   47(-240547020+240547067)ms|Reason: jdk.graal.compiler.truffle.GraphTooBigBailoutException: Graph too big to safely compile. Node count: 48823. Graph Size: 150002. Limit: 150000.|Timestamp 240547067022853|Src n/a
[engine] opt done   id=686   ProtosRootNode@dadbcb4                             |Tier 1|Time    39(  15+23  )ms|AST    2|Inlined   0Y   0N|IR    888/  1275|CodeSize    5532|Addr 0x7fb438418fe0|Timestamp 240547112320097|Src n/a
[engine] opt done   id=687   ProtosRootNode@506c5919                            |Tier 1|Time   212(  30+182 )ms|AST    7|Inlined   0Y   0N|IR   3682/ 13209|CodeSize   69031|Addr 0x7fb43841e480|Timestamp 240547326623710|Src n/a
[engine] opt done   id=787   ProtosRootNode@2e7be93e                            |Tier 1|Time    25(   8+17  )ms|AST    2|Inlined   0Y   0N|IR    591/  1658|CodeSize    7561|Addr 0x7fb43843b2a0|Timestamp 240547525680261|Src n/a
[engine] opt done   id=788   ProtosRootNode@5b933f9                             |Tier 1|Time  1411( 112+1299)ms|AST   21|Inlined   0Y   0N|IR  16060/ 60467|CodeSize  316760|Addr 0x7fb438442a80|Timestamp 240548936810724|Src n/a
[engine] opt done   id=783   ProtosRootNode@6d550b01                            |Tier 1|Time    14(   5+10  )ms|AST    2|Inlined   0Y   0N|IR    888/  1275|CodeSize    5532|Addr 0x7fb4384bc5e0|Timestamp 240548980399806|Src n/a
[engine] opt done   id=784   ProtosRootNode@481b3059                            |Tier 1|Time   490(  47+443 )ms|AST   11|Inlined   0Y   0N|IR   8794/ 30689|CodeSize  160146|Addr 0x7fb4384c0fe0|Timestamp 240549470958828|Src n/a
[engine] opt done   id=785   ProtosRootNode@3688d81f                            |Tier 1|Time    15(   5+10  )ms|AST    2|Inlined   0Y   0N|IR    888/  1275|CodeSize    5532|Addr 0x7fb438500c60|Timestamp 240549500838941|Src n/a
[engine] opt done   id=786   ProtosRootNode@c29a2f6                             |Tier 1|Time  1271( 102+1169)ms|AST   20|Inlined   0Y   0N|IR  16520/ 57992|CodeSize  306139|Addr 0x7fb438507780|Timestamp 240550773159896|Src n/a
[engine] opt done   id=787   ProtosRootNode@2e7be93e                            |Tier 2|Time    29(   4+25  )ms|AST    2|Inlined   0Y   0N|IR    518/  1448|CodeSize    7174|Addr 0x7fb43857e6e0|Timestamp 240550847182841|Src n/a
[engine] opt done   id=788   ProtosRootNode@5b933f9                             |Tier 2|Time  1575(  97+1478)ms|AST   21|Inlined   0Y   0N|IR  15987/ 50198|CodeSize  278715|Addr 0x7fb438584ea0|Timestamp 240552422078213|Src n/a
[engine] opt done   id=783   ProtosRootNode@6d550b01                            |Tier 2|Time    19(   5+15  )ms|AST    2|Inlined   0Y   0N|IR    815/   944|CodeSize    4429|Addr 0x7fb4385f1200|Timestamp 240552553752248|Src n/a
[engine] opt done   id=784   ProtosRootNode@481b3059                            |Tier 2|Time   718(  74+644 )ms|AST   11|Inlined   0Y   0N|IR   8721/ 25054|CodeSize  135043|Addr 0x7fb4385f4cc0|Timestamp 240553271799551|Src n/a
[engine] opt done   id=785   ProtosRootNode@3688d81f                            |Tier 2|Time    22(   4+18  )ms|AST    2|Inlined   0Y   0N|IR    815/   944|CodeSize    4429|Addr 0x7fb438629000|Timestamp 240553297651567|Src n/a
[engine] opt done   id=786   ProtosRootNode@c29a2f6                             |Tier 2|Time  1710( 123+1587)ms|AST   20|Inlined   0Y   0N|IR  16447/ 47167|CodeSize  261120|Addr 0x7fb43862e040|Timestamp 240555008415529|Src n/a
[engine] opt done   id=789   ProtosRootNode@1a41acab                            |Tier 1|Time    26(   5+20  )ms|AST    2|Inlined   0Y   0N|IR    888/  2671|CodeSize   13140|Addr 0x7fb438692840|Timestamp 240555056096776|Src n/a
[engine] opt failed id=790   ProtosRootNode@57075ffa                            |Tier 1|Time   48(-240555069+240555117)ms|Reason: jdk.graal.compiler.truffle.GraphTooBigBailoutException: Graph too big to safely compile. Node count: 48823. Graph Size: 150002. Limit: 150000.|Timestamp 240555116866271|Src n/a
[engine] opt failed id=790   ProtosRootNode@57075ffa                            |Tier 1|Time   44(-240555117+240555161)ms|Reason: jdk.graal.compiler.truffle.GraphTooBigBailoutException: Graph too big to safely compile. Node count: 48823. Graph Size: 150002. Limit: 150000.|Timestamp 240555161059624|Src n/a
[engine] opt done   id=777   ProtosRootNode@52093ef6                            |Tier 1|Time    16(   4+12  )ms|AST    2|Inlined   0Y   0N|IR    888/  1275|CodeSize    5532|Addr 0x7fb438699b60|Timestamp 240555185647468|Src n/a
[engine] opt done   id=778   ProtosRootNode@5924ec80                            |Tier 1|Time   183(  18+165 )ms|AST    7|Inlined   0Y   0N|IR   3682/ 13209|CodeSize   69031|Addr 0x7fb43869cf00|Timestamp 240555368774316|Src n/a
[engine] opt done   id=878   ProtosRootNode@29518ed                             |Tier 1|Time    82(  16+66  )ms|AST    2|Inlined   0Y   0N|IR    591/  1658|CodeSize    7561|Addr 0x7fb4386ba820|Timestamp 240555647571779|Src n/a
[engine] opt done   id=879   ProtosRootNode@4262d592                            |Tier 1|Time  1724( 147+1577)ms|AST   21|Inlined   0Y   0N|IR  16060/ 60467|CodeSize  316760|Addr 0x7fb4386c2000|Timestamp 240557372494108|Src n/a
[engine] opt done   id=874   ProtosRootNode@628be3fd                            |Tier 1|Time    31(   5+26  )ms|AST    2|Inlined   0Y   0N|IR    888/  1275|CodeSize    5532|Addr 0x7fb43873bb60|Timestamp 240557405902225|Src n/a
[engine] opt done   id=875   ProtosRootNode@66c45d20                            |Tier 1|Time   628(  50+578 )ms|AST   11|Inlined   0Y   0N|IR   8794/ 30689|CodeSize  160146|Addr 0x7fb438740560|Timestamp 240558033954519|Src n/a
[engine] opt done   id=876   ProtosRootNode@167bf89b                            |Tier 1|Time    15(   5+10  )ms|AST    2|Inlined   0Y   0N|IR    888/  1275|CodeSize    5532|Addr 0x7fb4387801e0|Timestamp 240558065406924|Src n/a
[engine] opt done   id=877   ProtosRootNode@672678e5                            |Tier 1|Time  1414( 129+1285)ms|AST   20|Inlined   0Y   0N|IR  16520/ 57992|CodeSize  306139|Addr 0x7fb438786a00|Timestamp 240559480188925|Src n/a
[engine] opt done   id=878   ProtosRootNode@29518ed                             |Tier 2|Time    92(   7+85  )ms|AST    2|Inlined   0Y   0N|IR    518/  1448|CodeSize    7174|Addr 0x7fb438800660|Timestamp 240559646915219|Src n/a
[engine] opt done   id=879   ProtosRootNode@4262d592                            |Tier 2|Time  1576( 103+1473)ms|AST   21|Inlined   0Y   0N|IR  15987/ 50198|CodeSize  278715|Addr 0x7fb438806e20|Timestamp 240561222916455|Src n/a
[engine] opt done   id=874   ProtosRootNode@628be3fd                            |Tier 2|Time    52(  20+32  )ms|AST    2|Inlined   0Y   0N|IR    815/   944|CodeSize    4429|Addr 0x7fb438871180|Timestamp 240561356522583|Src n/a
[engine] opt done   id=875   ProtosRootNode@66c45d20                            |Tier 2|Time   914( 126+787 )ms|AST   11|Inlined   0Y   0N|IR   8721/ 25054|CodeSize  135043|Addr 0x7fb438874c40|Timestamp 240562270761559|Src n/a
[engine] opt done   id=876   ProtosRootNode@167bf89b                            |Tier 2|Time    28(   5+23  )ms|AST    2|Inlined   0Y   0N|IR    815/   944|CodeSize    4429|Addr 0x7fb4388a8f80|Timestamp 240562303464815|Src n/a
[engine] opt done   id=877   ProtosRootNode@672678e5                            |Tier 2|Time  1354( 162+1192)ms|AST   20|Inlined   0Y   0N|IR  16447/ 47167|CodeSize  261120|Addr 0x7fb4388ae7c0|Timestamp 240563659965070|Src n/a
[engine] opt done   id=880   ProtosRootNode@7416af51                            |Tier 1|Time    23(   5+18  )ms|AST    2|Inlined   0Y   0N|IR    888/  2671|CodeSize   13140|Addr 0x7fb438912fc0|Timestamp 240563726734194|Src n/a
[engine] opt failed id=881   ProtosRootNode@6bf951ae                            |Tier 1|Time   46(-240563727+240563773)ms|Reason: jdk.graal.compiler.truffle.GraphTooBigBailoutException: Graph too big to safely compile. Node count: 48823. Graph Size: 150002. Limit: 150000.|Timestamp 240563773444730|Src n/a
[engine] opt failed id=881   ProtosRootNode@6bf951ae                            |Tier 1|Time   52(-240563781+240563833)ms|Reason: jdk.graal.compiler.truffle.GraphTooBigBailoutException: Graph too big to safely compile. Node count: 48823. Graph Size: 150002. Limit: 150000.|Timestamp 240563833345884|Src n/a
[engine] opt done   id=868   ProtosRootNode@7ed97f6b                            |Tier 1|Time    14(   4+10  )ms|AST    2|Inlined   0Y   0N|IR    888/  1275|CodeSize    5532|Addr 0x7fb438918f60|Timestamp 240563851911430|Src n/a
[engine] opt done   id=869   ProtosRootNode@6e992d70                            |Tier 1|Time   150(  19+131 )ms|AST    7|Inlined   0Y   0N|IR   3682/ 13209|CodeSize   69031|Addr 0x7fb43891c600|Timestamp 240564002642312|Src n/a
[engine] opt done   id=969   ProtosRootNode@c067a76                             |Tier 1|Time    30(   7+22  )ms|AST    2|Inlined   0Y   0N|IR    591/  1658|CodeSize    7561|Addr 0x7fb438938f20|Timestamp 240564211641535|Src n/a
[engine] opt done   id=970   ProtosRootNode@61e8096b                            |Tier 1|Time  1307( 127+1180)ms|AST   21|Inlined   0Y   0N|IR  16060/ 60467|CodeSize  316760|Addr 0x7fb438942180|Timestamp 240565521202424|Src n/a
[engine] opt done   id=965   ProtosRootNode@70c9caa1                            |Tier 1|Time    25(   5+20  )ms|AST    2|Inlined   0Y   0N|IR    888/  1275|CodeSize    5532|Addr 0x7fb4389bc060|Timestamp 240565548231962|Src n/a
[engine] opt done   id=966   ProtosRootNode@6fe36db5                            |Tier 1|Time   510(  53+457 )ms|AST   11|Inlined   0Y   0N|IR   8794/ 30689|CodeSize  160146|Addr 0x7fb4389c0a60|Timestamp 240566058148218|Src n/a
[engine] opt done   id=967   ProtosRootNode@37e6177f                            |Tier 1|Time    14(   4+9   )ms|AST    2|Inlined   0Y   0N|IR    888/  1275|CodeSize    5532|Addr 0x7fb438a00a60|Timestamp 240566087624579|Src n/a
[engine] opt done   id=968   ProtosRootNode@715ba5e6                            |Tier 1|Time  1340(  97+1243)ms|AST   20|Inlined   0Y   0N|IR  16520/ 57992|CodeSize  306139|Addr 0x7fb438a07600|Timestamp 240567427746930|Src n/a
[engine] opt done   id=969   ProtosRootNode@c067a76                             |Tier 2|Time    41(   4+37  )ms|AST    2|Inlined   0Y   0N|IR    518/  1448|CodeSize    7174|Addr 0x7fb438a7e560|Timestamp 240567516826335|Src n/a
[engine] opt done   id=970   ProtosRootNode@61e8096b                            |Tier 2|Time  1531( 109+1421)ms|AST   21|Inlined   0Y   0N|IR  15987/ 50198|CodeSize  278715|Addr 0x7fb438a84d20|Timestamp 240569048816994|Src n/a
[engine] opt done   id=965   ProtosRootNode@70c9caa1                            |Tier 2|Time    38(  10+28  )ms|AST    2|Inlined   0Y   0N|IR    815/   944|CodeSize    4429|Addr 0x7fb438aee800|Timestamp 240569171337645|Src n/a
[engine] opt done   id=966   ProtosRootNode@6fe36db5                            |Tier 2|Time   708(  65+643 )ms|AST   11|Inlined   0Y   0N|IR   8721/ 25054|CodeSize  135043|Addr 0x7fb438af3fc0|Timestamp 240569880566030|Src n/a
[engine] opt done   id=967   ProtosRootNode@37e6177f                            |Tier 2|Time    19(   5+15  )ms|AST    2|Inlined   0Y   0N|IR    815/   944|CodeSize    4429|Addr 0x7fb438b28300|Timestamp 240569903741502|Src n/a
[engine] opt done   id=968   ProtosRootNode@715ba5e6                            |Tier 2|Time  1580( 158+1422)ms|AST   20|Inlined   0Y   0N|IR  16447/ 47167|CodeSize  261120|Addr 0x7fb438b2d340|Timestamp 240571484339817|Src n/a
[engine] opt done   id=971   ProtosRootNode@4c2089bf                            |Tier 1|Time    36(   7+29  )ms|AST    2|Inlined   0Y   0N|IR    888/  2671|CodeSize   13140|Addr 0x7fb438b91b40|Timestamp 240571578138869|Src n/a
[engine] opt failed id=972   ProtosRootNode@1528f6d4                            |Tier 1|Time   75(-240571579+240571653)ms|Reason: jdk.graal.compiler.truffle.GraphTooBigBailoutException: Graph too big to safely compile. Node count: 48823. Graph Size: 150002. Limit: 150000.|Timestamp 240571653553444|Src n/a
[engine] opt failed id=972   ProtosRootNode@1528f6d4                            |Tier 1|Time   75(-240571663+240571738)ms|Reason: jdk.graal.compiler.truffle.GraphTooBigBailoutException: Graph too big to safely compile. Node count: 48823. Graph Size: 150002. Limit: 150000.|Timestamp 240571738186403|Src n/a
[engine] opt done   id=959   ProtosRootNode@3d4577fb                            |Tier 1|Time    23(   7+16  )ms|AST    2|Inlined   0Y   0N|IR    888/  1275|CodeSize    5532|Addr 0x7fb438b97760|Timestamp 240571768893306|Src n/a
[engine] opt done   id=960   ProtosRootNode@2d8b3a8a                            |Tier 1|Time   253(  33+220 )ms|AST    7|Inlined   0Y   0N|IR   3682/ 13209|CodeSize   69031|Addr 0x7fb438b9ab00|Timestamp 240572022428201|Src n/a
[engine] opt done   id=101   ProtosRootNode@3b2b4ae9                            |Tier 2|Time    25(   5+20  )ms|AST    2|Inlined   0Y   0N|IR    518/  1448|CodeSize    7174|Addr 0x7fb438bb66e0|Timestamp 240572268896766|Src n/a
[engine] opt done   id=102   ProtosRootNode@6ac7e910                            |Tier 2|Time   549(  45+505 )ms|AST    9|Inlined   0Y   0N|IR   5966/ 19275|CodeSize  106451|Addr 0x7fb438bbaea0|Timestamp 240572824687155|Src n/a
[engine] opt done   id=99    ProtosRootNode@5d708f7                             |Tier 2|Time    24(   5+19  )ms|AST    2|Inlined   0Y   0N|IR    815/   944|CodeSize    4429|Addr 0x7fb438be3980|Timestamp 240572852316573|Src n/a
[engine] opt done   id=100   ProtosRootNode@68da8cc7                            |Tier 2|Time  1061( 105+956 )ms|AST   13|Inlined   0Y   0N|IR   9956/ 29263|CodeSize  162844|Addr 0x7fb438be7fe0|Timestamp 240573913733499|Src n/a
[engine] opt done   id=105   ProtosRootNode@4812c0bc                            |Tier 2|Time    38(   7+31  )ms|AST    2|Inlined   0Y   0N|IR    815/   944|CodeSize    4429|Addr 0x7fb438c26600|Timestamp 240573952216393|Src n/a
[engine] opt done   id=106   ProtosRootNode@618431ee                            |Tier 2|Time   372(  44+328 )ms|AST    9|Inlined   0Y   0N|IR   5455/ 15945|CodeSize   83524|Addr 0x7fb438c29e80|Timestamp 240574324767985|Src n/a
[engine] opt done   id=1060  ProtosRootNode@464cc465                            |Tier 1|Time    28(  10+18  )ms|AST    2|Inlined   0Y   0N|IR    591/  1658|CodeSize    7561|Addr 0x7fb438c4bb20|Timestamp 240574379435781|Src n/a
[engine] opt done   id=1061  ProtosRootNode@4d69660d                            |Tier 1|Time  1745( 134+1610)ms|AST   21|Inlined   0Y   0N|IR  16060/ 60467|CodeSize  316760|Addr 0x7fb438c53300|Timestamp 240576124571593|Src n/a
[engine] opt done   id=1056  ProtosRootNode@103c3e2b                            |Tier 1|Time    27(   6+21  )ms|AST    2|Inlined   0Y   0N|IR    888/  1275|CodeSize    5532|Addr 0x7fb438ccce60|Timestamp 240576154353865|Src n/a
[engine] opt done   id=1057  ProtosRootNode@b855951                             |Tier 1|Time   720(  49+671 )ms|AST   11|Inlined   0Y   0N|IR   8794/ 30689|CodeSize  160146|Addr 0x7fb438cd1860|Timestamp 240576874249622|Src n/a
[engine] opt done   id=1058  ProtosRootNode@f6b06ee                             |Tier 1|Time    23(   7+16  )ms|AST    2|Inlined   0Y   0N|IR    888/  1275|CodeSize    5532|Addr 0x7fb438d114e0|Timestamp 240576922373269|Src n/a
[engine] opt done   id=1059  ProtosRootNode@5dedb678                            |Tier 1|Time  1732( 184+1548)ms|AST   20|Inlined   0Y   0N|IR  16520/ 57992|CodeSize  306139|Addr 0x7fb438d17d00|Timestamp 240578654907501|Src n/a
[engine] opt done   id=1060  ProtosRootNode@464cc465                            |Tier 2|Time    73(   4+70  )ms|AST    2|Inlined   0Y   0N|IR    518/  1448|CodeSize    7174|Addr 0x7fb4372ddd60|Timestamp 240578792802774|Src n/a
[engine] opt done   id=1061  ProtosRootNode@4d69660d                            |Tier 2|Time  1601( 144+1457)ms|AST   21|Inlined   0Y   0N|IR  15987/ 50198|CodeSize  278715|Addr 0x7fb4372f03a0|Timestamp 240580394644032|Src n/a
[engine] opt done   id=1056  ProtosRootNode@103c3e2b                            |Tier 2|Time    17(   4+12  )ms|AST    2|Inlined   0Y   0N|IR    815/   944|CodeSize    4429|Addr 0x7fb437360d00|Timestamp 240580481284403|Src n/a
[engine] opt done   id=1057  ProtosRootNode@b855951                             |Tier 2|Time   498(  45+453 )ms|AST   11|Inlined   0Y   0N|IR   8721/ 25054|CodeSize  135043|Addr 0x7fb437370b40|Timestamp 240580979779999|Src n/a
[engine] opt done   id=1058  ProtosRootNode@f6b06ee                             |Tier 2|Time    19(   4+14  )ms|AST    2|Inlined   0Y   0N|IR    815/   944|CodeSize    4429|Addr 0x7fb4373c7500|Timestamp 240581001692109|Src n/a
[engine] opt done   id=1059  ProtosRootNode@5dedb678                            |Tier 2|Time  1659( 157+1502)ms|AST   20|Inlined   0Y   0N|IR  16447/ 47167|CodeSize  261120|Addr 0x7fb4373cd540|Timestamp 240582661445167|Src n/a
[engine] opt done   id=1062  ProtosRootNode@1e7cdc1b                            |Tier 1|Time    23(   5+18  )ms|AST    2|Inlined   0Y   0N|IR    888/  2671|CodeSize   13140|Addr 0x7fb4374eae40|Timestamp 240582724696255|Src n/a
[engine] opt failed id=1063  ProtosRootNode@1a5bfb44                            |Tier 1|Time   43(-240582725+240582768)ms|Reason: jdk.graal.compiler.truffle.GraphTooBigBailoutException: Graph too big to safely compile. Node count: 48823. Graph Size: 150002. Limit: 150000.|Timestamp 240582768233966|Src n/a
[engine] opt failed id=1063  ProtosRootNode@1a5bfb44                            |Tier 1|Time   43(-240582776+240582820)ms|Reason: jdk.graal.compiler.truffle.GraphTooBigBailoutException: Graph too big to safely compile. Node count: 48823. Graph Size: 150002. Limit: 150000.|Timestamp 240582819623457|Src n/a
[engine] opt done   id=1050  ProtosRootNode@1f3a0fc9                            |Tier 1|Time    22(   8+14  )ms|AST    2|Inlined   0Y   0N|IR    888/  1275|CodeSize    5532|Addr 0x7fb4371e8ee0|Timestamp 240582843382870|Src n/a
[engine] opt done   id=1051  ProtosRootNode@a740150                             |Tier 1|Time   182(  19+163 )ms|AST    7|Inlined   0Y   0N|IR   3682/ 13209|CodeSize   69031|Addr 0x7fb437796e80|Timestamp 240583025957675|Src n/a
[engine] opt done   id=1151  ProtosRootNode@72fbb181                            |Tier 1|Time    19(   8+11  )ms|AST    2|Inlined   0Y   0N|IR    591/  1658|CodeSize    7561|Addr 0x7fb43715eca0|Timestamp 240583228551478|Src n/a
[engine] opt done   id=1152  ProtosRootNode@7d8fca5d                            |Tier 1|Time  1457( 153+1304)ms|AST   21|Inlined   0Y   0N|IR  16060/ 60467|CodeSize  316760|Addr 0x7fb43716d680|Timestamp 240584687933194|Src n/a
[engine] opt done   id=1147  ProtosRootNode@62bb533f                            |Tier 1|Time    14(   4+10  )ms|AST    2|Inlined   0Y   0N|IR    888/  1275|CodeSize    5532|Addr 0x7fb437254060|Timestamp 240584731724185|Src n/a
[engine] opt done   id=1148  ProtosRootNode@649f9a49                            |Tier 1|Time   504(  76+428 )ms|AST   11|Inlined   0Y   0N|IR   8794/ 30689|CodeSize  160146|Addr 0x7fb4371efbe0|Timestamp 240585238456112|Src n/a
[engine] opt done   id=1149  ProtosRootNode@136b69ad                            |Tier 1|Time    14(   5+10  )ms|AST    2|Inlined   0Y   0N|IR    888/  1275|CodeSize    5532|Addr 0x7fb4377931e0|Timestamp 240585269164635|Src n/a
[engine] opt done   id=1150  ProtosRootNode@7030d118                            |Tier 1|Time  1256(  95+1161)ms|AST   20|Inlined   0Y   0N|IR  16520/ 57992|CodeSize  306139|Addr 0x7fb43725c800|Timestamp 240586525667796|Src n/a
[engine] opt done   id=1151  ProtosRootNode@72fbb181                            |Tier 2|Time    19(   4+16  )ms|AST    2|Inlined   0Y   0N|IR    518/  1448|CodeSize    7174|Addr 0x7fb43766e3e0|Timestamp 240586634067268|Src n/a
[engine] opt done   id=1152  ProtosRootNode@7d8fca5d                            |Tier 2|Time  1340(  99+1241)ms|AST   21|Inlined   0Y   0N|IR  15987/ 50198|CodeSize  278715|Addr 0x7fb437679120|Timestamp 240587974701016|Src n/a
[engine] opt done   id=1147  ProtosRootNode@62bb533f                            |Tier 2|Time    17(   4+13  )ms|AST    2|Inlined   0Y   0N|IR    815/   944|CodeSize    4429|Addr 0x7fb437abdb80|Timestamp 240588052347224|Src n/a
[engine] opt done   id=1148  ProtosRootNode@649f9a49                            |Tier 2|Time   532(  50+482 )ms|AST   11|Inlined   0Y   0N|IR   8721/ 25054|CodeSize  135043|Addr 0x7fb4376eb740|Timestamp 240588585940467|Src n/a
[engine] opt done   id=1149  ProtosRootNode@136b69ad                            |Tier 2|Time    18(   5+13  )ms|AST    2|Inlined   0Y   0N|IR    815/   944|CodeSize    4429|Addr 0x7fb43819a600|Timestamp 240588629573808|Src n/a
[engine] opt done   id=1150  ProtosRootNode@7030d118                            |Tier 2|Time  1251(  98+1154)ms|AST   20|Inlined   0Y   0N|IR  16447/ 47167|CodeSize  261120|Addr 0x7fb4377280c0|Timestamp 240589881494761|Src n/a
[engine] opt done   id=1153  ProtosRootNode@5bd13dbe                            |Tier 1|Time    23(   5+18  )ms|AST    2|Inlined   0Y   0N|IR    888/  2671|CodeSize   13140|Addr 0x7fb43778d2c0|Timestamp 240589941291655|Src n/a
[engine] opt failed id=1154  ProtosRootNode@427312e3                            |Tier 1|Time   43(-240589942+240589985)ms|Reason: jdk.graal.compiler.truffle.GraphTooBigBailoutException: Graph too big to safely compile. Node count: 48823. Graph Size: 150002. Limit: 150000.|Timestamp 240589984911405|Src n/a
[engine] opt failed id=1154  ProtosRootNode@427312e3                            |Tier 1|Time   44(-240589992+240590035)ms|Reason: jdk.graal.compiler.truffle.GraphTooBigBailoutException: Graph too big to safely compile. Node count: 48823. Graph Size: 150002. Limit: 150000.|Timestamp 240590035388786|Src n/a
[engine] opt done   id=1141  ProtosRootNode@2b4b833f                            |Tier 1|Time    14(   5+10  )ms|AST    2|Inlined   0Y   0N|IR    888/  1275|CodeSize    5532|Addr 0x7fb438418fe0|Timestamp 240590053917191|Src n/a
[engine] opt done   id=1142  ProtosRootNode@1dc9917a                            |Tier 1|Time   147(  20+128 )ms|AST    7|Inlined   0Y   0N|IR   3682/ 13209|CodeSize   69031|Addr 0x7fb43819e900|Timestamp 240590201607567|Src n/a
[engine] opt done   id=1242  ProtosRootNode@22279ee2                            |Tier 1|Time    30(   8+23  )ms|AST    2|Inlined   0Y   0N|IR    591/  1658|CodeSize    7561|Addr 0x7fb437cb9f20|Timestamp 240590407020773|Src n/a
[engine] opt done   id=1243  ProtosRootNode@274b7f4e                            |Tier 1|Time  1641( 255+1386)ms|AST   21|Inlined   0Y   0N|IR  16060/ 60467|CodeSize  316760|Addr 0x7fb437cc3b00|Timestamp 240592050449590|Src n/a
[engine] opt done   id=1238  ProtosRootNode@6174e3fb                            |Tier 1|Time    15(   5+10  )ms|AST    2|Inlined   0Y   0N|IR    888/  1275|CodeSize    5532|Addr 0x7fb438a00a60|Timestamp 240592093987501|Src n/a
[engine] opt done   id=1239  ProtosRootNode@5e4dd0eb                            |Tier 1|Time   516(  48+468 )ms|AST   11|Inlined   0Y   0N|IR   8794/ 30689|CodeSize  160146|Addr 0x7fb4375aae60|Timestamp 240592609867248|Src n/a
[engine] opt done   id=1240  ProtosRootNode@7c0c538                             |Tier 1|Time    17(   5+12  )ms|AST    2|Inlined   0Y   0N|IR    888/  1275|CodeSize    5532|Addr 0x7fb4375a6460|Timestamp 240592644167936|Src n/a
[engine] opt done   id=1241  ProtosRootNode@6dd5565b                            |Tier 1|Time  1473( 118+1355)ms|AST   20|Inlined   0Y   0N|IR  16520/ 57992|CodeSize  306139|Addr 0x7fb437d89000|Timestamp 240594119527588|Src n/a
[engine] opt done   id=1242  ProtosRootNode@22279ee2                            |Tier 2|Time    43(   6+37  )ms|AST    2|Inlined   0Y   0N|IR    518/  1448|CodeSize    7174|Addr 0x7fb4378fcc60|Timestamp 240594204384046|Src n/a
[engine] opt done   id=1243  ProtosRootNode@274b7f4e                            |Tier 2|Time  1587( 107+1480)ms|AST   21|Inlined   0Y   0N|IR  15987/ 50198|CodeSize  278715|Addr 0x7fb437903ba0|Timestamp 240595791495542|Src n/a
[engine] opt done   id=1238  ProtosRootNode@6174e3fb                            |Tier 2|Time    19(   5+14  )ms|AST    2|Inlined   0Y   0N|IR    815/   944|CodeSize    4429|Addr 0x7fb437e02500|Timestamp 240595878948493|Src n/a
[engine] opt done   id=1239  ProtosRootNode@5e4dd0eb                            |Tier 2|Time   630(  57+572 )ms|AST   11|Inlined   0Y   0N|IR   8721/ 25054|CodeSize  135043|Addr 0x7fb437bf6ac0|Timestamp 240596508792889|Src n/a
[engine] opt done   id=1240  ProtosRootNode@7c0c538                             |Tier 2|Time    20(   4+16  )ms|AST    2|Inlined   0Y   0N|IR    815/   944|CodeSize    4429|Addr 0x7fb437bf3000|Timestamp 240596532092971|Src n/a
[engine] opt done   id=1241  ProtosRootNode@6dd5565b                            |Tier 2|Time  1714( 184+1530)ms|AST   20|Inlined   0Y   0N|IR  16447/ 47167|CodeSize  261120|Addr 0x7fb437c2e640|Timestamp 240598263416205|Src n/a
[engine] opt done   id=1244  ProtosRootNode@59eb89c4                            |Tier 1|Time    28(   5+23  )ms|AST    2|Inlined   0Y   0N|IR    888/  2671|CodeSize   13140|Addr 0x7fb437f137c0|Timestamp 240598333118932|Src n/a
[engine] opt failed id=1245  ProtosRootNode@29ae0930                            |Tier 1|Time   89(-240598334+240598424)ms|Reason: jdk.graal.compiler.truffle.GraphTooBigBailoutException: Graph too big to safely compile. Node count: 48823. Graph Size: 150002. Limit: 150000.|Timestamp 240598423545658|Src n/a
[engine] opt failed id=1245  ProtosRootNode@29ae0930                            |Tier 1|Time   48(-240598424+240598472)ms|Reason: jdk.graal.compiler.truffle.GraphTooBigBailoutException: Graph too big to safely compile. Node count: 48823. Graph Size: 150002. Limit: 150000.|Timestamp 240598472111395|Src n/a
[engine] opt done   id=1232  ProtosRootNode@2756a611                            |Tier 1|Time    16(   5+11  )ms|AST    2|Inlined   0Y   0N|IR    888/  1275|CodeSize    5532|Addr 0x7fb438939de0|Timestamp 240598497450740|Src n/a
[engine] opt done   id=1233  ProtosRootNode@46ad9412                            |Tier 1|Time   166(  22+144 )ms|AST    7|Inlined   0Y   0N|IR   3682/ 13209|CodeSize   69031|Addr 0x7fb43841e480|Timestamp 240598663454081|Src n/a
[engine] opt done   id=1333  ProtosRootNode@501a2076                            |Tier 1|Time    32(   8+24  )ms|AST    2|Inlined   0Y   0N|IR    591/  1658|CodeSize    7561|Addr 0x7fb438934aa0|Timestamp 240598902999323|Src n/a
[engine] opt done   id=1334  ProtosRootNode@712ae246                            |Tier 1|Time  1451( 133+1318)ms|AST   21|Inlined   0Y   0N|IR  16060/ 60467|CodeSize  316760|Addr 0x7fb438942180|Timestamp 240600354545628|Src n/a
[engine] opt done   id=1329  ProtosRootNode@ab4ce6e                             |Tier 1|Time    46(   4+41  )ms|AST    2|Inlined   0Y   0N|IR    888/  1275|CodeSize    5532|Addr 0x7fb438932260|Timestamp 240600403256035|Src n/a
[engine] opt done   id=1330  ProtosRootNode@29c757a9                            |Tier 1|Time   511(  64+446 )ms|AST   11|Inlined   0Y   0N|IR   8794/ 30689|CodeSize  160146|Addr 0x7fb4389c0a60|Timestamp 240600916269167|Src n/a
[engine] opt done   id=1331  ProtosRootNode@e2b126c                             |Tier 1|Time    15(   6+10  )ms|AST    2|Inlined   0Y   0N|IR    888/  1275|CodeSize    5532|Addr 0x7fb4389bc060|Timestamp 240600950243784|Src n/a
[engine] opt done   id=1332  ProtosRootNode@5ec4f2a2                            |Tier 1|Time  1685( 148+1537)ms|AST   20|Inlined   0Y   0N|IR  16520/ 57992|CodeSize  306139|Addr 0x7fb4375f1600|Timestamp 240602636508323|Src n/a
[engine] opt done   id=1333  ProtosRootNode@501a2076                            |Tier 2|Time    80(   6+74  )ms|AST    2|Inlined   0Y   0N|IR    518/  1448|CodeSize    7174|Addr 0x7fb43892ed60|Timestamp 240602779928292|Src n/a
[engine] opt done   id=1334  ProtosRootNode@712ae246                            |Tier 2|Time  1507( 140+1367)ms|AST   21|Inlined   0Y   0N|IR  15987/ 50198|CodeSize  278715|Addr 0x7fb437e07ca0|Timestamp 240604287435691|Src n/a
[engine] opt done   id=1329  ProtosRootNode@ab4ce6e                             |Tier 2|Time    16(   4+12  )ms|AST    2|Inlined   0Y   0N|IR    815/   944|CodeSize    4429|Addr 0x7fb4375eb400|Timestamp 240604363271057|Src n/a
[engine] opt done   id=1330  ProtosRootNode@29c757a9                            |Tier 2|Time   490(  46+444 )ms|AST   11|Inlined   0Y   0N|IR   8721/ 25054|CodeSize  135043|Addr 0x7fb438375640|Timestamp 240604853220865|Src n/a
[engine] opt done   id=1331  ProtosRootNode@e2b126c                             |Tier 2|Time    17(   4+12  )ms|AST    2|Inlined   0Y   0N|IR    815/   944|CodeSize    4429|Addr 0x7fb438371b80|Timestamp 240604872964123|Src n/a
[engine] opt done   id=1332  ProtosRootNode@5ec4f2a2                            |Tier 2|Time  1177( 110+1067)ms|AST   20|Inlined   0Y   0N|IR  16447/ 47167|CodeSize  261120|Addr 0x7fb437eaebc0|Timestamp 240606050656794|Src n/a
[engine] opt done   id=1335  ProtosRootNode@33549f9e                            |Tier 1|Time    22(   5+17  )ms|AST    2|Inlined   0Y   0N|IR    888/  2671|CodeSize   13140|Addr 0x7fb4389290c0|Timestamp 240606107279742|Src n/a
[engine] opt failed id=1336  ProtosRootNode@240d035d                            |Tier 1|Time   43(-240606108+240606150)ms|Reason: jdk.graal.compiler.truffle.GraphTooBigBailoutException: Graph too big to safely compile. Node count: 48823. Graph Size: 150002. Limit: 150000.|Timestamp 240606150353742|Src n/a
[engine] opt failed id=1336  ProtosRootNode@240d035d                            |Tier 1|Time   42(-240606157+240606199)ms|Reason: jdk.graal.compiler.truffle.GraphTooBigBailoutException: Graph too big to safely compile. Node count: 48823. Graph Size: 150002. Limit: 150000.|Timestamp 240606199023759|Src n/a
[engine] opt done   id=1323  ProtosRootNode@35250b38                            |Tier 1|Time    14(   4+9   )ms|AST    2|Inlined   0Y   0N|IR    888/  1275|CodeSize    5532|Addr 0x7fb4389266e0|Timestamp 240606216648754|Src n/a
[engine] opt done   id=1324  ProtosRootNode@496f65f8                            |Tier 1|Time   146(  19+127 )ms|AST    7|Inlined   0Y   0N|IR   3682/ 13209|CodeSize   69031|Addr 0x7fb4374f5980|Timestamp 240606362759796|Src n/a
[engine] opt done   id=1424  ProtosRootNode@71fa66b8                            |Tier 1|Time    30(   8+22  )ms|AST    2|Inlined   0Y   0N|IR    591/  1658|CodeSize    7561|Addr 0x7fb438923020|Timestamp 240606557262936|Src n/a
[engine] opt done   id=1425  ProtosRootNode@c017053                             |Tier 1|Time  1343( 118+1226)ms|AST   21|Inlined   0Y   0N|IR  16060/ 60467|CodeSize  316760|Addr 0x7fb43752b580|Timestamp 240607904291570|Src n/a
[engine] opt done   id=1420  ProtosRootNode@42e50e64                            |Tier 1|Time    19(   8+11  )ms|AST    2|Inlined   0Y   0N|IR    888/  1275|CodeSize    5532|Addr 0x7fb4374f25e0|Timestamp 240607956641623|Src n/a
[engine] opt done   id=1421  ProtosRootNode@1c6f0a6c                            |Tier 1|Time   497(  48+449 )ms|AST   11|Inlined   0Y   0N|IR   8794/ 30689|CodeSize  160146|Addr 0x7fb437d44c60|Timestamp 240608453673621|Src n/a
[engine] opt done   id=1422  ProtosRootNode@22bf2573                            |Tier 1|Time    14(   5+10  )ms|AST    2|Inlined   0Y   0N|IR    888/  1275|CodeSize    5532|Addr 0x7fb437524c60|Timestamp 240608484028253|Src n/a
[engine] opt done   id=1423  ProtosRootNode@577aa660                            |Tier 1|Time  1302( 103+1200)ms|AST   20|Inlined   0Y   0N|IR  16520/ 57992|CodeSize  306139|Addr 0x7fb437a45d80|Timestamp 240609788504228|Src n/a
[engine] opt done   id=1424  ProtosRootNode@71fa66b8                            |Tier 2|Time    29(   4+25  )ms|AST    2|Inlined   0Y   0N|IR    518/  1448|CodeSize    7174|Addr 0x7fb437d3f560|Timestamp 240609859557686|Src n/a
[engine] opt done   id=1425  ProtosRootNode@c017053                             |Tier 2|Time  1297(  96+1200)ms|AST   21|Inlined   0Y   0N|IR  15987/ 50198|CodeSize  278715|Addr 0x7fb43812df20|Timestamp 240611156624950|Src n/a
[engine] opt done   id=1420  ProtosRootNode@42e50e64                            |Tier 2|Time    17(   4+13  )ms|AST    2|Inlined   0Y   0N|IR    815/   944|CodeSize    4429|Addr 0x7fb437a3fb80|Timestamp 240611236909461|Src n/a
[engine] opt done   id=1421  ProtosRootNode@1c6f0a6c                            |Tier 2|Time   530(  50+479 )ms|AST   11|Inlined   0Y   0N|IR   8721/ 25054|CodeSize  135043|Addr 0x7fb437e776c0|Timestamp 240611767060984|Src n/a
[engine] opt done   id=1422  ProtosRootNode@22bf2573                            |Tier 2|Time    17(   4+13  )ms|AST    2|Inlined   0Y   0N|IR    815/   944|CodeSize    4429|Addr 0x7fb437a3da00|Timestamp 240611786933271|Src n/a
[engine] opt done   id=1423  ProtosRootNode@577aa660                            |Tier 2|Time  1288( 119+1169)ms|AST   20|Inlined   0Y   0N|IR  16447/ 47167|CodeSize  261120|Addr 0x7fb4383b29c0|Timestamp 240613074829721|Src n/a
[engine] opt done   id=1426  ProtosRootNode@727d080e                            |Tier 1|Time    23(   5+18  )ms|AST    2|Inlined   0Y   0N|IR    888/  2671|CodeSize   13140|Addr 0x7fb4383a9f40|Timestamp 240613139132670|Src n/a
[engine] opt failed id=1427  ProtosRootNode@61fbb357                            |Tier 1|Time   54(-240613141+240613195)ms|Reason: jdk.graal.compiler.truffle.GraphTooBigBailoutException: Graph too big to safely compile. Node count: 48823. Graph Size: 150002. Limit: 150000.|Timestamp 240613195458678|Src n/a
[engine] opt failed id=1427  ProtosRootNode@61fbb357                            |Tier 1|Time   46(-240613201+240613248)ms|Reason: jdk.graal.compiler.truffle.GraphTooBigBailoutException: Graph too big to safely compile. Node count: 48823. Graph Size: 150002. Limit: 150000.|Timestamp 240613247822550|Src n/a
[engine] opt done   id=1414  ProtosRootNode@2dcef80                             |Tier 1|Time    15(   5+11  )ms|AST    2|Inlined   0Y   0N|IR    888/  1275|CodeSize    5532|Addr 0x7fb437e735e0|Timestamp 240613267780918|Src n/a
[engine] opt done   id=1415  ProtosRootNode@423bac33                            |Tier 1|Time   163(  22+141 )ms|AST    7|Inlined   0Y   0N|IR   3682/ 13209|CodeSize   69031|Addr 0x7fb437f1cc80|Timestamp 240613433288296|Src n/a
[engine] opt done   id=1515  ProtosRootNode@48c3181f                            |Tier 1|Time    15(   4+11  )ms|AST    2|Inlined   0Y   0N|IR    591/  1658|CodeSize    7561|Addr 0x7fb43891f920|Timestamp 240613624300110|Src n/a
[engine] opt done   id=1516  ProtosRootNode@1bb96b86                            |Tier 1|Time  1336( 116+1220)ms|AST   21|Inlined   0Y   0N|IR  16060/ 60467|CodeSize  316760|Addr 0x7fb4381c2880|Timestamp 240614960910876|Src n/a
[engine] opt done   id=1511  ProtosRootNode@27cd0187                            |Tier 1|Time    24(   4+19  )ms|AST    2|Inlined   0Y   0N|IR    888/  1275|CodeSize    5532|Addr 0x7fb437f198e0|Timestamp 240614989790286|Src n/a
[engine] opt done   id=1512  ProtosRootNode@759d199c                            |Tier 1|Time   506(  47+459 )ms|AST   11|Inlined   0Y   0N|IR   8794/ 30689|CodeSize  160146|Addr 0x7fb4388d8f60|Timestamp 240615496129315|Src n/a
[engine] opt done   id=1513  ProtosRootNode@19af88ff                            |Tier 1|Time    14(   4+9   )ms|AST    2|Inlined   0Y   0N|IR    888/  1275|CodeSize    5532|Addr 0x7fb4381bbf60|Timestamp 240615525264126|Src n/a
[engine] opt done   id=1514  ProtosRootNode@3bec10a7                            |Tier 1|Time  1270( 133+1136)ms|AST   20|Inlined   0Y   0N|IR  16520/ 57992|CodeSize  306139|Addr 0x7fb43799d100|Timestamp 240616795215859|Src n/a
[engine] opt done   id=1515  ProtosRootNode@48c3181f                            |Tier 2|Time    42(   4+38  )ms|AST    2|Inlined   0Y   0N|IR    518/  1448|CodeSize    7174|Addr 0x7fb43891c3e0|Timestamp 240616882456369|Src n/a
[engine] opt done   id=1516  ProtosRootNode@1bb96b86                            |Tier 2|Time  1480( 169+1311)ms|AST   21|Inlined   0Y   0N|IR  15987/ 50198|CodeSize  278715|Addr 0x7fb438307da0|Timestamp 240618364146734|Src n/a
[engine] opt done   id=1511  ProtosRootNode@27cd0187                            |Tier 2|Time    17(   4+13  )ms|AST    2|Inlined   0Y   0N|IR    815/   944|CodeSize    4429|Addr 0x7fb438302900|Timestamp 240618444746235|Src n/a
[engine] opt done   id=1512  ProtosRootNode@759d199c                            |Tier 2|Time   929( 106+823 )ms|AST   11|Inlined   0Y   0N|IR   8721/ 25054|CodeSize  135043|Addr 0x7fb4380f5140|Timestamp 240619375787069|Src n/a
[engine] opt done   id=1513  ProtosRootNode@19af88ff                            |Tier 2|Time    17(   4+13  )ms|AST    2|Inlined   0Y   0N|IR    815/   944|CodeSize    4429|Addr 0x7fb4380f1680|Timestamp 240619401124204|Src n/a
[engine] opt done   id=1514  ProtosRootNode@3bec10a7                            |Tier 2|Time  1239( 126+1113)ms|AST   20|Inlined   0Y   0N|IR  16447/ 47167|CodeSize  261120|Addr 0x7fb43880c340|Timestamp 240620639899572|Src n/a
[engine] opt done   id=1517  ProtosRootNode@623613ed                            |Tier 1|Time    23(   5+18  )ms|AST    2|Inlined   0Y   0N|IR    888/  2671|CodeSize   13140|Addr 0x7fb4388038c0|Timestamp 240620699646754|Src n/a
[engine] opt failed id=1518  ProtosRootNode@577bfc5e                            |Tier 1|Time   44(-240620700+240620744)ms|Reason: jdk.graal.compiler.truffle.GraphTooBigBailoutException: Graph too big to safely compile. Node count: 48823. Graph Size: 150002. Limit: 150000.|Timestamp 240620744440986|Src n/a
[engine] opt failed id=1518  ProtosRootNode@577bfc5e                            |Tier 1|Time   43(-240620751+240620795)ms|Reason: jdk.graal.compiler.truffle.GraphTooBigBailoutException: Graph too big to safely compile. Node count: 48823. Graph Size: 150002. Limit: 150000.|Timestamp 240620794685025|Src n/a
[engine] opt done   id=1505  ProtosRootNode@43c01dfb                            |Tier 1|Time    14(   4+10  )ms|AST    2|Inlined   0Y   0N|IR    888/  1275|CodeSize    5532|Addr 0x7fb438800ee0|Timestamp 240620813455781|Src n/a
[engine] opt done   id=1506  ProtosRootNode@62a02f68                            |Tier 1|Time   151(  20+131 )ms|AST    7|Inlined   0Y   0N|IR   3682/ 13209|CodeSize   69031|Addr 0x7fb43869cf00|Timestamp 240620964610910|Src n/a
[engine] opt done   id=1606  ProtosRootNode@38b245c2                            |Tier 1|Time    30(   8+22  )ms|AST    2|Inlined   0Y   0N|IR    591/  1658|CodeSize    7561|Addr 0x7fb437995a20|Timestamp 240621169736182|Src n/a
[engine] opt done   id=1607  ProtosRootNode@1b6b2aa7                            |Tier 1|Time  1328( 167+1161)ms|AST   21|Inlined   0Y   0N|IR  16060/ 60467|CodeSize  316760|Addr 0x7fb43861e900|Timestamp 240622497934022|Src n/a
[engine] opt done   id=1602  ProtosRootNode@31f0b03a                            |Tier 1|Time    26(   5+21  )ms|AST    2|Inlined   0Y   0N|IR    888/  1275|CodeSize    5532|Addr 0x7fb438699b60|Timestamp 240622526050541|Src n/a
[engine] opt done   id=1603  ProtosRootNode@22c2afe                             |Tier 1|Time   500(  46+454 )ms|AST   11|Inlined   0Y   0N|IR   8794/ 30689|CodeSize  160146|Addr 0x7fb438b769e0|Timestamp 240623026311970|Src n/a
[engine] opt done   id=1604  ProtosRootNode@4c2c2ee8                            |Tier 1|Time    15(   5+11  )ms|AST    2|Inlined   0Y   0N|IR    888/  1275|CodeSize    5532|Addr 0x7fb43798fe60|Timestamp 240623056545472|Src n/a
[engine] opt done   id=1605  ProtosRootNode@21774de7                            |Tier 1|Time  1262( 100+1161)ms|AST   20|Inlined   0Y   0N|IR  16520/ 57992|CodeSize  306139|Addr 0x7fb438afd900|Timestamp 240624318651060|Src n/a
[engine] opt done   id=1606  ProtosRootNode@38b245c2                            |Tier 2|Time    29(   4+26  )ms|AST    2|Inlined   0Y   0N|IR    518/  1448|CodeSize    7174|Addr 0x7fb438af63e0|Timestamp 240624402268375|Src n/a
[engine] opt done   id=1607  ProtosRootNode@1b6b2aa7                            |Tier 2|Time  1309( 107+1202)ms|AST   21|Inlined   0Y   0N|IR  15987/ 50198|CodeSize  278715|Addr 0x7fb438297ea0|Timestamp 240625713543100|Src n/a
[engine] opt done   id=1602  ProtosRootNode@31f0b03a                            |Tier 2|Time    17(   4+13  )ms|AST    2|Inlined   0Y   0N|IR    815/   944|CodeSize    4429|Addr 0x7fb438af4180|Timestamp 240625789946225|Src n/a
[engine] opt done   id=1603  ProtosRootNode@22c2afe                             |Tier 2|Time   549(  46+503 )ms|AST   11|Inlined   0Y   0N|IR   8721/ 25054|CodeSize  135043|Addr 0x7fb438876dc0|Timestamp 240626339682002|Src n/a
[engine] opt done   id=1604  ProtosRootNode@4c2c2ee8                            |Tier 2|Time    18(   4+14  )ms|AST    2|Inlined   0Y   0N|IR    815/   944|CodeSize    4429|Addr 0x7fb438873300|Timestamp 240626365180467|Src n/a
[engine] opt done   id=1605  ProtosRootNode@21774de7                            |Tier 2|Time  1280( 117+1163)ms|AST   20|Inlined   0Y   0N|IR  16447/ 47167|CodeSize  261120|Addr 0x7fb437f9dac0|Timestamp 240627645444208|Src n/a
[engine] opt done   id=1608  ProtosRootNode@558433b8                            |Tier 1|Time    22(   5+17  )ms|AST    2|Inlined   0Y   0N|IR    888/  2671|CodeSize   13140|Addr 0x7fb43798a240|Timestamp 240627687915167|Src n/a
[engine] opt failed id=1609  ProtosRootNode@23d59384                            |Tier 1|Time   43(-240627701+240627744)ms|Reason: jdk.graal.compiler.truffle.GraphTooBigBailoutException: Graph too big to safely compile. Node count: 48823. Graph Size: 150002. Limit: 150000.|Timestamp 240627744178744|Src n/a
[engine] opt failed id=1609  ProtosRootNode@23d59384                            |Tier 1|Time   52(-240627746+240627798)ms|Reason: jdk.graal.compiler.truffle.GraphTooBigBailoutException: Graph too big to safely compile. Node count: 48823. Graph Size: 150002. Limit: 150000.|Timestamp 240627797670948|Src n/a
[engine] opt done   id=1596  ProtosRootNode@460501ba                            |Tier 1|Time    15(   5+10  )ms|AST    2|Inlined   0Y   0N|IR    888/  1275|CodeSize    5532|Addr 0x7fb437987860|Timestamp 240627819294267|Src n/a
[engine] opt done   id=1597  ProtosRootNode@4aca314e                            |Tier 1|Time   161(  34+126 )ms|AST    7|Inlined   0Y   0N|IR   3682/ 13209|CodeSize   69031|Addr 0x7fb437a1d500|Timestamp 240627981921091|Src n/a
[engine] opt done   id=1697  ProtosRootNode@5e3b24b0                            |Tier 1|Time    16(   5+10  )ms|AST    2|Inlined   0Y   0N|IR    591/  1658|CodeSize    7561|Addr 0x7fb437a192a0|Timestamp 240628164685582|Src n/a
[engine] opt done   id=1698  ProtosRootNode@fbfcd6                              |Tier 1|Time  1313( 109+1204)ms|AST   21|Inlined   0Y   0N|IR  16060/ 60467|CodeSize  316760|Addr 0x7fb438489900|Timestamp 240629478444149|Src n/a
[engine] opt done   id=1693  ProtosRootNode@c41d087                             |Tier 1|Time    24(   5+19  )ms|AST    2|Inlined   0Y   0N|IR    888/  1275|CodeSize    5532|Addr 0x7fb437a16a60|Timestamp 240629505070985|Src n/a
[engine] opt done   id=1694  ProtosRootNode@72611597                            |Tier 1|Time   487(  42+445 )ms|AST   11|Inlined   0Y   0N|IR   8794/ 30689|CodeSize  160146|Addr 0x7fb438445b60|Timestamp 240629992769356|Src n/a
[engine] opt done   id=1695  ProtosRootNode@4a13dc3c                            |Tier 1|Time    15(   5+10  )ms|AST    2|Inlined   0Y   0N|IR    888/  1275|CodeSize    5532|Addr 0x7fb438441160|Timestamp 240630023683538|Src n/a
[engine] opt done   id=1696  ProtosRootNode@1e5c6c2                             |Tier 1|Time  1228( 100+1128)ms|AST   20|Inlined   0Y   0N|IR  16520/ 57992|CodeSize  306139|Addr 0x7fb438077d00|Timestamp 240631251555255|Src n/a
[engine] opt done   id=1697  ProtosRootNode@5e3b24b0                            |Tier 2|Time    41(   4+37  )ms|AST    2|Inlined   0Y   0N|IR    518/  1448|CodeSize    7174|Addr 0x7fb43843dc60|Timestamp 240631337372403|Src n/a
[engine] opt done   id=1698  ProtosRootNode@fbfcd6                              |Tier 2|Time  1436( 103+1333)ms|AST   21|Inlined   0Y   0N|IR  15987/ 50198|CodeSize  278715|Addr 0x7fb43800a1a0|Timestamp 240632773866146|Src n/a
[engine] opt done   id=1693  ProtosRootNode@c41d087                             |Tier 2|Time    17(   4+13  )ms|AST    2|Inlined   0Y   0N|IR    815/   944|CodeSize    4429|Addr 0x7fb438871180|Timestamp 240632853233095|Src n/a
[engine] opt done   id=1694  ProtosRootNode@72611597                            |Tier 2|Time   551(  48+503 )ms|AST   11|Inlined   0Y   0N|IR   8721/ 25054|CodeSize  135043|Addr 0x7fb438260840|Timestamp 240633404051382|Src n/a
[engine] opt done   id=1695  ProtosRootNode@4a13dc3c                            |Tier 2|Time    17(   4+13  )ms|AST    2|Inlined   0Y   0N|IR    815/   944|CodeSize    4429|Addr 0x7fb437a14880|Timestamp 240633424323160|Src n/a
[engine] opt done   id=1696  ProtosRootNode@1e5c6c2                             |Tier 2|Time  1260( 124+1135)ms|AST   20|Inlined   0Y   0N|IR  16447/ 47167|CodeSize  261120|Addr 0x7fb43858a3c0|Timestamp 240634684164339|Src n/a
[engine] opt done   id=1699  ProtosRootNode@190148f2                            |Tier 1|Time    23(   5+19  )ms|AST    2|Inlined   0Y   0N|IR    888/  2671|CodeSize   13140|Addr 0x7fb437981c40|Timestamp 240634748641167|Src n/a
[engine] opt failed id=1700  ProtosRootNode@be03f3a                             |Tier 1|Time   69(-240634751+240634820)ms|Reason: jdk.graal.compiler.truffle.GraphTooBigBailoutException: Graph too big to safely compile. Node count: 48823. Graph Size: 150002. Limit: 150000.|Timestamp 240634819940675|Src n/a
[engine] opt failed id=1700  ProtosRootNode@be03f3a                             |Tier 1|Time   49(-240634826+240634875)ms|Reason: jdk.graal.compiler.truffle.GraphTooBigBailoutException: Graph too big to safely compile. Node count: 48823. Graph Size: 150002. Limit: 150000.|Timestamp 240634875175381|Src n/a
[engine] opt done   id=1687  ProtosRootNode@33a8d2f7                            |Tier 1|Time    16(   6+10  )ms|AST    2|Inlined   0Y   0N|IR    888/  1275|CodeSize    5532|Addr 0x7fb4380046e0|Timestamp 240634895789499|Src n/a
[engine] opt done   id=1688  ProtosRootNode@9a89ccd                             |Tier 1|Time   147(  19+127 )ms|AST    7|Inlined   0Y   0N|IR   3682/ 13209|CodeSize   69031|Addr 0x7fb438243400|Timestamp 240635042936531|Src n/a
[engine] opt done   id=1788  ProtosRootNode@7ddc5519                            |Tier 1|Time    26(   7+19  )ms|AST    2|Inlined   0Y   0N|IR    591/  1658|CodeSize    7561|Addr 0x7fb43823f1a0|Timestamp 240635237426868|Src n/a
[engine] opt done   id=1789  ProtosRootNode@29a48b57                            |Tier 1|Time  1393( 143+1251)ms|AST   21|Inlined   0Y   0N|IR  16060/ 60467|CodeSize  316760|Addr 0x7fb43850da00|Timestamp 240636632735982|Src n/a
[engine] opt done   id=1784  ProtosRootNode@4d3ef0a8                            |Tier 1|Time    28(   5+23  )ms|AST    2|Inlined   0Y   0N|IR    888/  1275|CodeSize    5532|Addr 0x7fb4385070e0|Timestamp 240636663257734|Src n/a
[engine] opt done   id=1785  ProtosRootNode@c7b80f3                             |Tier 1|Time   473(  43+430 )ms|AST   11|Inlined   0Y   0N|IR   8794/ 30689|CodeSize  160146|Addr 0x7fb437f5afe0|Timestamp 240637136086953|Src n/a
[engine] opt done   id=1786  ProtosRootNode@3ecd90c3                            |Tier 1|Time    14(   4+10  )ms|AST    2|Inlined   0Y   0N|IR    888/  1275|CodeSize    5532|Addr 0x7fb4385048e0|Timestamp 240637165501263|Src n/a
[engine] opt done   id=1787  ProtosRootNode@2cc37e14                            |Tier 1|Time  1301(  92+1209)ms|AST   20|Inlined   0Y   0N|IR  16520/ 57992|CodeSize  306139|Addr 0x7fb438a79b00|Timestamp 240638466885107|Src n/a
[engine] opt done   id=1788  ProtosRootNode@7ddc5519                            |Tier 2|Time    38(   7+32  )ms|AST    2|Inlined   0Y   0N|IR    518/  1448|CodeSize    7174|Addr 0x7fb43797e560|Timestamp 240638570607490|Src n/a
[engine] opt done   id=1789  ProtosRootNode@29a48b57                            |Tier 2|Time  1448( 119+1329)ms|AST   21|Inlined   0Y   0N|IR  15987/ 50198|CodeSize  278715|Addr 0x7fb438a0bfa0|Timestamp 240640018581874|Src n/a
[engine] opt done   id=1784  ProtosRootNode@4d3ef0a8                            |Tier 2|Time    18(   4+14  )ms|AST    2|Inlined   0Y   0N|IR    815/   944|CodeSize    4429|Addr 0x7fb43823ca00|Timestamp 240640099134894|Src n/a
[engine] opt done   id=1785  ProtosRootNode@c7b80f3                             |Tier 2|Time   540(  50+489 )ms|AST   11|Inlined   0Y   0N|IR   8721/ 25054|CodeSize  135043|Addr 0x7fb437bbd740|Timestamp 240640638900874|Src n/a
[engine] opt done   id=1786  ProtosRootNode@3ecd90c3                            |Tier 2|Time    17(   4+13  )ms|AST    2|Inlined   0Y   0N|IR    815/   944|CodeSize    4429|Addr 0x7fb438a06b00|Timestamp 240640659830383|Src n/a
[engine] opt done   id=1787  ProtosRootNode@2cc37e14                            |Tier 2|Time  1456( 124+1331)ms|AST   20|Inlined   0Y   0N|IR  16447/ 47167|CodeSize  261120|Addr 0x7fb437b57840|Timestamp 240642115794677|Src n/a
[engine] opt done   id=1790  ProtosRootNode@641854ee                            |Tier 1|Time    37(   9+28  )ms|AST    2|Inlined   0Y   0N|IR    888/  2671|CodeSize   13140|Addr 0x7fb4379788c0|Timestamp 240642188964477|Src n/a
[engine] opt failed id=1791  ProtosRootNode@4d3a1b03                            |Tier 1|Time   61(-240642213+240642273)ms|Reason: jdk.graal.compiler.truffle.GraphTooBigBailoutException: Graph too big to safely compile. Node count: 48823. Graph Size: 150002. Limit: 150000.|Timestamp 240642273397732|Src n/a
[engine] opt failed id=1791  ProtosRootNode@4d3a1b03                            |Tier 1|Time   57(-240642279+240642336)ms|Reason: jdk.graal.compiler.truffle.GraphTooBigBailoutException: Graph too big to safely compile. Node count: 48823. Graph Size: 150002. Limit: 150000.|Timestamp 240642336063458|Src n/a
[engine] opt done   id=1778  ProtosRootNode@56ef9afe                            |Tier 1|Time    17(   6+11  )ms|AST    2|Inlined   0Y   0N|IR    888/  1275|CodeSize    5532|Addr 0x7fb438a04360|Timestamp 240642357812508|Src n/a
[engine] opt done   id=1779  ProtosRootNode@2deac0a9                            |Tier 1|Time   213(  31+182 )ms|AST    7|Inlined   0Y   0N|IR   3682/ 13209|CodeSize   69031|Addr 0x7fb437f3d280|Timestamp 240642571662191|Src n/a
[engine] opt done   id=1879  ProtosRootNode@139e4033                            |Tier 1|Time    45(  17+28  )ms|AST    2|Inlined   0Y   0N|IR    591/  1658|CodeSize    7561|Addr 0x7fb437974da0|Timestamp 240642849124121|Src n/a
[engine] opt done   id=1880  ProtosRootNode@24af590d                            |Tier 1|Time  2477( 261+2216)ms|AST   21|Inlined   0Y   0N|IR  16060/ 60467|CodeSize  316760|Addr 0x7fb437adae80|Timestamp 240645326523351|Src n/a
[engine] opt done   id=1875  ProtosRootNode@4001bd06                            |Tier 1|Time    19(   5+14  )ms|AST    2|Inlined   0Y   0N|IR    888/  1275|CodeSize    5532|Addr 0x7fb437f39ee0|Timestamp 240645349193222|Src n/a
[engine] opt done   id=1876  ProtosRootNode@3ebf6b7c                            |Tier 1|Time  1002( 100+903 )ms|AST   11|Inlined   0Y   0N|IR   8794/ 30689|CodeSize  160146|Addr 0x7fb4378bbc60|Timestamp 240646371621120|Src n/a
[engine] opt done   id=1877  ProtosRootNode@6b14e65b                            |Tier 1|Time    25(   7+18  )ms|AST    2|Inlined   0Y   0N|IR    888/  1275|CodeSize    5532|Addr 0x7fb437ad4560|Timestamp 240646439552773|Src n/a
[engine] opt done   id=1878  ProtosRootNode@73ec0952                            |Tier 1|Time  1768( 152+1617)ms|AST   20|Inlined   0Y   0N|IR  16520/ 57992|CodeSize  306139|Addr 0x7fb437842b80|Timestamp 240648208346982|Src n/a
[engine] opt done   id=1879  ProtosRootNode@139e4033                            |Tier 2|Time    56(   6+50  )ms|AST    2|Inlined   0Y   0N|IR    518/  1448|CodeSize    7174|Addr 0x7fb437ad1060|Timestamp 240648338551619|Src n/a
[engine] opt done   id=1880  ProtosRootNode@24af590d                            |Tier 2|Time  2445( 185+2260)ms|AST   21|Inlined   0Y   0N|IR  15987/ 50198|CodeSize  278715|Addr 0x7fb4377d5020|Timestamp 240650783843690|Src n/a
[engine] opt done   id=1875  ProtosRootNode@4001bd06                            |Tier 2|Time    21(   5+17  )ms|AST    2|Inlined   0Y   0N|IR    815/   944|CodeSize    4429|Addr 0x7fb437acee00|Timestamp 240650870739959|Src n/a
[engine] opt done   id=1876  ProtosRootNode@3ebf6b7c                            |Tier 2|Time   778(  60+717 )ms|AST   11|Inlined   0Y   0N|IR   8721/ 25054|CodeSize  135043|Addr 0x7fb4387c9540|Timestamp 240651666884716|Src n/a
[engine] opt done   id=1877  ProtosRootNode@6b14e65b                            |Tier 2|Time    20(   4+15  )ms|AST    2|Inlined   0Y   0N|IR    815/   944|CodeSize    4429|Addr 0x7fb437accc80|Timestamp 240651705658399|Src n/a
[engine] opt done   id=1878  ProtosRootNode@73ec0952                            |Tier 2|Time  1789( 153+1636)ms|AST   20|Inlined   0Y   0N|IR  16447/ 47167|CodeSize  261120|Addr 0x7fb438763640|Timestamp 240653494618771|Src n/a
[engine] opt done   id=1881  ProtosRootNode@75f3c79c                            |Tier 1|Time    34(  11+23  )ms|AST    2|Inlined   0Y   0N|IR    888/  2671|CodeSize   13140|Addr 0x7fb437ac70c0|Timestamp 240653581138409|Src n/a
[engine] opt failed id=1882  ProtosRootNode@18258330                            |Tier 1|Time   48(-240653581+240653629)ms|Reason: jdk.graal.compiler.truffle.GraphTooBigBailoutException: Graph too big to safely compile. Node count: 48823. Graph Size: 150002. Limit: 150000.|Timestamp 240653629132604|Src n/a
[engine] opt failed id=1882  ProtosRootNode@18258330                            |Tier 1|Time   49(-240653642+240653691)ms|Reason: jdk.graal.compiler.truffle.GraphTooBigBailoutException: Graph too big to safely compile. Node count: 48823. Graph Size: 150002. Limit: 150000.|Timestamp 240653691981100|Src n/a
[engine] opt done   id=1869  ProtosRootNode@c625af7                             |Tier 1|Time    33(  10+23  )ms|AST    2|Inlined   0Y   0N|IR    888/  1275|CodeSize    5532|Addr 0x7fb437ac3c60|Timestamp 240653734023338|Src n/a
[engine] opt done   id=1870  ProtosRootNode@687dc6dd                            |Tier 1|Time   201(  32+169 )ms|AST    7|Inlined   0Y   0N|IR   3682/ 13209|CodeSize   69031|Addr 0x7fb437c9c100|Timestamp 240653937412345|Src n/a
