$ taskset -c 0 java -cp /workspaces/protos-benchmarks/.work/embedded/997f633755574bab438897379229b75ace2bd733/canonical/56c598ef559eb45ffbe2fdb5747559be39d1620490cb45998b52efa800949b82/classes:/workspaces/protos/target/classes:/home/vscode/.m2/repository/org/jline/jline/3.30.6/jline-3.30.6.jar:/home/vscode/.m2/repository/com/ibm/icu/icu4j/78.1/icu4j-78.1.jar:/home/vscode/.m2/repository/org/graalvm/sdk/graal-sdk/25.4.4.1.1/graal-sdk-25.4.4.1.1.jar:/home/vscode/.m2/repository/org/graalvm/sdk/collections/25.4.4.1.1/collections-25.4.4.1.1.jar:/home/vscode/.m2/repository/org/graalvm/sdk/nativeimage/25.4.4.1.1/nativeimage-25.4.4.1.1.jar:/home/vscode/.m2/repository/org/graalvm/sdk/word/25.4.4.1.1/word-25.4.4.1.1.jar:/home/vscode/.m2/repository/org/graalvm/polyglot/polyglot/25.4.4.1.1/polyglot-25.4.4.1.1.jar:/home/vscode/.m2/repository/org/graalvm/truffle/truffle-api/25.4.4.1.1/truffle-api-25.4.4.1.1.jar:/home/vscode/.m2/repository/org/graalvm/sdk/jniutils/25.4.4.1.1/jniutils-25.4.4.1.1.jar:/home/vscode/.m2/repository/org/graalvm/truffle/truffle-runtime/25.4.4.1.1/truffle-runtime-25.4.4.1.1.jar:/home/vscode/.m2/repository/org/graalvm/truffle/truffle-compiler/25.4.4.1.1/truffle-compiler-25.4.4.1.1.jar:/home/vscode/.m2/repository/org/graalvm/polyglot/dap/25.4.4.1.1/dap-25.4.4.1.1.pom:/home/vscode/.m2/repository/org/graalvm/tools/dap-tool/25.4.4.1.1/dap-tool-25.4.4.1.1.jar:/home/vscode/.m2/repository/org/graalvm/shadowed/json/25.4.4.1.1/json-25.4.4.1.1.jar:/home/vscode/.m2/repository/org/eclipse/lsp4j/org.eclipse.lsp4j/1.0.0/org.eclipse.lsp4j-1.0.0.jar:/home/vscode/.m2/repository/org/eclipse/lsp4j/org.eclipse.lsp4j.jsonrpc/1.0.0/org.eclipse.lsp4j.jsonrpc-1.0.0.jar:/home/vscode/.m2/repository/com/google/code/gson/gson/2.14.0/gson-2.14.0.jar:/home/vscode/.m2/repository/com/google/errorprone/error_prone_annotations/2.48.0/error_prone_annotations-2.48.0.jar:/home/vscode/.m2/repository/org/junit/jupiter/junit-jupiter/5.10.2/junit-jupiter-5.10.2.jar:/home/vscode/.m2/repository/org/junit/jupiter/junit-jupiter-api/5.10.2/junit-jupiter-api-5.10.2.jar:/home/vscode/.m2/repository/org/opentest4j/opentest4j/1.3.0/opentest4j-1.3.0.jar:/home/vscode/.m2/repository/org/junit/platform/junit-platform-commons/1.10.2/junit-platform-commons-1.10.2.jar:/home/vscode/.m2/repository/org/apiguardian/apiguardian-api/1.1.2/apiguardian-api-1.1.2.jar:/home/vscode/.m2/repository/org/junit/jupiter/junit-jupiter-params/5.10.2/junit-jupiter-params-5.10.2.jar:/home/vscode/.m2/repository/org/junit/jupiter/junit-jupiter-engine/5.10.2/junit-jupiter-engine-5.10.2.jar:/home/vscode/.m2/repository/org/junit/platform/junit-platform-engine/1.10.2/junit-platform-engine-1.10.2.jar com.guillermomolina.protos.benchmarks.measure.protos.ProtosCanonicalSurface measure /workspaces/protos/protos/lib/core /workspaces/protos-benchmarks/truffle/workloads/primitive-local-read/primitive-local-read.protos 50 10 10000 -
WARNING: A restricted method in java.lang.System has been called
WARNING: java.lang.System::load has been called by com.oracle.truffle.polyglot.JDKSupport in an unnamed module (file:/home/vscode/.m2/repository/org/graalvm/truffle/truffle-api/25.4.4.1.1/truffle-api-25.4.4.1.1.jar)
WARNING: Use --enable-native-access=ALL-UNNAMED to avoid a warning for callers in this module
WARNING: Restricted methods will be blocked in a future release unless native access is enabled

WARNING: A terminally deprecated method in sun.misc.Unsafe has been called
WARNING: sun.misc.Unsafe::objectFieldOffset has been called by com.oracle.truffle.runtime.hotspot.HotSpotTruffleRuntime (file:/home/vscode/.m2/repository/org/graalvm/truffle/truffle-runtime/25.4.4.1.1/truffle-runtime-25.4.4.1.1.jar)
WARNING: Please consider reporting this to the maintainers of class com.oracle.truffle.runtime.hotspot.HotSpotTruffleRuntime
WARNING: sun.misc.Unsafe::objectFieldOffset will be removed in a future release
mode=jvm
surface=canonical
language=protos
run_mode=canonical
source=/workspaces/protos-benchmarks/truffle/workloads/primitive-local-read/primitive-local-read.protos
warmup_iterations=50
steady_iterations=10
sample_calls=10000
setup_ns=1086873776
sample phase=cold iteration=1 elapsed_ns=17330282
sample phase=warmup iteration=1 elapsed_ns=319575606
sample phase=warmup iteration=2 elapsed_ns=67704969
sample phase=warmup iteration=3 elapsed_ns=29166042
sample phase=warmup iteration=4 elapsed_ns=28871073
sample phase=warmup iteration=5 elapsed_ns=24014391
sample phase=warmup iteration=6 elapsed_ns=20219637
sample phase=warmup iteration=7 elapsed_ns=21837764
sample phase=warmup iteration=8 elapsed_ns=14569456
sample phase=warmup iteration=9 elapsed_ns=14444916
sample phase=warmup iteration=10 elapsed_ns=14271877
sample phase=warmup iteration=11 elapsed_ns=9680354
sample phase=warmup iteration=12 elapsed_ns=9613224
sample phase=warmup iteration=13 elapsed_ns=9322635
sample phase=warmup iteration=14 elapsed_ns=9366614
sample phase=warmup iteration=15 elapsed_ns=16063334
sample phase=warmup iteration=16 elapsed_ns=9388744
sample phase=warmup iteration=17 elapsed_ns=10399963
sample phase=warmup iteration=18 elapsed_ns=4576853
sample phase=warmup iteration=19 elapsed_ns=5622191
sample phase=warmup iteration=20 elapsed_ns=9018105
sample phase=warmup iteration=21 elapsed_ns=3694154
sample phase=warmup iteration=22 elapsed_ns=3478194
sample phase=warmup iteration=23 elapsed_ns=5879020
sample phase=warmup iteration=24 elapsed_ns=3700664
sample phase=warmup iteration=25 elapsed_ns=3715624
sample phase=warmup iteration=26 elapsed_ns=4054563
sample phase=warmup iteration=27 elapsed_ns=3276424
sample phase=warmup iteration=28 elapsed_ns=3484635
sample phase=warmup iteration=29 elapsed_ns=4493473
sample phase=warmup iteration=30 elapsed_ns=3431605
sample phase=warmup iteration=31 elapsed_ns=3206785
sample phase=warmup iteration=32 elapsed_ns=4197483
sample phase=warmup iteration=33 elapsed_ns=3200974
sample phase=warmup iteration=34 elapsed_ns=3211075
sample phase=warmup iteration=35 elapsed_ns=3219465
sample phase=warmup iteration=36 elapsed_ns=4203563
sample phase=warmup iteration=37 elapsed_ns=2064037
sample phase=warmup iteration=38 elapsed_ns=3420814
sample phase=warmup iteration=39 elapsed_ns=3441364
sample phase=warmup iteration=40 elapsed_ns=3429205
sample phase=warmup iteration=41 elapsed_ns=3454224
sample phase=warmup iteration=42 elapsed_ns=3431004
sample phase=warmup iteration=43 elapsed_ns=3423565
sample phase=warmup iteration=44 elapsed_ns=5049861
sample phase=warmup iteration=45 elapsed_ns=3435245
sample phase=warmup iteration=46 elapsed_ns=3429854
sample phase=warmup iteration=47 elapsed_ns=3429085
sample phase=warmup iteration=48 elapsed_ns=3418445
sample phase=warmup iteration=49 elapsed_ns=3768533
sample phase=warmup iteration=50 elapsed_ns=3433365
sample phase=steady iteration=1 elapsed_ns=3457964
sample phase=steady iteration=2 elapsed_ns=3768434
sample phase=steady iteration=3 elapsed_ns=3430194
sample phase=steady iteration=4 elapsed_ns=2899065
sample phase=steady iteration=5 elapsed_ns=2841016
sample phase=steady iteration=6 elapsed_ns=2839115
sample phase=steady iteration=7 elapsed_ns=2840005
sample phase=steady iteration=8 elapsed_ns=1219808
sample phase=steady iteration=9 elapsed_ns=2514566
sample phase=steady iteration=10 elapsed_ns=2612056
result=1
