$ taskset -c 0 java -Dprotos.benchmarks.peer.language=python -cp /workspaces/protos-benchmarks/.work/embedded/peer-25.4.4.1.1/executable-value/d0088eaa89ece882c7363b6d2a332ffbdffae8594feb7a0767135a1f7f2b5cd4/classes:/home/vscode/.m2/repository/org/graalvm/polyglot/polyglot/25.4.4.1.1/polyglot-25.4.4.1.1.jar:/home/vscode/.m2/repository/org/graalvm/sdk/collections/25.4.4.1.1/collections-25.4.4.1.1.jar:/home/vscode/.m2/repository/org/graalvm/sdk/nativeimage/25.4.4.1.1/nativeimage-25.4.4.1.1.jar:/home/vscode/.m2/repository/org/graalvm/sdk/word/25.4.4.1.1/word-25.4.4.1.1.jar:/home/vscode/.m2/repository/org/graalvm/polyglot/js/25.4.4.1.1/js-25.4.4.1.1.pom:/home/vscode/.m2/repository/org/graalvm/js/js/25.4.4.1.1/js-25.4.4.1.1.pom:/home/vscode/.m2/repository/org/graalvm/js/js-language/25.4.4.1.1/js-language-25.4.4.1.1.jar:/home/vscode/.m2/repository/org/graalvm/regex/regex/25.4.4.1.1/regex-25.4.4.1.1.jar:/home/vscode/.m2/repository/org/graalvm/truffle/truffle-api/25.4.4.1.1/truffle-api-25.4.4.1.1.jar:/home/vscode/.m2/repository/org/graalvm/sdk/jniutils/25.4.4.1.1/jniutils-25.4.4.1.1.jar:/home/vscode/.m2/repository/org/graalvm/shadowed/icu4j/25.4.4.1.1/icu4j-25.4.4.1.1.jar:/home/vscode/.m2/repository/org/graalvm/truffle/truffle-runtime/25.4.4.1.1/truffle-runtime-25.4.4.1.1.jar:/home/vscode/.m2/repository/org/graalvm/truffle/truffle-compiler/25.4.4.1.1/truffle-compiler-25.4.4.1.1.jar:/home/vscode/.m2/repository/org/graalvm/polyglot/python/25.4.4.1.1/python-25.4.4.1.1.pom:/home/vscode/.m2/repository/org/graalvm/python/python/25.4.4.1.1/python-25.4.4.1.1.pom:/home/vscode/.m2/repository/org/graalvm/python/python-language/25.4.4.1.1/python-language-25.4.4.1.1.jar:/home/vscode/.m2/repository/org/graalvm/tools/profiler-tool/25.4.4.1.1/profiler-tool-25.4.4.1.1.jar:/home/vscode/.m2/repository/org/graalvm/shadowed/json/25.4.4.1.1/json-25.4.4.1.1.jar:/home/vscode/.m2/repository/org/graalvm/shadowed/xz/25.4.4.1.1/xz-25.4.4.1.1.jar:/home/vscode/.m2/repository/org/graalvm/python/python-resources/25.4.4.1.1/python-resources-25.4.4.1.1.jar com.guillermomolina.protos.benchmarks.measure.peer.PeerExecutableSurface measure - /workspaces/protos-benchmarks/truffle/workloads/primitive-object-slot-write/primitive-object-slot-write.py 50 10 10000 -
WARNING: A restricted method in java.lang.System has been called
WARNING: java.lang.System::load has been called by com.oracle.truffle.polyglot.JDKSupport in an unnamed module (file:/home/vscode/.m2/repository/org/graalvm/truffle/truffle-api/25.4.4.1.1/truffle-api-25.4.4.1.1.jar)
WARNING: Use --enable-native-access=ALL-UNNAMED to avoid a warning for callers in this module
WARNING: Restricted methods will be blocked in a future release unless native access is enabled

WARNING: A terminally deprecated method in sun.misc.Unsafe has been called
WARNING: sun.misc.Unsafe::objectFieldOffset has been called by com.oracle.truffle.runtime.hotspot.HotSpotTruffleRuntime (file:/home/vscode/.m2/repository/org/graalvm/truffle/truffle-runtime/25.4.4.1.1/truffle-runtime-25.4.4.1.1.jar)
WARNING: Please consider reporting this to the maintainers of class com.oracle.truffle.runtime.hotspot.HotSpotTruffleRuntime
WARNING: sun.misc.Unsafe::objectFieldOffset will be removed in a future release
mode=jvm
surface=executable-value
language=python
run_mode=executable-value
source=/workspaces/protos-benchmarks/truffle/workloads/primitive-object-slot-write/primitive-object-slot-write.py
warmup_iterations=50
steady_iterations=10
sample_calls=10000
setup_ns=4851057073
sample phase=cold iteration=1 elapsed_ns=7368917
sample phase=warmup iteration=1 elapsed_ns=251770223
sample phase=warmup iteration=2 elapsed_ns=14486614
sample phase=warmup iteration=3 elapsed_ns=15163188
sample phase=warmup iteration=4 elapsed_ns=14402573
sample phase=warmup iteration=5 elapsed_ns=13993501
sample phase=warmup iteration=6 elapsed_ns=5172723
sample phase=warmup iteration=7 elapsed_ns=8329844
sample phase=warmup iteration=8 elapsed_ns=7935142
sample phase=warmup iteration=9 elapsed_ns=7248357
sample phase=warmup iteration=10 elapsed_ns=6760713
sample phase=warmup iteration=11 elapsed_ns=6762904
sample phase=warmup iteration=12 elapsed_ns=6777663
sample phase=warmup iteration=13 elapsed_ns=3937025
sample phase=warmup iteration=14 elapsed_ns=3887636
sample phase=warmup iteration=15 elapsed_ns=5643306
sample phase=warmup iteration=16 elapsed_ns=3894535
sample phase=warmup iteration=17 elapsed_ns=3825595
sample phase=warmup iteration=18 elapsed_ns=3609473
sample phase=warmup iteration=19 elapsed_ns=4819291
sample phase=warmup iteration=20 elapsed_ns=16483747
sample phase=warmup iteration=21 elapsed_ns=4548329
sample phase=warmup iteration=22 elapsed_ns=2241894
sample phase=warmup iteration=23 elapsed_ns=2551947
sample phase=warmup iteration=24 elapsed_ns=1162658
sample phase=warmup iteration=25 elapsed_ns=2428436
sample phase=warmup iteration=26 elapsed_ns=2768748
sample phase=warmup iteration=27 elapsed_ns=2768748
sample phase=warmup iteration=28 elapsed_ns=1157077
sample phase=warmup iteration=29 elapsed_ns=2772358
sample phase=warmup iteration=30 elapsed_ns=2666857
sample phase=warmup iteration=31 elapsed_ns=831515
sample phase=warmup iteration=32 elapsed_ns=865686
sample phase=warmup iteration=33 elapsed_ns=825915
sample phase=warmup iteration=34 elapsed_ns=821406
sample phase=warmup iteration=35 elapsed_ns=2469806
sample phase=warmup iteration=36 elapsed_ns=1017096
sample phase=warmup iteration=37 elapsed_ns=817995
sample phase=warmup iteration=38 elapsed_ns=2430735
sample phase=warmup iteration=39 elapsed_ns=822325
sample phase=warmup iteration=40 elapsed_ns=2451316
sample phase=warmup iteration=41 elapsed_ns=818035
sample phase=warmup iteration=42 elapsed_ns=4061206
sample phase=warmup iteration=43 elapsed_ns=818035
sample phase=warmup iteration=44 elapsed_ns=2465546
sample phase=warmup iteration=45 elapsed_ns=821605
sample phase=warmup iteration=46 elapsed_ns=2451326
sample phase=warmup iteration=47 elapsed_ns=821635
sample phase=warmup iteration=48 elapsed_ns=2444285
sample phase=warmup iteration=49 elapsed_ns=823505
sample phase=warmup iteration=50 elapsed_ns=828455
sample phase=steady iteration=1 elapsed_ns=982276
sample phase=steady iteration=2 elapsed_ns=832225
sample phase=steady iteration=3 elapsed_ns=2434676
sample phase=steady iteration=4 elapsed_ns=822825
sample phase=steady iteration=5 elapsed_ns=2842248
sample phase=steady iteration=6 elapsed_ns=828675
sample phase=steady iteration=7 elapsed_ns=2444546
sample phase=steady iteration=8 elapsed_ns=822105
sample phase=steady iteration=9 elapsed_ns=2435825
sample phase=steady iteration=10 elapsed_ns=825716
result=2
