[To redirect Truffle log output to a file use one of the following options:
* '--log.file=<path>' if the option is passed using a guest language launcher.
* '-Dpolyglot.log.file=<path>' if the option is passed using the host Java launcher.
* Configure logging using the polyglot embedding API.]
[engine] opt done   id=150   ProtosRootNode@3a043962                            |Tier 1|Time    94(  65+29  )ms|AST    2|Inlined   0Y   0N|IR    591/  1658|CodeSize    7561|Addr 0x7f8f571467a0|Timestamp 208424268014564|Src n/a
[engine] opt done   id=151   ProtosRootNode@4904b06a                            |Tier 1|Time   662( 103+559 )ms|AST   21|Inlined   0Y   0N|IR  10709/ 37364|CodeSize  175610|Addr 0x7f8f57157de0|Timestamp 208424936081957|Src n/a
[engine] opt done   id=146   ProtosRootNode@49c17b9f                            |Tier 1|Time    42(   8+34  )ms|AST    2|Inlined   0Y   0N|IR    888/  1275|CodeSize    5532|Addr 0x7f8f5719c6e0|Timestamp 208425000388255|Src n/a
[engine] opt done   id=147   ProtosRootNode@53342ffc                            |Tier 1|Time   319(  35+284 )ms|AST   11|Inlined   0Y   0N|IR   6652/ 21426|CodeSize  103877|Addr 0x7f8f571a0720|Timestamp 208425321225652|Src n/a
[engine] opt done   id=103   ProtosRootNode@2bb6e8d1                            |Tier 1|Time    14(   4+10  )ms|AST    2|Inlined   0Y   0N|IR    591/  1658|CodeSize    7561|Addr 0x7f8f571c85a0|Timestamp 208425336562793|Src n/a
[engine] opt done   id=104   ProtosRootNode@1fa1b8a2                            |Tier 1|Time    96(  21+76  )ms|AST    6|Inlined   0Y   0N|IR   3184/ 10489|CodeSize   50534|Addr 0x7f8f571cc7a0|Timestamp 208425433439115|Src n/a
[engine] opt done   id=148   ProtosRootNode@61f612a3                            |Tier 1|Time    27(   7+19  )ms|AST    2|Inlined   0Y   0N|IR    888/  1275|CodeSize    5532|Addr 0x7f8f571e0460|Timestamp 208425473090004|Src n/a
[engine] opt done   id=149   ProtosRootNode@112d81d9                            |Tier 1|Time   591(  69+523 )ms|AST   20|Inlined   0Y   0N|IR  12238/ 39495|CodeSize  192751|Addr 0x7f8f571e72a0|Timestamp 208426067209113|Src n/a
[engine] opt done   id=150   ProtosRootNode@3a043962                            |Tier 2|Time    48(   8+40  )ms|AST    2|Inlined   0Y   0N|IR    518/  1448|CodeSize    7174|Addr 0x7f8f57244ee0|Timestamp 208426313225175|Src n/a
[engine] opt done   id=151   ProtosRootNode@4904b06a                            |Tier 2|Time   556(  82+474 )ms|AST   21|Inlined   0Y   0N|IR  10636/ 28473|CodeSize  141791|Addr 0x7f8f57250480|Timestamp 208426869743306|Src n/a
[engine] opt done   id=146   ProtosRootNode@49c17b9f                            |Tier 2|Time    32(   6+25  )ms|AST    2|Inlined   0Y   0N|IR    815/   944|CodeSize    4429|Addr 0x7f8f57290680|Timestamp 208427000336922|Src n/a
[engine] opt done   id=147   ProtosRootNode@53342ffc                            |Tier 2|Time   321(  57+264 )ms|AST   11|Inlined   0Y   0N|IR   6579/ 16649|CodeSize   85674|Addr 0x7f8f572956a0|Timestamp 208427325474202|Src n/a
[engine] opt done   id=103   ProtosRootNode@2bb6e8d1                            |Tier 2|Time    18(   3+15  )ms|AST    2|Inlined   0Y   0N|IR    518/  1448|CodeSize    7174|Addr 0x7f8f572b6f60|Timestamp 208427344518676|Src n/a
[engine] opt done   id=104   ProtosRootNode@1fa1b8a2                            |Tier 2|Time   114(  14+100 )ms|AST    6|Inlined   0Y   0N|IR   3111/  8128|CodeSize   39019|Addr 0x7f8f572bab00|Timestamp 208427465082195|Src n/a
[engine] opt done   id=148   ProtosRootNode@61f612a3                            |Tier 2|Time    36(   7+29  )ms|AST    2|Inlined   0Y   0N|IR    815/   944|CodeSize    4429|Addr 0x7f8f572cc380|Timestamp 208427509167598|Src n/a
[engine] opt done   id=149   ProtosRootNode@112d81d9                            |Tier 2|Time   668(  85+584 )ms|AST   20|Inlined   0Y   0N|IR  12165/ 30308|CodeSize  154668|Addr 0x7f8f572d3400|Timestamp 208428177944812|Src n/a
[engine] opt done   id=101   ProtosRootNode@4a989a50                            |Tier 1|Time    27(   7+20  )ms|AST    2|Inlined   0Y   0N|IR    591/  1658|CodeSize    7561|Addr 0x7f8f57313aa0|Timestamp 208428248262594|Src n/a
[engine] opt done   id=102   ProtosRootNode@31d43034                            |Tier 1|Time   129(  20+109 )ms|AST    9|Inlined   0Y   0N|IR   3892/ 13665|CodeSize   63088|Addr 0x7f8f5731a480|Timestamp 208428398778405|Src n/a
[engine] opt done   id=99    ProtosRootNode@aea2760                             |Tier 1|Time    20(   4+15  )ms|AST    2|Inlined   0Y   0N|IR    888/  1275|CodeSize    5532|Addr 0x7f8f57331f60|Timestamp 208428418909010|Src n/a
[engine] opt done   id=100   ProtosRootNode@3df2363                             |Tier 1|Time   279(  33+246 )ms|AST   13|Inlined   0Y   0N|IR   6811/ 21678|CodeSize  105358|Addr 0x7f8f573379c0|Timestamp 208428698384567|Src n/a
[engine] opt done   id=105   ProtosRootNode@109cf5f                             |Tier 1|Time    13(   4+9   )ms|AST    2|Inlined   0Y   0N|IR    888/  1275|CodeSize    5532|Addr 0x7f8f573600e0|Timestamp 208428721223394|Src n/a
[engine] opt done   id=106   ProtosRootNode@4abe2e4                             |Tier 1|Time   169(  23+146 )ms|AST    9|Inlined   0Y   0N|IR   4456/ 14828|CodeSize   73191|Addr 0x7f8f573635a0|Timestamp 208428891544159|Src n/a
[engine] opt done   id=152   ProtosRootNode@33cc92a5                            |Tier 1|Time    25(   4+21  )ms|AST    2|Inlined   0Y   0N|IR    888/  2671|CodeSize   13140|Addr 0x7f8f5737f340|Timestamp 208428917476999|Src n/a
[engine] opt done   id=153   ProtosRootNode@5fa6c019                            |Tier 1|Time  2063( 168+1895)ms|AST   49|Inlined   0Y   0N|IR  24748/ 84367|CodeSize  404388|Addr 0x7f8f5738b0a0|Timestamp 208430987395358|Src n/a
[engine] opt done   id=140   ProtosRootNode@51a9754c                            |Tier 1|Time    22(  10+12  )ms|AST    2|Inlined   0Y   0N|IR    888/  1275|CodeSize    5532|Addr 0x7f8f57421ce0|Timestamp 208431057079060|Src n/a
[engine] opt done   id=141   ProtosRootNode@1401e0bc                            |Tier 1|Time    90(  14+76  )ms|AST    7|Inlined   0Y   0N|IR   2609/  8553|CodeSize   39643|Addr 0x7f8f57425d80|Timestamp 208431149623108|Src n/a
[engine] opt done   id=241   ProtosRootNode@5e2e0a82                            |Tier 1|Time    27(   9+18  )ms|AST    2|Inlined   0Y   0N|IR    591/  1658|CodeSize    7561|Addr 0x7f8f5743de20|Timestamp 208431374788265|Src n/a
[engine] opt done   id=242   ProtosRootNode@53944d97                            |Tier 1|Time   512(  66+446 )ms|AST   21|Inlined   0Y   0N|IR  10709/ 37364|CodeSize  175610|Addr 0x7f8f57445d60|Timestamp 208431889734965|Src n/a
[engine] opt done   id=237   ProtosRootNode@27fec96e                            |Tier 1|Time    27(   8+19  )ms|AST    2|Inlined   0Y   0N|IR    888/  1275|CodeSize    5532|Addr 0x7f8f57486b60|Timestamp 208431932201487|Src n/a
[engine] opt done   id=238   ProtosRootNode@e6644f6                             |Tier 1|Time   265(  39+226 )ms|AST   11|Inlined   0Y   0N|IR   6652/ 21426|CodeSize  103877|Addr 0x7f8f5748e6a0|Timestamp 208432198307874|Src n/a
[engine] opt done   id=239   ProtosRootNode@395d8023                            |Tier 1|Time    14(   5+9   )ms|AST    2|Inlined   0Y   0N|IR    888/  1275|CodeSize    5532|Addr 0x7f8f574b7060|Timestamp 208432215213606|Src n/a
[engine] opt done   id=240   ProtosRootNode@11eeaa05                            |Tier 1|Time   589(  72+517 )ms|AST   20|Inlined   0Y   0N|IR  12238/ 39495|CodeSize  192751|Addr 0x7f8f574bc020|Timestamp 208432805980923|Src n/a
[engine] opt done   id=241   ProtosRootNode@5e2e0a82                            |Tier 2|Time    35(   6+29  )ms|AST    2|Inlined   0Y   0N|IR    518/  1448|CodeSize    7174|Addr 0x7f8f5750e060|Timestamp 208432935462188|Src n/a
[engine] opt done   id=242   ProtosRootNode@53944d97                            |Tier 2|Time   555(  60+495 )ms|AST   21|Inlined   0Y   0N|IR  10636/ 28473|CodeSize  141791|Addr 0x7f8f57513480|Timestamp 208433490841109|Src n/a
[engine] opt done   id=237   ProtosRootNode@27fec96e                            |Tier 2|Time    31(   5+26  )ms|AST    2|Inlined   0Y   0N|IR    815/   944|CodeSize    4429|Addr 0x7f8f5754bc80|Timestamp 208433585842049|Src n/a
[engine] opt done   id=238   ProtosRootNode@e6644f6                             |Tier 2|Time   289(  31+258 )ms|AST   11|Inlined   0Y   0N|IR   6579/ 16649|CodeSize   85674|Addr 0x7f8f5754f220|Timestamp 208433878182105|Src n/a
[engine] opt done   id=239   ProtosRootNode@395d8023                            |Tier 2|Time    31(   4+26  )ms|AST    2|Inlined   0Y   0N|IR    815/   944|CodeSize    4429|Addr 0x7f8f57570e80|Timestamp 208433912854301|Src n/a
[engine] opt done   id=240   ProtosRootNode@11eeaa05                            |Tier 2|Time   620(  66+554 )ms|AST   20|Inlined   0Y   0N|IR  12165/ 30308|CodeSize  154668|Addr 0x7f8f57577d00|Timestamp 208434533549340|Src n/a
[engine] opt done   id=243   ProtosRootNode@4cb7e297                            |Tier 1|Time    28(   5+24  )ms|AST    2|Inlined   0Y   0N|IR    888/  2671|CodeSize   13140|Addr 0x7f8f575b3f40|Timestamp 208434581832856|Src n/a
[engine] opt done   id=244   ProtosRootNode@25a232ca                            |Tier 1|Time  2135( 188+1947)ms|AST   49|Inlined   0Y   0N|IR  24748/ 84367|CodeSize  404388|Addr 0x7f8f575c30a0|Timestamp 208436718311186|Src n/a
[engine] opt done   id=231   ProtosRootNode@71dda620                            |Tier 1|Time    26(   4+22  )ms|AST    2|Inlined   0Y   0N|IR    888/  1275|CodeSize    5532|Addr 0x7f8f576596e0|Timestamp 208436745120896|Src n/a
[engine] opt done   id=232   ProtosRootNode@3af52132                            |Tier 1|Time    79(  12+67  )ms|AST    7|Inlined   0Y   0N|IR   2609/  8553|CodeSize   39643|Addr 0x7f8f5765c900|Timestamp 208436824729584|Src n/a
[engine] opt done   id=332   ProtosRootNode@6adf1f0f                            |Tier 1|Time    27(   8+19  )ms|AST    2|Inlined   0Y   0N|IR    591/  1658|CodeSize    7561|Addr 0x7f8f5766f120|Timestamp 208437030708987|Src n/a
[engine] opt done   id=333   ProtosRootNode@243501b4                            |Tier 1|Time   482(  65+417 )ms|AST   21|Inlined   0Y   0N|IR  10709/ 37364|CodeSize  175610|Addr 0x7f8f57675d60|Timestamp 208437515552615|Src n/a
[engine] opt done   id=328   ProtosRootNode@11655e8e                            |Tier 1|Time    14(   4+9   )ms|AST    2|Inlined   0Y   0N|IR    888/  1275|CodeSize    5532|Addr 0x7f8f576b6b60|Timestamp 208437548978350|Src n/a
[engine] opt done   id=329   ProtosRootNode@742945ed                            |Tier 1|Time   260(  30+230 )ms|AST   11|Inlined   0Y   0N|IR   6652/ 21426|CodeSize  103877|Addr 0x7f8f576ba8a0|Timestamp 208437809134822|Src n/a
[engine] opt done   id=330   ProtosRootNode@42ada390                            |Tier 1|Time    14(   4+9   )ms|AST    2|Inlined   0Y   0N|IR    888/  1275|CodeSize    5532|Addr 0x7f8f576e26e0|Timestamp 208437823729653|Src n/a
[engine] opt done   id=331   ProtosRootNode@39f557cc                            |Tier 1|Time   600(  70+531 )ms|AST   20|Inlined   0Y   0N|IR  12238/ 39495|CodeSize  192751|Addr 0x7f8f576e76a0|Timestamp 208438424214187|Src n/a
[engine] opt done   id=332   ProtosRootNode@6adf1f0f                            |Tier 2|Time    31(   5+26  )ms|AST    2|Inlined   0Y   0N|IR    518/  1448|CodeSize    7174|Addr 0x7f8f57733060|Timestamp 208438500009153|Src n/a
[engine] opt done   id=333   ProtosRootNode@243501b4                            |Tier 2|Time   570(  79+492 )ms|AST   21|Inlined   0Y   0N|IR  10636/ 28473|CodeSize  141791|Addr 0x7f8f57738800|Timestamp 208439072673807|Src n/a
[engine] opt done   id=328   ProtosRootNode@11655e8e                            |Tier 2|Time    16(   4+12  )ms|AST    2|Inlined   0Y   0N|IR    815/   944|CodeSize    4429|Addr 0x7f8f57771280|Timestamp 208439155948239|Src n/a
[engine] opt done   id=329   ProtosRootNode@742945ed                            |Tier 2|Time   280(  35+245 )ms|AST   11|Inlined   0Y   0N|IR   6579/ 16649|CodeSize   85674|Addr 0x7f8f57774420|Timestamp 208439436505536|Src n/a
[engine] opt done   id=330   ProtosRootNode@42ada390                            |Tier 2|Time    20(   4+16  )ms|AST    2|Inlined   0Y   0N|IR    815/   944|CodeSize    4429|Addr 0x7f8f57795900|Timestamp 208439459503463|Src n/a
[engine] opt done   id=331   ProtosRootNode@39f557cc                            |Tier 2|Time   587(  68+519 )ms|AST   20|Inlined   0Y   0N|IR  12165/ 30308|CodeSize  154668|Addr 0x7f8f57799880|Timestamp 208440046708968|Src n/a
[engine] opt done   id=334   ProtosRootNode@3d662dc1                            |Tier 1|Time    27(   4+22  )ms|AST    2|Inlined   0Y   0N|IR    888/  2671|CodeSize   13140|Addr 0x7f8f577d6c40|Timestamp 208440103187080|Src n/a
[engine] opt done   id=335   ProtosRootNode@6cb69edc                            |Tier 1|Time  1998( 175+1823)ms|AST   49|Inlined   0Y   0N|IR  24748/ 84367|CodeSize  404388|Addr 0x7f8f577e4520|Timestamp 208442101736338|Src n/a
[engine] opt done   id=322   ProtosRootNode@e633ff8                             |Tier 1|Time    39(   7+33  )ms|AST    2|Inlined   0Y   0N|IR    888/  1275|CodeSize    5532|Addr 0x7f8f5787b1e0|Timestamp 208442145562991|Src n/a
[engine] opt done   id=323   ProtosRootNode@3a6b9d97                            |Tier 1|Time    80(  13+67  )ms|AST    7|Inlined   0Y   0N|IR   2609/  8553|CodeSize   39643|Addr 0x7f8f5787e580|Timestamp 208442225923550|Src n/a
[engine] opt done   id=423   ProtosRootNode@31e4e20f                            |Tier 1|Time    27(   7+20  )ms|AST    2|Inlined   0Y   0N|IR    591/  1658|CodeSize    7561|Addr 0x7f8f57890b20|Timestamp 208442433726434|Src n/a
[engine] opt done   id=424   ProtosRootNode@6804171a                            |Tier 1|Time   489(  70+418 )ms|AST   21|Inlined   0Y   0N|IR  10709/ 37364|CodeSize  175610|Addr 0x7f8f57897560|Timestamp 208442924397567|Src n/a
[engine] opt done   id=419   ProtosRootNode@5c2547b9                            |Tier 1|Time    14(   5+9   )ms|AST    2|Inlined   0Y   0N|IR    888/  1275|CodeSize    5532|Addr 0x7f8f578d8360|Timestamp 208442958550002|Src n/a
[engine] opt done   id=420   ProtosRootNode@3c9617c5                            |Tier 1|Time   262(  30+232 )ms|AST   11|Inlined   0Y   0N|IR   6652/ 21426|CodeSize  103877|Addr 0x7f8f578dc6a0|Timestamp 208443221069917|Src n/a
[engine] opt done   id=421   ProtosRootNode@61eda78f                            |Tier 1|Time    14(   5+9   )ms|AST    2|Inlined   0Y   0N|IR    888/  1275|CodeSize    5532|Addr 0x7f8f579044e0|Timestamp 208443235316777|Src n/a
[engine] opt done   id=422   ProtosRootNode@55d4254b                            |Tier 1|Time   610(  69+541 )ms|AST   20|Inlined   0Y   0N|IR  12238/ 39495|CodeSize  192751|Addr 0x7f8f57909da0|Timestamp 208443846292510|Src n/a
[engine] opt done   id=423   ProtosRootNode@31e4e20f                            |Tier 2|Time    22(   3+19  )ms|AST    2|Inlined   0Y   0N|IR    518/  1448|CodeSize    7174|Addr 0x7f8f57954e60|Timestamp 208443915020140|Src n/a
[engine] opt done   id=424   ProtosRootNode@6804171a                            |Tier 2|Time   539(  56+483 )ms|AST   21|Inlined   0Y   0N|IR  10636/ 28473|CodeSize  141791|Addr 0x7f8f57959e80|Timestamp 208444475725975|Src n/a
[engine] opt done   id=419   ProtosRootNode@5c2547b9                            |Tier 2|Time    16(   4+12  )ms|AST    2|Inlined   0Y   0N|IR    815/   944|CodeSize    4429|Addr 0x7f8f57992480|Timestamp 208444563506150|Src n/a
[engine] opt done   id=420   ProtosRootNode@3c9617c5                            |Tier 2|Time   293(  35+258 )ms|AST   11|Inlined   0Y   0N|IR   6579/ 16649|CodeSize   85674|Addr 0x7f8f57995ba0|Timestamp 208444858693819|Src n/a
[engine] opt done   id=421   ProtosRootNode@61eda78f                            |Tier 2|Time    30(   8+22  )ms|AST    2|Inlined   0Y   0N|IR    815/   944|CodeSize    4429|Addr 0x7f8f579b7080|Timestamp 208444911536538|Src n/a
[engine] opt done   id=422   ProtosRootNode@55d4254b                            |Tier 2|Time  1191( 134+1058)ms|AST   20|Inlined   0Y   0N|IR  12165/ 30308|CodeSize  154668|Addr 0x7f8f579bc800|Timestamp 208446106205982|Src n/a
[engine] opt done   id=425   ProtosRootNode@34f6fbdd                            |Tier 1|Time    27(   4+23  )ms|AST    2|Inlined   0Y   0N|IR    888/  2671|CodeSize   13140|Addr 0x7f8f579f8840|Timestamp 208446151874646|Src n/a
[engine] opt done   id=426   ProtosRootNode@59303dbf                            |Tier 1|Time  2091( 172+1920)ms|AST   49|Inlined   0Y   0N|IR  24748/ 84367|CodeSize  404388|Addr 0x7f8f57a03620|Timestamp 208448243380355|Src n/a
[engine] opt done   id=413   ProtosRootNode@c286d14                             |Tier 1|Time    24(   9+15  )ms|AST    2|Inlined   0Y   0N|IR    888/  1275|CodeSize    5532|Addr 0x7f8f57a9a360|Timestamp 208448290123859|Src n/a
[engine] opt done   id=414   ProtosRootNode@62094c6b                            |Tier 1|Time    78(  12+66  )ms|AST    7|Inlined   0Y   0N|IR   2609/  8553|CodeSize   39643|Addr 0x7f8f57a9d280|Timestamp 208448368544258|Src n/a
[engine] opt done   id=514   ProtosRootNode@69488b59                            |Tier 1|Time    31(  10+21  )ms|AST    2|Inlined   0Y   0N|IR    591/  1658|CodeSize    7561|Addr 0x7f8f57aaf1a0|Timestamp 208448591821353|Src n/a
[engine] opt done   id=515   ProtosRootNode@22b94b1                             |Tier 1|Time   914( 134+780 )ms|AST   21|Inlined   0Y   0N|IR  10709/ 37364|CodeSize  175610|Addr 0x7f8f57ab6660|Timestamp 208449508147711|Src n/a
[engine] opt done   id=510   ProtosRootNode@53ed7510                            |Tier 1|Time    13(   4+9   )ms|AST    2|Inlined   0Y   0N|IR    888/  1275|CodeSize    5532|Addr 0x7f8f57af77e0|Timestamp 208449524621894|Src n/a
[engine] opt done   id=511   ProtosRootNode@7ea3a6c6                            |Tier 1|Time   272(  39+233 )ms|AST   11|Inlined   0Y   0N|IR   6652/ 21426|CodeSize  103877|Addr 0x7f8f57afba20|Timestamp 208449797447466|Src n/a
[engine] opt done   id=512   ProtosRootNode@6e91ce62                            |Tier 1|Time    13(   4+9   )ms|AST    2|Inlined   0Y   0N|IR    888/  1275|CodeSize    5532|Addr 0x7f8f57b23860|Timestamp 208449811563966|Src n/a
[engine] opt done   id=513   ProtosRootNode@725a5c8f                            |Tier 1|Time   594(  76+518 )ms|AST   20|Inlined   0Y   0N|IR  12238/ 39495|CodeSize  192751|Addr 0x7f8f57b28820|Timestamp 208450406127367|Src n/a
[engine] opt done   id=514   ProtosRootNode@69488b59                            |Tier 2|Time    18(   4+15  )ms|AST    2|Inlined   0Y   0N|IR    518/  1448|CodeSize    7174|Addr 0x7f8f57b71fe0|Timestamp 208450476233519|Src n/a
[engine] opt done   id=515   ProtosRootNode@22b94b1                             |Tier 2|Time   513(  59+454 )ms|AST   21|Inlined   0Y   0N|IR  10636/ 28473|CodeSize  141791|Addr 0x7f8f57b77600|Timestamp 208450990344509|Src n/a
[engine] opt done   id=510   ProtosRootNode@53ed7510                            |Tier 2|Time    16(   4+12  )ms|AST    2|Inlined   0Y   0N|IR    815/   944|CodeSize    4429|Addr 0x7f8f57bad000|Timestamp 208451048149252|Src n/a
[engine] opt done   id=511   ProtosRootNode@7ea3a6c6                            |Tier 2|Time   306(  42+264 )ms|AST   11|Inlined   0Y   0N|IR   6579/ 16649|CodeSize   85674|Addr 0x7f8f57bb1620|Timestamp 208451356674251|Src n/a
[engine] opt done   id=512   ProtosRootNode@6e91ce62                            |Tier 2|Time    16(   4+12  )ms|AST    2|Inlined   0Y   0N|IR    815/   944|CodeSize    4429|Addr 0x7f8f57bd2b00|Timestamp 208451376326325|Src n/a
[engine] opt done   id=513   ProtosRootNode@725a5c8f                            |Tier 2|Time   621(  63+557 )ms|AST   20|Inlined   0Y   0N|IR  12165/ 30308|CodeSize  154668|Addr 0x7f8f57bd6a80|Timestamp 208452005877432|Src n/a
[engine] opt done   id=516   ProtosRootNode@7987fd8                             |Tier 1|Time    21(   5+17  )ms|AST    2|Inlined   0Y   0N|IR    888/  2671|CodeSize   13140|Addr 0x7f8f57c12bc0|Timestamp 208452064355595|Src n/a
[engine] opt done   id=517   ProtosRootNode@50de731e                            |Tier 1|Time  2078( 155+1923)ms|AST   49|Inlined   0Y   0N|IR  24748/ 84367|CodeSize  404388|Addr 0x7f8f57c1d9a0|Timestamp 208454142273135|Src n/a
[engine] opt done   id=504   ProtosRootNode@3d6a9153                            |Tier 1|Time    25(   4+21  )ms|AST    2|Inlined   0Y   0N|IR    888/  1275|CodeSize    5532|Addr 0x7f8f57cb3fe0|Timestamp 208454168833464|Src n/a
[engine] opt done   id=505   ProtosRootNode@44ccd62                             |Tier 1|Time    80(  12+67  )ms|AST    7|Inlined   0Y   0N|IR   2609/  8553|CodeSize   39643|Addr 0x7f8f57cb6f00|Timestamp 208454248721443|Src n/a
[engine] opt done   id=605   ProtosRootNode@72003e9d                            |Tier 1|Time    14(   4+10  )ms|AST    2|Inlined   0Y   0N|IR    591/  1658|CodeSize    7561|Addr 0x7f8f57cc85a0|Timestamp 208454427568326|Src n/a
[engine] opt done   id=606   ProtosRootNode@4c0fa5d5                            |Tier 1|Time   477(  59+418 )ms|AST   21|Inlined   0Y   0N|IR  10709/ 37364|CodeSize  175610|Addr 0x7f8f57cce1e0|Timestamp 208454906195751|Src n/a
[engine] opt done   id=601   ProtosRootNode@19ba33c3                            |Tier 1|Time    15(   6+9   )ms|AST    2|Inlined   0Y   0N|IR    888/  1275|CodeSize    5532|Addr 0x7f8f57d0efe0|Timestamp 208454942185237|Src n/a
[engine] opt done   id=602   ProtosRootNode@1528edd4                            |Tier 1|Time   261(  34+227 )ms|AST   11|Inlined   0Y   0N|IR   6652/ 21426|CodeSize  103877|Addr 0x7f8f57d12d20|Timestamp 208455204041341|Src n/a
[engine] opt done   id=603   ProtosRootNode@63a58cea                            |Tier 1|Time    16(   5+11  )ms|AST    2|Inlined   0Y   0N|IR    888/  1275|CodeSize    5532|Addr 0x7f8f57d3ab60|Timestamp 208455220227163|Src n/a
[engine] opt done   id=604   ProtosRootNode@26803842                            |Tier 1|Time   580(  63+517 )ms|AST   20|Inlined   0Y   0N|IR  12238/ 39495|CodeSize  192751|Addr 0x7f8f57d3fb20|Timestamp 208455813717923|Src n/a
[engine] opt done   id=605   ProtosRootNode@72003e9d                            |Tier 2|Time    18(   3+15  )ms|AST    2|Inlined   0Y   0N|IR    518/  1448|CodeSize    7174|Addr 0x7f8f57d892e0|Timestamp 208455883255225|Src n/a
[engine] opt done   id=606   ProtosRootNode@4c0fa5d5                            |Tier 2|Time   546(  57+488 )ms|AST   21|Inlined   0Y   0N|IR  10636/ 28473|CodeSize  141791|Addr 0x7f8f57d8e300|Timestamp 208456429511870|Src n/a
[engine] opt done   id=601   ProtosRootNode@19ba33c3                            |Tier 2|Time    30(   5+25  )ms|AST    2|Inlined   0Y   0N|IR    815/   944|CodeSize    4429|Addr 0x7f8f57dc3d00|Timestamp 208456498925581|Src n/a
[engine] opt done   id=602   ProtosRootNode@1528edd4                            |Tier 2|Time   281(  30+251 )ms|AST   11|Inlined   0Y   0N|IR   6579/ 16649|CodeSize   85674|Addr 0x7f8f57dc6ea0|Timestamp 208456780459830|Src n/a
[engine] opt done   id=603   ProtosRootNode@63a58cea                            |Tier 2|Time    21(   4+17  )ms|AST    2|Inlined   0Y   0N|IR    815/   944|CodeSize    4429|Addr 0x7f8f57de8380|Timestamp 208456805342868|Src n/a
[engine] opt done   id=604   ProtosRootNode@26803842                            |Tier 2|Time   595(  70+526 )ms|AST   20|Inlined   0Y   0N|IR  12165/ 30308|CodeSize  154668|Addr 0x7f8f57dec300|Timestamp 208457401248740|Src n/a
[engine] opt done   id=607   ProtosRootNode@7a0b150f                            |Tier 1|Time    27(   4+23  )ms|AST    2|Inlined   0Y   0N|IR    888/  2671|CodeSize   13140|Addr 0x7f8f57e28040|Timestamp 208457446037623|Src n/a
[engine] opt done   id=608   ProtosRootNode@15fe239e                            |Tier 1|Time  2022( 191+1831)ms|AST   49|Inlined   0Y   0N|IR  24748/ 84367|CodeSize  404388|Addr 0x7f8f57e342a0|Timestamp 208459468593913|Src n/a
[engine] opt done   id=595   ProtosRootNode@2119645a                            |Tier 1|Time    28(   9+19  )ms|AST    2|Inlined   0Y   0N|IR    888/  1275|CodeSize    5532|Addr 0x7f8f57eca8e0|Timestamp 208459530254808|Src n/a
[engine] opt done   id=596   ProtosRootNode@745eddb8                            |Tier 1|Time   121(  24+97  )ms|AST    7|Inlined   0Y   0N|IR   2609/  8553|CodeSize   39643|Addr 0x7f8f57ed1580|Timestamp 208459651112498|Src n/a
[engine] opt done   id=696   ProtosRootNode@295ae57e                            |Tier 1|Time    14(   4+10  )ms|AST    2|Inlined   0Y   0N|IR    591/  1658|CodeSize    7561|Addr 0x7f8f57ee24a0|Timestamp 208459837223716|Src n/a
[engine] opt done   id=697   ProtosRootNode@5fedef38                            |Tier 1|Time   477(  58+419 )ms|AST   21|Inlined   0Y   0N|IR  10709/ 37364|CodeSize  175610|Addr 0x7f8f57ee7ce0|Timestamp 208460314251780|Src n/a
[engine] opt done   id=692   ProtosRootNode@536a884f                            |Tier 1|Time    26(   7+19  )ms|AST    2|Inlined   0Y   0N|IR    888/  1275|CodeSize    5532|Addr 0x7f8f57f29a60|Timestamp 208460359073323|Src n/a
[engine] opt done   id=693   ProtosRootNode@29abf835                            |Tier 1|Time   273(  41+232 )ms|AST   11|Inlined   0Y   0N|IR   6652/ 21426|CodeSize  103877|Addr 0x7f8f57f2f820|Timestamp 208460632540356|Src n/a
[engine] opt done   id=694   ProtosRootNode@70fb69b6                            |Tier 1|Time    13(   4+9   )ms|AST    2|Inlined   0Y   0N|IR    888/  1275|CodeSize    5532|Addr 0x7f8f57f57660|Timestamp 208460646349656|Src n/a
[engine] opt done   id=695   ProtosRootNode@63503a34                            |Tier 1|Time   575(  77+498 )ms|AST   20|Inlined   0Y   0N|IR  12238/ 39495|CodeSize  192751|Addr 0x7f8f57f5c620|Timestamp 208461221259992|Src n/a
[engine] opt done   id=696   ProtosRootNode@295ae57e                            |Tier 2|Time    18(   3+15  )ms|AST    2|Inlined   0Y   0N|IR    518/  1448|CodeSize    7174|Addr 0x7f8f57fa6260|Timestamp 208461295004747|Src n/a
[engine] opt done   id=697   ProtosRootNode@5fedef38                            |Tier 2|Time   557(  61+495 )ms|AST   21|Inlined   0Y   0N|IR  10636/ 28473|CodeSize  141791|Addr 0x7f8f57fabe00|Timestamp 208461852120520|Src n/a
[engine] opt done   id=692   ProtosRootNode@536a884f                            |Tier 2|Time    29(   4+25  )ms|AST    2|Inlined   0Y   0N|IR    815/   944|CodeSize    4429|Addr 0x7f8f57fe1800|Timestamp 208461920504151|Src n/a
[engine] opt done   id=693   ProtosRootNode@29abf835                            |Tier 2|Time   282(  30+252 )ms|AST   11|Inlined   0Y   0N|IR   6579/ 16649|CodeSize   85674|Addr 0x7f8f57fe4ca0|Timestamp 208462203079870|Src n/a
[engine] opt done   id=694   ProtosRootNode@70fb69b6                            |Tier 2|Time    16(   4+12  )ms|AST    2|Inlined   0Y   0N|IR    815/   944|CodeSize    4429|Addr 0x7f8f58006180|Timestamp 208462221630004|Src n/a
[engine] opt done   id=695   ProtosRootNode@63503a34                            |Tier 2|Time   594(  75+519 )ms|AST   20|Inlined   0Y   0N|IR  12165/ 30308|CodeSize  154668|Addr 0x7f8f5800a100|Timestamp 208462816314535|Src n/a
[engine] opt done   id=698   ProtosRootNode@1024e95f                            |Tier 1|Time    27(   4+23  )ms|AST    2|Inlined   0Y   0N|IR    888/  2671|CodeSize   13140|Addr 0x7f8f58045e40|Timestamp 208462860946418|Src n/a
[engine] opt done   id=699   ProtosRootNode@6471337c                            |Tier 1|Time  2013( 163+1850)ms|AST   49|Inlined   0Y   0N|IR  24748/ 84367|CodeSize  404388|Addr 0x7f8f58050c20|Timestamp 208464874477252|Src n/a
[engine] opt done   id=686   ProtosRootNode@5af269c5                            |Tier 1|Time    37(   4+33  )ms|AST    2|Inlined   0Y   0N|IR    888/  1275|CodeSize    5532|Addr 0x7f8f580e7260|Timestamp 208464912475070|Src n/a
[engine] opt done   id=687   ProtosRootNode@4279302f                            |Tier 1|Time    79(  12+67  )ms|AST    7|Inlined   0Y   0N|IR   2609/  8553|CodeSize   39643|Addr 0x7f8f580ea480|Timestamp 208464991772979|Src n/a
[engine] opt done   id=787   ProtosRootNode@a8b3b55                             |Tier 1|Time    27(   7+20  )ms|AST    2|Inlined   0Y   0N|IR    591/  1658|CodeSize    7561|Addr 0x7f8f580fb820|Timestamp 208465181358999|Src n/a
[engine] opt done   id=788   ProtosRootNode@6b1b7048                            |Tier 1|Time   487(  67+420 )ms|AST   21|Inlined   0Y   0N|IR  10709/ 37364|CodeSize  175610|Addr 0x7f8f58101be0|Timestamp 208465668888111|Src n/a
[engine] opt done   id=783   ProtosRootNode@625a07ef                            |Tier 1|Time    13(   4+9   )ms|AST    2|Inlined   0Y   0N|IR    888/  1275|CodeSize    5532|Addr 0x7f8f581429e0|Timestamp 208465699260584|Src n/a
[engine] opt done   id=784   ProtosRootNode@4d6a6889                            |Tier 1|Time   263(  33+230 )ms|AST   11|Inlined   0Y   0N|IR   6652/ 21426|CodeSize  103877|Addr 0x7f8f58146720|Timestamp 208465962971949|Src n/a
[engine] opt done   id=785   ProtosRootNode@2f3b6410                            |Tier 1|Time    15(   6+9   )ms|AST    2|Inlined   0Y   0N|IR    888/  1275|CodeSize    5532|Addr 0x7f8f5816e560|Timestamp 208465987390557|Src n/a
[engine] opt done   id=786   ProtosRootNode@4bfc9ff2                            |Tier 1|Time   613(  69+544 )ms|AST   20|Inlined   0Y   0N|IR  12238/ 39495|CodeSize  192751|Addr 0x7f8f58174420|Timestamp 208466601715553|Src n/a
[engine] opt done   id=787   ProtosRootNode@a8b3b55                             |Tier 2|Time    24(   3+21  )ms|AST    2|Inlined   0Y   0N|IR    518/  1448|CodeSize    7174|Addr 0x7f8f581c1d60|Timestamp 208466675101608|Src n/a
[engine] opt done   id=788   ProtosRootNode@6b1b7048                            |Tier 2|Time   532(  56+476 )ms|AST   21|Inlined   0Y   0N|IR  10636/ 28473|CodeSize  141791|Addr 0x7f8f581c6d80|Timestamp 208467207780533|Src n/a
[engine] opt done   id=783   ProtosRootNode@625a07ef                            |Tier 2|Time    16(   4+12  )ms|AST    2|Inlined   0Y   0N|IR    815/   944|CodeSize    4429|Addr 0x7f8f581fe980|Timestamp 208467281326108|Src n/a
[engine] opt done   id=784   ProtosRootNode@4d6a6889                            |Tier 2|Time   280(  36+244 )ms|AST   11|Inlined   0Y   0N|IR   6579/ 16649|CodeSize   85674|Addr 0x7f8f58201b20|Timestamp 208467561779256|Src n/a
[engine] opt done   id=785   ProtosRootNode@2f3b6410                            |Tier 2|Time    20(   4+16  )ms|AST    2|Inlined   0Y   0N|IR    815/   944|CodeSize    4429|Addr 0x7f8f58223000|Timestamp 208467584701783|Src n/a
[engine] opt done   id=786   ProtosRootNode@4bfc9ff2                            |Tier 2|Time   584(  70+514 )ms|AST   20|Inlined   0Y   0N|IR  12165/ 30308|CodeSize  154668|Addr 0x7f8f58226f80|Timestamp 208468168996116|Src n/a
[engine] opt done   id=789   ProtosRootNode@710242c0                            |Tier 1|Time    28(   5+23  )ms|AST    2|Inlined   0Y   0N|IR    888/  2671|CodeSize   13140|Addr 0x7f8f58262fc0|Timestamp 208468214477390|Src n/a
[engine] opt done   id=790   ProtosRootNode@30f30379                            |Tier 1|Time  1969( 189+1779)ms|AST   49|Inlined   0Y   0N|IR  24748/ 84367|CodeSize  404388|Addr 0x7f8f5826dda0|Timestamp 208470183699612|Src n/a
[engine] opt done   id=777   ProtosRootNode@6baf44b7                            |Tier 1|Time    25(   4+20  )ms|AST    2|Inlined   0Y   0N|IR    888/  1275|CodeSize    5532|Addr 0x7f8f583043e0|Timestamp 208470209032910|Src n/a
[engine] opt done   id=778   ProtosRootNode@20dceeb7                            |Tier 1|Time    85(  18+66  )ms|AST    7|Inlined   0Y   0N|IR   2609/  8553|CodeSize   39643|Addr 0x7f8f58307600|Timestamp 208470293936513|Src n/a
[engine] opt done   id=878   ProtosRootNode@3ca52a37                            |Tier 1|Time    14(   4+10  )ms|AST    2|Inlined   0Y   0N|IR    591/  1658|CodeSize    7561|Addr 0x7f8f583176a0|Timestamp 208470464531590|Src n/a
[engine] opt done   id=879   ProtosRootNode@76559fde                            |Tier 1|Time   497(  57+439 )ms|AST   21|Inlined   0Y   0N|IR  10709/ 37364|CodeSize  175610|Addr 0x7f8f5831cee0|Timestamp 208470961412099|Src n/a
[engine] opt done   id=874   ProtosRootNode@bf4b8b6                             |Tier 1|Time    13(   4+9   )ms|AST    2|Inlined   0Y   0N|IR    888/  1275|CodeSize    5532|Addr 0x7f8f5835dce0|Timestamp 208470991892661|Src n/a
[engine] opt done   id=875   ProtosRootNode@7db730e                             |Tier 1|Time   256(  30+227 )ms|AST   11|Inlined   0Y   0N|IR   6652/ 21426|CodeSize  103877|Addr 0x7f8f58361a20|Timestamp 208471248642742|Src n/a
[engine] opt done   id=876   ProtosRootNode@7ff29787                            |Tier 1|Time    13(   4+9   )ms|AST    2|Inlined   0Y   0N|IR    888/  1275|CodeSize    5532|Addr 0x7f8f58389860|Timestamp 208471262463942|Src n/a
[engine] opt done   id=877   ProtosRootNode@14cf4c42                            |Tier 1|Time   590(  67+523 )ms|AST   20|Inlined   0Y   0N|IR  12238/ 39495|CodeSize  192751|Addr 0x7f8f5838e820|Timestamp 208471852673891|Src n/a
[engine] opt done   id=878   ProtosRootNode@3ca52a37                            |Tier 2|Time    18(   3+15  )ms|AST    2|Inlined   0Y   0N|IR    518/  1448|CodeSize    7174|Addr 0x7f8f583d7fe0|Timestamp 208471924999554|Src n/a
[engine] opt done   id=879   ProtosRootNode@76559fde                            |Tier 2|Time   554(  61+494 )ms|AST   21|Inlined   0Y   0N|IR  10636/ 28473|CodeSize  141791|Addr 0x7f8f583dd300|Timestamp 208472479642896|Src n/a
[engine] opt done   id=874   ProtosRootNode@bf4b8b6                             |Tier 2|Time    31(   5+25  )ms|AST    2|Inlined   0Y   0N|IR    815/   944|CodeSize    4429|Addr 0x7f8f58412d00|Timestamp 208472549177918|Src n/a
[engine] opt done   id=875   ProtosRootNode@7db730e                             |Tier 2|Time   283(  30+253 )ms|AST   11|Inlined   0Y   0N|IR   6579/ 16649|CodeSize   85674|Addr 0x7f8f58415ea0|Timestamp 208472832705088|Src n/a
[engine] opt done   id=876   ProtosRootNode@7ff29787                            |Tier 2|Time    21(   4+17  )ms|AST    2|Inlined   0Y   0N|IR    815/   944|CodeSize    4429|Addr 0x7f8f58437380|Timestamp 208472856187755|Src n/a
[engine] opt done   id=877   ProtosRootNode@14cf4c42                            |Tier 2|Time   628(  82+546 )ms|AST   20|Inlined   0Y   0N|IR  12165/ 30308|CodeSize  154668|Addr 0x7f8f5843b300|Timestamp 208473484170322|Src n/a
[engine] opt done   id=880   ProtosRootNode@4b11890f                            |Tier 1|Time    36(   5+30  )ms|AST    2|Inlined   0Y   0N|IR    888/  2671|CodeSize   13140|Addr 0x7f8f58477440|Timestamp 208473543921216|Src n/a
[engine] opt done   id=881   ProtosRootNode@b999c95                             |Tier 1|Time  1966( 166+1801)ms|AST   49|Inlined   0Y   0N|IR  24748/ 84367|CodeSize  404388|Addr 0x7f8f58482220|Timestamp 208475510595037|Src n/a
[engine] opt done   id=868   ProtosRootNode@7f8a1d41                            |Tier 1|Time    24(   4+20  )ms|AST    2|Inlined   0Y   0N|IR    888/  1275|CodeSize    5532|Addr 0x7f8f58518860|Timestamp 208475535661135|Src n/a
[engine] opt done   id=869   ProtosRootNode@44786a79                            |Tier 1|Time    94(  13+81  )ms|AST    7|Inlined   0Y   0N|IR   2609/  8553|CodeSize   39643|Addr 0x7f8f5851bb00|Timestamp 208475629991695|Src n/a
[engine] opt done   id=969   ProtosRootNode@ee8f982                             |Tier 1|Time    25(   8+17  )ms|AST    2|Inlined   0Y   0N|IR    591/  1658|CodeSize    7561|Addr 0x7f8f5852db20|Timestamp 208475816381234|Src n/a
[engine] opt done   id=970   ProtosRootNode@4ffa1a98                            |Tier 1|Time   528(  58+470 )ms|AST   21|Inlined   0Y   0N|IR  10709/ 37364|CodeSize  175610|Addr 0x7f8f58533360|Timestamp 208476344558336|Src n/a
[engine] opt done   id=965   ProtosRootNode@37e68887                            |Tier 1|Time    13(   4+9   )ms|AST    2|Inlined   0Y   0N|IR    888/  1275|CodeSize    5532|Addr 0x7f8f58574160|Timestamp 208476374582498|Src n/a
[engine] opt done   id=966   ProtosRootNode@365b0b99                            |Tier 1|Time   262(  30+232 )ms|AST   11|Inlined   0Y   0N|IR   6652/ 21426|CodeSize  103877|Addr 0x7f8f58577ea0|Timestamp 208476636568643|Src n/a
[engine] opt done   id=967   ProtosRootNode@44b57ff7                            |Tier 1|Time    13(   4+9   )ms|AST    2|Inlined   0Y   0N|IR    888/  1275|CodeSize    5532|Addr 0x7f8f5859fce0|Timestamp 208476650431083|Src n/a
[engine] opt done   id=968   ProtosRootNode@629b0673                            |Tier 1|Time   609(  69+540 )ms|AST   20|Inlined   0Y   0N|IR  12238/ 39495|CodeSize  192751|Addr 0x7f8f585a5020|Timestamp 208477260207706|Src n/a
[engine] opt done   id=969   ProtosRootNode@ee8f982                             |Tier 2|Time    24(   3+21  )ms|AST    2|Inlined   0Y   0N|IR    518/  1448|CodeSize    7174|Addr 0x7f8f585eeee0|Timestamp 208477322370012|Src n/a
[engine] opt done   id=970   ProtosRootNode@4ffa1a98                            |Tier 2|Time   535(  67+468 )ms|AST   21|Inlined   0Y   0N|IR  10636/ 28473|CodeSize  141791|Addr 0x7f8f585f3f00|Timestamp 208477857327930|Src n/a
[engine] opt done   id=965   ProtosRootNode@37e68887                            |Tier 2|Time    16(   4+12  )ms|AST    2|Inlined   0Y   0N|IR    815/   944|CodeSize    4429|Addr 0x7f8f58629900|Timestamp 208477918600105|Src n/a
[engine] opt done   id=966   ProtosRootNode@365b0b99                            |Tier 2|Time   297(  32+264 )ms|AST   11|Inlined   0Y   0N|IR   6579/ 16649|CodeSize   85674|Addr 0x7f8f5862caa0|Timestamp 208478215718456|Src n/a
[engine] opt done   id=967   ProtosRootNode@44b57ff7                            |Tier 2|Time    16(   4+12  )ms|AST    2|Inlined   0Y   0N|IR    815/   944|CodeSize    4429|Addr 0x7f8f5864df80|Timestamp 208478246090769|Src n/a
[engine] opt done   id=968   ProtosRootNode@629b0673                            |Tier 2|Time   595(  64+531 )ms|AST   20|Inlined   0Y   0N|IR  12165/ 30308|CodeSize  154668|Addr 0x7f8f58651f00|Timestamp 208478841831301|Src n/a
[engine] opt done   id=971   ProtosRootNode@4df9b0a6                            |Tier 1|Time    35(   4+30  )ms|AST    2|Inlined   0Y   0N|IR    888/  2671|CodeSize   13140|Addr 0x7f8f5868dc40|Timestamp 208478894593300|Src n/a
[engine] opt done   id=972   ProtosRootNode@6d20cb5a                            |Tier 1|Time  1965( 162+1803)ms|AST   49|Inlined   0Y   0N|IR  24748/ 84367|CodeSize  404388|Addr 0x7f8f58698a20|Timestamp 208480860107021|Src n/a
[engine] opt done   id=959   ProtosRootNode@7bd5b28f                            |Tier 1|Time    42(   8+35  )ms|AST    2|Inlined   0Y   0N|IR    888/  1275|CodeSize    5532|Addr 0x7f8f5872f9e0|Timestamp 208480904850094|Src n/a
[engine] opt done   id=960   ProtosRootNode@49ecf88b                            |Tier 1|Time    79(  13+66  )ms|AST    7|Inlined   0Y   0N|IR   2609/  8553|CodeSize   39643|Addr 0x7f8f58732c00|Timestamp 208480984175363|Src n/a
[engine] opt done   id=101   ProtosRootNode@4a989a50                            |Tier 2|Time    18(   3+15  )ms|AST    2|Inlined   0Y   0N|IR    518/  1448|CodeSize    7174|Addr 0x7f8f587421e0|Timestamp 208481144974482|Src n/a
[engine] opt done   id=102   ProtosRootNode@31d43034                            |Tier 2|Time   151(  18+133 )ms|AST    9|Inlined   0Y   0N|IR   3824/ 10491|CodeSize   51296|Addr 0x7f8f58745fa0|Timestamp 208481295966465|Src n/a
[engine] opt done   id=99    ProtosRootNode@aea2760                             |Tier 2|Time    16(   4+12  )ms|AST    2|Inlined   0Y   0N|IR    815/   944|CodeSize    4429|Addr 0x7f8f58759b00|Timestamp 208481314275998|Src n/a
[engine] opt done   id=100   ProtosRootNode@3df2363                             |Tier 2|Time   281(  35+247 )ms|AST   13|Inlined   0Y   0N|IR   6743/ 16773|CodeSize   84163|Addr 0x7f8f5875cce0|Timestamp 208481595866358|Src n/a
[engine] opt done   id=105   ProtosRootNode@109cf5f                             |Tier 2|Time    20(   4+16  )ms|AST    2|Inlined   0Y   0N|IR    815/   944|CodeSize    4429|Addr 0x7f8f5877da00|Timestamp 208481615857792|Src n/a
[engine] opt done   id=106   ProtosRootNode@4abe2e4                             |Tier 2|Time   172(  20+152 )ms|AST    9|Inlined   0Y   0N|IR   4384/ 11732|CodeSize   59165|Addr 0x7f8f58780720|Timestamp 208481788306351|Src n/a
[engine] opt done   id=1060  ProtosRootNode@138a2a7                             |Tier 1|Time    29(   7+21  )ms|AST    2|Inlined   0Y   0N|IR    591/  1658|CodeSize    7561|Addr 0x7f8f58797720|Timestamp 208481840956030|Src n/a
[engine] opt done   id=1061  ProtosRootNode@57742443                            |Tier 1|Time   532(  58+473 )ms|AST   21|Inlined   0Y   0N|IR  10709/ 37364|CodeSize  175610|Addr 0x7f8f5879e3e0|Timestamp 208482372836275|Src n/a
[engine] opt done   id=1056  ProtosRootNode@4f85087b                            |Tier 1|Time    13(   4+9   )ms|AST    2|Inlined   0Y   0N|IR    888/  1275|CodeSize    5532|Addr 0x7f8f587df1e0|Timestamp 208482387971096|Src n/a
[engine] opt done   id=1057  ProtosRootNode@6fa00ed6                            |Tier 1|Time   302(  47+255 )ms|AST   11|Inlined   0Y   0N|IR   6652/ 21426|CodeSize  103877|Addr 0x7f8f587e2f20|Timestamp 208482690424091|Src n/a
[engine] opt done   id=1058  ProtosRootNode@2a9fe602                            |Tier 1|Time    13(   4+9   )ms|AST    2|Inlined   0Y   0N|IR    888/  1275|CodeSize    5532|Addr 0x7f8f5880ad60|Timestamp 208482704176571|Src n/a
[engine] opt done   id=1059  ProtosRootNode@51b14228                            |Tier 1|Time   607(  71+536 )ms|AST   20|Inlined   0Y   0N|IR  12238/ 39495|CodeSize  192751|Addr 0x7f8f5880fd20|Timestamp 208483311716113|Src n/a
[engine] opt done   id=1060  ProtosRootNode@138a2a7                             |Tier 2|Time    19(   3+16  )ms|AST    2|Inlined   0Y   0N|IR    518/  1448|CodeSize    7174|Addr 0x7f8f588594e0|Timestamp 208483369188506|Src n/a
[engine] opt done   id=1061  ProtosRootNode@57742443                            |Tier 2|Time   552(  77+476 )ms|AST   21|Inlined   0Y   0N|IR  10636/ 28473|CodeSize  141791|Addr 0x7f8f5885e500|Timestamp 208483921883396|Src n/a
[engine] opt done   id=1056  ProtosRootNode@4f85087b                            |Tier 2|Time    16(   4+12  )ms|AST    2|Inlined   0Y   0N|IR    815/   944|CodeSize    4429|Addr 0x7f8f58893f00|Timestamp 208483974175115|Src n/a
[engine] opt done   id=1057  ProtosRootNode@6fa00ed6                            |Tier 2|Time   282(  37+245 )ms|AST   11|Inlined   0Y   0N|IR   6579/ 16649|CodeSize   85674|Addr 0x7f8f588970a0|Timestamp 208484256609515|Src n/a
[engine] opt done   id=1058  ProtosRootNode@2a9fe602                            |Tier 2|Time    22(   4+18  )ms|AST    2|Inlined   0Y   0N|IR    815/   944|CodeSize    4429|Addr 0x7f8f588b8580|Timestamp 208484281755904|Src n/a
[engine] opt done   id=1059  ProtosRootNode@51b14228                            |Tier 2|Time   637(  87+550 )ms|AST   20|Inlined   0Y   0N|IR  12165/ 30308|CodeSize  154668|Addr 0x7f8f588bc800|Timestamp 208484918957108|Src n/a
[engine] opt done   id=1062  ProtosRootNode@313e10e4                            |Tier 1|Time    35(  19+17  )ms|AST    2|Inlined   0Y   0N|IR    888/  2671|CodeSize   13140|Addr 0x7f8f588f8540|Timestamp 208484975431489|Src n/a
[engine] opt done   id=1063  ProtosRootNode@4a6adc93                            |Tier 1|Time  1969( 164+1805)ms|AST   49|Inlined   0Y   0N|IR  24748/ 84367|CodeSize  404388|Addr 0x7f8f58903aa0|Timestamp 208486946493325|Src n/a
[engine] opt done   id=1050  ProtosRootNode@177bd83                             |Tier 1|Time    24(   4+20  )ms|AST    2|Inlined   0Y   0N|IR    888/  1275|CodeSize    5532|Addr 0x7f8f5899a4e0|Timestamp 208486971335693|Src n/a
[engine] opt done   id=1051  ProtosRootNode@32a64de7                            |Tier 1|Time    78(  12+66  )ms|AST    7|Inlined   0Y   0N|IR   2609/  8553|CodeSize   39643|Addr 0x7f8f5899d400|Timestamp 208487049893912|Src n/a
[engine] opt done   id=1151  ProtosRootNode@6d549360                            |Tier 1|Time    23(   7+15  )ms|AST    2|Inlined   0Y   0N|IR    591/  1658|CodeSize    7561|Addr 0x7f8f589adba0|Timestamp 208487224553002|Src n/a
[engine] opt done   id=1152  ProtosRootNode@2106fffa                            |Tier 1|Time   489(  57+432 )ms|AST   21|Inlined   0Y   0N|IR  10709/ 37364|CodeSize  175610|Addr 0x7f8f589b33e0|Timestamp 208487713808655|Src n/a
[engine] opt done   id=1147  ProtosRootNode@30dba6b9                            |Tier 1|Time    14(   4+9   )ms|AST    2|Inlined   0Y   0N|IR    888/  1275|CodeSize    5532|Addr 0x7f8f589f41e0|Timestamp 208487743363247|Src n/a
[engine] opt done   id=1148  ProtosRootNode@21458a08                            |Tier 1|Time   258(  30+228 )ms|AST   11|Inlined   0Y   0N|IR   6652/ 21426|CodeSize  103877|Addr 0x7f8f589f7f20|Timestamp 208488001966670|Src n/a
[engine] opt done   id=1149  ProtosRootNode@7cc8b02c                            |Tier 1|Time    24(   7+18  )ms|AST    2|Inlined   0Y   0N|IR    888/  1275|CodeSize    5532|Addr 0x7f8f58a219e0|Timestamp 208488028533179|Src n/a
[engine] opt done   id=1150  ProtosRootNode@d774a8d                             |Tier 1|Time   582(  67+516 )ms|AST   20|Inlined   0Y   0N|IR  12238/ 39495|CodeSize  192751|Addr 0x7f8f58a269a0|Timestamp 208488611544093|Src n/a
[engine] opt done   id=1151  ProtosRootNode@6d549360                            |Tier 2|Time    18(   4+15  )ms|AST    2|Inlined   0Y   0N|IR    518/  1448|CodeSize    7174|Addr 0x7f8f58a70160|Timestamp 208488684097797|Src n/a
[engine] opt done   id=1152  ProtosRootNode@2106fffa                            |Tier 2|Time   561(  57+505 )ms|AST   21|Inlined   0Y   0N|IR  10636/ 28473|CodeSize  141791|Addr 0x7f8f58a75180|Timestamp 208489245652595|Src n/a
[engine] opt done   id=1147  ProtosRootNode@30dba6b9                            |Tier 2|Time    30(   5+25  )ms|AST    2|Inlined   0Y   0N|IR    815/   944|CodeSize    4429|Addr 0x7f8f58aaab80|Timestamp 208489311368073|Src n/a
[engine] opt done   id=1148  ProtosRootNode@21458a08                            |Tier 2|Time   282(  30+253 )ms|AST   11|Inlined   0Y   0N|IR   6579/ 16649|CodeSize   85674|Addr 0x7f8f58aadd20|Timestamp 208489594049104|Src n/a
[engine] opt done   id=1149  ProtosRootNode@7cc8b02c                            |Tier 2|Time    29(   4+25  )ms|AST    2|Inlined   0Y   0N|IR    815/   944|CodeSize    4429|Addr 0x7f8f58acf200|Timestamp 208489625943027|Src n/a
[engine] opt done   id=1150  ProtosRootNode@d774a8d                             |Tier 2|Time   601(  64+537 )ms|AST   20|Inlined   0Y   0N|IR  12165/ 30308|CodeSize  154668|Addr 0x7f8f58ad3180|Timestamp 208490226798444|Src n/a
[engine] opt done   id=1153  ProtosRootNode@20af8d15                            |Tier 1|Time    28(   4+23  )ms|AST    2|Inlined   0Y   0N|IR    888/  2671|CodeSize   13140|Addr 0x7f8f58b0eec0|Timestamp 208490275746651|Src n/a
[engine] opt done   id=1154  ProtosRootNode@66962820                            |Tier 1|Time  2032( 173+1859)ms|AST   49|Inlined   0Y   0N|IR  24748/ 84367|CodeSize  404388|Addr 0x7f8f58b19ca0|Timestamp 208492308446773|Src n/a
[engine] opt done   id=1141  ProtosRootNode@6b9ce0d9                            |Tier 1|Time    37(   4+33  )ms|AST    2|Inlined   0Y   0N|IR    888/  1275|CodeSize    5532|Addr 0x7f8f58bb05e0|Timestamp 208492346355861|Src n/a
[engine] opt done   id=1142  ProtosRootNode@4a3c6d48                            |Tier 1|Time    79(  13+66  )ms|AST    7|Inlined   0Y   0N|IR   2609/  8553|CodeSize   39643|Addr 0x7f8f58bb3500|Timestamp 208492425502090|Src n/a
[engine] opt done   id=1242  ProtosRootNode@255f7d07                            |Tier 1|Time    27(   7+20  )ms|AST    2|Inlined   0Y   0N|IR    591/  1658|CodeSize    7561|Addr 0x7f8f58bc2da0|Timestamp 208492604660133|Src n/a
[engine] opt done   id=1243  ProtosRootNode@4f27a3d1                            |Tier 1|Time   853( 125+728 )ms|AST   21|Inlined   0Y   0N|IR  10709/ 37364|CodeSize  175610|Addr 0x7f8f58bcab60|Timestamp 208493459177449|Src n/a
[engine] opt done   id=1238  ProtosRootNode@456abd31                            |Tier 1|Time    13(   4+9   )ms|AST    2|Inlined   0Y   0N|IR    888/  1275|CodeSize    5532|Addr 0x7f8f58c0b960|Timestamp 208493486039219|Src n/a
[engine] opt done   id=1239  ProtosRootNode@547a6793                            |Tier 1|Time   263(  30+233 )ms|AST   11|Inlined   0Y   0N|IR   6652/ 21426|CodeSize  103877|Addr 0x7f8f58c0f6a0|Timestamp 208493749338385|Src n/a
[engine] opt done   id=1240  ProtosRootNode@20e62f39                            |Tier 1|Time    13(   4+9   )ms|AST    2|Inlined   0Y   0N|IR    888/  1275|CodeSize    5532|Addr 0x7f8f58c374e0|Timestamp 208493763325385|Src n/a
[engine] opt done   id=1241  ProtosRootNode@6a252d8c                            |Tier 1|Time   591(  70+521 )ms|AST   20|Inlined   0Y   0N|IR  12238/ 39495|CodeSize  192751|Addr 0x7f8f58c3c7a0|Timestamp 208494354628375|Src n/a
[engine] opt done   id=1242  ProtosRootNode@255f7d07                            |Tier 2|Time    18(   3+15  )ms|AST    2|Inlined   0Y   0N|IR    518/  1448|CodeSize    7174|Addr 0x7f8f58c85f60|Timestamp 208494427699790|Src n/a
[engine] opt done   id=1243  ProtosRootNode@4f27a3d1                            |Tier 2|Time   540(  60+480 )ms|AST   21|Inlined   0Y   0N|IR  10636/ 28473|CodeSize  141791|Addr 0x7f8f58c8b300|Timestamp 208494967987422|Src n/a
[engine] opt done   id=1238  ProtosRootNode@456abd31                            |Tier 2|Time    16(   4+12  )ms|AST    2|Inlined   0Y   0N|IR    815/   944|CodeSize    4429|Addr 0x7f8f58cc0d00|Timestamp 208495019060310|Src n/a
[engine] opt done   id=1239  ProtosRootNode@547a6793                            |Tier 2|Time   284(  41+243 )ms|AST   11|Inlined   0Y   0N|IR   6579/ 16649|CodeSize   85674|Addr 0x7f8f58cc3ea0|Timestamp 208495302821771|Src n/a
[engine] opt done   id=1240  ProtosRootNode@20e62f39                            |Tier 2|Time    26(   4+22  )ms|AST    2|Inlined   0Y   0N|IR    815/   944|CodeSize    4429|Addr 0x7f8f58ce5380|Timestamp 208495331865492|Src n/a
[engine] opt done   id=1241  ProtosRootNode@6a252d8c                            |Tier 2|Time   609(  67+542 )ms|AST   20|Inlined   0Y   0N|IR  12165/ 30308|CodeSize  154668|Addr 0x7f8f58ce9300|Timestamp 208495941263866|Src n/a
[engine] opt done   id=1244  ProtosRootNode@5dfc6f6                             |Tier 1|Time    37(   6+31  )ms|AST    2|Inlined   0Y   0N|IR    888/  2671|CodeSize   13140|Addr 0x7f8f58d25040|Timestamp 208495999360439|Src n/a
[engine] opt done   id=1245  ProtosRootNode@1e42da5e                            |Tier 1|Time  1940( 178+1761)ms|AST   49|Inlined   0Y   0N|IR  24748/ 84367|CodeSize  404388|Addr 0x7f8f58d2fe20|Timestamp 208497939589153|Src n/a
[engine] opt done   id=1232  ProtosRootNode@1343a6a2                            |Tier 1|Time    37(   4+33  )ms|AST    2|Inlined   0Y   0N|IR    888/  1275|CodeSize    5532|Addr 0x7f8f58dc6460|Timestamp 208497977619912|Src n/a
[engine] opt done   id=1233  ProtosRootNode@199fd7a2                            |Tier 1|Time    80(  12+68  )ms|AST    7|Inlined   0Y   0N|IR   2609/  8553|CodeSize   39643|Addr 0x7f8f58dc9380|Timestamp 208498057611171|Src n/a
[engine] opt done   id=1333  ProtosRootNode@14504806                            |Tier 1|Time    26(   7+20  )ms|AST    2|Inlined   0Y   0N|IR    591/  1658|CodeSize    7561|Addr 0x7f8f58dd90a0|Timestamp 208498240953357|Src n/a
[engine] opt done   id=1334  ProtosRootNode@7544892                             |Tier 1|Time   563( 104+458 )ms|AST   21|Inlined   0Y   0N|IR  10709/ 37364|CodeSize  175610|Addr 0x7f8f57157de0|Timestamp 208498805121878|Src n/a
[engine] opt done   id=1329  ProtosRootNode@3956d4ae                            |Tier 1|Time    14(   5+9   )ms|AST    2|Inlined   0Y   0N|IR    888/  1275|CodeSize    5532|Addr 0x7f8f5719c6e0|Timestamp 208498821142430|Src n/a
[engine] opt done   id=1330  ProtosRootNode@1a4c551d                            |Tier 1|Time   321(  50+270 )ms|AST   11|Inlined   0Y   0N|IR   6652/ 21426|CodeSize  103877|Addr 0x7f8f571a0720|Timestamp 208499141954838|Src n/a
[engine] opt done   id=1331  ProtosRootNode@347144d8                            |Tier 1|Time    13(   4+9   )ms|AST    2|Inlined   0Y   0N|IR    888/  1275|CodeSize    5532|Addr 0x7f8f571e0460|Timestamp 208499155769678|Src n/a
[engine] opt done   id=1332  ProtosRootNode@28d69eb8                            |Tier 1|Time   608(  78+529 )ms|AST   20|Inlined   0Y   0N|IR  12238/ 39495|CodeSize  192751|Addr 0x7f8f571e72a0|Timestamp 208499765991343|Src n/a
[engine] opt done   id=1333  ProtosRootNode@14504806                            |Tier 2|Time    19(   3+16  )ms|AST    2|Inlined   0Y   0N|IR    518/  1448|CodeSize    7174|Addr 0x7f8f57244ee0|Timestamp 208499819653633|Src n/a
[engine] opt done   id=1334  ProtosRootNode@7544892                             |Tier 2|Time   548(  76+472 )ms|AST   21|Inlined   0Y   0N|IR  10636/ 28473|CodeSize  141791|Addr 0x7f8f57250480|Timestamp 208500367622611|Src n/a
[engine] opt done   id=1329  ProtosRootNode@3956d4ae                            |Tier 2|Time    16(   4+12  )ms|AST    2|Inlined   0Y   0N|IR    815/   944|CodeSize    4429|Addr 0x7f8f572cc380|Timestamp 208500419774710|Src n/a
[engine] opt done   id=1330  ProtosRootNode@1a4c551d                            |Tier 2|Time   280(  36+244 )ms|AST   11|Inlined   0Y   0N|IR   6579/ 16649|CodeSize   85674|Addr 0x7f8f572956a0|Timestamp 208500700667659|Src n/a
[engine] opt done   id=1331  ProtosRootNode@347144d8                            |Tier 2|Time    20(   4+17  )ms|AST    2|Inlined   0Y   0N|IR    815/   944|CodeSize    4429|Addr 0x7f8f5754bc80|Timestamp 208500723928216|Src n/a
[engine] opt done   id=1332  ProtosRootNode@28d69eb8                            |Tier 2|Time   630(  82+548 )ms|AST   20|Inlined   0Y   0N|IR  12165/ 30308|CodeSize  154668|Addr 0x7f8f572d3400|Timestamp 208501354230605|Src n/a
[engine] opt done   id=1335  ProtosRootNode@3ca9f308                            |Tier 1|Time    35(  18+17  )ms|AST    2|Inlined   0Y   0N|IR    888/  2671|CodeSize   13140|Addr 0x7f8f5737f340|Timestamp 208501406843335|Src n/a
[engine] opt done   id=1336  ProtosRootNode@49461cf1                            |Tier 1|Time  1970( 160+1810)ms|AST   49|Inlined   0Y   0N|IR  24748/ 84367|CodeSize  404388|Addr 0x7f8f5738b0a0|Timestamp 208503377584872|Src n/a
[engine] opt done   id=1323  ProtosRootNode@6a72fca6                            |Tier 1|Time    24(   4+20  )ms|AST    2|Inlined   0Y   0N|IR    888/  1275|CodeSize    5532|Addr 0x7f8f57421ce0|Timestamp 208503402241300|Src n/a
[engine] opt done   id=1324  ProtosRootNode@d072968                             |Tier 1|Time    78(  12+66  )ms|AST    7|Inlined   0Y   0N|IR   2609/  8553|CodeSize   39643|Addr 0x7f8f57425d80|Timestamp 208503480854589|Src n/a
[engine] opt done   id=1424  ProtosRootNode@79936776                            |Tier 1|Time    21(   7+14  )ms|AST    2|Inlined   0Y   0N|IR    591/  1658|CodeSize    7561|Addr 0x7f8f571467a0|Timestamp 208503650597355|Src n/a
[engine] opt done   id=1425  ProtosRootNode@1eff0985                            |Tier 1|Time   505(  58+447 )ms|AST   21|Inlined   0Y   0N|IR  10709/ 37364|CodeSize  175610|Addr 0x7f8f57ab6660|Timestamp 208504156553242|Src n/a
[engine] opt done   id=1420  ProtosRootNode@63525623                            |Tier 1|Time    13(   4+9   )ms|AST    2|Inlined   0Y   0N|IR    888/  1275|CodeSize    5532|Addr 0x7f8f5787b1e0|Timestamp 208504186541155|Src n/a
[engine] opt done   id=1421  ProtosRootNode@182b1c49                            |Tier 1|Time   257(  30+227 )ms|AST   11|Inlined   0Y   0N|IR   6652/ 21426|CodeSize  103877|Addr 0x7f8f5748e6a0|Timestamp 208504443466316|Src n/a
[engine] opt done   id=1422  ProtosRootNode@1a6bb829                            |Tier 1|Time    13(   4+9   )ms|AST    2|Inlined   0Y   0N|IR    888/  1275|CodeSize    5532|Addr 0x7f8f57af77e0|Timestamp 208504457647247|Src n/a
[engine] opt done   id=1423  ProtosRootNode@7d657b8f                            |Tier 1|Time   589(  66+522 )ms|AST   20|Inlined   0Y   0N|IR  12238/ 39495|CodeSize  192751|Addr 0x7f8f57909da0|Timestamp 208505046606075|Src n/a
[engine] opt done   id=1424  ProtosRootNode@79936776                            |Tier 2|Time    18(   3+15  )ms|AST    2|Inlined   0Y   0N|IR    518/  1448|CodeSize    7174|Addr 0x7f8f5750e060|Timestamp 208505116798518|Src n/a
[engine] opt done   id=1425  ProtosRootNode@1eff0985                            |Tier 2|Time   548(  56+491 )ms|AST   21|Inlined   0Y   0N|IR  10636/ 28473|CodeSize  141791|Addr 0x7f8f57513480|Timestamp 208505664651226|Src n/a
[engine] opt done   id=1420  ProtosRootNode@63525623                            |Tier 2|Time    31(   5+25  )ms|AST    2|Inlined   0Y   0N|IR    815/   944|CodeSize    4429|Addr 0x7f8f57992480|Timestamp 208505732737146|Src n/a
[engine] opt done   id=1421  ProtosRootNode@182b1c49                            |Tier 2|Time   285(  31+255 )ms|AST   11|Inlined   0Y   0N|IR   6579/ 16649|CodeSize   85674|Addr 0x7f8f5754f220|Timestamp 208506018386599|Src n/a
[engine] opt done   id=1422  ProtosRootNode@1a6bb829                            |Tier 2|Time    31(   4+26  )ms|AST    2|Inlined   0Y   0N|IR    815/   944|CodeSize    4429|Addr 0x7f8f57f2a080|Timestamp 208506051845574|Src n/a
[engine] opt done   id=1423  ProtosRootNode@7d657b8f                            |Tier 2|Time   598(  66+532 )ms|AST   20|Inlined   0Y   0N|IR  12165/ 30308|CodeSize  154668|Addr 0x7f8f57577d00|Timestamp 208506650408750|Src n/a
[engine] opt done   id=1426  ProtosRootNode@79480987                            |Tier 1|Time    28(   4+23  )ms|AST    2|Inlined   0Y   0N|IR    888/  2671|CodeSize   13140|Addr 0x7f8f575b3f40|Timestamp 208506695836724|Src n/a
[engine] opt done   id=1427  ProtosRootNode@460de5a4                            |Tier 1|Time  2047( 177+1870)ms|AST   49|Inlined   0Y   0N|IR  24748/ 84367|CodeSize  404388|Addr 0x7f8f577e4520|Timestamp 208508743159559|Src n/a
[engine] opt done   id=1414  ProtosRootNode@23522382                            |Tier 1|Time    37(   4+33  )ms|AST    2|Inlined   0Y   0N|IR    888/  1275|CodeSize    5532|Addr 0x7f8f5872f9e0|Timestamp 208508783107009|Src n/a
[engine] opt done   id=1415  ProtosRootNode@2ab6d6f9                            |Tier 1|Time    86(  13+73  )ms|AST    7|Inlined   0Y   0N|IR   2609/  8553|CodeSize   39643|Addr 0x7f8f5765c900|Timestamp 208508870988934|Src n/a
[engine] opt done   id=1515  ProtosRootNode@56a79fb1                            |Tier 1|Time    27(   7+20  )ms|AST    2|Inlined   0Y   0N|IR    591/  1658|CodeSize    7561|Addr 0x7f8f5743de20|Timestamp 208509048291037|Src n/a
[engine] opt done   id=1516  ProtosRootNode@d6747a4                             |Tier 1|Time   531(  69+462 )ms|AST   21|Inlined   0Y   0N|IR  10709/ 37364|CodeSize  175610|Addr 0x7f8f588bd360|Timestamp 208509581335954|Src n/a
[engine] opt done   id=1511  ProtosRootNode@c464b3b                             |Tier 1|Time    13(   4+9   )ms|AST    2|Inlined   0Y   0N|IR    888/  1275|CodeSize    5532|Addr 0x7f8f57733d60|Timestamp 208509596634275|Src n/a
[engine] opt done   id=1512  ProtosRootNode@7dba2385                            |Tier 1|Time   282(  50+232 )ms|AST   11|Inlined   0Y   0N|IR   6652/ 21426|CodeSize  103877|Addr 0x7f8f578deea0|Timestamp 208509878380225|Src n/a
[engine] opt done   id=1513  ProtosRootNode@220bf603                            |Tier 1|Time    13(   4+9   )ms|AST    2|Inlined   0Y   0N|IR    888/  1275|CodeSize    5532|Addr 0x7f8f578db160|Timestamp 208509892173095|Src n/a
[engine] opt done   id=1514  ProtosRootNode@9d15d2                              |Tier 1|Time   582(  84+498 )ms|AST   20|Inlined   0Y   0N|IR  12238/ 39495|CodeSize  192751|Addr 0x7f8f58174420|Timestamp 208510475797570|Src n/a
[engine] opt done   id=1515  ProtosRootNode@56a79fb1                            |Tier 2|Time    18(   3+15  )ms|AST    2|Inlined   0Y   0N|IR    518/  1448|CodeSize    7174|Addr 0x7f8f57fa6260|Timestamp 208510547350584|Src n/a
[engine] opt done   id=1516  ProtosRootNode@d6747a4                             |Tier 2|Time   533(  60+474 )ms|AST   21|Inlined   0Y   0N|IR  10636/ 28473|CodeSize  141791|Addr 0x7f8f57738800|Timestamp 208511080786311|Src n/a
[engine] opt done   id=1511  ProtosRootNode@c464b3b                             |Tier 2|Time    16(   4+12  )ms|AST    2|Inlined   0Y   0N|IR    815/   944|CodeSize    4429|Addr 0x7f8f57670600|Timestamp 208511145057129|Src n/a
[engine] opt done   id=1512  ProtosRootNode@7dba2385                            |Tier 2|Time   291(  39+252 )ms|AST   11|Inlined   0Y   0N|IR   6579/ 16649|CodeSize   85674|Addr 0x7f8f57997d20|Timestamp 208511437551487|Src n/a
[engine] opt done   id=1513  ProtosRootNode@220bf603                            |Tier 2|Time    16(   4+12  )ms|AST    2|Inlined   0Y   0N|IR    815/   944|CodeSize    4429|Addr 0x7f8f57994b80|Timestamp 208511464370517|Src n/a
[engine] opt done   id=1514  ProtosRootNode@9d15d2                              |Tier 2|Time   613(  64+549 )ms|AST   20|Inlined   0Y   0N|IR  12165/ 30308|CodeSize  154668|Addr 0x7f8f579bc800|Timestamp 208512077656544|Src n/a
[engine] opt done   id=1517  ProtosRootNode@37da47ce                            |Tier 1|Time    43(   5+38  )ms|AST    2|Inlined   0Y   0N|IR    888/  2671|CodeSize   13140|Addr 0x7f8f577d6c40|Timestamp 208512138310869|Src n/a
[engine] opt done   id=1518  ProtosRootNode@6b0ef3eb                            |Tier 1|Time  2491( 381+2110)ms|AST   49|Inlined   0Y   0N|IR  24748/ 84367|CodeSize  404388|Addr 0x7f8f58903aa0|Timestamp 208514631792178|Src n/a
[engine] opt done   id=1505  ProtosRootNode@3b72fc1                             |Tier 1|Time    34(   7+27  )ms|AST    2|Inlined   0Y   0N|IR    888/  1275|CodeSize    5532|Addr 0x7f8f57891160|Timestamp 208514669400876|Src n/a
[engine] opt done   id=1506  ProtosRootNode@d346fb                              |Tier 1|Time    95(  12+83  )ms|AST    7|Inlined   0Y   0N|IR   2609/  8553|CodeSize   39643|Addr 0x7f8f5787e580|Timestamp 208514765068578|Src n/a
[engine] opt done   id=1606  ProtosRootNode@dca7cb6                             |Tier 1|Time    27(   6+21  )ms|AST    2|Inlined   0Y   0N|IR    591/  1658|CodeSize    7561|Addr 0x7f8f57aaf1a0|Timestamp 208514941904959|Src n/a
[engine] opt done   id=1607  ProtosRootNode@b06389d                             |Tier 1|Time   487(  66+421 )ms|AST   21|Inlined   0Y   0N|IR  10709/ 37364|CodeSize  175610|Addr 0x7f8f57448560|Timestamp 208515431020814|Src n/a
[engine] opt done   id=1602  ProtosRootNode@40cb8890                            |Tier 1|Time    13(   4+9   )ms|AST    2|Inlined   0Y   0N|IR    888/  1275|CodeSize    5532|Addr 0x7f8f57443be0|Timestamp 208515446191025|Src n/a
[engine] opt done   id=1603  ProtosRootNode@65e6ed83                            |Tier 1|Time   287(  39+247 )ms|AST   11|Inlined   0Y   0N|IR   6652/ 21426|CodeSize  103877|Addr 0x7f8f57b873a0|Timestamp 208515732989669|Src n/a
[engine] opt done   id=1604  ProtosRootNode@1a2582b9                            |Tier 1|Time    13(   4+9   )ms|AST    2|Inlined   0Y   0N|IR    888/  1275|CodeSize    5532|Addr 0x7f8f580fc6e0|Timestamp 208515746988140|Src n/a
[engine] opt done   id=1605  ProtosRootNode@31d4c3b4                            |Tier 1|Time   572(  68+504 )ms|AST   20|Inlined   0Y   0N|IR  12238/ 39495|CodeSize  192751|Addr 0x7f8f585a5020|Timestamp 208516319686457|Src n/a
[engine] opt done   id=1606  ProtosRootNode@dca7cb6                             |Tier 2|Time    18(   3+15  )ms|AST    2|Inlined   0Y   0N|IR    518/  1448|CodeSize    7174|Addr 0x7f8f58797760|Timestamp 208516393056072|Src n/a
[engine] opt done   id=1607  ProtosRootNode@b06389d                             |Tier 2|Time   558(  62+495 )ms|AST   21|Inlined   0Y   0N|IR  10636/ 28473|CodeSize  141791|Addr 0x7f8f57fadf80|Timestamp 208516951096048|Src n/a
[engine] opt done   id=1602  ProtosRootNode@40cb8890                            |Tier 2|Time    30(   5+25  )ms|AST    2|Inlined   0Y   0N|IR    815/   944|CodeSize    4429|Addr 0x7f8f57faa280|Timestamp 208517016215456|Src n/a
[engine] opt done   id=1603  ProtosRootNode@65e6ed83                            |Tier 2|Time   282(  30+251 )ms|AST   11|Inlined   0Y   0N|IR   6579/ 16649|CodeSize   85674|Addr 0x7f8f5796e3a0|Timestamp 208517298049076|Src n/a
[engine] opt done   id=1604  ProtosRootNode@1a2582b9                            |Tier 2|Time    21(   4+17  )ms|AST    2|Inlined   0Y   0N|IR    815/   944|CodeSize    4429|Addr 0x7f8f58bc4280|Timestamp 208517324974326|Src n/a
[engine] opt done   id=1605  ProtosRootNode@31d4c3b4                            |Tier 2|Time   927( 168+759 )ms|AST   20|Inlined   0Y   0N|IR  12165/ 30308|CodeSize  154668|Addr 0x7f8f5789f000|Timestamp 208518253788919|Src n/a
[engine] opt done   id=1608  ProtosRootNode@35b1d319                            |Tier 1|Time    27(   4+23  )ms|AST    2|Inlined   0Y   0N|IR    888/  2671|CodeSize   13140|Addr 0x7f8f57895940|Timestamp 208518313488774|Src n/a
[engine] opt done   id=1609  ProtosRootNode@516de458                            |Tier 1|Time  1960( 172+1787)ms|AST   49|Inlined   0Y   0N|IR  24748/ 84367|CodeSize  404388|Addr 0x7f8f575c58a0|Timestamp 208520275135067|Src n/a
[engine] opt done   id=1596  ProtosRootNode@38289cd                             |Tier 1|Time    24(   4+20  )ms|AST    2|Inlined   0Y   0N|IR    888/  1275|CodeSize    5532|Addr 0x7f8f575bdee0|Timestamp 208520300245905|Src n/a
[engine] opt done   id=1597  ProtosRootNode@6fe3f8b                             |Tier 1|Time    79(  12+67  )ms|AST    7|Inlined   0Y   0N|IR   2609/  8553|CodeSize   39643|Addr 0x7f8f57ed1580|Timestamp 208520379465505|Src n/a
[engine] opt done   id=1697  ProtosRootNode@7ca70137                            |Tier 1|Time    25(   5+20  )ms|AST    2|Inlined   0Y   0N|IR    591/  1658|CodeSize    7561|Addr 0x7f8f580f6320|Timestamp 208520554071945|Src n/a
[engine] opt done   id=1698  ProtosRootNode@72ff1769                            |Tier 1|Time   486(  57+428 )ms|AST   21|Inlined   0Y   0N|IR  10709/ 37364|CodeSize  175610|Addr 0x7f8f57ee7ce0|Timestamp 208521040302898|Src n/a
[engine] opt done   id=1693  ProtosRootNode@4489cc06                            |Tier 1|Time    13(   4+9   )ms|AST    2|Inlined   0Y   0N|IR    888/  1275|CodeSize    5532|Addr 0x7f8f57ee3360|Timestamp 208521071382871|Src n/a
[engine] opt done   id=1694  ProtosRootNode@11c97775                            |Tier 1|Time   257(  30+227 )ms|AST   11|Inlined   0Y   0N|IR   6652/ 21426|CodeSize  103877|Addr 0x7f8f581d49a0|Timestamp 208521328514873|Src n/a
[engine] opt done   id=1695  ProtosRootNode@2d950356                            |Tier 1|Time    13(   4+9   )ms|AST    2|Inlined   0Y   0N|IR    888/  1275|CodeSize    5532|Addr 0x7f8f580f3ae0|Timestamp 208521342209943|Src n/a
[engine] opt done   id=1696  ProtosRootNode@7800d1cb                            |Tier 1|Time   596(  72+524 )ms|AST   20|Inlined   0Y   0N|IR  12238/ 39495|CodeSize  192751|Addr 0x7f8f574bc020|Timestamp 208521938403138|Src n/a
[engine] opt done   id=1697  ProtosRootNode@7ca70137                            |Tier 2|Time    18(   4+15  )ms|AST    2|Inlined   0Y   0N|IR    518/  1448|CodeSize    7174|Addr 0x7f8f580f05e0|Timestamp 208521994696670|Src n/a
[engine] opt done   id=1698  ProtosRootNode@72ff1769                            |Tier 2|Time   544(  71+473 )ms|AST   21|Inlined   0Y   0N|IR  10636/ 28473|CodeSize  141791|Addr 0x7f8f58c53a00|Timestamp 208522539098286|Src n/a
[engine] opt done   id=1693  ProtosRootNode@4489cc06                            |Tier 2|Time    17(   5+12  )ms|AST    2|Inlined   0Y   0N|IR    815/   944|CodeSize    4429|Addr 0x7f8f574b7680|Timestamp 208522591359015|Src n/a
[engine] opt done   id=1694  ProtosRootNode@11c97775                            |Tier 2|Time   304(  43+260 )ms|AST   11|Inlined   0Y   0N|IR   6579/ 16649|CodeSize   85674|Addr 0x7f8f57bf10a0|Timestamp 208522895647372|Src n/a
[engine] opt done   id=1695  ProtosRootNode@2d950356                            |Tier 2|Time    16(   4+12  )ms|AST    2|Inlined   0Y   0N|IR    815/   944|CodeSize    4429|Addr 0x7f8f580ee380|Timestamp 208522922637042|Src n/a
[engine] opt done   id=1696  ProtosRootNode@7800d1cb                            |Tier 2|Time   595(  65+530 )ms|AST   20|Inlined   0Y   0N|IR  12165/ 30308|CodeSize  154668|Addr 0x7f8f57bb4580|Timestamp 208523517429416|Src n/a
[engine] opt done   id=1699  ProtosRootNode@2cf74fe9                            |Tier 1|Time    27(   4+23  )ms|AST    2|Inlined   0Y   0N|IR    888/  2671|CodeSize   13140|Addr 0x7f8f58310f40|Timestamp 208523565903022|Src n/a
[engine] opt done   id=1700  ProtosRootNode@1ae79814                            |Tier 1|Time  2066( 191+1875)ms|AST   49|Inlined   0Y   0N|IR  24748/ 84367|CodeSize  404388|Addr 0x7f8f57e36aa0|Timestamp 208525633845565|Src n/a
[engine] opt done   id=1687  ProtosRootNode@35995869                            |Tier 1|Time    27(   8+19  )ms|AST    2|Inlined   0Y   0N|IR    888/  1275|CodeSize    5532|Addr 0x7f8f57e2f0e0|Timestamp 208525719352889|Src n/a
[engine] opt done   id=1688  ProtosRootNode@741952cd                            |Tier 1|Time    80(  14+66  )ms|AST    7|Inlined   0Y   0N|IR   2609/  8553|CodeSize   39643|Addr 0x7f8f5851bb00|Timestamp 208525800876010|Src n/a
[engine] opt done   id=1788  ProtosRootNode@14f4a9d1                            |Tier 1|Time    13(   3+10  )ms|AST    2|Inlined   0Y   0N|IR    591/  1658|CodeSize    7561|Addr 0x7f8f580ead20|Timestamp 208525964123942|Src n/a
[engine] opt done   id=1789  ProtosRootNode@71eeeee0                            |Tier 1|Time   473(  57+417 )ms|AST   21|Inlined   0Y   0N|IR  10709/ 37364|CodeSize  175610|Addr 0x7f8f577945e0|Timestamp 208526437777445|Src n/a
[engine] opt done   id=1784  ProtosRootNode@1d09f2d3                            |Tier 1|Time    13(   4+9   )ms|AST    2|Inlined   0Y   0N|IR    888/  1275|CodeSize    5532|Addr 0x7f8f5830e560|Timestamp 208526467300727|Src n/a
[engine] opt done   id=1785  ProtosRootNode@6ad99ee6                            |Tier 1|Time   266(  36+229 )ms|AST   11|Inlined   0Y   0N|IR   6652/ 21426|CodeSize  103877|Addr 0x7f8f5823aca0|Timestamp 208526734873967|Src n/a
[engine] opt done   id=1786  ProtosRootNode@479dbf95                            |Tier 1|Time    19(   4+15  )ms|AST    2|Inlined   0Y   0N|IR    888/  1275|CodeSize    5532|Addr 0x7f8f5830bd60|Timestamp 208526754825572|Src n/a
[engine] opt done   id=1787  ProtosRootNode@1b9e37d6                            |Tier 1|Time   595(  71+523 )ms|AST   20|Inlined   0Y   0N|IR  12238/ 39495|CodeSize  192751|Addr 0x7f8f58127620|Timestamp 208527351636207|Src n/a
[engine] opt done   id=1788  ProtosRootNode@14f4a9d1                            |Tier 2|Time    18(   3+15  )ms|AST    2|Inlined   0Y   0N|IR    518/  1448|CodeSize    7174|Addr 0x7f8f58308860|Timestamp 208527407379469|Src n/a
[engine] opt done   id=1789  ProtosRootNode@71eeeee0                            |Tier 2|Time   545(  73+472 )ms|AST   21|Inlined   0Y   0N|IR  10636/ 28473|CodeSize  141791|Addr 0x7f8f58203d00|Timestamp 208527952970426|Src n/a
[engine] opt done   id=1784  ProtosRootNode@1d09f2d3                            |Tier 2|Time    19(   4+15  )ms|AST    2|Inlined   0Y   0N|IR    815/   944|CodeSize    4429|Addr 0x7f8f58200000|Timestamp 208528007844937|Src n/a
[engine] opt done   id=1785  ProtosRootNode@6ad99ee6                            |Tier 2|Time   280(  30+251 )ms|AST   11|Inlined   0Y   0N|IR   6579/ 16649|CodeSize   85674|Addr 0x7f8f58103920|Timestamp 208528288451677|Src n/a
[engine] opt done   id=1786  ProtosRootNode@479dbf95                            |Tier 2|Time    20(   4+16  )ms|AST    2|Inlined   0Y   0N|IR    815/   944|CodeSize    4429|Addr 0x7f8f58100780|Timestamp 208528311576984|Src n/a
[engine] opt done   id=1787  ProtosRootNode@1b9e37d6                            |Tier 2|Time   582(  77+505 )ms|AST   20|Inlined   0Y   0N|IR  12165/ 30308|CodeSize  154668|Addr 0x7f8f58bfe180|Timestamp 208528894108409|Src n/a
[engine] opt done   id=1790  ProtosRootNode@2d65269f                            |Tier 1|Time    35(   4+31  )ms|AST    2|Inlined   0Y   0N|IR    888/  2671|CodeSize   13140|Addr 0x7f8f5873c540|Timestamp 208528951104501|Src n/a
[engine] opt done   id=1791  ProtosRootNode@5153048f                            |Tier 1|Time  2038( 151+1887)ms|AST   49|Inlined   0Y   0N|IR  24748/ 84367|CodeSize  404388|Addr 0x7f8f57a03620|Timestamp 208530989628493|Src n/a
[engine] opt done   id=1778  ProtosRootNode@68f4d302                            |Tier 1|Time    30(  21+9   )ms|AST    2|Inlined   0Y   0N|IR    888/  1275|CodeSize    5532|Addr 0x7f8f579fbc60|Timestamp 208531020541606|Src n/a
[engine] opt done   id=1779  ProtosRootNode@5e21965b                            |Tier 1|Time    85(  18+66  )ms|AST    7|Inlined   0Y   0N|IR   2609/  8553|CodeSize   39643|Addr 0x7f8f57b76900|Timestamp 208531105810100|Src n/a
[engine] opt done   id=1879  ProtosRootNode@2945d1ec                            |Tier 1|Time    26(   7+20  )ms|AST    2|Inlined   0Y   0N|IR    591/  1658|CodeSize    7561|Addr 0x7f8f58738ca0|Timestamp 208531282393462|Src n/a
[engine] opt done   id=1880  ProtosRootNode@617d95c1                            |Tier 1|Time   497(  66+432 )ms|AST   21|Inlined   0Y   0N|IR  10709/ 37364|CodeSize  175610|Addr 0x7f8f589def60|Timestamp 208531781666385|Src n/a
[engine] opt done   id=1875  ProtosRootNode@4007567f                            |Tier 1|Time    13(   4+9   )ms|AST    2|Inlined   0Y   0N|IR    888/  1275|CodeSize    5532|Addr 0x7f8f579f9460|Timestamp 208531811456447|Src n/a
[engine] opt done   id=1876  ProtosRootNode@46966fe2                            |Tier 1|Time   257(  30+228 )ms|AST   11|Inlined   0Y   0N|IR   6652/ 21426|CodeSize  103877|Addr 0x7f8f589b4fa0|Timestamp 208532068989469|Src n/a
[engine] opt done   id=1877  ProtosRootNode@6f5985a9                            |Tier 1|Time    13(   4+9   )ms|AST    2|Inlined   0Y   0N|IR    888/  1275|CodeSize    5532|Addr 0x7f8f589b1260|Timestamp 208532082559530|Src n/a
[engine] opt done   id=1878  ProtosRootNode@1b4b8490                            |Tier 1|Time   610(  61+549 )ms|AST   20|Inlined   0Y   0N|IR  12238/ 39495|CodeSize  192751|Addr 0x7f8f58558da0|Timestamp 208532705262694|Src n/a
[engine] opt done   id=1879  ProtosRootNode@2945d1ec                            |Tier 2|Time    18(   3+15  )ms|AST    2|Inlined   0Y   0N|IR    518/  1448|CodeSize    7174|Addr 0x7f8f589adbe0|Timestamp 208532773362195|Src n/a
[engine] opt done   id=1880  ProtosRootNode@617d95c1                            |Tier 2|Time   523(  56+467 )ms|AST   21|Inlined   0Y   0N|IR  10636/ 28473|CodeSize  141791|Addr 0x7f8f57f70300|Timestamp 208533296699946|Src n/a
[engine] opt done   id=1875  ProtosRootNode@4007567f                            |Tier 2|Time    16(   5+12  )ms|AST    2|Inlined   0Y   0N|IR    815/   944|CodeSize    4429|Addr 0x7f8f58736a80|Timestamp 208533348722765|Src n/a
[engine] opt done   id=1876  ProtosRootNode@46966fe2                            |Tier 2|Time   278(  34+243 )ms|AST   11|Inlined   0Y   0N|IR   6579/ 16649|CodeSize   85674|Addr 0x7f8f585350a0|Timestamp 208533626643263|Src n/a
[engine] opt done   id=1877  ProtosRootNode@6f5985a9                            |Tier 2|Time    20(   4+16  )ms|AST    2|Inlined   0Y   0N|IR    815/   944|CodeSize    4429|Addr 0x7f8f58734900|Timestamp 208533649648370|Src n/a
[engine] opt done   id=1878  ProtosRootNode@1b4b8490                            |Tier 2|Time   605(  68+537 )ms|AST   20|Inlined   0Y   0N|IR  12165/ 30308|CodeSize  154668|Addr 0x7f8f57f32c80|Timestamp 208534254683642|Src n/a
[engine] opt done   id=1881  ProtosRootNode@4dfb95c8                            |Tier 1|Time    27(   4+23  )ms|AST    2|Inlined   0Y   0N|IR    888/  2671|CodeSize   13140|Addr 0x7f8f5852e4c0|Timestamp 208534303199458|Src n/a
[engine] opt done   id=1882  ProtosRootNode@73b54394                            |Tier 1|Time  1974( 161+1813)ms|AST   49|Inlined   0Y   0N|IR  24748/ 84367|CodeSize  404388|Addr 0x7f8f582705a0|Timestamp 208536277534963|Src n/a
[engine] opt done   id=1869  ProtosRootNode@27f2d46c                            |Tier 1|Time    33(   9+24  )ms|AST    2|Inlined   0Y   0N|IR    888/  1275|CodeSize    5532|Addr 0x7f8f57f2e6e0|Timestamp 208536310925988|Src n/a
[engine] opt done   id=1870  ProtosRootNode@707e408                             |Tier 1|Time    79(  12+67  )ms|AST    7|Inlined   0Y   0N|IR   2609/  8553|CodeSize   39643|Addr 0x7f8f581c3f00|Timestamp 208536389727587|Src n/a
