[To redirect Truffle log output to a file use one of the following options:
* '--log.file=<path>' if the option is passed using a guest language launcher.
* '-Dpolyglot.log.file=<path>' if the option is passed using the host Java launcher.
* Configure logging using the polyglot embedding API.]
[engine] opt done   id=150   ProtosRootNode@73a02f84                            |Tier 1|Time    87(  61+26  )ms|AST    2|Inlined   0Y   0N|IR    591/  1658|CodeSize    7561|Addr 0x7f303315ec20|Timestamp 208233136722870|Src n/a
[engine] opt done   id=151   ProtosRootNode@59ee33cd                            |Tier 1|Time  2078( 192+1886)ms|AST   21|Inlined   0Y   0N|IR  20851/ 81773|CodeSize  436754|Addr 0x7f303316e220|Timestamp 208235223375631|Src n/a
[engine] opt done   id=146   ProtosRootNode@27a517d                             |Tier 1|Time    28(   8+20  )ms|AST    2|Inlined   0Y   0N|IR    888/  1275|CodeSize    5532|Addr 0x7f30332151e0|Timestamp 208235308757802|Src n/a
[engine] opt done   id=147   ProtosRootNode@2f3044cc                            |Tier 1|Time   589(  63+525 )ms|AST   11|Inlined   0Y   0N|IR  10711/ 39220|CodeSize  206041|Addr 0x7f303321b5c0|Timestamp 208235898210326|Src n/a
[engine] opt done   id=103   ProtosRootNode@37295fe2                            |Tier 1|Time    14(   4+10  )ms|AST    2|Inlined   0Y   0N|IR    591/  1658|CodeSize    7561|Addr 0x7f303326b820|Timestamp 208235928062157|Src n/a
[engine] opt done   id=104   ProtosRootNode@6e6facd9                            |Tier 1|Time   212(  26+187 )ms|AST    6|Inlined   0Y   0N|IR   5217/ 19409|CodeSize  101975|Addr 0x7f3033270420|Timestamp 208236141235151|Src n/a
[engine] opt done   id=148   ProtosRootNode@5119f4ab                            |Tier 1|Time    14(   4+9   )ms|AST    2|Inlined   0Y   0N|IR    888/  1275|CodeSize    5532|Addr 0x7f3033297e60|Timestamp 208236157516922|Src n/a
[engine] opt done   id=149   ProtosRootNode@7cf0a644                            |Tier 1|Time  1729( 128+1601)ms|AST   20|Inlined   0Y   0N|IR  20353/ 75041|CodeSize  397465|Addr 0x7f30332a05c0|Timestamp 208237887431297|Src n/a
[engine] opt done   id=150   ProtosRootNode@73a02f84                            |Tier 2|Time    46(   7+39  )ms|AST    2|Inlined   0Y   0N|IR    518/  1448|CodeSize    7174|Addr 0x7f3033346760|Timestamp 208238146930744|Src n/a
[engine] opt done   id=151   ProtosRootNode@59ee33cd                            |Tier 2|Time  1868( 155+1712)ms|AST   21|Inlined   0Y   0N|IR  20778/ 68815|CodeSize  387532|Addr 0x7f3033359ba0|Timestamp 208240015293188|Src n/a
[engine] opt done   id=146   ProtosRootNode@27a517d                             |Tier 2|Time    33(   7+25  )ms|AST    2|Inlined   0Y   0N|IR    815/   944|CodeSize    4429|Addr 0x7f30333f0c80|Timestamp 208240209448838|Src n/a
[engine] opt done   id=147   ProtosRootNode@2f3044cc                            |Tier 2|Time   739( 112+627 )ms|AST   11|Inlined   0Y   0N|IR  10638/ 32814|CodeSize  176872|Addr 0x7f3033402f60|Timestamp 208240953013793|Src n/a
[engine] opt done   id=103   ProtosRootNode@37295fe2                            |Tier 2|Time    28(   5+23  )ms|AST    2|Inlined   0Y   0N|IR    518/  1448|CodeSize    7174|Addr 0x7f3033446ce0|Timestamp 208240981705254|Src n/a
[engine] opt done   id=104   ProtosRootNode@6e6facd9                            |Tier 2|Time   251(  29+222 )ms|AST    6|Inlined   0Y   0N|IR   5144/ 16227|CodeSize   85747|Addr 0x7f303344c2e0|Timestamp 208241233956176|Src n/a
[engine] opt done   id=148   ProtosRootNode@5119f4ab                            |Tier 2|Time    32(   8+24  )ms|AST    2|Inlined   0Y   0N|IR    815/   944|CodeSize    4429|Addr 0x7f303346f100|Timestamp 208241277011826|Src n/a
[engine] opt done   id=149   ProtosRootNode@7cf0a644                            |Tier 2|Time  1593( 147+1446)ms|AST   20|Inlined   0Y   0N|IR  20280/ 62658|CodeSize  342484|Addr 0x7f3033475600|Timestamp 208242870029144|Src n/a
[engine] opt done   id=101   ProtosRootNode@2031960f                            |Tier 1|Time    27(   7+20  )ms|AST    2|Inlined   0Y   0N|IR    591/  1658|CodeSize    7561|Addr 0x7f30334f8ca0|Timestamp 208242965920543|Src n/a
[engine] opt done   id=102   ProtosRootNode@5e086a27                            |Tier 1|Time   413(  54+358 )ms|AST    9|Inlined   0Y   0N|IR   7951/ 31452|CodeSize  167494|Addr 0x7f30335001c0|Timestamp 208243380900441|Src n/a
[engine] opt done   id=99    ProtosRootNode@9991c2b                             |Tier 1|Time    13(   4+9   )ms|AST    2|Inlined   0Y   0N|IR    888/  1275|CodeSize    5532|Addr 0x7f303353f9e0|Timestamp 208243407892601|Src n/a
[engine] opt done   id=100   ProtosRootNode@1c4a843a                            |Tier 1|Time   826(  66+760 )ms|AST   13|Inlined   0Y   0N|IR  12899/ 48349|CodeSize  260527|Addr 0x7f3033545ea0|Timestamp 208244234430766|Src n/a
[engine] opt done   id=105   ProtosRootNode@c7c218f                             |Tier 1|Time    15(   6+9   )ms|AST    2|Inlined   0Y   0N|IR    888/  1275|CodeSize    5532|Addr 0x7f30335a9b60|Timestamp 208244249999387|Src n/a
[engine] opt done   id=106   ProtosRootNode@180c7db6                            |Tier 1|Time   304(  43+261 )ms|AST    9|Inlined   0Y   0N|IR   6486/ 23741|CodeSize  126115|Addr 0x7f30335ae7a0|Timestamp 208244555326517|Src n/a
[engine] opt done   id=152   ProtosRootNode@6cd7dabb                            |Tier 1|Time    21(   4+17  )ms|AST    2|Inlined   0Y   0N|IR    888/  2671|CodeSize   13140|Addr 0x7f30335e04c0|Timestamp 208244578907284|Src n/a
[engine] opt failed id=153   ProtosRootNode@4c80c619                            |Tier 1|Time   48(-208244580+208244628)ms|Reason: jdk.graal.compiler.truffle.GraphTooBigBailoutException: Graph too big to safely compile. Node count: 50681. Graph Size: 150026. Limit: 150000.|Timestamp 208244628138250|Src n/a
[engine] opt failed id=153   ProtosRootNode@4c80c619                            |Tier 1|Time   44(-208244648+208244692)ms|Reason: jdk.graal.compiler.truffle.GraphTooBigBailoutException: Graph too big to safely compile. Node count: 50681. Graph Size: 150026. Limit: 150000.|Timestamp 208244692311656|Src n/a
[engine] opt done   id=140   ProtosRootNode@5717bed8                            |Tier 1|Time    13(   4+9   )ms|AST    2|Inlined   0Y   0N|IR    888/  1275|CodeSize    5532|Addr 0x7f30335e8e60|Timestamp 208244707678787|Src n/a
[engine] opt done   id=141   ProtosRootNode@2f991269                            |Tier 1|Time   183(  22+160 )ms|AST    7|Inlined   0Y   0N|IR   4642/ 17482|CodeSize   90120|Addr 0x7f30335ec680|Timestamp 208244890607019|Src n/a
[engine] opt done   id=241   ProtosRootNode@5f0550a9                            |Tier 1|Time    16(   6+10  )ms|AST    2|Inlined   0Y   0N|IR    591/  1658|CodeSize    7561|Addr 0x7f30336260a0|Timestamp 208245208144538|Src n/a
[engine] opt done   id=242   ProtosRootNode@42ac501a                            |Tier 1|Time  1849( 123+1726)ms|AST   21|Inlined   0Y   0N|IR  20851/ 81773|CodeSize  436754|Addr 0x7f303362eda0|Timestamp 208247058304661|Src n/a
[engine] opt done   id=237   ProtosRootNode@14e930bc                            |Tier 1|Time    26(   8+18  )ms|AST    2|Inlined   0Y   0N|IR    888/  1275|CodeSize    5532|Addr 0x7f30336d3d60|Timestamp 208247111926879|Src n/a
[engine] opt done   id=238   ProtosRootNode@33f7a79b                            |Tier 1|Time   644(  88+556 )ms|AST   11|Inlined   0Y   0N|IR  10711/ 39220|CodeSize  206041|Addr 0x7f30336dfac0|Timestamp 208247758107475|Src n/a
[engine] opt done   id=239   ProtosRootNode@adb5444                             |Tier 1|Time    13(   4+9   )ms|AST    2|Inlined   0Y   0N|IR    888/  1275|CodeSize    5532|Addr 0x7f303372ffe0|Timestamp 208247788876387|Src n/a
[engine] opt done   id=240   ProtosRootNode@2953ad5d                            |Tier 1|Time  1657( 113+1544)ms|AST   20|Inlined   0Y   0N|IR  20353/ 75041|CodeSize  397465|Addr 0x7f3033737d40|Timestamp 208249446622712|Src n/a
[engine] opt done   id=241   ProtosRootNode@5f0550a9                            |Tier 2|Time    18(   3+14  )ms|AST    2|Inlined   0Y   0N|IR    518/  1448|CodeSize    7174|Addr 0x7f30337d2760|Timestamp 208249541758661|Src n/a
[engine] opt done   id=242   ProtosRootNode@42ac501a                            |Tier 2|Time  1838( 114+1725)ms|AST   21|Inlined   0Y   0N|IR  20778/ 68815|CodeSize  387532|Addr 0x7f30337da2a0|Timestamp 208251380416056|Src n/a
[engine] opt done   id=237   ProtosRootNode@14e930bc                            |Tier 2|Time    16(   4+12  )ms|AST    2|Inlined   0Y   0N|IR    815/   944|CodeSize    4429|Addr 0x7f303386cd80|Timestamp 208251479319828|Src n/a
[engine] opt done   id=238   ProtosRootNode@33f7a79b                            |Tier 2|Time   619(  52+566 )ms|AST   11|Inlined   0Y   0N|IR  10638/ 32814|CodeSize  176872|Addr 0x7f3033870de0|Timestamp 208252098873275|Src n/a
[engine] opt done   id=239   ProtosRootNode@adb5444                             |Tier 2|Time    22(   4+18  )ms|AST    2|Inlined   0Y   0N|IR    815/   944|CodeSize    4429|Addr 0x7f30338b4600|Timestamp 208252125397014|Src n/a
[engine] opt done   id=240   ProtosRootNode@2953ad5d                            |Tier 2|Time  1666( 138+1528)ms|AST   20|Inlined   0Y   0N|IR  20280/ 62658|CodeSize  342484|Addr 0x7f30338bbb00|Timestamp 208253792014996|Src n/a
[engine] opt done   id=243   ProtosRootNode@3f04b598                            |Tier 1|Time    22(   5+17  )ms|AST    2|Inlined   0Y   0N|IR    888/  2671|CodeSize   13140|Addr 0x7f303393c140|Timestamp 208253851722569|Src n/a
[engine] opt failed id=244   ProtosRootNode@1c51e858                            |Tier 1|Time   41(-208253852+208253893)ms|Reason: jdk.graal.compiler.truffle.GraphTooBigBailoutException: Graph too big to safely compile. Node count: 50681. Graph Size: 150026. Limit: 150000.|Timestamp 208253893494369|Src n/a
[engine] opt failed id=244   ProtosRootNode@1c51e858                            |Tier 1|Time   41(-208253899+208253941)ms|Reason: jdk.graal.compiler.truffle.GraphTooBigBailoutException: Graph too big to safely compile. Node count: 50681. Graph Size: 150026. Limit: 150000.|Timestamp 208253940952863|Src n/a
[engine] opt done   id=231   ProtosRootNode@39e3084d                            |Tier 1|Time    13(   4+9   )ms|AST    2|Inlined   0Y   0N|IR    888/  1275|CodeSize    5532|Addr 0x7f3033942360|Timestamp 208253958423656|Src n/a
[engine] opt done   id=232   ProtosRootNode@306888b5                            |Tier 1|Time   184(  23+161 )ms|AST    7|Inlined   0Y   0N|IR   4642/ 17482|CodeSize   90120|Addr 0x7f3033946480|Timestamp 208254144535030|Src n/a
[engine] opt done   id=332   ProtosRootNode@64291f2b                            |Tier 1|Time    17(   7+10  )ms|AST    2|Inlined   0Y   0N|IR    591/  1658|CodeSize    7561|Addr 0x7f3033970fa0|Timestamp 208254394953351|Src n/a
[engine] opt done   id=333   ProtosRootNode@3b4151c9                            |Tier 1|Time  1892( 119+1773)ms|AST   21|Inlined   0Y   0N|IR  20851/ 81773|CodeSize  436754|Addr 0x7f3033979ca0|Timestamp 208256287323527|Src n/a
[engine] opt done   id=328   ProtosRootNode@1e60b5d5                            |Tier 1|Time    27(   8+20  )ms|AST    2|Inlined   0Y   0N|IR    888/  1275|CodeSize    5532|Addr 0x7f3033a1e060|Timestamp 208256340740975|Src n/a
[engine] opt done   id=329   ProtosRootNode@12705f63                            |Tier 1|Time   633(  93+539 )ms|AST   11|Inlined   0Y   0N|IR  10711/ 39220|CodeSize  206041|Addr 0x7f3033a274c0|Timestamp 208256973926302|Src n/a
[engine] opt done   id=330   ProtosRootNode@7a9fcc5f                            |Tier 1|Time    13(   4+9   )ms|AST    2|Inlined   0Y   0N|IR    888/  1275|CodeSize    5532|Addr 0x7f3033a776e0|Timestamp 208256988183112|Src n/a
[engine] opt done   id=331   ProtosRootNode@3bb947a5                            |Tier 1|Time  1720( 134+1586)ms|AST   20|Inlined   0Y   0N|IR  20353/ 75041|CodeSize  397465|Addr 0x7f3033a7f440|Timestamp 208258708739935|Src n/a
[engine] opt done   id=332   ProtosRootNode@64291f2b                            |Tier 2|Time    18(   4+15  )ms|AST    2|Inlined   0Y   0N|IR    518/  1448|CodeSize    7174|Addr 0x7f3033b1a0e0|Timestamp 208258805346784|Src n/a
[engine] opt done   id=333   ProtosRootNode@3b4151c9                            |Tier 2|Time  1773( 131+1642)ms|AST   21|Inlined   0Y   0N|IR  20778/ 68815|CodeSize  387532|Addr 0x7f3033b21920|Timestamp 208260579310815|Src n/a
[engine] opt done   id=328   ProtosRootNode@1e60b5d5                            |Tier 2|Time    17(   4+12  )ms|AST    2|Inlined   0Y   0N|IR    815/   944|CodeSize    4429|Addr 0x7f3033bb1400|Timestamp 208260665786078|Src n/a
[engine] opt done   id=329   ProtosRootNode@12705f63                            |Tier 2|Time   638(  52+586 )ms|AST   11|Inlined   0Y   0N|IR  10638/ 32814|CodeSize  176872|Addr 0x7f3033bb5460|Timestamp 208261304136649|Src n/a
[engine] opt done   id=330   ProtosRootNode@7a9fcc5f                            |Tier 2|Time    21(   4+17  )ms|AST    2|Inlined   0Y   0N|IR    815/   944|CodeSize    4429|Addr 0x7f3033bf8800|Timestamp 208261328655297|Src n/a
[engine] opt done   id=331   ProtosRootNode@3bb947a5                            |Tier 2|Time  1688( 130+1558)ms|AST   20|Inlined   0Y   0N|IR  20280/ 62658|CodeSize  342484|Addr 0x7f3033c00880|Timestamp 208263017339137|Src n/a
[engine] opt done   id=334   ProtosRootNode@69d0fc80                            |Tier 1|Time    21(   4+17  )ms|AST    2|Inlined   0Y   0N|IR    888/  2671|CodeSize   13140|Addr 0x7f3033c80ec0|Timestamp 208263080376952|Src n/a
[engine] opt failed id=335   ProtosRootNode@7b2817e9                            |Tier 1|Time   41(-208263081+208263121)ms|Reason: jdk.graal.compiler.truffle.GraphTooBigBailoutException: Graph too big to safely compile. Node count: 50681. Graph Size: 150026. Limit: 150000.|Timestamp 208263121541092|Src n/a
[engine] opt failed id=335   ProtosRootNode@7b2817e9                            |Tier 1|Time   41(-208263132+208263173)ms|Reason: jdk.graal.compiler.truffle.GraphTooBigBailoutException: Graph too big to safely compile. Node count: 50681. Graph Size: 150026. Limit: 150000.|Timestamp 208263172875689|Src n/a
[engine] opt done   id=322   ProtosRootNode@1b0b7416                            |Tier 1|Time    13(   4+9   )ms|AST    2|Inlined   0Y   0N|IR    888/  1275|CodeSize    5532|Addr 0x7f3033c86ae0|Timestamp 208263186384839|Src n/a
[engine] opt done   id=323   ProtosRootNode@66a6e985                            |Tier 1|Time   379(  45+334 )ms|AST    7|Inlined   0Y   0N|IR   4642/ 17482|CodeSize   90120|Addr 0x7f3033c8a300|Timestamp 208263567186854|Src n/a
[engine] opt done   id=423   ProtosRootNode@3630931                             |Tier 1|Time    27(   7+20  )ms|AST    2|Inlined   0Y   0N|IR    591/  1658|CodeSize    7561|Addr 0x7f3033cb3120|Timestamp 208263917610077|Src n/a
[engine] opt done   id=424   ProtosRootNode@51564bb9                            |Tier 1|Time  1918( 124+1794)ms|AST   21|Inlined   0Y   0N|IR  20851/ 81773|CodeSize  436754|Addr 0x7f3033cbc120|Timestamp 208265836646444|Src n/a
[engine] opt done   id=419   ProtosRootNode@462f5f1b                            |Tier 1|Time    14(   5+9   )ms|AST    2|Inlined   0Y   0N|IR    888/  1275|CodeSize    5532|Addr 0x7f3033d60de0|Timestamp 208265873017540|Src n/a
[engine] opt done   id=420   ProtosRootNode@3095ed6                             |Tier 1|Time   581(  54+527 )ms|AST   11|Inlined   0Y   0N|IR  10711/ 39220|CodeSize  206041|Addr 0x7f3033d66240|Timestamp 208266454210920|Src n/a
[engine] opt done   id=421   ProtosRootNode@261e7c1                             |Tier 1|Time    13(   4+9   )ms|AST    2|Inlined   0Y   0N|IR    888/  1275|CodeSize    5532|Addr 0x7f3033db6460|Timestamp 208266484182912|Src n/a
[engine] opt done   id=422   ProtosRootNode@69edcdc6                            |Tier 1|Time  1642( 114+1528)ms|AST   20|Inlined   0Y   0N|IR  20353/ 75041|CodeSize  397465|Addr 0x7f3033dbe1c0|Timestamp 208268126550490|Src n/a
[engine] opt done   id=423   ProtosRootNode@3630931                             |Tier 2|Time    23(   7+16  )ms|AST    2|Inlined   0Y   0N|IR    518/  1448|CodeSize    7174|Addr 0x7f3033e56ee0|Timestamp 208268211066451|Src n/a
[engine] opt done   id=424   ProtosRootNode@51564bb9                            |Tier 2|Time  1779( 113+1666)ms|AST   21|Inlined   0Y   0N|IR  20778/ 68815|CodeSize  387532|Addr 0x7f3033e5e720|Timestamp 208269990151187|Src n/a
[engine] opt done   id=419   ProtosRootNode@462f5f1b                            |Tier 2|Time    16(   4+12  )ms|AST    2|Inlined   0Y   0N|IR    815/   944|CodeSize    4429|Addr 0x7f3033eee580|Timestamp 208270078626761|Src n/a
[engine] opt done   id=420   ProtosRootNode@3095ed6                             |Tier 2|Time   968( 109+859 )ms|AST   11|Inlined   0Y   0N|IR  10638/ 32814|CodeSize  176872|Addr 0x7f3033ef3360|Timestamp 208271048992293|Src n/a
[engine] opt done   id=421   ProtosRootNode@261e7c1                             |Tier 2|Time    42(   7+35  )ms|AST    2|Inlined   0Y   0N|IR    815/   944|CodeSize    4429|Addr 0x7f3033f36700|Timestamp 208271098045169|Src n/a
[engine] opt done   id=422   ProtosRootNode@69edcdc6                            |Tier 2|Time  2217( 265+1953)ms|AST   20|Inlined   0Y   0N|IR  20280/ 62658|CodeSize  342484|Addr 0x7f3033f3dd80|Timestamp 208273317390455|Src n/a
[engine] opt done   id=425   ProtosRootNode@13e5f549                            |Tier 1|Time    21(   4+17  )ms|AST    2|Inlined   0Y   0N|IR    888/  2671|CodeSize   13140|Addr 0x7f3033fbe3c0|Timestamp 208273381717891|Src n/a
[engine] opt failed id=426   ProtosRootNode@31dcdd3d                            |Tier 1|Time   60(-208273382+208273442)ms|Reason: jdk.graal.compiler.truffle.GraphTooBigBailoutException: Graph too big to safely compile. Node count: 50681. Graph Size: 150026. Limit: 150000.|Timestamp 208273442519385|Src n/a
[engine] opt failed id=426   ProtosRootNode@31dcdd3d                            |Tier 1|Time   41(-208273449+208273490)ms|Reason: jdk.graal.compiler.truffle.GraphTooBigBailoutException: Graph too big to safely compile. Node count: 50681. Graph Size: 150026. Limit: 150000.|Timestamp 208273490149430|Src n/a
[engine] opt done   id=413   ProtosRootNode@51740e8e                            |Tier 1|Time    13(   4+9   )ms|AST    2|Inlined   0Y   0N|IR    888/  1275|CodeSize    5532|Addr 0x7f3033fc5460|Timestamp 208273507317682|Src n/a
[engine] opt done   id=414   ProtosRootNode@2157eb3f                            |Tier 1|Time   185(  22+163 )ms|AST    7|Inlined   0Y   0N|IR   4642/ 17482|CodeSize   90120|Addr 0x7f3033fc8c80|Timestamp 208273693084947|Src n/a
[engine] opt done   id=514   ProtosRootNode@69801d1d                            |Tier 1|Time    28(   8+20  )ms|AST    2|Inlined   0Y   0N|IR    591/  1658|CodeSize    7561|Addr 0x7f3033fee720|Timestamp 208273939907735|Src n/a
[engine] opt done   id=515   ProtosRootNode@414e1bd4                            |Tier 1|Time  1923( 141+1782)ms|AST   21|Inlined   0Y   0N|IR  20851/ 81773|CodeSize  436754|Addr 0x7f3033ff9520|Timestamp 208275865279659|Src n/a
[engine] opt done   id=510   ProtosRootNode@30b49e01                            |Tier 1|Time    14(   4+9   )ms|AST    2|Inlined   0Y   0N|IR    888/  1275|CodeSize    5532|Addr 0x7f303409d8e0|Timestamp 208275905060128|Src n/a
[engine] opt done   id=511   ProtosRootNode@71ffcdce                            |Tier 1|Time   588(  53+535 )ms|AST   11|Inlined   0Y   0N|IR  10711/ 39220|CodeSize  206041|Addr 0x7f30340a2a40|Timestamp 208276493842804|Src n/a
[engine] opt done   id=512   ProtosRootNode@1cfaff41                            |Tier 1|Time    13(   4+9   )ms|AST    2|Inlined   0Y   0N|IR    888/  1275|CodeSize    5532|Addr 0x7f30340f2c60|Timestamp 208276508375955|Src n/a
[engine] opt done   id=513   ProtosRootNode@5e9a3c31                            |Tier 1|Time  1705( 132+1573)ms|AST   20|Inlined   0Y   0N|IR  20353/ 75041|CodeSize  397465|Addr 0x7f30340fa9c0|Timestamp 208278213811100|Src n/a
[engine] opt done   id=514   ProtosRootNode@69801d1d                            |Tier 2|Time    18(   3+15  )ms|AST    2|Inlined   0Y   0N|IR    518/  1448|CodeSize    7174|Addr 0x7f3034194260|Timestamp 208278309322589|Src n/a
[engine] opt done   id=515   ProtosRootNode@414e1bd4                            |Tier 2|Time  1781( 120+1661)ms|AST   21|Inlined   0Y   0N|IR  20778/ 68815|CodeSize  387532|Addr 0x7f303419bda0|Timestamp 208280093157831|Src n/a
[engine] opt done   id=510   ProtosRootNode@30b49e01                            |Tier 2|Time    16(   4+12  )ms|AST    2|Inlined   0Y   0N|IR    815/   944|CodeSize    4429|Addr 0x7f303422bc80|Timestamp 208280185103427|Src n/a
[engine] opt done   id=511   ProtosRootNode@71ffcdce                            |Tier 2|Time   644(  53+591 )ms|AST   11|Inlined   0Y   0N|IR  10638/ 32814|CodeSize  176872|Addr 0x7f303422fce0|Timestamp 208280829302754|Src n/a
[engine] opt done   id=512   ProtosRootNode@1cfaff41                            |Tier 2|Time    21(   4+17  )ms|AST    2|Inlined   0Y   0N|IR    815/   944|CodeSize    4429|Addr 0x7f3034273080|Timestamp 208280854100512|Src n/a
[engine] opt done   id=513   ProtosRootNode@5e9a3c31                            |Tier 2|Time  1668( 114+1554)ms|AST   20|Inlined   0Y   0N|IR  20280/ 62658|CodeSize  342484|Addr 0x7f3034278c80|Timestamp 208282522164371|Src n/a
[engine] opt done   id=516   ProtosRootNode@a47415e                             |Tier 1|Time    21(   5+17  )ms|AST    2|Inlined   0Y   0N|IR    888/  2671|CodeSize   13140|Addr 0x7f30342f92c0|Timestamp 208282585096517|Src n/a
[engine] opt failed id=517   ProtosRootNode@9959367                             |Tier 1|Time   41(-208282585+208282626)ms|Reason: jdk.graal.compiler.truffle.GraphTooBigBailoutException: Graph too big to safely compile. Node count: 50681. Graph Size: 150026. Limit: 150000.|Timestamp 208282626510187|Src n/a
[engine] opt failed id=517   ProtosRootNode@9959367                             |Tier 1|Time   41(-208282636+208282677)ms|Reason: jdk.graal.compiler.truffle.GraphTooBigBailoutException: Graph too big to safely compile. Node count: 50681. Graph Size: 150026. Limit: 150000.|Timestamp 208282677123713|Src n/a
[engine] opt done   id=504   ProtosRootNode@52738e31                            |Tier 1|Time    13(   4+9   )ms|AST    2|Inlined   0Y   0N|IR    888/  1275|CodeSize    5532|Addr 0x7f30342feee0|Timestamp 208282690439813|Src n/a
[engine] opt done   id=505   ProtosRootNode@6017dcbf                            |Tier 1|Time   191(  32+159 )ms|AST    7|Inlined   0Y   0N|IR   4642/ 17482|CodeSize   90120|Addr 0x7f3034302c00|Timestamp 208282881514591|Src n/a
[engine] opt done   id=605   ProtosRootNode@31a5d1ad                            |Tier 1|Time    16(   6+10  )ms|AST    2|Inlined   0Y   0N|IR    591/  1658|CodeSize    7561|Addr 0x7f30343279a0|Timestamp 208283067115676|Src n/a
[engine] opt done   id=606   ProtosRootNode@3d3b153a                            |Tier 1|Time  1917( 127+1790)ms|AST   21|Inlined   0Y   0N|IR  20851/ 81773|CodeSize  436754|Addr 0x7f3034330d20|Timestamp 208284984561886|Src n/a
[engine] opt done   id=601   ProtosRootNode@7160f4cd                            |Tier 1|Time    13(   4+9   )ms|AST    2|Inlined   0Y   0N|IR    888/  1275|CodeSize    5532|Addr 0x7f30343d50e0|Timestamp 208285020450072|Src n/a
[engine] opt done   id=602   ProtosRootNode@5e1949e8                            |Tier 1|Time   576(  53+523 )ms|AST   11|Inlined   0Y   0N|IR  10711/ 39220|CodeSize  206041|Addr 0x7f30343da240|Timestamp 208285596708160|Src n/a
[engine] opt done   id=603   ProtosRootNode@15b97746                            |Tier 1|Time    13(   4+9   )ms|AST    2|Inlined   0Y   0N|IR    888/  1275|CodeSize    5532|Addr 0x7f303442a460|Timestamp 208285627587562|Src n/a
[engine] opt done   id=604   ProtosRootNode@270f94ac                            |Tier 1|Time  1639( 113+1527)ms|AST   20|Inlined   0Y   0N|IR  20353/ 75041|CodeSize  397465|Addr 0x7f30344321c0|Timestamp 208287267390101|Src n/a
[engine] opt done   id=605   ProtosRootNode@31a5d1ad                            |Tier 2|Time    18(   3+15  )ms|AST    2|Inlined   0Y   0N|IR    518/  1448|CodeSize    7174|Addr 0x7f30344cabe0|Timestamp 208287342892596|Src n/a
[engine] opt done   id=606   ProtosRootNode@3d3b153a                            |Tier 2|Time  1832( 180+1652)ms|AST   21|Inlined   0Y   0N|IR  20778/ 68815|CodeSize  387532|Addr 0x7f30344d68a0|Timestamp 208289175727865|Src n/a
[engine] opt done   id=601   ProtosRootNode@7160f4cd                            |Tier 2|Time    16(   4+12  )ms|AST    2|Inlined   0Y   0N|IR    815/   944|CodeSize    4429|Addr 0x7f3034566380|Timestamp 208289259286986|Src n/a
[engine] opt done   id=602   ProtosRootNode@5e1949e8                            |Tier 2|Time   645(  52+592 )ms|AST   11|Inlined   0Y   0N|IR  10638/ 32814|CodeSize  176872|Addr 0x7f303456a3e0|Timestamp 208289904337894|Src n/a
[engine] opt done   id=603   ProtosRootNode@15b97746                            |Tier 2|Time    21(   4+17  )ms|AST    2|Inlined   0Y   0N|IR    815/   944|CodeSize    4429|Addr 0x7f30345ad780|Timestamp 208289929159292|Src n/a
[engine] opt done   id=604   ProtosRootNode@270f94ac                            |Tier 2|Time  1675( 116+1559)ms|AST   20|Inlined   0Y   0N|IR  20280/ 62658|CodeSize  342484|Addr 0x7f30345b3380|Timestamp 208291604637178|Src n/a
[engine] opt done   id=607   ProtosRootNode@51a35e9a                            |Tier 1|Time    42(   8+34  )ms|AST    2|Inlined   0Y   0N|IR    888/  2671|CodeSize   13140|Addr 0x7f30346339c0|Timestamp 208291697132015|Src n/a
[engine] opt failed id=608   ProtosRootNode@746c5669                            |Tier 1|Time   41(-208291697+208291738)ms|Reason: jdk.graal.compiler.truffle.GraphTooBigBailoutException: Graph too big to safely compile. Node count: 50681. Graph Size: 150026. Limit: 150000.|Timestamp 208291738317825|Src n/a
[engine] opt failed id=608   ProtosRootNode@746c5669                            |Tier 1|Time   41(-208291748+208291789)ms|Reason: jdk.graal.compiler.truffle.GraphTooBigBailoutException: Graph too big to safely compile. Node count: 50681. Graph Size: 150026. Limit: 150000.|Timestamp 208291789173332|Src n/a
[engine] opt done   id=595   ProtosRootNode@39ae3062                            |Tier 1|Time    13(   4+9   )ms|AST    2|Inlined   0Y   0N|IR    888/  1275|CodeSize    5532|Addr 0x7f303463bb60|Timestamp 208291802466832|Src n/a
[engine] opt done   id=596   ProtosRootNode@5c95a203                            |Tier 1|Time   199(  40+159 )ms|AST    7|Inlined   0Y   0N|IR   4642/ 17482|CodeSize   90120|Addr 0x7f3034640900|Timestamp 208292003169867|Src n/a
[engine] opt done   id=696   ProtosRootNode@cc42c3c                             |Tier 1|Time    13(   4+10  )ms|AST    2|Inlined   0Y   0N|IR    591/  1658|CodeSize    7561|Addr 0x7f3034664e20|Timestamp 208292189670603|Src n/a
[engine] opt done   id=697   ProtosRootNode@64b20ff6                            |Tier 1|Time  1938( 123+1815)ms|AST   21|Inlined   0Y   0N|IR  20851/ 81773|CodeSize  436754|Addr 0x7f303466db20|Timestamp 208294127526619|Src n/a
[engine] opt done   id=692   ProtosRootNode@32962203                            |Tier 1|Time    26(   8+18  )ms|AST    2|Inlined   0Y   0N|IR    888/  1275|CodeSize    5532|Addr 0x7f30347121e0|Timestamp 208294184582201|Src n/a
[engine] opt done   id=693   ProtosRootNode@20ab70da                            |Tier 1|Time   611(  85+527 )ms|AST   11|Inlined   0Y   0N|IR  10711/ 39220|CodeSize  206041|Addr 0x7f3034719c40|Timestamp 208294796338465|Src n/a
[engine] opt done   id=694   ProtosRootNode@68be4133                            |Tier 1|Time    13(   4+9   )ms|AST    2|Inlined   0Y   0N|IR    888/  1275|CodeSize    5532|Addr 0x7f3034769e60|Timestamp 208294828761888|Src n/a
[engine] opt done   id=695   ProtosRootNode@be6ab2                              |Tier 1|Time  1697( 113+1584)ms|AST   20|Inlined   0Y   0N|IR  20353/ 75041|CodeSize  397465|Addr 0x7f30347723c0|Timestamp 208296529581834|Src n/a
[engine] opt done   id=696   ProtosRootNode@cc42c3c                             |Tier 2|Time    36(   6+29  )ms|AST    2|Inlined   0Y   0N|IR    518/  1448|CodeSize    7174|Addr 0x7f303480ade0|Timestamp 208296697961206|Src n/a
[engine] opt done   id=697   ProtosRootNode@64b20ff6                            |Tier 2|Time  2091( 249+1842)ms|AST   21|Inlined   0Y   0N|IR  20778/ 68815|CodeSize  387532|Addr 0x7f30348132a0|Timestamp 208298789569715|Src n/a
[engine] opt done   id=692   ProtosRootNode@32962203                            |Tier 2|Time    17(   4+13  )ms|AST    2|Inlined   0Y   0N|IR    815/   944|CodeSize    4429|Addr 0x7f30348a2d80|Timestamp 208298862783688|Src n/a
[engine] opt done   id=693   ProtosRootNode@20ab70da                            |Tier 2|Time   622(  58+565 )ms|AST   11|Inlined   0Y   0N|IR  10638/ 32814|CodeSize  176872|Addr 0x7f30348a70e0|Timestamp 208299485646141|Src n/a
[engine] opt done   id=694   ProtosRootNode@68be4133                            |Tier 2|Time    22(   5+17  )ms|AST    2|Inlined   0Y   0N|IR    815/   944|CodeSize    4429|Addr 0x7f30348ea480|Timestamp 208299511711840|Src n/a
[engine] opt done   id=695   ProtosRootNode@be6ab2                              |Tier 2|Time  1533( 111+1422)ms|AST   20|Inlined   0Y   0N|IR  20280/ 62658|CodeSize  342484|Addr 0x7f30348f0080|Timestamp 208301046051395|Src n/a
[engine] opt done   id=698   ProtosRootNode@40f60c02                            |Tier 1|Time    21(   4+17  )ms|AST    2|Inlined   0Y   0N|IR    888/  2671|CodeSize   13140|Addr 0x7f30349706c0|Timestamp 208301115278425|Src n/a
[engine] opt failed id=699   ProtosRootNode@54a659ad                            |Tier 1|Time   41(-208301116+208301157)ms|Reason: jdk.graal.compiler.truffle.GraphTooBigBailoutException: Graph too big to safely compile. Node count: 50681. Graph Size: 150026. Limit: 150000.|Timestamp 208301156829805|Src n/a
[engine] opt failed id=699   ProtosRootNode@54a659ad                            |Tier 1|Time   42(-208301165+208301208)ms|Reason: jdk.graal.compiler.truffle.GraphTooBigBailoutException: Graph too big to safely compile. Node count: 50681. Graph Size: 150026. Limit: 150000.|Timestamp 208301207592842|Src n/a
[engine] opt done   id=686   ProtosRootNode@770b2f56                            |Tier 1|Time    14(   5+9   )ms|AST    2|Inlined   0Y   0N|IR    888/  1275|CodeSize    5532|Addr 0x7f30349772e0|Timestamp 208301224181564|Src n/a
[engine] opt done   id=687   ProtosRootNode@5200fd9e                            |Tier 1|Time   182(  23+158 )ms|AST    7|Inlined   0Y   0N|IR   4642/ 17482|CodeSize   90120|Addr 0x7f303497cc00|Timestamp 208301406618787|Src n/a
[engine] opt done   id=787   ProtosRootNode@57331688                            |Tier 1|Time    26(   6+20  )ms|AST    2|Inlined   0Y   0N|IR    591/  1658|CodeSize    7561|Addr 0x7f30349a1420|Timestamp 208301603475880|Src n/a
[engine] opt done   id=788   ProtosRootNode@1bbb2d9                             |Tier 1|Time  1905( 133+1772)ms|AST   21|Inlined   0Y   0N|IR  20851/ 81773|CodeSize  436754|Addr 0x7f30349aa9a0|Timestamp 208303510657236|Src n/a
[engine] opt done   id=783   ProtosRootNode@107db1ca                            |Tier 1|Time    14(   4+9   )ms|AST    2|Inlined   0Y   0N|IR    888/  1275|CodeSize    5532|Addr 0x7f3034a4ed60|Timestamp 208303551211356|Src n/a
[engine] opt done   id=784   ProtosRootNode@137d0bc1                            |Tier 1|Time   642(  55+588 )ms|AST   11|Inlined   0Y   0N|IR  10711/ 39220|CodeSize  206041|Addr 0x7f3034a53ec0|Timestamp 208304193942963|Src n/a
[engine] opt done   id=785   ProtosRootNode@4bb8dba                             |Tier 1|Time    14(   4+9   )ms|AST    2|Inlined   0Y   0N|IR    888/  1275|CodeSize    5532|Addr 0x7f3034aa40e0|Timestamp 208304208362694|Src n/a
[engine] opt done   id=786   ProtosRootNode@517c8f46                            |Tier 1|Time  1678( 127+1551)ms|AST   20|Inlined   0Y   0N|IR  20353/ 75041|CodeSize  397465|Addr 0x7f3034aac140|Timestamp 208305887789385|Src n/a
[engine] opt done   id=787   ProtosRootNode@57331688                            |Tier 2|Time    18(   3+15  )ms|AST    2|Inlined   0Y   0N|IR    518/  1448|CodeSize    7174|Addr 0x7f3034b44b60|Timestamp 208305963975950|Src n/a
[engine] opt done   id=788   ProtosRootNode@1bbb2d9                             |Tier 2|Time  1713( 112+1601)ms|AST   21|Inlined   0Y   0N|IR  20778/ 68815|CodeSize  387532|Addr 0x7f3034b4c3a0|Timestamp 208307677514537|Src n/a
[engine] opt done   id=783   ProtosRootNode@107db1ca                            |Tier 2|Time    16(   4+12  )ms|AST    2|Inlined   0Y   0N|IR    815/   944|CodeSize    4429|Addr 0x7f3034bde400|Timestamp 208307789616958|Src n/a
[engine] opt done   id=784   ProtosRootNode@137d0bc1                            |Tier 2|Time   618(  54+564 )ms|AST   11|Inlined   0Y   0N|IR  10638/ 32814|CodeSize  176872|Addr 0x7f3034be2460|Timestamp 208308407455348|Src n/a
[engine] opt done   id=785   ProtosRootNode@4bb8dba                             |Tier 2|Time    29(   4+25  )ms|AST    2|Inlined   0Y   0N|IR    815/   944|CodeSize    4429|Addr 0x7f3034c25800|Timestamp 208308439935711|Src n/a
[engine] opt done   id=786   ProtosRootNode@517c8f46                            |Tier 2|Time  1596( 114+1482)ms|AST   20|Inlined   0Y   0N|IR  20280/ 62658|CodeSize  342484|Addr 0x7f3034c2b400|Timestamp 208310036434933|Src n/a
[engine] opt done   id=789   ProtosRootNode@c56e81e                             |Tier 1|Time    31(   9+21  )ms|AST    2|Inlined   0Y   0N|IR    888/  2671|CodeSize   13140|Addr 0x7f3034cac9c0|Timestamp 208310106145244|Src n/a
[engine] opt failed id=790   ProtosRootNode@4a4974a                             |Tier 1|Time   41(-208310107+208310148)ms|Reason: jdk.graal.compiler.truffle.GraphTooBigBailoutException: Graph too big to safely compile. Node count: 50681. Graph Size: 150026. Limit: 150000.|Timestamp 208310147552924|Src n/a
[engine] opt failed id=790   ProtosRootNode@4a4974a                             |Tier 1|Time   40(-208310156+208310196)ms|Reason: jdk.graal.compiler.truffle.GraphTooBigBailoutException: Graph too big to safely compile. Node count: 50681. Graph Size: 150026. Limit: 150000.|Timestamp 208310195915949|Src n/a
[engine] opt done   id=777   ProtosRootNode@209c4739                            |Tier 1|Time    13(   4+9   )ms|AST    2|Inlined   0Y   0N|IR    888/  1275|CodeSize    5532|Addr 0x7f3034cb3ce0|Timestamp 208310209459099|Src n/a
[engine] opt done   id=778   ProtosRootNode@5622b8ae                            |Tier 1|Time   183(  23+160 )ms|AST    7|Inlined   0Y   0N|IR   4642/ 17482|CodeSize   90120|Addr 0x7f3034cb7500|Timestamp 208310392255702|Src n/a
[engine] opt done   id=878   ProtosRootNode@61b22463                            |Tier 1|Time    27(   7+20  )ms|AST    2|Inlined   0Y   0N|IR    591/  1658|CodeSize    7561|Addr 0x7f3034cdc920|Timestamp 208310593931479|Src n/a
[engine] opt done   id=879   ProtosRootNode@11084f44                            |Tier 1|Time  1902( 147+1755)ms|AST   21|Inlined   0Y   0N|IR  20851/ 81773|CodeSize  436754|Addr 0x7f3034ce5aa0|Timestamp 208312497345334|Src n/a
[engine] opt done   id=874   ProtosRootNode@4df867c4                            |Tier 1|Time    25(   7+19  )ms|AST    2|Inlined   0Y   0N|IR    888/  1275|CodeSize    5532|Addr 0x7f3034d89e60|Timestamp 208312548456832|Src n/a
[engine] opt done   id=875   ProtosRootNode@7273ad9c                            |Tier 1|Time   603(  66+537 )ms|AST   11|Inlined   0Y   0N|IR  10711/ 39220|CodeSize  206041|Addr 0x7f3034d90cc0|Timestamp 208313153104452|Src n/a
[engine] opt done   id=876   ProtosRootNode@ac83ba0                             |Tier 1|Time    49(   4+45  )ms|AST    2|Inlined   0Y   0N|IR    888/  1275|CodeSize    5532|Addr 0x7f30332151e0|Timestamp 208313219950330|Src n/a
[engine] opt done   id=877   ProtosRootNode@6039628b                            |Tier 1|Time  1679( 120+1559)ms|AST   20|Inlined   0Y   0N|IR  20353/ 75041|CodeSize  397465|Addr 0x7f30332a05c0|Timestamp 208314899722984|Src n/a
[engine] opt done   id=878   ProtosRootNode@61b22463                            |Tier 2|Time    18(   3+15  )ms|AST    2|Inlined   0Y   0N|IR    518/  1448|CodeSize    7174|Addr 0x7f3033346760|Timestamp 208314978996811|Src n/a
[engine] opt done   id=879   ProtosRootNode@11084f44                            |Tier 2|Time  1820( 120+1700)ms|AST   21|Inlined   0Y   0N|IR  20778/ 68815|CodeSize  387532|Addr 0x7f3033359ba0|Timestamp 208316799351087|Src n/a
[engine] opt done   id=874   ProtosRootNode@4df867c4                            |Tier 2|Time    16(   4+12  )ms|AST    2|Inlined   0Y   0N|IR    815/   944|CodeSize    4429|Addr 0x7f30333f0c80|Timestamp 208316872617820|Src n/a
[engine] opt done   id=875   ProtosRootNode@7273ad9c                            |Tier 2|Time   649(  57+592 )ms|AST   11|Inlined   0Y   0N|IR  10638/ 32814|CodeSize  176872|Addr 0x7f3033402f60|Timestamp 208317523668425|Src n/a
[engine] opt done   id=876   ProtosRootNode@ac83ba0                             |Tier 2|Time    16(   4+12  )ms|AST    2|Inlined   0Y   0N|IR    815/   944|CodeSize    4429|Addr 0x7f30338b4600|Timestamp 208317561239882|Src n/a
[engine] opt done   id=877   ProtosRootNode@6039628b                            |Tier 2|Time  1598( 112+1486)ms|AST   20|Inlined   0Y   0N|IR  20280/ 62658|CodeSize  342484|Addr 0x7f3033475600|Timestamp 208319159122276|Src n/a
[engine] opt done   id=880   ProtosRootNode@4c9d721a                            |Tier 1|Time    21(   4+17  )ms|AST    2|Inlined   0Y   0N|IR    888/  2671|CodeSize   13140|Addr 0x7f30335e04c0|Timestamp 208319219246890|Src n/a
[engine] opt failed id=881   ProtosRootNode@56417e54                            |Tier 1|Time   41(-208319220+208319260)ms|Reason: jdk.graal.compiler.truffle.GraphTooBigBailoutException: Graph too big to safely compile. Node count: 50681. Graph Size: 150026. Limit: 150000.|Timestamp 208319260212260|Src n/a
[engine] opt failed id=881   ProtosRootNode@56417e54                            |Tier 1|Time   41(-208319268+208319309)ms|Reason: jdk.graal.compiler.truffle.GraphTooBigBailoutException: Graph too big to safely compile. Node count: 50681. Graph Size: 150026. Limit: 150000.|Timestamp 208319309054185|Src n/a
[engine] opt done   id=868   ProtosRootNode@5d61ca2a                            |Tier 1|Time    19(   9+10  )ms|AST    2|Inlined   0Y   0N|IR    888/  1275|CodeSize    5532|Addr 0x7f3033297e60|Timestamp 208319330039961|Src n/a
[engine] opt done   id=869   ProtosRootNode@1093ad56                            |Tier 1|Time   182(  22+160 )ms|AST    7|Inlined   0Y   0N|IR   4642/ 17482|CodeSize   90120|Addr 0x7f3033946480|Timestamp 208319512729464|Src n/a
[engine] opt done   id=969   ProtosRootNode@5f872e1a                            |Tier 1|Time    27(   7+20  )ms|AST    2|Inlined   0Y   0N|IR    591/  1658|CodeSize    7561|Addr 0x7f303315ec20|Timestamp 208319708020446|Src n/a
[engine] opt done   id=970   ProtosRootNode@365835f3                            |Tier 1|Time  1922( 158+1763)ms|AST   21|Inlined   0Y   0N|IR  20851/ 81773|CodeSize  436754|Addr 0x7f303316e220|Timestamp 208321631853768|Src n/a
[engine] opt done   id=965   ProtosRootNode@1706ddf2                            |Tier 1|Time    13(   4+9   )ms|AST    2|Inlined   0Y   0N|IR    888/  1275|CodeSize    5532|Addr 0x7f30336d3d60|Timestamp 208321669327966|Src n/a
[engine] opt done   id=966   ProtosRootNode@1adb7c88                            |Tier 1|Time   591(  53+538 )ms|AST   11|Inlined   0Y   0N|IR  10711/ 39220|CodeSize  206041|Addr 0x7f303321b5c0|Timestamp 208322260907137|Src n/a
[engine] opt done   id=967   ProtosRootNode@1e10a2e0                            |Tier 1|Time    13(   4+9   )ms|AST    2|Inlined   0Y   0N|IR    888/  1275|CodeSize    5532|Addr 0x7f3033942360|Timestamp 208322292289370|Src n/a
[engine] opt done   id=968   ProtosRootNode@7954a367                            |Tier 1|Time  1706( 119+1587)ms|AST   20|Inlined   0Y   0N|IR  20353/ 75041|CodeSize  397465|Addr 0x7f3033737d40|Timestamp 208323998955064|Src n/a
[engine] opt done   id=969   ProtosRootNode@5f872e1a                            |Tier 2|Time    18(   3+15  )ms|AST    2|Inlined   0Y   0N|IR    518/  1448|CodeSize    7174|Addr 0x7f30337d2760|Timestamp 208324081223174|Src n/a
[engine] opt done   id=970   ProtosRootNode@365835f3                            |Tier 2|Time  1780( 119+1661)ms|AST   21|Inlined   0Y   0N|IR  20778/ 68815|CodeSize  387532|Addr 0x7f30337da2a0|Timestamp 208325862216663|Src n/a
[engine] opt done   id=965   ProtosRootNode@1706ddf2                            |Tier 2|Time    16(   4+12  )ms|AST    2|Inlined   0Y   0N|IR    815/   944|CodeSize    4429|Addr 0x7f3033730280|Timestamp 208325943359382|Src n/a
[engine] opt done   id=966   ProtosRootNode@1adb7c88                            |Tier 2|Time   638(  53+585 )ms|AST   11|Inlined   0Y   0N|IR  10638/ 32814|CodeSize  176872|Addr 0x7f3033870de0|Timestamp 208326582008628|Src n/a
[engine] opt done   id=967   ProtosRootNode@1e10a2e0                            |Tier 2|Time    21(   4+17  )ms|AST    2|Inlined   0Y   0N|IR    815/   944|CodeSize    4429|Addr 0x7f303386cd80|Timestamp 208326606445286|Src n/a
[engine] opt done   id=968   ProtosRootNode@7954a367                            |Tier 2|Time  1666( 116+1550)ms|AST   20|Inlined   0Y   0N|IR  20280/ 62658|CodeSize  342484|Addr 0x7f30338c1900|Timestamp 208328273115662|Src n/a
[engine] opt done   id=971   ProtosRootNode@69e8362d                            |Tier 1|Time    21(   4+16  )ms|AST    2|Inlined   0Y   0N|IR    888/  2671|CodeSize   13140|Addr 0x7f30338b82c0|Timestamp 208328334008146|Src n/a
[engine] opt failed id=972   ProtosRootNode@3774ab3d                            |Tier 1|Time   40(-208328334+208328374)ms|Reason: jdk.graal.compiler.truffle.GraphTooBigBailoutException: Graph too big to safely compile. Node count: 50681. Graph Size: 150026. Limit: 150000.|Timestamp 208328374527686|Src n/a
[engine] opt failed id=972   ProtosRootNode@3774ab3d                            |Tier 1|Time   40(-208328384+208328424)ms|Reason: jdk.graal.compiler.truffle.GraphTooBigBailoutException: Graph too big to safely compile. Node count: 50681. Graph Size: 150026. Limit: 150000.|Timestamp 208328424503182|Src n/a
[engine] opt done   id=959   ProtosRootNode@6e73abde                            |Tier 1|Time    13(   4+9   )ms|AST    2|Inlined   0Y   0N|IR    888/  1275|CodeSize    5532|Addr 0x7f3033d60de0|Timestamp 208328437644072|Src n/a
[engine] opt done   id=960   ProtosRootNode@371bba68                            |Tier 1|Time   182(  22+160 )ms|AST    7|Inlined   0Y   0N|IR   4642/ 17482|CodeSize   90120|Addr 0x7f3034302c00|Timestamp 208328619483755|Src n/a
[engine] opt done   id=101   ProtosRootNode@2031960f                            |Tier 2|Time    18(   3+15  )ms|AST    2|Inlined   0Y   0N|IR    518/  1448|CodeSize    7174|Addr 0x7f3034194260|Timestamp 208328787550897|Src n/a
[engine] opt done   id=102   ProtosRootNode@5e086a27                            |Tier 2|Time   462(  42+420 )ms|AST    9|Inlined   0Y   0N|IR   7883/ 27025|CodeSize  148759|Addr 0x7f3033f01600|Timestamp 208329249965285|Src n/a
[engine] opt done   id=99    ProtosRootNode@9991c2b                             |Tier 2|Time    16(   4+12  )ms|AST    2|Inlined   0Y   0N|IR    815/   944|CodeSize    4429|Addr 0x7f303463c180|Timestamp 208329280996907|Src n/a
[engine] opt done   id=100   ProtosRootNode@1c4a843a                            |Tier 2|Time   890(  64+825 )ms|AST   13|Inlined   0Y   0N|IR  12831/ 40881|CodeSize  225171|Addr 0x7f3033f70080|Timestamp 208330171059307|Src n/a
[engine] opt done   id=105   ProtosRootNode@c7c218f                             |Tier 2|Time    21(   4+17  )ms|AST    2|Inlined   0Y   0N|IR    815/   944|CodeSize    4429|Addr 0x7f3034712800|Timestamp 208330192335452|Src n/a
[engine] opt done   id=106   ProtosRootNode@180c7db6                            |Tier 2|Time   344(  29+316 )ms|AST    9|Inlined   0Y   0N|IR   6414/ 19828|CodeSize  105112|Addr 0x7f3033f455a0|Timestamp 208330536683604|Src n/a
[engine] opt done   id=1060  ProtosRootNode@27fb43ee                            |Tier 1|Time    27(   6+21  )ms|AST    2|Inlined   0Y   0N|IR    591/  1658|CodeSize    7561|Addr 0x7f3033cb3120|Timestamp 208330577451023|Src n/a
[engine] opt done   id=1061  ProtosRootNode@6a7215ba                            |Tier 1|Time  1895( 134+1761)ms|AST   21|Inlined   0Y   0N|IR  20851/ 81773|CodeSize  436754|Addr 0x7f3033cbc120|Timestamp 208332472684947|Src n/a
[engine] opt done   id=1056  ProtosRootNode@18fbf966                            |Tier 1|Time    13(   4+9   )ms|AST    2|Inlined   0Y   0N|IR    888/  1275|CodeSize    5532|Addr 0x7f3033fef5e0|Timestamp 208332510551174|Src n/a
[engine] opt done   id=1057  ProtosRootNode@16dced4a                            |Tier 1|Time   629(  54+574 )ms|AST   11|Inlined   0Y   0N|IR  10711/ 39220|CodeSize  206041|Addr 0x7f30336dfac0|Timestamp 208333139369474|Src n/a
[engine] opt done   id=1058  ProtosRootNode@18fbd97f                            |Tier 1|Time    13(   4+9   )ms|AST    2|Inlined   0Y   0N|IR    888/  1275|CodeSize    5532|Addr 0x7f3034328860|Timestamp 208333153260714|Src n/a
[engine] opt done   id=1059  ProtosRootNode@372b908e                            |Tier 1|Time  1729( 122+1607)ms|AST   20|Inlined   0Y   0N|IR  20353/ 75041|CodeSize  397465|Addr 0x7f3034775940|Timestamp 208334882228926|Src n/a
[engine] opt done   id=1060  ProtosRootNode@27fb43ee                            |Tier 2|Time    18(   3+15  )ms|AST    2|Inlined   0Y   0N|IR    518/  1448|CodeSize    7174|Addr 0x7f303476cee0|Timestamp 208334963915916|Src n/a
[engine] opt done   id=1061  ProtosRootNode@6a7215ba                            |Tier 2|Time  1842( 114+1728)ms|AST   21|Inlined   0Y   0N|IR  20778/ 68815|CodeSize  387532|Addr 0x7f303419bda0|Timestamp 208336806587692|Src n/a
[engine] opt done   id=1056  ProtosRootNode@18fbf966                            |Tier 2|Time    16(   4+12  )ms|AST    2|Inlined   0Y   0N|IR    815/   944|CodeSize    4429|Addr 0x7f30349a2900|Timestamp 208336873042250|Src n/a
[engine] opt done   id=1057  ProtosRootNode@16dced4a                            |Tier 2|Time   615(  53+563 )ms|AST   11|Inlined   0Y   0N|IR  10638/ 32814|CodeSize  176872|Addr 0x7f3034729260|Timestamp 208337488721740|Src n/a
[engine] opt done   id=1058  ProtosRootNode@18fbd97f                            |Tier 2|Time    21(   4+17  )ms|AST    2|Inlined   0Y   0N|IR    815/   944|CodeSize    4429|Addr 0x7f3034cb0400|Timestamp 208337516709461|Src n/a
[engine] opt done   id=1059  ProtosRootNode@372b908e                            |Tier 2|Time  1540( 109+1431)ms|AST   20|Inlined   0Y   0N|IR  20280/ 62658|CodeSize  342484|Addr 0x7f3034824b00|Timestamp 208339057669886|Src n/a
[engine] opt done   id=1062  ProtosRootNode@3c8b0796                            |Tier 1|Time    21(   4+17  )ms|AST    2|Inlined   0Y   0N|IR    888/  2671|CodeSize   13140|Addr 0x7f3033f3e740|Timestamp 208339126899957|Src n/a
[engine] opt failed id=1063  ProtosRootNode@4899e105                            |Tier 1|Time   41(-208339127+208339168)ms|Reason: jdk.graal.compiler.truffle.GraphTooBigBailoutException: Graph too big to safely compile. Node count: 50681. Graph Size: 150026. Limit: 150000.|Timestamp 208339168049777|Src n/a
[engine] opt failed id=1063  ProtosRootNode@4899e105                            |Tier 1|Time   41(-208339176+208339217)ms|Reason: jdk.graal.compiler.truffle.GraphTooBigBailoutException: Graph too big to safely compile. Node count: 50681. Graph Size: 150026. Limit: 150000.|Timestamp 208339217326173|Src n/a
[engine] opt done   id=1050  ProtosRootNode@65712db1                            |Tier 1|Time    20(   7+12  )ms|AST    2|Inlined   0Y   0N|IR    888/  1275|CodeSize    5532|Addr 0x7f3034cadc60|Timestamp 208339239011789|Src n/a
[engine] opt done   id=1051  ProtosRootNode@365b06db                            |Tier 1|Time   181(  22+159 )ms|AST    7|Inlined   0Y   0N|IR   4642/ 17482|CodeSize   90120|Addr 0x7f3034640900|Timestamp 208339420189311|Src n/a
[engine] opt done   id=1151  ProtosRootNode@31d99d06                            |Tier 1|Time    27(   7+20  )ms|AST    2|Inlined   0Y   0N|IR    591/  1658|CodeSize    7561|Addr 0x7f3033efc5a0|Timestamp 208339631933706|Src n/a
[engine] opt done   id=1152  ProtosRootNode@2886c06a                            |Tier 1|Time  2049( 279+1770)ms|AST   21|Inlined   0Y   0N|IR  20851/ 81773|CodeSize  436754|Addr 0x7f303362eda0|Timestamp 208341683185595|Src n/a
[engine] opt done   id=1147  ProtosRootNode@51ff9132                            |Tier 1|Time    13(   4+9   )ms|AST    2|Inlined   0Y   0N|IR    888/  1275|CodeSize    5532|Addr 0x7f3033626f60|Timestamp 208341721249553|Src n/a
[engine] opt done   id=1148  ProtosRootNode@3ae7a09b                            |Tier 1|Time   592(  53+538 )ms|AST   11|Inlined   0Y   0N|IR  10711/ 39220|CodeSize  206041|Addr 0x7f3033e9e040|Timestamp 208342313131786|Src n/a
[engine] opt done   id=1149  ProtosRootNode@36e2d542                            |Tier 1|Time    18(   7+10  )ms|AST    2|Inlined   0Y   0N|IR    888/  1275|CodeSize    5532|Addr 0x7f3033ef6760|Timestamp 208342350351293|Src n/a
[engine] opt done   id=1150  ProtosRootNode@50ad9234                            |Tier 1|Time  1710( 113+1597)ms|AST   20|Inlined   0Y   0N|IR  20353/ 75041|CodeSize  397465|Addr 0x7f3034679540|Timestamp 208344061082954|Src n/a
[engine] opt done   id=1151  ProtosRootNode@31d99d06                            |Tier 2|Time    18(   3+15  )ms|AST    2|Inlined   0Y   0N|IR    518/  1448|CodeSize    7174|Addr 0x7f3033ef3260|Timestamp 208344165410260|Src n/a
[engine] opt done   id=1152  ProtosRootNode@2886c06a                            |Tier 2|Time  1865( 124+1742)ms|AST   21|Inlined   0Y   0N|IR  20778/ 68815|CodeSize  387532|Addr 0x7f3033990d20|Timestamp 208346031172054|Src n/a
[engine] opt done   id=1147  ProtosRootNode@51ff9132                            |Tier 2|Time    16(   4+12  )ms|AST    2|Inlined   0Y   0N|IR    815/   944|CodeSize    4429|Addr 0x7f3033f3a300|Timestamp 208346105037568|Src n/a
[engine] opt done   id=1148  ProtosRootNode@3ae7a09b                            |Tier 2|Time   622(  55+567 )ms|AST   11|Inlined   0Y   0N|IR  10638/ 32814|CodeSize  176872|Addr 0x7f3033c6a860|Timestamp 208346727523284|Src n/a
[engine] opt done   id=1149  ProtosRootNode@36e2d542                            |Tier 2|Time    22(   4+18  )ms|AST    2|Inlined   0Y   0N|IR    815/   944|CodeSize    4429|Addr 0x7f3034671e00|Timestamp 208346752587502|Src n/a
[engine] opt done   id=1150  ProtosRootNode@50ad9234                            |Tier 2|Time  1633( 111+1522)ms|AST   20|Inlined   0Y   0N|IR  20280/ 62658|CodeSize  342484|Addr 0x7f3034c2b400|Timestamp 208348386046817|Src n/a
[engine] opt done   id=1153  ProtosRootNode@586440bd                            |Tier 1|Time    27(   4+23  )ms|AST    2|Inlined   0Y   0N|IR    888/  2671|CodeSize   13140|Addr 0x7f303466c240|Timestamp 208348437264734|Src n/a
[engine] opt failed id=1154  ProtosRootNode@581c852b                            |Tier 1|Time   41(-208348438+208348478)ms|Reason: jdk.graal.compiler.truffle.GraphTooBigBailoutException: Graph too big to safely compile. Node count: 50681. Graph Size: 150026. Limit: 150000.|Timestamp 208348478386385|Src n/a
[engine] opt failed id=1154  ProtosRootNode@581c852b                            |Tier 1|Time   40(-208348479+208348519)ms|Reason: jdk.graal.compiler.truffle.GraphTooBigBailoutException: Graph too big to safely compile. Node count: 50681. Graph Size: 150026. Limit: 150000.|Timestamp 208348518954974|Src n/a
[engine] opt done   id=1141  ProtosRootNode@30be9bc1                            |Tier 1|Time    13(   4+9   )ms|AST    2|Inlined   0Y   0N|IR    888/  1275|CodeSize    5532|Addr 0x7f3034669860|Timestamp 208348544393663|Src n/a
[engine] opt done   id=1142  ProtosRootNode@479f93d8                            |Tier 1|Time   179(  21+158 )ms|AST    7|Inlined   0Y   0N|IR   4642/ 17482|CodeSize   90120|Addr 0x7f303497cc00|Timestamp 208348723293734|Src n/a
[engine] opt done   id=1242  ProtosRootNode@6e535ab1                            |Tier 1|Time    21(   7+14  )ms|AST    2|Inlined   0Y   0N|IR    591/  1658|CodeSize    7561|Addr 0x7f30346661a0|Timestamp 208348919829478|Src n/a
[engine] opt done   id=1243  ProtosRootNode@1feb4f43                            |Tier 1|Time  1845( 121+1724)ms|AST   21|Inlined   0Y   0N|IR  20851/ 81773|CodeSize  436754|Addr 0x7f30348d1f20|Timestamp 208350765254968|Src n/a
[engine] opt done   id=1238  ProtosRootNode@685653f0                            |Tier 1|Time    14(   5+9   )ms|AST    2|Inlined   0Y   0N|IR    888/  1275|CodeSize    5532|Addr 0x7f3034724be0|Timestamp 208350799268573|Src n/a
[engine] opt done   id=1239  ProtosRootNode@735da366                            |Tier 1|Time   579(  53+525 )ms|AST   11|Inlined   0Y   0N|IR  10711/ 39220|CodeSize  206041|Addr 0x7f3033c187c0|Timestamp 208351378229007|Src n/a
[engine] opt done   id=1240  ProtosRootNode@17ef898                             |Tier 1|Time    13(   4+9   )ms|AST    2|Inlined   0Y   0N|IR    888/  1275|CodeSize    5532|Addr 0x7f30347223e0|Timestamp 208351408011348|Src n/a
[engine] opt done   id=1241  ProtosRootNode@770a8456                            |Tier 1|Time  1650( 118+1533)ms|AST   20|Inlined   0Y   0N|IR  20353/ 75041|CodeSize  397465|Addr 0x7f3034268d40|Timestamp 208353060408378|Src n/a
[engine] opt done   id=1242  ProtosRootNode@6e535ab1                            |Tier 2|Time    18(   3+15  )ms|AST    2|Inlined   0Y   0N|IR    518/  1448|CodeSize    7174|Addr 0x7f303471eee0|Timestamp 208353142695278|Src n/a
[engine] opt done   id=1243  ProtosRootNode@1feb4f43                            |Tier 2|Time  2005( 118+1887)ms|AST   21|Inlined   0Y   0N|IR  20778/ 68815|CodeSize  387532|Addr 0x7f3033b6aea0|Timestamp 208355147607736|Src n/a
[engine] opt done   id=1238  ProtosRootNode@685653f0                            |Tier 2|Time    16(   4+12  )ms|AST    2|Inlined   0Y   0N|IR    815/   944|CodeSize    4429|Addr 0x7f303471cc80|Timestamp 208355226100134|Src n/a
[engine] opt done   id=1239  ProtosRootNode@735da366                            |Tier 2|Time   665(  53+612 )ms|AST   11|Inlined   0Y   0N|IR  10638/ 32814|CodeSize  176872|Addr 0x7f3034be45e0|Timestamp 208355891020361|Src n/a
[engine] opt done   id=1240  ProtosRootNode@17ef898                             |Tier 2|Time    16(   4+12  )ms|AST    2|Inlined   0Y   0N|IR    815/   944|CodeSize    4429|Addr 0x7f3034be0580|Timestamp 208355935468183|Src n/a
[engine] opt done   id=1241  ProtosRootNode@770a8456                            |Tier 2|Time  1634( 125+1508)ms|AST   20|Inlined   0Y   0N|IR  20280/ 62658|CodeSize  342484|Addr 0x7f3033a97980|Timestamp 208357569830820|Src n/a
[engine] opt done   id=1244  ProtosRootNode@3b585cc                             |Tier 1|Time    21(   4+17  )ms|AST    2|Inlined   0Y   0N|IR    888/  2671|CodeSize   13140|Addr 0x7f303481b4c0|Timestamp 208357633152857|Src n/a
[engine] opt failed id=1245  ProtosRootNode@308c7e8f                            |Tier 1|Time   41(-208357634+208357675)ms|Reason: jdk.graal.compiler.truffle.GraphTooBigBailoutException: Graph too big to safely compile. Node count: 50681. Graph Size: 150026. Limit: 150000.|Timestamp 208357676228448|Src n/a
[engine] opt failed id=1245  ProtosRootNode@308c7e8f                            |Tier 1|Time   41(-208357690+208357732)ms|Reason: jdk.graal.compiler.truffle.GraphTooBigBailoutException: Graph too big to safely compile. Node count: 50681. Graph Size: 150026. Limit: 150000.|Timestamp 208357731989699|Src n/a
[engine] opt done   id=1232  ProtosRootNode@1f4b9abc                            |Tier 1|Time    13(   4+9   )ms|AST    2|Inlined   0Y   0N|IR    888/  1275|CodeSize    5532|Addr 0x7f303471a4e0|Timestamp 208357745747959|Src n/a
[engine] opt done   id=1233  ProtosRootNode@4d048231                            |Tier 1|Time   183(  23+160 )ms|AST    7|Inlined   0Y   0N|IR   4642/ 17482|CodeSize   90120|Addr 0x7f30335ec680|Timestamp 208357929069643|Src n/a
[engine] opt done   id=1333  ProtosRootNode@203bee47                            |Tier 1|Time    14(   4+10  )ms|AST    2|Inlined   0Y   0N|IR    591/  1658|CodeSize    7561|Addr 0x7f3034817c20|Timestamp 208358107738284|Src n/a
[engine] opt done   id=1334  ProtosRootNode@37117865                            |Tier 1|Time  1915( 123+1791)ms|AST   21|Inlined   0Y   0N|IR  20851/ 81773|CodeSize  436754|Addr 0x7f3033db27a0|Timestamp 208360022674667|Src n/a
[engine] opt done   id=1329  ProtosRootNode@68ce9bbe                            |Tier 1|Time    15(   4+11  )ms|AST    2|Inlined   0Y   0N|IR    888/  1275|CodeSize    5532|Addr 0x7f30335e8e60|Timestamp 208360065407069|Src n/a
[engine] opt done   id=1330  ProtosRootNode@2225b3ed                            |Tier 1|Time   649(  58+591 )ms|AST   11|Inlined   0Y   0N|IR  10711/ 39220|CodeSize  206041|Addr 0x7f3033a43d40|Timestamp 208360714572294|Src n/a
[engine] opt done   id=1331  ProtosRootNode@6ae327b2                            |Tier 1|Time    29(   4+25  )ms|AST    2|Inlined   0Y   0N|IR    888/  1275|CodeSize    5532|Addr 0x7f3034717ce0|Timestamp 208360745187727|Src n/a
[engine] opt done   id=1332  ProtosRootNode@1eea5ff7                            |Tier 1|Time  1721( 129+1592)ms|AST   20|Inlined   0Y   0N|IR  20353/ 75041|CodeSize  397465|Addr 0x7f3034a0df40|Timestamp 208362466511938|Src n/a
[engine] opt done   id=1333  ProtosRootNode@203bee47                            |Tier 2|Time    19(   3+15  )ms|AST    2|Inlined   0Y   0N|IR    518/  1448|CodeSize    7174|Addr 0x7f30348146e0|Timestamp 208362556166294|Src n/a
[engine] opt done   id=1334  ProtosRootNode@37117865                            |Tier 2|Time  1761( 117+1644)ms|AST   21|Inlined   0Y   0N|IR  20778/ 68815|CodeSize  387532|Addr 0x7f3034b4c3a0|Timestamp 208364317810406|Src n/a
[engine] opt done   id=1329  ProtosRootNode@68ce9bbe                            |Tier 2|Time    16(   4+12  )ms|AST    2|Inlined   0Y   0N|IR    815/   944|CodeSize    4429|Addr 0x7f3034bde400|Timestamp 208364401040047|Src n/a
[engine] opt done   id=1330  ProtosRootNode@2225b3ed                            |Tier 2|Time   661(  53+609 )ms|AST   11|Inlined   0Y   0N|IR  10638/ 32814|CodeSize  176872|Addr 0x7f3033d69d60|Timestamp 208365062575262|Src n/a
[engine] opt done   id=1331  ProtosRootNode@6ae327b2                            |Tier 2|Time    24(   4+20  )ms|AST    2|Inlined   0Y   0N|IR    815/   944|CodeSize    4429|Addr 0x7f3033d65d00|Timestamp 208365089437781|Src n/a
[engine] opt done   id=1332  ProtosRootNode@1eea5ff7                            |Tier 2|Time  1575( 136+1439)ms|AST   20|Inlined   0Y   0N|IR  20280/ 62658|CodeSize  342484|Addr 0x7f3034ac7c00|Timestamp 208366664478636|Src n/a
[engine] opt done   id=1335  ProtosRootNode@5e6b0ed                             |Tier 1|Time    21(   4+17  )ms|AST    2|Inlined   0Y   0N|IR    888/  2671|CodeSize   13140|Addr 0x7f3033c10240|Timestamp 208366729807414|Src n/a
[engine] opt failed id=1336  ProtosRootNode@5515fd05                            |Tier 1|Time   42(-208366730+208366772)ms|Reason: jdk.graal.compiler.truffle.GraphTooBigBailoutException: Graph too big to safely compile. Node count: 50681. Graph Size: 150026. Limit: 150000.|Timestamp 208366771752535|Src n/a
[engine] opt failed id=1336  ProtosRootNode@5515fd05                            |Tier 1|Time   41(-208366779+208366820)ms|Reason: jdk.graal.compiler.truffle.GraphTooBigBailoutException: Graph too big to safely compile. Node count: 50681. Graph Size: 150026. Limit: 150000.|Timestamp 208366820096971|Src n/a
[engine] opt done   id=1323  ProtosRootNode@4aa110f1                            |Tier 1|Time    14(   4+10  )ms|AST    2|Inlined   0Y   0N|IR    888/  1275|CodeSize    5532|Addr 0x7f3034811e60|Timestamp 208366834295471|Src n/a
[engine] opt done   id=1324  ProtosRootNode@59bf581f                            |Tier 1|Time   182(  20+162 )ms|AST    7|Inlined   0Y   0N|IR   4642/ 17482|CodeSize   90120|Addr 0x7f3033fc8c80|Timestamp 208367017012025|Src n/a
[engine] opt done   id=1424  ProtosRootNode@3126a229                            |Tier 1|Time    29(   9+21  )ms|AST    2|Inlined   0Y   0N|IR    591/  1658|CodeSize    7561|Addr 0x7f3033c0c9a0|Timestamp 208367212783489|Src n/a
[engine] opt done   id=1425  ProtosRootNode@26af3773                            |Tier 1|Time  1934( 126+1808)ms|AST   21|Inlined   0Y   0N|IR  20851/ 81773|CodeSize  436754|Addr 0x7f3034595220|Timestamp 208369148013258|Src n/a
[engine] opt done   id=1420  ProtosRootNode@1f581ca1                            |Tier 1|Time    20(  10+10  )ms|AST    2|Inlined   0Y   0N|IR    888/  1275|CodeSize    5532|Addr 0x7f3033fc5460|Timestamp 208369195844393|Src n/a
[engine] opt done   id=1421  ProtosRootNode@212be717                            |Tier 1|Time   619(  55+564 )ms|AST   11|Inlined   0Y   0N|IR  10711/ 39220|CodeSize  206041|Addr 0x7f30349b87c0|Timestamp 208369815214258|Src n/a
[engine] opt done   id=1422  ProtosRootNode@42a1d473                            |Tier 1|Time    13(   4+9   )ms|AST    2|Inlined   0Y   0N|IR    888/  1275|CodeSize    5532|Addr 0x7f303480f660|Timestamp 208369829523308|Src n/a
[engine] opt done   id=1423  ProtosRootNode@55b3c405                            |Tier 1|Time  1672( 146+1526)ms|AST   20|Inlined   0Y   0N|IR  20353/ 75041|CodeSize  397465|Addr 0x7f30344f7240|Timestamp 208371503730566|Src n/a
[engine] opt done   id=1424  ProtosRootNode@3126a229                            |Tier 2|Time    22(   8+15  )ms|AST    2|Inlined   0Y   0N|IR    518/  1448|CodeSize    7174|Addr 0x7f3033c09460|Timestamp 208371601190908|Src n/a
[engine] opt done   id=1425  ProtosRootNode@26af3773                            |Tier 2|Time  1820( 117+1703)ms|AST   21|Inlined   0Y   0N|IR  20778/ 68815|CodeSize  387532|Addr 0x7f3034103820|Timestamp 208373421031494|Src n/a
[engine] opt done   id=1420  ProtosRootNode@1f581ca1                            |Tier 2|Time    16(   4+12  )ms|AST    2|Inlined   0Y   0N|IR    815/   944|CodeSize    4429|Addr 0x7f3033d63b80|Timestamp 208373497608810|Src n/a
[engine] opt done   id=1421  ProtosRootNode@212be717                            |Tier 2|Time   688(  53+634 )ms|AST   11|Inlined   0Y   0N|IR  10638/ 32814|CodeSize  176872|Addr 0x7f3033b23760|Timestamp 208374185780755|Src n/a
[engine] opt done   id=1422  ProtosRootNode@42a1d473                            |Tier 2|Time    16(   4+12  )ms|AST    2|Inlined   0Y   0N|IR    815/   944|CodeSize    4429|Addr 0x7f3033b1f700|Timestamp 208374223519923|Src n/a
[engine] opt done   id=1423  ProtosRootNode@55b3c405                            |Tier 2|Time  1636( 111+1525)ms|AST   20|Inlined   0Y   0N|IR  20280/ 62658|CodeSize  342484|Addr 0x7f303407f080|Timestamp 208375859765564|Src n/a
[engine] opt done   id=1426  ProtosRootNode@42fd1d7                             |Tier 1|Time    27(   4+23  )ms|AST    2|Inlined   0Y   0N|IR    888/  2671|CodeSize   13140|Addr 0x7f3033c037c0|Timestamp 208375906328218|Src n/a
[engine] opt failed id=1427  ProtosRootNode@77680228                            |Tier 1|Time   49(-208375908+208375957)ms|Reason: jdk.graal.compiler.truffle.GraphTooBigBailoutException: Graph too big to safely compile. Node count: 50681. Graph Size: 150026. Limit: 150000.|Timestamp 208375956924125|Src n/a
[engine] opt failed id=1427  ProtosRootNode@77680228                            |Tier 1|Time   40(-208375957+208375997)ms|Reason: jdk.graal.compiler.truffle.GraphTooBigBailoutException: Graph too big to safely compile. Node count: 50681. Graph Size: 150026. Limit: 150000.|Timestamp 208375997451105|Src n/a
[engine] opt done   id=1414  ProtosRootNode@6397fe07                            |Tier 1|Time    15(   4+11  )ms|AST    2|Inlined   0Y   0N|IR    888/  1275|CodeSize    5532|Addr 0x7f3033b1cf60|Timestamp 208376026323426|Src n/a
[engine] opt done   id=1415  ProtosRootNode@716cfd0a                            |Tier 1|Time   184(  23+161 )ms|AST    7|Inlined   0Y   0N|IR   4642/ 17482|CodeSize   90120|Addr 0x7f3034cb7500|Timestamp 208376211177992|Src n/a
[engine] opt done   id=1515  ProtosRootNode@34c9026c                            |Tier 1|Time    26(   7+20  )ms|AST    2|Inlined   0Y   0N|IR    591/  1658|CodeSize    7561|Addr 0x7f3033bfff20|Timestamp 208376407118266|Src n/a
[engine] opt done   id=1516  ProtosRootNode@1fd33ee3                            |Tier 1|Time  1932( 132+1800)ms|AST   21|Inlined   0Y   0N|IR  20851/ 81773|CodeSize  436754|Addr 0x7f3034429d20|Timestamp 208378341038636|Src n/a
[engine] opt done   id=1511  ProtosRootNode@58d84888                            |Tier 1|Time    13(   4+9   )ms|AST    2|Inlined   0Y   0N|IR    888/  1275|CodeSize    5532|Addr 0x7f3034cb3ce0|Timestamp 208378402090561|Src n/a
[engine] opt done   id=1512  ProtosRootNode@55b7fe7f                            |Tier 1|Time   596(  53+543 )ms|AST   11|Inlined   0Y   0N|IR  10711/ 39220|CodeSize  206041|Addr 0x7f303402b440|Timestamp 208378998199679|Src n/a
[engine] opt done   id=1513  ProtosRootNode@54735d35                            |Tier 1|Time    13(   4+9   )ms|AST    2|Inlined   0Y   0N|IR    888/  1275|CodeSize    5532|Addr 0x7f3033b1a760|Timestamp 208379029667772|Src n/a
[engine] opt done   id=1514  ProtosRootNode@215a9fa3                            |Tier 1|Time  1703( 150+1553)ms|AST   20|Inlined   0Y   0N|IR  20353/ 75041|CodeSize  397465|Addr 0x7f303438bd40|Timestamp 208380732951233|Src n/a
[engine] opt done   id=1515  ProtosRootNode@34c9026c                            |Tier 2|Time    18(   3+15  )ms|AST    2|Inlined   0Y   0N|IR    518/  1448|CodeSize    7174|Addr 0x7f30349b2960|Timestamp 208380817325825|Src n/a
[engine] opt done   id=1516  ProtosRootNode@1fd33ee3                            |Tier 2|Time  1859( 182+1677)ms|AST   21|Inlined   0Y   0N|IR  20778/ 68815|CodeSize  387532|Addr 0x7f3034de5220|Timestamp 208382678051243|Src n/a
[engine] opt done   id=1511  ProtosRootNode@58d84888                            |Tier 2|Time    16(   4+12  )ms|AST    2|Inlined   0Y   0N|IR    815/   944|CodeSize    4429|Addr 0x7f30349af700|Timestamp 208382756533260|Src n/a
[engine] opt done   id=1512  ProtosRootNode@55b7fe7f                            |Tier 2|Time   669(  55+614 )ms|AST   11|Inlined   0Y   0N|IR  10638/ 32814|CodeSize  176872|Addr 0x7f30343433e0|Timestamp 208383426446293|Src n/a
[engine] opt done   id=1513  ProtosRootNode@54735d35                            |Tier 2|Time    16(   4+12  )ms|AST    2|Inlined   0Y   0N|IR    815/   944|CodeSize    4429|Addr 0x7f30349ad580|Timestamp 208383474656638|Src n/a
[engine] opt done   id=1514  ProtosRootNode@215a9fa3                            |Tier 2|Time  1643( 117+1526)ms|AST   20|Inlined   0Y   0N|IR  20280/ 62658|CodeSize  342484|Addr 0x7f3034e78780|Timestamp 208385117972156|Src n/a
[engine] opt done   id=1517  ProtosRootNode@3eff439c                            |Tier 1|Time    21(   4+17  )ms|AST    2|Inlined   0Y   0N|IR    888/  2671|CodeSize   13140|Addr 0x7f30349a79c0|Timestamp 208385158892086|Src n/a
[engine] opt failed id=1518  ProtosRootNode@7ef08fd6                            |Tier 1|Time   41(-208385159+208385200)ms|Reason: jdk.graal.compiler.truffle.GraphTooBigBailoutException: Graph too big to safely compile. Node count: 50681. Graph Size: 150026. Limit: 150000.|Timestamp 208385200196436|Src n/a
[engine] opt failed id=1518  ProtosRootNode@7ef08fd6                            |Tier 1|Time   41(-208385212+208385252)ms|Reason: jdk.graal.compiler.truffle.GraphTooBigBailoutException: Graph too big to safely compile. Node count: 50681. Graph Size: 150026. Limit: 150000.|Timestamp 208385252376745|Src n/a
[engine] opt done   id=1505  ProtosRootNode@242285af                            |Tier 1|Time    13(   4+9   )ms|AST    2|Inlined   0Y   0N|IR    888/  1275|CodeSize    5532|Addr 0x7f303433ed60|Timestamp 208385265779835|Src n/a
[engine] opt done   id=1506  ProtosRootNode@eae39b3                             |Tier 1|Time   187(  24+164 )ms|AST    7|Inlined   0Y   0N|IR   4642/ 17482|CodeSize   90120|Addr 0x7f30348a8f80|Timestamp 208385453135542|Src n/a
[engine] opt done   id=1606  ProtosRootNode@69707934                            |Tier 1|Time    27(   7+19  )ms|AST    2|Inlined   0Y   0N|IR    591/  1658|CodeSize    7561|Addr 0x7f303433b6a0|Timestamp 208385662845477|Src n/a
[engine] opt done   id=1607  ProtosRootNode@1b06812b                            |Tier 1|Time  1951( 148+1803)ms|AST   21|Inlined   0Y   0N|IR  20851/ 81773|CodeSize  436754|Addr 0x7f3034efe220|Timestamp 208387615224752|Src n/a
[engine] opt done   id=1602  ProtosRootNode@f7933dc                             |Tier 1|Time    13(   4+9   )ms|AST    2|Inlined   0Y   0N|IR    888/  1275|CodeSize    5532|Addr 0x7f30348a5760|Timestamp 208387654562381|Src n/a
[engine] opt done   id=1603  ProtosRootNode@4e3279e8                            |Tier 1|Time   594(  53+541 )ms|AST   11|Inlined   0Y   0N|IR  10711/ 39220|CodeSize  206041|Addr 0x7f3034fa4f40|Timestamp 208388248879718|Src n/a
[engine] opt done   id=1604  ProtosRootNode@141079e0                            |Tier 1|Time    13(   4+9   )ms|AST    2|Inlined   0Y   0N|IR    888/  1275|CodeSize    5532|Addr 0x7f3034338e60|Timestamp 208388280115591|Src n/a
[engine] opt done   id=1605  ProtosRootNode@7638f007                            |Tier 1|Time  1678( 118+1559)ms|AST   20|Inlined   0Y   0N|IR  20353/ 75041|CodeSize  397465|Addr 0x7f3034ffa6c0|Timestamp 208389961618108|Src n/a
[engine] opt done   id=1606  ProtosRootNode@69707934                            |Tier 2|Time    18(   3+14  )ms|AST    2|Inlined   0Y   0N|IR    518/  1448|CodeSize    7174|Addr 0x7f30343335e0|Timestamp 208390078620704|Src n/a
[engine] opt done   id=1607  ProtosRootNode@1b06812b                            |Tier 2|Time  1800( 119+1681)ms|AST   21|Inlined   0Y   0N|IR  20778/ 68815|CodeSize  387532|Addr 0x7f30350973a0|Timestamp 208391880333369|Src n/a
[engine] opt done   id=1602  ProtosRootNode@f7933dc                             |Tier 2|Time    16(   4+12  )ms|AST    2|Inlined   0Y   0N|IR    815/   944|CodeSize    4429|Addr 0x7f3034330880|Timestamp 208391961945559|Src n/a
[engine] opt done   id=1603  ProtosRootNode@4e3279e8                            |Tier 2|Time   981( 112+869 )ms|AST   11|Inlined   0Y   0N|IR  10638/ 32814|CodeSize  176872|Addr 0x7f3035128d60|Timestamp 208392944517492|Src n/a
[engine] opt done   id=1604  ProtosRootNode@141079e0                            |Tier 2|Time    25(   4+21  )ms|AST    2|Inlined   0Y   0N|IR    815/   944|CodeSize    4429|Addr 0x7f303432de80|Timestamp 208392972651423|Src n/a
[engine] opt done   id=1605  ProtosRootNode@7638f007                            |Tier 2|Time  1708( 160+1548)ms|AST   20|Inlined   0Y   0N|IR  20280/ 62658|CodeSize  342484|Addr 0x7f303516fb80|Timestamp 208394681186570|Src n/a
[engine] opt done   id=1608  ProtosRootNode@3fd4b64f                            |Tier 1|Time    21(   4+17  )ms|AST    2|Inlined   0Y   0N|IR    888/  2671|CodeSize   13140|Addr 0x7f3033986dc0|Timestamp 208394739914733|Src n/a
[engine] opt failed id=1609  ProtosRootNode@1831da29                            |Tier 1|Time   41(-208394740+208394781)ms|Reason: jdk.graal.compiler.truffle.GraphTooBigBailoutException: Graph too big to safely compile. Node count: 50681. Graph Size: 150026. Limit: 150000.|Timestamp 208394781272604|Src n/a
[engine] opt failed id=1609  ProtosRootNode@1831da29                            |Tier 1|Time   42(-208394797+208394839)ms|Reason: jdk.graal.compiler.truffle.GraphTooBigBailoutException: Graph too big to safely compile. Node count: 50681. Graph Size: 150026. Limit: 150000.|Timestamp 208394838661406|Src n/a
[engine] opt done   id=1596  ProtosRootNode@4ab61160                            |Tier 1|Time    13(   4+9   )ms|AST    2|Inlined   0Y   0N|IR    888/  1275|CodeSize    5532|Addr 0x7f30339843e0|Timestamp 208394852197276|Src n/a
[engine] opt done   id=1597  ProtosRootNode@2cd59cb5                            |Tier 1|Time   183(  22+161 )ms|AST    7|Inlined   0Y   0N|IR   4642/ 17482|CodeSize   90120|Addr 0x7f3034005180|Timestamp 208395035553821|Src n/a
[engine] opt done   id=1697  ProtosRootNode@34cb21ed                            |Tier 1|Time    19(   6+13  )ms|AST    2|Inlined   0Y   0N|IR    591/  1658|CodeSize    7561|Addr 0x7f3034000aa0|Timestamp 208395225812061|Src n/a
[engine] opt done   id=1698  ProtosRootNode@57c7dcab                            |Tier 1|Time  1837( 131+1707)ms|AST   21|Inlined   0Y   0N|IR  20851/ 81773|CodeSize  436754|Addr 0x7f30351f5620|Timestamp 208397063255634|Src n/a
[engine] opt done   id=1693  ProtosRootNode@fa8c3b5                             |Tier 1|Time    38(   4+34  )ms|AST    2|Inlined   0Y   0N|IR    888/  1275|CodeSize    5532|Addr 0x7f30332151e0|Timestamp 208397120906556|Src n/a
[engine] opt done   id=1694  ProtosRootNode@5df43e3e                            |Tier 1|Time   577(  53+524 )ms|AST   11|Inlined   0Y   0N|IR  10711/ 39220|CodeSize  206041|Addr 0x7f30336dfac0|Timestamp 208397698097461|Src n/a
[engine] opt done   id=1695  ProtosRootNode@bd06518                             |Tier 1|Time    13(   4+9   )ms|AST    2|Inlined   0Y   0N|IR    888/  1275|CodeSize    5532|Addr 0x7f3033297e60|Timestamp 208397728262433|Src n/a
[engine] opt done   id=1696  ProtosRootNode@57f54034                            |Tier 1|Time  1745( 110+1635)ms|AST   20|Inlined   0Y   0N|IR  20353/ 75041|CodeSize  397465|Addr 0x7f30332a05c0|Timestamp 208399473349038|Src n/a
[engine] opt done   id=1697  ProtosRootNode@34cb21ed                            |Tier 2|Time    18(   4+15  )ms|AST    2|Inlined   0Y   0N|IR    518/  1448|CodeSize    7174|Addr 0x7f3033346760|Timestamp 208399564756215|Src n/a
[engine] opt done   id=1698  ProtosRootNode@57c7dcab                            |Tier 2|Time  1799( 112+1687)ms|AST   21|Inlined   0Y   0N|IR  20778/ 68815|CodeSize  387532|Addr 0x7f3033359ba0|Timestamp 208401364576841|Src n/a
[engine] opt done   id=1693  ProtosRootNode@fa8c3b5                             |Tier 2|Time    16(   4+12  )ms|AST    2|Inlined   0Y   0N|IR    815/   944|CodeSize    4429|Addr 0x7f30333f0c80|Timestamp 208401439239576|Src n/a
[engine] opt done   id=1694  ProtosRootNode@5df43e3e                            |Tier 2|Time   654(  53+601 )ms|AST   11|Inlined   0Y   0N|IR  10638/ 32814|CodeSize  176872|Addr 0x7f3033402f60|Timestamp 208402093510518|Src n/a
[engine] opt done   id=1695  ProtosRootNode@bd06518                             |Tier 2|Time    22(   4+18  )ms|AST    2|Inlined   0Y   0N|IR    815/   944|CodeSize    4429|Addr 0x7f3033730280|Timestamp 208402118710186|Src n/a
[engine] opt done   id=1696  ProtosRootNode@57f54034                            |Tier 2|Time  1578( 124+1454)ms|AST   20|Inlined   0Y   0N|IR  20280/ 62658|CodeSize  342484|Addr 0x7f3033476100|Timestamp 208403696878479|Src n/a
[engine] opt done   id=1699  ProtosRootNode@24f7a5e1                            |Tier 1|Time    27(   9+18  )ms|AST    2|Inlined   0Y   0N|IR    888/  2671|CodeSize   13140|Addr 0x7f30335e04c0|Timestamp 208403784015343|Src n/a
[engine] opt failed id=1700  ProtosRootNode@323cce7b                            |Tier 1|Time   41(-208403784+208403825)ms|Reason: jdk.graal.compiler.truffle.GraphTooBigBailoutException: Graph too big to safely compile. Node count: 50681. Graph Size: 150026. Limit: 150000.|Timestamp 208403825280844|Src n/a
[engine] opt failed id=1700  ProtosRootNode@323cce7b                            |Tier 1|Time   41(-208403832+208403873)ms|Reason: jdk.graal.compiler.truffle.GraphTooBigBailoutException: Graph too big to safely compile. Node count: 50681. Graph Size: 150026. Limit: 150000.|Timestamp 208403873342569|Src n/a
[engine] opt done   id=1687  ProtosRootNode@2a812e09                            |Tier 1|Time    14(   4+10  )ms|AST    2|Inlined   0Y   0N|IR    888/  1275|CodeSize    5532|Addr 0x7f30336d3d60|Timestamp 208403887631400|Src n/a
[engine] opt done   id=1688  ProtosRootNode@391a658a                            |Tier 1|Time   186(  21+165 )ms|AST    7|Inlined   0Y   0N|IR   4642/ 17482|CodeSize   90120|Addr 0x7f3033946480|Timestamp 208404073479007|Src n/a
[engine] opt done   id=1788  ProtosRootNode@5b44d3a3                            |Tier 1|Time    20(   7+13  )ms|AST    2|Inlined   0Y   0N|IR    591/  1658|CodeSize    7561|Addr 0x7f303315ec20|Timestamp 208404251245768|Src n/a
[engine] opt done   id=1789  ProtosRootNode@30a9ea89                            |Tier 1|Time  1905( 121+1784)ms|AST   21|Inlined   0Y   0N|IR  20851/ 81773|CodeSize  436754|Addr 0x7f303316e220|Timestamp 208406164755898|Src n/a
[engine] opt done   id=1784  ProtosRootNode@477627f7                            |Tier 1|Time    13(   4+9   )ms|AST    2|Inlined   0Y   0N|IR    888/  1275|CodeSize    5532|Addr 0x7f3033942360|Timestamp 208406201809095|Src n/a
[engine] opt done   id=1785  ProtosRootNode@3820c4f3                            |Tier 1|Time   588(  53+535 )ms|AST   11|Inlined   0Y   0N|IR  10711/ 39220|CodeSize  206041|Addr 0x7f303471c440|Timestamp 208406789963958|Src n/a
[engine] opt done   id=1786  ProtosRootNode@6337b530                            |Tier 1|Time    13(   4+9   )ms|AST    2|Inlined   0Y   0N|IR    888/  1275|CodeSize    5532|Addr 0x7f3033d60de0|Timestamp 208406821221372|Src n/a
[engine] opt done   id=1787  ProtosRootNode@3c2f0245                            |Tier 1|Time  1711( 114+1597)ms|AST   20|Inlined   0Y   0N|IR  20353/ 75041|CodeSize  397465|Addr 0x7f3033737d40|Timestamp 208408532405233|Src n/a
[engine] opt done   id=1788  ProtosRootNode@5b44d3a3                            |Tier 2|Time    18(   3+15  )ms|AST    2|Inlined   0Y   0N|IR    518/  1448|CodeSize    7174|Addr 0x7f30337d2760|Timestamp 208408618045486|Src n/a
[engine] opt done   id=1789  ProtosRootNode@30a9ea89                            |Tier 2|Time  1846( 126+1720)ms|AST   21|Inlined   0Y   0N|IR  20778/ 68815|CodeSize  387532|Addr 0x7f30337da2a0|Timestamp 208410464230507|Src n/a
[engine] opt done   id=1784  ProtosRootNode@477627f7                            |Tier 2|Time    16(   4+12  )ms|AST    2|Inlined   0Y   0N|IR    815/   944|CodeSize    4429|Addr 0x7f30338b4600|Timestamp 208410543932446|Src n/a
[engine] opt done   id=1785  ProtosRootNode@3820c4f3                            |Tier 2|Time   662(  54+608 )ms|AST   11|Inlined   0Y   0N|IR  10638/ 32814|CodeSize  176872|Addr 0x7f3033870de0|Timestamp 208411205862354|Src n/a
[engine] opt done   id=1786  ProtosRootNode@6337b530                            |Tier 2|Time    16(   4+12  )ms|AST    2|Inlined   0Y   0N|IR    815/   944|CodeSize    4429|Addr 0x7f303386cd80|Timestamp 208411247509295|Src n/a
[engine] opt done   id=1787  ProtosRootNode@3c2f0245                            |Tier 2|Time  1688( 117+1571)ms|AST   20|Inlined   0Y   0N|IR  20280/ 62658|CodeSize  342484|Addr 0x7f30338c1900|Timestamp 208412936357960|Src n/a
[engine] opt done   id=1790  ProtosRootNode@11ed6170                            |Tier 1|Time    21(   4+17  )ms|AST    2|Inlined   0Y   0N|IR    888/  2671|CodeSize   13140|Addr 0x7f30338b82c0|Timestamp 208412994377603|Src n/a
[engine] opt failed id=1791  ProtosRootNode@726560b0                            |Tier 1|Time   41(-208412995+208413036)ms|Reason: jdk.graal.compiler.truffle.GraphTooBigBailoutException: Graph too big to safely compile. Node count: 50681. Graph Size: 150026. Limit: 150000.|Timestamp 208413035697494|Src n/a
[engine] opt failed id=1791  ProtosRootNode@726560b0                            |Tier 1|Time   41(-208413044+208413085)ms|Reason: jdk.graal.compiler.truffle.GraphTooBigBailoutException: Graph too big to safely compile. Node count: 50681. Graph Size: 150026. Limit: 150000.|Timestamp 208413084861970|Src n/a
[engine] opt done   id=1778  ProtosRootNode@453a1190                            |Tier 1|Time    13(   4+9   )ms|AST    2|Inlined   0Y   0N|IR    888/  1275|CodeSize    5532|Addr 0x7f3033fef5e0|Timestamp 208413098125810|Src n/a
[engine] opt done   id=1779  ProtosRootNode@64b278b1                            |Tier 1|Time   182(  22+160 )ms|AST    7|Inlined   0Y   0N|IR   4642/ 17482|CodeSize   90120|Addr 0x7f3034302c00|Timestamp 208413280158024|Src n/a
[engine] opt done   id=1879  ProtosRootNode@c8060a                              |Tier 1|Time    27(   7+20  )ms|AST    2|Inlined   0Y   0N|IR    591/  1658|CodeSize    7561|Addr 0x7f3033cb3120|Timestamp 208413464567530|Src n/a
[engine] opt done   id=1880  ProtosRootNode@10ae6f62                            |Tier 1|Time  1893( 170+1723)ms|AST   21|Inlined   0Y   0N|IR  20851/ 81773|CodeSize  436754|Addr 0x7f3033cbc120|Timestamp 208415357980197|Src n/a
[engine] opt done   id=1875  ProtosRootNode@7417f2ea                            |Tier 1|Time    13(   4+9   )ms|AST    2|Inlined   0Y   0N|IR    888/  1275|CodeSize    5532|Addr 0x7f3034328860|Timestamp 208415391154911|Src n/a
[engine] opt done   id=1876  ProtosRootNode@3879d2a9                            |Tier 1|Time   582(  53+529 )ms|AST   11|Inlined   0Y   0N|IR  10711/ 39220|CodeSize  206041|Addr 0x7f303321ecc0|Timestamp 208415973515761|Src n/a
[engine] opt done   id=1877  ProtosRootNode@57dcd85c                            |Tier 1|Time    13(   4+9   )ms|AST    2|Inlined   0Y   0N|IR    888/  1275|CodeSize    5532|Addr 0x7f30343342e0|Timestamp 208416003967703|Src n/a
[engine] opt done   id=1878  ProtosRootNode@867a3ee                             |Tier 1|Time  1734( 111+1623)ms|AST   20|Inlined   0Y   0N|IR  20353/ 75041|CodeSize  397465|Addr 0x7f3034775940|Timestamp 208417738434523|Src n/a
[engine] opt done   id=1879  ProtosRootNode@c8060a                              |Tier 2|Time    18(   3+15  )ms|AST    2|Inlined   0Y   0N|IR    518/  1448|CodeSize    7174|Addr 0x7f303476cee0|Timestamp 208417834414664|Src n/a
[engine] opt done   id=1880  ProtosRootNode@10ae6f62                            |Tier 2|Time  1801( 112+1689)ms|AST   21|Inlined   0Y   0N|IR  20778/ 68815|CodeSize  387532|Addr 0x7f303419bda0|Timestamp 208419636079394|Src n/a
[engine] opt done   id=1875  ProtosRootNode@7417f2ea                            |Tier 2|Time    16(   4+12  )ms|AST    2|Inlined   0Y   0N|IR    815/   944|CodeSize    4429|Addr 0x7f303432de80|Timestamp 208419713713581|Src n/a
[engine] opt done   id=1876  ProtosRootNode@3879d2a9                            |Tier 2|Time   651(  53+598 )ms|AST   11|Inlined   0Y   0N|IR  10638/ 32814|CodeSize  176872|Addr 0x7f3034861b60|Timestamp 208420364735452|Src n/a
[engine] opt done   id=1877  ProtosRootNode@57dcd85c                            |Tier 2|Time    22(   4+18  )ms|AST    2|Inlined   0Y   0N|IR    815/   944|CodeSize    4429|Addr 0x7f3034330880|Timestamp 208420392879483|Src n/a
[engine] opt done   id=1878  ProtosRootNode@867a3ee                             |Tier 2|Time  1575( 123+1452)ms|AST   20|Inlined   0Y   0N|IR  20280/ 62658|CodeSize  342484|Addr 0x7f3033e6de00|Timestamp 208421968174256|Src n/a
[engine] opt done   id=1881  ProtosRootNode@54bae08c                            |Tier 1|Time    21(   4+17  )ms|AST    2|Inlined   0Y   0N|IR    888/  2671|CodeSize   13140|Addr 0x7f3033f3e740|Timestamp 208422026754639|Src n/a
[engine] opt failed id=1882  ProtosRootNode@28db779                             |Tier 1|Time   41(-208422027+208422068)ms|Reason: jdk.graal.compiler.truffle.GraphTooBigBailoutException: Graph too big to safely compile. Node count: 50681. Graph Size: 150026. Limit: 150000.|Timestamp 208422067994019|Src n/a
[engine] opt failed id=1882  ProtosRootNode@28db779                             |Tier 1|Time   46(-208422082+208422128)ms|Reason: jdk.graal.compiler.truffle.GraphTooBigBailoutException: Graph too big to safely compile. Node count: 50681. Graph Size: 150026. Limit: 150000.|Timestamp 208422129683895|Src n/a
[engine] opt done   id=1869  ProtosRootNode@4477cf1                             |Tier 1|Time    27(   7+20  )ms|AST    2|Inlined   0Y   0N|IR    888/  1275|CodeSize    5532|Addr 0x7f3033219b60|Timestamp 208422156839955|Src n/a
[engine] opt done   id=1870  ProtosRootNode@4afd675c                            |Tier 1|Time   193(  32+161 )ms|AST    7|Inlined   0Y   0N|IR   4642/ 17482|CodeSize   90120|Addr 0x7f3034640900|Timestamp 208422350107317|Src n/a
