PERF003-A4c controlled closure immediate-method boundary experiment
mode=--run
HARNESS_REVISION=970ce2d2e1aadc445e41598a61577d1001300f4f
PROTOS_REVISION=d66841adb0b820047ed079f0bc7d643873f23194
PROTOS_VERSION=0.2.180-SNAPSHOT
WORKLOAD=collections/array-reduce
EXPECTED=528
CPUSET=0
phase=01 build experimental immediate-method boundary image
BOUNDARY_IMAGE_BUILD: PASS
BOUNDARY_SOURCE_CHECK: PASS
CORRECTNESS: PASS variant=boundary result=528
phase=02 build exact control image
CONTROL_IMAGE_BUILD: PASS
CORRECTNESS: PASS variant=control result=528
phase=03 control TraceCompilation
control_opt_done=316
control_opt_failed=40
control_graph_too_big=40
control_graph_shapes=50681:150026:150000
phase=04 immediate-method boundary TraceCompilation
boundary_opt_done=336
boundary_opt_failed=0
boundary_graph_too_big=0
boundary_graph_shapes=NONE
A4C_HYPOTHESIS=SUPPORTED
A4C_REASON=immediate-method boundary eliminated GraphTooBig
PERF003A_A4C_EXPERIMENT: PASS
TIMING_EVIDENCE: NO
PROTOS_REPOSITORY_CHANGED: NO
