$ taskset -c 0 java -cp /workspaces/protos-benchmarks/.work/embedded/997f633755574bab438897379229b75ace2bd733/canonical/56c598ef559eb45ffbe2fdb5747559be39d1620490cb45998b52efa800949b82/classes:/workspaces/protos/target/classes:/home/vscode/.m2/repository/org/jline/jline/3.30.6/jline-3.30.6.jar:/home/vscode/.m2/repository/com/ibm/icu/icu4j/78.1/icu4j-78.1.jar:/home/vscode/.m2/repository/org/graalvm/sdk/graal-sdk/25.4.4.1.1/graal-sdk-25.4.4.1.1.jar:/home/vscode/.m2/repository/org/graalvm/sdk/collections/25.4.4.1.1/collections-25.4.4.1.1.jar:/home/vscode/.m2/repository/org/graalvm/sdk/nativeimage/25.4.4.1.1/nativeimage-25.4.4.1.1.jar:/home/vscode/.m2/repository/org/graalvm/sdk/word/25.4.4.1.1/word-25.4.4.1.1.jar:/home/vscode/.m2/repository/org/graalvm/polyglot/polyglot/25.4.4.1.1/polyglot-25.4.4.1.1.jar:/home/vscode/.m2/repository/org/graalvm/truffle/truffle-api/25.4.4.1.1/truffle-api-25.4.4.1.1.jar:/home/vscode/.m2/repository/org/graalvm/sdk/jniutils/25.4.4.1.1/jniutils-25.4.4.1.1.jar:/home/vscode/.m2/repository/org/graalvm/truffle/truffle-runtime/25.4.4.1.1/truffle-runtime-25.4.4.1.1.jar:/home/vscode/.m2/repository/org/graalvm/truffle/truffle-compiler/25.4.4.1.1/truffle-compiler-25.4.4.1.1.jar:/home/vscode/.m2/repository/org/graalvm/polyglot/dap/25.4.4.1.1/dap-25.4.4.1.1.pom:/home/vscode/.m2/repository/org/graalvm/tools/dap-tool/25.4.4.1.1/dap-tool-25.4.4.1.1.jar:/home/vscode/.m2/repository/org/graalvm/shadowed/json/25.4.4.1.1/json-25.4.4.1.1.jar:/home/vscode/.m2/repository/org/eclipse/lsp4j/org.eclipse.lsp4j/1.0.0/org.eclipse.lsp4j-1.0.0.jar:/home/vscode/.m2/repository/org/eclipse/lsp4j/org.eclipse.lsp4j.jsonrpc/1.0.0/org.eclipse.lsp4j.jsonrpc-1.0.0.jar:/home/vscode/.m2/repository/com/google/code/gson/gson/2.14.0/gson-2.14.0.jar:/home/vscode/.m2/repository/com/google/errorprone/error_prone_annotations/2.48.0/error_prone_annotations-2.48.0.jar:/home/vscode/.m2/repository/org/junit/jupiter/junit-jupiter/5.10.2/junit-jupiter-5.10.2.jar:/home/vscode/.m2/repository/org/junit/jupiter/junit-jupiter-api/5.10.2/junit-jupiter-api-5.10.2.jar:/home/vscode/.m2/repository/org/opentest4j/opentest4j/1.3.0/opentest4j-1.3.0.jar:/home/vscode/.m2/repository/org/junit/platform/junit-platform-commons/1.10.2/junit-platform-commons-1.10.2.jar:/home/vscode/.m2/repository/org/apiguardian/apiguardian-api/1.1.2/apiguardian-api-1.1.2.jar:/home/vscode/.m2/repository/org/junit/jupiter/junit-jupiter-params/5.10.2/junit-jupiter-params-5.10.2.jar:/home/vscode/.m2/repository/org/junit/jupiter/junit-jupiter-engine/5.10.2/junit-jupiter-engine-5.10.2.jar:/home/vscode/.m2/repository/org/junit/platform/junit-platform-engine/1.10.2/junit-platform-engine-1.10.2.jar com.guillermomolina.protos.benchmarks.measure.protos.ProtosCanonicalSurface measure /workspaces/protos/protos/lib/core /workspaces/protos-benchmarks/truffle/workloads/primitive-return-literal/primitive-return-literal.protos 60 10 1000000 -
WARNING: A restricted method in java.lang.System has been called
WARNING: java.lang.System::load has been called by com.oracle.truffle.polyglot.JDKSupport in an unnamed module (file:/home/vscode/.m2/repository/org/graalvm/truffle/truffle-api/25.4.4.1.1/truffle-api-25.4.4.1.1.jar)
WARNING: Use --enable-native-access=ALL-UNNAMED to avoid a warning for callers in this module
WARNING: Restricted methods will be blocked in a future release unless native access is enabled

WARNING: A terminally deprecated method in sun.misc.Unsafe has been called
WARNING: sun.misc.Unsafe::objectFieldOffset has been called by com.oracle.truffle.runtime.hotspot.HotSpotTruffleRuntime (file:/home/vscode/.m2/repository/org/graalvm/truffle/truffle-runtime/25.4.4.1.1/truffle-runtime-25.4.4.1.1.jar)
WARNING: Please consider reporting this to the maintainers of class com.oracle.truffle.runtime.hotspot.HotSpotTruffleRuntime
WARNING: sun.misc.Unsafe::objectFieldOffset will be removed in a future release
mode=jvm
surface=canonical
language=protos
run_mode=canonical
source=/workspaces/protos-benchmarks/truffle/workloads/primitive-return-literal/primitive-return-literal.protos
warmup_iterations=60
steady_iterations=10
sample_calls=1000000
setup_ns=1194164709
sample phase=cold iteration=1 elapsed_ns=11859419
sample phase=warmup iteration=1 elapsed_ns=902705774
sample phase=warmup iteration=2 elapsed_ns=224279999
sample phase=warmup iteration=3 elapsed_ns=242171768
sample phase=warmup iteration=4 elapsed_ns=251933042
sample phase=warmup iteration=5 elapsed_ns=154921860
sample phase=warmup iteration=6 elapsed_ns=161195959
sample phase=warmup iteration=7 elapsed_ns=108303721
sample phase=warmup iteration=8 elapsed_ns=78574723
sample phase=warmup iteration=9 elapsed_ns=83896854
sample phase=warmup iteration=10 elapsed_ns=73544492
sample phase=warmup iteration=11 elapsed_ns=73582252
sample phase=warmup iteration=12 elapsed_ns=73545702
sample phase=warmup iteration=13 elapsed_ns=73439432
sample phase=warmup iteration=14 elapsed_ns=77181096
sample phase=warmup iteration=15 elapsed_ns=78821283
sample phase=warmup iteration=16 elapsed_ns=73542462
sample phase=warmup iteration=17 elapsed_ns=73536203
sample phase=warmup iteration=18 elapsed_ns=73519153
sample phase=warmup iteration=19 elapsed_ns=73622032
sample phase=warmup iteration=20 elapsed_ns=73498432
sample phase=warmup iteration=21 elapsed_ns=73697232
sample phase=warmup iteration=22 elapsed_ns=73357393
sample phase=warmup iteration=23 elapsed_ns=73678212
sample phase=warmup iteration=24 elapsed_ns=73424783
sample phase=warmup iteration=25 elapsed_ns=74076901
sample phase=warmup iteration=26 elapsed_ns=73932502
sample phase=warmup iteration=27 elapsed_ns=87011359
sample phase=warmup iteration=28 elapsed_ns=74718930
sample phase=warmup iteration=29 elapsed_ns=73568133
sample phase=warmup iteration=30 elapsed_ns=73739722
sample phase=warmup iteration=31 elapsed_ns=73635303
sample phase=warmup iteration=32 elapsed_ns=74173981
sample phase=warmup iteration=33 elapsed_ns=73738922
sample phase=warmup iteration=34 elapsed_ns=73727292
sample phase=warmup iteration=35 elapsed_ns=73666663
sample phase=warmup iteration=36 elapsed_ns=73441183
sample phase=warmup iteration=37 elapsed_ns=73580092
sample phase=warmup iteration=38 elapsed_ns=73495693
sample phase=warmup iteration=39 elapsed_ns=73584092
sample phase=warmup iteration=40 elapsed_ns=73586442
sample phase=warmup iteration=41 elapsed_ns=73706523
sample phase=warmup iteration=42 elapsed_ns=73799583
sample phase=warmup iteration=43 elapsed_ns=73590652
sample phase=warmup iteration=44 elapsed_ns=73852402
sample phase=warmup iteration=45 elapsed_ns=73727873
sample phase=warmup iteration=46 elapsed_ns=73719002
sample phase=warmup iteration=47 elapsed_ns=73743813
sample phase=warmup iteration=48 elapsed_ns=73609193
sample phase=warmup iteration=49 elapsed_ns=73629173
sample phase=warmup iteration=50 elapsed_ns=73331204
sample phase=warmup iteration=51 elapsed_ns=73601022
sample phase=warmup iteration=52 elapsed_ns=73935553
sample phase=warmup iteration=53 elapsed_ns=73502393
sample phase=warmup iteration=54 elapsed_ns=74277542
sample phase=warmup iteration=55 elapsed_ns=73358324
sample phase=warmup iteration=56 elapsed_ns=73585203
sample phase=warmup iteration=57 elapsed_ns=75996159
sample phase=warmup iteration=58 elapsed_ns=80068991
sample phase=warmup iteration=59 elapsed_ns=74336972
sample phase=warmup iteration=60 elapsed_ns=74785401
sample phase=steady iteration=1 elapsed_ns=77254417
sample phase=steady iteration=2 elapsed_ns=74207352
sample phase=steady iteration=3 elapsed_ns=74292272
sample phase=steady iteration=4 elapsed_ns=74958881
sample phase=steady iteration=5 elapsed_ns=75637950
sample phase=steady iteration=6 elapsed_ns=73793902
sample phase=steady iteration=7 elapsed_ns=74948711
sample phase=steady iteration=8 elapsed_ns=75341950
sample phase=steady iteration=9 elapsed_ns=74970751
sample phase=steady iteration=10 elapsed_ns=74358362
result=1
