$ taskset -c 0 java -Dprotos.benchmarks.peer.language=python -cp /workspaces/protos-benchmarks/.work/embedded/peer-25.4.4.1.1/executable-value/d0088eaa89ece882c7363b6d2a332ffbdffae8594feb7a0767135a1f7f2b5cd4/classes:/home/vscode/.m2/repository/org/graalvm/polyglot/polyglot/25.4.4.1.1/polyglot-25.4.4.1.1.jar:/home/vscode/.m2/repository/org/graalvm/sdk/collections/25.4.4.1.1/collections-25.4.4.1.1.jar:/home/vscode/.m2/repository/org/graalvm/sdk/nativeimage/25.4.4.1.1/nativeimage-25.4.4.1.1.jar:/home/vscode/.m2/repository/org/graalvm/sdk/word/25.4.4.1.1/word-25.4.4.1.1.jar:/home/vscode/.m2/repository/org/graalvm/polyglot/js/25.4.4.1.1/js-25.4.4.1.1.pom:/home/vscode/.m2/repository/org/graalvm/js/js/25.4.4.1.1/js-25.4.4.1.1.pom:/home/vscode/.m2/repository/org/graalvm/js/js-language/25.4.4.1.1/js-language-25.4.4.1.1.jar:/home/vscode/.m2/repository/org/graalvm/regex/regex/25.4.4.1.1/regex-25.4.4.1.1.jar:/home/vscode/.m2/repository/org/graalvm/truffle/truffle-api/25.4.4.1.1/truffle-api-25.4.4.1.1.jar:/home/vscode/.m2/repository/org/graalvm/sdk/jniutils/25.4.4.1.1/jniutils-25.4.4.1.1.jar:/home/vscode/.m2/repository/org/graalvm/shadowed/icu4j/25.4.4.1.1/icu4j-25.4.4.1.1.jar:/home/vscode/.m2/repository/org/graalvm/truffle/truffle-runtime/25.4.4.1.1/truffle-runtime-25.4.4.1.1.jar:/home/vscode/.m2/repository/org/graalvm/truffle/truffle-compiler/25.4.4.1.1/truffle-compiler-25.4.4.1.1.jar:/home/vscode/.m2/repository/org/graalvm/polyglot/python/25.4.4.1.1/python-25.4.4.1.1.pom:/home/vscode/.m2/repository/org/graalvm/python/python/25.4.4.1.1/python-25.4.4.1.1.pom:/home/vscode/.m2/repository/org/graalvm/python/python-language/25.4.4.1.1/python-language-25.4.4.1.1.jar:/home/vscode/.m2/repository/org/graalvm/tools/profiler-tool/25.4.4.1.1/profiler-tool-25.4.4.1.1.jar:/home/vscode/.m2/repository/org/graalvm/shadowed/json/25.4.4.1.1/json-25.4.4.1.1.jar:/home/vscode/.m2/repository/org/graalvm/shadowed/xz/25.4.4.1.1/xz-25.4.4.1.1.jar:/home/vscode/.m2/repository/org/graalvm/python/python-resources/25.4.4.1.1/python-resources-25.4.4.1.1.jar com.guillermomolina.protos.benchmarks.measure.peer.PeerExecutableSurface measure - /workspaces/protos-benchmarks/truffle/workloads/primitive-object-slot-read/primitive-object-slot-read.py 50 10 10000 -
WARNING: A restricted method in java.lang.System has been called
WARNING: java.lang.System::load has been called by com.oracle.truffle.polyglot.JDKSupport in an unnamed module (file:/home/vscode/.m2/repository/org/graalvm/truffle/truffle-api/25.4.4.1.1/truffle-api-25.4.4.1.1.jar)
WARNING: Use --enable-native-access=ALL-UNNAMED to avoid a warning for callers in this module
WARNING: Restricted methods will be blocked in a future release unless native access is enabled

WARNING: A terminally deprecated method in sun.misc.Unsafe has been called
WARNING: sun.misc.Unsafe::objectFieldOffset has been called by com.oracle.truffle.runtime.hotspot.HotSpotTruffleRuntime (file:/home/vscode/.m2/repository/org/graalvm/truffle/truffle-runtime/25.4.4.1.1/truffle-runtime-25.4.4.1.1.jar)
WARNING: Please consider reporting this to the maintainers of class com.oracle.truffle.runtime.hotspot.HotSpotTruffleRuntime
WARNING: sun.misc.Unsafe::objectFieldOffset will be removed in a future release
mode=jvm
surface=executable-value
language=python
run_mode=executable-value
source=/workspaces/protos-benchmarks/truffle/workloads/primitive-object-slot-read/primitive-object-slot-read.py
warmup_iterations=50
steady_iterations=10
sample_calls=10000
setup_ns=4844633290
sample phase=cold iteration=1 elapsed_ns=6986878
sample phase=warmup iteration=1 elapsed_ns=213882605
sample phase=warmup iteration=2 elapsed_ns=12891759
sample phase=warmup iteration=3 elapsed_ns=14439579
sample phase=warmup iteration=4 elapsed_ns=14307469
sample phase=warmup iteration=5 elapsed_ns=14404839
sample phase=warmup iteration=6 elapsed_ns=9202334
sample phase=warmup iteration=7 elapsed_ns=7680813
sample phase=warmup iteration=8 elapsed_ns=8775601
sample phase=warmup iteration=9 elapsed_ns=7118749
sample phase=warmup iteration=10 elapsed_ns=6729376
sample phase=warmup iteration=11 elapsed_ns=5798901
sample phase=warmup iteration=12 elapsed_ns=4196038
sample phase=warmup iteration=13 elapsed_ns=5813650
sample phase=warmup iteration=14 elapsed_ns=5351807
sample phase=warmup iteration=15 elapsed_ns=3951578
sample phase=warmup iteration=16 elapsed_ns=4965444
sample phase=warmup iteration=17 elapsed_ns=3737575
sample phase=warmup iteration=18 elapsed_ns=3480604
sample phase=warmup iteration=19 elapsed_ns=4879013
sample phase=warmup iteration=20 elapsed_ns=3709245
sample phase=warmup iteration=21 elapsed_ns=5326057
sample phase=warmup iteration=22 elapsed_ns=19768977
sample phase=warmup iteration=23 elapsed_ns=3328713
sample phase=warmup iteration=24 elapsed_ns=3174842
sample phase=warmup iteration=25 elapsed_ns=3170692
sample phase=warmup iteration=26 elapsed_ns=3064011
sample phase=warmup iteration=27 elapsed_ns=3061161
sample phase=warmup iteration=28 elapsed_ns=1447510
sample phase=warmup iteration=29 elapsed_ns=3076321
sample phase=warmup iteration=30 elapsed_ns=3064091
sample phase=warmup iteration=31 elapsed_ns=2811020
sample phase=warmup iteration=32 elapsed_ns=2667799
sample phase=warmup iteration=33 elapsed_ns=1058408
sample phase=warmup iteration=34 elapsed_ns=2677418
sample phase=warmup iteration=35 elapsed_ns=2675678
sample phase=warmup iteration=36 elapsed_ns=1054307
sample phase=warmup iteration=37 elapsed_ns=2807290
sample phase=warmup iteration=38 elapsed_ns=3124231
sample phase=warmup iteration=39 elapsed_ns=2053434
sample phase=warmup iteration=40 elapsed_ns=1674702
sample phase=warmup iteration=41 elapsed_ns=2658568
sample phase=warmup iteration=42 elapsed_ns=1055828
sample phase=warmup iteration=43 elapsed_ns=2660678
sample phase=warmup iteration=44 elapsed_ns=2653109
sample phase=warmup iteration=45 elapsed_ns=1061017
sample phase=warmup iteration=46 elapsed_ns=2668659
sample phase=warmup iteration=47 elapsed_ns=2322736
sample phase=warmup iteration=48 elapsed_ns=1054557
sample phase=warmup iteration=49 elapsed_ns=2457427
sample phase=warmup iteration=50 elapsed_ns=3363724
sample phase=steady iteration=1 elapsed_ns=1053667
sample phase=steady iteration=2 elapsed_ns=2676389
sample phase=steady iteration=3 elapsed_ns=2654568
sample phase=steady iteration=4 elapsed_ns=1051018
sample phase=steady iteration=5 elapsed_ns=2664938
sample phase=steady iteration=6 elapsed_ns=2659859
sample phase=steady iteration=7 elapsed_ns=1055407
sample phase=steady iteration=8 elapsed_ns=2672859
sample phase=steady iteration=9 elapsed_ns=2659448
sample phase=steady iteration=10 elapsed_ns=1058037
result=1
