$ taskset -c 0 java -Dprotos.benchmarks.peer.language=python -cp /workspaces/protos-benchmarks/.work/embedded/peer-25.4.4.1.1/executable-value/d0088eaa89ece882c7363b6d2a332ffbdffae8594feb7a0767135a1f7f2b5cd4/classes:/home/vscode/.m2/repository/org/graalvm/polyglot/polyglot/25.4.4.1.1/polyglot-25.4.4.1.1.jar:/home/vscode/.m2/repository/org/graalvm/sdk/collections/25.4.4.1.1/collections-25.4.4.1.1.jar:/home/vscode/.m2/repository/org/graalvm/sdk/nativeimage/25.4.4.1.1/nativeimage-25.4.4.1.1.jar:/home/vscode/.m2/repository/org/graalvm/sdk/word/25.4.4.1.1/word-25.4.4.1.1.jar:/home/vscode/.m2/repository/org/graalvm/polyglot/js/25.4.4.1.1/js-25.4.4.1.1.pom:/home/vscode/.m2/repository/org/graalvm/js/js/25.4.4.1.1/js-25.4.4.1.1.pom:/home/vscode/.m2/repository/org/graalvm/js/js-language/25.4.4.1.1/js-language-25.4.4.1.1.jar:/home/vscode/.m2/repository/org/graalvm/regex/regex/25.4.4.1.1/regex-25.4.4.1.1.jar:/home/vscode/.m2/repository/org/graalvm/truffle/truffle-api/25.4.4.1.1/truffle-api-25.4.4.1.1.jar:/home/vscode/.m2/repository/org/graalvm/sdk/jniutils/25.4.4.1.1/jniutils-25.4.4.1.1.jar:/home/vscode/.m2/repository/org/graalvm/shadowed/icu4j/25.4.4.1.1/icu4j-25.4.4.1.1.jar:/home/vscode/.m2/repository/org/graalvm/truffle/truffle-runtime/25.4.4.1.1/truffle-runtime-25.4.4.1.1.jar:/home/vscode/.m2/repository/org/graalvm/truffle/truffle-compiler/25.4.4.1.1/truffle-compiler-25.4.4.1.1.jar:/home/vscode/.m2/repository/org/graalvm/polyglot/python/25.4.4.1.1/python-25.4.4.1.1.pom:/home/vscode/.m2/repository/org/graalvm/python/python/25.4.4.1.1/python-25.4.4.1.1.pom:/home/vscode/.m2/repository/org/graalvm/python/python-language/25.4.4.1.1/python-language-25.4.4.1.1.jar:/home/vscode/.m2/repository/org/graalvm/tools/profiler-tool/25.4.4.1.1/profiler-tool-25.4.4.1.1.jar:/home/vscode/.m2/repository/org/graalvm/shadowed/json/25.4.4.1.1/json-25.4.4.1.1.jar:/home/vscode/.m2/repository/org/graalvm/shadowed/xz/25.4.4.1.1/xz-25.4.4.1.1.jar:/home/vscode/.m2/repository/org/graalvm/python/python-resources/25.4.4.1.1/python-resources-25.4.4.1.1.jar com.guillermomolina.protos.benchmarks.measure.peer.PeerExecutableSurface measure - /workspaces/protos-benchmarks/truffle/workloads/method-call/method-call.py 60 10 1 -
WARNING: A restricted method in java.lang.System has been called
WARNING: java.lang.System::load has been called by com.oracle.truffle.polyglot.JDKSupport in an unnamed module (file:/home/vscode/.m2/repository/org/graalvm/truffle/truffle-api/25.4.4.1.1/truffle-api-25.4.4.1.1.jar)
WARNING: Use --enable-native-access=ALL-UNNAMED to avoid a warning for callers in this module
WARNING: Restricted methods will be blocked in a future release unless native access is enabled

WARNING: A terminally deprecated method in sun.misc.Unsafe has been called
WARNING: sun.misc.Unsafe::objectFieldOffset has been called by com.oracle.truffle.runtime.hotspot.HotSpotTruffleRuntime (file:/home/vscode/.m2/repository/org/graalvm/truffle/truffle-runtime/25.4.4.1.1/truffle-runtime-25.4.4.1.1.jar)
WARNING: Please consider reporting this to the maintainers of class com.oracle.truffle.runtime.hotspot.HotSpotTruffleRuntime
WARNING: sun.misc.Unsafe::objectFieldOffset will be removed in a future release
mode=jvm
surface=executable-value
language=python
run_mode=executable-value
source=/workspaces/protos-benchmarks/truffle/workloads/method-call/method-call.py
warmup_iterations=60
steady_iterations=10
sample_calls=1
setup_ns=6089355222
sample phase=cold iteration=1 elapsed_ns=65952728
sample phase=warmup iteration=1 elapsed_ns=37948570
sample phase=warmup iteration=2 elapsed_ns=26068362
sample phase=warmup iteration=3 elapsed_ns=17350698
sample phase=warmup iteration=4 elapsed_ns=17551778
sample phase=warmup iteration=5 elapsed_ns=15111362
sample phase=warmup iteration=6 elapsed_ns=10667060
sample phase=warmup iteration=7 elapsed_ns=94520
sample phase=warmup iteration=8 elapsed_ns=37370
sample phase=warmup iteration=9 elapsed_ns=114410
sample phase=warmup iteration=10 elapsed_ns=105029
sample phase=warmup iteration=11 elapsed_ns=42790
sample phase=warmup iteration=12 elapsed_ns=36410
sample phase=warmup iteration=13 elapsed_ns=35120
sample phase=warmup iteration=14 elapsed_ns=35140
sample phase=warmup iteration=15 elapsed_ns=35940
sample phase=warmup iteration=16 elapsed_ns=35280
sample phase=warmup iteration=17 elapsed_ns=45330
sample phase=warmup iteration=18 elapsed_ns=35590
sample phase=warmup iteration=19 elapsed_ns=35030
sample phase=warmup iteration=20 elapsed_ns=35100
sample phase=warmup iteration=21 elapsed_ns=34950
sample phase=warmup iteration=22 elapsed_ns=35290
sample phase=warmup iteration=23 elapsed_ns=69959
sample phase=warmup iteration=24 elapsed_ns=36410
sample phase=warmup iteration=25 elapsed_ns=35270
sample phase=warmup iteration=26 elapsed_ns=37320
sample phase=warmup iteration=27 elapsed_ns=35960
sample phase=warmup iteration=28 elapsed_ns=34820
sample phase=warmup iteration=29 elapsed_ns=36630
sample phase=warmup iteration=30 elapsed_ns=35070
sample phase=warmup iteration=31 elapsed_ns=35100
sample phase=warmup iteration=32 elapsed_ns=39130
sample phase=warmup iteration=33 elapsed_ns=35700
sample phase=warmup iteration=34 elapsed_ns=35230
sample phase=warmup iteration=35 elapsed_ns=35800
sample phase=warmup iteration=36 elapsed_ns=35200
sample phase=warmup iteration=37 elapsed_ns=34730
sample phase=warmup iteration=38 elapsed_ns=40340
sample phase=warmup iteration=39 elapsed_ns=2201976
sample phase=warmup iteration=40 elapsed_ns=66620
sample phase=warmup iteration=41 elapsed_ns=212369
sample phase=warmup iteration=42 elapsed_ns=38990
sample phase=warmup iteration=43 elapsed_ns=45260
sample phase=warmup iteration=44 elapsed_ns=34220
sample phase=warmup iteration=45 elapsed_ns=33590
sample phase=warmup iteration=46 elapsed_ns=34440
sample phase=warmup iteration=47 elapsed_ns=33830
sample phase=warmup iteration=48 elapsed_ns=33970
sample phase=warmup iteration=49 elapsed_ns=39389
sample phase=warmup iteration=50 elapsed_ns=58320
sample phase=warmup iteration=51 elapsed_ns=34980
sample phase=warmup iteration=52 elapsed_ns=38090
sample phase=warmup iteration=53 elapsed_ns=34650
sample phase=warmup iteration=54 elapsed_ns=33900
sample phase=warmup iteration=55 elapsed_ns=33550
sample phase=warmup iteration=56 elapsed_ns=35910
sample phase=warmup iteration=57 elapsed_ns=34650
sample phase=warmup iteration=58 elapsed_ns=34480
sample phase=warmup iteration=59 elapsed_ns=34670
sample phase=warmup iteration=60 elapsed_ns=39650
sample phase=steady iteration=1 elapsed_ns=34510
sample phase=steady iteration=2 elapsed_ns=34820
sample phase=steady iteration=3 elapsed_ns=36750
sample phase=steady iteration=4 elapsed_ns=34030
sample phase=steady iteration=5 elapsed_ns=33670
sample phase=steady iteration=6 elapsed_ns=1893526
sample phase=steady iteration=7 elapsed_ns=76590
sample phase=steady iteration=8 elapsed_ns=51070
sample phase=steady iteration=9 elapsed_ns=34050
sample phase=steady iteration=10 elapsed_ns=33460
result=499500
