$ taskset -c 0 java -Dprotos.benchmarks.peer.language=js -cp /workspaces/protos-benchmarks/.work/embedded/peer-25.4.4.1.1/executable-value/d0088eaa89ece882c7363b6d2a332ffbdffae8594feb7a0767135a1f7f2b5cd4/classes:/home/vscode/.m2/repository/org/graalvm/polyglot/polyglot/25.4.4.1.1/polyglot-25.4.4.1.1.jar:/home/vscode/.m2/repository/org/graalvm/sdk/collections/25.4.4.1.1/collections-25.4.4.1.1.jar:/home/vscode/.m2/repository/org/graalvm/sdk/nativeimage/25.4.4.1.1/nativeimage-25.4.4.1.1.jar:/home/vscode/.m2/repository/org/graalvm/sdk/word/25.4.4.1.1/word-25.4.4.1.1.jar:/home/vscode/.m2/repository/org/graalvm/polyglot/js/25.4.4.1.1/js-25.4.4.1.1.pom:/home/vscode/.m2/repository/org/graalvm/js/js/25.4.4.1.1/js-25.4.4.1.1.pom:/home/vscode/.m2/repository/org/graalvm/js/js-language/25.4.4.1.1/js-language-25.4.4.1.1.jar:/home/vscode/.m2/repository/org/graalvm/regex/regex/25.4.4.1.1/regex-25.4.4.1.1.jar:/home/vscode/.m2/repository/org/graalvm/truffle/truffle-api/25.4.4.1.1/truffle-api-25.4.4.1.1.jar:/home/vscode/.m2/repository/org/graalvm/sdk/jniutils/25.4.4.1.1/jniutils-25.4.4.1.1.jar:/home/vscode/.m2/repository/org/graalvm/shadowed/icu4j/25.4.4.1.1/icu4j-25.4.4.1.1.jar:/home/vscode/.m2/repository/org/graalvm/truffle/truffle-runtime/25.4.4.1.1/truffle-runtime-25.4.4.1.1.jar:/home/vscode/.m2/repository/org/graalvm/truffle/truffle-compiler/25.4.4.1.1/truffle-compiler-25.4.4.1.1.jar:/home/vscode/.m2/repository/org/graalvm/polyglot/python/25.4.4.1.1/python-25.4.4.1.1.pom:/home/vscode/.m2/repository/org/graalvm/python/python/25.4.4.1.1/python-25.4.4.1.1.pom:/home/vscode/.m2/repository/org/graalvm/python/python-language/25.4.4.1.1/python-language-25.4.4.1.1.jar:/home/vscode/.m2/repository/org/graalvm/tools/profiler-tool/25.4.4.1.1/profiler-tool-25.4.4.1.1.jar:/home/vscode/.m2/repository/org/graalvm/shadowed/json/25.4.4.1.1/json-25.4.4.1.1.jar:/home/vscode/.m2/repository/org/graalvm/shadowed/xz/25.4.4.1.1/xz-25.4.4.1.1.jar:/home/vscode/.m2/repository/org/graalvm/python/python-resources/25.4.4.1.1/python-resources-25.4.4.1.1.jar com.guillermomolina.protos.benchmarks.measure.peer.PeerExecutableSurface measure - /workspaces/protos-benchmarks/truffle/workloads/fibonacci/fibonacci.mjs 60 10 1 -
WARNING: A restricted method in java.lang.System has been called
WARNING: java.lang.System::load has been called by com.oracle.truffle.polyglot.JDKSupport in an unnamed module (file:/home/vscode/.m2/repository/org/graalvm/truffle/truffle-api/25.4.4.1.1/truffle-api-25.4.4.1.1.jar)
WARNING: Use --enable-native-access=ALL-UNNAMED to avoid a warning for callers in this module
WARNING: Restricted methods will be blocked in a future release unless native access is enabled

WARNING: A terminally deprecated method in sun.misc.Unsafe has been called
WARNING: sun.misc.Unsafe::objectFieldOffset has been called by com.oracle.truffle.runtime.hotspot.HotSpotTruffleRuntime (file:/home/vscode/.m2/repository/org/graalvm/truffle/truffle-runtime/25.4.4.1.1/truffle-runtime-25.4.4.1.1.jar)
WARNING: Please consider reporting this to the maintainers of class com.oracle.truffle.runtime.hotspot.HotSpotTruffleRuntime
WARNING: sun.misc.Unsafe::objectFieldOffset will be removed in a future release
mode=jvm
surface=executable-value
language=js
run_mode=executable-value
source=/workspaces/protos-benchmarks/truffle/workloads/fibonacci/fibonacci.mjs
warmup_iterations=60
steady_iterations=10
sample_calls=1
setup_ns=1095121418
sample phase=cold iteration=1 elapsed_ns=264967961
sample phase=warmup iteration=1 elapsed_ns=276400
sample phase=warmup iteration=2 elapsed_ns=197699
sample phase=warmup iteration=3 elapsed_ns=193770
sample phase=warmup iteration=4 elapsed_ns=198249
sample phase=warmup iteration=5 elapsed_ns=194750
sample phase=warmup iteration=6 elapsed_ns=193139
sample phase=warmup iteration=7 elapsed_ns=3622203
sample phase=warmup iteration=8 elapsed_ns=199230
sample phase=warmup iteration=9 elapsed_ns=193919
sample phase=warmup iteration=10 elapsed_ns=193300
sample phase=warmup iteration=11 elapsed_ns=193349
sample phase=warmup iteration=12 elapsed_ns=213190
sample phase=warmup iteration=13 elapsed_ns=194899
sample phase=warmup iteration=14 elapsed_ns=193850
sample phase=warmup iteration=15 elapsed_ns=4241331
sample phase=warmup iteration=16 elapsed_ns=205580
sample phase=warmup iteration=17 elapsed_ns=194029
sample phase=warmup iteration=18 elapsed_ns=193930
sample phase=warmup iteration=19 elapsed_ns=194449
sample phase=warmup iteration=20 elapsed_ns=192970
sample phase=warmup iteration=21 elapsed_ns=197409
sample phase=warmup iteration=22 elapsed_ns=3545053
sample phase=warmup iteration=23 elapsed_ns=210189
sample phase=warmup iteration=24 elapsed_ns=200720
sample phase=warmup iteration=25 elapsed_ns=194820
sample phase=warmup iteration=26 elapsed_ns=194489
sample phase=warmup iteration=27 elapsed_ns=195860
sample phase=warmup iteration=28 elapsed_ns=201299
sample phase=warmup iteration=29 elapsed_ns=3425963
sample phase=warmup iteration=30 elapsed_ns=201330
sample phase=warmup iteration=31 elapsed_ns=197019
sample phase=warmup iteration=32 elapsed_ns=200420
sample phase=warmup iteration=33 elapsed_ns=195879
sample phase=warmup iteration=34 elapsed_ns=195180
sample phase=warmup iteration=35 elapsed_ns=194660
sample phase=warmup iteration=36 elapsed_ns=197300
sample phase=warmup iteration=37 elapsed_ns=3160783
sample phase=warmup iteration=38 elapsed_ns=198370
sample phase=warmup iteration=39 elapsed_ns=193240
sample phase=warmup iteration=40 elapsed_ns=192759
sample phase=warmup iteration=41 elapsed_ns=205890
sample phase=warmup iteration=42 elapsed_ns=193379
sample phase=warmup iteration=43 elapsed_ns=193570
sample phase=warmup iteration=44 elapsed_ns=3597062
sample phase=warmup iteration=45 elapsed_ns=202060
sample phase=warmup iteration=46 elapsed_ns=197009
sample phase=warmup iteration=47 elapsed_ns=195200
sample phase=warmup iteration=48 elapsed_ns=197080
sample phase=warmup iteration=49 elapsed_ns=205900
sample phase=warmup iteration=50 elapsed_ns=196140
sample phase=warmup iteration=51 elapsed_ns=194879
sample phase=warmup iteration=52 elapsed_ns=3933932
sample phase=warmup iteration=53 elapsed_ns=198570
sample phase=warmup iteration=54 elapsed_ns=200179
sample phase=warmup iteration=55 elapsed_ns=197870
sample phase=warmup iteration=56 elapsed_ns=196079
sample phase=warmup iteration=57 elapsed_ns=194030
sample phase=warmup iteration=58 elapsed_ns=194189
sample phase=warmup iteration=59 elapsed_ns=3446953
sample phase=warmup iteration=60 elapsed_ns=199150
sample phase=steady iteration=1 elapsed_ns=194799
sample phase=steady iteration=2 elapsed_ns=199010
sample phase=steady iteration=3 elapsed_ns=200500
sample phase=steady iteration=4 elapsed_ns=194530
sample phase=steady iteration=5 elapsed_ns=194910
sample phase=steady iteration=6 elapsed_ns=194499
sample phase=steady iteration=7 elapsed_ns=206860
sample phase=steady iteration=8 elapsed_ns=194680
sample phase=steady iteration=9 elapsed_ns=193380
sample phase=steady iteration=10 elapsed_ns=208289
result=6765
