[To redirect Truffle log output to a file use one of the following options:
* '--log.file=<path>' if the option is passed using a guest language launcher.
* '-Dpolyglot.log.file=<path>' if the option is passed using the host Java launcher.
* Configure logging using the polyglot embedding API.]
[engine] opt done   id=150   ProtosRootNode@2bbe4615                            |Tier 1|Time   168( 128+40  )ms|AST    2|Inlined   0Y   0N|IR    591/  1658|CodeSize    7561|Addr 0x7f2f7b14ae20|Timestamp 218163363133503|Src n/a
[engine] opt done   id=151   ProtosRootNode@47a56e6f                            |Tier 1|Time  1901( 250+1652)ms|AST   21|Inlined   0Y   0N|IR  15655/ 56247|CodeSize  287573|Addr 0x7f2f7b15a8c0|Timestamp 218165277269663|Src n/a
[engine] opt done   id=146   ProtosRootNode@fe18a43                             |Tier 1|Time    42(  14+27  )ms|AST    2|Inlined   0Y   0N|IR    888/  1275|CodeSize    5532|Addr 0x7f2f7b1cb0e0|Timestamp 218165353135116|Src n/a
[engine] opt done   id=147   ProtosRootNode@1c98b67b                            |Tier 1|Time   809( 109+700 )ms|AST   11|Inlined   0Y   0N|IR   8632/ 29000|CodeSize  147709|Addr 0x7f2f7b1d12e0|Timestamp 218166189585937|Src n/a
[engine] opt done   id=103   ProtosRootNode@2864b7da                            |Tier 1|Time    29(   6+24  )ms|AST    2|Inlined   0Y   0N|IR    591/  1658|CodeSize    7561|Addr 0x7f2f7b20bfa0|Timestamp 218166224144301|Src n/a
[engine] opt done   id=104   ProtosRootNode@6f6bc730                            |Tier 1|Time   240(  30+210 )ms|AST    6|Inlined   0Y   0N|IR   4176/ 14290|CodeSize   73396|Addr 0x7f2f7b210760|Timestamp 218166465013949|Src n/a
[engine] opt done   id=148   ProtosRootNode@59f0ec3d                            |Tier 1|Time    18(   5+13  )ms|AST    2|Inlined   0Y   0N|IR    888/  1275|CodeSize    5532|Addr 0x7f2f7b22d4e0|Timestamp 218166484666302|Src n/a
[engine] opt done   id=149   ProtosRootNode@5a3165fa                            |Tier 1|Time  1715( 206+1509)ms|AST   20|Inlined   0Y   0N|IR  16196/ 54617|CodeSize  284840|Addr 0x7f2f7b234540|Timestamp 218168201555916|Src n/a
[engine] opt done   id=150   ProtosRootNode@2bbe4615                            |Tier 2|Time    82(   7+75  )ms|AST    2|Inlined   0Y   0N|IR    518/  1448|CodeSize    7174|Addr 0x7f2f7b2b24e0|Timestamp 218168550497048|Src n/a
[engine] opt done   id=151   ProtosRootNode@47a56e6f                            |Tier 2|Time  1852( 191+1661)ms|AST   21|Inlined   0Y   0N|IR  15582/ 46140|CodeSize  253681|Addr 0x7f2f7b2c32c0|Timestamp 218170403973877|Src n/a
[engine] opt done   id=146   ProtosRootNode@fe18a43                             |Tier 2|Time    50(  10+41  )ms|AST    2|Inlined   0Y   0N|IR    815/   944|CodeSize    4429|Addr 0x7f2f7b32e200|Timestamp 218170678038477|Src n/a
[engine] opt done   id=147   ProtosRootNode@1c98b67b                            |Tier 2|Time  1026( 142+884 )ms|AST   11|Inlined   0Y   0N|IR   8559/ 23429|CodeSize  125539|Addr 0x7f2f7b337620|Timestamp 218171708336273|Src n/a
[engine] opt done   id=103   ProtosRootNode@2864b7da                            |Tier 2|Time    28(   7+21  )ms|AST    2|Inlined   0Y   0N|IR    518/  1448|CodeSize    7174|Addr 0x7f2f7b369de0|Timestamp 218171738661294|Src n/a
[engine] opt done   id=104   ProtosRootNode@6f6bc730                            |Tier 2|Time   367(  47+320 )ms|AST    6|Inlined   0Y   0N|IR   4103/ 11533|CodeSize   60446|Addr 0x7f2f7b36f3a0|Timestamp 218172107283201|Src n/a
[engine] opt done   id=148   ProtosRootNode@59f0ec3d                            |Tier 2|Time    64(  15+49  )ms|AST    2|Inlined   0Y   0N|IR    815/   944|CodeSize    4429|Addr 0x7f2f7b389c00|Timestamp 218172191465189|Src n/a
[engine] opt done   id=149   ProtosRootNode@5a3165fa                            |Tier 2|Time  1772( 222+1550)ms|AST   20|Inlined   0Y   0N|IR  16123/ 43920|CodeSize  240015|Addr 0x7f2f7b3923c0|Timestamp 218173965079522|Src n/a
[engine] opt done   id=101   ProtosRootNode@6806a200                            |Tier 1|Time    36(   8+28  )ms|AST    2|Inlined   0Y   0N|IR    591/  1658|CodeSize    7561|Addr 0x7f2f7b3f3120|Timestamp 218174058076307|Src n/a
[engine] opt done   id=102   ProtosRootNode@411fd83d                            |Tier 1|Time   434(  66+368 )ms|AST    9|Inlined   0Y   0N|IR   5872/ 21232|CodeSize  105646|Addr 0x7f2f7b3fb1a0|Timestamp 218174493920500|Src n/a
[engine] opt done   id=99    ProtosRootNode@2daa1b68                            |Tier 1|Time    23(   9+14  )ms|AST    2|Inlined   0Y   0N|IR    888/  1275|CodeSize    5532|Addr 0x7f2f7b4247e0|Timestamp 218174517512106|Src n/a
[engine] opt done   id=100   ProtosRootNode@5bb44a72                            |Tier 1|Time   819(  89+730 )ms|AST   13|Inlined   0Y   0N|IR   9781/ 33027|CodeSize  172812|Addr 0x7f2f7b42b300|Timestamp 218175337370916|Src n/a
[engine] opt done   id=105   ProtosRootNode@7d62064a                            |Tier 1|Time    23(   6+17  )ms|AST    2|Inlined   0Y   0N|IR    888/  1275|CodeSize    5532|Addr 0x7f2f7b470be0|Timestamp 218175361693903|Src n/a
[engine] opt done   id=106   ProtosRootNode@6e10e9cf                            |Tier 1|Time   375(  57+317 )ms|AST    9|Inlined   0Y   0N|IR   5446/ 18623|CodeSize   95039|Addr 0x7f2f7b474a00|Timestamp 218175738741455|Src n/a
[engine] opt done   id=152   ProtosRootNode@7b851c16                            |Tier 1|Time    34(   6+28  )ms|AST    2|Inlined   0Y   0N|IR    888/  2671|CodeSize   13140|Addr 0x7f2f7b499ac0|Timestamp 218175802880250|Src n/a
[engine] opt failed id=153   ProtosRootNode@1afd4cf                             |Tier 1|Time  105(-218175804+218175909)ms|Reason: jdk.graal.compiler.truffle.GraphTooBigBailoutException: Graph too big to safely compile. Node count: 50290. Graph Size: 150037. Limit: 150000.|Timestamp 218175908718663|Src n/a
[engine] opt failed id=153   ProtosRootNode@1afd4cf                             |Tier 1|Time   64(-218175911+218175976)ms|Reason: jdk.graal.compiler.truffle.GraphTooBigBailoutException: Graph too big to safely compile. Node count: 50290. Graph Size: 150037. Limit: 150000.|Timestamp 218175977120261|Src n/a
[engine] opt done   id=140   ProtosRootNode@7a6e6cd0                            |Tier 1|Time    34(  16+18  )ms|AST    2|Inlined   0Y   0N|IR    888/  1275|CodeSize    5532|Addr 0x7f2f7b4a1ae0|Timestamp 218176029194957|Src n/a
[engine] opt done   id=141   ProtosRootNode@7beb2d5f                            |Tier 1|Time   267(  35+232 )ms|AST    7|Inlined   0Y   0N|IR   3601/ 12363|CodeSize   61474|Addr 0x7f2f7b4a5b00|Timestamp 218176297112613|Src n/a
[engine] opt done   id=241   ProtosRootNode@b2e3bfb                             |Tier 1|Time    57(  21+36  )ms|AST    2|Inlined   0Y   0N|IR    591/  1658|CodeSize    7561|Addr 0x7f2f7b4d5320|Timestamp 218176818172155|Src n/a
[engine] opt done   id=242   ProtosRootNode@5235e5ac                            |Tier 1|Time  1757( 154+1603)ms|AST   21|Inlined   0Y   0N|IR  15655/ 56247|CodeSize  287573|Addr 0x7f2f7b4dca40|Timestamp 218178576732518|Src n/a
[engine] opt done   id=237   ProtosRootNode@46bfe15b                            |Tier 1|Time    40(  12+28  )ms|AST    2|Inlined   0Y   0N|IR    888/  1275|CodeSize    5532|Addr 0x7f2f7b54e0e0|Timestamp 218178695839130|Src n/a
[engine] opt done   id=238   ProtosRootNode@348ad719                            |Tier 1|Time   585(  73+512 )ms|AST   11|Inlined   0Y   0N|IR   8632/ 29000|CodeSize  147709|Addr 0x7f2f7b554760|Timestamp 218179284196329|Src n/a
[engine] opt done   id=239   ProtosRootNode@5767b14b                            |Tier 1|Time    16(   5+11  )ms|AST    2|Inlined   0Y   0N|IR    888/  1275|CodeSize    5532|Addr 0x7f2f7b58f3e0|Timestamp 218179322376116|Src n/a
[engine] opt done   id=240   ProtosRootNode@1fbc2ee2                            |Tier 1|Time  1557( 133+1424)ms|AST   20|Inlined   0Y   0N|IR  16196/ 54617|CodeSize  284840|Addr 0x7f2f7b595a40|Timestamp 218180880751469|Src n/a
[engine] opt done   id=241   ProtosRootNode@b2e3bfb                             |Tier 2|Time    75(  11+64  )ms|AST    2|Inlined   0Y   0N|IR    518/  1448|CodeSize    7174|Addr 0x7f2f7b60c060|Timestamp 218181096672919|Src n/a
[engine] opt done   id=242   ProtosRootNode@5235e5ac                            |Tier 2|Time  2243( 163+2080)ms|AST   21|Inlined   0Y   0N|IR  15582/ 46140|CodeSize  253681|Addr 0x7f2f7b61a9c0|Timestamp 218183340698529|Src n/a
[engine] opt done   id=237   ProtosRootNode@46bfe15b                            |Tier 2|Time    23(   6+17  )ms|AST    2|Inlined   0Y   0N|IR    815/   944|CodeSize    4429|Addr 0x7f2f7b67fb80|Timestamp 218183497030508|Src n/a
[engine] opt done   id=238   ProtosRootNode@348ad719                            |Tier 2|Time   765(  82+683 )ms|AST   11|Inlined   0Y   0N|IR   8559/ 23429|CodeSize  125539|Addr 0x7f2f7b683520|Timestamp 218184262979340|Src n/a
[engine] opt done   id=239   ProtosRootNode@5767b14b                            |Tier 2|Time    47(  11+36  )ms|AST    2|Inlined   0Y   0N|IR    815/   944|CodeSize    4429|Addr 0x7f2f7b6b5500|Timestamp 218184329860357|Src n/a
[engine] opt done   id=240   ProtosRootNode@1fbc2ee2                            |Tier 2|Time  1856( 184+1673)ms|AST   20|Inlined   0Y   0N|IR  16123/ 43920|CodeSize  240015|Addr 0x7f2f7b6bdc40|Timestamp 218186187728229|Src n/a
[engine] opt done   id=243   ProtosRootNode@28c7d570                            |Tier 1|Time    27(   6+21  )ms|AST    2|Inlined   0Y   0N|IR    888/  2671|CodeSize   13140|Addr 0x7f2f7b71c040|Timestamp 218186257873707|Src n/a
[engine] opt failed id=244   ProtosRootNode@d75ac89                             |Tier 1|Time   64(-218186259+218186322)ms|Reason: jdk.graal.compiler.truffle.GraphTooBigBailoutException: Graph too big to safely compile. Node count: 50290. Graph Size: 150037. Limit: 150000.|Timestamp 218186322569912|Src n/a
[engine] opt failed id=244   ProtosRootNode@d75ac89                             |Tier 1|Time  107(-218186323+218186430)ms|Reason: jdk.graal.compiler.truffle.GraphTooBigBailoutException: Graph too big to safely compile. Node count: 50290. Graph Size: 150037. Limit: 150000.|Timestamp 218186430459157|Src n/a
[engine] opt done   id=231   ProtosRootNode@3d1a20d4                            |Tier 1|Time    26(   6+21  )ms|AST    2|Inlined   0Y   0N|IR    888/  1275|CodeSize    5532|Addr 0x7f2f7b721f60|Timestamp 218186458560177|Src n/a
[engine] opt done   id=232   ProtosRootNode@70f14ebd                            |Tier 1|Time   197(  45+153 )ms|AST    7|Inlined   0Y   0N|IR   3601/ 12363|CodeSize   61474|Addr 0x7f2f7b725c00|Timestamp 218186657040215|Src n/a
[engine] opt done   id=332   ProtosRootNode@4b92ea2c                            |Tier 1|Time    31(  10+21  )ms|AST    2|Inlined   0Y   0N|IR    591/  1658|CodeSize    7561|Addr 0x7f2f7b7437a0|Timestamp 218187028520483|Src n/a
[engine] opt done   id=333   ProtosRootNode@3f6ab76e                            |Tier 1|Time  1643( 139+1504)ms|AST   21|Inlined   0Y   0N|IR  15655/ 56247|CodeSize  287573|Addr 0x7f2f7b74a7c0|Timestamp 218188672131586|Src n/a
[engine] opt done   id=328   ProtosRootNode@7d8b0a30                            |Tier 1|Time    31(   9+22  )ms|AST    2|Inlined   0Y   0N|IR    888/  1275|CodeSize    5532|Addr 0x7f2f7b7baae0|Timestamp 218188708321621|Src n/a
[engine] opt done   id=329   ProtosRootNode@4c1138c7                            |Tier 1|Time   615(  69+545 )ms|AST   11|Inlined   0Y   0N|IR   8632/ 29000|CodeSize  147709|Addr 0x7f2f7b7c3260|Timestamp 218189367567259|Src n/a
[engine] opt done   id=330   ProtosRootNode@1b9d3db1                            |Tier 1|Time    25(   9+16  )ms|AST    2|Inlined   0Y   0N|IR    888/  1275|CodeSize    5532|Addr 0x7f2f7b7fdbe0|Timestamp 218189418942755|Src n/a
[engine] opt done   id=331   ProtosRootNode@66f78e66                            |Tier 1|Time  1427( 121+1306)ms|AST   20|Inlined   0Y   0N|IR  16196/ 54617|CodeSize  284840|Addr 0x7f2f7b8041c0|Timestamp 218190846227447|Src n/a
[engine] opt done   id=332   ProtosRootNode@4b92ea2c                            |Tier 2|Time    27(   5+23  )ms|AST    2|Inlined   0Y   0N|IR    518/  1448|CodeSize    7174|Addr 0x7f2f7b876d60|Timestamp 218190997398462|Src n/a
[engine] opt done   id=333   ProtosRootNode@3f6ab76e                            |Tier 2|Time  1638( 175+1463)ms|AST   21|Inlined   0Y   0N|IR  15582/ 46140|CodeSize  253681|Addr 0x7f2f7b880340|Timestamp 218192639426044|Src n/a
[engine] opt done   id=328   ProtosRootNode@7d8b0a30                            |Tier 2|Time    37(  16+21  )ms|AST    2|Inlined   0Y   0N|IR    815/   944|CodeSize    4429|Addr 0x7f2f7b8e3a00|Timestamp 218192740098844|Src n/a
[engine] opt done   id=329   ProtosRootNode@4c1138c7                            |Tier 2|Time   600(  56+544 )ms|AST   11|Inlined   0Y   0N|IR   8559/ 23429|CodeSize  125539|Addr 0x7f2f7b8e73a0|Timestamp 218193359076024|Src n/a
[engine] opt done   id=330   ProtosRootNode@1b9d3db1                            |Tier 2|Time    18(   5+14  )ms|AST    2|Inlined   0Y   0N|IR    815/   944|CodeSize    4429|Addr 0x7f2f7b919380|Timestamp 218193392112517|Src n/a
[engine] opt done   id=331   ProtosRootNode@66f78e66                            |Tier 2|Time  1268( 141+1127)ms|AST   20|Inlined   0Y   0N|IR  16123/ 43920|CodeSize  240015|Addr 0x7f2f7b91e2c0|Timestamp 218194660158769|Src n/a
[engine] opt done   id=334   ProtosRootNode@4822f3ea                            |Tier 1|Time    24(   5+19  )ms|AST    2|Inlined   0Y   0N|IR    888/  2671|CodeSize   13140|Addr 0x7f2f7b97c6c0|Timestamp 218194724227583|Src n/a
[engine] opt failed id=335   ProtosRootNode@47d07285                            |Tier 1|Time   60(-218194725+218194784)ms|Reason: jdk.graal.compiler.truffle.GraphTooBigBailoutException: Graph too big to safely compile. Node count: 50290. Graph Size: 150037. Limit: 150000.|Timestamp 218194784629575|Src n/a
[engine] opt failed id=335   ProtosRootNode@47d07285                            |Tier 1|Time   78(-218194787+218194865)ms|Reason: jdk.graal.compiler.truffle.GraphTooBigBailoutException: Graph too big to safely compile. Node count: 50290. Graph Size: 150037. Limit: 150000.|Timestamp 218194864613851|Src n/a
[engine] opt done   id=322   ProtosRootNode@6c3896be                            |Tier 1|Time    20(   5+14  )ms|AST    2|Inlined   0Y   0N|IR    888/  1275|CodeSize    5532|Addr 0x7f2f7b982660|Timestamp 218194885210805|Src n/a
[engine] opt done   id=323   ProtosRootNode@4368763d                            |Tier 1|Time   375(  54+320 )ms|AST    7|Inlined   0Y   0N|IR   3601/ 12363|CodeSize   61474|Addr 0x7f2f7b985a00|Timestamp 218195262242027|Src n/a
[engine] opt done   id=423   ProtosRootNode@f9191df                             |Tier 1|Time    27(   7+19  )ms|AST    2|Inlined   0Y   0N|IR    591/  1658|CodeSize    7561|Addr 0x7f2f7b9a1f20|Timestamp 218195670627281|Src n/a
[engine] opt done   id=424   ProtosRootNode@2aaa7903                            |Tier 1|Time  1301( 110+1191)ms|AST   21|Inlined   0Y   0N|IR  15655/ 56247|CodeSize  287573|Addr 0x7f2f7b9a8f40|Timestamp 218196972552236|Src n/a
[engine] opt done   id=419   ProtosRootNode@6f21d82c                            |Tier 1|Time    19(   5+13  )ms|AST    2|Inlined   0Y   0N|IR    888/  1275|CodeSize    5532|Addr 0x7f2f7ba19b60|Timestamp 218197041396924|Src n/a
[engine] opt done   id=420   ProtosRootNode@f428308                             |Tier 1|Time   539(  65+474 )ms|AST   11|Inlined   0Y   0N|IR   8632/ 29000|CodeSize  147709|Addr 0x7f2f7ba1e460|Timestamp 218197581135649|Src n/a
[engine] opt done   id=421   ProtosRootNode@792a14e4                            |Tier 1|Time    15(   5+10  )ms|AST    2|Inlined   0Y   0N|IR    888/  1275|CodeSize    5532|Addr 0x7f2f7ba58de0|Timestamp 218197613453592|Src n/a
[engine] opt done   id=422   ProtosRootNode@7875433                             |Tier 1|Time  1240( 107+1132)ms|AST   20|Inlined   0Y   0N|IR  16196/ 54617|CodeSize  284840|Addr 0x7f2f7ba5f0c0|Timestamp 218198853575204|Src n/a
[engine] opt done   id=423   ProtosRootNode@f9191df                             |Tier 2|Time    21(   4+17  )ms|AST    2|Inlined   0Y   0N|IR    518/  1448|CodeSize    7174|Addr 0x7f2f7bacfce0|Timestamp 218198963448360|Src n/a
[engine] opt done   id=424   ProtosRootNode@2aaa7903                            |Tier 2|Time  1266( 114+1152)ms|AST   21|Inlined   0Y   0N|IR  15582/ 46140|CodeSize  253681|Addr 0x7f2f7bad6a40|Timestamp 218200230027571|Src n/a
[engine] opt done   id=419   ProtosRootNode@6f21d82c                            |Tier 2|Time    20(   4+15  )ms|AST    2|Inlined   0Y   0N|IR    815/   944|CodeSize    4429|Addr 0x7f2f7bb3a880|Timestamp 218200338255996|Src n/a
[engine] opt done   id=420   ProtosRootNode@f428308                             |Tier 2|Time   945( 108+837 )ms|AST   11|Inlined   0Y   0N|IR   8559/ 23429|CodeSize  125539|Addr 0x7f2f7bb3eba0|Timestamp 218201287184206|Src n/a
[engine] opt done   id=421   ProtosRootNode@792a14e4                            |Tier 2|Time    44(   8+36  )ms|AST    2|Inlined   0Y   0N|IR    815/   944|CodeSize    4429|Addr 0x7f2f7bb71000|Timestamp 218201337906061|Src n/a
[engine] opt done   id=422   ProtosRootNode@7875433                             |Tier 2|Time  2210( 238+1972)ms|AST   20|Inlined   0Y   0N|IR  16123/ 43920|CodeSize  240015|Addr 0x7f2f7bb779c0|Timestamp 218203551035450|Src n/a
[engine] opt done   id=425   ProtosRootNode@31a8a566                            |Tier 1|Time    29(   6+24  )ms|AST    2|Inlined   0Y   0N|IR    888/  2671|CodeSize   13140|Addr 0x7f2f7bbd64c0|Timestamp 218203637365020|Src n/a
[engine] opt failed id=426   ProtosRootNode@28b8fb6d                            |Tier 1|Time   59(-218203638+218203697)ms|Reason: jdk.graal.compiler.truffle.GraphTooBigBailoutException: Graph too big to safely compile. Node count: 50290. Graph Size: 150037. Limit: 150000.|Timestamp 218203697310271|Src n/a
[engine] opt failed id=426   ProtosRootNode@28b8fb6d                            |Tier 1|Time   53(-218203704+218203757)ms|Reason: jdk.graal.compiler.truffle.GraphTooBigBailoutException: Graph too big to safely compile. Node count: 50290. Graph Size: 150037. Limit: 150000.|Timestamp 218203757500523|Src n/a
[engine] opt done   id=413   ProtosRootNode@a9a719a                             |Tier 1|Time    16(   5+11  )ms|AST    2|Inlined   0Y   0N|IR    888/  1275|CodeSize    5532|Addr 0x7f2f7bbdc0e0|Timestamp 218203778644748|Src n/a
[engine] opt done   id=414   ProtosRootNode@15c7885e                            |Tier 1|Time   171(  20+151 )ms|AST    7|Inlined   0Y   0N|IR   3601/ 12363|CodeSize   61474|Addr 0x7f2f7bbdf480|Timestamp 218203949822877|Src n/a
[engine] opt done   id=514   ProtosRootNode@798d37c9                            |Tier 1|Time    38(  13+26  )ms|AST    2|Inlined   0Y   0N|IR    591/  1658|CodeSize    7561|Addr 0x7f2f7bbfad20|Timestamp 218204224941658|Src n/a
[engine] opt done   id=515   ProtosRootNode@99d4614                             |Tier 1|Time  2259( 334+1925)ms|AST   21|Inlined   0Y   0N|IR  15655/ 56247|CodeSize  287573|Addr 0x7f2f7bc03c40|Timestamp 218206485463840|Src n/a
[engine] opt done   id=510   ProtosRootNode@2ccb80ee                            |Tier 1|Time    28(   9+19  )ms|AST    2|Inlined   0Y   0N|IR    888/  1275|CodeSize    5532|Addr 0x7f2f7bc742e0|Timestamp 218206516691722|Src n/a
[engine] opt done   id=511   ProtosRootNode@46bf1c5b                            |Tier 1|Time   625(  60+565 )ms|AST   11|Inlined   0Y   0N|IR   8632/ 29000|CodeSize  147709|Addr 0x7f2f7bc788e0|Timestamp 218207170397816|Src n/a
[engine] opt done   id=512   ProtosRootNode@7627c4d8                            |Tier 1|Time    17(   7+10  )ms|AST    2|Inlined   0Y   0N|IR    888/  1275|CodeSize    5532|Addr 0x7f2f7bcb3260|Timestamp 218207206732551|Src n/a
[engine] opt done   id=513   ProtosRootNode@1a2370e3                            |Tier 1|Time  1539( 111+1428)ms|AST   20|Inlined   0Y   0N|IR  16196/ 54617|CodeSize  284840|Addr 0x7f2f7bcb9a40|Timestamp 218208746484482|Src n/a
[engine] opt done   id=514   ProtosRootNode@798d37c9                            |Tier 2|Time    33(   4+29  )ms|AST    2|Inlined   0Y   0N|IR    518/  1448|CodeSize    7174|Addr 0x7f2f7bd2a960|Timestamp 218208834427943|Src n/a
[engine] opt done   id=515   ProtosRootNode@99d4614                             |Tier 2|Time  1525( 127+1398)ms|AST   21|Inlined   0Y   0N|IR  15582/ 46140|CodeSize  253681|Addr 0x7f2f7bd312c0|Timestamp 218210361903655|Src n/a
[engine] opt done   id=510   ProtosRootNode@2ccb80ee                            |Tier 2|Time    18(   4+13  )ms|AST    2|Inlined   0Y   0N|IR    815/   944|CodeSize    4429|Addr 0x7f2f7bd94600|Timestamp 218210447416865|Src n/a
[engine] opt done   id=511   ProtosRootNode@46bf1c5b                            |Tier 2|Time   564(  51+513 )ms|AST   11|Inlined   0Y   0N|IR   8559/ 23429|CodeSize  125539|Addr 0x7f2f7bd97fa0|Timestamp 218211011896907|Src n/a
[engine] opt done   id=512   ProtosRootNode@7627c4d8                            |Tier 2|Time    20(   5+15  )ms|AST    2|Inlined   0Y   0N|IR    815/   944|CodeSize    4429|Addr 0x7f2f7bdc9f80|Timestamp 218211052258205|Src n/a
[engine] opt done   id=513   ProtosRootNode@1a2370e3                            |Tier 2|Time  1638( 200+1439)ms|AST   20|Inlined   0Y   0N|IR  16123/ 43920|CodeSize  240015|Addr 0x7f2f7bdcf240|Timestamp 218212691161744|Src n/a
[engine] opt done   id=516   ProtosRootNode@34f9b852                            |Tier 1|Time    40(   9+31  )ms|AST    2|Inlined   0Y   0N|IR    888/  2671|CodeSize   13140|Addr 0x7f2f7be2da40|Timestamp 218212795250247|Src n/a
[engine] opt failed id=517   ProtosRootNode@7d66666c                            |Tier 1|Time   87(-218212796+218212883)ms|Reason: jdk.graal.compiler.truffle.GraphTooBigBailoutException: Graph too big to safely compile. Node count: 50290. Graph Size: 150037. Limit: 150000.|Timestamp 218212882932318|Src n/a
[engine] opt failed id=517   ProtosRootNode@7d66666c                            |Tier 1|Time  203(-218212883+218213086)ms|Reason: jdk.graal.compiler.truffle.GraphTooBigBailoutException: Graph too big to safely compile. Node count: 50290. Graph Size: 150037. Limit: 150000.|Timestamp 218213086267709|Src n/a
[engine] opt done   id=504   ProtosRootNode@61f71521                            |Tier 1|Time    20(   6+14  )ms|AST    2|Inlined   0Y   0N|IR    888/  1275|CodeSize    5532|Addr 0x7f2f7be345e0|Timestamp 218213106865363|Src n/a
[engine] opt done   id=505   ProtosRootNode@133118c8                            |Tier 1|Time   192(  26+166 )ms|AST    7|Inlined   0Y   0N|IR   3601/ 12363|CodeSize   61474|Addr 0x7f2f7be37980|Timestamp 218213299836008|Src n/a
[engine] opt done   id=605   ProtosRootNode@16a3af08                            |Tier 1|Time    28(  12+15  )ms|AST    2|Inlined   0Y   0N|IR    591/  1658|CodeSize    7561|Addr 0x7f2f7be51ba0|Timestamp 218213589125239|Src n/a
[engine] opt done   id=606   ProtosRootNode@5b8333f8                            |Tier 1|Time  1248( 134+1114)ms|AST   21|Inlined   0Y   0N|IR  15655/ 56247|CodeSize  287573|Addr 0x7f2f7be594c0|Timestamp 218214849485935|Src n/a
[engine] opt done   id=601   ProtosRootNode@4e3f1b5f                            |Tier 1|Time    37(  13+24  )ms|AST    2|Inlined   0Y   0N|IR    888/  1275|CodeSize    5532|Addr 0x7f2f7bec97e0|Timestamp 218214889402853|Src n/a
[engine] opt done   id=602   ProtosRootNode@61223097                            |Tier 1|Time   510(  67+443 )ms|AST   11|Inlined   0Y   0N|IR   8632/ 29000|CodeSize  147709|Addr 0x7f2f7becfb60|Timestamp 218215435022672|Src n/a
[engine] opt done   id=603   ProtosRootNode@43e76ae0                            |Tier 1|Time    17(   6+11  )ms|AST    2|Inlined   0Y   0N|IR    888/  1275|CodeSize    5532|Addr 0x7f2f7bf0a8e0|Timestamp 218215468299145|Src n/a
[engine] opt done   id=604   ProtosRootNode@b6175e2                             |Tier 1|Time  1266( 111+1154)ms|AST   20|Inlined   0Y   0N|IR  16196/ 54617|CodeSize  284840|Addr 0x7f2f7bf10bc0|Timestamp 218216734252086|Src n/a
[engine] opt done   id=605   ProtosRootNode@16a3af08                            |Tier 2|Time    41(   4+37  )ms|AST    2|Inlined   0Y   0N|IR    518/  1448|CodeSize    7174|Addr 0x7f2f7bf817e0|Timestamp 218216822493717|Src n/a
[engine] opt done   id=606   ProtosRootNode@5b8333f8                            |Tier 2|Time  1192( 101+1092)ms|AST   21|Inlined   0Y   0N|IR  15582/ 46140|CodeSize  253681|Addr 0x7f2f7bf87e40|Timestamp 218218015289846|Src n/a
[engine] opt done   id=601   ProtosRootNode@4e3f1b5f                            |Tier 2|Time    18(   4+13  )ms|AST    2|Inlined   0Y   0N|IR    815/   944|CodeSize    4429|Addr 0x7f2f7bfeb180|Timestamp 218218099060784|Src n/a
[engine] opt done   id=602   ProtosRootNode@61223097                            |Tier 2|Time   571(  49+522 )ms|AST   11|Inlined   0Y   0N|IR   8559/ 23429|CodeSize  125539|Addr 0x7f2f7bfeeb20|Timestamp 218218670307362|Src n/a
[engine] opt done   id=603   ProtosRootNode@43e76ae0                            |Tier 2|Time    18(   4+13  )ms|AST    2|Inlined   0Y   0N|IR    815/   944|CodeSize    4429|Addr 0x7f2f7c020b00|Timestamp 218218701622313|Src n/a
[engine] opt done   id=604   ProtosRootNode@b6175e2                             |Tier 2|Time  1209( 105+1104)ms|AST   20|Inlined   0Y   0N|IR  16123/ 43920|CodeSize  240015|Addr 0x7f2f7c025a40|Timestamp 218219910924974|Src n/a
[engine] opt done   id=607   ProtosRootNode@1c9738c0                            |Tier 1|Time    24(   4+19  )ms|AST    2|Inlined   0Y   0N|IR    888/  2671|CodeSize   13140|Addr 0x7f2f7c084540|Timestamp 218220004211679|Src n/a
[engine] opt failed id=608   ProtosRootNode@7a255ab0                            |Tier 1|Time   48(-218220005+218220052)ms|Reason: jdk.graal.compiler.truffle.GraphTooBigBailoutException: Graph too big to safely compile. Node count: 50290. Graph Size: 150037. Limit: 150000.|Timestamp 218220052273803|Src n/a
[engine] opt failed id=608   ProtosRootNode@7a255ab0                            |Tier 1|Time   46(-218220058+218220105)ms|Reason: jdk.graal.compiler.truffle.GraphTooBigBailoutException: Graph too big to safely compile. Node count: 50290. Graph Size: 150037. Limit: 150000.|Timestamp 218220104736319|Src n/a
[engine] opt done   id=595   ProtosRootNode@6bd70773                            |Tier 1|Time    14(   5+9   )ms|AST    2|Inlined   0Y   0N|IR    888/  1275|CodeSize    5532|Addr 0x7f2f7c08a160|Timestamp 218220123769252|Src n/a
[engine] opt done   id=596   ProtosRootNode@294c68af                            |Tier 1|Time   161(  39+122 )ms|AST    7|Inlined   0Y   0N|IR   3601/ 12363|CodeSize   61474|Addr 0x7f2f7c08ea80|Timestamp 218220287119776|Src n/a
[engine] opt done   id=696   ProtosRootNode@17eb2098                            |Tier 1|Time    15(   4+12  )ms|AST    2|Inlined   0Y   0N|IR    591/  1658|CodeSize    7561|Addr 0x7f2f7c0a7a20|Timestamp 218220484887183|Src n/a
[engine] opt done   id=697   ProtosRootNode@396803f3                            |Tier 1|Time  1131( 123+1008)ms|AST   21|Inlined   0Y   0N|IR  15655/ 56247|CodeSize  287573|Addr 0x7f2f7c0aea40|Timestamp 218221616704980|Src n/a
[engine] opt done   id=692   ProtosRootNode@5ba2d86                             |Tier 1|Time    29(   9+21  )ms|AST    2|Inlined   0Y   0N|IR    888/  1275|CodeSize    5532|Addr 0x7f2f7c11f060|Timestamp 218221651452155|Src n/a
[engine] opt done   id=693   ProtosRootNode@394326c3                            |Tier 1|Time   491(  54+437 )ms|AST   11|Inlined   0Y   0N|IR   8632/ 29000|CodeSize  147709|Addr 0x7f2f7c125ee0|Timestamp 218222176431809|Src n/a
[engine] opt done   id=694   ProtosRootNode@4c2ee915                            |Tier 1|Time    21(   5+16  )ms|AST    2|Inlined   0Y   0N|IR    888/  1275|CodeSize    5532|Addr 0x7f2f7c160860|Timestamp 218222199139305|Src n/a
[engine] opt done   id=695   ProtosRootNode@37e4e99a                            |Tier 1|Time  1186( 102+1084)ms|AST   20|Inlined   0Y   0N|IR  16196/ 54617|CodeSize  284840|Addr 0x7f2f7c166e40|Timestamp 218223385282420|Src n/a
[engine] opt done   id=696   ProtosRootNode@17eb2098                            |Tier 2|Time    20(   4+17  )ms|AST    2|Inlined   0Y   0N|IR    518/  1448|CodeSize    7174|Addr 0x7f2f7c1d8260|Timestamp 218223508531866|Src n/a
[engine] opt done   id=697   ProtosRootNode@396803f3                            |Tier 2|Time  1276( 112+1164)ms|AST   21|Inlined   0Y   0N|IR  15582/ 46140|CodeSize  253681|Addr 0x7f2f7c1de8c0|Timestamp 218224785125713|Src n/a
[engine] opt done   id=692   ProtosRootNode@5ba2d86                             |Tier 2|Time    18(   4+14  )ms|AST    2|Inlined   0Y   0N|IR    815/   944|CodeSize    4429|Addr 0x7f2f7c241c00|Timestamp 218224851874740|Src n/a
[engine] opt done   id=693   ProtosRootNode@394326c3                            |Tier 2|Time   521(  47+474 )ms|AST   11|Inlined   0Y   0N|IR   8559/ 23429|CodeSize  125539|Addr 0x7f2f7c2458a0|Timestamp 218225389065813|Src n/a
[engine] opt done   id=694   ProtosRootNode@4c2ee915                            |Tier 2|Time    18(   5+13  )ms|AST    2|Inlined   0Y   0N|IR    815/   944|CodeSize    4429|Addr 0x7f2f7c277880|Timestamp 218225422816597|Src n/a
[engine] opt done   id=695   ProtosRootNode@37e4e99a                            |Tier 2|Time  1210( 110+1100)ms|AST   20|Inlined   0Y   0N|IR  16123/ 43920|CodeSize  240015|Addr 0x7f2f7c27d340|Timestamp 218226633764459|Src n/a
[engine] opt done   id=698   ProtosRootNode@181a32a                             |Tier 1|Time    23(   5+18  )ms|AST    2|Inlined   0Y   0N|IR    888/  2671|CodeSize   13140|Addr 0x7f2f7c2db740|Timestamp 218226695465802|Src n/a
[engine] opt failed id=699   ProtosRootNode@62783b1                             |Tier 1|Time   58(-218226696+218226754)ms|Reason: jdk.graal.compiler.truffle.GraphTooBigBailoutException: Graph too big to safely compile. Node count: 50290. Graph Size: 150037. Limit: 150000.|Timestamp 218226754106113|Src n/a
[engine] opt failed id=699   ProtosRootNode@62783b1                             |Tier 1|Time   70(-218226754+218226824)ms|Reason: jdk.graal.compiler.truffle.GraphTooBigBailoutException: Graph too big to safely compile. Node count: 50290. Graph Size: 150037. Limit: 150000.|Timestamp 218226824531281|Src n/a
[engine] opt done   id=686   ProtosRootNode@1b9a6a24                            |Tier 1|Time    16(   5+10  )ms|AST    2|Inlined   0Y   0N|IR    888/  1275|CodeSize    5532|Addr 0x7f2f7c2e2360|Timestamp 218226842849074|Src n/a
[engine] opt done   id=687   ProtosRootNode@325cfc19                            |Tier 1|Time   145(  21+124 )ms|AST    7|Inlined   0Y   0N|IR   3601/ 12363|CodeSize   61474|Addr 0x7f2f7c2e7800|Timestamp 218226990034686|Src n/a
[engine] opt done   id=787   ProtosRootNode@2fa057a                             |Tier 1|Time    15(   4+11  )ms|AST    2|Inlined   0Y   0N|IR    591/  1658|CodeSize    7561|Addr 0x7f2f7c3013a0|Timestamp 218227209029319|Src n/a
[engine] opt done   id=788   ProtosRootNode@59fa0771                            |Tier 1|Time  1135(  97+1038)ms|AST   21|Inlined   0Y   0N|IR  15655/ 56247|CodeSize  287573|Addr 0x7f2f7c3083c0|Timestamp 218228344534988|Src n/a
[engine] opt done   id=783   ProtosRootNode@595046d3                            |Tier 1|Time    15(   5+9   )ms|AST    2|Inlined   0Y   0N|IR    888/  1275|CodeSize    5532|Addr 0x7f2f7c3786e0|Timestamp 218228361578240|Src n/a
[engine] opt done   id=784   ProtosRootNode@7c4c5a26                            |Tier 1|Time   459(  52+406 )ms|AST   11|Inlined   0Y   0N|IR   8632/ 29000|CodeSize  147709|Addr 0x7f2f7c37cce0|Timestamp 218228837736551|Src n/a
[engine] opt done   id=785   ProtosRootNode@3d0768a8                            |Tier 1|Time    15(   4+10  )ms|AST    2|Inlined   0Y   0N|IR    888/  1275|CodeSize    5532|Addr 0x7f2f7c3b7660|Timestamp 218228875175087|Src n/a
[engine] opt done   id=786   ProtosRootNode@2ec37ceb                            |Tier 1|Time  1134( 101+1032)ms|AST   20|Inlined   0Y   0N|IR  16196/ 54617|CodeSize  284840|Addr 0x7f2f7c3bdc40|Timestamp 218230009967286|Src n/a
[engine] opt done   id=787   ProtosRootNode@2fa057a                             |Tier 2|Time    76(   7+69  )ms|AST    2|Inlined   0Y   0N|IR    518/  1448|CodeSize    7174|Addr 0x7f2f7c430ee0|Timestamp 218230136653844|Src n/a
[engine] opt done   id=788   ProtosRootNode@59fa0771                            |Tier 2|Time  1197(  94+1103)ms|AST   21|Inlined   0Y   0N|IR  15582/ 46140|CodeSize  253681|Addr 0x7f2f7c437540|Timestamp 218231334384687|Src n/a
[engine] opt done   id=783   ProtosRootNode@595046d3                            |Tier 2|Time    24(   6+19  )ms|AST    2|Inlined   0Y   0N|IR    815/   944|CodeSize    4429|Addr 0x7f2f7c49d100|Timestamp 218231473792814|Src n/a
[engine] opt done   id=784   ProtosRootNode@7c4c5a26                            |Tier 2|Time   586(  52+534 )ms|AST   11|Inlined   0Y   0N|IR   8559/ 23429|CodeSize  125539|Addr 0x7f2f7c4a0aa0|Timestamp 218232060694892|Src n/a
[engine] opt done   id=785   ProtosRootNode@3d0768a8                            |Tier 2|Time    19(   4+14  )ms|AST    2|Inlined   0Y   0N|IR    815/   944|CodeSize    4429|Addr 0x7f2f7c4d2a80|Timestamp 218232083928718|Src n/a
[engine] opt done   id=786   ProtosRootNode@2ec37ceb                            |Tier 2|Time  1285( 134+1151)ms|AST   20|Inlined   0Y   0N|IR  16123/ 43920|CodeSize  240015|Addr 0x7f2f7c4d79c0|Timestamp 218233369134302|Src n/a
[engine] opt done   id=789   ProtosRootNode@64dba59a                            |Tier 1|Time    24(   5+19  )ms|AST    2|Inlined   0Y   0N|IR    888/  2671|CodeSize   13140|Addr 0x7f2f7c535dc0|Timestamp 218233435604928|Src n/a
[engine] opt failed id=790   ProtosRootNode@3a27deda                            |Tier 1|Time   47(-218233436+218233484)ms|Reason: jdk.graal.compiler.truffle.GraphTooBigBailoutException: Graph too big to safely compile. Node count: 50290. Graph Size: 150037. Limit: 150000.|Timestamp 218233485442373|Src n/a
[engine] opt failed id=790   ProtosRootNode@3a27deda                            |Tier 1|Time   49(-218233495+218233544)ms|Reason: jdk.graal.compiler.truffle.GraphTooBigBailoutException: Graph too big to safely compile. Node count: 50290. Graph Size: 150037. Limit: 150000.|Timestamp 218233544038944|Src n/a
[engine] opt done   id=777   ProtosRootNode@61846071                            |Tier 1|Time    15(   4+10  )ms|AST    2|Inlined   0Y   0N|IR    888/  1275|CodeSize    5532|Addr 0x7f2f7c53d3e0|Timestamp 218233563720347|Src n/a
[engine] opt done   id=778   ProtosRootNode@2333e90b                            |Tier 1|Time   149(  19+129 )ms|AST    7|Inlined   0Y   0N|IR   3601/ 12363|CodeSize   61474|Addr 0x7f2f7c540780|Timestamp 218233713453942|Src n/a
[engine] opt done   id=878   ProtosRootNode@77c65cb5                            |Tier 1|Time    28(  11+17  )ms|AST    2|Inlined   0Y   0N|IR    591/  1658|CodeSize    7561|Addr 0x7f2f7c55a7a0|Timestamp 218233934390515|Src n/a
[engine] opt done   id=879   ProtosRootNode@6d426732                            |Tier 1|Time  1257( 128+1129)ms|AST   21|Inlined   0Y   0N|IR  15655/ 56247|CodeSize  287573|Addr 0x7f2f7c5617c0|Timestamp 218235191843630|Src n/a
[engine] opt done   id=874   ProtosRootNode@29a4c449                            |Tier 1|Time    15(   4+10  )ms|AST    2|Inlined   0Y   0N|IR    888/  1275|CodeSize    5532|Addr 0x7f2f7c5d1ae0|Timestamp 218235258050126|Src n/a
[engine] opt done   id=875   ProtosRootNode@1d0275e6                            |Tier 1|Time   513(  53+460 )ms|AST   11|Inlined   0Y   0N|IR   8632/ 29000|CodeSize  147709|Addr 0x7f2f7c5d60e0|Timestamp 218235771482383|Src n/a
[engine] opt done   id=876   ProtosRootNode@42257118                            |Tier 1|Time    16(   5+11  )ms|AST    2|Inlined   0Y   0N|IR    888/  1275|CodeSize    5532|Addr 0x7f2f7c610a60|Timestamp 218235804609456|Src n/a
[engine] opt done   id=877   ProtosRootNode@75baf8cd                            |Tier 1|Time  1224( 112+1112)ms|AST   20|Inlined   0Y   0N|IR  16196/ 54617|CodeSize  284840|Addr 0x7f2f7c616d40|Timestamp 218237029230347|Src n/a
[engine] opt done   id=878   ProtosRootNode@77c65cb5                            |Tier 2|Time    20(   4+17  )ms|AST    2|Inlined   0Y   0N|IR    518/  1448|CodeSize    7174|Addr 0x7f2f7c687960|Timestamp 218237140029884|Src n/a
[engine] opt done   id=879   ProtosRootNode@6d426732                            |Tier 2|Time  1393( 103+1291)ms|AST   21|Inlined   0Y   0N|IR  15582/ 46140|CodeSize  253681|Addr 0x7f2f7c68dfc0|Timestamp 218238533586003|Src n/a
[engine] opt done   id=874   ProtosRootNode@29a4c449                            |Tier 2|Time    20(   6+14  )ms|AST    2|Inlined   0Y   0N|IR    815/   944|CodeSize    4429|Addr 0x7f2f7c6f1300|Timestamp 218238624872487|Src n/a
[engine] opt done   id=875   ProtosRootNode@1d0275e6                            |Tier 2|Time   569(  51+519 )ms|AST   11|Inlined   0Y   0N|IR   8559/ 23429|CodeSize  125539|Addr 0x7f2f7c6f4fa0|Timestamp 218239194840983|Src n/a
[engine] opt done   id=876   ProtosRootNode@42257118                            |Tier 2|Time    18(   4+14  )ms|AST    2|Inlined   0Y   0N|IR    815/   944|CodeSize    4429|Addr 0x7f2f7c726f80|Timestamp 218239217319199|Src n/a
[engine] opt done   id=877   ProtosRootNode@75baf8cd                            |Tier 2|Time  1282( 133+1149)ms|AST   20|Inlined   0Y   0N|IR  16123/ 43920|CodeSize  240015|Addr 0x7f2f7c72bec0|Timestamp 218240499859661|Src n/a
[engine] opt done   id=880   ProtosRootNode@1d1b822d                            |Tier 1|Time    23(   5+19  )ms|AST    2|Inlined   0Y   0N|IR    888/  2671|CodeSize   13140|Addr 0x7f2f7c78a2c0|Timestamp 218240565832506|Src n/a
[engine] opt failed id=881   ProtosRootNode@481ceaba                            |Tier 1|Time   49(-218240566+218240615)ms|Reason: jdk.graal.compiler.truffle.GraphTooBigBailoutException: Graph too big to safely compile. Node count: 50290. Graph Size: 150037. Limit: 150000.|Timestamp 218240615193581|Src n/a
[engine] opt failed id=881   ProtosRootNode@481ceaba                            |Tier 1|Time   59(-218240623+218240681)ms|Reason: jdk.graal.compiler.truffle.GraphTooBigBailoutException: Graph too big to safely compile. Node count: 50290. Graph Size: 150037. Limit: 150000.|Timestamp 218240681487247|Src n/a
[engine] opt done   id=868   ProtosRootNode@66f273b3                            |Tier 1|Time    15(   5+10  )ms|AST    2|Inlined   0Y   0N|IR    888/  1275|CodeSize    5532|Addr 0x7f2f7c790260|Timestamp 218240700614740|Src n/a
[engine] opt done   id=869   ProtosRootNode@756a82b8                            |Tier 1|Time   151(  20+130 )ms|AST    7|Inlined   0Y   0N|IR   3601/ 12363|CodeSize   61474|Addr 0x7f2f7c793600|Timestamp 218240851513195|Src n/a
[engine] opt done   id=969   ProtosRootNode@7cc9e712                            |Tier 1|Time    27(   8+19  )ms|AST    2|Inlined   0Y   0N|IR    591/  1658|CodeSize    7561|Addr 0x7f2f7c7adca0|Timestamp 218241071724908|Src n/a
[engine] opt done   id=970   ProtosRootNode@224b0ba9                            |Tier 1|Time  1313( 119+1195)ms|AST   21|Inlined   0Y   0N|IR  15655/ 56247|CodeSize  287573|Addr 0x7f2f7c7b4cc0|Timestamp 218242385554192|Src n/a
[engine] opt done   id=965   ProtosRootNode@6bfe28c2                            |Tier 1|Time    15(   4+11  )ms|AST    2|Inlined   0Y   0N|IR    888/  1275|CodeSize    5532|Addr 0x7f2f7c824fe0|Timestamp 218242449265326|Src n/a
[engine] opt done   id=966   ProtosRootNode@7ab3152d                            |Tier 1|Time   553(  50+503 )ms|AST   11|Inlined   0Y   0N|IR   8632/ 29000|CodeSize  147709|Addr 0x7f2f7c8295e0|Timestamp 218243002449541|Src n/a
[engine] opt done   id=967   ProtosRootNode@1aa8830e                            |Tier 1|Time    16(   6+10  )ms|AST    2|Inlined   0Y   0N|IR    888/  1275|CodeSize    5532|Addr 0x7f2f7c863f60|Timestamp 218243036958255|Src n/a
[engine] opt done   id=968   ProtosRootNode@568d74f7                            |Tier 1|Time  1249( 111+1137)ms|AST   20|Inlined   0Y   0N|IR  16196/ 54617|CodeSize  284840|Addr 0x7f2f7c86a240|Timestamp 218244285897733|Src n/a
[engine] opt done   id=969   ProtosRootNode@7cc9e712                            |Tier 2|Time    26(   4+22  )ms|AST    2|Inlined   0Y   0N|IR    518/  1448|CodeSize    7174|Addr 0x7f2f7c8db660|Timestamp 218244411812321|Src n/a
[engine] opt done   id=970   ProtosRootNode@224b0ba9                            |Tier 2|Time  1330( 121+1209)ms|AST   21|Inlined   0Y   0N|IR  15582/ 46140|CodeSize  253681|Addr 0x7f2f7c8e2040|Timestamp 218245742812376|Src n/a
[engine] opt done   id=965   ProtosRootNode@6bfe28c2                            |Tier 2|Time    18(   5+13  )ms|AST    2|Inlined   0Y   0N|IR    815/   944|CodeSize    4429|Addr 0x7f2f7c945700|Timestamp 218245822177462|Src n/a
[engine] opt done   id=966   ProtosRootNode@7ab3152d                            |Tier 2|Time   557(  51+506 )ms|AST   11|Inlined   0Y   0N|IR   8559/ 23429|CodeSize  125539|Addr 0x7f2f7c9490a0|Timestamp 218246379792179|Src n/a
[engine] opt done   id=967   ProtosRootNode@1aa8830e                            |Tier 2|Time    21(   4+17  )ms|AST    2|Inlined   0Y   0N|IR    815/   944|CodeSize    4429|Addr 0x7f2f7c97b080|Timestamp 218246404505637|Src n/a
[engine] opt done   id=968   ProtosRootNode@568d74f7                            |Tier 2|Time  1225( 113+1112)ms|AST   20|Inlined   0Y   0N|IR  16123/ 43920|CodeSize  240015|Addr 0x7f2f7c97ffc0|Timestamp 218247630137449|Src n/a
[engine] opt done   id=971   ProtosRootNode@46bd96f6                            |Tier 1|Time    24(   5+19  )ms|AST    2|Inlined   0Y   0N|IR    888/  2671|CodeSize   13140|Addr 0x7f2f7c9de3c0|Timestamp 218247692892182|Src n/a
[engine] opt failed id=972   ProtosRootNode@743f2c5f                            |Tier 1|Time   47(-218247693+218247740)ms|Reason: jdk.graal.compiler.truffle.GraphTooBigBailoutException: Graph too big to safely compile. Node count: 50290. Graph Size: 150037. Limit: 150000.|Timestamp 218247740500996|Src n/a
[engine] opt failed id=972   ProtosRootNode@743f2c5f                            |Tier 1|Time   48(-218247750+218247797)ms|Reason: jdk.graal.compiler.truffle.GraphTooBigBailoutException: Graph too big to safely compile. Node count: 50290. Graph Size: 150037. Limit: 150000.|Timestamp 218247797403735|Src n/a
[engine] opt done   id=959   ProtosRootNode@1f0a77e0                            |Tier 1|Time    25(   8+17  )ms|AST    2|Inlined   0Y   0N|IR    888/  1275|CodeSize    5532|Addr 0x7f2f7c9e4860|Timestamp 218247824545114|Src n/a
[engine] opt done   id=960   ProtosRootNode@44c33eb4                            |Tier 1|Time   152(  21+131 )ms|AST    7|Inlined   0Y   0N|IR   3601/ 12363|CodeSize   61474|Addr 0x7f2f7c9e7c00|Timestamp 218247976522760|Src n/a
[engine] opt done   id=101   ProtosRootNode@6806a200                            |Tier 2|Time    20(   3+17  )ms|AST    2|Inlined   0Y   0N|IR    518/  1448|CodeSize    7174|Addr 0x7f2f7ca00460|Timestamp 218248167381972|Src n/a
[engine] opt done   id=102   ProtosRootNode@411fd83d                            |Tier 2|Time   362(  38+324 )ms|AST    9|Inlined   0Y   0N|IR   5804/ 17650|CodeSize   96882|Addr 0x7f2f7ca04b80|Timestamp 218248529950364|Src n/a
[engine] opt done   id=99    ProtosRootNode@2daa1b68                            |Tier 2|Time    21(   4+16  )ms|AST    2|Inlined   0Y   0N|IR    815/   944|CodeSize    4429|Addr 0x7f2f7ca2aa00|Timestamp 218248553273611|Src n/a
[engine] opt done   id=100   ProtosRootNode@5bb44a72                            |Tier 2|Time   625(  62+563 )ms|AST   13|Inlined   0Y   0N|IR   9713/ 26827|CodeSize  148582|Addr 0x7f2f7ca2e860|Timestamp 218249178682156|Src n/a
[engine] opt done   id=105   ProtosRootNode@7d62064a                            |Tier 2|Time    18(   5+13  )ms|AST    2|Inlined   0Y   0N|IR    815/   944|CodeSize    4429|Addr 0x7f2f7ca69500|Timestamp 218249212217929|Src n/a
[engine] opt done   id=106   ProtosRootNode@6e10e9cf                            |Tier 2|Time   321(  31+289 )ms|AST    9|Inlined   0Y   0N|IR   5374/ 15131|CodeSize   80771|Addr 0x7f2f7ca6c540|Timestamp 218249533217972|Src n/a
[engine] opt done   id=1060  ProtosRootNode@3dca4633                            |Tier 1|Time    22(   7+15  )ms|AST    2|Inlined   0Y   0N|IR    591/  1658|CodeSize    7561|Addr 0x7f2f7ca8d820|Timestamp 218249569585008|Src n/a
[engine] opt done   id=1061  ProtosRootNode@39383018                            |Tier 1|Time  1292( 117+1175)ms|AST   21|Inlined   0Y   0N|IR  15655/ 56247|CodeSize  287573|Addr 0x7f2f7ca94840|Timestamp 218250861614546|Src n/a
[engine] opt done   id=1056  ProtosRootNode@7572a8a                             |Tier 1|Time    14(   4+10  )ms|AST    2|Inlined   0Y   0N|IR    888/  1275|CodeSize    5532|Addr 0x7f2f7cb04b60|Timestamp 218250879134958|Src n/a
[engine] opt done   id=1057  ProtosRootNode@30c127e9                            |Tier 1|Time   501(  48+454 )ms|AST   11|Inlined   0Y   0N|IR   8632/ 29000|CodeSize  147709|Addr 0x7f2f7cb09160|Timestamp 218251401482101|Src n/a
[engine] opt done   id=1058  ProtosRootNode@2d955d21                            |Tier 1|Time    16(   4+12  )ms|AST    2|Inlined   0Y   0N|IR    888/  1275|CodeSize    5532|Addr 0x7f2f7cb43ae0|Timestamp 218251433420454|Src n/a
[engine] opt done   id=1059  ProtosRootNode@662e21c4                            |Tier 1|Time  1250( 111+1138)ms|AST   20|Inlined   0Y   0N|IR  16196/ 54617|CodeSize  284840|Addr 0x7f2f7cb49dc0|Timestamp 218252683297663|Src n/a
[engine] opt done   id=1060  ProtosRootNode@3dca4633                            |Tier 2|Time    20(   4+17  )ms|AST    2|Inlined   0Y   0N|IR    518/  1448|CodeSize    7174|Addr 0x7f2f7cbba9e0|Timestamp 218252788162606|Src n/a
[engine] opt done   id=1061  ProtosRootNode@39383018                            |Tier 2|Time  1236(  98+1138)ms|AST   21|Inlined   0Y   0N|IR  15582/ 46140|CodeSize  253681|Addr 0x7f2f7cbc1040|Timestamp 218254024907706|Src n/a
[engine] opt done   id=1056  ProtosRootNode@7572a8a                             |Tier 2|Time    17(   4+13  )ms|AST    2|Inlined   0Y   0N|IR    815/   944|CodeSize    4429|Addr 0x7f2f7cc24380|Timestamp 218254102664800|Src n/a
[engine] opt done   id=1057  ProtosRootNode@30c127e9                            |Tier 2|Time   516(  48+468 )ms|AST   11|Inlined   0Y   0N|IR   8559/ 23429|CodeSize  125539|Addr 0x7f2f7cc27d20|Timestamp 218254618612749|Src n/a
[engine] opt done   id=1058  ProtosRootNode@2d955d21                            |Tier 2|Time    21(   5+17  )ms|AST    2|Inlined   0Y   0N|IR    815/   944|CodeSize    4429|Addr 0x7f2f7cc59d00|Timestamp 218254643188416|Src n/a
[engine] opt done   id=1059  ProtosRootNode@662e21c4                            |Tier 2|Time  1126( 109+1016)ms|AST   20|Inlined   0Y   0N|IR  16123/ 43920|CodeSize  240015|Addr 0x7f2f7cc5ec40|Timestamp 218255769367609|Src n/a
[engine] opt done   id=1062  ProtosRootNode@206b77e6                            |Tier 1|Time    23(   5+18  )ms|AST    2|Inlined   0Y   0N|IR    888/  2671|CodeSize   13140|Addr 0x7f2f7ccbd040|Timestamp 218255829031210|Src n/a
[engine] opt failed id=1063  ProtosRootNode@4a290aee                            |Tier 1|Time   46(-218255829+218255875)ms|Reason: jdk.graal.compiler.truffle.GraphTooBigBailoutException: Graph too big to safely compile. Node count: 50290. Graph Size: 150037. Limit: 150000.|Timestamp 218255875402203|Src n/a
[engine] opt failed id=1063  ProtosRootNode@4a290aee                            |Tier 1|Time   45(-218255881+218255927)ms|Reason: jdk.graal.compiler.truffle.GraphTooBigBailoutException: Graph too big to safely compile. Node count: 50290. Graph Size: 150037. Limit: 150000.|Timestamp 218255926953398|Src n/a
[engine] opt done   id=1050  ProtosRootNode@ab6f845                             |Tier 1|Time    15(   5+9   )ms|AST    2|Inlined   0Y   0N|IR    888/  1275|CodeSize    5532|Addr 0x7f2f7ccc2c60|Timestamp 218255945381851|Src n/a
[engine] opt done   id=1051  ProtosRootNode@91211a8                             |Tier 1|Time   156(  19+137 )ms|AST    7|Inlined   0Y   0N|IR   3601/ 12363|CodeSize   61474|Addr 0x7f2f7ccc6000|Timestamp 218256103034301|Src n/a
[engine] opt done   id=1151  ProtosRootNode@1d293933                            |Tier 1|Time    31(   8+23  )ms|AST    2|Inlined   0Y   0N|IR    591/  1658|CodeSize    7561|Addr 0x7f2f7ccdfc20|Timestamp 218256325432846|Src n/a
[engine] opt done   id=1152  ProtosRootNode@274ccc51                            |Tier 1|Time  1168( 119+1050)ms|AST   21|Inlined   0Y   0N|IR  15655/ 56247|CodeSize  287573|Addr 0x7f2f7cce7dc0|Timestamp 218257494271209|Src n/a
[engine] opt done   id=1147  ProtosRootNode@a901471                             |Tier 1|Time    15(   4+10  )ms|AST    2|Inlined   0Y   0N|IR    888/  1275|CodeSize    5532|Addr 0x7f2f7cd580e0|Timestamp 218257556914252|Src n/a
[engine] opt done   id=1148  ProtosRootNode@2ea7d531                            |Tier 1|Time   512(  78+434 )ms|AST   11|Inlined   0Y   0N|IR   8632/ 29000|CodeSize  147709|Addr 0x7f2f7cd5e6e0|Timestamp 218258070963379|Src n/a
[engine] opt done   id=1149  ProtosRootNode@33ebf369                            |Tier 1|Time    14(   4+10  )ms|AST    2|Inlined   0Y   0N|IR    888/  1275|CodeSize    5532|Addr 0x7f2f7cd99760|Timestamp 218258103538912|Src n/a
[engine] opt done   id=1150  ProtosRootNode@245426af                            |Tier 1|Time  1136(  97+1038)ms|AST   20|Inlined   0Y   0N|IR  16196/ 54617|CodeSize  284840|Addr 0x7f2f7cd9fa40|Timestamp 218259239682742|Src n/a
[engine] opt done   id=1151  ProtosRootNode@1d293933                            |Tier 2|Time    20(   4+16  )ms|AST    2|Inlined   0Y   0N|IR    518/  1448|CodeSize    7174|Addr 0x7f2f7b2b24e0|Timestamp 218259378381959|Src n/a
[engine] opt done   id=1152  ProtosRootNode@274ccc51                            |Tier 2|Time  1258( 100+1158)ms|AST   21|Inlined   0Y   0N|IR  15582/ 46140|CodeSize  253681|Addr 0x7f2f7b2c32c0|Timestamp 218260636643484|Src n/a
[engine] opt done   id=1147  ProtosRootNode@a901471                             |Tier 2|Time    18(   5+13  )ms|AST    2|Inlined   0Y   0N|IR    815/   944|CodeSize    4429|Addr 0x7f2f7b32e200|Timestamp 218260700048708|Src n/a
[engine] opt done   id=1148  ProtosRootNode@2ea7d531                            |Tier 2|Time   529(  63+466 )ms|AST   11|Inlined   0Y   0N|IR   8559/ 23429|CodeSize  125539|Addr 0x7f2f7b337620|Timestamp 218261229429996|Src n/a
[engine] opt done   id=1149  ProtosRootNode@33ebf369                            |Tier 2|Time    18(   5+13  )ms|AST    2|Inlined   0Y   0N|IR    815/   944|CodeSize    4429|Addr 0x7f2f7b389c00|Timestamp 218261265009621|Src n/a
[engine] opt done   id=1150  ProtosRootNode@245426af                            |Tier 2|Time  1177( 103+1074)ms|AST   20|Inlined   0Y   0N|IR  16123/ 43920|CodeSize  240015|Addr 0x7f2f7b3923c0|Timestamp 218262443568170|Src n/a
[engine] opt done   id=1153  ProtosRootNode@7fb9eed6                            |Tier 1|Time    23(   4+18  )ms|AST    2|Inlined   0Y   0N|IR    888/  2671|CodeSize   13140|Addr 0x7f2f7b499ac0|Timestamp 218262527322279|Src n/a
[engine] opt failed id=1154  ProtosRootNode@726460a4                            |Tier 1|Time   45(-218262528+218262573)ms|Reason: jdk.graal.compiler.truffle.GraphTooBigBailoutException: Graph too big to safely compile. Node count: 50290. Graph Size: 150037. Limit: 150000.|Timestamp 218262572935020|Src n/a
[engine] opt failed id=1154  ProtosRootNode@726460a4                            |Tier 1|Time   45(-218262579+218262624)ms|Reason: jdk.graal.compiler.truffle.GraphTooBigBailoutException: Graph too big to safely compile. Node count: 50290. Graph Size: 150037. Limit: 150000.|Timestamp 218262623846676|Src n/a
[engine] opt done   id=1141  ProtosRootNode@4ab61788                            |Tier 1|Time    15(   4+10  )ms|AST    2|Inlined   0Y   0N|IR    888/  1275|CodeSize    5532|Addr 0x7f2f7b1cb0e0|Timestamp 218262642425469|Src n/a
[engine] opt done   id=1142  ProtosRootNode@5aae2166                            |Tier 1|Time   143(  20+124 )ms|AST    7|Inlined   0Y   0N|IR   3601/ 12363|CodeSize   61474|Addr 0x7f2f7b4a5b00|Timestamp 218262785857968|Src n/a
[engine] opt done   id=1242  ProtosRootNode@7f0038a1                            |Tier 1|Time    31(   7+24  )ms|AST    2|Inlined   0Y   0N|IR    591/  1658|CodeSize    7561|Addr 0x7f2f7b14ae20|Timestamp 218262986389338|Src n/a
[engine] opt done   id=1243  ProtosRootNode@ea3f8ac                             |Tier 1|Time  1669( 255+1414)ms|AST   21|Inlined   0Y   0N|IR  15655/ 56247|CodeSize  287573|Addr 0x7f2f7b15a8c0|Timestamp 218264655546459|Src n/a
[engine] opt done   id=1238  ProtosRootNode@4af1d4a5                            |Tier 1|Time    15(   5+11  )ms|AST    2|Inlined   0Y   0N|IR    888/  1275|CodeSize    5532|Addr 0x7f2f7b22d4e0|Timestamp 218264673392291|Src n/a
[engine] opt done   id=1239  ProtosRootNode@18549289                            |Tier 1|Time   444(  44+400 )ms|AST   11|Inlined   0Y   0N|IR   8632/ 29000|CodeSize  147709|Addr 0x7f2f7b1d12e0|Timestamp 218265137546414|Src n/a
[engine] opt done   id=1240  ProtosRootNode@3650f9af                            |Tier 1|Time    14(   4+9   )ms|AST    2|Inlined   0Y   0N|IR    888/  1275|CodeSize    5532|Addr 0x7f2f7b4a1ae0|Timestamp 218265166304514|Src n/a
[engine] opt done   id=1241  ProtosRootNode@1a55d3cd                            |Tier 1|Time  1187( 102+1086)ms|AST   20|Inlined   0Y   0N|IR  16196/ 54617|CodeSize  284840|Addr 0x7f2f7b234540|Timestamp 218266356643982|Src n/a
[engine] opt done   id=1242  ProtosRootNode@7f0038a1                            |Tier 2|Time    30(   4+26  )ms|AST    2|Inlined   0Y   0N|IR    518/  1448|CodeSize    7174|Addr 0x7f2f7b60c060|Timestamp 218266429885863|Src n/a
[engine] opt done   id=1243  ProtosRootNode@ea3f8ac                             |Tier 2|Time  1134( 105+1029)ms|AST   21|Inlined   0Y   0N|IR  15582/ 46140|CodeSize  253681|Addr 0x7f2f7b61a9c0|Timestamp 218267564644642|Src n/a
[engine] opt done   id=1238  ProtosRootNode@4af1d4a5                            |Tier 2|Time    18(   4+13  )ms|AST    2|Inlined   0Y   0N|IR    815/   944|CodeSize    4429|Addr 0x7f2f7b54e700|Timestamp 218267645789128|Src n/a
[engine] opt done   id=1239  ProtosRootNode@18549289                            |Tier 2|Time   484(  47+437 )ms|AST   11|Inlined   0Y   0N|IR   8559/ 23429|CodeSize  125539|Addr 0x7f2f7bb3eba0|Timestamp 218268129890905|Src n/a
[engine] opt done   id=1240  ProtosRootNode@3650f9af                            |Tier 2|Time    17(   5+12  )ms|AST    2|Inlined   0Y   0N|IR    815/   944|CodeSize    4429|Addr 0x7f2f7b58fa00|Timestamp 218268163736589|Src n/a
[engine] opt done   id=1241  ProtosRootNode@1a55d3cd                            |Tier 2|Time  1273( 100+1173)ms|AST   20|Inlined   0Y   0N|IR  16123/ 43920|CodeSize  240015|Addr 0x7f2f7bb779c0|Timestamp 218269437451004|Src n/a
[engine] opt done   id=1244  ProtosRootNode@4bfa09a3                            |Tier 1|Time    22(   4+18  )ms|AST    2|Inlined   0Y   0N|IR    888/  2671|CodeSize   13140|Addr 0x7f2f7be2da40|Timestamp 218269499124857|Src n/a
[engine] opt failed id=1245  ProtosRootNode@425d5bdc                            |Tier 1|Time   59(-218269500+218269560)ms|Reason: jdk.graal.compiler.truffle.GraphTooBigBailoutException: Graph too big to safely compile. Node count: 50290. Graph Size: 150037. Limit: 150000.|Timestamp 218269559703489|Src n/a
[engine] opt failed id=1245  ProtosRootNode@425d5bdc                            |Tier 1|Time   47(-218269560+218269607)ms|Reason: jdk.graal.compiler.truffle.GraphTooBigBailoutException: Graph too big to safely compile. Node count: 50290. Graph Size: 150037. Limit: 150000.|Timestamp 218269606789672|Src n/a
[engine] opt done   id=1232  ProtosRootNode@a68e3d4                             |Tier 1|Time    14(   4+10  )ms|AST    2|Inlined   0Y   0N|IR    888/  1275|CodeSize    5532|Addr 0x7f2f7b721f60|Timestamp 218269631025569|Src n/a
[engine] opt done   id=1233  ProtosRootNode@79cb15a1                            |Tier 1|Time   140(  19+121 )ms|AST    7|Inlined   0Y   0N|IR   3601/ 12363|CodeSize   61474|Addr 0x7f2f7b725c00|Timestamp 218269771279547|Src n/a
[engine] opt done   id=1333  ProtosRootNode@75279751                            |Tier 1|Time    31(  10+21  )ms|AST    2|Inlined   0Y   0N|IR    591/  1658|CodeSize    7561|Addr 0x7f2f7b4d5320|Timestamp 218269977966110|Src n/a
[engine] opt done   id=1334  ProtosRootNode@14353578                            |Tier 1|Time  1184( 124+1061)ms|AST   21|Inlined   0Y   0N|IR  15655/ 56247|CodeSize  287573|Addr 0x7f2f7b4dca40|Timestamp 218271163568725|Src n/a
[engine] opt done   id=1329  ProtosRootNode@1c0eacb4                            |Tier 1|Time    16(   4+12  )ms|AST    2|Inlined   0Y   0N|IR    888/  1275|CodeSize    5532|Addr 0x7f2f7c11f060|Timestamp 218271227742159|Src n/a
[engine] opt done   id=1330  ProtosRootNode@22cdfbdb                            |Tier 1|Time   487(  52+435 )ms|AST   11|Inlined   0Y   0N|IR   8632/ 29000|CodeSize  147709|Addr 0x7f2f7b554760|Timestamp 218271714767768|Src n/a
[engine] opt done   id=1331  ProtosRootNode@2f5cf0ce                            |Tier 1|Time    14(   5+9   )ms|AST    2|Inlined   0Y   0N|IR    888/  1275|CodeSize    5532|Addr 0x7f2f7c2e2360|Timestamp 218271746720030|Src n/a
[engine] opt done   id=1332  ProtosRootNode@1e21c18f                            |Tier 1|Time  1123(  94+1029)ms|AST   20|Inlined   0Y   0N|IR  16196/ 54617|CodeSize  284840|Addr 0x7f2f7b595a40|Timestamp 218272870856002|Src n/a
[engine] opt done   id=1333  ProtosRootNode@75279751                            |Tier 2|Time    19(   4+16  )ms|AST    2|Inlined   0Y   0N|IR    518/  1448|CodeSize    7174|Addr 0x7f2f7b876d60|Timestamp 218272973180803|Src n/a
[engine] opt done   id=1334  ProtosRootNode@14353578                            |Tier 2|Time  1164(  95+1069)ms|AST   21|Inlined   0Y   0N|IR  15582/ 46140|CodeSize  253681|Addr 0x7f2f7b880340|Timestamp 218274137618343|Src n/a
[engine] opt done   id=1329  ProtosRootNode@1c0eacb4                            |Tier 2|Time    17(   4+13  )ms|AST    2|Inlined   0Y   0N|IR    815/   944|CodeSize    4429|Addr 0x7f2f7bd2bc80|Timestamp 218274210867884|Src n/a
[engine] opt done   id=1330  ProtosRootNode@22cdfbdb                            |Tier 2|Time   515(  48+467 )ms|AST   11|Inlined   0Y   0N|IR   8559/ 23429|CodeSize  125539|Addr 0x7f2f7c247a20|Timestamp 218274726223853|Src n/a
[engine] opt done   id=1331  ProtosRootNode@2f5cf0ce                            |Tier 2|Time    21(   5+16  )ms|AST    2|Inlined   0Y   0N|IR    815/   944|CodeSize    4429|Addr 0x7f2f7c244080|Timestamp 218274750455909|Src n/a
[engine] opt done   id=1332  ProtosRootNode@1e21c18f                            |Tier 2|Time  1212( 106+1106)ms|AST   20|Inlined   0Y   0N|IR  16123/ 43920|CodeSize  240015|Addr 0x7f2f7bdcf240|Timestamp 218275962449282|Src n/a
[engine] opt done   id=1335  ProtosRootNode@10a3952f                            |Tier 1|Time    22(   5+18  )ms|AST    2|Inlined   0Y   0N|IR    888/  2671|CodeSize   13140|Addr 0x7f2f7c086d40|Timestamp 218276026903107|Src n/a
[engine] opt failed id=1336  ProtosRootNode@68e1439                             |Tier 1|Time   63(-218276027+218276090)ms|Reason: jdk.graal.compiler.truffle.GraphTooBigBailoutException: Graph too big to safely compile. Node count: 50290. Graph Size: 150037. Limit: 150000.|Timestamp 218276090336981|Src n/a
[engine] opt failed id=1336  ProtosRootNode@68e1439                             |Tier 1|Time   74(-218276091+218276165)ms|Reason: jdk.graal.compiler.truffle.GraphTooBigBailoutException: Graph too big to safely compile. Node count: 50290. Graph Size: 150037. Limit: 150000.|Timestamp 218276164540033|Src n/a
[engine] opt done   id=1323  ProtosRootNode@3dcb95d0                            |Tier 1|Time    14(   5+9   )ms|AST    2|Inlined   0Y   0N|IR    888/  1275|CodeSize    5532|Addr 0x7f2f7c084360|Timestamp 218276179093913|Src n/a
[engine] opt done   id=1324  ProtosRootNode@52770d63                            |Tier 1|Time   142(  17+125 )ms|AST    7|Inlined   0Y   0N|IR   3601/ 12363|CodeSize   61474|Addr 0x7f2f7c08ea80|Timestamp 218276321512392|Src n/a
[engine] opt done   id=1424  ProtosRootNode@451b633f                            |Tier 1|Time    30(   8+22  )ms|AST    2|Inlined   0Y   0N|IR    591/  1658|CodeSize    7561|Addr 0x7f2f7bbfad20|Timestamp 218276519634380|Src n/a
[engine] opt done   id=1425  ProtosRootNode@40936594                            |Tier 1|Time  1126( 119+1007)ms|AST   21|Inlined   0Y   0N|IR  15655/ 56247|CodeSize  287573|Addr 0x7f2f7bc03c40|Timestamp 218277675241124|Src n/a
[engine] opt done   id=1420  ProtosRootNode@459cc35c                            |Tier 1|Time    22(  10+12  )ms|AST    2|Inlined   0Y   0N|IR    888/  1275|CodeSize    5532|Addr 0x7f2f7be52a60|Timestamp 218277700345511|Src n/a
[engine] opt done   id=1421  ProtosRootNode@3a92f120                            |Tier 1|Time   539(  53+486 )ms|AST   11|Inlined   0Y   0N|IR   8632/ 29000|CodeSize  147709|Addr 0x7f2f7becfb60|Timestamp 218278257917419|Src n/a
[engine] opt done   id=1422  ProtosRootNode@6912f48e                            |Tier 1|Time    20(   4+16  )ms|AST    2|Inlined   0Y   0N|IR    888/  1275|CodeSize    5532|Addr 0x7f2f7c2fd7e0|Timestamp 218278279048284|Src n/a
[engine] opt done   id=1423  ProtosRootNode@25d7e627                            |Tier 1|Time  1205( 106+1099)ms|AST   20|Inlined   0Y   0N|IR  16196/ 54617|CodeSize  284840|Addr 0x7f2f7b8041c0|Timestamp 218279486298643|Src n/a
[engine] opt done   id=1424  ProtosRootNode@451b633f                            |Tier 2|Time    20(   4+16  )ms|AST    2|Inlined   0Y   0N|IR    518/  1448|CodeSize    7174|Addr 0x7f2f7c2fa2e0|Timestamp 218279593103477|Src n/a
[engine] opt done   id=1425  ProtosRootNode@40936594                            |Tier 2|Time  1264( 101+1163)ms|AST   21|Inlined   0Y   0N|IR  15582/ 46140|CodeSize  253681|Addr 0x7f2f7bad6a40|Timestamp 218280857234337|Src n/a
[engine] opt done   id=1420  ProtosRootNode@459cc35c                            |Tier 2|Time    17(   5+12  )ms|AST    2|Inlined   0Y   0N|IR    815/   944|CodeSize    4429|Addr 0x7f2f7c2f8080|Timestamp 218280915248217|Src n/a
[engine] opt done   id=1421  ProtosRootNode@3a92f120                            |Tier 2|Time   520(  51+469 )ms|AST   11|Inlined   0Y   0N|IR   8559/ 23429|CodeSize  125539|Addr 0x7f2f7b6856a0|Timestamp 218281451050040|Src n/a
[engine] opt done   id=1422  ProtosRootNode@6912f48e                            |Tier 2|Time    17(   5+12  )ms|AST    2|Inlined   0Y   0N|IR    815/   944|CodeSize    4429|Addr 0x7f2f7b681d00|Timestamp 218281481688471|Src n/a
[engine] opt done   id=1423  ProtosRootNode@25d7e627                            |Tier 2|Time  1150( 103+1047)ms|AST   20|Inlined   0Y   0N|IR  16123/ 43920|CodeSize  240015|Addr 0x7f2f7c8e71c0|Timestamp 218282631967211|Src n/a
[engine] opt done   id=1426  ProtosRootNode@698c984f                            |Tier 1|Time    22(   4+18  )ms|AST    2|Inlined   0Y   0N|IR    888/  2671|CodeSize   13140|Addr 0x7f2f7c2f24c0|Timestamp 218282697252886|Src n/a
[engine] opt failed id=1427  ProtosRootNode@116206fb                            |Tier 1|Time   62(-218282698+218282760)ms|Reason: jdk.graal.compiler.truffle.GraphTooBigBailoutException: Graph too big to safely compile. Node count: 50290. Graph Size: 150037. Limit: 150000.|Timestamp 218282759698650|Src n/a
[engine] opt failed id=1427  ProtosRootNode@116206fb                            |Tier 1|Time   85(-218282762+218282847)ms|Reason: jdk.graal.compiler.truffle.GraphTooBigBailoutException: Graph too big to safely compile. Node count: 50290. Graph Size: 150037. Limit: 150000.|Timestamp 218282846939641|Src n/a
[engine] opt done   id=1414  ProtosRootNode@6bd7782a                            |Tier 1|Time    14(   5+9   )ms|AST    2|Inlined   0Y   0N|IR    888/  1275|CodeSize    5532|Addr 0x7f2f7c8e1c60|Timestamp 218282862438931|Src n/a
[engine] opt done   id=1415  ProtosRootNode@77139749                            |Tier 1|Time   144(  17+127 )ms|AST    7|Inlined   0Y   0N|IR   3601/ 12363|CodeSize   61474|Addr 0x7f2f7b985a00|Timestamp 218283007521542|Src n/a
[engine] opt done   id=1515  ProtosRootNode@7555e690                            |Tier 1|Time    15(   4+11  )ms|AST    2|Inlined   0Y   0N|IR    591/  1658|CodeSize    7561|Addr 0x7f2f7c2eec20|Timestamp 218283195616433|Src n/a
[engine] opt done   id=1516  ProtosRootNode@4568015a                            |Tier 1|Time  1160( 101+1059)ms|AST   21|Inlined   0Y   0N|IR  15655/ 56247|CodeSize  287573|Addr 0x7f2f7bcba2c0|Timestamp 218284369384699|Src n/a
[engine] opt done   id=1511  ProtosRootNode@4988deb2                            |Tier 1|Time    14(   4+10  )ms|AST    2|Inlined   0Y   0N|IR    888/  1275|CodeSize    5532|Addr 0x7f2f7b982660|Timestamp 218284422881277|Src n/a
[engine] opt done   id=1512  ProtosRootNode@3001bb53                            |Tier 1|Time   457(  48+409 )ms|AST   11|Inlined   0Y   0N|IR   8632/ 29000|CodeSize  147709|Addr 0x7f2f7b7c5a60|Timestamp 218284880314695|Src n/a
[engine] opt done   id=1513  ProtosRootNode@1941c1ad                            |Tier 1|Time    14(   5+9   )ms|AST    2|Inlined   0Y   0N|IR    888/  1275|CodeSize    5532|Addr 0x7f2f7b7c1460|Timestamp 218284909951736|Src n/a
[engine] opt done   id=1514  ProtosRootNode@4ae89bd8                            |Tier 1|Time  1194( 138+1056)ms|AST   20|Inlined   0Y   0N|IR  16196/ 54617|CodeSize  284840|Addr 0x7f2f7c166e40|Timestamp 218286103860876|Src n/a
[engine] opt done   id=1515  ProtosRootNode@7555e690                            |Tier 2|Time    30(   4+27  )ms|AST    2|Inlined   0Y   0N|IR    518/  1448|CodeSize    7174|Addr 0x7f2f7c2eb6e0|Timestamp 218286180207209|Src n/a
[engine] opt done   id=1516  ProtosRootNode@4568015a                            |Tier 2|Time  1201( 154+1047)ms|AST   21|Inlined   0Y   0N|IR  15582/ 46140|CodeSize  253681|Addr 0x7f2f7b6be8c0|Timestamp 218287383417356|Src n/a
[engine] opt done   id=1511  ProtosRootNode@4988deb2                            |Tier 2|Time    17(   4+13  )ms|AST    2|Inlined   0Y   0N|IR    815/   944|CodeSize    4429|Addr 0x7f2f7c8dfa80|Timestamp 218287461263560|Src n/a
[engine] opt done   id=1512  ProtosRootNode@3001bb53                            |Tier 2|Time   492(  48+444 )ms|AST   11|Inlined   0Y   0N|IR   8559/ 23429|CodeSize  125539|Addr 0x7f2f7c131020|Timestamp 218287953820153|Src n/a
[engine] opt done   id=1513  ProtosRootNode@1941c1ad                            |Tier 2|Time    17(   4+13  )ms|AST    2|Inlined   0Y   0N|IR    815/   944|CodeSize    4429|Addr 0x7f2f7c2e9480|Timestamp 218288001030855|Src n/a
[engine] opt done   id=1514  ProtosRootNode@4ae89bd8                            |Tier 2|Time  1165(  97+1069)ms|AST   20|Inlined   0Y   0N|IR  16123/ 43920|CodeSize  240015|Addr 0x7f2f7c283140|Timestamp 218289166589726|Src n/a
[engine] opt done   id=1517  ProtosRootNode@574256ee                            |Tier 1|Time    22(   4+18  )ms|AST    2|Inlined   0Y   0N|IR    888/  2671|CodeSize   13140|Addr 0x7f2f7c27a7c0|Timestamp 218289212780588|Src n/a
[engine] opt failed id=1518  ProtosRootNode@55f5bd0b                            |Tier 1|Time   52(-218289213+218289265)ms|Reason: jdk.graal.compiler.truffle.GraphTooBigBailoutException: Graph too big to safely compile. Node count: 50290. Graph Size: 150037. Limit: 150000.|Timestamp 218289264644784|Src n/a
[engine] opt failed id=1518  ProtosRootNode@55f5bd0b                            |Tier 1|Time   46(-218289280+218289327)ms|Reason: jdk.graal.compiler.truffle.GraphTooBigBailoutException: Graph too big to safely compile. Node count: 50290. Graph Size: 150037. Limit: 150000.|Timestamp 218289326761147|Src n/a
[engine] opt done   id=1505  ProtosRootNode@32bb9c26                            |Tier 1|Time    15(   4+11  )ms|AST    2|Inlined   0Y   0N|IR    888/  1275|CodeSize    5532|Addr 0x7f2f7c2e6c60|Timestamp 218289342263198|Src n/a
[engine] opt done   id=1506  ProtosRootNode@344333f6                            |Tier 1|Time   136(  18+118 )ms|AST    7|Inlined   0Y   0N|IR   3601/ 12363|CodeSize   61474|Addr 0x7f2f7be37980|Timestamp 218289478880643|Src n/a
[engine] opt done   id=1606  ProtosRootNode@4f250fbc                            |Tier 1|Time    44(   6+38  )ms|AST    2|Inlined   0Y   0N|IR    591/  1658|CodeSize    7561|Addr 0x7f2f7c12c1a0|Timestamp 218289693551932|Src n/a
[engine] opt done   id=1607  ProtosRootNode@15f5c796                            |Tier 1|Time  1161( 134+1027)ms|AST   21|Inlined   0Y   0N|IR  15655/ 56247|CodeSize  287573|Addr 0x7f2f7c3be4c0|Timestamp 218290856803912|Src n/a
[engine] opt done   id=1602  ProtosRootNode@3d5ed39                             |Tier 1|Time    15(   4+10  )ms|AST    2|Inlined   0Y   0N|IR    888/  1275|CodeSize    5532|Addr 0x7f2f7be345e0|Timestamp 218290874012404|Src n/a
[engine] opt done   id=1603  ProtosRootNode@415cfb92                            |Tier 1|Time   464(  44+420 )ms|AST   11|Inlined   0Y   0N|IR   8632/ 29000|CodeSize  147709|Addr 0x7f2f7bc7b0e0|Timestamp 218291350297405|Src n/a
[engine] opt done   id=1604  ProtosRootNode@56bee4c5                            |Tier 1|Time    14(   5+9   )ms|AST    2|Inlined   0Y   0N|IR    888/  1275|CodeSize    5532|Addr 0x7f2f7c126460|Timestamp 218291378562655|Src n/a
[engine] opt done   id=1605  ProtosRootNode@538dc39c                            |Tier 1|Time  1108(  95+1014)ms|AST   20|Inlined   0Y   0N|IR  16196/ 54617|CodeSize  284840|Addr 0x7f2f7be5b440|Timestamp 218292487098876|Src n/a
[engine] opt done   id=1606  ProtosRootNode@4f250fbc                            |Tier 2|Time    33(   7+26  )ms|AST    2|Inlined   0Y   0N|IR    518/  1448|CodeSize    7174|Addr 0x7f2f7bc75de0|Timestamp 218292561535877|Src n/a
[engine] opt done   id=1607  ProtosRootNode@15f5c796                            |Tier 2|Time  1182( 120+1062)ms|AST   21|Inlined   0Y   0N|IR  15582/ 46140|CodeSize  253681|Addr 0x7f2f7c437540|Timestamp 218293745268871|Src n/a
[engine] opt done   id=1602  ProtosRootNode@3d5ed39                             |Tier 2|Time    17(   5+12  )ms|AST    2|Inlined   0Y   0N|IR    815/   944|CodeSize    4429|Addr 0x7f2f7c124080|Timestamp 218293816371090|Src n/a
[engine] opt done   id=1603  ProtosRootNode@415cfb92                            |Tier 2|Time   517(  69+448 )ms|AST   11|Inlined   0Y   0N|IR   8559/ 23429|CodeSize  125539|Addr 0x7f2f7c211da0|Timestamp 218294333704790|Src n/a
[engine] opt done   id=1604  ProtosRootNode@56bee4c5                            |Tier 2|Time    17(   4+13  )ms|AST    2|Inlined   0Y   0N|IR    815/   944|CodeSize    4429|Addr 0x7f2f7c432200|Timestamp 218294367965874|Src n/a
[engine] opt done   id=1605  ProtosRootNode@538dc39c                            |Tier 2|Time  1117(  98+1019)ms|AST   20|Inlined   0Y   0N|IR  16123/ 43920|CodeSize  240015|Addr 0x7f2f7b9bb040|Timestamp 218295485074751|Src n/a
[engine] opt done   id=1608  ProtosRootNode@6d7ef660                            |Tier 1|Time    22(   4+18  )ms|AST    2|Inlined   0Y   0N|IR    888/  2671|CodeSize   13140|Addr 0x7f2f7b9b26c0|Timestamp 218295545909323|Src n/a
[engine] opt failed id=1609  ProtosRootNode@77f25d38                            |Tier 1|Time   54(-218295546+218295601)ms|Reason: jdk.graal.compiler.truffle.GraphTooBigBailoutException: Graph too big to safely compile. Node count: 50290. Graph Size: 150037. Limit: 150000.|Timestamp 218295600618441|Src n/a
[engine] opt failed id=1609  ProtosRootNode@77f25d38                            |Tier 1|Time   89(-218295602+218295692)ms|Reason: jdk.graal.compiler.truffle.GraphTooBigBailoutException: Graph too big to safely compile. Node count: 50290. Graph Size: 150037. Limit: 150000.|Timestamp 218295691920945|Src n/a
[engine] opt done   id=1596  ProtosRootNode@bd7121d                             |Tier 1|Time    15(   4+11  )ms|AST    2|Inlined   0Y   0N|IR    888/  1275|CodeSize    5532|Addr 0x7f2f7b9afce0|Timestamp 218295707693166|Src n/a
[engine] opt done   id=1597  ProtosRootNode@e04fd91                             |Tier 1|Time   148(  24+124 )ms|AST    7|Inlined   0Y   0N|IR   3601/ 12363|CodeSize   61474|Addr 0x7f2f7c540780|Timestamp 218295858219970|Src n/a
[engine] opt done   id=1697  ProtosRootNode@cde0264                             |Tier 1|Time    32(   7+24  )ms|AST    2|Inlined   0Y   0N|IR    591/  1658|CodeSize    7561|Addr 0x7f2f7b9ac620|Timestamp 218296089553481|Src n/a
[engine] opt done   id=1698  ProtosRootNode@2d5a390b                            |Tier 1|Time  1135( 104+1031)ms|AST   21|Inlined   0Y   0N|IR  15655/ 56247|CodeSize  287573|Addr 0x7f2f7c0aea40|Timestamp 218297226289012|Src n/a
[engine] opt done   id=1693  ProtosRootNode@369ad3e0                            |Tier 1|Time    15(   5+10  )ms|AST    2|Inlined   0Y   0N|IR    888/  1275|CodeSize    5532|Addr 0x7f2f7c53d3e0|Timestamp 218297279333519|Src n/a
[engine] opt done   id=1694  ProtosRootNode@4dc72d7f                            |Tier 1|Time   445(  49+396 )ms|AST   11|Inlined   0Y   0N|IR   8632/ 29000|CodeSize  147709|Addr 0x7f2f7b782960|Timestamp 218297724492978|Src n/a
[engine] opt done   id=1695  ProtosRootNode@17694bbb                            |Tier 1|Time    14(   5+9   )ms|AST    2|Inlined   0Y   0N|IR    888/  1275|CodeSize    5532|Addr 0x7f2f7c0a88e0|Timestamp 218297759675143|Src n/a
[engine] opt done   id=1696  ProtosRootNode@57753c3                             |Tier 1|Time  1153(  94+1059)ms|AST   20|Inlined   0Y   0N|IR  16196/ 54617|CodeSize  284840|Addr 0x7f2f7c71f340|Timestamp 218298912929355|Src n/a
[engine] opt done   id=1697  ProtosRootNode@cde0264                             |Tier 2|Time    19(   4+16  )ms|AST    2|Inlined   0Y   0N|IR    518/  1448|CodeSize    7174|Addr 0x7f2f7b9a90e0|Timestamp 218298991389610|Src n/a
[engine] opt done   id=1698  ProtosRootNode@2d5a390b                            |Tier 2|Time  1255( 101+1154)ms|AST   21|Inlined   0Y   0N|IR  15582/ 46140|CodeSize  253681|Addr 0x7f2f7bd68dc0|Timestamp 218300247051063|Src n/a
[engine] opt done   id=1693  ProtosRootNode@369ad3e0                            |Tier 2|Time    18(   4+14  )ms|AST    2|Inlined   0Y   0N|IR    815/   944|CodeSize    4429|Addr 0x7f2f7b9a6e80|Timestamp 218300311187778|Src n/a
[engine] opt done   id=1694  ProtosRootNode@4dc72d7f                            |Tier 2|Time   555(  51+504 )ms|AST   11|Inlined   0Y   0N|IR   8559/ 23429|CodeSize  125539|Addr 0x7f2f7bd33c20|Timestamp 218300882266185|Src n/a
[engine] opt done   id=1695  ProtosRootNode@17694bbb                            |Tier 2|Time    18(   5+13  )ms|AST    2|Inlined   0Y   0N|IR    815/   944|CodeSize    4429|Addr 0x7f2f7bd30280|Timestamp 218300913510657|Src n/a
[engine] opt done   id=1696  ProtosRootNode@57753c3                             |Tier 2|Time  1190( 118+1072)ms|AST   20|Inlined   0Y   0N|IR  16123/ 43920|CodeSize  240015|Addr 0x7f2f7b9240c0|Timestamp 218302103695255|Src n/a
[engine] opt done   id=1699  ProtosRootNode@6d8ea0                              |Tier 1|Time    22(   4+18  )ms|AST    2|Inlined   0Y   0N|IR    888/  2671|CodeSize   13140|Addr 0x7f2f7c7a61c0|Timestamp 218302163212356|Src n/a
[engine] opt failed id=1700  ProtosRootNode@7a3c38ba                            |Tier 1|Time   74(-218302165+218302239)ms|Reason: jdk.graal.compiler.truffle.GraphTooBigBailoutException: Graph too big to safely compile. Node count: 50290. Graph Size: 150037. Limit: 150000.|Timestamp 218302239273489|Src n/a
[engine] opt failed id=1700  ProtosRootNode@7a3c38ba                            |Tier 1|Time   73(-218302239+218302312)ms|Reason: jdk.graal.compiler.truffle.GraphTooBigBailoutException: Graph too big to safely compile. Node count: 50290. Graph Size: 150037. Limit: 150000.|Timestamp 218302312138369|Src n/a
[engine] opt done   id=1687  ProtosRootNode@36f9de7e                            |Tier 1|Time    15(   5+10  )ms|AST    2|Inlined   0Y   0N|IR    888/  1275|CodeSize    5532|Addr 0x7f2f7b9a46e0|Timestamp 218302327034820|Src n/a
[engine] opt done   id=1688  ProtosRootNode@dcec24f                             |Tier 1|Time   146(  19+127 )ms|AST    7|Inlined   0Y   0N|IR   3601/ 12363|CodeSize   61474|Addr 0x7f2f7c9e7c00|Timestamp 218302473105271|Src n/a
[engine] opt done   id=1788  ProtosRootNode@7eae4835                            |Tier 1|Time    15(   4+11  )ms|AST    2|Inlined   0Y   0N|IR    591/  1658|CodeSize    7561|Addr 0x7f2f7c7a2920|Timestamp 218302680489956|Src n/a
[engine] opt done   id=1789  ProtosRootNode@320b4a4a                            |Tier 1|Time  1125(  97+1028)ms|AST   21|Inlined   0Y   0N|IR  15655/ 56247|CodeSize  287573|Addr 0x7f2f7c4cb6c0|Timestamp 218303806090199|Src n/a
[engine] opt done   id=1784  ProtosRootNode@5faf4a2b                            |Tier 1|Time    14(   4+10  )ms|AST    2|Inlined   0Y   0N|IR    888/  1275|CodeSize    5532|Addr 0x7f2f7b9a1ee0|Timestamp 218303824735882|Src n/a
[engine] opt done   id=1785  ProtosRootNode@3a1ba907                            |Tier 1|Time   494(  44+450 )ms|AST   11|Inlined   0Y   0N|IR   8632/ 29000|CodeSize  147709|Addr 0x7f2f7b7461e0|Timestamp 218304342743452|Src n/a
[engine] opt done   id=1786  ProtosRootNode@18e82f1c                            |Tier 1|Time    14(   4+10  )ms|AST    2|Inlined   0Y   0N|IR    888/  1275|CodeSize    5532|Addr 0x7f2f7c9e4860|Timestamp 218304357778822|Src n/a
[engine] opt done   id=1787  ProtosRootNode@51fa6225                            |Tier 1|Time  1190( 116+1074)ms|AST   20|Inlined   0Y   0N|IR  16196/ 54617|CodeSize  284840|Addr 0x7f2f7c973440|Timestamp 218305547957710|Src n/a
[engine] opt done   id=1788  ProtosRootNode@7eae4835                            |Tier 2|Time    19(   3+16  )ms|AST    2|Inlined   0Y   0N|IR    518/  1448|CodeSize    7174|Addr 0x7f2f7c79f3e0|Timestamp 218305627871086|Src n/a
[engine] opt done   id=1789  ProtosRootNode@320b4a4a                            |Tier 2|Time  1262( 100+1161)ms|AST   21|Inlined   0Y   0N|IR  15582/ 46140|CodeSize  253681|Addr 0x7f2f7ba6fe40|Timestamp 218306889838864|Src n/a
[engine] opt done   id=1784  ProtosRootNode@5faf4a2b                            |Tier 2|Time    17(   4+13  )ms|AST    2|Inlined   0Y   0N|IR    815/   944|CodeSize    4429|Addr 0x7f2f7bd2e100|Timestamp 218306951884667|Src n/a
[engine] opt done   id=1785  ProtosRootNode@3a1ba907                            |Tier 2|Time   530(  51+479 )ms|AST   11|Inlined   0Y   0N|IR   8559/ 23429|CodeSize  125539|Addr 0x7f2f7c1de5a0|Timestamp 218307497776507|Src n/a
[engine] opt done   id=1786  ProtosRootNode@18e82f1c                            |Tier 2|Time    17(   4+13  )ms|AST    2|Inlined   0Y   0N|IR    815/   944|CodeSize    4429|Addr 0x7f2f7c1dac00|Timestamp 218307528302818|Src n/a
[engine] opt done   id=1787  ProtosRootNode@51fa6225                            |Tier 2|Time  1155( 102+1053)ms|AST   20|Inlined   0Y   0N|IR  16123/ 43920|CodeSize  240015|Addr 0x7f2f7c35bc40|Timestamp 218308683653121|Src n/a
[engine] opt done   id=1790  ProtosRootNode@28046760                            |Tier 1|Time    22(   4+18  )ms|AST    2|Inlined   0Y   0N|IR    888/  2671|CodeSize   13140|Addr 0x7f2f7c799740|Timestamp 218308743953063|Src n/a
[engine] opt failed id=1791  ProtosRootNode@9a517c1                             |Tier 1|Time   55(-218308744+218308799)ms|Reason: jdk.graal.compiler.truffle.GraphTooBigBailoutException: Graph too big to safely compile. Node count: 50290. Graph Size: 150037. Limit: 150000.|Timestamp 218308799595802|Src n/a
[engine] opt failed id=1791  ProtosRootNode@9a517c1                             |Tier 1|Time   67(-218308800+218308867)ms|Reason: jdk.graal.compiler.truffle.GraphTooBigBailoutException: Graph too big to safely compile. Node count: 50290. Graph Size: 150037. Limit: 150000.|Timestamp 218308866703249|Src n/a
[engine] opt done   id=1778  ProtosRootNode@3b23a32a                            |Tier 1|Time    14(   4+10  )ms|AST    2|Inlined   0Y   0N|IR    888/  1275|CodeSize    5532|Addr 0x7f2f7c1d81e0|Timestamp 218308880663519|Src n/a
[engine] opt done   id=1779  ProtosRootNode@7712ff86                            |Tier 1|Time   147(  19+127 )ms|AST    7|Inlined   0Y   0N|IR   3601/ 12363|CodeSize   61474|Addr 0x7f2f7bbdf480|Timestamp 218309027727411|Src n/a
[engine] opt done   id=1879  ProtosRootNode@3dbbacd2                            |Tier 1|Time    27(   6+21  )ms|AST    2|Inlined   0Y   0N|IR    591/  1658|CodeSize    7561|Addr 0x7f2f7bbdb220|Timestamp 218309243505561|Src n/a
[engine] opt done   id=1880  ProtosRootNode@1090272f                            |Tier 1|Time  1120(  96+1024)ms|AST   21|Inlined   0Y   0N|IR  15655/ 56247|CodeSize  287573|Addr 0x7f2f7c86aac0|Timestamp 218310366522912|Src n/a
[engine] opt done   id=1875  ProtosRootNode@3b76750e                            |Tier 1|Time    15(   5+10  )ms|AST    2|Inlined   0Y   0N|IR    888/  1275|CodeSize    5532|Addr 0x7f2f7bbd89e0|Timestamp 218310383716414|Src n/a
[engine] opt done   id=1876  ProtosRootNode@2989230a                            |Tier 1|Time   458(  51+407 )ms|AST   11|Inlined   0Y   0N|IR   8632/ 29000|CodeSize  147709|Addr 0x7f2f7b8e69e0|Timestamp 218310860082055|Src n/a
[engine] opt done   id=1877  ProtosRootNode@7e9f9789                            |Tier 1|Time    15(   5+10  )ms|AST    2|Inlined   0Y   0N|IR    888/  1275|CodeSize    5532|Addr 0x7f2f7c796d60|Timestamp 218310896087140|Src n/a
[engine] opt done   id=1878  ProtosRootNode@a5d411f                             |Tier 1|Time  1216( 105+1111)ms|AST   20|Inlined   0Y   0N|IR  16196/ 54617|CodeSize  284840|Addr 0x7f2f7c7f65c0|Timestamp 218312112478047|Src n/a
[engine] opt done   id=1879  ProtosRootNode@3dbbacd2                            |Tier 2|Time    43(   5+38  )ms|AST    2|Inlined   0Y   0N|IR    518/  1448|CodeSize    7174|Addr 0x7f2f7c793860|Timestamp 218312215057848|Src n/a
[engine] opt done   id=1880  ProtosRootNode@1090272f                            |Tier 2|Time  1319( 106+1213)ms|AST   21|Inlined   0Y   0N|IR  15582/ 46140|CodeSize  253681|Addr 0x7f2f7c0208c0|Timestamp 218313534095575|Src n/a
[engine] opt done   id=1875  ProtosRootNode@3b76750e                            |Tier 2|Time    17(   4+13  )ms|AST    2|Inlined   0Y   0N|IR    815/   944|CodeSize    4429|Addr 0x7f2f7bbd6800|Timestamp 218313615104422|Src n/a
[engine] opt done   id=1876  ProtosRootNode@2989230a                            |Tier 2|Time   513(  47+466 )ms|AST   11|Inlined   0Y   0N|IR   8559/ 23429|CodeSize  125539|Addr 0x7f2f7c7c0aa0|Timestamp 218314128611499|Src n/a
[engine] opt done   id=1877  ProtosRootNode@7e9f9789                            |Tier 2|Time    20(   6+14  )ms|AST    2|Inlined   0Y   0N|IR    815/   944|CodeSize    4429|Addr 0x7f2f7c791600|Timestamp 218314173210300|Src n/a
[engine] opt done   id=1878  ProtosRootNode@a5d411f                             |Tier 2|Time  1180( 102+1078)ms|AST   20|Inlined   0Y   0N|IR  16123/ 43920|CodeSize  240015|Addr 0x7f2f7bfbf540|Timestamp 218315353303351|Src n/a
[engine] opt done   id=1881  ProtosRootNode@1ced5e06                            |Tier 1|Time    23(   5+18  )ms|AST    2|Inlined   0Y   0N|IR    888/  2671|CodeSize   13140|Addr 0x7f2f7c7b96c0|Timestamp 218315414121943|Src n/a
[engine] opt failed id=1882  ProtosRootNode@3b4ce0cc                            |Tier 1|Time   62(-218315414+218315476)ms|Reason: jdk.graal.compiler.truffle.GraphTooBigBailoutException: Graph too big to safely compile. Node count: 50290. Graph Size: 150037. Limit: 150000.|Timestamp 218315476346766|Src n/a
[engine] opt failed id=1882  ProtosRootNode@3b4ce0cc                            |Tier 1|Time   57(-218315478+218315535)ms|Reason: jdk.graal.compiler.truffle.GraphTooBigBailoutException: Graph too big to safely compile. Node count: 50290. Graph Size: 150037. Limit: 150000.|Timestamp 218315536075118|Src n/a
[engine] opt done   id=1869  ProtosRootNode@51a77db1                            |Tier 1|Time    27(   7+20  )ms|AST    2|Inlined   0Y   0N|IR    888/  1275|CodeSize    5532|Addr 0x7f2f7c7b4f60|Timestamp 218315588460884|Src n/a
[engine] opt done   id=1870  ProtosRootNode@48787167                            |Tier 1|Time   147(  22+126 )ms|AST    7|Inlined   0Y   0N|IR   3601/ 12363|CodeSize   61474|Addr 0x7f2f7c703080|Timestamp 218315736048697|Src n/a
