[To redirect Truffle log output to a file use one of the following options:
* '--log.file=<path>' if the option is passed using a guest language launcher.
* '-Dpolyglot.log.file=<path>' if the option is passed using the host Java launcher.
* Configure logging using the polyglot embedding API.]
[engine] opt done   id=150   ProtosRootNode@63dcaeab                            |Tier 1|Time    79(  54+26  )ms|AST    2|Inlined   0Y   0N|IR    591/  1658|CodeSize    7561|Addr 0x7f4af315d120|Timestamp 217950036460258|Src n/a
[engine] opt done   id=151   ProtosRootNode@764a4cb1                            |Tier 1|Time  2107( 226+1880)ms|AST   21|Inlined   0Y   0N|IR  20851/ 81773|CodeSize  436754|Addr 0x7f4af316f8a0|Timestamp 217952149264654|Src n/a
[engine] opt done   id=146   ProtosRootNode@ae99223                             |Tier 1|Time    27(   8+19  )ms|AST    2|Inlined   0Y   0N|IR    888/  1275|CodeSize    5532|Addr 0x7f4af3214f60|Timestamp 217952244689240|Src n/a
[engine] opt done   id=147   ProtosRootNode@79f862c5                            |Tier 1|Time   665(  82+583 )ms|AST   11|Inlined   0Y   0N|IR  10711/ 39220|CodeSize  206041|Addr 0x7f4af321df40|Timestamp 217952912357384|Src n/a
[engine] opt done   id=103   ProtosRootNode@1484d786                            |Tier 1|Time    21(   4+17  )ms|AST    2|Inlined   0Y   0N|IR    591/  1658|CodeSize    7561|Addr 0x7f4af326e1a0|Timestamp 217952935542240|Src n/a
[engine] opt done   id=104   ProtosRootNode@44e175c1                            |Tier 1|Time   210(  24+186 )ms|AST    6|Inlined   0Y   0N|IR   5217/ 19409|CodeSize  101975|Addr 0x7f4af3272da0|Timestamp 217953146289576|Src n/a
[engine] opt done   id=148   ProtosRootNode@159e8496                            |Tier 1|Time    14(   5+9   )ms|AST    2|Inlined   0Y   0N|IR    888/  1275|CodeSize    5532|Addr 0x7f4af329a360|Timestamp 217953162777158|Src n/a
[engine] opt done   id=149   ProtosRootNode@3a411301                            |Tier 1|Time  1761( 135+1626)ms|AST   20|Inlined   0Y   0N|IR  20353/ 75041|CodeSize  397465|Addr 0x7f4af32a2ec0|Timestamp 217954925062981|Src n/a
[engine] opt done   id=150   ProtosRootNode@63dcaeab                            |Tier 2|Time    46(   7+39  )ms|AST    2|Inlined   0Y   0N|IR    518/  1448|CodeSize    7174|Addr 0x7f4af3347ce0|Timestamp 217955203318124|Src n/a
[engine] opt done   id=151   ProtosRootNode@764a4cb1                            |Tier 2|Time  1894( 175+1719)ms|AST   21|Inlined   0Y   0N|IR  20778/ 68815|CodeSize  387532|Addr 0x7f4af335a720|Timestamp 217957101586161|Src n/a
[engine] opt done   id=146   ProtosRootNode@ae99223                             |Tier 2|Time    35(   7+27  )ms|AST    2|Inlined   0Y   0N|IR    815/   944|CodeSize    4429|Addr 0x7f4af33f3700|Timestamp 217957300345639|Src n/a
[engine] opt done   id=147   ProtosRootNode@79f862c5                            |Tier 2|Time   763( 119+644 )ms|AST   11|Inlined   0Y   0N|IR  10638/ 32814|CodeSize  176872|Addr 0x7f4af3404960|Timestamp 217958065349720|Src n/a
[engine] opt done   id=103   ProtosRootNode@1484d786                            |Tier 2|Time    27(   4+23  )ms|AST    2|Inlined   0Y   0N|IR    518/  1448|CodeSize    7174|Addr 0x7f4af34483e0|Timestamp 217958093464870|Src n/a
[engine] opt done   id=104   ProtosRootNode@44e175c1                            |Tier 2|Time   256(  24+233 )ms|AST    6|Inlined   0Y   0N|IR   5144/ 16227|CodeSize   85747|Addr 0x7f4af344c660|Timestamp 217958350876158|Src n/a
[engine] opt done   id=148   ProtosRootNode@159e8496                            |Tier 2|Time    56(   7+49  )ms|AST    2|Inlined   0Y   0N|IR    815/   944|CodeSize    4429|Addr 0x7f4af3470d00|Timestamp 217958415963663|Src n/a
[engine] opt done   id=149   ProtosRootNode@3a411301                            |Tier 2|Time  1736( 136+1600)ms|AST   20|Inlined   0Y   0N|IR  20280/ 62658|CodeSize  342484|Addr 0x7f4af3478780|Timestamp 217960154087370|Src n/a
[engine] opt done   id=101   ProtosRootNode@68000f                              |Tier 1|Time    21(   7+14  )ms|AST    2|Inlined   0Y   0N|IR    591/  1658|CodeSize    7561|Addr 0x7f4af34fb4a0|Timestamp 217960243798892|Src n/a
[engine] opt done   id=102   ProtosRootNode@6785e5bc                            |Tier 1|Time   423(  41+382 )ms|AST    9|Inlined   0Y   0N|IR   7951/ 31452|CodeSize  167494|Addr 0x7f4af3500bc0|Timestamp 217960669063217|Src n/a
[engine] opt done   id=99    ProtosRootNode@23831153                            |Tier 1|Time    14(   4+9   )ms|AST    2|Inlined   0Y   0N|IR    888/  1275|CodeSize    5532|Addr 0x7f4af35410e0|Timestamp 217960702964531|Src n/a
[engine] opt done   id=100   ProtosRootNode@9f827e0                             |Tier 1|Time   863(  78+785 )ms|AST   13|Inlined   0Y   0N|IR  12899/ 48349|CodeSize  260527|Addr 0x7f4af35484a0|Timestamp 217961566529500|Src n/a
[engine] opt done   id=105   ProtosRootNode@35740ddd                            |Tier 1|Time    14(   4+9   )ms|AST    2|Inlined   0Y   0N|IR    888/  1275|CodeSize    5532|Addr 0x7f4af35ab7e0|Timestamp 217961581213550|Src n/a
[engine] opt done   id=106   ProtosRootNode@5229a13b                            |Tier 1|Time   335(  43+292 )ms|AST    9|Inlined   0Y   0N|IR   6486/ 23741|CodeSize  126115|Addr 0x7f4af35b0c20|Timestamp 217961917817584|Src n/a
[engine] opt done   id=152   ProtosRootNode@5532c17d                            |Tier 1|Time    21(   4+17  )ms|AST    2|Inlined   0Y   0N|IR    888/  2671|CodeSize   13140|Addr 0x7f4af35e2640|Timestamp 217961939949669|Src n/a
[engine] opt failed id=153   ProtosRootNode@1f2db062                            |Tier 1|Time   63(-217961941+217962004)ms|Reason: jdk.graal.compiler.truffle.GraphTooBigBailoutException: Graph too big to safely compile. Node count: 50681. Graph Size: 150026. Limit: 150000.|Timestamp 217962003783284|Src n/a
[engine] opt failed id=153   ProtosRootNode@1f2db062                            |Tier 1|Time   42(-217962025+217962068)ms|Reason: jdk.graal.compiler.truffle.GraphTooBigBailoutException: Graph too big to safely compile. Node count: 50681. Graph Size: 150026. Limit: 150000.|Timestamp 217962068989839|Src n/a
[engine] opt done   id=140   ProtosRootNode@129d9279                            |Tier 1|Time    27(   7+19  )ms|AST    2|Inlined   0Y   0N|IR    888/  1275|CodeSize    5532|Addr 0x7f4af35ed7e0|Timestamp 217962102843122|Src n/a
[engine] opt done   id=141   ProtosRootNode@35e648ed                            |Tier 1|Time   190(  23+166 )ms|AST    7|Inlined   0Y   0N|IR   4642/ 17482|CodeSize   90120|Addr 0x7f4af35f2280|Timestamp 217962294393886|Src n/a
[engine] opt done   id=241   ProtosRootNode@25694eb3                            |Tier 1|Time    27(   7+20  )ms|AST    2|Inlined   0Y   0N|IR    591/  1658|CodeSize    7561|Addr 0x7f4af3627a20|Timestamp 217962603911420|Src n/a
[engine] opt done   id=242   ProtosRootNode@51b011db                            |Tier 1|Time  2037( 133+1903)ms|AST   21|Inlined   0Y   0N|IR  20851/ 81773|CodeSize  436754|Addr 0x7f4af3631ba0|Timestamp 217964643114766|Src n/a
[engine] opt done   id=237   ProtosRootNode@634ea689                            |Tier 1|Time    27(   8+19  )ms|AST    2|Inlined   0Y   0N|IR    888/  1275|CodeSize    5532|Addr 0x7f4af36d6b60|Timestamp 217964697594494|Src n/a
[engine] opt done   id=238   ProtosRootNode@15c65d11                            |Tier 1|Time   739(  92+647 )ms|AST   11|Inlined   0Y   0N|IR  10711/ 39220|CodeSize  206041|Addr 0x7f4af36e2340|Timestamp 217965437795927|Src n/a
[engine] opt done   id=239   ProtosRootNode@62652969                            |Tier 1|Time    21(   8+13  )ms|AST    2|Inlined   0Y   0N|IR    888/  1275|CodeSize    5532|Addr 0x7f4af3733c60|Timestamp 217965462256774|Src n/a
[engine] opt done   id=240   ProtosRootNode@7e2e2aa9                            |Tier 1|Time  1800( 138+1662)ms|AST   20|Inlined   0Y   0N|IR  20353/ 75041|CodeSize  397465|Addr 0x7f4af373b9c0|Timestamp 217967262539174|Src n/a
[engine] opt done   id=241   ProtosRootNode@25694eb3                            |Tier 2|Time    36(   7+29  )ms|AST    2|Inlined   0Y   0N|IR    518/  1448|CodeSize    7174|Addr 0x7f4af37d8d60|Timestamp 217967402792591|Src n/a
[engine] opt done   id=242   ProtosRootNode@51b011db                            |Tier 2|Time  1844( 125+1720)ms|AST   21|Inlined   0Y   0N|IR  20778/ 68815|CodeSize  387532|Addr 0x7f4af37e08a0|Timestamp 217969247568662|Src n/a
[engine] opt done   id=237   ProtosRootNode@634ea689                            |Tier 2|Time    16(   4+12  )ms|AST    2|Inlined   0Y   0N|IR    815/   944|CodeSize    4429|Addr 0x7f4af3874000|Timestamp 217969383005866|Src n/a
[engine] opt done   id=238   ProtosRootNode@15c65d11                            |Tier 2|Time   683(  55+628 )ms|AST   11|Inlined   0Y   0N|IR  10638/ 32814|CodeSize  176872|Addr 0x7f4af3878060|Timestamp 217970066765120|Src n/a
[engine] opt done   id=239   ProtosRootNode@62652969                            |Tier 2|Time    23(   4+18  )ms|AST    2|Inlined   0Y   0N|IR    815/   944|CodeSize    4429|Addr 0x7f4af38bb400|Timestamp 217970092725648|Src n/a
[engine] opt done   id=240   ProtosRootNode@7e2e2aa9                            |Tier 2|Time  1786( 135+1651)ms|AST   20|Inlined   0Y   0N|IR  20280/ 62658|CodeSize  342484|Addr 0x7f4af38c2c80|Timestamp 217971879466469|Src n/a
[engine] opt done   id=243   ProtosRootNode@1603f54                             |Tier 1|Time    22(   5+17  )ms|AST    2|Inlined   0Y   0N|IR    888/  2671|CodeSize   13140|Addr 0x7f4af39432c0|Timestamp 217971939226370|Src n/a
[engine] opt failed id=244   ProtosRootNode@9b344a                              |Tier 1|Time   42(-217971940+217971981)ms|Reason: jdk.graal.compiler.truffle.GraphTooBigBailoutException: Graph too big to safely compile. Node count: 50681. Graph Size: 150026. Limit: 150000.|Timestamp 217971981483609|Src n/a
[engine] opt failed id=244   ProtosRootNode@9b344a                              |Tier 1|Time   42(-217971990+217972031)ms|Reason: jdk.graal.compiler.truffle.GraphTooBigBailoutException: Graph too big to safely compile. Node count: 50681. Graph Size: 150026. Limit: 150000.|Timestamp 217972031422594|Src n/a
[engine] opt done   id=231   ProtosRootNode@50fb9771                            |Tier 1|Time    13(   4+9   )ms|AST    2|Inlined   0Y   0N|IR    888/  1275|CodeSize    5532|Addr 0x7f4af39491e0|Timestamp 217972045408734|Src n/a
[engine] opt done   id=232   ProtosRootNode@3f3cceb9                            |Tier 1|Time   190(  23+166 )ms|AST    7|Inlined   0Y   0N|IR   4642/ 17482|CodeSize   90120|Addr 0x7f4af394d300|Timestamp 217972235552646|Src n/a
[engine] opt done   id=332   ProtosRootNode@72c68aa0                            |Tier 1|Time    24(  10+14  )ms|AST    2|Inlined   0Y   0N|IR    591/  1658|CodeSize    7561|Addr 0x7f4af3979620|Timestamp 217972503593842|Src n/a
[engine] opt done   id=333   ProtosRootNode@58cf9b91                            |Tier 1|Time  1891( 141+1750)ms|AST   21|Inlined   0Y   0N|IR  20851/ 81773|CodeSize  436754|Addr 0x7f4af3982320|Timestamp 217974394955005|Src n/a
[engine] opt done   id=328   ProtosRootNode@61ab374b                            |Tier 1|Time    14(   4+10  )ms|AST    2|Inlined   0Y   0N|IR    888/  1275|CodeSize    5532|Addr 0x7f4af3a266e0|Timestamp 217974428965829|Src n/a
[engine] opt done   id=329   ProtosRootNode@38049459                            |Tier 1|Time   612(  55+557 )ms|AST   11|Inlined   0Y   0N|IR  10711/ 39220|CodeSize  206041|Addr 0x7f4af3a2b840|Timestamp 217975041711174|Src n/a
[engine] opt done   id=330   ProtosRootNode@775db66b                            |Tier 1|Time    14(   5+9   )ms|AST    2|Inlined   0Y   0N|IR    888/  1275|CodeSize    5532|Addr 0x7f4af3a7ba60|Timestamp 217975073998266|Src n/a
[engine] opt done   id=331   ProtosRootNode@485f45c5                            |Tier 1|Time  1820( 128+1692)ms|AST   20|Inlined   0Y   0N|IR  20353/ 75041|CodeSize  397465|Addr 0x7f4af3a83ac0|Timestamp 217976895706841|Src n/a
[engine] opt done   id=332   ProtosRootNode@72c68aa0                            |Tier 2|Time    19(   4+15  )ms|AST    2|Inlined   0Y   0N|IR    518/  1448|CodeSize    7174|Addr 0x7f4af3b1cc60|Timestamp 217977003903116|Src n/a
[engine] opt done   id=333   ProtosRootNode@58cf9b91                            |Tier 2|Time  1884( 118+1765)ms|AST   21|Inlined   0Y   0N|IR  20778/ 68815|CodeSize  387532|Addr 0x7f4af3b244a0|Timestamp 217978888660764|Src n/a
[engine] opt done   id=328   ProtosRootNode@61ab374b                            |Tier 2|Time    34(   8+26  )ms|AST    2|Inlined   0Y   0N|IR    815/   944|CodeSize    4429|Addr 0x7f4af3bb3f80|Timestamp 217979022604217|Src n/a
[engine] opt done   id=329   ProtosRootNode@38049459                            |Tier 2|Time   644(  56+588 )ms|AST   11|Inlined   0Y   0N|IR  10638/ 32814|CodeSize  176872|Addr 0x7f4af3bbc560|Timestamp 217979667344365|Src n/a
[engine] opt done   id=330   ProtosRootNode@775db66b                            |Tier 2|Time    22(   4+18  )ms|AST    2|Inlined   0Y   0N|IR    815/   944|CodeSize    4429|Addr 0x7f4af3bff900|Timestamp 217979692583272|Src n/a
[engine] opt done   id=331   ProtosRootNode@485f45c5                            |Tier 2|Time  1681( 131+1551)ms|AST   20|Inlined   0Y   0N|IR  20280/ 62658|CodeSize  342484|Addr 0x7f4af3c07900|Timestamp 217981374300420|Src n/a
[engine] opt done   id=334   ProtosRootNode@543dcfd4                            |Tier 1|Time    21(   4+17  )ms|AST    2|Inlined   0Y   0N|IR    888/  2671|CodeSize   13140|Addr 0x7f4af3c88ac0|Timestamp 217981448823512|Src n/a
[engine] opt failed id=335   ProtosRootNode@1fb64c6e                            |Tier 1|Time   42(-217981449+217981491)ms|Reason: jdk.graal.compiler.truffle.GraphTooBigBailoutException: Graph too big to safely compile. Node count: 50681. Graph Size: 150026. Limit: 150000.|Timestamp 217981491057241|Src n/a
[engine] opt failed id=335   ProtosRootNode@1fb64c6e                            |Tier 1|Time   42(-217981498+217981540)ms|Reason: jdk.graal.compiler.truffle.GraphTooBigBailoutException: Graph too big to safely compile. Node count: 50681. Graph Size: 150026. Limit: 150000.|Timestamp 217981539948575|Src n/a
[engine] opt done   id=322   ProtosRootNode@1c6afcf6                            |Tier 1|Time    14(   4+10  )ms|AST    2|Inlined   0Y   0N|IR    888/  1275|CodeSize    5532|Addr 0x7f4af3c8e6e0|Timestamp 217981554624725|Src n/a
[engine] opt done   id=323   ProtosRootNode@1f4c40a3                            |Tier 1|Time   401(  42+359 )ms|AST    7|Inlined   0Y   0N|IR   4642/ 17482|CodeSize   90120|Addr 0x7f4af3c91f00|Timestamp 217981959432916|Src n/a
[engine] opt done   id=423   ProtosRootNode@a7a8417                             |Tier 1|Time    17(   6+11  )ms|AST    2|Inlined   0Y   0N|IR    591/  1658|CodeSize    7561|Addr 0x7f4af3cb9920|Timestamp 217982285109002|Src n/a
[engine] opt done   id=424   ProtosRootNode@68b08ef                             |Tier 1|Time  1960( 129+1831)ms|AST   21|Inlined   0Y   0N|IR  20851/ 81773|CodeSize  436754|Addr 0x7f4af3cc2620|Timestamp 217984253216128|Src n/a
[engine] opt done   id=419   ProtosRootNode@3006794c                            |Tier 1|Time    14(   5+9   )ms|AST    2|Inlined   0Y   0N|IR    888/  1275|CodeSize    5532|Addr 0x7f4af3d672e0|Timestamp 217984292881896|Src n/a
[engine] opt done   id=420   ProtosRootNode@540dcefe                            |Tier 1|Time   678(  56+622 )ms|AST   11|Inlined   0Y   0N|IR  10711/ 39220|CodeSize  206041|Addr 0x7f4af3d6c740|Timestamp 217984970985977|Src n/a
[engine] opt done   id=421   ProtosRootNode@98d9eae                             |Tier 1|Time    14(   5+10  )ms|AST    2|Inlined   0Y   0N|IR    888/  1275|CodeSize    5532|Addr 0x7f4af3dbc960|Timestamp 217984986420878|Src n/a
[engine] opt done   id=422   ProtosRootNode@1c5b902a                            |Tier 1|Time  1833( 124+1710)ms|AST   20|Inlined   0Y   0N|IR  20353/ 75041|CodeSize  397465|Addr 0x7f4af3dc46c0|Timestamp 217986832791439|Src n/a
[engine] opt done   id=423   ProtosRootNode@a7a8417                             |Tier 2|Time    24(   7+17  )ms|AST    2|Inlined   0Y   0N|IR    518/  1448|CodeSize    7174|Addr 0x7f4af3e5d3e0|Timestamp 217986938577223|Src n/a
[engine] opt done   id=424   ProtosRootNode@68b08ef                             |Tier 2|Time  1886( 119+1767)ms|AST   21|Inlined   0Y   0N|IR  20778/ 68815|CodeSize  387532|Addr 0x7f4af3e64c20|Timestamp 217988825684333|Src n/a
[engine] opt done   id=419   ProtosRootNode@3006794c                            |Tier 2|Time    33(   7+25  )ms|AST    2|Inlined   0Y   0N|IR    815/   944|CodeSize    4429|Addr 0x7f4af3ef4700|Timestamp 217988992192028|Src n/a
[engine] opt done   id=420   ProtosRootNode@540dcefe                            |Tier 2|Time  1234( 115+1119)ms|AST   11|Inlined   0Y   0N|IR  10638/ 32814|CodeSize  176872|Addr 0x7f4af3ef9d60|Timestamp 217990227235266|Src n/a
[engine] opt done   id=421   ProtosRootNode@98d9eae                             |Tier 2|Time    22(   4+18  )ms|AST    2|Inlined   0Y   0N|IR    815/   944|CodeSize    4429|Addr 0x7f4af3f3d100|Timestamp 217990252893934|Src n/a
[engine] opt done   id=422   ProtosRootNode@1c5b902a                            |Tier 2|Time  1745( 129+1616)ms|AST   20|Inlined   0Y   0N|IR  20280/ 62658|CodeSize  342484|Addr 0x7f4af3f43400|Timestamp 217991998276605|Src n/a
[engine] opt done   id=425   ProtosRootNode@90a097e                             |Tier 1|Time    45(   9+36  )ms|AST    2|Inlined   0Y   0N|IR    888/  2671|CodeSize   13140|Addr 0x7f4af3fc3a40|Timestamp 217992117292918|Src n/a
[engine] opt failed id=426   ProtosRootNode@61d91954                            |Tier 1|Time  126(-217992118+217992244)ms|Reason: jdk.graal.compiler.truffle.GraphTooBigBailoutException: Graph too big to safely compile. Node count: 50681. Graph Size: 150026. Limit: 150000.|Timestamp 217992243858906|Src n/a
[engine] opt failed id=426   ProtosRootNode@61d91954                            |Tier 1|Time   85(-217992244+217992329)ms|Reason: jdk.graal.compiler.truffle.GraphTooBigBailoutException: Graph too big to safely compile. Node count: 50681. Graph Size: 150026. Limit: 150000.|Timestamp 217992329162485|Src n/a
[engine] opt done   id=413   ProtosRootNode@497efa73                            |Tier 1|Time    26(   8+19  )ms|AST    2|Inlined   0Y   0N|IR    888/  1275|CodeSize    5532|Addr 0x7f4af3fc9660|Timestamp 217992373701886|Src n/a
[engine] opt done   id=414   ProtosRootNode@70dc096a                            |Tier 1|Time   333(  48+285 )ms|AST    7|Inlined   0Y   0N|IR   4642/ 17482|CodeSize   90120|Addr 0x7f4af3fce580|Timestamp 217992706951518|Src n/a
[engine] opt done   id=514   ProtosRootNode@2c97534f                            |Tier 1|Time    24(   7+17  )ms|AST    2|Inlined   0Y   0N|IR    591/  1658|CodeSize    7561|Addr 0x7f4af3ff61a0|Timestamp 217992950335746|Src n/a
[engine] opt done   id=515   ProtosRootNode@798508d6                            |Tier 1|Time  1935( 129+1806)ms|AST   21|Inlined   0Y   0N|IR  20851/ 81773|CodeSize  436754|Addr 0x7f4af3fff220|Timestamp 217994886890301|Src n/a
[engine] opt done   id=510   ProtosRootNode@56d6d12                             |Tier 1|Time    15(   6+9   )ms|AST    2|Inlined   0Y   0N|IR    888/  1275|CodeSize    5532|Addr 0x7f4af40a3960|Timestamp 217994923758136|Src n/a
[engine] opt done   id=511   ProtosRootNode@7b8b2f62                            |Tier 1|Time   621(  55+566 )ms|AST   11|Inlined   0Y   0N|IR  10711/ 39220|CodeSize  206041|Addr 0x7f4af40a8ac0|Timestamp 217995545618028|Src n/a
[engine] opt done   id=512   ProtosRootNode@1a5adde6                            |Tier 1|Time    14(   5+9   )ms|AST    2|Inlined   0Y   0N|IR    888/  1275|CodeSize    5532|Addr 0x7f4af40f8ce0|Timestamp 217995575394799|Src n/a
[engine] opt done   id=513   ProtosRootNode@6527c403                            |Tier 1|Time  1839( 123+1717)ms|AST   20|Inlined   0Y   0N|IR  20353/ 75041|CodeSize  397465|Addr 0x7f4af4100a40|Timestamp 217997415016456|Src n/a
[engine] opt done   id=514   ProtosRootNode@2c97534f                            |Tier 2|Time    19(   4+15  )ms|AST    2|Inlined   0Y   0N|IR    518/  1448|CodeSize    7174|Addr 0x7f4af4199760|Timestamp 217997497711194|Src n/a
[engine] opt done   id=515   ProtosRootNode@798508d6                            |Tier 2|Time  1906( 128+1778)ms|AST   21|Inlined   0Y   0N|IR  20778/ 68815|CodeSize  387532|Addr 0x7f4af41a12a0|Timestamp 217999406332489|Src n/a
[engine] opt done   id=510   ProtosRootNode@56d6d12                             |Tier 2|Time    16(   4+12  )ms|AST    2|Inlined   0Y   0N|IR    815/   944|CodeSize    4429|Addr 0x7f4af4230d80|Timestamp 217999489602897|Src n/a
[engine] opt done   id=511   ProtosRootNode@7b8b2f62                            |Tier 2|Time   678(  55+624 )ms|AST   11|Inlined   0Y   0N|IR  10638/ 32814|CodeSize  176872|Addr 0x7f4af4234de0|Timestamp 218000168433898|Src n/a
[engine] opt done   id=512   ProtosRootNode@1a5adde6                            |Tier 2|Time    22(   4+18  )ms|AST    2|Inlined   0Y   0N|IR    815/   944|CodeSize    4429|Addr 0x7f4af4278180|Timestamp 218000193709055|Src n/a
[engine] opt done   id=513   ProtosRootNode@6527c403                            |Tier 2|Time  1768( 121+1647)ms|AST   20|Inlined   0Y   0N|IR  20280/ 62658|CodeSize  342484|Addr 0x7f4af427dd80|Timestamp 218001962156043|Src n/a
[engine] opt done   id=516   ProtosRootNode@53b26614                            |Tier 1|Time    22(   4+17  )ms|AST    2|Inlined   0Y   0N|IR    888/  2671|CodeSize   13140|Addr 0x7f4af42fe3c0|Timestamp 218002021661425|Src n/a
[engine] opt failed id=517   ProtosRootNode@a6c3ee4                             |Tier 1|Time   43(-218002022+218002065)ms|Reason: jdk.graal.compiler.truffle.GraphTooBigBailoutException: Graph too big to safely compile. Node count: 50681. Graph Size: 150026. Limit: 150000.|Timestamp 218002065050415|Src n/a
[engine] opt failed id=517   ProtosRootNode@a6c3ee4                             |Tier 1|Time   44(-218002073+218002117)ms|Reason: jdk.graal.compiler.truffle.GraphTooBigBailoutException: Graph too big to safely compile. Node count: 50681. Graph Size: 150026. Limit: 150000.|Timestamp 218002117135251|Src n/a
[engine] opt done   id=504   ProtosRootNode@3eaeb6db                            |Tier 1|Time    14(   4+10  )ms|AST    2|Inlined   0Y   0N|IR    888/  1275|CodeSize    5532|Addr 0x7f4af4304360|Timestamp 218002131107711|Src n/a
[engine] opt done   id=505   ProtosRootNode@1f49ac84                            |Tier 1|Time   194(  23+171 )ms|AST    7|Inlined   0Y   0N|IR   4642/ 17482|CodeSize   90120|Addr 0x7f4af4307b80|Timestamp 218002325553746|Src n/a
[engine] opt done   id=605   ProtosRootNode@163ca6ce                            |Tier 1|Time    26(   7+19  )ms|AST    2|Inlined   0Y   0N|IR    591/  1658|CodeSize    7561|Addr 0x7f4af432ca20|Timestamp 218002531635049|Src n/a
[engine] opt done   id=606   ProtosRootNode@272fd8ac                            |Tier 1|Time  2029( 176+1853)ms|AST   21|Inlined   0Y   0N|IR  20851/ 81773|CodeSize  436754|Addr 0x7f4af4338020|Timestamp 218004560653827|Src n/a
[engine] opt done   id=601   ProtosRootNode@3b3f518                             |Tier 1|Time    14(   4+9   )ms|AST    2|Inlined   0Y   0N|IR    888/  1275|CodeSize    5532|Addr 0x7f4af43dc3e0|Timestamp 218004601020166|Src n/a
[engine] opt done   id=602   ProtosRootNode@55f91ef2                            |Tier 1|Time   670(  56+614 )ms|AST   11|Inlined   0Y   0N|IR  10711/ 39220|CodeSize  206041|Addr 0x7f4af43e1540|Timestamp 218005271849151|Src n/a
[engine] opt done   id=603   ProtosRootNode@49ac1666                            |Tier 1|Time    14(   4+9   )ms|AST    2|Inlined   0Y   0N|IR    888/  1275|CodeSize    5532|Addr 0x7f4af4431760|Timestamp 218005287571102|Src n/a
[engine] opt done   id=604   ProtosRootNode@1f05c016                            |Tier 1|Time  1749( 137+1611)ms|AST   20|Inlined   0Y   0N|IR  20353/ 75041|CodeSize  397465|Addr 0x7f4af44394c0|Timestamp 218007036481867|Src n/a
[engine] opt done   id=605   ProtosRootNode@163ca6ce                            |Tier 2|Time    19(   3+15  )ms|AST    2|Inlined   0Y   0N|IR    518/  1448|CodeSize    7174|Addr 0x7f4af44d2260|Timestamp 218007124657418|Src n/a
[engine] opt done   id=606   ProtosRootNode@272fd8ac                            |Tier 2|Time  1889( 133+1756)ms|AST   21|Inlined   0Y   0N|IR  20778/ 68815|CodeSize  387532|Addr 0x7f4af44db2a0|Timestamp 218009015253000|Src n/a
[engine] opt done   id=601   ProtosRootNode@3b3f518                             |Tier 2|Time    24(   5+19  )ms|AST    2|Inlined   0Y   0N|IR    815/   944|CodeSize    4429|Addr 0x7f4af456b400|Timestamp 218009092149684|Src n/a
[engine] opt done   id=602   ProtosRootNode@55f91ef2                            |Tier 2|Time   640(  56+585 )ms|AST   11|Inlined   0Y   0N|IR  10638/ 32814|CodeSize  176872|Addr 0x7f4af456f460|Timestamp 218009732790229|Src n/a
[engine] opt done   id=603   ProtosRootNode@49ac1666                            |Tier 2|Time    22(   4+18  )ms|AST    2|Inlined   0Y   0N|IR    815/   944|CodeSize    4429|Addr 0x7f4af45b2800|Timestamp 218009758298887|Src n/a
[engine] opt done   id=604   ProtosRootNode@1f05c016                            |Tier 2|Time  1699( 139+1560)ms|AST   20|Inlined   0Y   0N|IR  20280/ 62658|CodeSize  342484|Addr 0x7f4af45b8400|Timestamp 218011457823577|Src n/a
[engine] opt done   id=607   ProtosRootNode@38c9562f                            |Tier 1|Time    43(   7+35  )ms|AST    2|Inlined   0Y   0N|IR    888/  2671|CodeSize   13140|Addr 0x7f4af4638a40|Timestamp 218011544696277|Src n/a
[engine] opt failed id=608   ProtosRootNode@1dda36ff                            |Tier 1|Time   47(-218011547+218011594)ms|Reason: jdk.graal.compiler.truffle.GraphTooBigBailoutException: Graph too big to safely compile. Node count: 50681. Graph Size: 150026. Limit: 150000.|Timestamp 218011593852371|Src n/a
[engine] opt failed id=608   ProtosRootNode@1dda36ff                            |Tier 1|Time   51(-218011601+218011652)ms|Reason: jdk.graal.compiler.truffle.GraphTooBigBailoutException: Graph too big to safely compile. Node count: 50681. Graph Size: 150026. Limit: 150000.|Timestamp 218011651630121|Src n/a
[engine] opt done   id=595   ProtosRootNode@76ecfd03                            |Tier 1|Time    14(   4+10  )ms|AST    2|Inlined   0Y   0N|IR    888/  1275|CodeSize    5532|Addr 0x7f4af4642060|Timestamp 218011666257521|Src n/a
[engine] opt done   id=596   ProtosRootNode@16d4935c                            |Tier 1|Time   199(  33+167 )ms|AST    7|Inlined   0Y   0N|IR   4642/ 17482|CodeSize   90120|Addr 0x7f4af4646e00|Timestamp 218011867617331|Src n/a
[engine] opt done   id=696   ProtosRootNode@4bd723e6                            |Tier 1|Time    14(   4+10  )ms|AST    2|Inlined   0Y   0N|IR    591/  1658|CodeSize    7561|Addr 0x7f4af466ae20|Timestamp 218012053292540|Src n/a
[engine] opt done   id=697   ProtosRootNode@18908971                            |Tier 1|Time  1982( 141+1842)ms|AST   21|Inlined   0Y   0N|IR  20851/ 81773|CodeSize  436754|Addr 0x7f4af4673e20|Timestamp 218014036118607|Src n/a
[engine] opt done   id=692   ProtosRootNode@28d7d827                            |Tier 1|Time    14(   5+9   )ms|AST    2|Inlined   0Y   0N|IR    888/  1275|CodeSize    5532|Addr 0x7f4af47184e0|Timestamp 218014089427934|Src n/a
[engine] opt done   id=693   ProtosRootNode@40f32cec                            |Tier 1|Time   612(  55+556 )ms|AST   11|Inlined   0Y   0N|IR  10711/ 39220|CodeSize  206041|Addr 0x7f4af471d640|Timestamp 218014701411889|Src n/a
[engine] opt done   id=694   ProtosRootNode@1b43d81d                            |Tier 1|Time    14(   4+10  )ms|AST    2|Inlined   0Y   0N|IR    888/  1275|CodeSize    5532|Addr 0x7f4af476d860|Timestamp 218014733252441|Src n/a
[engine] opt done   id=695   ProtosRootNode@2bbdf92f                            |Tier 1|Time  1795( 130+1665)ms|AST   20|Inlined   0Y   0N|IR  20353/ 75041|CodeSize  397465|Addr 0x7f4af4775dc0|Timestamp 218016533545041|Src n/a
[engine] opt done   id=696   ProtosRootNode@4bd723e6                            |Tier 2|Time    36(   7+30  )ms|AST    2|Inlined   0Y   0N|IR    518/  1448|CodeSize    7174|Addr 0x7f4af480e7e0|Timestamp 218016704544240|Src n/a
[engine] opt done   id=697   ProtosRootNode@18908971                            |Tier 2|Time  2120( 266+1855)ms|AST   21|Inlined   0Y   0N|IR  20778/ 68815|CodeSize  387532|Addr 0x7f4af4816ca0|Timestamp 218018826863814|Src n/a
[engine] opt done   id=692   ProtosRootNode@28d7d827                            |Tier 2|Time    16(   4+12  )ms|AST    2|Inlined   0Y   0N|IR    815/   944|CodeSize    4429|Addr 0x7f4af48a6780|Timestamp 218018905958858|Src n/a
[engine] opt done   id=693   ProtosRootNode@40f32cec                            |Tier 2|Time   638(  54+584 )ms|AST   11|Inlined   0Y   0N|IR  10638/ 32814|CodeSize  176872|Addr 0x7f4af48aaae0|Timestamp 218019544153332|Src n/a
[engine] opt done   id=694   ProtosRootNode@1b43d81d                            |Tier 2|Time    23(   5+18  )ms|AST    2|Inlined   0Y   0N|IR    815/   944|CodeSize    4429|Addr 0x7f4af48ede80|Timestamp 218019571459071|Src n/a
[engine] opt done   id=695   ProtosRootNode@2bbdf92f                            |Tier 2|Time  1697( 136+1561)ms|AST   20|Inlined   0Y   0N|IR  20280/ 62658|CodeSize  342484|Addr 0x7f4af48f3a80|Timestamp 218021268941480|Src n/a
[engine] opt done   id=698   ProtosRootNode@1d6fb1b1                            |Tier 1|Time    21(   4+17  )ms|AST    2|Inlined   0Y   0N|IR    888/  2671|CodeSize   13140|Addr 0x7f4af49740c0|Timestamp 218021331569473|Src n/a
[engine] opt failed id=699   ProtosRootNode@7671d489                            |Tier 1|Time   44(-218021332+218021376)ms|Reason: jdk.graal.compiler.truffle.GraphTooBigBailoutException: Graph too big to safely compile. Node count: 50681. Graph Size: 150026. Limit: 150000.|Timestamp 218021376233984|Src n/a
[engine] opt failed id=699   ProtosRootNode@7671d489                            |Tier 1|Time   44(-218021383+218021427)ms|Reason: jdk.graal.compiler.truffle.GraphTooBigBailoutException: Graph too big to safely compile. Node count: 50681. Graph Size: 150026. Limit: 150000.|Timestamp 218021426566819|Src n/a
[engine] opt done   id=686   ProtosRootNode@4df9d1a0                            |Tier 1|Time    15(   5+9   )ms|AST    2|Inlined   0Y   0N|IR    888/  1275|CodeSize    5532|Addr 0x7f4af497ace0|Timestamp 218021448278044|Src n/a
[engine] opt done   id=687   ProtosRootNode@696fb43c                            |Tier 1|Time   191(  24+167 )ms|AST    7|Inlined   0Y   0N|IR   4642/ 17482|CodeSize   90120|Addr 0x7f4af4980600|Timestamp 218021640174637|Src n/a
[engine] opt done   id=787   ProtosRootNode@2a4640bb                            |Tier 1|Time    29(   9+20  )ms|AST    2|Inlined   0Y   0N|IR    591/  1658|CodeSize    7561|Addr 0x7f4af49a4720|Timestamp 218021851433544|Src n/a
[engine] opt done   id=788   ProtosRootNode@7537fb54                            |Tier 1|Time  2000( 128+1872)ms|AST   21|Inlined   0Y   0N|IR  20851/ 81773|CodeSize  436754|Addr 0x7f4af49adfa0|Timestamp 218023853133954|Src n/a
[engine] opt done   id=783   ProtosRootNode@5f429301                            |Tier 1|Time    14(   5+9   )ms|AST    2|Inlined   0Y   0N|IR    888/  1275|CodeSize    5532|Addr 0x7f4af4a52360|Timestamp 218023891769741|Src n/a
[engine] opt done   id=784   ProtosRootNode@43bcadfc                            |Tier 1|Time   673(  58+615 )ms|AST   11|Inlined   0Y   0N|IR  10711/ 39220|CodeSize  206041|Addr 0x7f4af4a574c0|Timestamp 218024564896568|Src n/a
[engine] opt done   id=785   ProtosRootNode@20106286                            |Tier 1|Time    24(   9+14  )ms|AST    2|Inlined   0Y   0N|IR    888/  1275|CodeSize    5532|Addr 0x7f4af4aa7c60|Timestamp 218024589314825|Src n/a
[engine] opt done   id=786   ProtosRootNode@476939a6                            |Tier 1|Time  1877( 145+1732)ms|AST   20|Inlined   0Y   0N|IR  20353/ 75041|CodeSize  397465|Addr 0x7f4af4aafcc0|Timestamp 218026466948979|Src n/a
[engine] opt done   id=787   ProtosRootNode@2a4640bb                            |Tier 2|Time    19(   4+15  )ms|AST    2|Inlined   0Y   0N|IR    518/  1448|CodeSize    7174|Addr 0x7f4af4b486e0|Timestamp 218026570815041|Src n/a
[engine] opt done   id=788   ProtosRootNode@7537fb54                            |Tier 2|Time  1943( 128+1815)ms|AST   21|Inlined   0Y   0N|IR  20778/ 68815|CodeSize  387532|Addr 0x7f4af4b4ff20|Timestamp 218028513865521|Src n/a
[engine] opt done   id=783   ProtosRootNode@5f429301                            |Tier 2|Time    17(   4+12  )ms|AST    2|Inlined   0Y   0N|IR    815/   944|CodeSize    4429|Addr 0x7f4af4be1f80|Timestamp 218028609205747|Src n/a
[engine] opt done   id=784   ProtosRootNode@43bcadfc                            |Tier 2|Time   716(  62+654 )ms|AST   11|Inlined   0Y   0N|IR  10638/ 32814|CodeSize  176872|Addr 0x7f4af4be5fe0|Timestamp 218029325238074|Src n/a
[engine] opt done   id=785   ProtosRootNode@20106286                            |Tier 2|Time    28(   9+19  )ms|AST    2|Inlined   0Y   0N|IR    815/   944|CodeSize    4429|Addr 0x7f4af4c29800|Timestamp 218029357249466|Src n/a
[engine] opt done   id=786   ProtosRootNode@476939a6                            |Tier 2|Time  1762( 124+1638)ms|AST   20|Inlined   0Y   0N|IR  20280/ 62658|CodeSize  342484|Addr 0x7f4af4c2f400|Timestamp 218031119451610|Src n/a
[engine] opt done   id=789   ProtosRootNode@48eddd37                            |Tier 1|Time    22(   4+17  )ms|AST    2|Inlined   0Y   0N|IR    888/  2671|CodeSize   13140|Addr 0x7f4af4cafa40|Timestamp 218031189209939|Src n/a
[engine] opt failed id=790   ProtosRootNode@32f1bc73                            |Tier 1|Time   43(-218031190+218031233)ms|Reason: jdk.graal.compiler.truffle.GraphTooBigBailoutException: Graph too big to safely compile. Node count: 50681. Graph Size: 150026. Limit: 150000.|Timestamp 218031232783369|Src n/a
[engine] opt failed id=790   ProtosRootNode@32f1bc73                            |Tier 1|Time   43(-218031239+218031282)ms|Reason: jdk.graal.compiler.truffle.GraphTooBigBailoutException: Graph too big to safely compile. Node count: 50681. Graph Size: 150026. Limit: 150000.|Timestamp 218031282541203|Src n/a
[engine] opt done   id=777   ProtosRootNode@4c44a2e5                            |Tier 1|Time    14(   4+9   )ms|AST    2|Inlined   0Y   0N|IR    888/  1275|CodeSize    5532|Addr 0x7f4af4cb6d60|Timestamp 218031300484826|Src n/a
[engine] opt done   id=778   ProtosRootNode@11b49edb                            |Tier 1|Time   191(  23+168 )ms|AST    7|Inlined   0Y   0N|IR   4642/ 17482|CodeSize   90120|Addr 0x7f4af4cba580|Timestamp 218031491301968|Src n/a
[engine] opt done   id=878   ProtosRootNode@547973d                             |Tier 1|Time    29(   7+22  )ms|AST    2|Inlined   0Y   0N|IR    591/  1658|CodeSize    7561|Addr 0x7f4af4cdea20|Timestamp 218031719691347|Src n/a
[engine] opt done   id=879   ProtosRootNode@49b493a8                            |Tier 1|Time  2182( 156+2026)ms|AST   21|Inlined   0Y   0N|IR  20851/ 81773|CodeSize  436754|Addr 0x7f4af4ce9aa0|Timestamp 218033901801282|Src n/a
[engine] opt done   id=874   ProtosRootNode@7e2eb05c                            |Tier 1|Time    28(   8+20  )ms|AST    2|Inlined   0Y   0N|IR    888/  1275|CodeSize    5532|Addr 0x7f4af4d8de60|Timestamp 218033962635135|Src n/a
[engine] opt done   id=875   ProtosRootNode@7858ace9                            |Tier 1|Time   692(  75+617 )ms|AST   11|Inlined   0Y   0N|IR  10711/ 39220|CodeSize  206041|Addr 0x7f4af4d94d40|Timestamp 218034656731047|Src n/a
[engine] opt done   id=876   ProtosRootNode@4fc4e1d4                            |Tier 1|Time    51(   5+47  )ms|AST    2|Inlined   0Y   0N|IR    888/  1275|CodeSize    5532|Addr 0x7f4af3214f60|Timestamp 218034709082623|Src n/a
[engine] opt done   id=877   ProtosRootNode@4735c35d                            |Tier 1|Time  2109( 160+1949)ms|AST   20|Inlined   0Y   0N|IR  20353/ 75041|CodeSize  397465|Addr 0x7f4af32a2ec0|Timestamp 218036818405228|Src n/a
[engine] opt done   id=878   ProtosRootNode@547973d                             |Tier 2|Time    60(  12+48  )ms|AST    2|Inlined   0Y   0N|IR    518/  1448|CodeSize    7174|Addr 0x7f4af3347ce0|Timestamp 218036979938220|Src n/a
[engine] opt done   id=879   ProtosRootNode@49b493a8                            |Tier 2|Time  2753( 208+2545)ms|AST   21|Inlined   0Y   0N|IR  20778/ 68815|CodeSize  387532|Addr 0x7f4af335a720|Timestamp 218039733494643|Src n/a
[engine] opt done   id=874   ProtosRootNode@7e2eb05c                            |Tier 2|Time    19(   4+15  )ms|AST    2|Inlined   0Y   0N|IR    815/   944|CodeSize    4429|Addr 0x7f4af329a980|Timestamp 218039804405332|Src n/a
[engine] opt done   id=875   ProtosRootNode@7858ace9                            |Tier 2|Time   914(  85+829 )ms|AST   11|Inlined   0Y   0N|IR  10638/ 32814|CodeSize  176872|Addr 0x7f4af3404960|Timestamp 218040720635978|Src n/a
[engine] opt done   id=876   ProtosRootNode@4fc4e1d4                            |Tier 2|Time    25(   4+21  )ms|AST    2|Inlined   0Y   0N|IR    815/   944|CodeSize    4429|Addr 0x7f4af35ede00|Timestamp 218040749139458|Src n/a
[engine] opt done   id=877   ProtosRootNode@4735c35d                            |Tier 2|Time  2275( 141+2134)ms|AST   20|Inlined   0Y   0N|IR  20280/ 62658|CodeSize  342484|Addr 0x7f4af3478780|Timestamp 218043025021199|Src n/a
[engine] opt done   id=880   ProtosRootNode@1f62860d                            |Tier 1|Time    23(   5+18  )ms|AST    2|Inlined   0Y   0N|IR    888/  2671|CodeSize   13140|Addr 0x7f4af35e2640|Timestamp 218043070053600|Src n/a
[engine] opt failed id=881   ProtosRootNode@b199b0e                             |Tier 1|Time   47(-218043070+218043117)ms|Reason: jdk.graal.compiler.truffle.GraphTooBigBailoutException: Graph too big to safely compile. Node count: 50681. Graph Size: 150026. Limit: 150000.|Timestamp 218043117258563|Src n/a
[engine] opt failed id=881   ProtosRootNode@b199b0e                             |Tier 1|Time   48(-218043130+218043178)ms|Reason: jdk.graal.compiler.truffle.GraphTooBigBailoutException: Graph too big to safely compile. Node count: 50681. Graph Size: 150026. Limit: 150000.|Timestamp 218043177636655|Src n/a
[engine] opt done   id=868   ProtosRootNode@3ffcfc70                            |Tier 1|Time    20(   7+13  )ms|AST    2|Inlined   0Y   0N|IR    888/  1275|CodeSize    5532|Addr 0x7f4af36d6b60|Timestamp 218043197728479|Src n/a
[engine] opt done   id=869   ProtosRootNode@1e4bd3e6                            |Tier 1|Time   220(  31+189 )ms|AST    7|Inlined   0Y   0N|IR   4642/ 17482|CodeSize   90120|Addr 0x7f4af35f2280|Timestamp 218043418496712|Src n/a
[engine] opt done   id=969   ProtosRootNode@5c469d55                            |Tier 1|Time    31(  10+21  )ms|AST    2|Inlined   0Y   0N|IR    591/  1658|CodeSize    7561|Addr 0x7f4af315d120|Timestamp 218043666487364|Src n/a
[engine] opt done   id=970   ProtosRootNode@76444c3e                            |Tier 1|Time  2275( 217+2058)ms|AST   21|Inlined   0Y   0N|IR  20851/ 81773|CodeSize  436754|Addr 0x7f4af316f8a0|Timestamp 218045943422666|Src n/a
[engine] opt done   id=965   ProtosRootNode@1b6cac86                            |Tier 1|Time    15(   5+11  )ms|AST    2|Inlined   0Y   0N|IR    888/  1275|CodeSize    5532|Addr 0x7f4af3d672e0|Timestamp 218045980911182|Src n/a
[engine] opt done   id=966   ProtosRootNode@65d4cdca                            |Tier 1|Time   707(  67+639 )ms|AST   11|Inlined   0Y   0N|IR  10711/ 39220|CodeSize  206041|Addr 0x7f4af321df40|Timestamp 218046687819553|Src n/a
[engine] opt done   id=967   ProtosRootNode@2d5e6389                            |Tier 1|Time    15(   5+10  )ms|AST    2|Inlined   0Y   0N|IR    888/  1275|CodeSize    5532|Addr 0x7f4af4642060|Timestamp 218046722110427|Src n/a
[engine] opt done   id=968   ProtosRootNode@32ad6695                            |Tier 1|Time  2007( 133+1874)ms|AST   20|Inlined   0Y   0N|IR  20353/ 75041|CodeSize  397465|Addr 0x7f4af3a83ac0|Timestamp 218048729390311|Src n/a
[engine] opt done   id=969   ProtosRootNode@5c469d55                            |Tier 2|Time    23(   4+19  )ms|AST    2|Inlined   0Y   0N|IR    518/  1448|CodeSize    7174|Addr 0x7f4af37d8d60|Timestamp 218048843776150|Src n/a
[engine] opt done   id=970   ProtosRootNode@76444c3e                            |Tier 2|Time  2304( 152+2153)ms|AST   21|Inlined   0Y   0N|IR  20778/ 68815|CodeSize  387532|Addr 0x7f4af37e08a0|Timestamp 218051150684082|Src n/a
[engine] opt done   id=965   ProtosRootNode@1b6cac86                            |Tier 2|Time    18(   4+13  )ms|AST    2|Inlined   0Y   0N|IR    815/   944|CodeSize    4429|Addr 0x7f4af4aa8280|Timestamp 218051239043164|Src n/a
[engine] opt done   id=966   ProtosRootNode@65d4cdca                            |Tier 2|Time   759(  65+695 )ms|AST   11|Inlined   0Y   0N|IR  10638/ 32814|CodeSize  176872|Addr 0x7f4af3bbe6e0|Timestamp 218051998907782|Src n/a
[engine] opt done   id=967   ProtosRootNode@2d5e6389                            |Tier 2|Time    26(   4+22  )ms|AST    2|Inlined   0Y   0N|IR    815/   944|CodeSize    4429|Addr 0x7f4af3bba680|Timestamp 218052027848982|Src n/a
[engine] opt done   id=968   ProtosRootNode@32ad6695                            |Tier 2|Time  1991( 158+1833)ms|AST   20|Inlined   0Y   0N|IR  20280/ 62658|CodeSize  342484|Addr 0x7f4af3c07900|Timestamp 218054019433265|Src n/a
[engine] opt done   id=971   ProtosRootNode@66d19a58                            |Tier 1|Time    26(   6+20  )ms|AST    2|Inlined   0Y   0N|IR    888/  2671|CodeSize   13140|Addr 0x7f4af396b040|Timestamp 218054100167161|Src n/a
[engine] opt failed id=972   ProtosRootNode@766f414a                            |Tier 1|Time   53(-218054101+218054153)ms|Reason: jdk.graal.compiler.truffle.GraphTooBigBailoutException: Graph too big to safely compile. Node count: 50681. Graph Size: 150026. Limit: 150000.|Timestamp 218054153282588|Src n/a
[engine] opt failed id=972   ProtosRootNode@766f414a                            |Tier 1|Time   52(-218054159+218054212)ms|Reason: jdk.graal.compiler.truffle.GraphTooBigBailoutException: Graph too big to safely compile. Node count: 50681. Graph Size: 150026. Limit: 150000.|Timestamp 218054211689759|Src n/a
[engine] opt done   id=959   ProtosRootNode@1c28434c                            |Tier 1|Time    16(   5+12  )ms|AST    2|Inlined   0Y   0N|IR    888/  1275|CodeSize    5532|Addr 0x7f4af419a460|Timestamp 218054232959313|Src n/a
[engine] opt done   id=960   ProtosRootNode@6b010e32                            |Tier 1|Time   236(  30+206 )ms|AST    7|Inlined   0Y   0N|IR   4642/ 17482|CodeSize   90120|Addr 0x7f4af3fce580|Timestamp 218054469171407|Src n/a
[engine] opt done   id=101   ProtosRootNode@68000f                              |Tier 2|Time    21(   5+17  )ms|AST    2|Inlined   0Y   0N|IR    518/  1448|CodeSize    7174|Addr 0x7f4af44d2260|Timestamp 218054664581083|Src n/a
[engine] opt done   id=102   ProtosRootNode@6785e5bc                            |Tier 2|Time   604(  46+557 )ms|AST    9|Inlined   0Y   0N|IR   7883/ 27025|CodeSize  148759|Addr 0x7f4af3f08000|Timestamp 218055268528293|Src n/a
[engine] opt done   id=99    ProtosRootNode@23831153                            |Tier 2|Time    35(   6+29  )ms|AST    2|Inlined   0Y   0N|IR    815/   944|CodeSize    4429|Addr 0x7f4af3628f00|Timestamp 218055306072709|Src n/a
[engine] opt done   id=100   ProtosRootNode@9f827e0                             |Tier 2|Time  1033(  86+947 )ms|AST   13|Inlined   0Y   0N|IR  12831/ 40881|CodeSize  225171|Addr 0x7f4af471c100|Timestamp 218056339444147|Src n/a
[engine] opt done   id=105   ProtosRootNode@35740ddd                            |Tier 2|Time    18(   4+13  )ms|AST    2|Inlined   0Y   0N|IR    815/   944|CodeSize    4429|Addr 0x7f4af3ff7680|Timestamp 218056382069266|Src n/a
[engine] opt done   id=106   ProtosRootNode@5229a13b                            |Tier 2|Time   351(  31+320 )ms|AST    9|Inlined   0Y   0N|IR   6414/ 19828|CodeSize  105112|Addr 0x7f4af3c8d420|Timestamp 218056733322950|Src n/a
[engine] opt done   id=1060  ProtosRootNode@2a62ae18                            |Tier 1|Time    25(   7+19  )ms|AST    2|Inlined   0Y   0N|IR    591/  1658|CodeSize    7561|Addr 0x7f4af432ca20|Timestamp 218056782512154|Src n/a
[engine] opt done   id=1061  ProtosRootNode@55154071                            |Tier 1|Time  2060( 128+1933)ms|AST   21|Inlined   0Y   0N|IR  20851/ 81773|CodeSize  436754|Addr 0x7f4af3631ba0|Timestamp 218058843053856|Src n/a
[engine] opt done   id=1056  ProtosRootNode@10e2942a                            |Tier 1|Time    15(   5+10  )ms|AST    2|Inlined   0Y   0N|IR    888/  1275|CodeSize    5532|Addr 0x7f4af466bce0|Timestamp 218058887902367|Src n/a
[engine] opt done   id=1057  ProtosRootNode@58339aa9                            |Tier 1|Time   724(  63+661 )ms|AST   11|Inlined   0Y   0N|IR  10711/ 39220|CodeSize  206041|Addr 0x7f4af36e2340|Timestamp 218059611993790|Src n/a
[engine] opt done   id=1058  ProtosRootNode@251a6a83                            |Tier 1|Time    14(   5+9   )ms|AST    2|Inlined   0Y   0N|IR    888/  1275|CodeSize    5532|Addr 0x7f4af49a55e0|Timestamp 218059639673289|Src n/a
[engine] opt done   id=1059  ProtosRootNode@3c2c6390                            |Tier 1|Time  1883( 133+1751)ms|AST   20|Inlined   0Y   0N|IR  20353/ 75041|CodeSize  397465|Addr 0x7f4af373b9c0|Timestamp 218061523422708|Src n/a
[engine] opt done   id=1060  ProtosRootNode@2a62ae18                            |Tier 2|Time    19(   3+15  )ms|AST    2|Inlined   0Y   0N|IR    518/  1448|CodeSize    7174|Addr 0x7f4af3c88ce0|Timestamp 218061605105284|Src n/a
[engine] opt done   id=1061  ProtosRootNode@55154071                            |Tier 2|Time  2011( 125+1886)ms|AST   21|Inlined   0Y   0N|IR  20778/ 68815|CodeSize  387532|Addr 0x7f4af44db2a0|Timestamp 218063616429901|Src n/a
[engine] opt done   id=1056  ProtosRootNode@10e2942a                            |Tier 2|Time    17(   4+13  )ms|AST    2|Inlined   0Y   0N|IR    815/   944|CodeSize    4429|Addr 0x7f4af3734280|Timestamp 218063694956126|Src n/a
[engine] opt done   id=1057  ProtosRootNode@58339aa9                            |Tier 2|Time   669(  57+613 )ms|AST   11|Inlined   0Y   0N|IR  10638/ 32814|CodeSize  176872|Addr 0x7f4af4be5fe0|Timestamp 218064364724911|Src n/a
[engine] opt done   id=1058  ProtosRootNode@251a6a83                            |Tier 2|Time    22(   4+18  )ms|AST    2|Inlined   0Y   0N|IR    815/   944|CodeSize    4429|Addr 0x7f4af4be1f80|Timestamp 218064390090239|Src n/a
[engine] opt done   id=1059  ProtosRootNode@3c2c6390                            |Tier 2|Time  1901( 142+1759)ms|AST   20|Inlined   0Y   0N|IR  20280/ 62658|CodeSize  342484|Addr 0x7f4af38c8a80|Timestamp 218066292961791|Src n/a
[engine] opt done   id=1062  ProtosRootNode@546d60e5                            |Tier 1|Time    24(   4+19  )ms|AST    2|Inlined   0Y   0N|IR    888/  2671|CodeSize   13140|Addr 0x7f4af38bf440|Timestamp 218066362676219|Src n/a
[engine] opt failed id=1063  ProtosRootNode@fddfb4e                             |Tier 1|Time   68(-218066363+218066431)ms|Reason: jdk.graal.compiler.truffle.GraphTooBigBailoutException: Graph too big to safely compile. Node count: 50681. Graph Size: 150026. Limit: 150000.|Timestamp 218066430866526|Src n/a
[engine] opt failed id=1063  ProtosRootNode@fddfb4e                             |Tier 1|Time   43(-218066431+218066475)ms|Reason: jdk.graal.compiler.truffle.GraphTooBigBailoutException: Graph too big to safely compile. Node count: 50681. Graph Size: 150026. Limit: 150000.|Timestamp 218066474617877|Src n/a
[engine] opt done   id=1050  ProtosRootNode@347c4d3f                            |Tier 1|Time    15(   4+10  )ms|AST    2|Inlined   0Y   0N|IR    888/  1275|CodeSize    5532|Addr 0x7f4af3f03e60|Timestamp 218066497485463|Src n/a
[engine] opt done   id=1051  ProtosRootNode@32816481                            |Tier 1|Time   200(  24+176 )ms|AST    7|Inlined   0Y   0N|IR   4642/ 17482|CodeSize   90120|Addr 0x7f4af4646e00|Timestamp 218066697841342|Src n/a
[engine] opt done   id=1151  ProtosRootNode@1c719bb2                            |Tier 1|Time    27(   7+20  )ms|AST    2|Inlined   0Y   0N|IR    591/  1658|CodeSize    7561|Addr 0x7f4af3f007a0|Timestamp 218066911044440|Src n/a
[engine] opt done   id=1152  ProtosRootNode@7bd87f18                            |Tier 1|Time  2149( 237+1912)ms|AST   21|Inlined   0Y   0N|IR  20851/ 81773|CodeSize  436754|Addr 0x7f4af3fff220|Timestamp 218069062727925|Src n/a
[engine] opt done   id=1147  ProtosRootNode@16c486c1                            |Tier 1|Time    14(   4+9   )ms|AST    2|Inlined   0Y   0N|IR    888/  1275|CodeSize    5532|Addr 0x7f4af3efa8e0|Timestamp 218069102190062|Src n/a
[engine] opt done   id=1148  ProtosRootNode@6ab0c25b                            |Tier 1|Time   661(  82+578 )ms|AST   11|Inlined   0Y   0N|IR  10711/ 39220|CodeSize  206041|Addr 0x7f4af4c65440|Timestamp 218069764932882|Src n/a
[engine] opt done   id=1149  ProtosRootNode@d7ce686                             |Tier 1|Time    14(   4+9   )ms|AST    2|Inlined   0Y   0N|IR    888/  1275|CodeSize    5532|Addr 0x7f4af3ef7ee0|Timestamp 218069779348372|Src n/a
[engine] opt done   id=1150  ProtosRootNode@4f04c969                            |Tier 1|Time  1853( 175+1678)ms|AST   20|Inlined   0Y   0N|IR  20353/ 75041|CodeSize  397465|Addr 0x7f4af4779340|Timestamp 218071633570500|Src n/a
[engine] opt done   id=1151  ProtosRootNode@1c719bb2                            |Tier 2|Time    20(   5+15  )ms|AST    2|Inlined   0Y   0N|IR    518/  1448|CodeSize    7174|Addr 0x7f4af47708e0|Timestamp 218071739617244|Src n/a
[engine] opt done   id=1152  ProtosRootNode@7bd87f18                            |Tier 2|Time  2047( 131+1917)ms|AST   21|Inlined   0Y   0N|IR  20778/ 68815|CodeSize  387532|Addr 0x7f4af4818e20|Timestamp 218073787161017|Src n/a
[engine] opt done   id=1147  ProtosRootNode@16c486c1                            |Tier 2|Time    18(   5+13  )ms|AST    2|Inlined   0Y   0N|IR    815/   944|CodeSize    4429|Addr 0x7f4af4812900|Timestamp 218073878863120|Src n/a
[engine] opt done   id=1148  ProtosRootNode@6ab0c25b                            |Tier 2|Time   750(  66+684 )ms|AST   11|Inlined   0Y   0N|IR  10638/ 32814|CodeSize  176872|Addr 0x7f4af387a1e0|Timestamp 218074629641312|Src n/a
[engine] opt done   id=1149  ProtosRootNode@d7ce686                             |Tier 2|Time    23(   5+19  )ms|AST    2|Inlined   0Y   0N|IR    815/   944|CodeSize    4429|Addr 0x7f4af3876180|Timestamp 218074656345761|Src n/a
[engine] opt done   id=1150  ProtosRootNode@4f04c969                            |Tier 2|Time  1771( 136+1635)ms|AST   20|Inlined   0Y   0N|IR  20280/ 62658|CodeSize  342484|Addr 0x7f4af3f4ba00|Timestamp 218076427421471|Src n/a
[engine] opt done   id=1153  ProtosRootNode@24cb9155                            |Tier 1|Time    28(   4+23  )ms|AST    2|Inlined   0Y   0N|IR    888/  2671|CodeSize   13140|Addr 0x7f4af3f423c0|Timestamp 218076479957287|Src n/a
[engine] opt failed id=1154  ProtosRootNode@23465d32                            |Tier 1|Time   42(-218076480+218076523)ms|Reason: jdk.graal.compiler.truffle.GraphTooBigBailoutException: Graph too big to safely compile. Node count: 50681. Graph Size: 150026. Limit: 150000.|Timestamp 218076522808397|Src n/a
[engine] opt failed id=1154  ProtosRootNode@23465d32                            |Tier 1|Time   42(-218076523+218076565)ms|Reason: jdk.graal.compiler.truffle.GraphTooBigBailoutException: Graph too big to safely compile. Node count: 50681. Graph Size: 150026. Limit: 150000.|Timestamp 218076565078326|Src n/a
[engine] opt done   id=1141  ProtosRootNode@693bf385                            |Tier 1|Time    14(   5+9   )ms|AST    2|Inlined   0Y   0N|IR    888/  1275|CodeSize    5532|Addr 0x7f4af3f3f9e0|Timestamp 218076584775440|Src n/a
[engine] opt done   id=1142  ProtosRootNode@4825dde5                            |Tier 1|Time   194(  22+171 )ms|AST    7|Inlined   0Y   0N|IR   4642/ 17482|CodeSize   90120|Addr 0x7f4af4980600|Timestamp 218076778671755|Src n/a
[engine] opt done   id=1242  ProtosRootNode@41802bfc                            |Tier 1|Time    26(   7+19  )ms|AST    2|Inlined   0Y   0N|IR    591/  1658|CodeSize    7561|Addr 0x7f4af39677a0|Timestamp 218076974744831|Src n/a
[engine] opt done   id=1243  ProtosRootNode@5c797b7c                            |Tier 1|Time  1939( 131+1808)ms|AST   21|Inlined   0Y   0N|IR  20851/ 81773|CodeSize  436754|Addr 0x7f4af4673e20|Timestamp 218078913767778|Src n/a
[engine] opt done   id=1238  ProtosRootNode@4cccad80                            |Tier 1|Time    21(   8+13  )ms|AST    2|Inlined   0Y   0N|IR    888/  1275|CodeSize    5532|Addr 0x7f4af3964f60|Timestamp 218078963166262|Src n/a
[engine] opt done   id=1239  ProtosRootNode@2ad1d045                            |Tier 1|Time   634(  57+578 )ms|AST   11|Inlined   0Y   0N|IR  10711/ 39220|CodeSize  206041|Addr 0x7f4af3b65f40|Timestamp 218079597934133|Src n/a
[engine] opt done   id=1240  ProtosRootNode@65b74286                            |Tier 1|Time    14(   4+9   )ms|AST    2|Inlined   0Y   0N|IR    888/  1275|CodeSize    5532|Addr 0x7f4af3962760|Timestamp 218079612649164|Src n/a
[engine] opt done   id=1241  ProtosRootNode@ec7715                              |Tier 1|Time  1830( 136+1694)ms|AST   20|Inlined   0Y   0N|IR  20353/ 75041|CodeSize  397465|Addr 0x7f4af3cce040|Timestamp 218081442583225|Src n/a
[engine] opt done   id=1242  ProtosRootNode@41802bfc                            |Tier 2|Time    19(   3+16  )ms|AST    2|Inlined   0Y   0N|IR    518/  1448|CodeSize    7174|Addr 0x7f4af3cc55e0|Timestamp 218081550744650|Src n/a
[engine] opt done   id=1243  ProtosRootNode@5c797b7c                            |Tier 2|Time  1976( 129+1847)ms|AST   21|Inlined   0Y   0N|IR  20778/ 68815|CodeSize  387532|Addr 0x7f4af3e66da0|Timestamp 218083527143343|Src n/a
[engine] opt done   id=1238  ProtosRootNode@4cccad80                            |Tier 2|Time    17(   4+12  )ms|AST    2|Inlined   0Y   0N|IR    815/   944|CodeSize    4429|Addr 0x7f4af3874000|Timestamp 218083603053836|Src n/a
[engine] opt done   id=1239  ProtosRootNode@2ad1d045                            |Tier 2|Time   683(  59+624 )ms|AST   11|Inlined   0Y   0N|IR  10638/ 32814|CodeSize  176872|Addr 0x7f4af3b201e0|Timestamp 218084285927220|Src n/a
[engine] opt done   id=1240  ProtosRootNode@65b74286                            |Tier 2|Time    23(   4+18  )ms|AST    2|Inlined   0Y   0N|IR    815/   944|CodeSize    4429|Addr 0x7f4af3e60880|Timestamp 218084312144748|Src n/a
[engine] opt done   id=1241  ProtosRootNode@ec7715                              |Tier 2|Time  1736( 119+1617)ms|AST   20|Inlined   0Y   0N|IR  20280/ 62658|CodeSize  342484|Addr 0x7f4af48f9880|Timestamp 218086048867415|Src n/a
[engine] opt done   id=1244  ProtosRootNode@5d09fe59                            |Tier 1|Time    22(   4+17  )ms|AST    2|Inlined   0Y   0N|IR    888/  2671|CodeSize   13140|Addr 0x7f4af3cbf940|Timestamp 218086116045772|Src n/a
[engine] opt failed id=1245  ProtosRootNode@4ad4fa0e                            |Tier 1|Time   58(-218086117+218086175)ms|Reason: jdk.graal.compiler.truffle.GraphTooBigBailoutException: Graph too big to safely compile. Node count: 50681. Graph Size: 150026. Limit: 150000.|Timestamp 218086175045393|Src n/a
[engine] opt failed id=1245  ProtosRootNode@4ad4fa0e                            |Tier 1|Time   56(-218086185+218086241)ms|Reason: jdk.graal.compiler.truffle.GraphTooBigBailoutException: Graph too big to safely compile. Node count: 50681. Graph Size: 150026. Limit: 150000.|Timestamp 218086241246019|Src n/a
[engine] opt done   id=1232  ProtosRootNode@2f0ba5ee                            |Tier 1|Time    15(   5+10  )ms|AST    2|Inlined   0Y   0N|IR    888/  1275|CodeSize    5532|Addr 0x7f4af3e5e0e0|Timestamp 218086256658160|Src n/a
[engine] opt done   id=1233  ProtosRootNode@2cf67880                            |Tier 1|Time   207(  22+185 )ms|AST    7|Inlined   0Y   0N|IR   4642/ 17482|CodeSize   90120|Addr 0x7f4af4307b80|Timestamp 218086463643803|Src n/a
[engine] opt done   id=1333  ProtosRootNode@1090baad                            |Tier 1|Time    24(   9+15  )ms|AST    2|Inlined   0Y   0N|IR    591/  1658|CodeSize    7561|Addr 0x7f4af3cbc0a0|Timestamp 218086676431861|Src n/a
[engine] opt done   id=1334  ProtosRootNode@62dfedab                            |Tier 1|Time  2064( 142+1922)ms|AST   21|Inlined   0Y   0N|IR  20851/ 81773|CodeSize  436754|Addr 0x7f4af459a2a0|Timestamp 218088740566955|Src n/a
[engine] opt done   id=1329  ProtosRootNode@14e1af7b                            |Tier 1|Time    16(   4+11  )ms|AST    2|Inlined   0Y   0N|IR    888/  1275|CodeSize    5532|Addr 0x7f4af4304360|Timestamp 218088782330034|Src n/a
[engine] opt done   id=1330  ProtosRootNode@56e75b19                            |Tier 1|Time   651(  66+585 )ms|AST   11|Inlined   0Y   0N|IR  10711/ 39220|CodeSize  206041|Addr 0x7f4af3e0ce40|Timestamp 218089433911707|Src n/a
[engine] opt done   id=1331  ProtosRootNode@4890fe11                            |Tier 1|Time    14(   4+9   )ms|AST    2|Inlined   0Y   0N|IR    888/  1275|CodeSize    5532|Addr 0x7f4af395ff60|Timestamp 218089467760730|Src n/a
[engine] opt done   id=1332  ProtosRootNode@34c2e79f                            |Tier 1|Time  1815( 133+1682)ms|AST   20|Inlined   0Y   0N|IR  20353/ 75041|CodeSize  397465|Addr 0x7f4af3d71b40|Timestamp 218091284108392|Src n/a
[engine] opt done   id=1333  ProtosRootNode@1090baad                            |Tier 2|Time    20(   4+16  )ms|AST    2|Inlined   0Y   0N|IR    518/  1448|CodeSize    7174|Addr 0x7f4af395ca60|Timestamp 218091370393122|Src n/a
[engine] opt done   id=1334  ProtosRootNode@62dfedab                            |Tier 2|Time  2059( 135+1924)ms|AST   21|Inlined   0Y   0N|IR  20778/ 68815|CodeSize  387532|Addr 0x7f4af41098a0|Timestamp 218093429957833|Src n/a
[engine] opt done   id=1329  ProtosRootNode@14e1af7b                            |Tier 2|Time    16(   4+12  )ms|AST    2|Inlined   0Y   0N|IR    815/   944|CodeSize    4429|Addr 0x7f4af3cb9e80|Timestamp 218093500622872|Src n/a
[engine] opt done   id=1330  ProtosRootNode@56e75b19                            |Tier 2|Time   684(  57+626 )ms|AST   11|Inlined   0Y   0N|IR  10638/ 32814|CodeSize  176872|Addr 0x7f4af48b2a60|Timestamp 218094184443388|Src n/a
[engine] opt done   id=1331  ProtosRootNode@4890fe11                            |Tier 2|Time    23(   4+18  )ms|AST    2|Inlined   0Y   0N|IR    815/   944|CodeSize    4429|Addr 0x7f4af3d6a400|Timestamp 218094210429246|Src n/a
[engine] opt done   id=1332  ProtosRootNode@34c2e79f                            |Tier 2|Time  1881( 138+1743)ms|AST   20|Inlined   0Y   0N|IR  20280/ 62658|CodeSize  342484|Addr 0x7f4af4a27280|Timestamp 218096091988393|Src n/a
[engine] opt done   id=1335  ProtosRootNode@1e470f34                            |Tier 1|Time    22(   4+17  )ms|AST    2|Inlined   0Y   0N|IR    888/  2671|CodeSize   13140|Addr 0x7f4af48aafc0|Timestamp 218096145994970|Src n/a
[engine] opt failed id=1336  ProtosRootNode@3ecae9fa                            |Tier 1|Time   43(-218096146+218096189)ms|Reason: jdk.graal.compiler.truffle.GraphTooBigBailoutException: Graph too big to safely compile. Node count: 50681. Graph Size: 150026. Limit: 150000.|Timestamp 218096189337570|Src n/a
[engine] opt failed id=1336  ProtosRootNode@3ecae9fa                            |Tier 1|Time   43(-218096200+218096243)ms|Reason: jdk.graal.compiler.truffle.GraphTooBigBailoutException: Graph too big to safely compile. Node count: 50681. Graph Size: 150026. Limit: 150000.|Timestamp 218096243359368|Src n/a
[engine] opt done   id=1323  ProtosRootNode@1c12f227                            |Tier 1|Time    14(   4+9   )ms|AST    2|Inlined   0Y   0N|IR    888/  1275|CodeSize    5532|Addr 0x7f4af395a1e0|Timestamp 218096257248668|Src n/a
[engine] opt done   id=1324  ProtosRootNode@47f6ad06                            |Tier 1|Time   195(  23+172 )ms|AST    7|Inlined   0Y   0N|IR   4642/ 17482|CodeSize   90120|Addr 0x7f4af4cba580|Timestamp 218096452908594|Src n/a
[engine] opt done   id=1424  ProtosRootNode@2ab9224                             |Tier 1|Time    28(   7+21  )ms|AST    2|Inlined   0Y   0N|IR    591/  1658|CodeSize    7561|Addr 0x7f4af3956b20|Timestamp 218096657227956|Src n/a
[engine] opt done   id=1425  ProtosRootNode@4271d370                            |Tier 1|Time  2119( 139+1981)ms|AST   21|Inlined   0Y   0N|IR  20851/ 81773|CodeSize  436754|Addr 0x7f4af39d9ea0|Timestamp 218098779114440|Src n/a
[engine] opt done   id=1420  ProtosRootNode@4d2e329a                            |Tier 1|Time    14(   5+10  )ms|AST    2|Inlined   0Y   0N|IR    888/  1275|CodeSize    5532|Addr 0x7f4af4cb6d60|Timestamp 218098824717282|Src n/a
[engine] opt done   id=1421  ProtosRootNode@e8992d1                             |Tier 1|Time   618(  57+561 )ms|AST   11|Inlined   0Y   0N|IR  10711/ 39220|CodeSize  206041|Addr 0x7f4af3984640|Timestamp 218099443041081|Src n/a
[engine] opt done   id=1422  ProtosRootNode@59490b84                            |Tier 1|Time    14(   4+9   )ms|AST    2|Inlined   0Y   0N|IR    888/  1275|CodeSize    5532|Addr 0x7f4af397f4e0|Timestamp 218099477127705|Src n/a
[engine] opt done   id=1423  ProtosRootNode@34ec8a2b                            |Tier 1|Time  1819( 119+1700)ms|AST   20|Inlined   0Y   0N|IR  20353/ 75041|CodeSize  397465|Addr 0x7f4af4b470c0|Timestamp 218101296624689|Src n/a
[engine] opt done   id=1424  ProtosRootNode@2ab9224                             |Tier 2|Time    19(   4+15  )ms|AST    2|Inlined   0Y   0N|IR    518/  1448|CodeSize    7174|Addr 0x7f4af397bfe0|Timestamp 218101390094894|Src n/a
[engine] opt done   id=1425  ProtosRootNode@4271d370                            |Tier 2|Time  2015( 149+1866)ms|AST   21|Inlined   0Y   0N|IR  20778/ 68815|CodeSize  387532|Addr 0x7f4af4ab2020|Timestamp 218103404907794|Src n/a
[engine] opt done   id=1420  ProtosRootNode@4d2e329a                            |Tier 2|Time    16(   4+12  )ms|AST    2|Inlined   0Y   0N|IR    815/   944|CodeSize    4429|Addr 0x7f4af48a8c00|Timestamp 218103477328394|Src n/a
[engine] opt done   id=1421  ProtosRootNode@e8992d1                             |Tier 2|Time   707(  56+651 )ms|AST   11|Inlined   0Y   0N|IR  10638/ 32814|CodeSize  176872|Addr 0x7f4af40c2160|Timestamp 218104184147015|Src n/a
[engine] opt done   id=1422  ProtosRootNode@59490b84                            |Tier 2|Time    24(   4+19  )ms|AST    2|Inlined   0Y   0N|IR    815/   944|CodeSize    4429|Addr 0x7f4af3979d80|Timestamp 218104211248064|Src n/a
[engine] opt done   id=1423  ProtosRootNode@34ec8a2b                            |Tier 2|Time  1819( 172+1647)ms|AST   20|Inlined   0Y   0N|IR  20280/ 62658|CodeSize  342484|Addr 0x7f4af4283b80|Timestamp 218106030265838|Src n/a
[engine] opt done   id=1426  ProtosRootNode@54e05e90                            |Tier 1|Time    22(   4+17  )ms|AST    2|Inlined   0Y   0N|IR    888/  2671|CodeSize   13140|Addr 0x7f4af3950ec0|Timestamp 218106095161563|Src n/a
[engine] opt failed id=1427  ProtosRootNode@746ed777                            |Tier 1|Time   50(-218106097+218106148)ms|Reason: jdk.graal.compiler.truffle.GraphTooBigBailoutException: Graph too big to safely compile. Node count: 50681. Graph Size: 150026. Limit: 150000.|Timestamp 218106147613340|Src n/a
[engine] opt failed id=1427  ProtosRootNode@746ed777                            |Tier 1|Time   42(-218106154+218106196)ms|Reason: jdk.graal.compiler.truffle.GraphTooBigBailoutException: Graph too big to safely compile. Node count: 50681. Graph Size: 150026. Limit: 150000.|Timestamp 218106196246653|Src n/a
[engine] opt done   id=1414  ProtosRootNode@74aaef5a                            |Tier 1|Time    14(   5+9   )ms|AST    2|Inlined   0Y   0N|IR    888/  1275|CodeSize    5532|Addr 0x7f4af4aab4e0|Timestamp 218106216386917|Src n/a
[engine] opt done   id=1415  ProtosRootNode@3fb4d32c                            |Tier 1|Time   196(  24+171 )ms|AST    7|Inlined   0Y   0N|IR   4642/ 17482|CodeSize   90120|Addr 0x7f4af4571300|Timestamp 218106413981115|Src n/a
[engine] opt done   id=1515  ProtosRootNode@6106cc69                            |Tier 1|Time    17(   6+10  )ms|AST    2|Inlined   0Y   0N|IR    591/  1658|CodeSize    7561|Addr 0x7f4af394d620|Timestamp 218106614835324|Src n/a
[engine] opt done   id=1516  ProtosRootNode@1e261141                            |Tier 1|Time  2010( 128+1882)ms|AST   21|Inlined   0Y   0N|IR  20851/ 81773|CodeSize  436754|Addr 0x7f4af41dbda0|Timestamp 218108625464651|Src n/a
[engine] opt done   id=1511  ProtosRootNode@2a747847                            |Tier 1|Time    14(   4+9   )ms|AST    2|Inlined   0Y   0N|IR    888/  1275|CodeSize    5532|Addr 0x7f4af456dae0|Timestamp 218108673909925|Src n/a
[engine] opt done   id=1512  ProtosRootNode@14813f64                            |Tier 1|Time   629(  56+573 )ms|AST   11|Inlined   0Y   0N|IR  10711/ 39220|CodeSize  206041|Addr 0x7f4af49d3640|Timestamp 218109303156462|Src n/a
[engine] opt done   id=1513  ProtosRootNode@ea420a7                             |Tier 1|Time    14(   4+9   )ms|AST    2|Inlined   0Y   0N|IR    888/  1275|CodeSize    5532|Addr 0x7f4af40bdae0|Timestamp 218109317521042|Src n/a
[engine] opt done   id=1514  ProtosRootNode@62204a71                            |Tier 1|Time  1870( 177+1693)ms|AST   20|Inlined   0Y   0N|IR  20353/ 75041|CodeSize  397465|Addr 0x7f4af44394c0|Timestamp 218111187653292|Src n/a
[engine] opt done   id=1515  ProtosRootNode@6106cc69                            |Tier 2|Time    19(   4+15  )ms|AST    2|Inlined   0Y   0N|IR    518/  1448|CodeSize    7174|Addr 0x7f4af40ba5e0|Timestamp 218111270513019|Src n/a
[engine] opt done   id=1516  ProtosRootNode@1e261141                            |Tier 2|Time  1974( 190+1785)ms|AST   21|Inlined   0Y   0N|IR  20778/ 68815|CodeSize  387532|Addr 0x7f4af43a4420|Timestamp 218113246920113|Src n/a
[engine] opt done   id=1511  ProtosRootNode@2a747847                            |Tier 2|Time    18(   5+13  )ms|AST    2|Inlined   0Y   0N|IR    815/   944|CodeSize    4429|Addr 0x7f4af40b6700|Timestamp 218113339283947|Src n/a
[engine] opt done   id=1512  ProtosRootNode@14813f64                            |Tier 2|Time   749(  59+689 )ms|AST   11|Inlined   0Y   0N|IR  10638/ 32814|CodeSize  176872|Addr 0x7f4af435cce0|Timestamp 218114088909268|Src n/a
[engine] opt done   id=1513  ProtosRootNode@ea420a7                             |Tier 2|Time    34(   9+26  )ms|AST    2|Inlined   0Y   0N|IR    815/   944|CodeSize    4429|Addr 0x7f4af40b4580|Timestamp 218114131448347|Src n/a
[engine] opt done   id=1514  ProtosRootNode@62204a71                            |Tier 2|Time  1909( 140+1769)ms|AST   20|Inlined   0Y   0N|IR  20280/ 62658|CodeSize  342484|Addr 0x7f4af4de8980|Timestamp 218116041971165|Src n/a
[engine] opt done   id=1517  ProtosRootNode@25bcae8f                            |Tier 1|Time    22(   4+18  )ms|AST    2|Inlined   0Y   0N|IR    888/  2671|CodeSize   13140|Addr 0x7f4af40ae9c0|Timestamp 218116108969511|Src n/a
[engine] opt failed id=1518  ProtosRootNode@f238e68                             |Tier 1|Time   44(-218116109+218116154)ms|Reason: jdk.graal.compiler.truffle.GraphTooBigBailoutException: Graph too big to safely compile. Node count: 50681. Graph Size: 150026. Limit: 150000.|Timestamp 218116153656782|Src n/a
[engine] opt failed id=1518  ProtosRootNode@f238e68                             |Tier 1|Time   44(-218116164+218116209)ms|Reason: jdk.graal.compiler.truffle.GraphTooBigBailoutException: Graph too big to safely compile. Node count: 50681. Graph Size: 150026. Limit: 150000.|Timestamp 218116208715931|Src n/a
[engine] opt done   id=1505  ProtosRootNode@405ea8ca                            |Tier 1|Time    14(   4+10  )ms|AST    2|Inlined   0Y   0N|IR    888/  1275|CodeSize    5532|Addr 0x7f4af40abfe0|Timestamp 218116225198352|Src n/a
[engine] opt done   id=1506  ProtosRootNode@48420e05                            |Tier 1|Time   213(  32+182 )ms|AST    7|Inlined   0Y   0N|IR   4642/ 17482|CodeSize   90120|Addr 0x7f4af49ad380|Timestamp 218116438910901|Src n/a
[engine] opt done   id=1606  ProtosRootNode@79a83ca8                            |Tier 1|Time    29(   7+22  )ms|AST    2|Inlined   0Y   0N|IR    591/  1658|CodeSize    7561|Addr 0x7f4af49a8ca0|Timestamp 218116648966767|Src n/a
[engine] opt done   id=1607  ProtosRootNode@6b387c6e                            |Tier 1|Time  2204( 164+2040)ms|AST   21|Inlined   0Y   0N|IR  20851/ 81773|CodeSize  436754|Addr 0x7f4af4e6e420|Timestamp 218118854103399|Src n/a
[engine] opt done   id=1602  ProtosRootNode@41ec07eb                            |Tier 1|Time    14(   4+10  )ms|AST    2|Inlined   0Y   0N|IR    888/  1275|CodeSize    5532|Addr 0x7f4af40a60e0|Timestamp 218118893275016|Src n/a
[engine] opt done   id=1603  ProtosRootNode@574f4b0e                            |Tier 1|Time   643(  58+585 )ms|AST   11|Inlined   0Y   0N|IR  10711/ 39220|CodeSize  206041|Addr 0x7f4af4f15140|Timestamp 218119536956764|Src n/a
[engine] opt done   id=1604  ProtosRootNode@614d5f2d                            |Tier 1|Time    14(   4+10  )ms|AST    2|Inlined   0Y   0N|IR    888/  1275|CodeSize    5532|Addr 0x7f4af4358660|Timestamp 218119569674806|Src n/a
[engine] opt done   id=1605  ProtosRootNode@12d6d50                             |Tier 1|Time  1857( 126+1731)ms|AST   20|Inlined   0Y   0N|IR  20353/ 75041|CodeSize  397465|Addr 0x7f4af4f6a8c0|Timestamp 218121426556567|Src n/a
[engine] opt done   id=1606  ProtosRootNode@79a83ca8                            |Tier 2|Time    20(   4+16  )ms|AST    2|Inlined   0Y   0N|IR    518/  1448|CodeSize    7174|Addr 0x7f4af4355160|Timestamp 218121511897336|Src n/a
[engine] opt done   id=1607  ProtosRootNode@6b387c6e                            |Tier 2|Time  1999( 148+1851)ms|AST   21|Inlined   0Y   0N|IR  20778/ 68815|CodeSize  387532|Addr 0x7f4af50075a0|Timestamp 218123513022287|Src n/a
[engine] opt done   id=1602  ProtosRootNode@41ec07eb                            |Tier 2|Time    17(   5+12  )ms|AST    2|Inlined   0Y   0N|IR    815/   944|CodeSize    4429|Addr 0x7f4af40a3f00|Timestamp 218123601376478|Src n/a
[engine] opt done   id=1603  ProtosRootNode@574f4b0e                            |Tier 2|Time  1106( 123+983 )ms|AST   11|Inlined   0Y   0N|IR  10638/ 32814|CodeSize  176872|Addr 0x7f4af5098f60|Timestamp 218124709720328|Src n/a
[engine] opt done   id=1604  ProtosRootNode@614d5f2d                            |Tier 2|Time    23(   4+19  )ms|AST    2|Inlined   0Y   0N|IR    815/   944|CodeSize    4429|Addr 0x7f4af4352f00|Timestamp 218124736017296|Src n/a
[engine] opt done   id=1605  ProtosRootNode@12d6d50                             |Tier 2|Time  1928( 133+1795)ms|AST   20|Inlined   0Y   0N|IR  20280/ 62658|CodeSize  342484|Addr 0x7f4af50dfd80|Timestamp 218126664710547|Src n/a
[engine] opt done   id=1608  ProtosRootNode@40436a58                            |Tier 1|Time    22(   4+18  )ms|AST    2|Inlined   0Y   0N|IR    888/  2671|CodeSize   13140|Addr 0x7f4af434d340|Timestamp 218126730793353|Src n/a
[engine] opt failed id=1609  ProtosRootNode@6586ebdc                            |Tier 1|Time   50(-218126733+218126783)ms|Reason: jdk.graal.compiler.truffle.GraphTooBigBailoutException: Graph too big to safely compile. Node count: 50681. Graph Size: 150026. Limit: 150000.|Timestamp 218126783152649|Src n/a
[engine] opt failed id=1609  ProtosRootNode@6586ebdc                            |Tier 1|Time   44(-218126797+218126841)ms|Reason: jdk.graal.compiler.truffle.GraphTooBigBailoutException: Graph too big to safely compile. Node count: 50681. Graph Size: 150026. Limit: 150000.|Timestamp 218126841408359|Src n/a
[engine] opt done   id=1596  ProtosRootNode@64069571                            |Tier 1|Time    14(   4+10  )ms|AST    2|Inlined   0Y   0N|IR    888/  1275|CodeSize    5532|Addr 0x7f4af434a960|Timestamp 218126855751300|Src n/a
[engine] opt done   id=1597  ProtosRootNode@222fe2fb                            |Tier 1|Time   218(  42+176 )ms|AST    7|Inlined   0Y   0N|IR   4642/ 17482|CodeSize   90120|Addr 0x7f4af4c3f180|Timestamp 218127075827312|Src n/a
[engine] opt done   id=1697  ProtosRootNode@4915ebc3                            |Tier 1|Time    22(   6+16  )ms|AST    2|Inlined   0Y   0N|IR    591/  1658|CodeSize    7561|Addr 0x7f4af4c3a5a0|Timestamp 218127271772029|Src n/a
[engine] opt done   id=1698  ProtosRootNode@53778faa                            |Tier 1|Time  2117( 138+1979)ms|AST   21|Inlined   0Y   0N|IR  20851/ 81773|CodeSize  436754|Addr 0x7f4af5165820|Timestamp 218129388898870|Src n/a
[engine] opt done   id=1693  ProtosRootNode@1c02240e                            |Tier 1|Time    57(   4+53  )ms|AST    2|Inlined   0Y   0N|IR    888/  1275|CodeSize    5532|Addr 0x7f4af3214f60|Timestamp 218129478152702|Src n/a
[engine] opt done   id=1694  ProtosRootNode@14a11123                            |Tier 1|Time   645(  58+587 )ms|AST   11|Inlined   0Y   0N|IR  10711/ 39220|CodeSize  206041|Addr 0x7f4af36e2340|Timestamp 218130123732500|Src n/a
[engine] opt done   id=1695  ProtosRootNode@58d098e5                            |Tier 1|Time    14(   4+10  )ms|AST    2|Inlined   0Y   0N|IR    888/  1275|CodeSize    5532|Addr 0x7f4af36d6b60|Timestamp 218130159614656|Src n/a
[engine] opt done   id=1696  ProtosRootNode@2effb3d7                            |Tier 1|Time  1880( 125+1756)ms|AST   20|Inlined   0Y   0N|IR  20353/ 75041|CodeSize  397465|Addr 0x7f4af32a2ec0|Timestamp 218132040375723|Src n/a
[engine] opt done   id=1697  ProtosRootNode@4915ebc3                            |Tier 2|Time    19(   3+16  )ms|AST    2|Inlined   0Y   0N|IR    518/  1448|CodeSize    7174|Addr 0x7f4af3347ce0|Timestamp 218132125946352|Src n/a
[engine] opt done   id=1698  ProtosRootNode@53778faa                            |Tier 2|Time  2133( 133+1999)ms|AST   21|Inlined   0Y   0N|IR  20778/ 68815|CodeSize  387532|Addr 0x7f4af335a720|Timestamp 218134259053685|Src n/a
[engine] opt done   id=1693  ProtosRootNode@1c02240e                            |Tier 2|Time    17(   4+13  )ms|AST    2|Inlined   0Y   0N|IR    815/   944|CodeSize    4429|Addr 0x7f4af329a980|Timestamp 218134330595934|Src n/a
[engine] opt done   id=1694  ProtosRootNode@14a11123                            |Tier 2|Time   696(  59+637 )ms|AST   11|Inlined   0Y   0N|IR  10638/ 32814|CodeSize  176872|Addr 0x7f4af3404960|Timestamp 218135026398488|Src n/a
[engine] opt done   id=1695  ProtosRootNode@58d098e5                            |Tier 2|Time    24(   4+20  )ms|AST    2|Inlined   0Y   0N|IR    815/   944|CodeSize    4429|Addr 0x7f4af35ede00|Timestamp 218135053310416|Src n/a
[engine] opt done   id=1696  ProtosRootNode@2effb3d7                            |Tier 2|Time  1789( 123+1666)ms|AST   20|Inlined   0Y   0N|IR  20280/ 62658|CodeSize  342484|Addr 0x7f4af3c07900|Timestamp 218136842821450|Src n/a
[engine] opt done   id=1699  ProtosRootNode@1901cfe2                            |Tier 1|Time    22(   4+18  )ms|AST    2|Inlined   0Y   0N|IR    888/  2671|CodeSize   13140|Addr 0x7f4af35e2640|Timestamp 218136928015489|Src n/a
[engine] opt failed id=1700  ProtosRootNode@89ab038                             |Tier 1|Time   44(-218136928+218136972)ms|Reason: jdk.graal.compiler.truffle.GraphTooBigBailoutException: Graph too big to safely compile. Node count: 50681. Graph Size: 150026. Limit: 150000.|Timestamp 218136972506170|Src n/a
[engine] opt failed id=1700  ProtosRootNode@89ab038                             |Tier 1|Time   45(-218136985+218137030)ms|Reason: jdk.graal.compiler.truffle.GraphTooBigBailoutException: Graph too big to safely compile. Node count: 50681. Graph Size: 150026. Limit: 150000.|Timestamp 218137029616000|Src n/a
[engine] opt done   id=1687  ProtosRootNode@1a0b97cc                            |Tier 1|Time    14(   4+10  )ms|AST    2|Inlined   0Y   0N|IR    888/  1275|CodeSize    5532|Addr 0x7f4af3d672e0|Timestamp 218137043950990|Src n/a
[engine] opt done   id=1688  ProtosRootNode@294abb1                             |Tier 1|Time   199(  24+175 )ms|AST    7|Inlined   0Y   0N|IR   4642/ 17482|CodeSize   90120|Addr 0x7f4af35f2280|Timestamp 218137243478149|Src n/a
[engine] opt done   id=1788  ProtosRootNode@7bfa9c00                            |Tier 1|Time    29(   8+20  )ms|AST    2|Inlined   0Y   0N|IR    591/  1658|CodeSize    7561|Addr 0x7f4af315d120|Timestamp 218137440224605|Src n/a
[engine] opt done   id=1789  ProtosRootNode@560f8ce5                            |Tier 1|Time  2213( 166+2047)ms|AST   21|Inlined   0Y   0N|IR  20851/ 81773|CodeSize  436754|Addr 0x7f4af316f8a0|Timestamp 218139655190185|Src n/a
[engine] opt done   id=1784  ProtosRootNode@5c3490dd                            |Tier 1|Time    17(   6+11  )ms|AST    2|Inlined   0Y   0N|IR    888/  1275|CodeSize    5532|Addr 0x7f4af419a460|Timestamp 218139699922046|Src n/a
[engine] opt done   id=1785  ProtosRootNode@58c5b0ce                            |Tier 1|Time   695(  76+619 )ms|AST   11|Inlined   0Y   0N|IR  10711/ 39220|CodeSize  206041|Addr 0x7f4af3221640|Timestamp 218140394697179|Src n/a
[engine] opt done   id=1786  ProtosRootNode@226d24b4                            |Tier 1|Time    16(   5+10  )ms|AST    2|Inlined   0Y   0N|IR    888/  1275|CodeSize    5532|Addr 0x7f4af4642060|Timestamp 218140432412505|Src n/a
[engine] opt done   id=1787  ProtosRootNode@23d65af3                            |Tier 1|Time  2118( 170+1948)ms|AST   20|Inlined   0Y   0N|IR  20353/ 75041|CodeSize  397465|Addr 0x7f4af3a83ac0|Timestamp 218142550227207|Src n/a
[engine] opt done   id=1788  ProtosRootNode@7bfa9c00                            |Tier 2|Time    20(   4+16  )ms|AST    2|Inlined   0Y   0N|IR    518/  1448|CodeSize    7174|Addr 0x7f4af37d8d60|Timestamp 218142654129739|Src n/a
[engine] opt done   id=1789  ProtosRootNode@560f8ce5                            |Tier 2|Time  2114( 128+1985)ms|AST   21|Inlined   0Y   0N|IR  20778/ 68815|CodeSize  387532|Addr 0x7f4af37e08a0|Timestamp 218144767996418|Src n/a
[engine] opt done   id=1784  ProtosRootNode@5c3490dd                            |Tier 2|Time    21(   5+16  )ms|AST    2|Inlined   0Y   0N|IR    815/   944|CodeSize    4429|Addr 0x7f4af4aa8280|Timestamp 218144867747207|Src n/a
[engine] opt done   id=1785  ProtosRootNode@58c5b0ce                            |Tier 2|Time   785(  82+702 )ms|AST   11|Inlined   0Y   0N|IR  10638/ 32814|CodeSize  176872|Addr 0x7f4af3bbe6e0|Timestamp 218145653169993|Src n/a
[engine] opt done   id=1786  ProtosRootNode@226d24b4                            |Tier 2|Time    25(   5+20  )ms|AST    2|Inlined   0Y   0N|IR    815/   944|CodeSize    4429|Addr 0x7f4af3bba680|Timestamp 218145681031373|Src n/a
[engine] opt done   id=1787  ProtosRootNode@23d65af3                            |Tier 2|Time  2185( 234+1951)ms|AST   20|Inlined   0Y   0N|IR  20280/ 62658|CodeSize  342484|Addr 0x7f4af347a100|Timestamp 218147866540012|Src n/a
[engine] opt done   id=1790  ProtosRootNode@39651178                            |Tier 1|Time    26(   5+21  )ms|AST    2|Inlined   0Y   0N|IR    888/  2671|CodeSize   13140|Addr 0x7f4af3f00940|Timestamp 218147933378978|Src n/a
[engine] opt failed id=1791  ProtosRootNode@76111447                            |Tier 1|Time   71(-218147934+218148005)ms|Reason: jdk.graal.compiler.truffle.GraphTooBigBailoutException: Graph too big to safely compile. Node count: 50681. Graph Size: 150026. Limit: 150000.|Timestamp 218148005169988|Src n/a
[engine] opt failed id=1791  ProtosRootNode@76111447                            |Tier 1|Time   48(-218148006+218148054)ms|Reason: jdk.graal.compiler.truffle.GraphTooBigBailoutException: Graph too big to safely compile. Node count: 50681. Graph Size: 150026. Limit: 150000.|Timestamp 218148053847422|Src n/a
[engine] opt done   id=1778  ProtosRootNode@3952d3d3                            |Tier 1|Time    16(   6+10  )ms|AST    2|Inlined   0Y   0N|IR    888/  1275|CodeSize    5532|Addr 0x7f4af466bce0|Timestamp 218148078255779|Src n/a
[engine] opt done   id=1779  ProtosRootNode@5d597238                            |Tier 1|Time   223(  28+194 )ms|AST    7|Inlined   0Y   0N|IR   4642/ 17482|CodeSize   90120|Addr 0x7f4af3fce580|Timestamp 218148301020574|Src n/a
[engine] opt done   id=1879  ProtosRootNode@6cb2f29d                            |Tier 1|Time    30(   7+23  )ms|AST    2|Inlined   0Y   0N|IR    591/  1658|CodeSize    7561|Addr 0x7f4af321b620|Timestamp 218148517767084|Src n/a
[engine] opt done   id=1880  ProtosRootNode@407b9c4b                            |Tier 1|Time  2293( 170+2123)ms|AST   21|Inlined   0Y   0N|IR  20851/ 81773|CodeSize  436754|Addr 0x7f4af3631ba0|Timestamp 218150811103178|Src n/a
[engine] opt done   id=1875  ProtosRootNode@23c01d61                            |Tier 1|Time    16(   5+10  )ms|AST    2|Inlined   0Y   0N|IR    888/  1275|CodeSize    5532|Addr 0x7f4af49a55e0|Timestamp 218150851407656|Src n/a
[engine] opt done   id=1876  ProtosRootNode@6c7ae43b                            |Tier 1|Time   747(  97+649 )ms|AST   11|Inlined   0Y   0N|IR  10711/ 39220|CodeSize  206041|Addr 0x7f4af4c65440|Timestamp 218151598346825|Src n/a
[engine] opt done   id=1877  ProtosRootNode@3c260bce                            |Tier 1|Time    15(   5+11  )ms|AST    2|Inlined   0Y   0N|IR    888/  1275|CodeSize    5532|Addr 0x7f4af3c899e0|Timestamp 218151632414249|Src n/a
[engine] opt done   id=1878  ProtosRootNode@7912740a                            |Tier 1|Time  2017( 142+1875)ms|AST   20|Inlined   0Y   0N|IR  20353/ 75041|CodeSize  397465|Addr 0x7f4af373b9c0|Timestamp 218153649347721|Src n/a
[engine] opt done   id=1879  ProtosRootNode@6cb2f29d                            |Tier 2|Time    27(   3+24  )ms|AST    2|Inlined   0Y   0N|IR    518/  1448|CodeSize    7174|Addr 0x7f4af432ca60|Timestamp 218153725736614|Src n/a
[engine] opt done   id=1880  ProtosRootNode@407b9c4b                            |Tier 2|Time  2354( 170+2184)ms|AST   21|Inlined   0Y   0N|IR  20778/ 68815|CodeSize  387532|Addr 0x7f4af44db2a0|Timestamp 218156079944390|Src n/a
[engine] opt done   id=1875  ProtosRootNode@23c01d61                            |Tier 2|Time    17(   4+13  )ms|AST    2|Inlined   0Y   0N|IR    815/   944|CodeSize    4429|Addr 0x7f4af3734280|Timestamp 218156150156269|Src n/a
[engine] opt done   id=1876  ProtosRootNode@6c7ae43b                            |Tier 2|Time   700(  58+642 )ms|AST   11|Inlined   0Y   0N|IR  10638/ 32814|CodeSize  176872|Addr 0x7f4af4be5fe0|Timestamp 218156850308526|Src n/a
[engine] opt done   id=1877  ProtosRootNode@3c260bce                            |Tier 2|Time    25(   4+21  )ms|AST    2|Inlined   0Y   0N|IR    815/   944|CodeSize    4429|Addr 0x7f4af4be1f80|Timestamp 218156878320745|Src n/a
[engine] opt done   id=1878  ProtosRootNode@7912740a                            |Tier 2|Time  2253( 136+2116)ms|AST   20|Inlined   0Y   0N|IR  20280/ 62658|CodeSize  342484|Addr 0x7f4af38c8a80|Timestamp 218159131238671|Src n/a
[engine] opt done   id=1881  ProtosRootNode@549be508                            |Tier 1|Time    40(  14+27  )ms|AST    2|Inlined   0Y   0N|IR    888/  2671|CodeSize   13140|Addr 0x7f4af38bf440|Timestamp 218159234271853|Src n/a
[engine] opt failed id=1882  ProtosRootNode@54478176                            |Tier 1|Time   63(-218159235+218159298)ms|Reason: jdk.graal.compiler.truffle.GraphTooBigBailoutException: Graph too big to safely compile. Node count: 50681. Graph Size: 150026. Limit: 150000.|Timestamp 218159297612357|Src n/a
[engine] opt failed id=1882  ProtosRootNode@54478176                            |Tier 1|Time   55(-218159322+218159378)ms|Reason: jdk.graal.compiler.truffle.GraphTooBigBailoutException: Graph too big to safely compile. Node count: 50681. Graph Size: 150026. Limit: 150000.|Timestamp 218159379464174|Src n/a
[engine] opt done   id=1869  ProtosRootNode@10e91aa1                            |Tier 1|Time    39(  11+28  )ms|AST    2|Inlined   0Y   0N|IR    888/  1275|CodeSize    5532|Addr 0x7f4af4cdf8e0|Timestamp 218159418899211|Src n/a
[engine] opt done   id=1870  ProtosRootNode@1c5d022e                            |Tier 1|Time   367(  65+302 )ms|AST    7|Inlined   0Y   0N|IR   4642/ 17482|CodeSize   90120|Addr 0x7f4af4646e00|Timestamp 218159786485247|Src n/a
