WARMUP	1	12726128782	528
WARMUP	2	9908145207	528
WARMUP	3	9794414270	528
WARMUP	4	10648064032	528
WARMUP	5	9587967857	528
WARMUP	6	9540451615	528
WARMUP	7	9783584113	528
WARMUP	8	9862567320	528
WARMUP	9	11944257595	528
WARMUP	10	13127623568	528
WARMUP	11	10128448165	528
WARMUP	12	10063572161	528
WARMUP	13	9703653441	528
WARMUP	14	9976917222	528
WARMUP	15	9968180656	528
WARMUP	16	10022188664	528
WARMUP	17	10631849758	528
WARMUP	18	10160508791	528
WARMUP	19	11074847857	528
WARMUP	20	11573345804	528
