PERF003-A4e controlled invokePrepared plus dynamic-control boundary experiment
mode=--run
HARNESS_REVISION=fe249e414ceb1766605b98f5943b612eac90e2ac
PROTOS_REVISION=d66841adb0b820047ed079f0bc7d643873f23194
PROTOS_VERSION=0.2.180-SNAPSHOT
WORKLOAD=collections/array-reduce
EXPECTED=528
CPUSET=0
phase=01 build experimental invokePrepared plus dynamic-control boundary image
BOUNDARY_IMAGE_BUILD: PASS
BOUNDARY_SOURCE_CHECK: PASS
CORRECTNESS: PASS variant=boundary result=528
phase=02 build exact control image
CONTROL_IMAGE_BUILD: PASS
CORRECTNESS: PASS variant=control result=528
phase=03 control TraceCompilation
control_opt_done=316
control_opt_failed=40
control_graph_too_big=40
control_graph_shapes=50681:150026:150000
phase=04 invokePrepared plus dynamic-control boundary TraceCompilation
boundary_opt_done=316
boundary_opt_failed=40
boundary_graph_too_big=40
boundary_graph_shapes=50290:150037:150000
A4E_HYPOTHESIS=INCONCLUSIVE
A4E_REASON=dynamic-control boundary changed the A4a residual diagnostics without a directional result
PERF003A_A4E_EXPERIMENT: PASS
TIMING_EVIDENCE: NO
PROTOS_REPOSITORY_CHANGED: NO
