#0 building with "default" instance using docker driver

#1 [internal] load build definition from Dockerfile
#1 transferring dockerfile: 2.91kB done
#1 DONE 0.0s

#2 [internal] load metadata for ghcr.io/graalvm/jdk-community:22.0.0
#2 DONE 0.0s

#3 [internal] load metadata for docker.io/library/maven:3.9.9-eclipse-temurin-21
#3 DONE 0.0s

#4 [internal] load .dockerignore
#4 transferring context: 2B done
#4 DONE 0.0s

#5 [stage-1 1/6] FROM ghcr.io/graalvm/jdk-community:22.0.0
#5 DONE 0.0s

#6 [build  1/11] FROM docker.io/library/maven:3.9.9-eclipse-temurin-21
#6 DONE 0.0s

#7 [internal] load build context
#7 transferring context: 12.23kB done
#7 DONE 0.0s

#8 [stage-1 4/6] COPY --from=build /out/truffle-runtime /opt/truffle-runtime
#8 CACHED

#9 [build  2/11] RUN test -n "86b35d8bb2d7ab2ad54bc2947e1bf7fbff1fca15"
#9 CACHED

#10 [stage-1 5/6] COPY --from=build /out/diag /opt/diag
#10 CACHED

#11 [build 11/11] RUN mkdir -p /out/diag     && javac -cp '/out/protos.jar:/out/truffle-runtime/*' -d /out/diag        /tmp/DiagnosticEval.java /tmp/RuntimeProbe.java /tmp/MeasurementDriver.java /tmp/StartupDriver.java
#11 CACHED

#12 [build  9/11] RUN git init /src     && cd /src     && git remote add origin "https://github.com/guillermomolina/protos.git"     && git fetch --depth 1 origin "86b35d8bb2d7ab2ad54bc2947e1bf7fbff1fca15"     && git checkout --detach FETCH_HEAD     && test "$(git rev-parse HEAD)" = "86b35d8bb2d7ab2ad54bc2947e1bf7fbff1fca15"     && mvn -q -DskipTests package     && mkdir -p /out     && JAR="$(find /src/target -maxdepth 1 -type f -name 'protos-*.jar' ! -name 'original-*' | LC_ALL=C sort | tail -n 1)"     && test -n "$JAR"     && cp "$JAR" /out/protos.jar
#12 CACHED

#13 [build  8/11] COPY StartupDriver.java /tmp/StartupDriver.java
#13 CACHED

#14 [stage-1 2/6] COPY --from=build /src /opt/protos
#14 CACHED

#15 [build  5/11] COPY DiagnosticEval.java /tmp/DiagnosticEval.java
#15 CACHED

#16 [stage-1 3/6] COPY --from=build /out/protos.jar /opt/protos/protos.jar
#16 CACHED

#17 [build  4/11] COPY truffle-runtime-pom.xml /tmp/truffle-runtime-pom.xml
#17 CACHED

#18 [build 10/11] RUN mkdir -p /out/truffle-runtime     && mvn -q -f /tmp/truffle-runtime-pom.xml -Dtruffle.version="24.0.0"        dependency:copy-dependencies -DincludeScope=runtime -DoutputDirectory=/out/truffle-runtime
#18 CACHED

#19 [build  3/11] RUN apt-get update && apt-get install -y --no-install-recommends git ca-certificates && rm -rf /var/lib/apt/lists/*
#19 CACHED

#20 [build  6/11] COPY RuntimeProbe.java /tmp/RuntimeProbe.java
#20 CACHED

#21 [build  7/11] COPY MeasurementDriver.java /tmp/MeasurementDriver.java
#21 CACHED

#22 [stage-1 6/6] WORKDIR /opt/protos
#22 CACHED

#23 exporting to image
#23 exporting layers done
#23 writing image sha256:df198bb34d8ea8c0c3b32773fa9fd802213a76302bf763a653f2b5b4d0b9f49d done
#23 naming to docker.io/library/protos-benchmarks-perf001e-protos:86b35d8bb2d7 done
#23 DONE 0.0s
