#0 building with "default" instance using docker driver

#1 [internal] load build definition from Dockerfile
#1 transferring dockerfile: 1.29kB done
#1 DONE 0.0s

#2 [internal] load metadata for docker.io/library/python:3.14.7-slim-bookworm
#2 DONE 0.0s

#3 [internal] load .dockerignore
#3 transferring context: 2B done
#3 DONE 0.0s

#4 [1/4] FROM docker.io/library/python:3.14.7-slim-bookworm
#4 DONE 0.0s

#5 [internal] load build context
#5 transferring context: 50.24kB done
#5 DONE 0.0s

#6 [2/4] WORKDIR /opt/benchmark
#6 CACHED

#7 [3/4] COPY docker/python-perf001e/timing_driver.py /opt/benchmark/timing_driver.py
#7 CACHED

#8 [4/4] COPY workloads/python /opt/benchmark/workloads
#8 CACHED

#9 exporting to image
#9 exporting layers done
#9 writing image sha256:80066f1257a236118c50f765bb3d8627c845dcffe8357a58c8f2ead343ce1e72 done
#9 naming to docker.io/library/protos-benchmarks-perf001e-python:86b35d8bb2d7 done
#9 DONE 0.0s
