#0 building with "default" instance using docker driver

#1 [internal] load build definition from Dockerfile
#1 transferring dockerfile: 1.34kB done
#1 DONE 0.0s

#2 [internal] load metadata for docker.io/library/node:24.20.0-bookworm-slim
#2 DONE 0.0s

#3 [internal] load .dockerignore
#3 transferring context: 2B done
#3 DONE 0.0s

#4 [1/4] FROM docker.io/library/node:24.20.0-bookworm-slim
#4 DONE 0.0s

#5 [internal] load build context
#5 transferring context: 29.14kB done
#5 DONE 0.0s

#6 [2/4] WORKDIR /opt/benchmark
#6 CACHED

#7 [3/4] COPY docker/node-perf001e/timing_driver.mjs /opt/benchmark/timing_driver.mjs
#7 CACHED

#8 [4/4] COPY workloads/javascript /opt/benchmark/workloads
#8 CACHED

#9 exporting to image
#9 exporting layers done
#9 writing image sha256:80e17070e6aed43ee71a9fae1478b9702cd63d9b11a98dce3b95c92e5c147926 done
#9 naming to docker.io/library/protos-benchmarks-perf001e-node:86b35d8bb2d7 done
#9 DONE 0.0s
