$ taskset -c 0 java -cp /workspaces/protos-benchmarks/.work/embedded/26a844c6f825822e73a419e44635aad4558ebdc4/canonical/56c598ef559eb45ffbe2fdb5747559be39d1620490cb45998b52efa800949b82/classes:/workspaces/protos/target/classes:/home/vscode/.m2/repository/org/jline/jline/3.30.6/jline-3.30.6.jar:/home/vscode/.m2/repository/com/ibm/icu/icu4j/78.1/icu4j-78.1.jar:/home/vscode/.m2/repository/org/graalvm/sdk/graal-sdk/25.4.4.1.1/graal-sdk-25.4.4.1.1.jar:/home/vscode/.m2/repository/org/graalvm/sdk/collections/25.4.4.1.1/collections-25.4.4.1.1.jar:/home/vscode/.m2/repository/org/graalvm/sdk/nativeimage/25.4.4.1.1/nativeimage-25.4.4.1.1.jar:/home/vscode/.m2/repository/org/graalvm/sdk/word/25.4.4.1.1/word-25.4.4.1.1.jar:/home/vscode/.m2/repository/org/graalvm/polyglot/polyglot/25.4.4.1.1/polyglot-25.4.4.1.1.jar:/home/vscode/.m2/repository/org/graalvm/truffle/truffle-api/25.4.4.1.1/truffle-api-25.4.4.1.1.jar:/home/vscode/.m2/repository/org/graalvm/sdk/jniutils/25.4.4.1.1/jniutils-25.4.4.1.1.jar:/home/vscode/.m2/repository/org/graalvm/truffle/truffle-runtime/25.4.4.1.1/truffle-runtime-25.4.4.1.1.jar:/home/vscode/.m2/repository/org/graalvm/truffle/truffle-compiler/25.4.4.1.1/truffle-compiler-25.4.4.1.1.jar:/home/vscode/.m2/repository/org/graalvm/polyglot/dap/25.4.4.1.1/dap-25.4.4.1.1.pom:/home/vscode/.m2/repository/org/graalvm/tools/dap-tool/25.4.4.1.1/dap-tool-25.4.4.1.1.jar:/home/vscode/.m2/repository/org/graalvm/shadowed/json/25.4.4.1.1/json-25.4.4.1.1.jar:/home/vscode/.m2/repository/org/eclipse/lsp4j/org.eclipse.lsp4j/1.0.0/org.eclipse.lsp4j-1.0.0.jar:/home/vscode/.m2/repository/org/eclipse/lsp4j/org.eclipse.lsp4j.jsonrpc/1.0.0/org.eclipse.lsp4j.jsonrpc-1.0.0.jar:/home/vscode/.m2/repository/com/google/code/gson/gson/2.14.0/gson-2.14.0.jar:/home/vscode/.m2/repository/com/google/errorprone/error_prone_annotations/2.48.0/error_prone_annotations-2.48.0.jar:/home/vscode/.m2/repository/org/junit/jupiter/junit-jupiter/5.10.2/junit-jupiter-5.10.2.jar:/home/vscode/.m2/repository/org/junit/jupiter/junit-jupiter-api/5.10.2/junit-jupiter-api-5.10.2.jar:/home/vscode/.m2/repository/org/opentest4j/opentest4j/1.3.0/opentest4j-1.3.0.jar:/home/vscode/.m2/repository/org/junit/platform/junit-platform-commons/1.10.2/junit-platform-commons-1.10.2.jar:/home/vscode/.m2/repository/org/apiguardian/apiguardian-api/1.1.2/apiguardian-api-1.1.2.jar:/home/vscode/.m2/repository/org/junit/jupiter/junit-jupiter-params/5.10.2/junit-jupiter-params-5.10.2.jar:/home/vscode/.m2/repository/org/junit/jupiter/junit-jupiter-engine/5.10.2/junit-jupiter-engine-5.10.2.jar:/home/vscode/.m2/repository/org/junit/platform/junit-platform-engine/1.10.2/junit-platform-engine-1.10.2.jar com.guillermomolina.protos.benchmarks.measure.protos.ProtosCanonicalSurface measure /workspaces/protos/protos/lib/core /workspaces/protos-benchmarks/truffle/workloads/primitive-return-literal/primitive-return-literal.protos 60 10 1000000 -
WARNING: A restricted method in java.lang.System has been called
WARNING: java.lang.System::load has been called by com.oracle.truffle.polyglot.JDKSupport in an unnamed module (file:/home/vscode/.m2/repository/org/graalvm/truffle/truffle-api/25.4.4.1.1/truffle-api-25.4.4.1.1.jar)
WARNING: Use --enable-native-access=ALL-UNNAMED to avoid a warning for callers in this module
WARNING: Restricted methods will be blocked in a future release unless native access is enabled

WARNING: A terminally deprecated method in sun.misc.Unsafe has been called
WARNING: sun.misc.Unsafe::objectFieldOffset has been called by com.oracle.truffle.runtime.hotspot.HotSpotTruffleRuntime (file:/home/vscode/.m2/repository/org/graalvm/truffle/truffle-runtime/25.4.4.1.1/truffle-runtime-25.4.4.1.1.jar)
WARNING: Please consider reporting this to the maintainers of class com.oracle.truffle.runtime.hotspot.HotSpotTruffleRuntime
WARNING: sun.misc.Unsafe::objectFieldOffset will be removed in a future release
mode=jvm
surface=canonical
language=protos
run_mode=canonical
source=/workspaces/protos-benchmarks/truffle/workloads/primitive-return-literal/primitive-return-literal.protos
warmup_iterations=60
steady_iterations=10
sample_calls=1000000
setup_ns=1170744266
sample phase=cold iteration=1 elapsed_ns=12004902
sample phase=warmup iteration=1 elapsed_ns=884670865
sample phase=warmup iteration=2 elapsed_ns=241131044
sample phase=warmup iteration=3 elapsed_ns=211583144
sample phase=warmup iteration=4 elapsed_ns=194264197
sample phase=warmup iteration=5 elapsed_ns=151333383
sample phase=warmup iteration=6 elapsed_ns=153097345
sample phase=warmup iteration=7 elapsed_ns=156326669
sample phase=warmup iteration=8 elapsed_ns=96057807
sample phase=warmup iteration=9 elapsed_ns=90446982
sample phase=warmup iteration=10 elapsed_ns=88166779
sample phase=warmup iteration=11 elapsed_ns=88656280
sample phase=warmup iteration=12 elapsed_ns=83033614
sample phase=warmup iteration=13 elapsed_ns=83171794
sample phase=warmup iteration=14 elapsed_ns=82887514
sample phase=warmup iteration=15 elapsed_ns=83211094
sample phase=warmup iteration=16 elapsed_ns=83174694
sample phase=warmup iteration=17 elapsed_ns=83049054
sample phase=warmup iteration=18 elapsed_ns=83138474
sample phase=warmup iteration=19 elapsed_ns=83363725
sample phase=warmup iteration=20 elapsed_ns=83294384
sample phase=warmup iteration=21 elapsed_ns=83141535
sample phase=warmup iteration=22 elapsed_ns=83109484
sample phase=warmup iteration=23 elapsed_ns=83220034
sample phase=warmup iteration=24 elapsed_ns=83279645
sample phase=warmup iteration=25 elapsed_ns=82966144
sample phase=warmup iteration=26 elapsed_ns=83052634
sample phase=warmup iteration=27 elapsed_ns=83156584
sample phase=warmup iteration=28 elapsed_ns=83072334
sample phase=warmup iteration=29 elapsed_ns=86946988
sample phase=warmup iteration=30 elapsed_ns=82898523
sample phase=warmup iteration=31 elapsed_ns=83328194
sample phase=warmup iteration=32 elapsed_ns=82839514
sample phase=warmup iteration=33 elapsed_ns=84997726
sample phase=warmup iteration=34 elapsed_ns=83076974
sample phase=warmup iteration=35 elapsed_ns=82947304
sample phase=warmup iteration=36 elapsed_ns=82879834
sample phase=warmup iteration=37 elapsed_ns=82946094
sample phase=warmup iteration=38 elapsed_ns=82988304
sample phase=warmup iteration=39 elapsed_ns=83294244
sample phase=warmup iteration=40 elapsed_ns=83015664
sample phase=warmup iteration=41 elapsed_ns=83146905
sample phase=warmup iteration=42 elapsed_ns=83279764
sample phase=warmup iteration=43 elapsed_ns=84587046
sample phase=warmup iteration=44 elapsed_ns=82865254
sample phase=warmup iteration=45 elapsed_ns=83316024
sample phase=warmup iteration=46 elapsed_ns=83165384
sample phase=warmup iteration=47 elapsed_ns=83558404
sample phase=warmup iteration=48 elapsed_ns=83164534
sample phase=warmup iteration=49 elapsed_ns=83143144
sample phase=warmup iteration=50 elapsed_ns=83335184
sample phase=warmup iteration=51 elapsed_ns=83675385
sample phase=warmup iteration=52 elapsed_ns=83262104
sample phase=warmup iteration=53 elapsed_ns=83690705
sample phase=warmup iteration=54 elapsed_ns=87341378
sample phase=warmup iteration=55 elapsed_ns=87993819
sample phase=warmup iteration=56 elapsed_ns=84013335
sample phase=warmup iteration=57 elapsed_ns=84257845
sample phase=warmup iteration=58 elapsed_ns=83437665
sample phase=warmup iteration=59 elapsed_ns=86280497
sample phase=warmup iteration=60 elapsed_ns=83091354
sample phase=steady iteration=1 elapsed_ns=83371545
sample phase=steady iteration=2 elapsed_ns=83783585
sample phase=steady iteration=3 elapsed_ns=83860715
sample phase=steady iteration=4 elapsed_ns=85485556
sample phase=steady iteration=5 elapsed_ns=85233727
sample phase=steady iteration=6 elapsed_ns=84634435
sample phase=steady iteration=7 elapsed_ns=85918327
sample phase=steady iteration=8 elapsed_ns=84938016
sample phase=steady iteration=9 elapsed_ns=85980007
sample phase=steady iteration=10 elapsed_ns=83530104
result=1
