$ taskset -c 0 java -Dprotos.benchmarks.peer.language=python -cp /workspaces/protos-benchmarks/.work/embedded/peer-25.4.4.1.1/executable-value/d0088eaa89ece882c7363b6d2a332ffbdffae8594feb7a0767135a1f7f2b5cd4/classes:/home/vscode/.m2/repository/org/graalvm/polyglot/polyglot/25.4.4.1.1/polyglot-25.4.4.1.1.jar:/home/vscode/.m2/repository/org/graalvm/sdk/collections/25.4.4.1.1/collections-25.4.4.1.1.jar:/home/vscode/.m2/repository/org/graalvm/sdk/nativeimage/25.4.4.1.1/nativeimage-25.4.4.1.1.jar:/home/vscode/.m2/repository/org/graalvm/sdk/word/25.4.4.1.1/word-25.4.4.1.1.jar:/home/vscode/.m2/repository/org/graalvm/polyglot/js/25.4.4.1.1/js-25.4.4.1.1.pom:/home/vscode/.m2/repository/org/graalvm/js/js/25.4.4.1.1/js-25.4.4.1.1.pom:/home/vscode/.m2/repository/org/graalvm/js/js-language/25.4.4.1.1/js-language-25.4.4.1.1.jar:/home/vscode/.m2/repository/org/graalvm/regex/regex/25.4.4.1.1/regex-25.4.4.1.1.jar:/home/vscode/.m2/repository/org/graalvm/truffle/truffle-api/25.4.4.1.1/truffle-api-25.4.4.1.1.jar:/home/vscode/.m2/repository/org/graalvm/sdk/jniutils/25.4.4.1.1/jniutils-25.4.4.1.1.jar:/home/vscode/.m2/repository/org/graalvm/shadowed/icu4j/25.4.4.1.1/icu4j-25.4.4.1.1.jar:/home/vscode/.m2/repository/org/graalvm/truffle/truffle-runtime/25.4.4.1.1/truffle-runtime-25.4.4.1.1.jar:/home/vscode/.m2/repository/org/graalvm/truffle/truffle-compiler/25.4.4.1.1/truffle-compiler-25.4.4.1.1.jar:/home/vscode/.m2/repository/org/graalvm/polyglot/python/25.4.4.1.1/python-25.4.4.1.1.pom:/home/vscode/.m2/repository/org/graalvm/python/python/25.4.4.1.1/python-25.4.4.1.1.pom:/home/vscode/.m2/repository/org/graalvm/python/python-language/25.4.4.1.1/python-language-25.4.4.1.1.jar:/home/vscode/.m2/repository/org/graalvm/tools/profiler-tool/25.4.4.1.1/profiler-tool-25.4.4.1.1.jar:/home/vscode/.m2/repository/org/graalvm/shadowed/json/25.4.4.1.1/json-25.4.4.1.1.jar:/home/vscode/.m2/repository/org/graalvm/shadowed/xz/25.4.4.1.1/xz-25.4.4.1.1.jar:/home/vscode/.m2/repository/org/graalvm/python/python-resources/25.4.4.1.1/python-resources-25.4.4.1.1.jar com.guillermomolina.protos.benchmarks.measure.peer.PeerExecutableSurface measure - /workspaces/protos-benchmarks/truffle/workloads/primitive-local-read/primitive-local-read.py 50 10 10000 -
WARNING: A restricted method in java.lang.System has been called
WARNING: java.lang.System::load has been called by com.oracle.truffle.polyglot.JDKSupport in an unnamed module (file:/home/vscode/.m2/repository/org/graalvm/truffle/truffle-api/25.4.4.1.1/truffle-api-25.4.4.1.1.jar)
WARNING: Use --enable-native-access=ALL-UNNAMED to avoid a warning for callers in this module
WARNING: Restricted methods will be blocked in a future release unless native access is enabled

WARNING: A terminally deprecated method in sun.misc.Unsafe has been called
WARNING: sun.misc.Unsafe::objectFieldOffset has been called by com.oracle.truffle.runtime.hotspot.HotSpotTruffleRuntime (file:/home/vscode/.m2/repository/org/graalvm/truffle/truffle-runtime/25.4.4.1.1/truffle-runtime-25.4.4.1.1.jar)
WARNING: Please consider reporting this to the maintainers of class com.oracle.truffle.runtime.hotspot.HotSpotTruffleRuntime
WARNING: sun.misc.Unsafe::objectFieldOffset will be removed in a future release
mode=jvm
surface=executable-value
language=python
run_mode=executable-value
source=/workspaces/protos-benchmarks/truffle/workloads/primitive-local-read/primitive-local-read.py
warmup_iterations=50
steady_iterations=10
sample_calls=10000
setup_ns=4947633796
sample phase=cold iteration=1 elapsed_ns=8651096
sample phase=warmup iteration=1 elapsed_ns=225010820
sample phase=warmup iteration=2 elapsed_ns=18537640
sample phase=warmup iteration=3 elapsed_ns=16373474
sample phase=warmup iteration=4 elapsed_ns=16498294
sample phase=warmup iteration=5 elapsed_ns=12267370
sample phase=warmup iteration=6 elapsed_ns=9655655
sample phase=warmup iteration=7 elapsed_ns=9930164
sample phase=warmup iteration=8 elapsed_ns=7374058
sample phase=warmup iteration=9 elapsed_ns=9428935
sample phase=warmup iteration=10 elapsed_ns=5798781
sample phase=warmup iteration=11 elapsed_ns=5778741
sample phase=warmup iteration=12 elapsed_ns=5989261
sample phase=warmup iteration=13 elapsed_ns=3813374
sample phase=warmup iteration=14 elapsed_ns=5948311
sample phase=warmup iteration=15 elapsed_ns=4051183
sample phase=warmup iteration=16 elapsed_ns=6333050
sample phase=warmup iteration=17 elapsed_ns=3834934
sample phase=warmup iteration=18 elapsed_ns=5241371
sample phase=warmup iteration=19 elapsed_ns=3636594
sample phase=warmup iteration=20 elapsed_ns=3461605
sample phase=warmup iteration=21 elapsed_ns=20854326
sample phase=warmup iteration=22 elapsed_ns=5865441
sample phase=warmup iteration=23 elapsed_ns=3426065
sample phase=warmup iteration=24 elapsed_ns=1897017
sample phase=warmup iteration=25 elapsed_ns=3305205
sample phase=warmup iteration=26 elapsed_ns=4527452
sample phase=warmup iteration=27 elapsed_ns=4213754
sample phase=warmup iteration=28 elapsed_ns=2515596
sample phase=warmup iteration=29 elapsed_ns=3392124
sample phase=warmup iteration=30 elapsed_ns=2823045
sample phase=warmup iteration=31 elapsed_ns=3803094
sample phase=warmup iteration=32 elapsed_ns=1192158
sample phase=warmup iteration=33 elapsed_ns=2815315
sample phase=warmup iteration=34 elapsed_ns=2833425
sample phase=warmup iteration=35 elapsed_ns=3062906
sample phase=warmup iteration=36 elapsed_ns=2908385
sample phase=warmup iteration=37 elapsed_ns=2892576
sample phase=warmup iteration=38 elapsed_ns=701119
sample phase=warmup iteration=39 elapsed_ns=697628
sample phase=warmup iteration=40 elapsed_ns=2360597
sample phase=warmup iteration=41 elapsed_ns=2660676
sample phase=warmup iteration=42 elapsed_ns=891949
sample phase=warmup iteration=43 elapsed_ns=2268016
sample phase=warmup iteration=44 elapsed_ns=618329
sample phase=warmup iteration=45 elapsed_ns=610939
sample phase=warmup iteration=46 elapsed_ns=2548356
sample phase=warmup iteration=47 elapsed_ns=651719
sample phase=warmup iteration=48 elapsed_ns=2252396
sample phase=warmup iteration=49 elapsed_ns=603319
sample phase=warmup iteration=50 elapsed_ns=2254966
sample phase=steady iteration=1 elapsed_ns=617599
sample phase=steady iteration=2 elapsed_ns=612549
sample phase=steady iteration=3 elapsed_ns=2236316
sample phase=steady iteration=4 elapsed_ns=626549
sample phase=steady iteration=5 elapsed_ns=612469
sample phase=steady iteration=6 elapsed_ns=2245977
sample phase=steady iteration=7 elapsed_ns=610539
sample phase=steady iteration=8 elapsed_ns=2259056
sample phase=steady iteration=9 elapsed_ns=613469
sample phase=steady iteration=10 elapsed_ns=2432306
result=1
