$ taskset -c 0 java -Dprotos.benchmarks.peer.language=js -cp /workspaces/protos-benchmarks/.work/embedded/peer-25.4.4.1.1/executable-value/d0088eaa89ece882c7363b6d2a332ffbdffae8594feb7a0767135a1f7f2b5cd4/classes:/home/vscode/.m2/repository/org/graalvm/polyglot/polyglot/25.4.4.1.1/polyglot-25.4.4.1.1.jar:/home/vscode/.m2/repository/org/graalvm/sdk/collections/25.4.4.1.1/collections-25.4.4.1.1.jar:/home/vscode/.m2/repository/org/graalvm/sdk/nativeimage/25.4.4.1.1/nativeimage-25.4.4.1.1.jar:/home/vscode/.m2/repository/org/graalvm/sdk/word/25.4.4.1.1/word-25.4.4.1.1.jar:/home/vscode/.m2/repository/org/graalvm/polyglot/js/25.4.4.1.1/js-25.4.4.1.1.pom:/home/vscode/.m2/repository/org/graalvm/js/js/25.4.4.1.1/js-25.4.4.1.1.pom:/home/vscode/.m2/repository/org/graalvm/js/js-language/25.4.4.1.1/js-language-25.4.4.1.1.jar:/home/vscode/.m2/repository/org/graalvm/regex/regex/25.4.4.1.1/regex-25.4.4.1.1.jar:/home/vscode/.m2/repository/org/graalvm/truffle/truffle-api/25.4.4.1.1/truffle-api-25.4.4.1.1.jar:/home/vscode/.m2/repository/org/graalvm/sdk/jniutils/25.4.4.1.1/jniutils-25.4.4.1.1.jar:/home/vscode/.m2/repository/org/graalvm/shadowed/icu4j/25.4.4.1.1/icu4j-25.4.4.1.1.jar:/home/vscode/.m2/repository/org/graalvm/truffle/truffle-runtime/25.4.4.1.1/truffle-runtime-25.4.4.1.1.jar:/home/vscode/.m2/repository/org/graalvm/truffle/truffle-compiler/25.4.4.1.1/truffle-compiler-25.4.4.1.1.jar:/home/vscode/.m2/repository/org/graalvm/polyglot/python/25.4.4.1.1/python-25.4.4.1.1.pom:/home/vscode/.m2/repository/org/graalvm/python/python/25.4.4.1.1/python-25.4.4.1.1.pom:/home/vscode/.m2/repository/org/graalvm/python/python-language/25.4.4.1.1/python-language-25.4.4.1.1.jar:/home/vscode/.m2/repository/org/graalvm/tools/profiler-tool/25.4.4.1.1/profiler-tool-25.4.4.1.1.jar:/home/vscode/.m2/repository/org/graalvm/shadowed/json/25.4.4.1.1/json-25.4.4.1.1.jar:/home/vscode/.m2/repository/org/graalvm/shadowed/xz/25.4.4.1.1/xz-25.4.4.1.1.jar:/home/vscode/.m2/repository/org/graalvm/python/python-resources/25.4.4.1.1/python-resources-25.4.4.1.1.jar com.guillermomolina.protos.benchmarks.measure.peer.PeerExecutableSurface measure - /workspaces/protos-benchmarks/truffle/workloads/primitive-return-literal/primitive-return-literal.mjs 60 10 1000000 -
WARNING: A restricted method in java.lang.System has been called
WARNING: java.lang.System::load has been called by com.oracle.truffle.polyglot.JDKSupport in an unnamed module (file:/home/vscode/.m2/repository/org/graalvm/truffle/truffle-api/25.4.4.1.1/truffle-api-25.4.4.1.1.jar)
WARNING: Use --enable-native-access=ALL-UNNAMED to avoid a warning for callers in this module
WARNING: Restricted methods will be blocked in a future release unless native access is enabled

WARNING: A terminally deprecated method in sun.misc.Unsafe has been called
WARNING: sun.misc.Unsafe::objectFieldOffset has been called by com.oracle.truffle.runtime.hotspot.HotSpotTruffleRuntime (file:/home/vscode/.m2/repository/org/graalvm/truffle/truffle-runtime/25.4.4.1.1/truffle-runtime-25.4.4.1.1.jar)
WARNING: Please consider reporting this to the maintainers of class com.oracle.truffle.runtime.hotspot.HotSpotTruffleRuntime
WARNING: sun.misc.Unsafe::objectFieldOffset will be removed in a future release
mode=jvm
surface=executable-value
language=js
run_mode=executable-value
source=/workspaces/protos-benchmarks/truffle/workloads/primitive-return-literal/primitive-return-literal.mjs
warmup_iterations=60
steady_iterations=10
sample_calls=1000000
setup_ns=1244673368
sample phase=cold iteration=1 elapsed_ns=4723165
sample phase=warmup iteration=1 elapsed_ns=609168705
sample phase=warmup iteration=2 elapsed_ns=119650021
sample phase=warmup iteration=3 elapsed_ns=99642081
sample phase=warmup iteration=4 elapsed_ns=118758730
sample phase=warmup iteration=5 elapsed_ns=98255479
sample phase=warmup iteration=6 elapsed_ns=84682655
sample phase=warmup iteration=7 elapsed_ns=85845756
sample phase=warmup iteration=8 elapsed_ns=77790649
sample phase=warmup iteration=9 elapsed_ns=45128926
sample phase=warmup iteration=10 elapsed_ns=42660623
sample phase=warmup iteration=11 elapsed_ns=42792464
sample phase=warmup iteration=12 elapsed_ns=40391500
sample phase=warmup iteration=13 elapsed_ns=40747902
sample phase=warmup iteration=14 elapsed_ns=40508201
sample phase=warmup iteration=15 elapsed_ns=40258900
sample phase=warmup iteration=16 elapsed_ns=40325291
sample phase=warmup iteration=17 elapsed_ns=40539641
sample phase=warmup iteration=18 elapsed_ns=40706721
sample phase=warmup iteration=19 elapsed_ns=40858451
sample phase=warmup iteration=20 elapsed_ns=40993052
sample phase=warmup iteration=21 elapsed_ns=40983421
sample phase=warmup iteration=22 elapsed_ns=41460422
sample phase=warmup iteration=23 elapsed_ns=40975062
sample phase=warmup iteration=24 elapsed_ns=41252651
sample phase=warmup iteration=25 elapsed_ns=41867653
sample phase=warmup iteration=26 elapsed_ns=41183382
sample phase=warmup iteration=27 elapsed_ns=41153981
sample phase=warmup iteration=28 elapsed_ns=41097712
sample phase=warmup iteration=29 elapsed_ns=41221502
sample phase=warmup iteration=30 elapsed_ns=40627921
sample phase=warmup iteration=31 elapsed_ns=40291241
sample phase=warmup iteration=32 elapsed_ns=44877125
sample phase=warmup iteration=33 elapsed_ns=40711411
sample phase=warmup iteration=34 elapsed_ns=40733520
sample phase=warmup iteration=35 elapsed_ns=40352370
sample phase=warmup iteration=36 elapsed_ns=40338831
sample phase=warmup iteration=37 elapsed_ns=40897302
sample phase=warmup iteration=38 elapsed_ns=40568051
sample phase=warmup iteration=39 elapsed_ns=40517851
sample phase=warmup iteration=40 elapsed_ns=40266460
sample phase=warmup iteration=41 elapsed_ns=40800921
sample phase=warmup iteration=42 elapsed_ns=40400821
sample phase=warmup iteration=43 elapsed_ns=40311720
sample phase=warmup iteration=44 elapsed_ns=40657031
sample phase=warmup iteration=45 elapsed_ns=40562771
sample phase=warmup iteration=46 elapsed_ns=40630611
sample phase=warmup iteration=47 elapsed_ns=40339541
sample phase=warmup iteration=48 elapsed_ns=40526781
sample phase=warmup iteration=49 elapsed_ns=40749071
sample phase=warmup iteration=50 elapsed_ns=40661251
sample phase=warmup iteration=51 elapsed_ns=40930532
sample phase=warmup iteration=52 elapsed_ns=40753551
sample phase=warmup iteration=53 elapsed_ns=41208102
sample phase=warmup iteration=54 elapsed_ns=40593731
sample phase=warmup iteration=55 elapsed_ns=40621731
sample phase=warmup iteration=56 elapsed_ns=40692601
sample phase=warmup iteration=57 elapsed_ns=43302734
sample phase=warmup iteration=58 elapsed_ns=40566301
sample phase=warmup iteration=59 elapsed_ns=40540461
sample phase=warmup iteration=60 elapsed_ns=40644772
sample phase=steady iteration=1 elapsed_ns=40554350
sample phase=steady iteration=2 elapsed_ns=40438131
sample phase=steady iteration=3 elapsed_ns=40539561
sample phase=steady iteration=4 elapsed_ns=40726821
sample phase=steady iteration=5 elapsed_ns=40286071
sample phase=steady iteration=6 elapsed_ns=40645611
sample phase=steady iteration=7 elapsed_ns=40375511
sample phase=steady iteration=8 elapsed_ns=41058152
sample phase=steady iteration=9 elapsed_ns=40549721
sample phase=steady iteration=10 elapsed_ns=40518031
result=1
