$ taskset -c 0 java -Dprotos.benchmarks.peer.language=js -cp /workspaces/protos-benchmarks/.work/embedded/peer-25.4.4.1.1/executable-value/d0088eaa89ece882c7363b6d2a332ffbdffae8594feb7a0767135a1f7f2b5cd4/classes:/home/vscode/.m2/repository/org/graalvm/polyglot/polyglot/25.4.4.1.1/polyglot-25.4.4.1.1.jar:/home/vscode/.m2/repository/org/graalvm/sdk/collections/25.4.4.1.1/collections-25.4.4.1.1.jar:/home/vscode/.m2/repository/org/graalvm/sdk/nativeimage/25.4.4.1.1/nativeimage-25.4.4.1.1.jar:/home/vscode/.m2/repository/org/graalvm/sdk/word/25.4.4.1.1/word-25.4.4.1.1.jar:/home/vscode/.m2/repository/org/graalvm/polyglot/js/25.4.4.1.1/js-25.4.4.1.1.pom:/home/vscode/.m2/repository/org/graalvm/js/js/25.4.4.1.1/js-25.4.4.1.1.pom:/home/vscode/.m2/repository/org/graalvm/js/js-language/25.4.4.1.1/js-language-25.4.4.1.1.jar:/home/vscode/.m2/repository/org/graalvm/regex/regex/25.4.4.1.1/regex-25.4.4.1.1.jar:/home/vscode/.m2/repository/org/graalvm/truffle/truffle-api/25.4.4.1.1/truffle-api-25.4.4.1.1.jar:/home/vscode/.m2/repository/org/graalvm/sdk/jniutils/25.4.4.1.1/jniutils-25.4.4.1.1.jar:/home/vscode/.m2/repository/org/graalvm/shadowed/icu4j/25.4.4.1.1/icu4j-25.4.4.1.1.jar:/home/vscode/.m2/repository/org/graalvm/truffle/truffle-runtime/25.4.4.1.1/truffle-runtime-25.4.4.1.1.jar:/home/vscode/.m2/repository/org/graalvm/truffle/truffle-compiler/25.4.4.1.1/truffle-compiler-25.4.4.1.1.jar:/home/vscode/.m2/repository/org/graalvm/polyglot/python/25.4.4.1.1/python-25.4.4.1.1.pom:/home/vscode/.m2/repository/org/graalvm/python/python/25.4.4.1.1/python-25.4.4.1.1.pom:/home/vscode/.m2/repository/org/graalvm/python/python-language/25.4.4.1.1/python-language-25.4.4.1.1.jar:/home/vscode/.m2/repository/org/graalvm/tools/profiler-tool/25.4.4.1.1/profiler-tool-25.4.4.1.1.jar:/home/vscode/.m2/repository/org/graalvm/shadowed/json/25.4.4.1.1/json-25.4.4.1.1.jar:/home/vscode/.m2/repository/org/graalvm/shadowed/xz/25.4.4.1.1/xz-25.4.4.1.1.jar:/home/vscode/.m2/repository/org/graalvm/python/python-resources/25.4.4.1.1/python-resources-25.4.4.1.1.jar com.guillermomolina.protos.benchmarks.measure.peer.PeerExecutableSurface measure - /workspaces/protos-benchmarks/truffle/workloads/integer-loop/integer-loop.mjs 60 10 1 -
WARNING: A restricted method in java.lang.System has been called
WARNING: java.lang.System::load has been called by com.oracle.truffle.polyglot.JDKSupport in an unnamed module (file:/home/vscode/.m2/repository/org/graalvm/truffle/truffle-api/25.4.4.1.1/truffle-api-25.4.4.1.1.jar)
WARNING: Use --enable-native-access=ALL-UNNAMED to avoid a warning for callers in this module
WARNING: Restricted methods will be blocked in a future release unless native access is enabled

WARNING: A terminally deprecated method in sun.misc.Unsafe has been called
WARNING: sun.misc.Unsafe::objectFieldOffset has been called by com.oracle.truffle.runtime.hotspot.HotSpotTruffleRuntime (file:/home/vscode/.m2/repository/org/graalvm/truffle/truffle-runtime/25.4.4.1.1/truffle-runtime-25.4.4.1.1.jar)
WARNING: Please consider reporting this to the maintainers of class com.oracle.truffle.runtime.hotspot.HotSpotTruffleRuntime
WARNING: sun.misc.Unsafe::objectFieldOffset will be removed in a future release
mode=jvm
surface=executable-value
language=js
run_mode=executable-value
source=/workspaces/protos-benchmarks/truffle/workloads/integer-loop/integer-loop.mjs
warmup_iterations=60
steady_iterations=10
sample_calls=1
setup_ns=1297412280
sample phase=cold iteration=1 elapsed_ns=22747369
sample phase=warmup iteration=1 elapsed_ns=117489417
sample phase=warmup iteration=2 elapsed_ns=839748
sample phase=warmup iteration=3 elapsed_ns=6329248
sample phase=warmup iteration=4 elapsed_ns=727489
sample phase=warmup iteration=5 elapsed_ns=4973531
sample phase=warmup iteration=6 elapsed_ns=587249
sample phase=warmup iteration=7 elapsed_ns=567339
sample phase=warmup iteration=8 elapsed_ns=5483740
sample phase=warmup iteration=9 elapsed_ns=667558
sample phase=warmup iteration=10 elapsed_ns=5642280
sample phase=warmup iteration=11 elapsed_ns=619959
sample phase=warmup iteration=12 elapsed_ns=2397236
sample phase=warmup iteration=13 elapsed_ns=589339
sample phase=warmup iteration=14 elapsed_ns=744758
sample phase=warmup iteration=15 elapsed_ns=2276016
sample phase=warmup iteration=16 elapsed_ns=633179
sample phase=warmup iteration=17 elapsed_ns=2363735
sample phase=warmup iteration=18 elapsed_ns=575129
sample phase=warmup iteration=19 elapsed_ns=2442136
sample phase=warmup iteration=20 elapsed_ns=2869054
sample phase=warmup iteration=21 elapsed_ns=586489
sample phase=warmup iteration=22 elapsed_ns=2804885
sample phase=warmup iteration=23 elapsed_ns=3979983
sample phase=warmup iteration=24 elapsed_ns=1622118
sample phase=warmup iteration=25 elapsed_ns=3673034
sample phase=warmup iteration=26 elapsed_ns=4140313
sample phase=warmup iteration=27 elapsed_ns=2693176
sample phase=warmup iteration=28 elapsed_ns=2956085
sample phase=warmup iteration=29 elapsed_ns=547749
sample phase=warmup iteration=30 elapsed_ns=3981013
sample phase=warmup iteration=31 elapsed_ns=615989
sample phase=warmup iteration=32 elapsed_ns=4161573
sample phase=warmup iteration=33 elapsed_ns=3696703
sample phase=warmup iteration=34 elapsed_ns=506059
sample phase=warmup iteration=35 elapsed_ns=405639
sample phase=warmup iteration=36 elapsed_ns=3510743
sample phase=warmup iteration=37 elapsed_ns=2548435
sample phase=warmup iteration=38 elapsed_ns=2436856
sample phase=warmup iteration=39 elapsed_ns=2128327
sample phase=warmup iteration=40 elapsed_ns=392559
sample phase=warmup iteration=41 elapsed_ns=2073226
sample phase=warmup iteration=42 elapsed_ns=2087926
sample phase=warmup iteration=43 elapsed_ns=414089
sample phase=warmup iteration=44 elapsed_ns=346940
sample phase=warmup iteration=45 elapsed_ns=2028746
sample phase=warmup iteration=46 elapsed_ns=385499
sample phase=warmup iteration=47 elapsed_ns=2085066
sample phase=warmup iteration=48 elapsed_ns=370280
sample phase=warmup iteration=49 elapsed_ns=2017666
sample phase=warmup iteration=50 elapsed_ns=1717527
sample phase=warmup iteration=51 elapsed_ns=48500
sample phase=warmup iteration=52 elapsed_ns=31340
sample phase=warmup iteration=53 elapsed_ns=29040
sample phase=warmup iteration=54 elapsed_ns=29920
sample phase=warmup iteration=55 elapsed_ns=28660
sample phase=warmup iteration=56 elapsed_ns=29790
sample phase=warmup iteration=57 elapsed_ns=29020
sample phase=warmup iteration=58 elapsed_ns=28730
sample phase=warmup iteration=59 elapsed_ns=3023135
sample phase=warmup iteration=60 elapsed_ns=186350
sample phase=steady iteration=1 elapsed_ns=38600
sample phase=steady iteration=2 elapsed_ns=29690
sample phase=steady iteration=3 elapsed_ns=28040
sample phase=steady iteration=4 elapsed_ns=37230
sample phase=steady iteration=5 elapsed_ns=28720
sample phase=steady iteration=6 elapsed_ns=26289
sample phase=steady iteration=7 elapsed_ns=26160
sample phase=steady iteration=8 elapsed_ns=26360
sample phase=steady iteration=9 elapsed_ns=26410
sample phase=steady iteration=10 elapsed_ns=26170
result=499500
