$ taskset -c 0 java -Dprotos.benchmarks.peer.language=js -cp /workspaces/protos-benchmarks/.work/embedded/peer-25.4.4.1.1/executable-value/d0088eaa89ece882c7363b6d2a332ffbdffae8594feb7a0767135a1f7f2b5cd4/classes:/home/vscode/.m2/repository/org/graalvm/polyglot/polyglot/25.4.4.1.1/polyglot-25.4.4.1.1.jar:/home/vscode/.m2/repository/org/graalvm/sdk/collections/25.4.4.1.1/collections-25.4.4.1.1.jar:/home/vscode/.m2/repository/org/graalvm/sdk/nativeimage/25.4.4.1.1/nativeimage-25.4.4.1.1.jar:/home/vscode/.m2/repository/org/graalvm/sdk/word/25.4.4.1.1/word-25.4.4.1.1.jar:/home/vscode/.m2/repository/org/graalvm/polyglot/js/25.4.4.1.1/js-25.4.4.1.1.pom:/home/vscode/.m2/repository/org/graalvm/js/js/25.4.4.1.1/js-25.4.4.1.1.pom:/home/vscode/.m2/repository/org/graalvm/js/js-language/25.4.4.1.1/js-language-25.4.4.1.1.jar:/home/vscode/.m2/repository/org/graalvm/regex/regex/25.4.4.1.1/regex-25.4.4.1.1.jar:/home/vscode/.m2/repository/org/graalvm/truffle/truffle-api/25.4.4.1.1/truffle-api-25.4.4.1.1.jar:/home/vscode/.m2/repository/org/graalvm/sdk/jniutils/25.4.4.1.1/jniutils-25.4.4.1.1.jar:/home/vscode/.m2/repository/org/graalvm/shadowed/icu4j/25.4.4.1.1/icu4j-25.4.4.1.1.jar:/home/vscode/.m2/repository/org/graalvm/truffle/truffle-runtime/25.4.4.1.1/truffle-runtime-25.4.4.1.1.jar:/home/vscode/.m2/repository/org/graalvm/truffle/truffle-compiler/25.4.4.1.1/truffle-compiler-25.4.4.1.1.jar:/home/vscode/.m2/repository/org/graalvm/polyglot/python/25.4.4.1.1/python-25.4.4.1.1.pom:/home/vscode/.m2/repository/org/graalvm/python/python/25.4.4.1.1/python-25.4.4.1.1.pom:/home/vscode/.m2/repository/org/graalvm/python/python-language/25.4.4.1.1/python-language-25.4.4.1.1.jar:/home/vscode/.m2/repository/org/graalvm/tools/profiler-tool/25.4.4.1.1/profiler-tool-25.4.4.1.1.jar:/home/vscode/.m2/repository/org/graalvm/shadowed/json/25.4.4.1.1/json-25.4.4.1.1.jar:/home/vscode/.m2/repository/org/graalvm/shadowed/xz/25.4.4.1.1/xz-25.4.4.1.1.jar:/home/vscode/.m2/repository/org/graalvm/python/python-resources/25.4.4.1.1/python-resources-25.4.4.1.1.jar com.guillermomolina.protos.benchmarks.measure.peer.PeerExecutableSurface measure - /workspaces/protos-benchmarks/truffle/workloads/primitive-method-call/primitive-method-call.mjs 50 10 10000 -
WARNING: A restricted method in java.lang.System has been called
WARNING: java.lang.System::load has been called by com.oracle.truffle.polyglot.JDKSupport in an unnamed module (file:/home/vscode/.m2/repository/org/graalvm/truffle/truffle-api/25.4.4.1.1/truffle-api-25.4.4.1.1.jar)
WARNING: Use --enable-native-access=ALL-UNNAMED to avoid a warning for callers in this module
WARNING: Restricted methods will be blocked in a future release unless native access is enabled

WARNING: A terminally deprecated method in sun.misc.Unsafe has been called
WARNING: sun.misc.Unsafe::objectFieldOffset has been called by com.oracle.truffle.runtime.hotspot.HotSpotTruffleRuntime (file:/home/vscode/.m2/repository/org/graalvm/truffle/truffle-runtime/25.4.4.1.1/truffle-runtime-25.4.4.1.1.jar)
WARNING: Please consider reporting this to the maintainers of class com.oracle.truffle.runtime.hotspot.HotSpotTruffleRuntime
WARNING: sun.misc.Unsafe::objectFieldOffset will be removed in a future release
mode=jvm
surface=executable-value
language=js
run_mode=executable-value
source=/workspaces/protos-benchmarks/truffle/workloads/primitive-method-call/primitive-method-call.mjs
warmup_iterations=50
steady_iterations=10
sample_calls=10000
setup_ns=1090366215
sample phase=cold iteration=1 elapsed_ns=5387711
sample phase=warmup iteration=1 elapsed_ns=307703546
sample phase=warmup iteration=2 elapsed_ns=34701222
sample phase=warmup iteration=3 elapsed_ns=15891612
sample phase=warmup iteration=4 elapsed_ns=15079528
sample phase=warmup iteration=5 elapsed_ns=17906864
sample phase=warmup iteration=6 elapsed_ns=14804026
sample phase=warmup iteration=7 elapsed_ns=11277445
sample phase=warmup iteration=8 elapsed_ns=13639309
sample phase=warmup iteration=9 elapsed_ns=9130623
sample phase=warmup iteration=10 elapsed_ns=8607390
sample phase=warmup iteration=11 elapsed_ns=7141811
sample phase=warmup iteration=12 elapsed_ns=8872192
sample phase=warmup iteration=13 elapsed_ns=6442767
sample phase=warmup iteration=14 elapsed_ns=4393125
sample phase=warmup iteration=15 elapsed_ns=5877934
sample phase=warmup iteration=16 elapsed_ns=3929962
sample phase=warmup iteration=17 elapsed_ns=3794032
sample phase=warmup iteration=18 elapsed_ns=3587481
sample phase=warmup iteration=19 elapsed_ns=3344239
sample phase=warmup iteration=20 elapsed_ns=2768496
sample phase=warmup iteration=21 elapsed_ns=3039578
sample phase=warmup iteration=22 elapsed_ns=3088568
sample phase=warmup iteration=23 elapsed_ns=3057238
sample phase=warmup iteration=24 elapsed_ns=2938017
sample phase=warmup iteration=25 elapsed_ns=2953887
sample phase=warmup iteration=26 elapsed_ns=1453228
sample phase=warmup iteration=27 elapsed_ns=2923257
sample phase=warmup iteration=28 elapsed_ns=2748486
sample phase=warmup iteration=29 elapsed_ns=2883757
sample phase=warmup iteration=30 elapsed_ns=2756586
sample phase=warmup iteration=31 elapsed_ns=2948317
sample phase=warmup iteration=32 elapsed_ns=3086068
sample phase=warmup iteration=33 elapsed_ns=782724
sample phase=warmup iteration=34 elapsed_ns=7318353
sample phase=warmup iteration=35 elapsed_ns=680654
sample phase=warmup iteration=36 elapsed_ns=2653326
sample phase=warmup iteration=37 elapsed_ns=625463
sample phase=warmup iteration=38 elapsed_ns=628864
sample phase=warmup iteration=39 elapsed_ns=2242543
sample phase=warmup iteration=40 elapsed_ns=684924
sample phase=warmup iteration=41 elapsed_ns=1961481
sample phase=warmup iteration=42 elapsed_ns=630454
sample phase=warmup iteration=43 elapsed_ns=2027202
sample phase=warmup iteration=44 elapsed_ns=664234
sample phase=warmup iteration=45 elapsed_ns=639283
sample phase=warmup iteration=46 elapsed_ns=2017371
sample phase=warmup iteration=47 elapsed_ns=637994
sample phase=warmup iteration=48 elapsed_ns=2243303
sample phase=warmup iteration=49 elapsed_ns=634764
sample phase=warmup iteration=50 elapsed_ns=629684
sample phase=steady iteration=1 elapsed_ns=2244013
sample phase=steady iteration=2 elapsed_ns=632584
sample phase=steady iteration=3 elapsed_ns=2590085
sample phase=steady iteration=4 elapsed_ns=638814
sample phase=steady iteration=5 elapsed_ns=642544
sample phase=steady iteration=6 elapsed_ns=2257893
sample phase=steady iteration=7 elapsed_ns=640593
sample phase=steady iteration=8 elapsed_ns=2268894
sample phase=steady iteration=9 elapsed_ns=638894
sample phase=steady iteration=10 elapsed_ns=640454
result=1
