$ taskset -c 0 java -Dprotos.benchmarks.peer.language=python -cp /workspaces/protos-benchmarks/.work/embedded/peer-25.4.4.1.1/executable-value/d0088eaa89ece882c7363b6d2a332ffbdffae8594feb7a0767135a1f7f2b5cd4/classes:/home/vscode/.m2/repository/org/graalvm/polyglot/polyglot/25.4.4.1.1/polyglot-25.4.4.1.1.jar:/home/vscode/.m2/repository/org/graalvm/sdk/collections/25.4.4.1.1/collections-25.4.4.1.1.jar:/home/vscode/.m2/repository/org/graalvm/sdk/nativeimage/25.4.4.1.1/nativeimage-25.4.4.1.1.jar:/home/vscode/.m2/repository/org/graalvm/sdk/word/25.4.4.1.1/word-25.4.4.1.1.jar:/home/vscode/.m2/repository/org/graalvm/polyglot/js/25.4.4.1.1/js-25.4.4.1.1.pom:/home/vscode/.m2/repository/org/graalvm/js/js/25.4.4.1.1/js-25.4.4.1.1.pom:/home/vscode/.m2/repository/org/graalvm/js/js-language/25.4.4.1.1/js-language-25.4.4.1.1.jar:/home/vscode/.m2/repository/org/graalvm/regex/regex/25.4.4.1.1/regex-25.4.4.1.1.jar:/home/vscode/.m2/repository/org/graalvm/truffle/truffle-api/25.4.4.1.1/truffle-api-25.4.4.1.1.jar:/home/vscode/.m2/repository/org/graalvm/sdk/jniutils/25.4.4.1.1/jniutils-25.4.4.1.1.jar:/home/vscode/.m2/repository/org/graalvm/shadowed/icu4j/25.4.4.1.1/icu4j-25.4.4.1.1.jar:/home/vscode/.m2/repository/org/graalvm/truffle/truffle-runtime/25.4.4.1.1/truffle-runtime-25.4.4.1.1.jar:/home/vscode/.m2/repository/org/graalvm/truffle/truffle-compiler/25.4.4.1.1/truffle-compiler-25.4.4.1.1.jar:/home/vscode/.m2/repository/org/graalvm/polyglot/python/25.4.4.1.1/python-25.4.4.1.1.pom:/home/vscode/.m2/repository/org/graalvm/python/python/25.4.4.1.1/python-25.4.4.1.1.pom:/home/vscode/.m2/repository/org/graalvm/python/python-language/25.4.4.1.1/python-language-25.4.4.1.1.jar:/home/vscode/.m2/repository/org/graalvm/tools/profiler-tool/25.4.4.1.1/profiler-tool-25.4.4.1.1.jar:/home/vscode/.m2/repository/org/graalvm/shadowed/json/25.4.4.1.1/json-25.4.4.1.1.jar:/home/vscode/.m2/repository/org/graalvm/shadowed/xz/25.4.4.1.1/xz-25.4.4.1.1.jar:/home/vscode/.m2/repository/org/graalvm/python/python-resources/25.4.4.1.1/python-resources-25.4.4.1.1.jar com.guillermomolina.protos.benchmarks.measure.peer.PeerExecutableSurface measure - /workspaces/protos-benchmarks/truffle/workloads/primitive-return-literal/primitive-return-literal.py 60 10 1000000 -
WARNING: A restricted method in java.lang.System has been called
WARNING: java.lang.System::load has been called by com.oracle.truffle.polyglot.JDKSupport in an unnamed module (file:/home/vscode/.m2/repository/org/graalvm/truffle/truffle-api/25.4.4.1.1/truffle-api-25.4.4.1.1.jar)
WARNING: Use --enable-native-access=ALL-UNNAMED to avoid a warning for callers in this module
WARNING: Restricted methods will be blocked in a future release unless native access is enabled

WARNING: A terminally deprecated method in sun.misc.Unsafe has been called
WARNING: sun.misc.Unsafe::objectFieldOffset has been called by com.oracle.truffle.runtime.hotspot.HotSpotTruffleRuntime (file:/home/vscode/.m2/repository/org/graalvm/truffle/truffle-runtime/25.4.4.1.1/truffle-runtime-25.4.4.1.1.jar)
WARNING: Please consider reporting this to the maintainers of class com.oracle.truffle.runtime.hotspot.HotSpotTruffleRuntime
WARNING: sun.misc.Unsafe::objectFieldOffset will be removed in a future release
mode=jvm
surface=executable-value
language=python
run_mode=executable-value
source=/workspaces/protos-benchmarks/truffle/workloads/primitive-return-literal/primitive-return-literal.py
warmup_iterations=60
steady_iterations=10
sample_calls=1000000
setup_ns=4860766249
sample phase=cold iteration=1 elapsed_ns=7836067
sample phase=warmup iteration=1 elapsed_ns=464444646
sample phase=warmup iteration=2 elapsed_ns=130540153
sample phase=warmup iteration=3 elapsed_ns=143652491
sample phase=warmup iteration=4 elapsed_ns=90742229
sample phase=warmup iteration=5 elapsed_ns=91348138
sample phase=warmup iteration=6 elapsed_ns=54508150
sample phase=warmup iteration=7 elapsed_ns=45617544
sample phase=warmup iteration=8 elapsed_ns=45592084
sample phase=warmup iteration=9 elapsed_ns=46321693
sample phase=warmup iteration=10 elapsed_ns=46013794
sample phase=warmup iteration=11 elapsed_ns=45653974
sample phase=warmup iteration=12 elapsed_ns=45861814
sample phase=warmup iteration=13 elapsed_ns=45814884
sample phase=warmup iteration=14 elapsed_ns=45419825
sample phase=warmup iteration=15 elapsed_ns=45407294
sample phase=warmup iteration=16 elapsed_ns=45525584
sample phase=warmup iteration=17 elapsed_ns=45881493
sample phase=warmup iteration=18 elapsed_ns=45376015
sample phase=warmup iteration=19 elapsed_ns=45386385
sample phase=warmup iteration=20 elapsed_ns=45382494
sample phase=warmup iteration=21 elapsed_ns=45843244
sample phase=warmup iteration=22 elapsed_ns=45515514
sample phase=warmup iteration=23 elapsed_ns=45374544
sample phase=warmup iteration=24 elapsed_ns=45741614
sample phase=warmup iteration=25 elapsed_ns=45361215
sample phase=warmup iteration=26 elapsed_ns=45358104
sample phase=warmup iteration=27 elapsed_ns=45273805
sample phase=warmup iteration=28 elapsed_ns=45645854
sample phase=warmup iteration=29 elapsed_ns=45350455
sample phase=warmup iteration=30 elapsed_ns=45311885
sample phase=warmup iteration=31 elapsed_ns=45515124
sample phase=warmup iteration=32 elapsed_ns=45994204
sample phase=warmup iteration=33 elapsed_ns=45487625
sample phase=warmup iteration=34 elapsed_ns=45339235
sample phase=warmup iteration=35 elapsed_ns=45286125
sample phase=warmup iteration=36 elapsed_ns=45817454
sample phase=warmup iteration=37 elapsed_ns=45441515
sample phase=warmup iteration=38 elapsed_ns=45545805
sample phase=warmup iteration=39 elapsed_ns=45469865
sample phase=warmup iteration=40 elapsed_ns=45864924
sample phase=warmup iteration=41 elapsed_ns=45531004
sample phase=warmup iteration=42 elapsed_ns=45459455
sample phase=warmup iteration=43 elapsed_ns=45434344
sample phase=warmup iteration=44 elapsed_ns=45888504
sample phase=warmup iteration=45 elapsed_ns=45528464
sample phase=warmup iteration=46 elapsed_ns=45448335
sample phase=warmup iteration=47 elapsed_ns=45460144
sample phase=warmup iteration=48 elapsed_ns=45881324
sample phase=warmup iteration=49 elapsed_ns=45579615
sample phase=warmup iteration=50 elapsed_ns=48248441
sample phase=warmup iteration=51 elapsed_ns=46014323
sample phase=warmup iteration=52 elapsed_ns=46370514
sample phase=warmup iteration=53 elapsed_ns=46014894
sample phase=warmup iteration=54 elapsed_ns=46040164
sample phase=warmup iteration=55 elapsed_ns=46010834
sample phase=warmup iteration=56 elapsed_ns=46135713
sample phase=warmup iteration=57 elapsed_ns=45420225
sample phase=warmup iteration=58 elapsed_ns=45382325
sample phase=warmup iteration=59 elapsed_ns=45506774
sample phase=warmup iteration=60 elapsed_ns=45744245
sample phase=steady iteration=1 elapsed_ns=45491725
sample phase=steady iteration=2 elapsed_ns=45516254
sample phase=steady iteration=3 elapsed_ns=45544825
sample phase=steady iteration=4 elapsed_ns=45663614
sample phase=steady iteration=5 elapsed_ns=45294615
sample phase=steady iteration=6 elapsed_ns=45201595
sample phase=steady iteration=7 elapsed_ns=45176085
sample phase=steady iteration=8 elapsed_ns=45697124
sample phase=steady iteration=9 elapsed_ns=45381315
sample phase=steady iteration=10 elapsed_ns=45225436
result=1
