$ taskset -c 0 java -Dprotos.benchmarks.peer.language=js -cp /workspaces/protos-benchmarks/.work/embedded/peer-25.4.4.1.1/executable-value/d0088eaa89ece882c7363b6d2a332ffbdffae8594feb7a0767135a1f7f2b5cd4/classes:/home/vscode/.m2/repository/org/graalvm/polyglot/polyglot/25.4.4.1.1/polyglot-25.4.4.1.1.jar:/home/vscode/.m2/repository/org/graalvm/sdk/collections/25.4.4.1.1/collections-25.4.4.1.1.jar:/home/vscode/.m2/repository/org/graalvm/sdk/nativeimage/25.4.4.1.1/nativeimage-25.4.4.1.1.jar:/home/vscode/.m2/repository/org/graalvm/sdk/word/25.4.4.1.1/word-25.4.4.1.1.jar:/home/vscode/.m2/repository/org/graalvm/polyglot/js/25.4.4.1.1/js-25.4.4.1.1.pom:/home/vscode/.m2/repository/org/graalvm/js/js/25.4.4.1.1/js-25.4.4.1.1.pom:/home/vscode/.m2/repository/org/graalvm/js/js-language/25.4.4.1.1/js-language-25.4.4.1.1.jar:/home/vscode/.m2/repository/org/graalvm/regex/regex/25.4.4.1.1/regex-25.4.4.1.1.jar:/home/vscode/.m2/repository/org/graalvm/truffle/truffle-api/25.4.4.1.1/truffle-api-25.4.4.1.1.jar:/home/vscode/.m2/repository/org/graalvm/sdk/jniutils/25.4.4.1.1/jniutils-25.4.4.1.1.jar:/home/vscode/.m2/repository/org/graalvm/shadowed/icu4j/25.4.4.1.1/icu4j-25.4.4.1.1.jar:/home/vscode/.m2/repository/org/graalvm/truffle/truffle-runtime/25.4.4.1.1/truffle-runtime-25.4.4.1.1.jar:/home/vscode/.m2/repository/org/graalvm/truffle/truffle-compiler/25.4.4.1.1/truffle-compiler-25.4.4.1.1.jar:/home/vscode/.m2/repository/org/graalvm/polyglot/python/25.4.4.1.1/python-25.4.4.1.1.pom:/home/vscode/.m2/repository/org/graalvm/python/python/25.4.4.1.1/python-25.4.4.1.1.pom:/home/vscode/.m2/repository/org/graalvm/python/python-language/25.4.4.1.1/python-language-25.4.4.1.1.jar:/home/vscode/.m2/repository/org/graalvm/tools/profiler-tool/25.4.4.1.1/profiler-tool-25.4.4.1.1.jar:/home/vscode/.m2/repository/org/graalvm/shadowed/json/25.4.4.1.1/json-25.4.4.1.1.jar:/home/vscode/.m2/repository/org/graalvm/shadowed/xz/25.4.4.1.1/xz-25.4.4.1.1.jar:/home/vscode/.m2/repository/org/graalvm/python/python-resources/25.4.4.1.1/python-resources-25.4.4.1.1.jar com.guillermomolina.protos.benchmarks.measure.peer.PeerExecutableSurface measure - /workspaces/protos-benchmarks/truffle/workloads/factorial/factorial.mjs 60 10 1 -
WARNING: A restricted method in java.lang.System has been called
WARNING: java.lang.System::load has been called by com.oracle.truffle.polyglot.JDKSupport in an unnamed module (file:/home/vscode/.m2/repository/org/graalvm/truffle/truffle-api/25.4.4.1.1/truffle-api-25.4.4.1.1.jar)
WARNING: Use --enable-native-access=ALL-UNNAMED to avoid a warning for callers in this module
WARNING: Restricted methods will be blocked in a future release unless native access is enabled

WARNING: A terminally deprecated method in sun.misc.Unsafe has been called
WARNING: sun.misc.Unsafe::objectFieldOffset has been called by com.oracle.truffle.runtime.hotspot.HotSpotTruffleRuntime (file:/home/vscode/.m2/repository/org/graalvm/truffle/truffle-runtime/25.4.4.1.1/truffle-runtime-25.4.4.1.1.jar)
WARNING: Please consider reporting this to the maintainers of class com.oracle.truffle.runtime.hotspot.HotSpotTruffleRuntime
WARNING: sun.misc.Unsafe::objectFieldOffset will be removed in a future release
mode=jvm
surface=executable-value
language=js
run_mode=executable-value
source=/workspaces/protos-benchmarks/truffle/workloads/factorial/factorial.mjs
warmup_iterations=60
steady_iterations=10
sample_calls=1
setup_ns=1053529098
sample phase=cold iteration=1 elapsed_ns=10690829
sample phase=warmup iteration=1 elapsed_ns=3211404
sample phase=warmup iteration=2 elapsed_ns=351469
sample phase=warmup iteration=3 elapsed_ns=370020
sample phase=warmup iteration=4 elapsed_ns=364979
sample phase=warmup iteration=5 elapsed_ns=2646795
sample phase=warmup iteration=6 elapsed_ns=339590
sample phase=warmup iteration=7 elapsed_ns=306109
sample phase=warmup iteration=8 elapsed_ns=2421025
sample phase=warmup iteration=9 elapsed_ns=926799
sample phase=warmup iteration=10 elapsed_ns=294870
sample phase=warmup iteration=11 elapsed_ns=290949
sample phase=warmup iteration=12 elapsed_ns=305670
sample phase=warmup iteration=13 elapsed_ns=3061994
sample phase=warmup iteration=14 elapsed_ns=253849
sample phase=warmup iteration=15 elapsed_ns=259949
sample phase=warmup iteration=16 elapsed_ns=268760
sample phase=warmup iteration=17 elapsed_ns=254129
sample phase=warmup iteration=18 elapsed_ns=258920
sample phase=warmup iteration=19 elapsed_ns=123340217
sample phase=warmup iteration=20 elapsed_ns=259239
sample phase=warmup iteration=21 elapsed_ns=214450
sample phase=warmup iteration=22 elapsed_ns=270359
sample phase=warmup iteration=23 elapsed_ns=239820
sample phase=warmup iteration=24 elapsed_ns=268450
sample phase=warmup iteration=25 elapsed_ns=5248890
sample phase=warmup iteration=26 elapsed_ns=248309
sample phase=warmup iteration=27 elapsed_ns=216420
sample phase=warmup iteration=28 elapsed_ns=229839
sample phase=warmup iteration=29 elapsed_ns=219630
sample phase=warmup iteration=30 elapsed_ns=226729
sample phase=warmup iteration=31 elapsed_ns=4828721
sample phase=warmup iteration=32 elapsed_ns=205739
sample phase=warmup iteration=33 elapsed_ns=185810
sample phase=warmup iteration=34 elapsed_ns=199259
sample phase=warmup iteration=35 elapsed_ns=188780
sample phase=warmup iteration=36 elapsed_ns=198970
sample phase=warmup iteration=37 elapsed_ns=195560
sample phase=warmup iteration=38 elapsed_ns=5380189
sample phase=warmup iteration=39 elapsed_ns=3219554
sample phase=warmup iteration=40 elapsed_ns=164030
sample phase=warmup iteration=41 elapsed_ns=160669
sample phase=warmup iteration=42 elapsed_ns=154580
sample phase=warmup iteration=43 elapsed_ns=142240
sample phase=warmup iteration=44 elapsed_ns=146079
sample phase=warmup iteration=45 elapsed_ns=152710
sample phase=warmup iteration=46 elapsed_ns=142540
sample phase=warmup iteration=47 elapsed_ns=147589
sample phase=warmup iteration=48 elapsed_ns=3642043
sample phase=warmup iteration=49 elapsed_ns=130520
sample phase=warmup iteration=50 elapsed_ns=141290
sample phase=warmup iteration=51 elapsed_ns=133389
sample phase=warmup iteration=52 elapsed_ns=128280
sample phase=warmup iteration=53 elapsed_ns=128280
sample phase=warmup iteration=54 elapsed_ns=146419
sample phase=warmup iteration=55 elapsed_ns=127090
sample phase=warmup iteration=56 elapsed_ns=133920
sample phase=warmup iteration=57 elapsed_ns=132019
sample phase=warmup iteration=58 elapsed_ns=4999801
sample phase=warmup iteration=59 elapsed_ns=172929
sample phase=warmup iteration=60 elapsed_ns=154040
sample phase=steady iteration=1 elapsed_ns=124090
sample phase=steady iteration=2 elapsed_ns=121529
sample phase=steady iteration=3 elapsed_ns=127810
sample phase=steady iteration=4 elapsed_ns=129470
sample phase=steady iteration=5 elapsed_ns=120830
sample phase=steady iteration=6 elapsed_ns=126509
sample phase=steady iteration=7 elapsed_ns=123000
sample phase=steady iteration=8 elapsed_ns=118880
sample phase=steady iteration=9 elapsed_ns=5022610
sample phase=steady iteration=10 elapsed_ns=114040
result=2432902008176640000
