[To redirect Truffle log output to a file use one of the following options:
* '--log.file=<path>' if the option is passed using a guest language launcher.
* '-Dpolyglot.log.file=<path>' if the option is passed using the host Java launcher.
* Configure logging using the polyglot embedding API.]
[engine] opt done   id=150   ProtosRootNode@357886aa                            |Tier 1|Time    84(  57+27  )ms|AST    2|Inlined   0Y   0N|IR    591/  1658|CodeSize    7561|Addr 0x7ffadf15e2a0|Timestamp 226782064239771|Src n/a
[engine] opt done   id=151   ProtosRootNode@54f38f8b                            |Tier 1|Time   690( 111+578 )ms|AST   21|Inlined   0Y   0N|IR  10759/ 37449|CodeSize  175728|Addr 0x7ffadf168180|Timestamp 226782758132304|Src n/a
[engine] opt done   id=146   ProtosRootNode@43605a60                            |Tier 1|Time    45(  10+35  )ms|AST    2|Inlined   0Y   0N|IR    888/  1275|CodeSize    5532|Addr 0x7ffadf1acde0|Timestamp 226782829711447|Src n/a
[engine] opt done   id=147   ProtosRootNode@20204c65                            |Tier 1|Time   351(  39+311 )ms|AST   11|Inlined   0Y   0N|IR   6672/ 21460|CodeSize  104171|Addr 0x7ffadf1b1240|Timestamp 226783181607898|Src n/a
[engine] opt done   id=103   ProtosRootNode@2d5f8e3                             |Tier 1|Time    20(   9+11  )ms|AST    2|Inlined   0Y   0N|IR    591/  1658|CodeSize    7561|Addr 0x7ffadf1d9ea0|Timestamp 226783205292385|Src n/a
[engine] opt done   id=104   ProtosRootNode@7fc9e94d                            |Tier 1|Time   121(  24+97  )ms|AST    6|Inlined   0Y   0N|IR   3194/ 10506|CodeSize   50690|Addr 0x7ffadf1de0a0|Timestamp 226783327826816|Src n/a
[engine] opt done   id=148   ProtosRootNode@61fa0506                            |Tier 1|Time    19(   8+12  )ms|AST    2|Inlined   0Y   0N|IR    888/  1275|CodeSize    5532|Addr 0x7ffadf1f1f60|Timestamp 226783360866810|Src n/a
[engine] opt done   id=149   ProtosRootNode@224b3bea                            |Tier 1|Time   637(  72+565 )ms|AST   20|Inlined   0Y   0N|IR  12278/ 39563|CodeSize  193169|Addr 0x7ffadf1f7900|Timestamp 226783998633152|Src n/a
[engine] opt done   id=150   ProtosRootNode@357886aa                            |Tier 2|Time    53(  10+44  )ms|AST    2|Inlined   0Y   0N|IR    518/  1448|CodeSize    7174|Addr 0x7ffadf253ee0|Timestamp 226784254642781|Src n/a
[engine] opt done   id=151   ProtosRootNode@54f38f8b                            |Tier 2|Time   578(  66+512 )ms|AST   21|Inlined   0Y   0N|IR  10686/ 28562|CodeSize  142972|Addr 0x7ffadf25a560|Timestamp 226784833812729|Src n/a
[engine] opt done   id=146   ProtosRootNode@43605a60                            |Tier 2|Time    36(   8+28  )ms|AST    2|Inlined   0Y   0N|IR    815/   944|CodeSize    4429|Addr 0x7ffadf29c000|Timestamp 226784976021115|Src n/a
[engine] opt done   id=147   ProtosRootNode@20204c65                            |Tier 2|Time   392( 107+285 )ms|AST   11|Inlined   0Y   0N|IR   6599/ 16683|CodeSize   86122|Addr 0x7ffadf2a8060|Timestamp 226785368613445|Src n/a
[engine] opt done   id=103   ProtosRootNode@2d5f8e3                             |Tier 2|Time    19(   4+15  )ms|AST    2|Inlined   0Y   0N|IR    518/  1448|CodeSize    7174|Addr 0x7ffadf2c9c60|Timestamp 226785388722690|Src n/a
[engine] opt done   id=104   ProtosRootNode@7fc9e94d                            |Tier 2|Time   121(  15+106 )ms|AST    6|Inlined   0Y   0N|IR   3121/  8145|CodeSize   39048|Addr 0x7ffadf2cd800|Timestamp 226785516111354|Src n/a
[engine] opt done   id=148   ProtosRootNode@61fa0506                            |Tier 2|Time    36(   7+29  )ms|AST    2|Inlined   0Y   0N|IR    815/   944|CodeSize    4429|Addr 0x7ffadf2df680|Timestamp 226785560628807|Src n/a
[engine] opt done   id=149   ProtosRootNode@224b3bea                            |Tier 2|Time   711(  79+632 )ms|AST   20|Inlined   0Y   0N|IR  12205/ 30377|CodeSize  154886|Addr 0x7ffadf2e48e0|Timestamp 226786274193615|Src n/a
[engine] opt done   id=101   ProtosRootNode@65d07421                            |Tier 1|Time    28(   8+20  )ms|AST    2|Inlined   0Y   0N|IR    591/  1658|CodeSize    7561|Addr 0x7ffadf324fa0|Timestamp 226786346107998|Src n/a
[engine] opt done   id=102   ProtosRootNode@38c72342                            |Tier 1|Time   141(  24+117 )ms|AST    9|Inlined   0Y   0N|IR   3912/ 13699|CodeSize   63444|Addr 0x7ffadf32cd60|Timestamp 226786507227447|Src n/a
[engine] opt done   id=99    ProtosRootNode@d80c067                             |Tier 1|Time    21(   4+16  )ms|AST    2|Inlined   0Y   0N|IR    888/  1275|CodeSize    5532|Addr 0x7ffadf344de0|Timestamp 226786530055704|Src n/a
[engine] opt done   id=100   ProtosRootNode@3a8c7a3a                            |Tier 1|Time   290(  33+257 )ms|AST   13|Inlined   0Y   0N|IR   6841/ 21729|CodeSize  105337|Addr 0x7ffadf34ab80|Timestamp 226786821368959|Src n/a
[engine] opt done   id=105   ProtosRootNode@2d63c22f                            |Tier 1|Time    14(   4+9   )ms|AST    2|Inlined   0Y   0N|IR    888/  1275|CodeSize    5532|Addr 0x7ffadf373460|Timestamp 226786835986280|Src n/a
[engine] opt done   id=106   ProtosRootNode@203a6b58                            |Tier 1|Time   180(  31+149 )ms|AST    9|Inlined   0Y   0N|IR   4466/ 14845|CodeSize   73667|Addr 0x7ffadf376c40|Timestamp 226787017008894|Src n/a
[engine] opt done   id=152   ProtosRootNode@cdf69a5                             |Tier 1|Time    24(   5+19  )ms|AST    2|Inlined   0Y   0N|IR    888/  2671|CodeSize   13140|Addr 0x7ffadf392c40|Timestamp 226787041911342|Src n/a
[engine] opt done   id=153   ProtosRootNode@251cd38                             |Tier 1|Time  2219( 197+2021)ms|AST   49|Inlined   0Y   0N|IR  24858/ 84554|CodeSize  407104|Addr 0x7ffadf3a0a20|Timestamp 226789261634854|Src n/a
[engine] opt done   id=140   ProtosRootNode@2f836963                            |Tier 1|Time    32(   8+24  )ms|AST    2|Inlined   0Y   0N|IR    888/  1275|CodeSize    5532|Addr 0x7ffadf438de0|Timestamp 226789297436990|Src n/a
[engine] opt done   id=141   ProtosRootNode@55839bdc                            |Tier 1|Time   102(  13+89  )ms|AST    7|Inlined   0Y   0N|IR   2619/  8570|CodeSize   39696|Addr 0x7ffadf43bd00|Timestamp 226789402383178|Src n/a
[engine] opt done   id=241   ProtosRootNode@7b69ce75                            |Tier 1|Time    29(   7+22  )ms|AST    2|Inlined   0Y   0N|IR    591/  1658|CodeSize    7561|Addr 0x7ffadf45c3a0|Timestamp 226789706217272|Src n/a
[engine] opt done   id=242   ProtosRootNode@78d68730                            |Tier 1|Time   552(  64+488 )ms|AST   21|Inlined   0Y   0N|IR  10759/ 37449|CodeSize  175728|Addr 0x7ffadf462a00|Timestamp 226790259708732|Src n/a
[engine] opt done   id=237   ProtosRootNode@a079151                             |Tier 1|Time    17(   5+12  )ms|AST    2|Inlined   0Y   0N|IR    888/  1275|CodeSize    5532|Addr 0x7ffadf4a42e0|Timestamp 226790294771948|Src n/a
[engine] opt done   id=238   ProtosRootNode@11c542b9                            |Tier 1|Time   325(  39+286 )ms|AST   11|Inlined   0Y   0N|IR   6672/ 21460|CodeSize  104171|Addr 0x7ffadf4a8040|Timestamp 226790620641088|Src n/a
[engine] opt done   id=239   ProtosRootNode@3329a4c                             |Tier 1|Time    22(   8+14  )ms|AST    2|Inlined   0Y   0N|IR    888/  1275|CodeSize    5532|Addr 0x7ffadf4d13e0|Timestamp 226790653175592|Src n/a
[engine] opt done   id=240   ProtosRootNode@165b3a9b                            |Tier 1|Time   675(  74+601 )ms|AST   20|Inlined   0Y   0N|IR  12278/ 39563|CodeSize  193169|Addr 0x7ffadf4d6d00|Timestamp 226791330987394|Src n/a
[engine] opt done   id=241   ProtosRootNode@7b69ce75                            |Tier 2|Time    25(   5+20  )ms|AST    2|Inlined   0Y   0N|IR    518/  1448|CodeSize    7174|Addr 0x7ffadf527060|Timestamp 226791433979370|Src n/a
[engine] opt done   id=242   ProtosRootNode@78d68730                            |Tier 2|Time   581(  77+504 )ms|AST   21|Inlined   0Y   0N|IR  10686/ 28562|CodeSize  142972|Addr 0x7ffadf52c0e0|Timestamp 226792015106679|Src n/a
[engine] opt done   id=237   ProtosRootNode@a079151                             |Tier 2|Time    19(   6+13  )ms|AST    2|Inlined   0Y   0N|IR    815/   944|CodeSize    4429|Addr 0x7ffadf566000|Timestamp 226792105506696|Src n/a
[engine] opt done   id=238   ProtosRootNode@11c542b9                            |Tier 2|Time   297(  37+260 )ms|AST   11|Inlined   0Y   0N|IR   6599/ 16683|CodeSize   86122|Addr 0x7ffadf5691e0|Timestamp 226792403591527|Src n/a
[engine] opt done   id=239   ProtosRootNode@3329a4c                             |Tier 2|Time    22(   4+17  )ms|AST    2|Inlined   0Y   0N|IR    815/   944|CodeSize    4429|Addr 0x7ffadf58aa00|Timestamp 226792428591365|Src n/a
[engine] opt done   id=240   ProtosRootNode@165b3a9b                            |Tier 2|Time   629(  67+562 )ms|AST   20|Inlined   0Y   0N|IR  12205/ 30377|CodeSize  154886|Addr 0x7ffadf58ece0|Timestamp 226793058628861|Src n/a
[engine] opt done   id=243   ProtosRootNode@399bcc2                             |Tier 1|Time    41(   8+32  )ms|AST    2|Inlined   0Y   0N|IR    888/  2671|CodeSize   13140|Addr 0x7ffadf5cd7c0|Timestamp 226793124810510|Src n/a
[engine] opt done   id=244   ProtosRootNode@1e607aee                            |Tier 1|Time  2225( 193+2033)ms|AST   49|Inlined   0Y   0N|IR  24858/ 84554|CodeSize  407104|Addr 0x7ffadf5dda20|Timestamp 226795351481526|Src n/a
[engine] opt done   id=231   ProtosRootNode@7c596b16                            |Tier 1|Time    40(   4+35  )ms|AST    2|Inlined   0Y   0N|IR    888/  1275|CodeSize    5532|Addr 0x7ffadf675ae0|Timestamp 226795392294286|Src n/a
[engine] opt done   id=232   ProtosRootNode@32525247                            |Tier 1|Time    91(  19+72  )ms|AST    7|Inlined   0Y   0N|IR   2619/  8570|CodeSize   39696|Addr 0x7ffadf679080|Timestamp 226795485750865|Src n/a
[engine] opt done   id=332   ProtosRootNode@3c711e5a                            |Tier 1|Time    30(   7+23  )ms|AST    2|Inlined   0Y   0N|IR    591/  1658|CodeSize    7561|Addr 0x7ffadf68c7a0|Timestamp 226795693141189|Src n/a
[engine] opt done   id=333   ProtosRootNode@1bb72d61                            |Tier 1|Time   557(  76+481 )ms|AST   21|Inlined   0Y   0N|IR  10759/ 37449|CodeSize  175728|Addr 0x7ffadf693500|Timestamp 226796251152351|Src n/a
[engine] opt done   id=328   ProtosRootNode@6a8ea1b8                            |Tier 1|Time    38(   8+30  )ms|AST    2|Inlined   0Y   0N|IR    888/  1275|CodeSize    5532|Addr 0x7ffadf6d67e0|Timestamp 226796292600222|Src n/a
[engine] opt done   id=329   ProtosRootNode@670896ad                            |Tier 1|Time   304(  56+247 )ms|AST   11|Inlined   0Y   0N|IR   6672/ 21460|CodeSize  104171|Addr 0x7ffadf6dd540|Timestamp 226796598333488|Src n/a
[engine] opt done   id=330   ProtosRootNode@4915f5c4                            |Tier 1|Time    14(   5+9   )ms|AST    2|Inlined   0Y   0N|IR    888/  1275|CodeSize    5532|Addr 0x7ffadf705660|Timestamp 226796625369258|Src n/a
[engine] opt done   id=331   ProtosRootNode@33bcbde4                            |Tier 1|Time   729(  72+658 )ms|AST   20|Inlined   0Y   0N|IR  12278/ 39563|CodeSize  193169|Addr 0x7ffadf70a600|Timestamp 226797355306728|Src n/a
[engine] opt done   id=332   ProtosRootNode@3c711e5a                            |Tier 2|Time    19(   4+15  )ms|AST    2|Inlined   0Y   0N|IR    518/  1448|CodeSize    7174|Addr 0x7ffadf757660|Timestamp 226797438610939|Src n/a
[engine] opt done   id=333   ProtosRootNode@1bb72d61                            |Tier 2|Time   582(  74+509 )ms|AST   21|Inlined   0Y   0N|IR  10686/ 28562|CodeSize  142972|Addr 0x7ffadf75c6e0|Timestamp 226798023644942|Src n/a
[engine] opt done   id=328   ProtosRootNode@6a8ea1b8                            |Tier 2|Time    29(   8+21  )ms|AST    2|Inlined   0Y   0N|IR    815/   944|CodeSize    4429|Addr 0x7ffadf794680|Timestamp 226798113712248|Src n/a
[engine] opt done   id=329   ProtosRootNode@670896ad                            |Tier 2|Time   334(  48+286 )ms|AST   11|Inlined   0Y   0N|IR   6599/ 16683|CodeSize   86122|Addr 0x7ffadf797860|Timestamp 226798448942086|Src n/a
[engine] opt done   id=330   ProtosRootNode@4915f5c4                            |Tier 2|Time    21(   4+16  )ms|AST    2|Inlined   0Y   0N|IR    815/   944|CodeSize    4429|Addr 0x7ffadf7b9080|Timestamp 226798472309653|Src n/a
[engine] opt done   id=331   ProtosRootNode@33bcbde4                            |Tier 2|Time   621(  69+553 )ms|AST   20|Inlined   0Y   0N|IR  12205/ 30377|CodeSize  154886|Addr 0x7ffadf7bd060|Timestamp 226799093831753|Src n/a
[engine] opt done   id=334   ProtosRootNode@73afa2f8                            |Tier 1|Time    31(   6+25  )ms|AST    2|Inlined   0Y   0N|IR    888/  2671|CodeSize   13140|Addr 0x7ffadf7f9240|Timestamp 226799141764068|Src n/a
[engine] opt done   id=335   ProtosRootNode@35ad4b71                            |Tier 1|Time  2224( 204+2019)ms|AST   49|Inlined   0Y   0N|IR  24858/ 84554|CodeSize  407104|Addr 0x7ffadf806520|Timestamp 226801367798364|Src n/a
[engine] opt done   id=322   ProtosRootNode@7a6089fc                            |Tier 1|Time    14(   4+9   )ms|AST    2|Inlined   0Y   0N|IR    888/  1275|CodeSize    5532|Addr 0x7ffadf89ea60|Timestamp 226801417783180|Src n/a
[engine] opt done   id=323   ProtosRootNode@76e4dae0                            |Tier 1|Time    82(  13+70  )ms|AST    7|Inlined   0Y   0N|IR   2619/  8570|CodeSize   39696|Addr 0x7ffadf8a1980|Timestamp 226801501207182|Src n/a
[engine] opt done   id=423   ProtosRootNode@22a51af4                            |Tier 1|Time    26(   7+19  )ms|AST    2|Inlined   0Y   0N|IR    591/  1658|CodeSize    7561|Addr 0x7ffadf8b21a0|Timestamp 226801838580192|Src n/a
[engine] opt done   id=424   ProtosRootNode@721427a7                            |Tier 1|Time   708( 129+579 )ms|AST   21|Inlined   0Y   0N|IR  10759/ 37449|CodeSize  175728|Addr 0x7ffadf8b9300|Timestamp 226802548572546|Src n/a
[engine] opt done   id=419   ProtosRootNode@14f7e505                            |Tier 1|Time    15(   5+10  )ms|AST    2|Inlined   0Y   0N|IR    888/  1275|CodeSize    5532|Addr 0x7ffadf8fa8e0|Timestamp 226802584271263|Src n/a
[engine] opt done   id=420   ProtosRootNode@d54d7cb                             |Tier 1|Time   300(  34+266 )ms|AST   11|Inlined   0Y   0N|IR   6672/ 21460|CodeSize  104171|Addr 0x7ffadf8fec40|Timestamp 226802884582595|Src n/a
[engine] opt done   id=421   ProtosRootNode@220504e2                            |Tier 1|Time    14(   5+9   )ms|AST    2|Inlined   0Y   0N|IR    888/  1275|CodeSize    5532|Addr 0x7ffadf926d60|Timestamp 226802899428116|Src n/a
[engine] opt done   id=422   ProtosRootNode@4b62429d                            |Tier 1|Time   675(  75+600 )ms|AST   20|Inlined   0Y   0N|IR  12278/ 39563|CodeSize  193169|Addr 0x7ffadf92c600|Timestamp 226803575171675|Src n/a
[engine] opt done   id=423   ProtosRootNode@22a51af4                            |Tier 2|Time    20(   4+17  )ms|AST    2|Inlined   0Y   0N|IR    518/  1448|CodeSize    7174|Addr 0x7ffadf976560|Timestamp 226803647444429|Src n/a
[engine] opt done   id=424   ProtosRootNode@721427a7                            |Tier 2|Time   678(  66+611 )ms|AST   21|Inlined   0Y   0N|IR  10686/ 28562|CodeSize  142972|Addr 0x7ffadf97b960|Timestamp 226804327468431|Src n/a
[engine] opt done   id=419   ProtosRootNode@14f7e505                            |Tier 2|Time    34(   6+28  )ms|AST    2|Inlined   0Y   0N|IR    815/   944|CodeSize    4429|Addr 0x7ffadf9b1b80|Timestamp 226804406764690|Src n/a
[engine] opt done   id=420   ProtosRootNode@d54d7cb                             |Tier 2|Time   324(  34+290 )ms|AST   11|Inlined   0Y   0N|IR   6599/ 16683|CodeSize   86122|Addr 0x7ffadf9b4d60|Timestamp 226804731132670|Src n/a
[engine] opt done   id=421   ProtosRootNode@220504e2                            |Tier 2|Time    60(   8+52  )ms|AST    2|Inlined   0Y   0N|IR    815/   944|CodeSize    4429|Addr 0x7ffadf9d6580|Timestamp 226804797773669|Src n/a
[engine] opt done   id=422   ProtosRootNode@4b62429d                            |Tier 2|Time  1249( 152+1097)ms|AST   20|Inlined   0Y   0N|IR  12205/ 30377|CodeSize  154886|Addr 0x7ffadf9dba60|Timestamp 226806049214384|Src n/a
[engine] opt done   id=425   ProtosRootNode@659a5c30                            |Tier 1|Time    21(   4+17  )ms|AST    2|Inlined   0Y   0N|IR    888/  2671|CodeSize   13140|Addr 0x7ffadfa17f40|Timestamp 226806098306180|Src n/a
[engine] opt done   id=426   ProtosRootNode@7cd24278                            |Tier 1|Time  2193( 177+2015)ms|AST   49|Inlined   0Y   0N|IR  24858/ 84554|CodeSize  407104|Addr 0x7ffadfa22e20|Timestamp 226808291324121|Src n/a
[engine] opt done   id=413   ProtosRootNode@34a24285                            |Tier 1|Time    25(   4+21  )ms|AST    2|Inlined   0Y   0N|IR    888/  1275|CodeSize    5532|Addr 0x7ffadfabaee0|Timestamp 226808317367700|Src n/a
[engine] opt done   id=414   ProtosRootNode@764ff1b9                            |Tier 1|Time    98(  26+72  )ms|AST    7|Inlined   0Y   0N|IR   2619/  8570|CodeSize   39696|Addr 0x7ffadfabe500|Timestamp 226808415560023|Src n/a
[engine] opt done   id=514   ProtosRootNode@111e8eef                            |Tier 1|Time    30(   8+22  )ms|AST    2|Inlined   0Y   0N|IR    591/  1658|CodeSize    7561|Addr 0x7ffadfad0420|Timestamp 226808639633828|Src n/a
[engine] opt done   id=515   ProtosRootNode@66a937fb                            |Tier 1|Time   597( 103+494 )ms|AST   21|Inlined   0Y   0N|IR  10759/ 37449|CodeSize  175728|Addr 0x7ffadfad7400|Timestamp 226809238692481|Src n/a
[engine] opt done   id=510   ProtosRootNode@3b45333a                            |Tier 1|Time    14(   4+10  )ms|AST    2|Inlined   0Y   0N|IR    888/  1275|CodeSize    5532|Addr 0x7ffadfb189e0|Timestamp 226809271044735|Src n/a
[engine] opt done   id=511   ProtosRootNode@9d5b0aa                             |Tier 1|Time   295(  44+251 )ms|AST   11|Inlined   0Y   0N|IR   6672/ 21460|CodeSize  104171|Addr 0x7ffadfb1cc40|Timestamp 226809567037734|Src n/a
[engine] opt done   id=512   ProtosRootNode@a5c90d5                             |Tier 1|Time    28(   6+22  )ms|AST    2|Inlined   0Y   0N|IR    888/  1275|CodeSize    5532|Addr 0x7ffadfb44d60|Timestamp 226809595524645|Src n/a
[engine] opt done   id=513   ProtosRootNode@30e262ce                            |Tier 1|Time   655(  76+580 )ms|AST   20|Inlined   0Y   0N|IR  12278/ 39563|CodeSize  193169|Addr 0x7ffadfb49d00|Timestamp 226810251488169|Src n/a
[engine] opt done   id=514   ProtosRootNode@111e8eef                            |Tier 2|Time    19(   4+15  )ms|AST    2|Inlined   0Y   0N|IR    518/  1448|CodeSize    7174|Addr 0x7ffadfb93960|Timestamp 226810305210479|Src n/a
[engine] opt done   id=515   ProtosRootNode@66a937fb                            |Tier 2|Time   591(  76+515 )ms|AST   21|Inlined   0Y   0N|IR  10686/ 28562|CodeSize  142972|Addr 0x7ffadfb98fe0|Timestamp 226810897433907|Src n/a
[engine] opt done   id=510   ProtosRootNode@3b45333a                            |Tier 2|Time    16(   4+12  )ms|AST    2|Inlined   0Y   0N|IR    815/   944|CodeSize    4429|Addr 0x7ffadfbcf200|Timestamp 226810963312805|Src n/a
[engine] opt done   id=511   ProtosRootNode@9d5b0aa                             |Tier 2|Time   635(  72+564 )ms|AST   11|Inlined   0Y   0N|IR   6599/ 16683|CodeSize   86122|Addr 0x7ffadfbd3460|Timestamp 226811599310825|Src n/a
[engine] opt done   id=512   ProtosRootNode@a5c90d5                             |Tier 2|Time    16(   4+12  )ms|AST    2|Inlined   0Y   0N|IR    815/   944|CodeSize    4429|Addr 0x7ffadfbf4c80|Timestamp 226811627974197|Src n/a
[engine] opt done   id=513   ProtosRootNode@30e262ce                            |Tier 2|Time   691(  70+621 )ms|AST   20|Inlined   0Y   0N|IR  12205/ 30377|CodeSize  154886|Addr 0x7ffadfbf90e0|Timestamp 226812322026529|Src n/a
[engine] opt done   id=516   ProtosRootNode@5a1d1cfb                            |Tier 1|Time    36(   5+31  )ms|AST    2|Inlined   0Y   0N|IR    888/  2671|CodeSize   13140|Addr 0x7ffadfc356c0|Timestamp 226812375259789|Src n/a
[engine] opt done   id=517   ProtosRootNode@34851396                            |Tier 1|Time  2246( 186+2060)ms|AST   49|Inlined   0Y   0N|IR  24858/ 84554|CodeSize  407104|Addr 0x7ffadfc40fa0|Timestamp 226814623435290|Src n/a
[engine] opt done   id=504   ProtosRootNode@6a84fb51                            |Tier 1|Time    15(   5+9   )ms|AST    2|Inlined   0Y   0N|IR    888/  1275|CodeSize    5532|Addr 0x7ffadfcd9060|Timestamp 226814664942081|Src n/a
[engine] opt done   id=505   ProtosRootNode@512c130f                            |Tier 1|Time    87(  13+73  )ms|AST    7|Inlined   0Y   0N|IR   2619/  8570|CodeSize   39696|Addr 0x7ffadfcdbf80|Timestamp 226814751980785|Src n/a
[engine] opt done   id=605   ProtosRootNode@4bb0039f                            |Tier 1|Time    15(   4+11  )ms|AST    2|Inlined   0Y   0N|IR    591/  1658|CodeSize    7561|Addr 0x7ffadfced7a0|Timestamp 226814930189787|Src n/a
[engine] opt done   id=606   ProtosRootNode@76c0b020                            |Tier 1|Time   513(  64+449 )ms|AST   21|Inlined   0Y   0N|IR  10759/ 37449|CodeSize  175728|Addr 0x7ffadfcf3000|Timestamp 226815443406396|Src n/a
[engine] opt done   id=601   ProtosRootNode@fb14c88                             |Tier 1|Time    15(   6+9   )ms|AST    2|Inlined   0Y   0N|IR    888/  1275|CodeSize    5532|Addr 0x7ffadfd345e0|Timestamp 226815477807721|Src n/a
[engine] opt done   id=602   ProtosRootNode@1f95e82                             |Tier 1|Time   274(  31+242 )ms|AST   11|Inlined   0Y   0N|IR   6672/ 21460|CodeSize  104171|Addr 0x7ffadfd38340|Timestamp 226815752058494|Src n/a
[engine] opt done   id=603   ProtosRootNode@2901a364                            |Tier 1|Time    14(   4+9   )ms|AST    2|Inlined   0Y   0N|IR    888/  1275|CodeSize    5532|Addr 0x7ffadfd60460|Timestamp 226815766423145|Src n/a
[engine] opt done   id=604   ProtosRootNode@2de5b159                            |Tier 1|Time   626(  72+554 )ms|AST   20|Inlined   0Y   0N|IR  12278/ 39563|CodeSize  193169|Addr 0x7ffadfd65400|Timestamp 226816392351657|Src n/a
[engine] opt done   id=605   ProtosRootNode@4bb0039f                            |Tier 2|Time    20(   4+17  )ms|AST    2|Inlined   0Y   0N|IR    518/  1448|CodeSize    7174|Addr 0x7ffadfdaf060|Timestamp 226816462037279|Src n/a
[engine] opt done   id=606   ProtosRootNode@76c0b020                            |Tier 2|Time   603(  64+539 )ms|AST   21|Inlined   0Y   0N|IR  10686/ 28562|CodeSize  142972|Addr 0x7ffadfdb40e0|Timestamp 226817065728174|Src n/a
[engine] opt done   id=601   ProtosRootNode@fb14c88                             |Tier 2|Time    32(   6+27  )ms|AST    2|Inlined   0Y   0N|IR    815/   944|CodeSize    4429|Addr 0x7ffadfdea300|Timestamp 226817135721186|Src n/a
[engine] opt done   id=602   ProtosRootNode@1f95e82                             |Tier 2|Time   298(  31+267 )ms|AST   11|Inlined   0Y   0N|IR   6599/ 16683|CodeSize   86122|Addr 0x7ffadfded4e0|Timestamp 226817434035177|Src n/a
[engine] opt done   id=603   ProtosRootNode@2901a364                            |Tier 2|Time    24(   6+18  )ms|AST    2|Inlined   0Y   0N|IR    815/   944|CodeSize    4429|Addr 0x7ffadfe0f480|Timestamp 226817465950840|Src n/a
[engine] opt done   id=604   ProtosRootNode@2de5b159                            |Tier 2|Time   679(  87+592 )ms|AST   20|Inlined   0Y   0N|IR  12205/ 30377|CodeSize  154886|Addr 0x7ffadfe13460|Timestamp 226818144841172|Src n/a
[engine] opt done   id=607   ProtosRootNode@46262d9f                            |Tier 1|Time    37(   6+31  )ms|AST    2|Inlined   0Y   0N|IR    888/  2671|CodeSize   13140|Addr 0x7ffadfe4fbc0|Timestamp 226818201703094|Src n/a
[engine] opt done   id=608   ProtosRootNode@14c329b8                            |Tier 1|Time  2259( 206+2053)ms|AST   49|Inlined   0Y   0N|IR  24858/ 84554|CodeSize  407104|Addr 0x7ffadfe5ba20|Timestamp 226820460701713|Src n/a
[engine] opt done   id=595   ProtosRootNode@47360cf1                            |Tier 1|Time    79(   9+69  )ms|AST    2|Inlined   0Y   0N|IR    888/  1275|CodeSize    5532|Addr 0x7ffadfef3ae0|Timestamp 226820540326492|Src n/a
[engine] opt done   id=596   ProtosRootNode@557c8f6a                            |Tier 1|Time   101(  25+76  )ms|AST    7|Inlined   0Y   0N|IR   2619/  8570|CodeSize   39696|Addr 0x7ffadfefa780|Timestamp 226820643358898|Src n/a
[engine] opt done   id=696   ProtosRootNode@7c74f782                            |Tier 1|Time    18(   8+10  )ms|AST    2|Inlined   0Y   0N|IR    591/  1658|CodeSize    7561|Addr 0x7ffadff0bea0|Timestamp 226820832070507|Src n/a
[engine] opt done   id=697   ProtosRootNode@2a025afe                            |Tier 1|Time   560(  64+496 )ms|AST   21|Inlined   0Y   0N|IR  10759/ 37449|CodeSize  175728|Addr 0x7ffadff11700|Timestamp 226821392519571|Src n/a
[engine] opt done   id=692   ProtosRootNode@31a232d2                            |Tier 1|Time    27(   8+19  )ms|AST    2|Inlined   0Y   0N|IR    888/  1275|CodeSize    5532|Addr 0x7ffadff54560|Timestamp 226821423255694|Src n/a
[engine] opt done   id=693   ProtosRootNode@3cf93fd2                            |Tier 1|Time   298(  51+247 )ms|AST   11|Inlined   0Y   0N|IR   6672/ 21460|CodeSize  104171|Addr 0x7ffadff582c0|Timestamp 226821721289894|Src n/a
[engine] opt done   id=694   ProtosRootNode@49d19c62                            |Tier 1|Time    14(   4+9   )ms|AST    2|Inlined   0Y   0N|IR    888/  1275|CodeSize    5532|Addr 0x7ffadff803e0|Timestamp 226821735547605|Src n/a
[engine] opt done   id=695   ProtosRootNode@652ea92d                            |Tier 1|Time   633(  91+542 )ms|AST   20|Inlined   0Y   0N|IR  12278/ 39563|CodeSize  193169|Addr 0x7ffadff85380|Timestamp 226822368751963|Src n/a
[engine] opt done   id=696   ProtosRootNode@7c74f782                            |Tier 2|Time    22(   7+15  )ms|AST    2|Inlined   0Y   0N|IR    518/  1448|CodeSize    7174|Addr 0x7ffadffcefe0|Timestamp 226822443606488|Src n/a
[engine] opt done   id=697   ProtosRootNode@2a025afe                            |Tier 2|Time   591(  72+519 )ms|AST   21|Inlined   0Y   0N|IR  10686/ 28562|CodeSize  142972|Addr 0x7ffadffd4860|Timestamp 226823036846026|Src n/a
[engine] opt done   id=692   ProtosRootNode@31a232d2                            |Tier 2|Time    16(   4+12  )ms|AST    2|Inlined   0Y   0N|IR    815/   944|CodeSize    4429|Addr 0x7ffae000ad80|Timestamp 226823100186183|Src n/a
[engine] opt done   id=693   ProtosRootNode@3cf93fd2                            |Tier 2|Time   310(  34+276 )ms|AST   11|Inlined   0Y   0N|IR   6599/ 16683|CodeSize   86122|Addr 0x7ffae000df60|Timestamp 226823410353032|Src n/a
[engine] opt done   id=694   ProtosRootNode@49d19c62                            |Tier 2|Time    16(   4+12  )ms|AST    2|Inlined   0Y   0N|IR    815/   944|CodeSize    4429|Addr 0x7ffae002f780|Timestamp 226823438498653|Src n/a
[engine] opt done   id=695   ProtosRootNode@652ea92d                            |Tier 2|Time   655(  70+585 )ms|AST   20|Inlined   0Y   0N|IR  12205/ 30377|CodeSize  154886|Addr 0x7ffae0033760|Timestamp 226824095906998|Src n/a
[engine] opt done   id=698   ProtosRootNode@10e1eb51                            |Tier 1|Time    28(   4+24  )ms|AST    2|Inlined   0Y   0N|IR    888/  2671|CodeSize   13140|Addr 0x7ffae0071040|Timestamp 226824154496592|Src n/a
[engine] opt done   id=699   ProtosRootNode@1448663                             |Tier 1|Time  2297( 215+2082)ms|AST   49|Inlined   0Y   0N|IR  24858/ 84554|CodeSize  407104|Addr 0x7ffae007bf20|Timestamp 226826451910519|Src n/a
[engine] opt done   id=686   ProtosRootNode@484ed784                            |Tier 1|Time    26(   4+22  )ms|AST    2|Inlined   0Y   0N|IR    888/  1275|CodeSize    5532|Addr 0x7ffae0113fe0|Timestamp 226826478895019|Src n/a
[engine] opt done   id=687   ProtosRootNode@b6bd9a9                             |Tier 1|Time   102(  13+89  )ms|AST    7|Inlined   0Y   0N|IR   2619/  8570|CodeSize   39696|Addr 0x7ffae0117200|Timestamp 226826581050704|Src n/a
[engine] opt done   id=787   ProtosRootNode@4a05813e                            |Tier 1|Time    29(   9+20  )ms|AST    2|Inlined   0Y   0N|IR    591/  1658|CodeSize    7561|Addr 0x7ffae01278a0|Timestamp 226826760602517|Src n/a
[engine] opt done   id=788   ProtosRootNode@5f1ceeb6                            |Tier 1|Time   523(  63+460 )ms|AST   21|Inlined   0Y   0N|IR  10759/ 37449|CodeSize  175728|Addr 0x7ffae012dc80|Timestamp 226827284031573|Src n/a
[engine] opt done   id=783   ProtosRootNode@b1b1a4d                             |Tier 1|Time    14(   5+9   )ms|AST    2|Inlined   0Y   0N|IR    888/  1275|CodeSize    5532|Addr 0x7ffae016f260|Timestamp 226827315984617|Src n/a
[engine] opt done   id=784   ProtosRootNode@3e6ef2b6                            |Tier 1|Time   286(  36+250 )ms|AST   11|Inlined   0Y   0N|IR   6672/ 21460|CodeSize  104171|Addr 0x7ffae0172fc0|Timestamp 226827603822000|Src n/a
[engine] opt done   id=785   ProtosRootNode@67dd4bef                            |Tier 1|Time    15(   6+9   )ms|AST    2|Inlined   0Y   0N|IR    888/  1275|CodeSize    5532|Addr 0x7ffae019b860|Timestamp 226827629388089|Src n/a
[engine] opt done   id=786   ProtosRootNode@4e3c0b8                             |Tier 1|Time   669(  72+597 )ms|AST   20|Inlined   0Y   0N|IR  12278/ 39563|CodeSize  193169|Addr 0x7ffae01a1700|Timestamp 226828302069285|Src n/a
[engine] opt done   id=787   ProtosRootNode@4a05813e                            |Tier 2|Time    19(   4+15  )ms|AST    2|Inlined   0Y   0N|IR    518/  1448|CodeSize    7174|Addr 0x7ffae01ee660|Timestamp 226828359458818|Src n/a
[engine] opt done   id=788   ProtosRootNode@5f1ceeb6                            |Tier 2|Time   558(  76+482 )ms|AST   21|Inlined   0Y   0N|IR  10686/ 28562|CodeSize  142972|Addr 0x7ffae01f36e0|Timestamp 226828917893390|Src n/a
[engine] opt done   id=783   ProtosRootNode@b1b1a4d                             |Tier 2|Time    16(   4+12  )ms|AST    2|Inlined   0Y   0N|IR    815/   944|CodeSize    4429|Addr 0x7ffae022a180|Timestamp 226828975569553|Src n/a
[engine] opt done   id=784   ProtosRootNode@3e6ef2b6                            |Tier 2|Time   310(  47+263 )ms|AST   11|Inlined   0Y   0N|IR   6599/ 16683|CodeSize   86122|Addr 0x7ffae022d360|Timestamp 226829285912172|Src n/a
[engine] opt done   id=785   ProtosRootNode@67dd4bef                            |Tier 2|Time    21(   4+17  )ms|AST    2|Inlined   0Y   0N|IR    815/   944|CodeSize    4429|Addr 0x7ffae024eb80|Timestamp 226829309356249|Src n/a
[engine] opt done   id=786   ProtosRootNode@4e3c0b8                             |Tier 2|Time   637(  68+569 )ms|AST   20|Inlined   0Y   0N|IR  12205/ 30377|CodeSize  154886|Addr 0x7ffae0252b60|Timestamp 226829946314290|Src n/a
[engine] opt done   id=789   ProtosRootNode@259d5ccb                            |Tier 1|Time    28(   4+24  )ms|AST    2|Inlined   0Y   0N|IR    888/  2671|CodeSize   13140|Addr 0x7ffae028ed40|Timestamp 226829990901353|Src n/a
[engine] opt done   id=790   ProtosRootNode@3f284682                            |Tier 1|Time  2132( 171+1961)ms|AST   49|Inlined   0Y   0N|IR  24858/ 84554|CodeSize  407104|Addr 0x7ffae0299c20|Timestamp 226832123330688|Src n/a
[engine] opt done   id=777   ProtosRootNode@5d84b4f5                            |Tier 1|Time    14(   4+9   )ms|AST    2|Inlined   0Y   0N|IR    888/  1275|CodeSize    5532|Addr 0x7ffae0331ce0|Timestamp 226832167446160|Src n/a
[engine] opt done   id=778   ProtosRootNode@6cb55da4                            |Tier 1|Time    83(  13+70  )ms|AST    7|Inlined   0Y   0N|IR   2619/  8570|CodeSize   39696|Addr 0x7ffae0334c00|Timestamp 226832250791402|Src n/a
[engine] opt done   id=878   ProtosRootNode@3aefb551                            |Tier 1|Time    27(   7+20  )ms|AST    2|Inlined   0Y   0N|IR    591/  1658|CodeSize    7561|Addr 0x7ffae03446a0|Timestamp 226832425217131|Src n/a
[engine] opt done   id=879   ProtosRootNode@3d7f05f1                            |Tier 1|Time   536(  64+473 )ms|AST   21|Inlined   0Y   0N|IR  10759/ 37449|CodeSize  175728|Addr 0x7ffae034b380|Timestamp 226832963845819|Src n/a
[engine] opt done   id=874   ProtosRootNode@72ab4cf6                            |Tier 1|Time    28(   7+21  )ms|AST    2|Inlined   0Y   0N|IR    888/  1275|CodeSize    5532|Addr 0x7ffae038c960|Timestamp 226833012006584|Src n/a
[engine] opt done   id=875   ProtosRootNode@1b95c406                            |Tier 1|Time   284(  32+252 )ms|AST   11|Inlined   0Y   0N|IR   6672/ 21460|CodeSize  104171|Addr 0x7ffae03922c0|Timestamp 226833296138474|Src n/a
[engine] opt done   id=876   ProtosRootNode@6c9acf68                            |Tier 1|Time    14(   4+10  )ms|AST    2|Inlined   0Y   0N|IR    888/  1275|CodeSize    5532|Addr 0x7ffae03ba3e0|Timestamp 226833311090635|Src n/a
[engine] opt done   id=877   ProtosRootNode@30154d33                            |Tier 1|Time   685(  77+608 )ms|AST   20|Inlined   0Y   0N|IR  12278/ 39563|CodeSize  193169|Addr 0x7ffae03bf380|Timestamp 226833996469431|Src n/a
[engine] opt done   id=878   ProtosRootNode@3aefb551                            |Tier 2|Time    19(   4+15  )ms|AST    2|Inlined   0Y   0N|IR    518/  1448|CodeSize    7174|Addr 0x7ffae0408fe0|Timestamp 226834071338156|Src n/a
[engine] opt done   id=879   ProtosRootNode@3d7f05f1                            |Tier 2|Time   601(  63+539 )ms|AST   21|Inlined   0Y   0N|IR  10686/ 28562|CodeSize  142972|Addr 0x7ffae040e060|Timestamp 226834672891741|Src n/a
[engine] opt done   id=874   ProtosRootNode@72ab4cf6                            |Tier 2|Time    32(   5+27  )ms|AST    2|Inlined   0Y   0N|IR    815/   944|CodeSize    4429|Addr 0x7ffae0444280|Timestamp 226834740234670|Src n/a
[engine] opt done   id=875   ProtosRootNode@1b95c406                            |Tier 2|Time   313(  33+280 )ms|AST   11|Inlined   0Y   0N|IR   6599/ 16683|CodeSize   86122|Addr 0x7ffae0447460|Timestamp 226835053215112|Src n/a
[engine] opt done   id=876   ProtosRootNode@6c9acf68                            |Tier 2|Time    21(   4+17  )ms|AST    2|Inlined   0Y   0N|IR    815/   944|CodeSize    4429|Addr 0x7ffae0468c80|Timestamp 226835077413870|Src n/a
[engine] opt done   id=877   ProtosRootNode@30154d33                            |Tier 2|Time   699(  88+611 )ms|AST   20|Inlined   0Y   0N|IR  12205/ 30377|CodeSize  154886|Addr 0x7ffae046cc60|Timestamp 226835776785116|Src n/a
[engine] opt done   id=880   ProtosRootNode@20f61795                            |Tier 1|Time    37(   6+31  )ms|AST    2|Inlined   0Y   0N|IR    888/  2671|CodeSize   13140|Addr 0x7ffae04a9240|Timestamp 226835841251744|Src n/a
[engine] opt done   id=881   ProtosRootNode@528a2b95                            |Tier 1|Time  2290( 175+2115)ms|AST   49|Inlined   0Y   0N|IR  24858/ 84554|CodeSize  407104|Addr 0x7ffae04b4120|Timestamp 226838131538805|Src n/a
[engine] opt done   id=868   ProtosRootNode@48fc24f8                            |Tier 1|Time    27(   4+22  )ms|AST    2|Inlined   0Y   0N|IR    888/  1275|CodeSize    5532|Addr 0x7ffae054c4e0|Timestamp 226838159032935|Src n/a
[engine] opt done   id=869   ProtosRootNode@6ae76281                            |Tier 1|Time    94(  13+81  )ms|AST    7|Inlined   0Y   0N|IR   2619/  8570|CodeSize   39696|Addr 0x7ffae054f780|Timestamp 226838252889525|Src n/a
[engine] opt done   id=969   ProtosRootNode@809c653                             |Tier 1|Time    27(   7+21  )ms|AST    2|Inlined   0Y   0N|IR    591/  1658|CodeSize    7561|Addr 0x7ffae055f720|Timestamp 226838435451669|Src n/a
[engine] opt done   id=970   ProtosRootNode@935c8a7                             |Tier 1|Time   542(  84+457 )ms|AST   21|Inlined   0Y   0N|IR  10759/ 37449|CodeSize  175728|Addr 0x7ffae0567980|Timestamp 226838979169891|Src n/a
[engine] opt done   id=965   ProtosRootNode@111f5244                            |Tier 1|Time    14(   5+10  )ms|AST    2|Inlined   0Y   0N|IR    888/  1275|CodeSize    5532|Addr 0x7ffae05a8f60|Timestamp 226839013430886|Src n/a
[engine] opt done   id=966   ProtosRootNode@6e26943b                            |Tier 1|Time   285(  32+253 )ms|AST   11|Inlined   0Y   0N|IR   6672/ 21460|CodeSize  104171|Addr 0x7ffae05ad040|Timestamp 226839298854517|Src n/a
[engine] opt done   id=967   ProtosRootNode@7c7fe838                            |Tier 1|Time    14(   4+9   )ms|AST    2|Inlined   0Y   0N|IR    888/  1275|CodeSize    5532|Addr 0x7ffae05d5160|Timestamp 226839313293558|Src n/a
[engine] opt done   id=968   ProtosRootNode@15ab44d1                            |Tier 1|Time   649(  78+571 )ms|AST   20|Inlined   0Y   0N|IR  12278/ 39563|CodeSize  193169|Addr 0x7ffae05da800|Timestamp 226839962476887|Src n/a
[engine] opt done   id=969   ProtosRootNode@809c653                             |Tier 2|Time    22(   4+17  )ms|AST    2|Inlined   0Y   0N|IR    518/  1448|CodeSize    7174|Addr 0x7ffae0624460|Timestamp 226840020779720|Src n/a
[engine] opt done   id=970   ProtosRootNode@935c8a7                             |Tier 2|Time   606(  86+520 )ms|AST   21|Inlined   0Y   0N|IR  10686/ 28562|CodeSize  142972|Addr 0x7ffae06294e0|Timestamp 226840627576228|Src n/a
[engine] opt done   id=965   ProtosRootNode@111f5244                            |Tier 2|Time    18(   4+13  )ms|AST    2|Inlined   0Y   0N|IR    815/   944|CodeSize    4429|Addr 0x7ffae065f700|Timestamp 226840680261467|Src n/a
[engine] opt done   id=966   ProtosRootNode@6e26943b                            |Tier 2|Time   328(  56+272 )ms|AST   11|Inlined   0Y   0N|IR   6599/ 16683|CodeSize   86122|Addr 0x7ffae06628e0|Timestamp 226841008503709|Src n/a
[engine] opt done   id=967   ProtosRootNode@7c7fe838                            |Tier 2|Time    21(   4+17  )ms|AST    2|Inlined   0Y   0N|IR    815/   944|CodeSize    4429|Addr 0x7ffae0684100|Timestamp 226841031973937|Src n/a
[engine] opt done   id=968   ProtosRootNode@15ab44d1                            |Tier 2|Time   670(  72+598 )ms|AST   20|Inlined   0Y   0N|IR  12205/ 30377|CodeSize  154886|Addr 0x7ffae06880e0|Timestamp 226841702122782|Src n/a
[engine] opt done   id=971   ProtosRootNode@421708f6                            |Tier 1|Time    22(   5+17  )ms|AST    2|Inlined   0Y   0N|IR    888/  2671|CodeSize   13140|Addr 0x7ffae06c42c0|Timestamp 226841766287579|Src n/a
[engine] opt done   id=972   ProtosRootNode@3ddf2638                            |Tier 1|Time  2324( 182+2142)ms|AST   49|Inlined   0Y   0N|IR  24858/ 84554|CodeSize  407104|Addr 0x7ffae06cf1a0|Timestamp 226844091071035|Src n/a
[engine] opt done   id=959   ProtosRootNode@1a119831                            |Tier 1|Time    22(   4+18  )ms|AST    2|Inlined   0Y   0N|IR    888/  1275|CodeSize    5532|Addr 0x7ffae0767260|Timestamp 226844114170592|Src n/a
[engine] opt done   id=960   ProtosRootNode@6d6fd59f                            |Tier 1|Time    84(  13+71  )ms|AST    7|Inlined   0Y   0N|IR   2619/  8570|CodeSize   39696|Addr 0x7ffae076a180|Timestamp 226844198336885|Src n/a
[engine] opt done   id=101   ProtosRootNode@65d07421                            |Tier 2|Time    19(   4+15  )ms|AST    2|Inlined   0Y   0N|IR    518/  1448|CodeSize    7174|Addr 0x7ffae07797e0|Timestamp 226844350992217|Src n/a
[engine] opt done   id=102   ProtosRootNode@38c72342                            |Tier 2|Time   164(  19+145 )ms|AST    9|Inlined   0Y   0N|IR   3844/ 10527|CodeSize   51991|Addr 0x7ffae077d5c0|Timestamp 226844515244709|Src n/a
[engine] opt done   id=99    ProtosRootNode@d80c067                             |Tier 2|Time    17(   4+12  )ms|AST    2|Inlined   0Y   0N|IR    815/   944|CodeSize    4429|Addr 0x7ffae0791580|Timestamp 226844534229393|Src n/a
[engine] opt done   id=100   ProtosRootNode@3a8c7a3a                            |Tier 2|Time   291(  38+253 )ms|AST   13|Inlined   0Y   0N|IR   6773/ 16825|CodeSize   84775|Addr 0x7ffae0794720|Timestamp 226844825412498|Src n/a
[engine] opt done   id=105   ProtosRootNode@2d63c22f                            |Tier 2|Time    21(   4+17  )ms|AST    2|Inlined   0Y   0N|IR    815/   944|CodeSize    4429|Addr 0x7ffae07b5880|Timestamp 226844847230264|Src n/a
[engine] opt done   id=106   ProtosRootNode@203a6b58                            |Tier 2|Time   190(  21+169 )ms|AST    9|Inlined   0Y   0N|IR   4394/ 11749|CodeSize   59227|Addr 0x7ffae07b85c0|Timestamp 226845037160474|Src n/a
[engine] opt done   id=1060  ProtosRootNode@76f6f7fe                            |Tier 1|Time    29(   7+22  )ms|AST    2|Inlined   0Y   0N|IR    591/  1658|CodeSize    7561|Addr 0x7ffae07d06a0|Timestamp 226845095929577|Src n/a
[engine] opt done   id=1061  ProtosRootNode@447c6c16                            |Tier 1|Time   536(  61+475 )ms|AST   21|Inlined   0Y   0N|IR  10759/ 37449|CodeSize  175728|Addr 0x7ffae07d6380|Timestamp 226845632605984|Src n/a
[engine] opt done   id=1056  ProtosRootNode@650083fd                            |Tier 1|Time    14(   5+9   )ms|AST    2|Inlined   0Y   0N|IR    888/  1275|CodeSize    5532|Addr 0x7ffae0817960|Timestamp 226845648404475|Src n/a
[engine] opt done   id=1057  ProtosRootNode@6b3a2545                            |Tier 1|Time   318(  46+271 )ms|AST   11|Inlined   0Y   0N|IR   6672/ 21460|CodeSize  104171|Addr 0x7ffae081b6c0|Timestamp 226845966340670|Src n/a
[engine] opt done   id=1058  ProtosRootNode@13cbac51                            |Tier 1|Time    14(   4+10  )ms|AST    2|Inlined   0Y   0N|IR    888/  1275|CodeSize    5532|Addr 0x7ffae08437e0|Timestamp 226845980882481|Src n/a
[engine] opt done   id=1059  ProtosRootNode@3f8b1996                            |Tier 1|Time   629(  71+558 )ms|AST   20|Inlined   0Y   0N|IR  12278/ 39563|CodeSize  193169|Addr 0x7ffae0848780|Timestamp 226846609841015|Src n/a
[engine] opt done   id=1060  ProtosRootNode@76f6f7fe                            |Tier 2|Time    19(   4+15  )ms|AST    2|Inlined   0Y   0N|IR    518/  1448|CodeSize    7174|Addr 0x7ffae08923e0|Timestamp 226846682144779|Src n/a
[engine] opt done   id=1061  ProtosRootNode@447c6c16                            |Tier 2|Time   612(  62+550 )ms|AST   21|Inlined   0Y   0N|IR  10686/ 28562|CodeSize  142972|Addr 0x7ffae0897460|Timestamp 226847294015910|Src n/a
[engine] opt done   id=1056  ProtosRootNode@650083fd                            |Tier 2|Time    32(   5+26  )ms|AST    2|Inlined   0Y   0N|IR    815/   944|CodeSize    4429|Addr 0x7ffae08cd680|Timestamp 226847360404689|Src n/a
[engine] opt done   id=1057  ProtosRootNode@6b3a2545                            |Tier 2|Time   307(  32+275 )ms|AST   11|Inlined   0Y   0N|IR   6599/ 16683|CodeSize   86122|Addr 0x7ffae08d0860|Timestamp 226847668069116|Src n/a
[engine] opt done   id=1058  ProtosRootNode@13cbac51                            |Tier 2|Time    22(   4+18  )ms|AST    2|Inlined   0Y   0N|IR    815/   944|CodeSize    4429|Addr 0x7ffae08f2080|Timestamp 226847693085665|Src n/a
[engine] opt done   id=1059  ProtosRootNode@3f8b1996                            |Tier 2|Time   652(  77+575 )ms|AST   20|Inlined   0Y   0N|IR  12205/ 30377|CodeSize  154886|Addr 0x7ffae08f6060|Timestamp 226848345691477|Src n/a
[engine] opt done   id=1062  ProtosRootNode@2c539b                              |Tier 1|Time    30(   6+24  )ms|AST    2|Inlined   0Y   0N|IR    888/  2671|CodeSize   13140|Addr 0x7ffae0932240|Timestamp 226848397073265|Src n/a
[engine] opt done   id=1063  ProtosRootNode@20ff2902                            |Tier 1|Time  2246( 180+2066)ms|AST   49|Inlined   0Y   0N|IR  24858/ 84554|CodeSize  407104|Addr 0x7ffae093d120|Timestamp 226850643164053|Src n/a
[engine] opt done   id=1050  ProtosRootNode@3cf3c9e                             |Tier 1|Time    28(   4+24  )ms|AST    2|Inlined   0Y   0N|IR    888/  1275|CodeSize    5532|Addr 0x7ffae09d51e0|Timestamp 226850672305364|Src n/a
[engine] opt done   id=1051  ProtosRootNode@4d1dfd7a                            |Tier 1|Time    89(  14+75  )ms|AST    7|Inlined   0Y   0N|IR   2619/  8570|CodeSize   39696|Addr 0x7ffae09d8100|Timestamp 226850761630210|Src n/a
[engine] opt done   id=1151  ProtosRootNode@55d764c1                            |Tier 1|Time    14(   4+10  )ms|AST    2|Inlined   0Y   0N|IR    591/  1658|CodeSize    7561|Addr 0x7ffae09e9020|Timestamp 226850937122260|Src n/a
[engine] opt done   id=1152  ProtosRootNode@571f82c9                            |Tier 1|Time   532(  70+462 )ms|AST   21|Inlined   0Y   0N|IR  10759/ 37449|CodeSize  175728|Addr 0x7ffae09ee880|Timestamp 226851469490143|Src n/a
[engine] opt done   id=1147  ProtosRootNode@31197a0a                            |Tier 1|Time    15(   4+10  )ms|AST    2|Inlined   0Y   0N|IR    888/  1275|CodeSize    5532|Addr 0x7ffae0a2fe60|Timestamp 226851506563340|Src n/a
[engine] opt done   id=1148  ProtosRootNode@4bfb3e52                            |Tier 1|Time   336(  34+303 )ms|AST   11|Inlined   0Y   0N|IR   6672/ 21460|CodeSize  104171|Addr 0x7ffae0a33bc0|Timestamp 226851842998118|Src n/a
[engine] opt done   id=1149  ProtosRootNode@89e2b67                             |Tier 1|Time    34(  12+22  )ms|AST    2|Inlined   0Y   0N|IR    888/  1275|CodeSize    5532|Addr 0x7ffae0a5bce0|Timestamp 226851879541805|Src n/a
[engine] opt done   id=1150  ProtosRootNode@6819edb6                            |Tier 1|Time   697(  68+629 )ms|AST   20|Inlined   0Y   0N|IR  12278/ 39563|CodeSize  193169|Addr 0x7ffae0a62c80|Timestamp 226852600618668|Src n/a
[engine] opt done   id=1151  ProtosRootNode@55d764c1                            |Tier 2|Time    20(   4+16  )ms|AST    2|Inlined   0Y   0N|IR    518/  1448|CodeSize    7174|Addr 0x7ffae0aac8e0|Timestamp 226852658375130|Src n/a
[engine] opt done   id=1152  ProtosRootNode@571f82c9                            |Tier 2|Time   571(  69+501 )ms|AST   21|Inlined   0Y   0N|IR  10686/ 28562|CodeSize  142972|Addr 0x7ffae0ab1960|Timestamp 226853229187612|Src n/a
[engine] opt done   id=1147  ProtosRootNode@31197a0a                            |Tier 2|Time    16(   4+12  )ms|AST    2|Inlined   0Y   0N|IR    815/   944|CodeSize    4429|Addr 0x7ffae0ae7b80|Timestamp 226853279141009|Src n/a
[engine] opt done   id=1148  ProtosRootNode@4bfb3e52                            |Tier 2|Time   316(  55+262 )ms|AST   11|Inlined   0Y   0N|IR   6599/ 16683|CodeSize   86122|Addr 0x7ffae0aead60|Timestamp 226853595581092|Src n/a
[engine] opt done   id=1149  ProtosRootNode@89e2b67                             |Tier 2|Time    21(   4+17  )ms|AST    2|Inlined   0Y   0N|IR    815/   944|CodeSize    4429|Addr 0x7ffae0b0c580|Timestamp 226853619352930|Src n/a
[engine] opt done   id=1150  ProtosRootNode@6819edb6                            |Tier 2|Time   653(  82+570 )ms|AST   20|Inlined   0Y   0N|IR  12205/ 30377|CodeSize  154886|Addr 0x7ffae0b10ae0|Timestamp 226854272287302|Src n/a
[engine] opt done   id=1153  ProtosRootNode@2601d715                            |Tier 1|Time    28(   4+23  )ms|AST    2|Inlined   0Y   0N|IR    888/  2671|CodeSize   13140|Addr 0x7ffae0b4ccc0|Timestamp 226854316914785|Src n/a
[engine] opt done   id=1154  ProtosRootNode@4dd042b6                            |Tier 1|Time  2262( 205+2057)ms|AST   49|Inlined   0Y   0N|IR  24858/ 84554|CodeSize  407104|Addr 0x7ffae0b57f20|Timestamp 226856579321835|Src n/a
[engine] opt done   id=1141  ProtosRootNode@7074bdcb                            |Tier 1|Time    25(   4+21  )ms|AST    2|Inlined   0Y   0N|IR    888/  1275|CodeSize    5532|Addr 0x7ffae0bf02e0|Timestamp 226856605640664|Src n/a
[engine] opt done   id=1142  ProtosRootNode@279092bf                            |Tier 1|Time   100(  13+87  )ms|AST    7|Inlined   0Y   0N|IR   2619/  8570|CodeSize   39696|Addr 0x7ffae0bf3200|Timestamp 226856706430359|Src n/a
[engine] opt done   id=1242  ProtosRootNode@46a3cb89                            |Tier 1|Time    29(   7+21  )ms|AST    2|Inlined   0Y   0N|IR    591/  1658|CodeSize    7561|Addr 0x7ffae0c02820|Timestamp 226856885130660|Src n/a
[engine] opt done   id=1243  ProtosRootNode@16729409                            |Tier 1|Time   621( 136+486 )ms|AST   21|Inlined   0Y   0N|IR  10759/ 37449|CodeSize  175728|Addr 0x7ffae0c0ac80|Timestamp 226857508567520|Src n/a
[engine] opt done   id=1238  ProtosRootNode@51d2e4b0                            |Tier 1|Time    14(   4+10  )ms|AST    2|Inlined   0Y   0N|IR    888/  1275|CodeSize    5532|Addr 0x7ffae0c4c260|Timestamp 226857539106023|Src n/a
[engine] opt done   id=1239  ProtosRootNode@22cd58f9                            |Tier 1|Time   336(  36+300 )ms|AST   11|Inlined   0Y   0N|IR   6672/ 21460|CodeSize  104171|Addr 0x7ffae0c4ffc0|Timestamp 226857875141331|Src n/a
[engine] opt done   id=1240  ProtosRootNode@2673ec78                            |Tier 1|Time    20(   6+14  )ms|AST    2|Inlined   0Y   0N|IR    888/  1275|CodeSize    5532|Addr 0x7ffae0c780e0|Timestamp 226857908955726|Src n/a
[engine] opt done   id=1241  ProtosRootNode@2a96cba                             |Tier 1|Time   746(  98+648 )ms|AST   20|Inlined   0Y   0N|IR  12278/ 39563|CodeSize  193169|Addr 0x7ffae0c7d380|Timestamp 226858655572657|Src n/a
[engine] opt done   id=1242  ProtosRootNode@46a3cb89                            |Tier 2|Time    19(   3+16  )ms|AST    2|Inlined   0Y   0N|IR    518/  1448|CodeSize    7174|Addr 0x7ffae0cc6fe0|Timestamp 226858709781327|Src n/a
[engine] opt done   id=1243  ProtosRootNode@16729409                            |Tier 2|Time   580(  78+502 )ms|AST   21|Inlined   0Y   0N|IR  10686/ 28562|CodeSize  142972|Addr 0x7ffae0ccc7e0|Timestamp 226859290416406|Src n/a
[engine] opt done   id=1238  ProtosRootNode@51d2e4b0                            |Tier 2|Time    17(   4+13  )ms|AST    2|Inlined   0Y   0N|IR    815/   944|CodeSize    4429|Addr 0x7ffae0d02a00|Timestamp 226859345962977|Src n/a
[engine] opt done   id=1239  ProtosRootNode@22cd58f9                            |Tier 2|Time   334(  42+291 )ms|AST   11|Inlined   0Y   0N|IR   6599/ 16683|CodeSize   86122|Addr 0x7ffae0d05be0|Timestamp 226859679783723|Src n/a
[engine] opt done   id=1240  ProtosRootNode@2673ec78                            |Tier 2|Time    23(   5+18  )ms|AST    2|Inlined   0Y   0N|IR    815/   944|CodeSize    4429|Addr 0x7ffae0d27400|Timestamp 226859705742392|Src n/a
[engine] opt done   id=1241  ProtosRootNode@2a96cba                             |Tier 2|Time   660(  69+590 )ms|AST   20|Inlined   0Y   0N|IR  12205/ 30377|CodeSize  154886|Addr 0x7ffae0d2b3e0|Timestamp 226860365617439|Src n/a
[engine] opt done   id=1244  ProtosRootNode@45843192                            |Tier 1|Time    30(   5+25  )ms|AST    2|Inlined   0Y   0N|IR    888/  2671|CodeSize   13140|Addr 0x7ffae0d675c0|Timestamp 226860413634005|Src n/a
[engine] opt done   id=1245  ProtosRootNode@58d0ffa                             |Tier 1|Time  2382( 175+2207)ms|AST   49|Inlined   0Y   0N|IR  24858/ 84554|CodeSize  407104|Addr 0x7ffadf3a0a20|Timestamp 226862796048013|Src n/a
[engine] opt done   id=1232  ProtosRootNode@7c40ed48                            |Tier 1|Time    14(   5+9   )ms|AST    2|Inlined   0Y   0N|IR    888/  1275|CodeSize    5532|Addr 0x7ffadf1acde0|Timestamp 226862837780454|Src n/a
[engine] opt done   id=1233  ProtosRootNode@36c7b611                            |Tier 1|Time    80(  12+68  )ms|AST    7|Inlined   0Y   0N|IR   2619/  8570|CodeSize   39696|Addr 0x7ffadf679080|Timestamp 226862917985253|Src n/a
[engine] opt done   id=1333  ProtosRootNode@47182041                            |Tier 1|Time    20(   7+12  )ms|AST    2|Inlined   0Y   0N|IR    591/  1658|CodeSize    7561|Addr 0x7ffadf15e2a0|Timestamp 226863077727201|Src n/a
[engine] opt done   id=1334  ProtosRootNode@411db9c3                            |Tier 1|Time   504(  60+443 )ms|AST   21|Inlined   0Y   0N|IR  10759/ 37449|CodeSize  175728|Addr 0x7ffadf168180|Timestamp 226863581617783|Src n/a
[engine] opt done   id=1329  ProtosRootNode@65ec6ad7                            |Tier 1|Time    14(   4+9   )ms|AST    2|Inlined   0Y   0N|IR    888/  1275|CodeSize    5532|Addr 0x7ffadf1f1f60|Timestamp 226863616817209|Src n/a
[engine] opt done   id=1330  ProtosRootNode@5f3e22eb                            |Tier 1|Time   284(  33+251 )ms|AST   11|Inlined   0Y   0N|IR   6672/ 21460|CodeSize  104171|Addr 0x7ffadf1b1240|Timestamp 226863901093808|Src n/a
[engine] opt done   id=1331  ProtosRootNode@33eceb0a                            |Tier 1|Time    14(   4+9   )ms|AST    2|Inlined   0Y   0N|IR    888/  1275|CodeSize    5532|Addr 0x7ffadf4d13e0|Timestamp 226863915539109|Src n/a
[engine] opt done   id=1332  ProtosRootNode@68cdd1a1                            |Tier 1|Time   692(  78+614 )ms|AST   20|Inlined   0Y   0N|IR  12278/ 39563|CodeSize  193169|Addr 0x7ffadf1f7900|Timestamp 226864609855621|Src n/a
[engine] opt done   id=1333  ProtosRootNode@47182041                            |Tier 2|Time    29(   5+24  )ms|AST    2|Inlined   0Y   0N|IR    518/  1448|CodeSize    7174|Addr 0x7ffadf253ee0|Timestamp 226864690637701|Src n/a
[engine] opt done   id=1334  ProtosRootNode@411db9c3                            |Tier 2|Time   604(  63+541 )ms|AST   21|Inlined   0Y   0N|IR  10686/ 28562|CodeSize  142972|Addr 0x7ffadf25a560|Timestamp 226865295369937|Src n/a
[engine] opt done   id=1329  ProtosRootNode@65ec6ad7                            |Tier 2|Time    31(   5+26  )ms|AST    2|Inlined   0Y   0N|IR    815/   944|CodeSize    4429|Addr 0x7ffadf2df680|Timestamp 226865360891326|Src n/a
[engine] opt done   id=1330  ProtosRootNode@5f3e22eb                            |Tier 2|Time   302(  31+271 )ms|AST   11|Inlined   0Y   0N|IR   6599/ 16683|CodeSize   86122|Addr 0x7ffadf2a8060|Timestamp 226865663213859|Src n/a
[engine] opt done   id=1331  ProtosRootNode@33eceb0a                            |Tier 2|Time    22(   4+18  )ms|AST    2|Inlined   0Y   0N|IR    815/   944|CodeSize    4429|Addr 0x7ffadf6d6e00|Timestamp 226865688357257|Src n/a
[engine] opt done   id=1332  ProtosRootNode@68cdd1a1                            |Tier 2|Time   633(  73+560 )ms|AST   20|Inlined   0Y   0N|IR  12205/ 30377|CodeSize  154886|Addr 0x7ffadf2e48e0|Timestamp 226866321563745|Src n/a
[engine] opt done   id=1335  ProtosRootNode@63cd9bf2                            |Tier 1|Time    28(   4+23  )ms|AST    2|Inlined   0Y   0N|IR    888/  2671|CodeSize   13140|Addr 0x7ffadf392c40|Timestamp 226866365741847|Src n/a
[engine] opt done   id=1336  ProtosRootNode@6f39a6f8                            |Tier 1|Time  2247( 198+2049)ms|AST   49|Inlined   0Y   0N|IR  24858/ 84554|CodeSize  407104|Addr 0x7ffadf806520|Timestamp 226868612739455|Src n/a
[engine] opt done   id=1323  ProtosRootNode@1a1c3289                            |Tier 1|Time    25(   4+21  )ms|AST    2|Inlined   0Y   0N|IR    888/  1275|CodeSize    5532|Addr 0x7ffae019b860|Timestamp 226868638525465|Src n/a
[engine] opt done   id=1324  ProtosRootNode@8f27891                             |Tier 1|Time   101(  12+88  )ms|AST    7|Inlined   0Y   0N|IR   2619/  8570|CodeSize   39696|Addr 0x7ffadfabe500|Timestamp 226868739480409|Src n/a
[engine] opt done   id=1424  ProtosRootNode@1ba7387                             |Tier 1|Time    26(   7+19  )ms|AST    2|Inlined   0Y   0N|IR    591/  1658|CodeSize    7561|Addr 0x7ffadf45c3a0|Timestamp 226868911986916|Src n/a
[engine] opt done   id=1425  ProtosRootNode@2896ee4d                            |Tier 1|Time   548(  68+481 )ms|AST   21|Inlined   0Y   0N|IR  10759/ 37449|CodeSize  175728|Addr 0x7ffadf462a00|Timestamp 226869462155462|Src n/a
[engine] opt done   id=1420  ProtosRootNode@5df8e8f4                            |Tier 1|Time    14(   5+10  )ms|AST    2|Inlined   0Y   0N|IR    888/  1275|CodeSize    5532|Addr 0x7ffae054c4e0|Timestamp 226869494374666|Src n/a
[engine] opt done   id=1421  ProtosRootNode@7d5ae61c                            |Tier 1|Time   300(  36+264 )ms|AST   11|Inlined   0Y   0N|IR   6672/ 21460|CodeSize  104171|Addr 0x7ffadf4a8040|Timestamp 226869794755958|Src n/a
[engine] opt done   id=1422  ProtosRootNode@482e9803                            |Tier 1|Time    14(   4+9   )ms|AST    2|Inlined   0Y   0N|IR    888/  1275|CodeSize    5532|Addr 0x7ffadf4a42e0|Timestamp 226869818814855|Src n/a
[engine] opt done   id=1423  ProtosRootNode@6bd1e575                            |Tier 1|Time   721(  72+649 )ms|AST   20|Inlined   0Y   0N|IR  12278/ 39563|CodeSize  193169|Addr 0x7ffadf4d6d00|Timestamp 226870540239958|Src n/a
[engine] opt done   id=1424  ProtosRootNode@1ba7387                             |Tier 2|Time    19(   3+16  )ms|AST    2|Inlined   0Y   0N|IR    518/  1448|CodeSize    7174|Addr 0x7ffadf976560|Timestamp 226870593256007|Src n/a
[engine] opt done   id=1425  ProtosRootNode@2896ee4d                            |Tier 2|Time   586(  80+506 )ms|AST   21|Inlined   0Y   0N|IR  10686/ 28562|CodeSize  142972|Addr 0x7ffadffd4860|Timestamp 226871179058679|Src n/a
[engine] opt done   id=1420  ProtosRootNode@5df8e8f4                            |Tier 2|Time    17(   4+12  )ms|AST    2|Inlined   0Y   0N|IR    815/   944|CodeSize    4429|Addr 0x7ffadf68dc80|Timestamp 226871231548638|Src n/a
[engine] opt done   id=1421  ProtosRootNode@7d5ae61c                            |Tier 2|Time   323(  40+283 )ms|AST   11|Inlined   0Y   0N|IR   6599/ 16683|CodeSize   86122|Addr 0x7ffadfbd55e0|Timestamp 226871554876606|Src n/a
[engine] opt done   id=1422  ProtosRootNode@482e9803                            |Tier 2|Time    22(   5+17  )ms|AST    2|Inlined   0Y   0N|IR    815/   944|CodeSize    4429|Addr 0x7ffadfbd2400|Timestamp 226871579413885|Src n/a
[engine] opt done   id=1423  ProtosRootNode@6bd1e575                            |Tier 2|Time   649(  68+581 )ms|AST   20|Inlined   0Y   0N|IR  12205/ 30377|CodeSize  154886|Addr 0x7ffadf58ece0|Timestamp 226872228872064|Src n/a
[engine] opt done   id=1426  ProtosRootNode@640d34d5                            |Tier 1|Time    28(   4+24  )ms|AST    2|Inlined   0Y   0N|IR    888/  2671|CodeSize   13140|Addr 0x7ffadf5cd7c0|Timestamp 226872273632247|Src n/a
[engine] opt done   id=1427  ProtosRootNode@5028a25                             |Tier 1|Time  2268( 186+2081)ms|AST   49|Inlined   0Y   0N|IR  24858/ 84554|CodeSize  407104|Addr 0x7ffae0b57f20|Timestamp 226874541726430|Src n/a
[engine] opt done   id=1414  ProtosRootNode@37bc5e0b                            |Tier 1|Time    14(   5+10  )ms|AST    2|Inlined   0Y   0N|IR    888/  1275|CodeSize    5532|Addr 0x7ffadf8b3060|Timestamp 226874587063604|Src n/a
[engine] opt done   id=1415  ProtosRootNode@2bf1c11                             |Tier 1|Time    88(  14+73  )ms|AST    7|Inlined   0Y   0N|IR   2619/  8570|CodeSize   39696|Addr 0x7ffadfefa780|Timestamp 226874677190140|Src n/a
[engine] opt done   id=1515  ProtosRootNode@423ccc51                            |Tier 1|Time    19(   7+12  )ms|AST    2|Inlined   0Y   0N|IR    591/  1658|CodeSize    7561|Addr 0x7ffadfad0420|Timestamp 226874841904342|Src n/a
[engine] opt done   id=1516  ProtosRootNode@bb6f43c                             |Tier 1|Time   509(  61+447 )ms|AST   21|Inlined   0Y   0N|IR  10759/ 37449|CodeSize  175728|Addr 0x7ffadf693500|Timestamp 226875351182907|Src n/a
[engine] opt done   id=1511  ProtosRootNode@46a1611e                            |Tier 1|Time    15(   4+10  )ms|AST    2|Inlined   0Y   0N|IR    888/  1275|CodeSize    5532|Addr 0x7ffae0128760|Timestamp 226875385522643|Src n/a
[engine] opt done   id=1512  ProtosRootNode@555b9731                            |Tier 1|Time   277(  31+246 )ms|AST   11|Inlined   0Y   0N|IR   6672/ 21460|CodeSize  104171|Addr 0x7ffadf901440|Timestamp 226875662934127|Src n/a
[engine] opt done   id=1513  ProtosRootNode@7014b703                            |Tier 1|Time    22(   9+13  )ms|AST    2|Inlined   0Y   0N|IR    888/  1275|CodeSize    5532|Addr 0x7ffadf8fd6e0|Timestamp 226875685613974|Src n/a
[engine] opt done   id=1514  ProtosRootNode@53c86bf6                            |Tier 1|Time   607(  71+535 )ms|AST   20|Inlined   0Y   0N|IR  12278/ 39563|CodeSize  193169|Addr 0x7ffadf92c600|Timestamp 226876292782872|Src n/a
[engine] opt done   id=1515  ProtosRootNode@423ccc51                            |Tier 2|Time    19(   3+15  )ms|AST    2|Inlined   0Y   0N|IR    518/  1448|CodeSize    7174|Addr 0x7ffae03446e0|Timestamp 226876360612132|Src n/a
[engine] opt done   id=1516  ProtosRootNode@bb6f43c                             |Tier 2|Time   564(  63+501 )ms|AST   21|Inlined   0Y   0N|IR  10686/ 28562|CodeSize  142972|Addr 0x7ffadfb9b160|Timestamp 226876924976068|Src n/a
[engine] opt done   id=1511  ProtosRootNode@46a1611e                            |Tier 2|Time    16(   4+12  )ms|AST    2|Inlined   0Y   0N|IR    815/   944|CodeSize    4429|Addr 0x7ffadfb97400|Timestamp 226876985634163|Src n/a
[engine] opt done   id=1512  ProtosRootNode@555b9731                            |Tier 2|Time   329(  35+294 )ms|AST   11|Inlined   0Y   0N|IR   6599/ 16683|CodeSize   86122|Addr 0x7ffadf56b360|Timestamp 226877330516918|Src n/a
[engine] opt done   id=1513  ProtosRootNode@7014b703                            |Tier 2|Time    26(   5+21  )ms|AST    2|Inlined   0Y   0N|IR    815/   944|CodeSize    4429|Addr 0x7ffae0560c00|Timestamp 226877359134469|Src n/a
[engine] opt done   id=1514  ProtosRootNode@53c86bf6                            |Tier 2|Time   639(  78+560 )ms|AST   20|Inlined   0Y   0N|IR  12205/ 30377|CodeSize  154886|Addr 0x7ffadf9dba60|Timestamp 226877998011690|Src n/a
[engine] opt done   id=1517  ProtosRootNode@17ae3189                            |Tier 1|Time    28(   4+24  )ms|AST    2|Inlined   0Y   0N|IR    888/  2671|CodeSize   13140|Addr 0x7ffadfc356c0|Timestamp 226878042724113|Src n/a
[engine] opt done   id=1518  ProtosRootNode@31a55dfe                            |Tier 1|Time  2201( 274+1927)ms|AST   49|Inlined   0Y   0N|IR  24858/ 84554|CodeSize  407104|Addr 0x7ffadf5e0220|Timestamp 226880245637748|Src n/a
[engine] opt done   id=1505  ProtosRootNode@dd51127                             |Tier 1|Time    38(   8+30  )ms|AST    2|Inlined   0Y   0N|IR    888/  1275|CodeSize    5532|Addr 0x7ffadf5d8760|Timestamp 226880286182718|Src n/a
[engine] opt done   id=1506  ProtosRootNode@7821286d                            |Tier 1|Time    82(  12+70  )ms|AST    7|Inlined   0Y   0N|IR   2619/  8570|CodeSize   39696|Addr 0x7ffae0117200|Timestamp 226880368890329|Src n/a
[engine] opt done   id=1606  ProtosRootNode@24151201                            |Tier 1|Time    32(  10+21  )ms|AST    2|Inlined   0Y   0N|IR    591/  1658|CodeSize    7561|Addr 0x7ffadf566ca0|Timestamp 226880546629920|Src n/a
[engine] opt done   id=1607  ProtosRootNode@182b6049                            |Tier 1|Time   547(  72+475 )ms|AST   21|Inlined   0Y   0N|IR  10759/ 37449|CodeSize  175728|Addr 0x7ffae0b11300|Timestamp 226881093908734|Src n/a
[engine] opt done   id=1602  ProtosRootNode@41dab126                            |Tier 1|Time    14(   4+10  )ms|AST    2|Inlined   0Y   0N|IR    888/  1275|CodeSize    5532|Addr 0x7ffadfe52fe0|Timestamp 226881125483427|Src n/a
[engine] opt done   id=1603  ProtosRootNode@525eb381                            |Tier 1|Time   276(  32+244 )ms|AST   11|Inlined   0Y   0N|IR   6672/ 21460|CodeSize  104171|Addr 0x7ffae05af840|Timestamp 226881401580101|Src n/a
[engine] opt done   id=1604  ProtosRootNode@14bcc0c6                            |Tier 1|Time    14(   5+9   )ms|AST    2|Inlined   0Y   0N|IR    888/  1275|CodeSize    5532|Addr 0x7ffae05abae0|Timestamp 226881416235522|Src n/a
[engine] opt done   id=1605  ProtosRootNode@39d18247                            |Tier 1|Time   633(  74+559 )ms|AST   20|Inlined   0Y   0N|IR  12278/ 39563|CodeSize  193169|Addr 0x7ffae01a1700|Timestamp 226882051073220|Src n/a
[engine] opt done   id=1606  ProtosRootNode@24151201                            |Tier 2|Time    20(   4+16  )ms|AST    2|Inlined   0Y   0N|IR    518/  1448|CodeSize    7174|Addr 0x7ffadfe4fa60|Timestamp 226882121632382|Src n/a
[engine] opt done   id=1607  ProtosRootNode@182b6049                            |Tier 2|Time   620(  64+556 )ms|AST   21|Inlined   0Y   0N|IR  10686/ 28562|CodeSize  142972|Addr 0x7ffadf52c0e0|Timestamp 226882742280550|Src n/a
[engine] opt done   id=1602  ProtosRootNode@41dab126                            |Tier 2|Time    32(   5+27  )ms|AST    2|Inlined   0Y   0N|IR    815/   944|CodeSize    4429|Addr 0x7ffadf528380|Timestamp 226882811136451|Src n/a
[engine] opt done   id=1603  ProtosRootNode@525eb381                            |Tier 2|Time   305(  31+273 )ms|AST   11|Inlined   0Y   0N|IR   6599/ 16683|CodeSize   86122|Addr 0x7ffadf7710e0|Timestamp 226883115970056|Src n/a
[engine] opt done   id=1604  ProtosRootNode@14bcc0c6                            |Tier 2|Time    21(   4+17  )ms|AST    2|Inlined   0Y   0N|IR    815/   944|CodeSize    4429|Addr 0x7ffae055cb80|Timestamp 226883139831753|Src n/a
[engine] opt done   id=1605  ProtosRootNode@39d18247                            |Tier 2|Time  1016( 187+829 )ms|AST   20|Inlined   0Y   0N|IR  12205/ 30377|CodeSize  154886|Addr 0x7ffadfbf90e0|Timestamp 226884157929644|Src n/a
[engine] opt done   id=1608  ProtosRootNode@4fc8025b                            |Tier 1|Time    21(   4+17  )ms|AST    2|Inlined   0Y   0N|IR    888/  2671|CodeSize   13140|Addr 0x7ffae0556fc0|Timestamp 226884196194012|Src n/a
[engine] opt done   id=1609  ProtosRootNode@75cbdd87                            |Tier 1|Time  2245( 227+2018)ms|AST   49|Inlined   0Y   0N|IR  24858/ 84554|CodeSize  407104|Addr 0x7ffadfe5e220|Timestamp 226886442950110|Src n/a
[engine] opt done   id=1596  ProtosRootNode@891c13                              |Tier 1|Time    27(   4+23  )ms|AST    2|Inlined   0Y   0N|IR    888/  1275|CodeSize    5532|Addr 0x7ffadfe56760|Timestamp 226886470933900|Src n/a
[engine] opt done   id=1597  ProtosRootNode@3a57f971                            |Tier 1|Time    85(  12+73  )ms|AST    7|Inlined   0Y   0N|IR   2619/  8570|CodeSize   39696|Addr 0x7ffadf43bd00|Timestamp 226886556191593|Src n/a
[engine] opt done   id=1697  ProtosRootNode@442e30a8                            |Tier 1|Time    27(   7+20  )ms|AST    2|Inlined   0Y   0N|IR    591/  1658|CodeSize    7561|Addr 0x7ffae0553720|Timestamp 226886728911641|Src n/a
[engine] opt done   id=1698  ProtosRootNode@5c4d4af6                            |Tier 1|Time   616( 119+497 )ms|AST   21|Inlined   0Y   0N|IR  10759/ 37449|CodeSize  175728|Addr 0x7ffadf8bbb00|Timestamp 226887346544476|Src n/a
[engine] opt done   id=1693  ProtosRootNode@79698bc9                            |Tier 1|Time    14(   4+10  )ms|AST    2|Inlined   0Y   0N|IR    888/  1275|CodeSize    5532|Addr 0x7ffadf8b7160|Timestamp 226887379702521|Src n/a
[engine] opt done   id=1694  ProtosRootNode@6e99fcd6                            |Tier 1|Time   286(  35+250 )ms|AST   11|Inlined   0Y   0N|IR   6672/ 21460|CodeSize  104171|Addr 0x7ffae0201840|Timestamp 226887665738522|Src n/a
[engine] opt done   id=1695  ProtosRootNode@650ce52d                            |Tier 1|Time    14(   4+9   )ms|AST    2|Inlined   0Y   0N|IR    888/  1275|CodeSize    5532|Addr 0x7ffae01fdae0|Timestamp 226887700589717|Src n/a
[engine] opt done   id=1696  ProtosRootNode@dcc655d                             |Tier 1|Time   679(  71+608 )ms|AST   20|Inlined   0Y   0N|IR  12278/ 39563|CodeSize  193169|Addr 0x7ffadf98eb80|Timestamp 226888380067318|Src n/a
[engine] opt done   id=1697  ProtosRootNode@442e30a8                            |Tier 2|Time    19(   4+15  )ms|AST    2|Inlined   0Y   0N|IR    518/  1448|CodeSize    7174|Addr 0x7ffae01fa5e0|Timestamp 226888435915960|Src n/a
[engine] opt done   id=1698  ProtosRootNode@5c4d4af6                            |Tier 2|Time   564(  77+487 )ms|AST   21|Inlined   0Y   0N|IR  10686/ 28562|CodeSize  142972|Addr 0x7ffadfe191e0|Timestamp 226889000199366|Src n/a
[engine] opt done   id=1693  ProtosRootNode@79698bc9                            |Tier 2|Time    16(   4+12  )ms|AST    2|Inlined   0Y   0N|IR    815/   944|CodeSize    4429|Addr 0x7ffae054f000|Timestamp 226889053072465|Src n/a
[engine] opt done   id=1694  ProtosRootNode@6e99fcd6                            |Tier 2|Time   326(  42+285 )ms|AST   11|Inlined   0Y   0N|IR   6599/ 16683|CodeSize   86122|Addr 0x7ffadfaf9960|Timestamp 226889383769529|Src n/a
[engine] opt done   id=1695  ProtosRootNode@650ce52d                            |Tier 2|Time    21(   4+17  )ms|AST    2|Inlined   0Y   0N|IR    815/   944|CodeSize    4429|Addr 0x7ffadfe14f80|Timestamp 226889407547816|Src n/a
[engine] opt done   id=1696  ProtosRootNode@dcc655d                             |Tier 2|Time   655(  69+586 )ms|AST   20|Inlined   0Y   0N|IR  12205/ 30377|CodeSize  154886|Addr 0x7ffae0353160|Timestamp 226890063179320|Src n/a
[engine] opt done   id=1699  ProtosRootNode@35f53455                            |Tier 1|Time    28(   4+24  )ms|AST    2|Inlined   0Y   0N|IR    888/  2671|CodeSize   13140|Addr 0x7ffae034b740|Timestamp 226890107810783|Src n/a
[engine] opt done   id=1700  ProtosRootNode@23f0dc6f                            |Tier 1|Time  2137( 174+1963)ms|AST   49|Inlined   0Y   0N|IR  24858/ 84554|CodeSize  407104|Addr 0x7ffae04b4120|Timestamp 226892247161140|Src n/a
[engine] opt done   id=1687  ProtosRootNode@397abc6f                            |Tier 1|Time    25(   8+17  )ms|AST    2|Inlined   0Y   0N|IR    888/  1275|CodeSize    5532|Addr 0x7ffadfe127e0|Timestamp 226892334532445|Src n/a
[engine] opt done   id=1688  ProtosRootNode@22c8ea96                            |Tier 1|Time    82(  13+70  )ms|AST    7|Inlined   0Y   0N|IR   2619/  8570|CodeSize   39696|Addr 0x7ffadf8a1980|Timestamp 226892417076976|Src n/a
[engine] opt done   id=1788  ProtosRootNode@4c458b4c                            |Tier 1|Time    28(   7+20  )ms|AST    2|Inlined   0Y   0N|IR    591/  1658|CodeSize    7561|Addr 0x7ffae04ab7a0|Timestamp 226892593635996|Src n/a
[engine] opt done   id=1789  ProtosRootNode@35edb413                            |Tier 1|Time   536(  61+475 )ms|AST   21|Inlined   0Y   0N|IR  10759/ 37449|CodeSize  175728|Addr 0x7ffae056a180|Timestamp 226893129862922|Src n/a
[engine] opt done   id=1784  ProtosRootNode@7ce46794                            |Tier 1|Time    14(   4+9   )ms|AST    2|Inlined   0Y   0N|IR    888/  1275|CodeSize    5532|Addr 0x7ffae05657e0|Timestamp 226893163035746|Src n/a
[engine] opt done   id=1785  ProtosRootNode@457252c1                            |Tier 1|Time   289(  43+246 )ms|AST   11|Inlined   0Y   0N|IR   6672/ 21460|CodeSize  104171|Addr 0x7ffadff2abc0|Timestamp 226893453631360|Src n/a
[engine] opt done   id=1786  ProtosRootNode@7ef28b94                            |Tier 1|Time    13(   4+9   )ms|AST    2|Inlined   0Y   0N|IR    888/  1275|CodeSize    5532|Addr 0x7ffadfe0ffe0|Timestamp 226893467687871|Src n/a
[engine] opt done   id=1787  ProtosRootNode@651628c4                            |Tier 1|Time   664(  73+590 )ms|AST   20|Inlined   0Y   0N|IR  12278/ 39563|CodeSize  193169|Addr 0x7ffae0025b80|Timestamp 226894133190501|Src n/a
[engine] opt done   id=1788  ProtosRootNode@4c458b4c                            |Tier 2|Time    19(   4+15  )ms|AST    2|Inlined   0Y   0N|IR    518/  1448|CodeSize    7174|Addr 0x7ffae01f7060|Timestamp 226894204200944|Src n/a
[engine] opt done   id=1789  ProtosRootNode@35edb413                            |Tier 2|Time   608(  63+544 )ms|AST   21|Inlined   0Y   0N|IR  10686/ 28562|CodeSize  142972|Addr 0x7ffadf7c8be0|Timestamp 226894812379572|Src n/a
[engine] opt done   id=1784  ProtosRootNode@7ce46794                            |Tier 2|Time    32(   5+26  )ms|AST    2|Inlined   0Y   0N|IR    815/   944|CodeSize    4429|Addr 0x7ffae01f4e00|Timestamp 226894880893933|Src n/a
[engine] opt done   id=1785  ProtosRootNode@457252c1                            |Tier 2|Time   304(  31+273 )ms|AST   11|Inlined   0Y   0N|IR   6599/ 16683|CodeSize   86122|Addr 0x7ffadfad70e0|Timestamp 226895185135017|Src n/a
[engine] opt done   id=1786  ProtosRootNode@7ef28b94                            |Tier 2|Time    21(   4+17  )ms|AST    2|Inlined   0Y   0N|IR    815/   944|CodeSize    4429|Addr 0x7ffae01f2c80|Timestamp 226895209234085|Src n/a
[engine] opt done   id=1787  ProtosRootNode@651628c4                            |Tier 2|Time   647(  74+573 )ms|AST   20|Inlined   0Y   0N|IR  12205/ 30377|CodeSize  154886|Addr 0x7ffae015f0e0|Timestamp 226895856696132|Src n/a
[engine] opt done   id=1790  ProtosRootNode@4625585e                            |Tier 1|Time    28(   4+24  )ms|AST    2|Inlined   0Y   0N|IR    888/  2671|CodeSize   13140|Addr 0x7ffae0bfcbc0|Timestamp 226895902174636|Src n/a
[engine] opt done   id=1791  ProtosRootNode@39f14dd2                            |Tier 1|Time  2230( 182+2049)ms|AST   49|Inlined   0Y   0N|IR  24858/ 84554|CodeSize  407104|Addr 0x7ffadfa25620|Timestamp 226898132985831|Src n/a
[engine] opt done   id=1778  ProtosRootNode@477c742b                            |Tier 1|Time    39(   4+35  )ms|AST    2|Inlined   0Y   0N|IR    888/  1275|CodeSize    5532|Addr 0x7ffae01f04e0|Timestamp 226898173221991|Src n/a
[engine] opt done   id=1779  ProtosRootNode@4a574c56                            |Tier 1|Time    94(  20+74  )ms|AST    7|Inlined   0Y   0N|IR   2619/  8570|CodeSize   39696|Addr 0x7ffadf97ce00|Timestamp 226898267389230|Src n/a
[engine] opt done   id=1879  ProtosRootNode@6f18ee19                            |Tier 1|Time    29(   7+22  )ms|AST    2|Inlined   0Y   0N|IR    591/  1658|CodeSize    7561|Addr 0x7ffadfa1cca0|Timestamp 226898440548848|Src n/a
[engine] opt done   id=1880  ProtosRootNode@4033218d                            |Tier 1|Time   581(  99+482 )ms|AST   21|Inlined   0Y   0N|IR  10759/ 37449|CodeSize  175728|Addr 0x7ffae0a1cf00|Timestamp 226899021943066|Src n/a
[engine] opt done   id=1875  ProtosRootNode@22ec041a                            |Tier 1|Time    20(   4+15  )ms|AST    2|Inlined   0Y   0N|IR    888/  1275|CodeSize    5532|Addr 0x7ffadf979de0|Timestamp 226899043437392|Src n/a
[engine] opt done   id=1876  ProtosRootNode@6c286995                            |Tier 1|Time   284(  37+247 )ms|AST   11|Inlined   0Y   0N|IR   6672/ 21460|CodeSize  104171|Addr 0x7ffae01351c0|Timestamp 226899327734852|Src n/a
[engine] opt done   id=1877  ProtosRootNode@3b9915dc                            |Tier 1|Time    14(   4+10  )ms|AST    2|Inlined   0Y   0N|IR    888/  1275|CodeSize    5532|Addr 0x7ffadfa1a460|Timestamp 226899354398132|Src n/a
[engine] opt done   id=1878  ProtosRootNode@3c8e2567                            |Tier 1|Time   766( 138+627 )ms|AST   20|Inlined   0Y   0N|IR  12278/ 39563|CodeSize  193169|Addr 0x7ffadf70a600|Timestamp 226900120374977|Src n/a
[engine] opt done   id=1879  ProtosRootNode@6f18ee19                            |Tier 2|Time    19(   3+16  )ms|AST    2|Inlined   0Y   0N|IR    518/  1448|CodeSize    7174|Addr 0x7ffae0130760|Timestamp 226900180168770|Src n/a
[engine] opt done   id=1880  ProtosRootNode@4033218d                            |Tier 2|Time   579(  78+501 )ms|AST   21|Inlined   0Y   0N|IR  10686/ 28562|CodeSize  142972|Addr 0x7ffadfb60be0|Timestamp 226900759080367|Src n/a
[engine] opt done   id=1875  ProtosRootNode@22ec041a                            |Tier 2|Time    17(   4+13  )ms|AST    2|Inlined   0Y   0N|IR    815/   944|CodeSize    4429|Addr 0x7ffadfa18280|Timestamp 226900810801326|Src n/a
[engine] opt done   id=1876  ProtosRootNode@6c286995                            |Tier 2|Time   328(  41+287 )ms|AST   11|Inlined   0Y   0N|IR   6599/ 16683|CodeSize   86122|Addr 0x7ffadf6e65e0|Timestamp 226901139143918|Src n/a
[engine] opt done   id=1877  ProtosRootNode@3b9915dc                            |Tier 2|Time    21(   4+17  )ms|AST    2|Inlined   0Y   0N|IR    815/   944|CodeSize    4429|Addr 0x7ffae012e500|Timestamp 226901163114545|Src n/a
[engine] opt done   id=1878  ProtosRootNode@3c8e2567                            |Tier 2|Time   660(  69+591 )ms|AST   20|Inlined   0Y   0N|IR  12205/ 30377|CodeSize  154886|Addr 0x7ffadfb23060|Timestamp 226901823624942|Src n/a
[engine] opt done   id=1881  ProtosRootNode@7e11f845                            |Tier 1|Time    28(   4+24  )ms|AST    2|Inlined   0Y   0N|IR    888/  2671|CodeSize   13140|Addr 0x7ffadf6df9c0|Timestamp 226901879996924|Src n/a
[engine] opt done   id=1882  ProtosRootNode@1b4d0b06                            |Tier 1|Time  2409( 172+2236)ms|AST   49|Inlined   0Y   0N|IR  24858/ 84554|CodeSize  407104|Addr 0x7ffae007e720|Timestamp 226904288993870|Src n/a
[engine] opt done   id=1869  ProtosRootNode@5083b19                             |Tier 1|Time    14(   4+9   )ms|AST    2|Inlined   0Y   0N|IR    888/  1275|CodeSize    5532|Addr 0x7ffae012bae0|Timestamp 226904330726921|Src n/a
[engine] opt done   id=1870  ProtosRootNode@787cb7d0                            |Tier 1|Time    85(  13+72  )ms|AST    7|Inlined   0Y   0N|IR   2619/  8570|CodeSize   39696|Addr 0x7ffae0013e00|Timestamp 226904415704144|Src n/a
