WARMUP	1	19187487561	528
WARMUP	2	11989959971	528
WARMUP	3	12434328797	528
WARMUP	4	12002969981	528
WARMUP	5	10649985921	528
WARMUP	6	11020595494	528
WARMUP	7	10694824088	528
WARMUP	8	10748641765	528
WARMUP	9	10129061371	528
WARMUP	10	12282262216	528
WARMUP	11	10082029281	528
WARMUP	12	10342346812	528
WARMUP	13	11029463847	528
WARMUP	14	10762099946	528
WARMUP	15	10950230843	528
WARMUP	16	10952940813	528
WARMUP	17	11084474778	528
WARMUP	18	10538646950	528
WARMUP	19	10715556139	528
WARMUP	20	11218763789	528
