[To redirect Truffle log output to a file use one of the following options:
* '--log.file=<path>' if the option is passed using a guest language launcher.
* '-Dpolyglot.log.file=<path>' if the option is passed using the host Java launcher.
* Configure logging using the polyglot embedding API.]
[engine] opt done   id=150   ProtosRootNode@357886aa                            |Tier 1|Time    97(  68+29  )ms|AST    2|Inlined   0Y   0N|IR    591/  1658|CodeSize    7561|Addr 0x7fb74f15eb20|Timestamp 226551471253415|Src n/a
[engine] opt done   id=151   ProtosRootNode@25bfaa92                            |Tier 1|Time  3241( 240+3001)ms|AST   21|Inlined   0Y   0N|IR  20851/ 81773|CodeSize  436754|Addr 0x7fb74f16e220|Timestamp 226554718945016|Src n/a
[engine] opt done   id=146   ProtosRootNode@147f905f                            |Tier 1|Time    44(  13+30  )ms|AST    2|Inlined   0Y   0N|IR    888/  1275|CodeSize    5532|Addr 0x7fb74f214ee0|Timestamp 226554876838874|Src n/a
[engine] opt done   id=147   ProtosRootNode@3f5e7116                            |Tier 1|Time  1327( 158+1169)ms|AST   11|Inlined   0Y   0N|IR  10711/ 39220|CodeSize  206041|Addr 0x7fb74f21b240|Timestamp 226556207579346|Src n/a
[engine] opt done   id=103   ProtosRootNode@357361a7                            |Tier 1|Time    46(   7+39  )ms|AST    2|Inlined   0Y   0N|IR    591/  1658|CodeSize    7561|Addr 0x7fb74f26b4a0|Timestamp 226556258354064|Src n/a
[engine] opt done   id=104   ProtosRootNode@2d59667a                            |Tier 1|Time   486(  69+417 )ms|AST    6|Inlined   0Y   0N|IR   5217/ 19409|CodeSize  101975|Addr 0x7fb74f2704a0|Timestamp 226556745909347|Src n/a
[engine] opt done   id=148   ProtosRootNode@6b6f0985                            |Tier 1|Time    27(  12+15  )ms|AST    2|Inlined   0Y   0N|IR    888/  1275|CodeSize    5532|Addr 0x7fb74f297be0|Timestamp 226556775104259|Src n/a
[engine] opt done   id=149   ProtosRootNode@42b0cbb1                            |Tier 1|Time  2872( 239+2633)ms|AST   20|Inlined   0Y   0N|IR  20353/ 75041|CodeSize  397465|Addr 0x7fb74f29ff40|Timestamp 226559648450781|Src n/a
[engine] opt done   id=150   ProtosRootNode@357886aa                            |Tier 2|Time    64(   7+57  )ms|AST    2|Inlined   0Y   0N|IR    518/  1448|CodeSize    7174|Addr 0x7fb74f346a60|Timestamp 226560040821383|Src n/a
[engine] opt done   id=151   ProtosRootNode@25bfaa92                            |Tier 2|Time  3014( 269+2745)ms|AST   21|Inlined   0Y   0N|IR  20778/ 68815|CodeSize  387532|Addr 0x7fb74f3564a0|Timestamp 226563059103293|Src n/a
[engine] opt done   id=146   ProtosRootNode@147f905f                            |Tier 2|Time    42(  11+31  )ms|AST    2|Inlined   0Y   0N|IR    815/   944|CodeSize    4429|Addr 0x7fb74f3ed180|Timestamp 226563316870265|Src n/a
[engine] opt done   id=147   ProtosRootNode@3f5e7116                            |Tier 2|Time  1108( 192+916 )ms|AST   11|Inlined   0Y   0N|IR  10638/ 32814|CodeSize  176872|Addr 0x7fb74f3ff1e0|Timestamp 226564427654123|Src n/a
[engine] opt done   id=103   ProtosRootNode@357361a7                            |Tier 2|Time    49(   6+43  )ms|AST    2|Inlined   0Y   0N|IR    518/  1448|CodeSize    7174|Addr 0x7fb74f442960|Timestamp 226564477947100|Src n/a
[engine] opt done   id=104   ProtosRootNode@2d59667a                            |Tier 2|Time   430(  63+367 )ms|AST    6|Inlined   0Y   0N|IR   5144/ 16227|CodeSize   85747|Addr 0x7fb74f449260|Timestamp 226564909906522|Src n/a
[engine] opt done   id=148   ProtosRootNode@6b6f0985                            |Tier 2|Time    45(   9+35  )ms|AST    2|Inlined   0Y   0N|IR    815/   944|CodeSize    4429|Addr 0x7fb74f46ca00|Timestamp 226564964545753|Src n/a
[engine] opt done   id=149   ProtosRootNode@42b0cbb1                            |Tier 2|Time  2161( 167+1995)ms|AST   20|Inlined   0Y   0N|IR  20280/ 62658|CodeSize  342484|Addr 0x7fb74f476e80|Timestamp 226567129665546|Src n/a
[engine] opt done   id=101   ProtosRootNode@a097fde                             |Tier 1|Time    38(   9+29  )ms|AST    2|Inlined   0Y   0N|IR    591/  1658|CodeSize    7561|Addr 0x7fb74f4fa6a0|Timestamp 226567272681243|Src n/a
[engine] opt done   id=102   ProtosRootNode@676a4c93                            |Tier 1|Time   706(  74+632 )ms|AST    9|Inlined   0Y   0N|IR   7951/ 31452|CodeSize  167494|Addr 0x7fb74f5023c0|Timestamp 226567979756790|Src n/a
[engine] opt done   id=99    ProtosRootNode@29a38f5b                            |Tier 1|Time    27(   8+19  )ms|AST    2|Inlined   0Y   0N|IR    888/  1275|CodeSize    5532|Addr 0x7fb74f5417e0|Timestamp 226568028063866|Src n/a
[engine] opt done   id=100   ProtosRootNode@76c772d8                            |Tier 1|Time  1192( 148+1043)ms|AST   13|Inlined   0Y   0N|IR  12899/ 48349|CodeSize  260527|Addr 0x7fb74f547820|Timestamp 226569221170004|Src n/a
[engine] opt done   id=105   ProtosRootNode@2ae9b9f9                            |Tier 1|Time    24(   5+19  )ms|AST    2|Inlined   0Y   0N|IR    888/  1275|CodeSize    5532|Addr 0x7fb74f5aaee0|Timestamp 226569246588424|Src n/a
[engine] opt done   id=106   ProtosRootNode@2dfed919                            |Tier 1|Time   406(  34+372 )ms|AST    9|Inlined   0Y   0N|IR   6486/ 23741|CodeSize  126115|Addr 0x7fb74f5aeda0|Timestamp 226569653333766|Src n/a
[engine] opt done   id=152   ProtosRootNode@4e04aa5a                            |Tier 1|Time    26(   5+22  )ms|AST    2|Inlined   0Y   0N|IR    888/  2671|CodeSize   13140|Addr 0x7fb74f5e0ac0|Timestamp 226569704933955|Src n/a
[engine] opt failed id=153   ProtosRootNode@41dfe7a4                            |Tier 1|Time   57(-226569706+226569763)ms|Reason: jdk.graal.compiler.truffle.GraphTooBigBailoutException: Graph too big to safely compile. Node count: 50681. Graph Size: 150026. Limit: 150000.|Timestamp 226569763514399|Src n/a
[engine] opt failed id=153   ProtosRootNode@41dfe7a4                            |Tier 1|Time  102(-226569765+226569867)ms|Reason: jdk.graal.compiler.truffle.GraphTooBigBailoutException: Graph too big to safely compile. Node count: 50681. Graph Size: 150026. Limit: 150000.|Timestamp 226569868584127|Src n/a
[engine] opt done   id=140   ProtosRootNode@12905ad6                            |Tier 1|Time    30(  10+20  )ms|AST    2|Inlined   0Y   0N|IR    888/  1275|CodeSize    5532|Addr 0x7fb74f5ebf60|Timestamp 226569901286781|Src n/a
[engine] opt done   id=141   ProtosRootNode@1d713e12                            |Tier 1|Time   228(  30+198 )ms|AST    7|Inlined   0Y   0N|IR   4642/ 17482|CodeSize   90120|Addr 0x7fb74f5f0c80|Timestamp 226570129310331|Src n/a
[engine] opt done   id=241   ProtosRootNode@45990d79                            |Tier 1|Time    27(   8+19  )ms|AST    2|Inlined   0Y   0N|IR    591/  1658|CodeSize    7561|Addr 0x7fb74f629d20|Timestamp 226570466214752|Src n/a
[engine] opt done   id=242   ProtosRootNode@1ffd7dec                            |Tier 1|Time  2244( 149+2096)ms|AST   21|Inlined   0Y   0N|IR  20851/ 81773|CodeSize  436754|Addr 0x7fb74f632a20|Timestamp 226572711123495|Src n/a
[engine] opt done   id=237   ProtosRootNode@2d8a4944                            |Tier 1|Time    30(   8+22  )ms|AST    2|Inlined   0Y   0N|IR    888/  1275|CodeSize    5532|Addr 0x7fb74f6d79e0|Timestamp 226572770929329|Src n/a
[engine] opt done   id=238   ProtosRootNode@3329a4c                             |Tier 1|Time   786( 100+685 )ms|AST   11|Inlined   0Y   0N|IR  10711/ 39220|CodeSize  206041|Addr 0x7fb74f6e3940|Timestamp 226573557520935|Src n/a
[engine] opt done   id=239   ProtosRootNode@71affdbb                            |Tier 1|Time    14(   5+10  )ms|AST    2|Inlined   0Y   0N|IR    888/  1275|CodeSize    5532|Addr 0x7fb74f7341e0|Timestamp 226573596155624|Src n/a
[engine] opt done   id=240   ProtosRootNode@7caa8e87                            |Tier 1|Time  2099( 159+1940)ms|AST   20|Inlined   0Y   0N|IR  20353/ 75041|CodeSize  397465|Addr 0x7fb74f73bf40|Timestamp 226575695483968|Src n/a
[engine] opt done   id=241   ProtosRootNode@45990d79                            |Tier 2|Time    19(   4+15  )ms|AST    2|Inlined   0Y   0N|IR    518/  1448|CodeSize    7174|Addr 0x7fb74f7d69e0|Timestamp 226575838684224|Src n/a
[engine] opt done   id=242   ProtosRootNode@1ffd7dec                            |Tier 2|Time  2128( 146+1982)ms|AST   21|Inlined   0Y   0N|IR  20778/ 68815|CodeSize  387532|Addr 0x7fb74f7de520|Timestamp 226577967411460|Src n/a
[engine] opt done   id=237   ProtosRootNode@2d8a4944                            |Tier 2|Time    29(   9+19  )ms|AST    2|Inlined   0Y   0N|IR    815/   944|CodeSize    4429|Addr 0x7fb74f872500|Timestamp 226578122254675|Src n/a
[engine] opt done   id=238   ProtosRootNode@3329a4c                             |Tier 2|Time  1035(  67+969 )ms|AST   11|Inlined   0Y   0N|IR  10638/ 32814|CodeSize  176872|Addr 0x7fb74f876560|Timestamp 226579158461187|Src n/a
[engine] opt done   id=239   ProtosRootNode@71affdbb                            |Tier 2|Time    33(   6+27  )ms|AST    2|Inlined   0Y   0N|IR    815/   944|CodeSize    4429|Addr 0x7fb74f8b9900|Timestamp 226579194976304|Src n/a
[engine] opt done   id=240   ProtosRootNode@7caa8e87                            |Tier 2|Time  2491( 242+2249)ms|AST   20|Inlined   0Y   0N|IR  20280/ 62658|CodeSize  342484|Addr 0x7fb74f8c0e00|Timestamp 226581687032640|Src n/a
[engine] opt done   id=243   ProtosRootNode@48deb6fb                            |Tier 1|Time    24(   6+18  )ms|AST    2|Inlined   0Y   0N|IR    888/  2671|CodeSize   13140|Addr 0x7fb74f941440|Timestamp 226581748505646|Src n/a
[engine] opt failed id=244   ProtosRootNode@4e494128                            |Tier 1|Time   45(-226581749+226581794)ms|Reason: jdk.graal.compiler.truffle.GraphTooBigBailoutException: Graph too big to safely compile. Node count: 50681. Graph Size: 150026. Limit: 150000.|Timestamp 226581794442440|Src n/a
[engine] opt failed id=244   ProtosRootNode@4e494128                            |Tier 1|Time   62(-226581804+226581866)ms|Reason: jdk.graal.compiler.truffle.GraphTooBigBailoutException: Graph too big to safely compile. Node count: 50681. Graph Size: 150026. Limit: 150000.|Timestamp 226581866470954|Src n/a
[engine] opt done   id=231   ProtosRootNode@31827583                            |Tier 1|Time    17(   5+13  )ms|AST    2|Inlined   0Y   0N|IR    888/  1275|CodeSize    5532|Addr 0x7fb74f947360|Timestamp 226581884416107|Src n/a
[engine] opt done   id=232   ProtosRootNode@15069e70                            |Tier 1|Time   269(  29+240 )ms|AST    7|Inlined   0Y   0N|IR   4642/ 17482|CodeSize   90120|Addr 0x7fb74f94b480|Timestamp 226582154603908|Src n/a
[engine] opt done   id=332   ProtosRootNode@2f14f870                            |Tier 1|Time    26(  12+15  )ms|AST    2|Inlined   0Y   0N|IR    591/  1658|CodeSize    7561|Addr 0x7fb74f9759a0|Timestamp 226582444547624|Src n/a
[engine] opt done   id=333   ProtosRootNode@617a05fe                            |Tier 1|Time  2663( 244+2419)ms|AST   21|Inlined   0Y   0N|IR  20851/ 81773|CodeSize  436754|Addr 0x7fb74f97e6a0|Timestamp 226585108415438|Src n/a
[engine] opt done   id=328   ProtosRootNode@1c3c8d52                            |Tier 1|Time    30(   8+22  )ms|AST    2|Inlined   0Y   0N|IR    888/  1275|CodeSize    5532|Addr 0x7fb74fa22f60|Timestamp 226585162308398|Src n/a
[engine] opt done   id=329   ProtosRootNode@784bcc48                            |Tier 1|Time   733(  73+660 )ms|AST   11|Inlined   0Y   0N|IR  10711/ 39220|CodeSize  206041|Addr 0x7fb74fa2b1c0|Timestamp 226585897868585|Src n/a
[engine] opt done   id=330   ProtosRootNode@51642f09                            |Tier 1|Time    15(   5+10  )ms|AST    2|Inlined   0Y   0N|IR    888/  1275|CodeSize    5532|Addr 0x7fb74fa7b6e0|Timestamp 226585932480801|Src n/a
[engine] opt done   id=331   ProtosRootNode@2066169c                            |Tier 1|Time  2210( 154+2056)ms|AST   20|Inlined   0Y   0N|IR  20353/ 75041|CodeSize  397465|Addr 0x7fb74fa83440|Timestamp 226588143172217|Src n/a
[engine] opt done   id=332   ProtosRootNode@2f14f870                            |Tier 2|Time    20(   4+16  )ms|AST    2|Inlined   0Y   0N|IR    518/  1448|CodeSize    7174|Addr 0x7fb74fb1e0e0|Timestamp 226588265701588|Src n/a
[engine] opt done   id=333   ProtosRootNode@617a05fe                            |Tier 2|Time  2749( 153+2597)ms|AST   21|Inlined   0Y   0N|IR  20778/ 68815|CodeSize  387532|Addr 0x7fb74fb25920|Timestamp 226591016024206|Src n/a
[engine] opt done   id=328   ProtosRootNode@1c3c8d52                            |Tier 2|Time    18(   5+14  )ms|AST    2|Inlined   0Y   0N|IR    815/   944|CodeSize    4429|Addr 0x7fb74fbb6480|Timestamp 226591113618788|Src n/a
[engine] opt done   id=329   ProtosRootNode@784bcc48                            |Tier 2|Time   754(  63+691 )ms|AST   11|Inlined   0Y   0N|IR  10638/ 32814|CodeSize  176872|Addr 0x7fb74fbba4e0|Timestamp 226591868079130|Src n/a
[engine] opt done   id=330   ProtosRootNode@51642f09                            |Tier 2|Time    23(   4+19  )ms|AST    2|Inlined   0Y   0N|IR    815/   944|CodeSize    4429|Addr 0x7fb74fbfd880|Timestamp 226591894934310|Src n/a
[engine] opt done   id=331   ProtosRootNode@2066169c                            |Tier 2|Time  1975( 182+1792)ms|AST   20|Inlined   0Y   0N|IR  20280/ 62658|CodeSize  342484|Addr 0x7fb74fc05880|Timestamp 226593869832260|Src n/a
[engine] opt done   id=334   ProtosRootNode@66eb2064                            |Tier 1|Time    24(   5+19  )ms|AST    2|Inlined   0Y   0N|IR    888/  2671|CodeSize   13140|Addr 0x7fb74fc85ec0|Timestamp 226593941945044|Src n/a
[engine] opt failed id=335   ProtosRootNode@15498440                            |Tier 1|Time   46(-226593942+226593989)ms|Reason: jdk.graal.compiler.truffle.GraphTooBigBailoutException: Graph too big to safely compile. Node count: 50681. Graph Size: 150026. Limit: 150000.|Timestamp 226593988834059|Src n/a
[engine] opt failed id=335   ProtosRootNode@15498440                            |Tier 1|Time   45(-226593995+226594039)ms|Reason: jdk.graal.compiler.truffle.GraphTooBigBailoutException: Graph too big to safely compile. Node count: 50681. Graph Size: 150026. Limit: 150000.|Timestamp 226594039562216|Src n/a
[engine] opt done   id=322   ProtosRootNode@7738d2c7                            |Tier 1|Time    17(   5+12  )ms|AST    2|Inlined   0Y   0N|IR    888/  1275|CodeSize    5532|Addr 0x7fb74fc8bae0|Timestamp 226594062156423|Src n/a
[engine] opt done   id=323   ProtosRootNode@56c0093f                            |Tier 1|Time   446(  55+391 )ms|AST    7|Inlined   0Y   0N|IR   4642/ 17482|CodeSize   90120|Addr 0x7fb74fc8f300|Timestamp 226594510093627|Src n/a
[engine] opt done   id=423   ProtosRootNode@24c54ee8                            |Tier 1|Time    27(   7+20  )ms|AST    2|Inlined   0Y   0N|IR    591/  1658|CodeSize    7561|Addr 0x7fb74fcb72a0|Timestamp 226594873974058|Src n/a
[engine] opt done   id=424   ProtosRootNode@1c33cb43                            |Tier 1|Time  2289( 162+2128)ms|AST   21|Inlined   0Y   0N|IR  20851/ 81773|CodeSize  436754|Addr 0x7fb74fcbffa0|Timestamp 226597163996662|Src n/a
[engine] opt done   id=419   ProtosRootNode@4a75e339                            |Tier 1|Time    16(   6+10  )ms|AST    2|Inlined   0Y   0N|IR    888/  1275|CodeSize    5532|Addr 0x7fb74fd64c60|Timestamp 226597209892106|Src n/a
[engine] opt done   id=420   ProtosRootNode@455d230                             |Tier 1|Time   810(  75+736 )ms|AST   11|Inlined   0Y   0N|IR  10711/ 39220|CodeSize  206041|Addr 0x7fb74fd6a3c0|Timestamp 226598022537801|Src n/a
[engine] opt done   id=421   ProtosRootNode@71fc2ae1                            |Tier 1|Time    15(   5+10  )ms|AST    2|Inlined   0Y   0N|IR    888/  1275|CodeSize    5532|Addr 0x7fb74fdba5e0|Timestamp 226598038429863|Src n/a
[engine] opt done   id=422   ProtosRootNode@1f0dd2f0                            |Tier 1|Time  2020( 160+1859)ms|AST   20|Inlined   0Y   0N|IR  20353/ 75041|CodeSize  397465|Addr 0x7fb74fdc2340|Timestamp 226600058360896|Src n/a
[engine] opt done   id=423   ProtosRootNode@24c54ee8                            |Tier 2|Time    21(   4+18  )ms|AST    2|Inlined   0Y   0N|IR    518/  1448|CodeSize    7174|Addr 0x7fb74fe5b060|Timestamp 226600171397670|Src n/a
[engine] opt done   id=424   ProtosRootNode@1c33cb43                            |Tier 2|Time  2183( 146+2037)ms|AST   21|Inlined   0Y   0N|IR  20778/ 68815|CodeSize  387532|Addr 0x7fb74fe628a0|Timestamp 226602356922826|Src n/a
[engine] opt done   id=419   ProtosRootNode@4a75e339                            |Tier 2|Time    18(   4+13  )ms|AST    2|Inlined   0Y   0N|IR    815/   944|CodeSize    4429|Addr 0x7fb74fef2700|Timestamp 226602430865971|Src n/a
[engine] opt done   id=420   ProtosRootNode@455d230                             |Tier 2|Time  1131( 140+991 )ms|AST   11|Inlined   0Y   0N|IR  10638/ 32814|CodeSize  176872|Addr 0x7fb74fef74e0|Timestamp 226603564048704|Src n/a
[engine] opt done   id=421   ProtosRootNode@71fc2ae1                            |Tier 2|Time    46(   7+39  )ms|AST    2|Inlined   0Y   0N|IR    815/   944|CodeSize    4429|Addr 0x7fb74ff3a880|Timestamp 226603616870343|Src n/a
[engine] opt done   id=422   ProtosRootNode@1f0dd2f0                            |Tier 2|Time  2563( 295+2269)ms|AST   20|Inlined   0Y   0N|IR  20280/ 62658|CodeSize  342484|Addr 0x7fb74ff41f00|Timestamp 226606182446802|Src n/a
[engine] opt done   id=425   ProtosRootNode@3c5d2e0f                            |Tier 1|Time    26(   8+18  )ms|AST    2|Inlined   0Y   0N|IR    888/  2671|CodeSize   13140|Addr 0x7fb74ffc2840|Timestamp 226606257759788|Src n/a
[engine] opt failed id=426   ProtosRootNode@4b64ed3                             |Tier 1|Time   62(-226606258+226606320)ms|Reason: jdk.graal.compiler.truffle.GraphTooBigBailoutException: Graph too big to safely compile. Node count: 50681. Graph Size: 150026. Limit: 150000.|Timestamp 226606319882484|Src n/a
[engine] opt failed id=426   ProtosRootNode@4b64ed3                             |Tier 1|Time   44(-226606327+226606371)ms|Reason: jdk.graal.compiler.truffle.GraphTooBigBailoutException: Graph too big to safely compile. Node count: 50681. Graph Size: 150026. Limit: 150000.|Timestamp 226606371427883|Src n/a
[engine] opt done   id=413   ProtosRootNode@77210167                            |Tier 1|Time    15(   5+10  )ms|AST    2|Inlined   0Y   0N|IR    888/  1275|CodeSize    5532|Addr 0x7fb74ffc98e0|Timestamp 226606387369085|Src n/a
[engine] opt done   id=414   ProtosRootNode@7d5e35c5                            |Tier 1|Time   215(  25+190 )ms|AST    7|Inlined   0Y   0N|IR   4642/ 17482|CodeSize   90120|Addr 0x7fb74ffcd100|Timestamp 226606602992215|Src n/a
[engine] opt done   id=514   ProtosRootNode@76ec4b9b                            |Tier 1|Time    32(  10+22  )ms|AST    2|Inlined   0Y   0N|IR    591/  1658|CodeSize    7561|Addr 0x7fb74fff39a0|Timestamp 226606882798993|Src n/a
[engine] opt done   id=515   ProtosRootNode@32601b57                            |Tier 1|Time  2206( 194+2011)ms|AST   21|Inlined   0Y   0N|IR  20851/ 81773|CodeSize  436754|Addr 0x7fb74fffc6a0|Timestamp 226609089391175|Src n/a
[engine] opt done   id=510   ProtosRootNode@66a937fb                            |Tier 1|Time    15(   5+10  )ms|AST    2|Inlined   0Y   0N|IR    888/  1275|CodeSize    5532|Addr 0x7fb7500a0a60|Timestamp 226609148281208|Src n/a
[engine] opt done   id=511   ProtosRootNode@58e4e94f                            |Tier 1|Time   674(  61+613 )ms|AST   11|Inlined   0Y   0N|IR  10711/ 39220|CodeSize  206041|Addr 0x7fb7500a5bc0|Timestamp 226609823094650|Src n/a
[engine] opt done   id=512   ProtosRootNode@7681504b                            |Tier 1|Time    14(   5+10  )ms|AST    2|Inlined   0Y   0N|IR    888/  1275|CodeSize    5532|Addr 0x7fb7500f5de0|Timestamp 226609855386394|Src n/a
[engine] opt done   id=513   ProtosRootNode@1bb49e95                            |Tier 1|Time  2018( 140+1878)ms|AST   20|Inlined   0Y   0N|IR  20353/ 75041|CodeSize  397465|Addr 0x7fb7500fdb40|Timestamp 226611873936106|Src n/a
[engine] opt done   id=514   ProtosRootNode@76ec4b9b                            |Tier 2|Time    26(   4+23  )ms|AST    2|Inlined   0Y   0N|IR    518/  1448|CodeSize    7174|Addr 0x7fb750196860|Timestamp 226611952474094|Src n/a
[engine] opt done   id=515   ProtosRootNode@32601b57                            |Tier 2|Time  2204( 177+2027)ms|AST   21|Inlined   0Y   0N|IR  20778/ 68815|CodeSize  387532|Addr 0x7fb75019e3a0|Timestamp 226614158971435|Src n/a
[engine] opt done   id=510   ProtosRootNode@66a937fb                            |Tier 2|Time    18(   5+13  )ms|AST    2|Inlined   0Y   0N|IR    815/   944|CodeSize    4429|Addr 0x7fb75022de80|Timestamp 226614249069062|Src n/a
[engine] opt done   id=511   ProtosRootNode@58e4e94f                            |Tier 2|Time   767(  68+699 )ms|AST   11|Inlined   0Y   0N|IR  10638/ 32814|CodeSize  176872|Addr 0x7fb7502323e0|Timestamp 226615018140064|Src n/a
[engine] opt done   id=512   ProtosRootNode@7681504b                            |Tier 2|Time    23(   4+19  )ms|AST    2|Inlined   0Y   0N|IR    815/   944|CodeSize    4429|Addr 0x7fb750275780|Timestamp 226615045226214|Src n/a
[engine] opt done   id=513   ProtosRootNode@1bb49e95                            |Tier 2|Time  1868( 161+1707)ms|AST   20|Inlined   0Y   0N|IR  20280/ 62658|CodeSize  342484|Addr 0x7fb75027b380|Timestamp 226616913108884|Src n/a
[engine] opt done   id=516   ProtosRootNode@226e61fe                            |Tier 1|Time    23(   5+18  )ms|AST    2|Inlined   0Y   0N|IR    888/  2671|CodeSize   13140|Addr 0x7fb7502fb9c0|Timestamp 226616980329613|Src n/a
[engine] opt failed id=517   ProtosRootNode@5d991e66                            |Tier 1|Time   45(-226616981+226617025)ms|Reason: jdk.graal.compiler.truffle.GraphTooBigBailoutException: Graph too big to safely compile. Node count: 50681. Graph Size: 150026. Limit: 150000.|Timestamp 226617025458567|Src n/a
[engine] opt failed id=517   ProtosRootNode@5d991e66                            |Tier 1|Time   44(-226617033+226617077)ms|Reason: jdk.graal.compiler.truffle.GraphTooBigBailoutException: Graph too big to safely compile. Node count: 50681. Graph Size: 150026. Limit: 150000.|Timestamp 226617076929725|Src n/a
[engine] opt done   id=504   ProtosRootNode@467b6a49                            |Tier 1|Time    14(   4+10  )ms|AST    2|Inlined   0Y   0N|IR    888/  1275|CodeSize    5532|Addr 0x7fb7503015e0|Timestamp 226617095808269|Src n/a
[engine] opt done   id=505   ProtosRootNode@21fc7a2d                            |Tier 1|Time   203(  24+179 )ms|AST    7|Inlined   0Y   0N|IR   4642/ 17482|CodeSize   90120|Addr 0x7fb750304e00|Timestamp 226617299251691|Src n/a
[engine] opt done   id=605   ProtosRootNode@112d9411                            |Tier 1|Time    28(   7+21  )ms|AST    2|Inlined   0Y   0N|IR    591/  1658|CodeSize    7561|Addr 0x7fb7503293a0|Timestamp 226617526277059|Src n/a
[engine] opt done   id=606   ProtosRootNode@79310100                            |Tier 1|Time  2379( 215+2164)ms|AST   21|Inlined   0Y   0N|IR  20851/ 81773|CodeSize  436754|Addr 0x7fb750333920|Timestamp 226619909889392|Src n/a
[engine] opt done   id=601   ProtosRootNode@1bda9762                            |Tier 1|Time    14(   5+10  )ms|AST    2|Inlined   0Y   0N|IR    888/  1275|CodeSize    5532|Addr 0x7fb7503d8160|Timestamp 226619960560900|Src n/a
[engine] opt done   id=602   ProtosRootNode@4bb0039f                            |Tier 1|Time   786(  60+727 )ms|AST   11|Inlined   0Y   0N|IR  10711/ 39220|CodeSize  206041|Addr 0x7fb7503dd2c0|Timestamp 226620747819485|Src n/a
[engine] opt done   id=603   ProtosRootNode@7e0283a0                            |Tier 1|Time    14(   5+10  )ms|AST    2|Inlined   0Y   0N|IR    888/  1275|CodeSize    5532|Addr 0x7fb75042d4e0|Timestamp 226620764071907|Src n/a
[engine] opt done   id=604   ProtosRootNode@228c6224                            |Tier 1|Time  1984( 153+1831)ms|AST   20|Inlined   0Y   0N|IR  20353/ 75041|CodeSize  397465|Addr 0x7fb750435240|Timestamp 226622748512542|Src n/a
[engine] opt done   id=605   ProtosRootNode@112d9411                            |Tier 2|Time    19(   4+15  )ms|AST    2|Inlined   0Y   0N|IR    518/  1448|CodeSize    7174|Addr 0x7fb7504cdc60|Timestamp 226622850603008|Src n/a
[engine] opt done   id=606   ProtosRootNode@79310100                            |Tier 2|Time  2072( 156+1916)ms|AST   21|Inlined   0Y   0N|IR  20778/ 68815|CodeSize  387532|Addr 0x7fb7504d7020|Timestamp 226624923383219|Src n/a
[engine] opt done   id=601   ProtosRootNode@1bda9762                            |Tier 2|Time    17(   5+13  )ms|AST    2|Inlined   0Y   0N|IR    815/   944|CodeSize    4429|Addr 0x7fb750566b00|Timestamp 226624988437398|Src n/a
[engine] opt done   id=602   ProtosRootNode@4bb0039f                            |Tier 2|Time   718(  61+657 )ms|AST   11|Inlined   0Y   0N|IR  10638/ 32814|CodeSize  176872|Addr 0x7fb75056ab60|Timestamp 226625706377051|Src n/a
[engine] opt done   id=603   ProtosRootNode@7e0283a0                            |Tier 2|Time    23(   4+19  )ms|AST    2|Inlined   0Y   0N|IR    815/   944|CodeSize    4429|Addr 0x7fb7505adf00|Timestamp 226625733507471|Src n/a
[engine] opt done   id=604   ProtosRootNode@228c6224                            |Tier 2|Time  2143( 165+1978)ms|AST   20|Inlined   0Y   0N|IR  20280/ 62658|CodeSize  342484|Addr 0x7fb7505b3b00|Timestamp 226627876573295|Src n/a
[engine] opt done   id=607   ProtosRootNode@6bce53e                             |Tier 1|Time    26(   6+20  )ms|AST    2|Inlined   0Y   0N|IR    888/  2671|CodeSize   13140|Addr 0x7fb750634140|Timestamp 226627947588017|Src n/a
[engine] opt failed id=608   ProtosRootNode@3b5eaeff                            |Tier 1|Time   70(-226627948+226628017)ms|Reason: jdk.graal.compiler.truffle.GraphTooBigBailoutException: Graph too big to safely compile. Node count: 50681. Graph Size: 150026. Limit: 150000.|Timestamp 226628017535649|Src n/a
[engine] opt failed id=608   ProtosRootNode@3b5eaeff                            |Tier 1|Time   61(-226628018+226628079)ms|Reason: jdk.graal.compiler.truffle.GraphTooBigBailoutException: Graph too big to safely compile. Node count: 50681. Graph Size: 150026. Limit: 150000.|Timestamp 226628079382705|Src n/a
[engine] opt done   id=595   ProtosRootNode@14c329b8                            |Tier 1|Time    16(   6+10  )ms|AST    2|Inlined   0Y   0N|IR    888/  1275|CodeSize    5532|Addr 0x7fb75063a260|Timestamp 226628103598613|Src n/a
[engine] opt done   id=596   ProtosRootNode@15c18052                            |Tier 1|Time   220(  42+179 )ms|AST    7|Inlined   0Y   0N|IR   4642/ 17482|CodeSize   90120|Addr 0x7fb75063f000|Timestamp 226628325853189|Src n/a
[engine] opt done   id=696   ProtosRootNode@6eb6f41a                            |Tier 1|Time    15(   5+11  )ms|AST    2|Inlined   0Y   0N|IR    591/  1658|CodeSize    7561|Addr 0x7fb7506637a0|Timestamp 226628533665373|Src n/a
[engine] opt done   id=697   ProtosRootNode@1fb1e92c                            |Tier 1|Time  2153( 143+2010)ms|AST   21|Inlined   0Y   0N|IR  20851/ 81773|CodeSize  436754|Addr 0x7fb75066c4a0|Timestamp 226630687093254|Src n/a
[engine] opt done   id=692   ProtosRootNode@122ad29                             |Tier 1|Time    30(   9+21  )ms|AST    2|Inlined   0Y   0N|IR    888/  1275|CodeSize    5532|Addr 0x7fb750710b60|Timestamp 226630742977055|Src n/a
[engine] opt done   id=693   ProtosRootNode@4af9256b                            |Tier 1|Time   724(  94+629 )ms|AST   11|Inlined   0Y   0N|IR  10711/ 39220|CodeSize  206041|Addr 0x7fb7507188c0|Timestamp 226631467907094|Src n/a
[engine] opt done   id=694   ProtosRootNode@50ec11df                            |Tier 1|Time    17(   6+11  )ms|AST    2|Inlined   0Y   0N|IR    888/  1275|CodeSize    5532|Addr 0x7fb750768e60|Timestamp 226631503692300|Src n/a
[engine] opt done   id=695   ProtosRootNode@15d19489                            |Tier 1|Time  2049( 139+1910)ms|AST   20|Inlined   0Y   0N|IR  20353/ 75041|CodeSize  397465|Addr 0x7fb750770ec0|Timestamp 226633552551833|Src n/a
[engine] opt done   id=696   ProtosRootNode@6eb6f41a                            |Tier 2|Time    19(   4+15  )ms|AST    2|Inlined   0Y   0N|IR    518/  1448|CodeSize    7174|Addr 0x7fb75080a0e0|Timestamp 226633657425041|Src n/a
[engine] opt done   id=697   ProtosRootNode@1fb1e92c                            |Tier 2|Time  2227( 142+2084)ms|AST   21|Inlined   0Y   0N|IR  20778/ 68815|CodeSize  387532|Addr 0x7fb750811920|Timestamp 226635885108467|Src n/a
[engine] opt done   id=692   ProtosRootNode@122ad29                             |Tier 2|Time    17(   4+12  )ms|AST    2|Inlined   0Y   0N|IR    815/   944|CodeSize    4429|Addr 0x7fb7508a1400|Timestamp 226635948772554|Src n/a
[engine] opt done   id=693   ProtosRootNode@4af9256b                            |Tier 2|Time   776(  62+714 )ms|AST   11|Inlined   0Y   0N|IR  10638/ 32814|CodeSize  176872|Addr 0x7fb7508a5760|Timestamp 226636725487741|Src n/a
[engine] opt done   id=694   ProtosRootNode@50ec11df                            |Tier 2|Time    24(   5+19  )ms|AST    2|Inlined   0Y   0N|IR    815/   944|CodeSize    4429|Addr 0x7fb7508e8b00|Timestamp 226636755711954|Src n/a
[engine] opt done   id=695   ProtosRootNode@15d19489                            |Tier 2|Time  1869( 146+1722)ms|AST   20|Inlined   0Y   0N|IR  20280/ 62658|CodeSize  342484|Addr 0x7fb7508ef280|Timestamp 226638626209203|Src n/a
[engine] opt done   id=698   ProtosRootNode@20337c5a                            |Tier 1|Time    22(   5+18  )ms|AST    2|Inlined   0Y   0N|IR    888/  2671|CodeSize   13140|Addr 0x7fb75096f8c0|Timestamp 226638691225462|Src n/a
[engine] opt failed id=699   ProtosRootNode@66e42aa2                            |Tier 1|Time   44(-226638692+226638736)ms|Reason: jdk.graal.compiler.truffle.GraphTooBigBailoutException: Graph too big to safely compile. Node count: 50681. Graph Size: 150026. Limit: 150000.|Timestamp 226638735737595|Src n/a
[engine] opt failed id=699   ProtosRootNode@66e42aa2                            |Tier 1|Time   45(-226638743+226638788)ms|Reason: jdk.graal.compiler.truffle.GraphTooBigBailoutException: Graph too big to safely compile. Node count: 50681. Graph Size: 150026. Limit: 150000.|Timestamp 226638788125214|Src n/a
[engine] opt done   id=686   ProtosRootNode@66f82ee9                            |Tier 1|Time    15(   6+10  )ms|AST    2|Inlined   0Y   0N|IR    888/  1275|CodeSize    5532|Addr 0x7fb7509760e0|Timestamp 226638809891800|Src n/a
[engine] opt done   id=687   ProtosRootNode@44c9633d                            |Tier 1|Time   210(  27+184 )ms|AST    7|Inlined   0Y   0N|IR   4642/ 17482|CodeSize   90120|Addr 0x7fb75097ba00|Timestamp 226639020804756|Src n/a
[engine] opt done   id=787   ProtosRootNode@12b62d18                            |Tier 1|Time    31(   9+22  )ms|AST    2|Inlined   0Y   0N|IR    591/  1658|CodeSize    7561|Addr 0x7fb7509a05a0|Timestamp 226639242299621|Src n/a
[engine] opt done   id=788   ProtosRootNode@2f1e1345                            |Tier 1|Time  2225( 145+2080)ms|AST   21|Inlined   0Y   0N|IR  20851/ 81773|CodeSize  436754|Addr 0x7fb7509a96a0|Timestamp 226641469433416|Src n/a
[engine] opt done   id=783   ProtosRootNode@6f89a4ab                            |Tier 1|Time    17(   5+12  )ms|AST    2|Inlined   0Y   0N|IR    888/  1275|CodeSize    5532|Addr 0x7fb750a4da60|Timestamp 226641516455681|Src n/a
[engine] opt done   id=784   ProtosRootNode@76c2d8bd                            |Tier 1|Time   717(  70+647 )ms|AST   11|Inlined   0Y   0N|IR  10711/ 39220|CodeSize  206041|Addr 0x7fb750a52bc0|Timestamp 226642233848694|Src n/a
[engine] opt done   id=785   ProtosRootNode@79544296                            |Tier 1|Time    14(   4+10  )ms|AST    2|Inlined   0Y   0N|IR    888/  1275|CodeSize    5532|Addr 0x7fb750aa2de0|Timestamp 226642268195649|Src n/a
[engine] opt done   id=786   ProtosRootNode@17becef4                            |Tier 1|Time  1949( 141+1808)ms|AST   20|Inlined   0Y   0N|IR  20353/ 75041|CodeSize  397465|Addr 0x7fb750aaae40|Timestamp 226644218016228|Src n/a
[engine] opt done   id=787   ProtosRootNode@12b62d18                            |Tier 2|Time    20(   4+16  )ms|AST    2|Inlined   0Y   0N|IR    518/  1448|CodeSize    7174|Addr 0x7fb750b445e0|Timestamp 226644337186136|Src n/a
[engine] opt done   id=788   ProtosRootNode@2f1e1345                            |Tier 2|Time  2291( 183+2108)ms|AST   21|Inlined   0Y   0N|IR  20778/ 68815|CodeSize  387532|Addr 0x7fb750b4be20|Timestamp 226646628661638|Src n/a
[engine] opt done   id=783   ProtosRootNode@6f89a4ab                            |Tier 2|Time    20(   5+15  )ms|AST    2|Inlined   0Y   0N|IR    815/   944|CodeSize    4429|Addr 0x7fb750bde180|Timestamp 226646767288311|Src n/a
[engine] opt done   id=784   ProtosRootNode@76c2d8bd                            |Tier 2|Time   768(  63+705 )ms|AST   11|Inlined   0Y   0N|IR  10638/ 32814|CodeSize  176872|Addr 0x7fb750be21e0|Timestamp 226647536108362|Src n/a
[engine] opt done   id=785   ProtosRootNode@79544296                            |Tier 2|Time    17(   4+12  )ms|AST    2|Inlined   0Y   0N|IR    815/   944|CodeSize    4429|Addr 0x7fb750c25580|Timestamp 226647581894046|Src n/a
[engine] opt done   id=786   ProtosRootNode@17becef4                            |Tier 2|Time  1818( 137+1681)ms|AST   20|Inlined   0Y   0N|IR  20280/ 62658|CodeSize  342484|Addr 0x7fb750c2b180|Timestamp 226649400187327|Src n/a
[engine] opt done   id=789   ProtosRootNode@68ebf1d                             |Tier 1|Time    23(   5+18  )ms|AST    2|Inlined   0Y   0N|IR    888/  2671|CodeSize   13140|Addr 0x7fb750cab7c0|Timestamp 226649458308210|Src n/a
[engine] opt failed id=790   ProtosRootNode@245b7cf7                            |Tier 1|Time   43(-226649459+226649502)ms|Reason: jdk.graal.compiler.truffle.GraphTooBigBailoutException: Graph too big to safely compile. Node count: 50681. Graph Size: 150026. Limit: 150000.|Timestamp 226649504050364|Src n/a
[engine] opt failed id=790   ProtosRootNode@245b7cf7                            |Tier 1|Time   45(-226649519+226649564)ms|Reason: jdk.graal.compiler.truffle.GraphTooBigBailoutException: Graph too big to safely compile. Node count: 50681. Graph Size: 150026. Limit: 150000.|Timestamp 226649564390509|Src n/a
[engine] opt done   id=777   ProtosRootNode@79dab281                            |Tier 1|Time    14(   4+10  )ms|AST    2|Inlined   0Y   0N|IR    888/  1275|CodeSize    5532|Addr 0x7fb750cb3160|Timestamp 226649578522659|Src n/a
[engine] opt done   id=778   ProtosRootNode@b99061e                             |Tier 1|Time   195(  24+172 )ms|AST    7|Inlined   0Y   0N|IR   4642/ 17482|CodeSize   90120|Addr 0x7fb750cb6980|Timestamp 226649774317665|Src n/a
[engine] opt done   id=878   ProtosRootNode@770f827                             |Tier 1|Time    30(   7+22  )ms|AST    2|Inlined   0Y   0N|IR    591/  1658|CodeSize    7561|Addr 0x7fb750cdb520|Timestamp 226649986668942|Src n/a
[engine] opt done   id=879   ProtosRootNode@4cddfc79                            |Tier 1|Time  2175( 161+2014)ms|AST   21|Inlined   0Y   0N|IR  20851/ 81773|CodeSize  436754|Addr 0x7fb750ce5820|Timestamp 226652162549789|Src n/a
[engine] opt done   id=874   ProtosRootNode@52f9d13f                            |Tier 1|Time    15(   4+10  )ms|AST    2|Inlined   0Y   0N|IR    888/  1275|CodeSize    5532|Addr 0x7fb750d89be0|Timestamp 226652205794231|Src n/a
[engine] opt done   id=875   ProtosRootNode@5d3369ad                            |Tier 1|Time   696(  59+636 )ms|AST   11|Inlined   0Y   0N|IR  10711/ 39220|CodeSize  206041|Addr 0x7fb750d8ed40|Timestamp 226652901810128|Src n/a
[engine] opt done   id=876   ProtosRootNode@59558d00                            |Tier 1|Time    53(   5+49  )ms|AST    2|Inlined   0Y   0N|IR    888/  1275|CodeSize    5532|Addr 0x7fb74f214ee0|Timestamp 226652956157718|Src n/a
[engine] opt done   id=877   ProtosRootNode@3f9884b7                            |Tier 1|Time  1841( 130+1710)ms|AST   20|Inlined   0Y   0N|IR  20353/ 75041|CodeSize  397465|Addr 0x7fb74f29ff40|Timestamp 226654819510062|Src n/a
[engine] opt done   id=878   ProtosRootNode@770f827                             |Tier 2|Time    19(   4+15  )ms|AST    2|Inlined   0Y   0N|IR    518/  1448|CodeSize    7174|Addr 0x7fb74f346a60|Timestamp 226654903794074|Src n/a
[engine] opt done   id=879   ProtosRootNode@4cddfc79                            |Tier 2|Time  2004( 137+1867)ms|AST   21|Inlined   0Y   0N|IR  20778/ 68815|CodeSize  387532|Addr 0x7fb74f3564a0|Timestamp 226656908551983|Src n/a
[engine] opt done   id=874   ProtosRootNode@52f9d13f                            |Tier 2|Time    28(   7+20  )ms|AST    2|Inlined   0Y   0N|IR    815/   944|CodeSize    4429|Addr 0x7fb74f46ca00|Timestamp 226657002899273|Src n/a
[engine] opt done   id=875   ProtosRootNode@5d3369ad                            |Tier 2|Time   710(  59+651 )ms|AST   11|Inlined   0Y   0N|IR  10638/ 32814|CodeSize  176872|Addr 0x7fb74f3ff1e0|Timestamp 226657713214130|Src n/a
[engine] opt done   id=876   ProtosRootNode@59558d00                            |Tier 2|Time    22(   4+18  )ms|AST    2|Inlined   0Y   0N|IR    815/   944|CodeSize    4429|Addr 0x7fb74fef2700|Timestamp 226657738754269|Src n/a
[engine] opt done   id=877   ProtosRootNode@3f9884b7                            |Tier 2|Time  1791( 126+1665)ms|AST   20|Inlined   0Y   0N|IR  20280/ 62658|CodeSize  342484|Addr 0x7fb74f476e80|Timestamp 226659530488390|Src n/a
[engine] opt done   id=880   ProtosRootNode@31e7586                             |Tier 1|Time    23(   5+18  )ms|AST    2|Inlined   0Y   0N|IR    888/  2671|CodeSize   13140|Addr 0x7fb74f5e0ac0|Timestamp 226659575191533|Src n/a
[engine] opt failed id=881   ProtosRootNode@f5152c1                             |Tier 1|Time   44(-226659576+226659620)ms|Reason: jdk.graal.compiler.truffle.GraphTooBigBailoutException: Graph too big to safely compile. Node count: 50681. Graph Size: 150026. Limit: 150000.|Timestamp 226659620056656|Src n/a
[engine] opt failed id=881   ProtosRootNode@f5152c1                             |Tier 1|Time   44(-226659633+226659677)ms|Reason: jdk.graal.compiler.truffle.GraphTooBigBailoutException: Graph too big to safely compile. Node count: 50681. Graph Size: 150026. Limit: 150000.|Timestamp 226659677522719|Src n/a
[engine] opt done   id=868   ProtosRootNode@30951ef8                            |Tier 1|Time    21(   8+13  )ms|AST    2|Inlined   0Y   0N|IR    888/  1275|CodeSize    5532|Addr 0x7fb74f297be0|Timestamp 226659700481796|Src n/a
[engine] opt done   id=869   ProtosRootNode@1e1c54ce                            |Tier 1|Time   207(  26+182 )ms|AST    7|Inlined   0Y   0N|IR   4642/ 17482|CodeSize   90120|Addr 0x7fb74f5f0c80|Timestamp 226659908055710|Src n/a
[engine] opt done   id=969   ProtosRootNode@7ff2a701                            |Tier 1|Time    30(   8+22  )ms|AST    2|Inlined   0Y   0N|IR    591/  1658|CodeSize    7561|Addr 0x7fb74f15eb20|Timestamp 226660122177279|Src n/a
[engine] opt done   id=970   ProtosRootNode@483ca9ea                            |Tier 1|Time  2192( 164+2028)ms|AST   21|Inlined   0Y   0N|IR  20851/ 81773|CodeSize  436754|Addr 0x7fb74f16e220|Timestamp 226662314512547|Src n/a
[engine] opt done   id=965   ProtosRootNode@48ddda4c                            |Tier 1|Time    15(   5+10  )ms|AST    2|Inlined   0Y   0N|IR    888/  1275|CodeSize    5532|Addr 0x7fb74f6d79e0|Timestamp 226662350139303|Src n/a
[engine] opt done   id=966   ProtosRootNode@720f4529                            |Tier 1|Time   643(  59+584 )ms|AST   11|Inlined   0Y   0N|IR  10711/ 39220|CodeSize  206041|Addr 0x7fb74f21b240|Timestamp 226662993393370|Src n/a
[engine] opt done   id=967   ProtosRootNode@5498465f                            |Tier 1|Time    14(   4+10  )ms|AST    2|Inlined   0Y   0N|IR    888/  1275|CodeSize    5532|Addr 0x7fb74f947360|Timestamp 226663026991645|Src n/a
[engine] opt done   id=968   ProtosRootNode@3ba4830a                            |Tier 1|Time  1845( 133+1712)ms|AST   20|Inlined   0Y   0N|IR  20353/ 75041|CodeSize  397465|Addr 0x7fb750770ec0|Timestamp 226664872825236|Src n/a
[engine] opt done   id=969   ProtosRootNode@7ff2a701                            |Tier 2|Time    19(   4+16  )ms|AST    2|Inlined   0Y   0N|IR    518/  1448|CodeSize    7174|Addr 0x7fb74f7d69e0|Timestamp 226664951492214|Src n/a
[engine] opt done   id=970   ProtosRootNode@483ca9ea                            |Tier 2|Time  1980( 123+1857)ms|AST   21|Inlined   0Y   0N|IR  20778/ 68815|CodeSize  387532|Addr 0x7fb74f7de520|Timestamp 226666931944144|Src n/a
[engine] opt done   id=965   ProtosRootNode@48ddda4c                            |Tier 2|Time    17(   4+13  )ms|AST    2|Inlined   0Y   0N|IR    815/   944|CodeSize    4429|Addr 0x7fb74fa23200|Timestamp 226667008302841|Src n/a
[engine] opt done   id=966   ProtosRootNode@720f4529                            |Tier 2|Time   697(  60+637 )ms|AST   11|Inlined   0Y   0N|IR  10638/ 32814|CodeSize  176872|Addr 0x7fb74fef9660|Timestamp 226667705463718|Src n/a
[engine] opt done   id=967   ProtosRootNode@5498465f                            |Tier 2|Time    23(   4+19  )ms|AST    2|Inlined   0Y   0N|IR    815/   944|CodeSize    4429|Addr 0x7fb74fef5600|Timestamp 226667731753648|Src n/a
[engine] opt done   id=968   ProtosRootNode@3ba4830a                            |Tier 2|Time  2054( 121+1932)ms|AST   20|Inlined   0Y   0N|IR  20280/ 62658|CodeSize  342484|Addr 0x7fb74ff41f00|Timestamp 226669785779152|Src n/a
[engine] opt done   id=971   ProtosRootNode@6ae76281                            |Tier 1|Time    22(   4+17  )ms|AST    2|Inlined   0Y   0N|IR    888/  2671|CodeSize   13140|Addr 0x7fb74ffc2840|Timestamp 226669852876042|Src n/a
[engine] opt failed id=972   ProtosRootNode@5567672d                            |Tier 1|Time   43(-226669853+226669896)ms|Reason: jdk.graal.compiler.truffle.GraphTooBigBailoutException: Graph too big to safely compile. Node count: 50681. Graph Size: 150026. Limit: 150000.|Timestamp 226669896218204|Src n/a
[engine] opt failed id=972   ProtosRootNode@5567672d                            |Tier 1|Time   43(-226669902+226669945)ms|Reason: jdk.graal.compiler.truffle.GraphTooBigBailoutException: Graph too big to safely compile. Node count: 50681. Graph Size: 150026. Limit: 150000.|Timestamp 226669944603570|Src n/a
[engine] opt done   id=959   ProtosRootNode@3bf64e34                            |Tier 1|Time    14(   4+9   )ms|AST    2|Inlined   0Y   0N|IR    888/  1275|CodeSize    5532|Addr 0x7fb74fd64c60|Timestamp 226669962469753|Src n/a
[engine] opt done   id=960   ProtosRootNode@58fd2d81                            |Tier 1|Time   197(  23+174 )ms|AST    7|Inlined   0Y   0N|IR   4642/ 17482|CodeSize   90120|Addr 0x7fb74f94b480|Timestamp 226670159705960|Src n/a
[engine] opt done   id=101   ProtosRootNode@a097fde                             |Tier 2|Time    19(   4+15  )ms|AST    2|Inlined   0Y   0N|IR    518/  1448|CodeSize    7174|Addr 0x7fb750196860|Timestamp 226670348644510|Src n/a
[engine] opt done   id=102   ProtosRootNode@676a4c93                            |Tier 2|Time   550(  41+509 )ms|AST    9|Inlined   0Y   0N|IR   7883/ 27025|CodeSize  148759|Addr 0x7fb7508b3a00|Timestamp 226670899376169|Src n/a
[engine] opt done   id=99    ProtosRootNode@29a38f5b                            |Tier 2|Time    32(   5+27  )ms|AST    2|Inlined   0Y   0N|IR    815/   944|CodeSize    4429|Addr 0x7fb75063a880|Timestamp 226670934188705|Src n/a
[engine] opt done   id=100   ProtosRootNode@76c772d8                            |Tier 2|Time  1012(  78+934 )ms|AST   13|Inlined   0Y   0N|IR  12831/ 40881|CodeSize  225171|Addr 0x7fb74f8f3100|Timestamp 226671946669646|Src n/a
[engine] opt done   id=105   ProtosRootNode@2ae9b9f9                            |Tier 2|Time    17(   4+12  )ms|AST    2|Inlined   0Y   0N|IR    815/   944|CodeSize    4429|Addr 0x7fb750711180|Timestamp 226671986541736|Src n/a
[engine] opt done   id=106   ProtosRootNode@2dfed919                            |Tier 2|Time   357(  30+327 )ms|AST    9|Inlined   0Y   0N|IR   6414/ 19828|CodeSize  105112|Addr 0x7fb74f8c8620|Timestamp 226672344086411|Src n/a
[engine] opt done   id=1060  ProtosRootNode@77c1d85c                            |Tier 1|Time    29(   8+21  )ms|AST    2|Inlined   0Y   0N|IR    591/  1658|CodeSize    7561|Addr 0x7fb7503293a0|Timestamp 226672398782462|Src n/a
[engine] opt done   id=1061  ProtosRootNode@1e257820                            |Tier 1|Time  2002( 132+1870)ms|AST   21|Inlined   0Y   0N|IR  20851/ 81773|CodeSize  436754|Addr 0x7fb750333920|Timestamp 226674400989527|Src n/a
[engine] opt done   id=1056  ProtosRootNode@23611f3                             |Tier 1|Time    16(   5+11  )ms|AST    2|Inlined   0Y   0N|IR    888/  1275|CodeSize    5532|Addr 0x7fb7509760e0|Timestamp 226674445615060|Src n/a
[engine] opt done   id=1057  ProtosRootNode@f0f83a1                             |Tier 1|Time   768(  66+702 )ms|AST   11|Inlined   0Y   0N|IR  10711/ 39220|CodeSize  206041|Addr 0x7fb74f6e3940|Timestamp 226675214160501|Src n/a
[engine] opt done   id=1058  ProtosRootNode@49a86dc                             |Tier 1|Time    23(   4+18  )ms|AST    2|Inlined   0Y   0N|IR    888/  1275|CodeSize    5532|Addr 0x7fb7509a1460|Timestamp 226675237552558|Src n/a
[engine] opt done   id=1059  ProtosRootNode@2bee0b3a                            |Tier 1|Time  1910( 132+1778)ms|AST   20|Inlined   0Y   0N|IR  20353/ 75041|CodeSize  397465|Addr 0x7fb750aaae40|Timestamp 226677148386876|Src n/a
[engine] opt done   id=1060  ProtosRootNode@77c1d85c                            |Tier 2|Time    19(   4+15  )ms|AST    2|Inlined   0Y   0N|IR    518/  1448|CodeSize    7174|Addr 0x7fb74f8c3ee0|Timestamp 226677240042134|Src n/a
[engine] opt done   id=1061  ProtosRootNode@1e257820                            |Tier 2|Time  2057( 142+1915)ms|AST   21|Inlined   0Y   0N|IR  20778/ 68815|CodeSize  387532|Addr 0x7fb7501a0520|Timestamp 226679297267400|Src n/a
[engine] opt done   id=1056  ProtosRootNode@23611f3                             |Tier 2|Time    24(   4+20  )ms|AST    2|Inlined   0Y   0N|IR    815/   944|CodeSize    4429|Addr 0x7fb75019a000|Timestamp 226679364957261|Src n/a
[engine] opt done   id=1057  ProtosRootNode@f0f83a1                             |Tier 2|Time   749(  62+688 )ms|AST   11|Inlined   0Y   0N|IR  10638/ 32814|CodeSize  176872|Addr 0x7fb74f8786e0|Timestamp 226680114512737|Src n/a
[engine] opt done   id=1058  ProtosRootNode@49a86dc                             |Tier 2|Time    23(   4+19  )ms|AST    2|Inlined   0Y   0N|IR    815/   944|CodeSize    4429|Addr 0x7fb74f874680|Timestamp 226680144412619|Src n/a
[engine] opt done   id=1059  ProtosRootNode@2bee0b3a                            |Tier 2|Time  1734( 136+1598)ms|AST   20|Inlined   0Y   0N|IR  20280/ 62658|CodeSize  342484|Addr 0x7fb7508f5080|Timestamp 226681878833476|Src n/a
[engine] opt done   id=1062  ProtosRootNode@38d352f0                            |Tier 1|Time    22(   4+17  )ms|AST    2|Inlined   0Y   0N|IR    888/  2671|CodeSize   13140|Addr 0x7fb7508eba40|Timestamp 226681944361684|Src n/a
[engine] opt failed id=1063  ProtosRootNode@519c1c37                            |Tier 1|Time   44(-226681945+226681988)ms|Reason: jdk.graal.compiler.truffle.GraphTooBigBailoutException: Graph too big to safely compile. Node count: 50681. Graph Size: 150026. Limit: 150000.|Timestamp 226681988255727|Src n/a
[engine] opt failed id=1063  ProtosRootNode@519c1c37                            |Tier 1|Time   46(-226681995+226682041)ms|Reason: jdk.graal.compiler.truffle.GraphTooBigBailoutException: Graph too big to safely compile. Node count: 50681. Graph Size: 150026. Limit: 150000.|Timestamp 226682041222576|Src n/a
[engine] opt done   id=1050  ProtosRootNode@1fad1c45                            |Tier 1|Time    22(  10+12  )ms|AST    2|Inlined   0Y   0N|IR    888/  1275|CodeSize    5532|Addr 0x7fb74f8c1660|Timestamp 226682065585344|Src n/a
[engine] opt done   id=1051  ProtosRootNode@6bdfb213                            |Tier 1|Time   195(  22+173 )ms|AST    7|Inlined   0Y   0N|IR   4642/ 17482|CodeSize   90120|Addr 0x7fb75063f000|Timestamp 226682260786409|Src n/a
[engine] opt done   id=1151  ProtosRootNode@267038c1                            |Tier 1|Time    18(   7+11  )ms|AST    2|Inlined   0Y   0N|IR    591/  1658|CodeSize    7561|Addr 0x7fb74f8bdfa0|Timestamp 226682468770313|Src n/a
[engine] opt done   id=1152  ProtosRootNode@6d80797b                            |Tier 1|Time  2095( 141+1954)ms|AST   21|Inlined   0Y   0N|IR  20851/ 81773|CodeSize  436754|Addr 0x7fb74f632a20|Timestamp 226684564291478|Src n/a
[engine] opt done   id=1147  ProtosRootNode@7ceb7731                            |Tier 1|Time    14(   4+10  )ms|AST    2|Inlined   0Y   0N|IR    888/  1275|CodeSize    5532|Addr 0x7fb74f62abe0|Timestamp 226684606922630|Src n/a
[engine] opt done   id=1148  ProtosRootNode@b3695a2                             |Tier 1|Time   660(  78+582 )ms|AST   11|Inlined   0Y   0N|IR  10711/ 39220|CodeSize  206041|Addr 0x7fb74fa2b1c0|Timestamp 226685268834670|Src n/a
[engine] opt done   id=1149  ProtosRootNode@6fe82359                            |Tier 1|Time    14(   4+10  )ms|AST    2|Inlined   0Y   0N|IR    888/  1275|CodeSize    5532|Addr 0x7fb7508af860|Timestamp 226685303391986|Src n/a
[engine] opt done   id=1150  ProtosRootNode@338fbd15                            |Tier 1|Time  1871( 130+1742)ms|AST   20|Inlined   0Y   0N|IR  20353/ 75041|CodeSize  397465|Addr 0x7fb74f73bf40|Timestamp 226687175493815|Src n/a
[engine] opt done   id=1151  ProtosRootNode@267038c1                            |Tier 2|Time    19(   4+16  )ms|AST    2|Inlined   0Y   0N|IR    518/  1448|CodeSize    7174|Addr 0x7fb7508ac360|Timestamp 226687264877651|Src n/a
[engine] opt done   id=1152  ProtosRootNode@6d80797b                            |Tier 2|Time  2143( 139+2004)ms|AST   21|Inlined   0Y   0N|IR  20778/ 68815|CodeSize  387532|Addr 0x7fb74fb25920|Timestamp 226689408502961|Src n/a
[engine] opt done   id=1147  ProtosRootNode@7ceb7731                            |Tier 2|Time    17(   4+13  )ms|AST    2|Inlined   0Y   0N|IR    815/   944|CodeSize    4429|Addr 0x7fb74f734800|Timestamp 226689494054834|Src n/a
[engine] opt done   id=1148  ProtosRootNode@b3695a2                             |Tier 2|Time   762(  59+703 )ms|AST   11|Inlined   0Y   0N|IR  10638/ 32814|CodeSize  176872|Addr 0x7fb74fbbc660|Timestamp 226690257682131|Src n/a
[engine] opt done   id=1149  ProtosRootNode@6fe82359                            |Tier 2|Time    19(   6+14  )ms|AST    2|Inlined   0Y   0N|IR    815/   944|CodeSize    4429|Addr 0x7fb74fb1f400|Timestamp 226690325015161|Src n/a
[engine] opt done   id=1150  ProtosRootNode@338fbd15                            |Tier 2|Time  1906( 150+1756)ms|AST   20|Inlined   0Y   0N|IR  20280/ 62658|CodeSize  342484|Addr 0x7fb74fe71f80|Timestamp 226692231365265|Src n/a
[engine] opt done   id=1153  ProtosRootNode@28209651                            |Tier 1|Time    22(   4+18  )ms|AST    2|Inlined   0Y   0N|IR    888/  2671|CodeSize   13140|Addr 0x7fb7508a66c0|Timestamp 226692297850454|Src n/a
[engine] opt failed id=1154  ProtosRootNode@45a2be27                            |Tier 1|Time   44(-226692298+226692342)ms|Reason: jdk.graal.compiler.truffle.GraphTooBigBailoutException: Graph too big to safely compile. Node count: 50681. Graph Size: 150026. Limit: 150000.|Timestamp 226692342088797|Src n/a
[engine] opt failed id=1154  ProtosRootNode@45a2be27                            |Tier 1|Time   44(-226692351+226692394)ms|Reason: jdk.graal.compiler.truffle.GraphTooBigBailoutException: Graph too big to safely compile. Node count: 50681. Graph Size: 150026. Limit: 150000.|Timestamp 226692394359275|Src n/a
[engine] opt done   id=1141  ProtosRootNode@43fff227                            |Tier 1|Time    14(   4+10  )ms|AST    2|Inlined   0Y   0N|IR    888/  1275|CodeSize    5532|Addr 0x7fb7508a3ce0|Timestamp 226692408882296|Src n/a
[engine] opt done   id=1142  ProtosRootNode@6bdbef49                            |Tier 1|Time   202(  25+177 )ms|AST    7|Inlined   0Y   0N|IR   4642/ 17482|CodeSize   90120|Addr 0x7fb75097ba00|Timestamp 226692610723446|Src n/a
[engine] opt done   id=1242  ProtosRootNode@6529992b                            |Tier 1|Time    31(   8+23  )ms|AST    2|Inlined   0Y   0N|IR    591/  1658|CodeSize    7561|Addr 0x7fb74fbb7120|Timestamp 226692820371661|Src n/a
[engine] opt done   id=1243  ProtosRootNode@15c35f62                            |Tier 1|Time  2290( 278+2013)ms|AST   21|Inlined   0Y   0N|IR  20851/ 81773|CodeSize  436754|Addr 0x7fb74f97e6a0|Timestamp 226695111222530|Src n/a
[engine] opt done   id=1238  ProtosRootNode@110fc4b9                            |Tier 1|Time    15(   5+10  )ms|AST    2|Inlined   0Y   0N|IR    888/  1275|CodeSize    5532|Addr 0x7fb74f976860|Timestamp 226695153395342|Src n/a
[engine] opt done   id=1239  ProtosRootNode@70c3a018                            |Tier 1|Time   695(  60+635 )ms|AST   11|Inlined   0Y   0N|IR  10711/ 39220|CodeSize  206041|Addr 0x7fb7507188c0|Timestamp 226695848493777|Src n/a
[engine] opt done   id=1240  ProtosRootNode@5f854ad2                            |Tier 1|Time    14(   4+9   )ms|AST    2|Inlined   0Y   0N|IR    888/  1275|CodeSize    5532|Addr 0x7fb74fe68760|Timestamp 226695863379238|Src n/a
[engine] opt done   id=1241  ProtosRootNode@460f64e7                            |Tier 1|Time  1943( 179+1765)ms|AST   20|Inlined   0Y   0N|IR  20353/ 75041|CodeSize  397465|Addr 0x7fb74fa83440|Timestamp 226697807546390|Src n/a
[engine] opt done   id=1242  ProtosRootNode@6529992b                            |Tier 2|Time    19(   4+16  )ms|AST    2|Inlined   0Y   0N|IR    518/  1448|CodeSize    7174|Addr 0x7fb74fe65260|Timestamp 226697913750428|Src n/a
[engine] opt done   id=1243  ProtosRootNode@15c35f62                            |Tier 2|Time  2288( 136+2153)ms|AST   21|Inlined   0Y   0N|IR  20778/ 68815|CodeSize  387532|Addr 0x7fb750b4be20|Timestamp 226700202273165|Src n/a
[engine] opt done   id=1238  ProtosRootNode@110fc4b9                            |Tier 2|Time    19(   5+15  )ms|AST    2|Inlined   0Y   0N|IR    815/   944|CodeSize    4429|Addr 0x7fb74fa7bd00|Timestamp 226700305872902|Src n/a
[engine] opt done   id=1239  ProtosRootNode@70c3a018                            |Tier 2|Time   859(  68+791 )ms|AST   11|Inlined   0Y   0N|IR  10638/ 32814|CodeSize  176872|Addr 0x7fb7508601e0|Timestamp 226701165271899|Src n/a
[engine] opt done   id=1240  ProtosRootNode@5f854ad2                            |Tier 2|Time    17(   4+13  )ms|AST    2|Inlined   0Y   0N|IR    815/   944|CodeSize    4429|Addr 0x7fb750b45900|Timestamp 226701210871013|Src n/a
[engine] opt done   id=1241  ProtosRootNode@460f64e7                            |Tier 2|Time  1987( 137+1849)ms|AST   20|Inlined   0Y   0N|IR  20280/ 62658|CodeSize  342484|Addr 0x7fb74fce3f00|Timestamp 226703198681897|Src n/a
[engine] opt done   id=1244  ProtosRootNode@72d7c638                            |Tier 1|Time    26(   6+20  )ms|AST    2|Inlined   0Y   0N|IR    888/  2671|CodeSize   13140|Addr 0x7fb74fe5f5c0|Timestamp 226703275733284|Src n/a
[engine] opt failed id=1245  ProtosRootNode@5cdce409                            |Tier 1|Time   49(-226703276+226703325)ms|Reason: jdk.graal.compiler.truffle.GraphTooBigBailoutException: Graph too big to safely compile. Node count: 50681. Graph Size: 150026. Limit: 150000.|Timestamp 226703324862300|Src n/a
[engine] opt failed id=1245  ProtosRootNode@5cdce409                            |Tier 1|Time   51(-226703333+226703384)ms|Reason: jdk.graal.compiler.truffle.GraphTooBigBailoutException: Graph too big to safely compile. Node count: 50681. Graph Size: 150026. Limit: 150000.|Timestamp 226703384058184|Src n/a
[engine] opt done   id=1232  ProtosRootNode@2d3d7c5                             |Tier 1|Time    15(   5+10  )ms|AST    2|Inlined   0Y   0N|IR    888/  1275|CodeSize    5532|Addr 0x7fb74fe5cbe0|Timestamp 226703399493085|Src n/a
[engine] opt done   id=1233  ProtosRootNode@18bb6bed                            |Tier 1|Time   227(  28+199 )ms|AST    7|Inlined   0Y   0N|IR   4642/ 17482|CodeSize   90120|Addr 0x7fb74ffcd100|Timestamp 226703626711974|Src n/a
[engine] opt done   id=1333  ProtosRootNode@55dab3aa                            |Tier 1|Time    24(   9+15  )ms|AST    2|Inlined   0Y   0N|IR    591/  1658|CodeSize    7561|Addr 0x7fb750cd6c20|Timestamp 226703846042296|Src n/a
[engine] opt done   id=1334  ProtosRootNode@6f90652d                            |Tier 1|Time  2187( 162+2025)ms|AST   21|Inlined   0Y   0N|IR  20851/ 81773|CodeSize  436754|Addr 0x7fb75066c4a0|Timestamp 226706033532808|Src n/a
[engine] opt done   id=1329  ProtosRootNode@61f193ab                            |Tier 1|Time    17(   5+12  )ms|AST    2|Inlined   0Y   0N|IR    888/  1275|CodeSize    5532|Addr 0x7fb74ffc98e0|Timestamp 226706073481978|Src n/a
[engine] opt done   id=1330  ProtosRootNode@5a93ede3                            |Tier 1|Time   689(  66+623 )ms|AST   11|Inlined   0Y   0N|IR  10711/ 39220|CodeSize  206041|Addr 0x7fb75080e140|Timestamp 226706762376488|Src n/a
[engine] opt done   id=1331  ProtosRootNode@179886ac                            |Tier 1|Time    15(   4+10  )ms|AST    2|Inlined   0Y   0N|IR    888/  1275|CodeSize    5532|Addr 0x7fb750664660|Timestamp 226706796596254|Src n/a
[engine] opt done   id=1332  ProtosRootNode@a16ddd4                             |Tier 1|Time  2054( 135+1919)ms|AST   20|Inlined   0Y   0N|IR  20353/ 75041|CodeSize  397465|Addr 0x7fb74fc1a2c0|Timestamp 226708853105418|Src n/a
[engine] opt done   id=1333  ProtosRootNode@55dab3aa                            |Tier 2|Time    20(   4+16  )ms|AST    2|Inlined   0Y   0N|IR    518/  1448|CodeSize    7174|Addr 0x7fb74fc11860|Timestamp 226708961035188|Src n/a
[engine] opt done   id=1334  ProtosRootNode@6f90652d                            |Tier 2|Time  2133( 142+1991)ms|AST   21|Inlined   0Y   0N|IR  20778/ 68815|CodeSize  387532|Addr 0x7fb750c218a0|Timestamp 226711094129479|Src n/a
[engine] opt done   id=1329  ProtosRootNode@61f193ab                            |Tier 2|Time    18(   4+13  )ms|AST    2|Inlined   0Y   0N|IR    815/   944|CodeSize    4429|Addr 0x7fb74fc0f600|Timestamp 226711172025557|Src n/a
[engine] opt done   id=1330  ProtosRootNode@5a93ede3                            |Tier 2|Time   749(  62+687 )ms|AST   11|Inlined   0Y   0N|IR  10638/ 32814|CodeSize  176872|Addr 0x7fb74fe178e0|Timestamp 226711920861112|Src n/a
[engine] opt done   id=1331  ProtosRootNode@179886ac                            |Tier 2|Time    25(   5+20  )ms|AST    2|Inlined   0Y   0N|IR    815/   944|CodeSize    4429|Addr 0x7fb74fc0d480|Timestamp 226711949114193|Src n/a
[engine] opt done   id=1332  ProtosRootNode@a16ddd4                             |Tier 2|Time  2028( 167+1861)ms|AST   20|Inlined   0Y   0N|IR  20280/ 62658|CodeSize  342484|Addr 0x7fb74fd95600|Timestamp 226713977012126|Src n/a
[engine] opt done   id=1335  ProtosRootNode@763b34d8                            |Tier 1|Time    23(   5+18  )ms|AST    2|Inlined   0Y   0N|IR    888/  2671|CodeSize   13140|Addr 0x7fb74fc078c0|Timestamp 226714052166851|Src n/a
[engine] opt failed id=1336  ProtosRootNode@453003ff                            |Tier 1|Time   47(-226714052+226714100)ms|Reason: jdk.graal.compiler.truffle.GraphTooBigBailoutException: Graph too big to safely compile. Node count: 50681. Graph Size: 150026. Limit: 150000.|Timestamp 226714099601556|Src n/a
[engine] opt failed id=1336  ProtosRootNode@453003ff                            |Tier 1|Time   46(-226714106+226714152)ms|Reason: jdk.graal.compiler.truffle.GraphTooBigBailoutException: Graph too big to safely compile. Node count: 50681. Graph Size: 150026. Limit: 150000.|Timestamp 226714151546705|Src n/a
[engine] opt done   id=1323  ProtosRootNode@1cc57dab                            |Tier 1|Time    14(   4+10  )ms|AST    2|Inlined   0Y   0N|IR    888/  1275|CodeSize    5532|Addr 0x7fb74fc04ee0|Timestamp 226714170248569|Src n/a
[engine] opt done   id=1324  ProtosRootNode@309229a                             |Tier 1|Time   220(  27+193 )ms|AST    7|Inlined   0Y   0N|IR   4642/ 17482|CodeSize   90120|Addr 0x7fb74fcbcb80|Timestamp 226714390857472|Src n/a
[engine] opt done   id=1424  ProtosRootNode@71e5780e                            |Tier 1|Time    30(   9+20  )ms|AST    2|Inlined   0Y   0N|IR    591/  1658|CodeSize    7561|Addr 0x7fb74fcb84a0|Timestamp 226714614411538|Src n/a
[engine] opt done   id=1425  ProtosRootNode@10fe7f79                            |Tier 1|Time  2324( 148+2176)ms|AST   21|Inlined   0Y   0N|IR  20851/ 81773|CodeSize  436754|Addr 0x7fb7502843a0|Timestamp 226716940096131|Src n/a
[engine] opt done   id=1420  ProtosRootNode@5036c149                            |Tier 1|Time    23(  11+12  )ms|AST    2|Inlined   0Y   0N|IR    888/  1275|CodeSize    5532|Addr 0x7fb74fc026e0|Timestamp 226716994126321|Src n/a
[engine] opt done   id=1421  ProtosRootNode@1e593be3                            |Tier 1|Time   721(  72+649 )ms|AST   11|Inlined   0Y   0N|IR  10711/ 39220|CodeSize  206041|Addr 0x7fb750480f40|Timestamp 226717715362366|Src n/a
[engine] opt done   id=1422  ProtosRootNode@4c11b47d                            |Tier 1|Time    15(   4+10  )ms|AST    2|Inlined   0Y   0N|IR    888/  1275|CodeSize    5532|Addr 0x7fb750cd43e0|Timestamp 226717731262728|Src n/a
[engine] opt done   id=1423  ProtosRootNode@1d8fa80                             |Tier 1|Time  2035( 167+1868)ms|AST   20|Inlined   0Y   0N|IR  20353/ 75041|CodeSize  397465|Addr 0x7fb7503e5c40|Timestamp 226719768240407|Src n/a
[engine] opt done   id=1424  ProtosRootNode@71e5780e                            |Tier 2|Time    24(   8+16  )ms|AST    2|Inlined   0Y   0N|IR    518/  1448|CodeSize    7174|Addr 0x7fb7503dd1e0|Timestamp 226719860882216|Src n/a
[engine] opt done   id=1425  ProtosRootNode@10fe7f79                            |Tier 2|Time  2200( 150+2051)ms|AST   21|Inlined   0Y   0N|IR  20778/ 68815|CodeSize  387532|Addr 0x7fb750a15aa0|Timestamp 226722061638776|Src n/a
[engine] opt done   id=1420  ProtosRootNode@5036c149                            |Tier 2|Time    17(   4+13  )ms|AST    2|Inlined   0Y   0N|IR    815/   944|CodeSize    4429|Addr 0x7fb7503daf80|Timestamp 226722156935557|Src n/a
[engine] opt done   id=1421  ProtosRootNode@1e593be3                            |Tier 2|Time   785(  63+722 )ms|AST   11|Inlined   0Y   0N|IR  10638/ 32814|CodeSize  176872|Addr 0x7fb75023b960|Timestamp 226722941986469|Src n/a
[engine] opt done   id=1422  ProtosRootNode@4c11b47d                            |Tier 2|Time    24(   5+20  )ms|AST    2|Inlined   0Y   0N|IR    815/   944|CodeSize    4429|Addr 0x7fb7503d8e00|Timestamp 226722970668160|Src n/a
[engine] opt done   id=1423  ProtosRootNode@1d8fa80                             |Tier 2|Time  1968( 150+1817)ms|AST   20|Inlined   0Y   0N|IR  20280/ 62658|CodeSize  342484|Addr 0x7fb7505b9900|Timestamp 226724938542628|Src n/a
[engine] opt done   id=1426  ProtosRootNode@2e645f3b                            |Tier 1|Time    31(   6+26  )ms|AST    2|Inlined   0Y   0N|IR    888/  2671|CodeSize   13140|Addr 0x7fb750233ec0|Timestamp 226724991488297|Src n/a
[engine] opt failed id=1427  ProtosRootNode@14d7e05d                            |Tier 1|Time   58(-226724994+226725051)ms|Reason: jdk.graal.compiler.truffle.GraphTooBigBailoutException: Graph too big to safely compile. Node count: 50681. Graph Size: 150026. Limit: 150000.|Timestamp 226725051410571|Src n/a
[engine] opt failed id=1427  ProtosRootNode@14d7e05d                            |Tier 1|Time   47(-226725052+226725099)ms|Reason: jdk.graal.compiler.truffle.GraphTooBigBailoutException: Graph too big to safely compile. Node count: 50681. Graph Size: 150026. Limit: 150000.|Timestamp 226725099118507|Src n/a
[engine] opt done   id=1414  ProtosRootNode@1446e86e                            |Tier 1|Time    15(   5+11  )ms|AST    2|Inlined   0Y   0N|IR    888/  1275|CodeSize    5532|Addr 0x7fb7502314e0|Timestamp 226725121122153|Src n/a
[engine] opt done   id=1415  ProtosRootNode@2c7f97ce                            |Tier 1|Time   219(  24+195 )ms|AST    7|Inlined   0Y   0N|IR   4642/ 17482|CodeSize   90120|Addr 0x7fb74fd6e280|Timestamp 226725342771577|Src n/a
[engine] opt done   id=1515  ProtosRootNode@3a9bb231                            |Tier 1|Time    16(   4+12  )ms|AST    2|Inlined   0Y   0N|IR    591/  1658|CodeSize    7561|Addr 0x7fb74fd69ba0|Timestamp 226725552237332|Src n/a
[engine] opt done   id=1516  ProtosRootNode@2d9f6d9f                            |Tier 1|Time  2186( 148+2038)ms|AST   21|Inlined   0Y   0N|IR  20851/ 81773|CodeSize  436754|Addr 0x7fb750511b20|Timestamp 226727738381892|Src n/a
[engine] opt done   id=1511  ProtosRootNode@43e978ad                            |Tier 1|Time    15(   5+10  )ms|AST    2|Inlined   0Y   0N|IR    888/  1275|CodeSize    5532|Addr 0x7fb750cd1be0|Timestamp 226727790748531|Src n/a
[engine] opt done   id=1512  ProtosRootNode@20dee020                            |Tier 1|Time   706(  62+643 )ms|AST   11|Inlined   0Y   0N|IR  10711/ 39220|CodeSize  206041|Addr 0x7fb7509c1540|Timestamp 226728496820533|Src n/a
[engine] opt done   id=1513  ProtosRootNode@236c6f4c                            |Tier 1|Time    14(   4+10  )ms|AST    2|Inlined   0Y   0N|IR    888/  1275|CodeSize    5532|Addr 0x7fb7509bc3e0|Timestamp 226728511605855|Src n/a
[engine] opt done   id=1514  ProtosRootNode@5fae4b4f                            |Tier 1|Time  2049( 212+1837)ms|AST   20|Inlined   0Y   0N|IR  20353/ 75041|CodeSize  397465|Addr 0x7fb7500fdb40|Timestamp 226730562445674|Src n/a
[engine] opt done   id=1515  ProtosRootNode@3a9bb231                            |Tier 2|Time    20(   4+16  )ms|AST    2|Inlined   0Y   0N|IR    518/  1448|CodeSize    7174|Addr 0x7fb7509b8ee0|Timestamp 226730686334345|Src n/a
[engine] opt done   id=1516  ProtosRootNode@2d9f6d9f                            |Tier 2|Time  2293( 228+2065)ms|AST   21|Inlined   0Y   0N|IR  20778/ 68815|CodeSize  387532|Addr 0x7fb750068aa0|Timestamp 226732981034135|Src n/a
[engine] opt done   id=1511  ProtosRootNode@43e978ad                            |Tier 2|Time    18(   4+13  )ms|AST    2|Inlined   0Y   0N|IR    815/   944|CodeSize    4429|Addr 0x7fb7509b6c80|Timestamp 226733074887415|Src n/a
[engine] opt done   id=1512  ProtosRootNode@20dee020                            |Tier 2|Time   800(  62+737 )ms|AST   11|Inlined   0Y   0N|IR  10638/ 32814|CodeSize  176872|Addr 0x7fb750021360|Timestamp 226733874815567|Src n/a
[engine] opt done   id=1513  ProtosRootNode@236c6f4c                            |Tier 2|Time    34(   7+27  )ms|AST    2|Inlined   0Y   0N|IR    815/   944|CodeSize    4429|Addr 0x7fb7509b4b00|Timestamp 226733917551259|Src n/a
[engine] opt done   id=1514  ProtosRootNode@5fae4b4f                            |Tier 2|Time  1985( 155+1830)ms|AST   20|Inlined   0Y   0N|IR  20280/ 62658|CodeSize  342484|Addr 0x7fb750de2980|Timestamp 226735902842439|Src n/a
[engine] opt done   id=1517  ProtosRootNode@65b18cb                             |Tier 1|Time    31(   5+26  )ms|AST    2|Inlined   0Y   0N|IR    888/  2671|CodeSize   13140|Addr 0x7fb7509aef40|Timestamp 226735955660898|Src n/a
[engine] opt failed id=1518  ProtosRootNode@4a459e1c                            |Tier 1|Time   46(-226735956+226736002)ms|Reason: jdk.graal.compiler.truffle.GraphTooBigBailoutException: Graph too big to safely compile. Node count: 50681. Graph Size: 150026. Limit: 150000.|Timestamp 226736002395223|Src n/a
[engine] opt failed id=1518  ProtosRootNode@4a459e1c                            |Tier 1|Time   46(-226736003+226736049)ms|Reason: jdk.graal.compiler.truffle.GraphTooBigBailoutException: Graph too big to safely compile. Node count: 50681. Graph Size: 150026. Limit: 150000.|Timestamp 226736049274387|Src n/a
[engine] opt done   id=1505  ProtosRootNode@746077e8                            |Tier 1|Time    15(   4+11  )ms|AST    2|Inlined   0Y   0N|IR    888/  1275|CodeSize    5532|Addr 0x7fb7509ac560|Timestamp 226736070228383|Src n/a
[engine] opt done   id=1506  ProtosRootNode@c6dbd35                             |Tier 1|Time   217(  24+193 )ms|AST    7|Inlined   0Y   0N|IR   4642/ 17482|CodeSize   90120|Addr 0x7fb74fffbb80|Timestamp 226736287625634|Src n/a
[engine] opt done   id=1606  ProtosRootNode@7e57da1                             |Tier 1|Time    31(   7+24  )ms|AST    2|Inlined   0Y   0N|IR    591/  1658|CodeSize    7561|Addr 0x7fb74fff74a0|Timestamp 226736517627404|Src n/a
[engine] opt done   id=1607  ProtosRootNode@434f4bef                            |Tier 1|Time  2192( 161+2030)ms|AST   21|Inlined   0Y   0N|IR  20851/ 81773|CodeSize  436754|Addr 0x7fb750e68420|Timestamp 226738712136159|Src n/a
[engine] opt done   id=1602  ProtosRootNode@20dbbe49                            |Tier 1|Time    15(   5+10  )ms|AST    2|Inlined   0Y   0N|IR    888/  1275|CodeSize    5532|Addr 0x7fb74fff4c60|Timestamp 226738766090299|Src n/a
[engine] opt done   id=1603  ProtosRootNode@6cbc3384                            |Tier 1|Time   724(  64+660 )ms|AST   11|Inlined   0Y   0N|IR  10711/ 39220|CodeSize  206041|Addr 0x7fb750f0f140|Timestamp 226739490138605|Src n/a
[engine] opt done   id=1604  ProtosRootNode@3bad0251                            |Tier 1|Time    15(   5+10  )ms|AST    2|Inlined   0Y   0N|IR    888/  1275|CodeSize    5532|Addr 0x7fb7509a9d60|Timestamp 226739523835450|Src n/a
[engine] opt done   id=1605  ProtosRootNode@1e943e44                            |Tier 1|Time  2058( 140+1918)ms|AST   20|Inlined   0Y   0N|IR  20353/ 75041|CodeSize  397465|Addr 0x7fb750f648c0|Timestamp 226741583120185|Src n/a
[engine] opt done   id=1606  ProtosRootNode@7e57da1                             |Tier 2|Time    20(   4+16  )ms|AST    2|Inlined   0Y   0N|IR    518/  1448|CodeSize    7174|Addr 0x7fb7509a44e0|Timestamp 226741717341354|Src n/a
[engine] opt done   id=1607  ProtosRootNode@434f4bef                            |Tier 2|Time  2105( 139+1967)ms|AST   21|Inlined   0Y   0N|IR  20778/ 68815|CodeSize  387532|Addr 0x7fb7510015a0|Timestamp 226743824708915|Src n/a
[engine] opt done   id=1602  ProtosRootNode@20dbbe49                            |Tier 2|Time    17(   4+13  )ms|AST    2|Inlined   0Y   0N|IR    815/   944|CodeSize    4429|Addr 0x7fb750ccfa00|Timestamp 226743907229906|Src n/a
[engine] opt done   id=1603  ProtosRootNode@6cbc3384                            |Tier 2|Time  1124( 131+992 )ms|AST   11|Inlined   0Y   0N|IR  10638/ 32814|CodeSize  176872|Addr 0x7fb751092f60|Timestamp 226745032860329|Src n/a
[engine] opt done   id=1604  ProtosRootNode@3bad0251                            |Tier 2|Time    23(   4+19  )ms|AST    2|Inlined   0Y   0N|IR    815/   944|CodeSize    4429|Addr 0x7fb750ccd880|Timestamp 226745059571199|Src n/a
[engine] opt done   id=1605  ProtosRootNode@1e943e44                            |Tier 2|Time  1906( 190+1716)ms|AST   20|Inlined   0Y   0N|IR  20280/ 62658|CodeSize  342484|Addr 0x7fb7510d9d80|Timestamp 226746968896103|Src n/a
[engine] opt done   id=1608  ProtosRootNode@47c9b70e                            |Tier 1|Time    23(   5+18  )ms|AST    2|Inlined   0Y   0N|IR    888/  2671|CodeSize   13140|Addr 0x7fb750cc7cc0|Timestamp 226747037909104|Src n/a
[engine] opt failed id=1609  ProtosRootNode@79788de9                            |Tier 1|Time   49(-226747038+226747087)ms|Reason: jdk.graal.compiler.truffle.GraphTooBigBailoutException: Graph too big to safely compile. Node count: 50681. Graph Size: 150026. Limit: 150000.|Timestamp 226747087335850|Src n/a
[engine] opt failed id=1609  ProtosRootNode@79788de9                            |Tier 1|Time   47(-226747102+226747150)ms|Reason: jdk.graal.compiler.truffle.GraphTooBigBailoutException: Graph too big to safely compile. Node count: 50681. Graph Size: 150026. Limit: 150000.|Timestamp 226747149879287|Src n/a
[engine] opt done   id=1596  ProtosRootNode@439f70a8                            |Tier 1|Time    14(   4+10  )ms|AST    2|Inlined   0Y   0N|IR    888/  1275|CodeSize    5532|Addr 0x7fb750cc52e0|Timestamp 226747168411310|Src n/a
[engine] opt done   id=1597  ProtosRootNode@27e00fc7                            |Tier 1|Time   208(  25+184 )ms|AST    7|Inlined   0Y   0N|IR   4642/ 17482|CodeSize   90120|Addr 0x7fb7504e8b80|Timestamp 226747376973905|Src n/a
[engine] opt done   id=1697  ProtosRootNode@114f8ac8                            |Tier 1|Time    21(   7+14  )ms|AST    2|Inlined   0Y   0N|IR    591/  1658|CodeSize    7561|Addr 0x7fb750cc1c20|Timestamp 226747590762923|Src n/a
[engine] opt done   id=1698  ProtosRootNode@54493705                            |Tier 1|Time  2186( 144+2042)ms|AST   21|Inlined   0Y   0N|IR  20851/ 81773|CodeSize  436754|Addr 0x7fb75115f820|Timestamp 226749776801721|Src n/a
[engine] opt done   id=1693  ProtosRootNode@11c18e92                            |Tier 1|Time    42(   4+38  )ms|AST    2|Inlined   0Y   0N|IR    888/  1275|CodeSize    5532|Addr 0x7fb74f214ee0|Timestamp 226749847415954|Src n/a
[engine] opt done   id=1694  ProtosRootNode@4e7e8e81                            |Tier 1|Time   671(  61+610 )ms|AST   11|Inlined   0Y   0N|IR  10711/ 39220|CodeSize  206041|Addr 0x7fb74f6e3940|Timestamp 226750519069291|Src n/a
[engine] opt done   id=1695  ProtosRootNode@1de38034                            |Tier 1|Time    14(   4+10  )ms|AST    2|Inlined   0Y   0N|IR    888/  1275|CodeSize    5532|Addr 0x7fb74f297be0|Timestamp 226750534334622|Src n/a
[engine] opt done   id=1696  ProtosRootNode@312d4c71                            |Tier 1|Time  1977( 153+1823)ms|AST   20|Inlined   0Y   0N|IR  20353/ 75041|CodeSize  397465|Addr 0x7fb74f29ff40|Timestamp 226752511154065|Src n/a
[engine] opt done   id=1697  ProtosRootNode@114f8ac8                            |Tier 2|Time    21(   4+16  )ms|AST    2|Inlined   0Y   0N|IR    518/  1448|CodeSize    7174|Addr 0x7fb74f346a60|Timestamp 226752599598591|Src n/a
[engine] opt done   id=1698  ProtosRootNode@54493705                            |Tier 2|Time  2121( 141+1980)ms|AST   21|Inlined   0Y   0N|IR  20778/ 68815|CodeSize  387532|Addr 0x7fb74f3564a0|Timestamp 226754720923551|Src n/a
[engine] opt done   id=1693  ProtosRootNode@11c18e92                            |Tier 2|Time    17(   5+13  )ms|AST    2|Inlined   0Y   0N|IR    815/   944|CodeSize    4429|Addr 0x7fb74f46ca00|Timestamp 226754809026596|Src n/a
[engine] opt done   id=1694  ProtosRootNode@4e7e8e81                            |Tier 2|Time   767(  61+706 )ms|AST   11|Inlined   0Y   0N|IR  10638/ 32814|CodeSize  176872|Addr 0x7fb74f3ff1e0|Timestamp 226755576272404|Src n/a
[engine] opt done   id=1695  ProtosRootNode@1de38034                            |Tier 2|Time    17(   4+13  )ms|AST    2|Inlined   0Y   0N|IR    815/   944|CodeSize    4429|Addr 0x7fb74fa23200|Timestamp 226755624728580|Src n/a
[engine] opt done   id=1696  ProtosRootNode@312d4c71                            |Tier 2|Time  1908( 146+1762)ms|AST   20|Inlined   0Y   0N|IR  20280/ 62658|CodeSize  342484|Addr 0x7fb74f476e80|Timestamp 226757533069542|Src n/a
[engine] opt done   id=1699  ProtosRootNode@2ddbf0d1                            |Tier 1|Time    23(   4+18  )ms|AST    2|Inlined   0Y   0N|IR    888/  2671|CodeSize   13140|Addr 0x7fb74f5e0ac0|Timestamp 226757610134649|Src n/a
[engine] opt failed id=1700  ProtosRootNode@51bdd2cc                            |Tier 1|Time   45(-226757610+226757656)ms|Reason: jdk.graal.compiler.truffle.GraphTooBigBailoutException: Graph too big to safely compile. Node count: 50681. Graph Size: 150026. Limit: 150000.|Timestamp 226757655733703|Src n/a
[engine] opt failed id=1700  ProtosRootNode@51bdd2cc                            |Tier 1|Time   47(-226757666+226757713)ms|Reason: jdk.graal.compiler.truffle.GraphTooBigBailoutException: Graph too big to safely compile. Node count: 50681. Graph Size: 150026. Limit: 150000.|Timestamp 226757713464626|Src n/a
[engine] opt done   id=1687  ProtosRootNode@59851065                            |Tier 1|Time    14(   4+9   )ms|AST    2|Inlined   0Y   0N|IR    888/  1275|CodeSize    5532|Addr 0x7fb74f6d79e0|Timestamp 226757727407096|Src n/a
[engine] opt done   id=1688  ProtosRootNode@1d0df591                            |Tier 1|Time   210(  25+185 )ms|AST    7|Inlined   0Y   0N|IR   4642/ 17482|CodeSize   90120|Addr 0x7fb74f5f0c80|Timestamp 226757937621382|Src n/a
[engine] opt done   id=1788  ProtosRootNode@78c9b634                            |Tier 1|Time    29(   8+22  )ms|AST    2|Inlined   0Y   0N|IR    591/  1658|CodeSize    7561|Addr 0x7fb74f15eb20|Timestamp 226758140638152|Src n/a
[engine] opt done   id=1789  ProtosRootNode@38e65786                            |Tier 1|Time  2182( 156+2027)ms|AST   21|Inlined   0Y   0N|IR  20851/ 81773|CodeSize  436754|Addr 0x7fb74f16e220|Timestamp 226760324856588|Src n/a
[engine] opt done   id=1784  ProtosRootNode@1c143d67                            |Tier 1|Time    15(   4+10  )ms|AST    2|Inlined   0Y   0N|IR    888/  1275|CodeSize    5532|Addr 0x7fb74f947360|Timestamp 226760367777190|Src n/a
[engine] opt done   id=1785  ProtosRootNode@efe316b                             |Tier 1|Time   710(  75+635 )ms|AST   11|Inlined   0Y   0N|IR  10711/ 39220|CodeSize  206041|Addr 0x7fb74fa2b1c0|Timestamp 226761078031636|Src n/a
[engine] opt done   id=1786  ProtosRootNode@700a873d                            |Tier 1|Time    14(   4+9   )ms|AST    2|Inlined   0Y   0N|IR    888/  1275|CodeSize    5532|Addr 0x7fb74fd64c60|Timestamp 226761110896000|Src n/a
[engine] opt done   id=1787  ProtosRootNode@4383ad4f                            |Tier 1|Time  1865( 126+1739)ms|AST   20|Inlined   0Y   0N|IR  20353/ 75041|CodeSize  397465|Addr 0x7fb750770ec0|Timestamp 226762975954580|Src n/a
[engine] opt done   id=1788  ProtosRootNode@78c9b634                            |Tier 2|Time    20(   4+16  )ms|AST    2|Inlined   0Y   0N|IR    518/  1448|CodeSize    7174|Addr 0x7fb74f7d69e0|Timestamp 226763063357925|Src n/a
[engine] opt done   id=1789  ProtosRootNode@38e65786                            |Tier 2|Time  2155( 136+2019)ms|AST   21|Inlined   0Y   0N|IR  20778/ 68815|CodeSize  387532|Addr 0x7fb74f7de520|Timestamp 226765219140370|Src n/a
[engine] opt done   id=1784  ProtosRootNode@1c143d67                            |Tier 2|Time    18(   4+13  )ms|AST    2|Inlined   0Y   0N|IR    815/   944|CodeSize    4429|Addr 0x7fb74fef2700|Timestamp 226765300235040|Src n/a
[engine] opt done   id=1785  ProtosRootNode@efe316b                             |Tier 2|Time   816(  62+754 )ms|AST   11|Inlined   0Y   0N|IR  10638/ 32814|CodeSize  176872|Addr 0x7fb74f8786e0|Timestamp 226766116609564|Src n/a
[engine] opt done   id=1786  ProtosRootNode@700a873d                            |Tier 2|Time    23(   4+19  )ms|AST    2|Inlined   0Y   0N|IR    815/   944|CodeSize    4429|Addr 0x7fb74f874680|Timestamp 226766143344294|Src n/a
[engine] opt done   id=1787  ProtosRootNode@4383ad4f                            |Tier 2|Time  2031( 132+1899)ms|AST   20|Inlined   0Y   0N|IR  20280/ 62658|CodeSize  342484|Addr 0x7fb74fe71f80|Timestamp 226768174195656|Src n/a
[engine] opt done   id=1790  ProtosRootNode@26cab653                            |Tier 1|Time    23(   4+18  )ms|AST    2|Inlined   0Y   0N|IR    888/  2671|CodeSize   13140|Addr 0x7fb74ffc2840|Timestamp 226768249873792|Src n/a
[engine] opt failed id=1791  ProtosRootNode@389b1710                            |Tier 1|Time   47(-226768250+226768297)ms|Reason: jdk.graal.compiler.truffle.GraphTooBigBailoutException: Graph too big to safely compile. Node count: 50681. Graph Size: 150026. Limit: 150000.|Timestamp 226768297244888|Src n/a
[engine] opt failed id=1791  ProtosRootNode@389b1710                            |Tier 1|Time   53(-226768304+226768357)ms|Reason: jdk.graal.compiler.truffle.GraphTooBigBailoutException: Graph too big to safely compile. Node count: 50681. Graph Size: 150026. Limit: 150000.|Timestamp 226768357084152|Src n/a
[engine] opt done   id=1778  ProtosRootNode@4c04a730                            |Tier 1|Time    17(   5+12  )ms|AST    2|Inlined   0Y   0N|IR    888/  1275|CodeSize    5532|Addr 0x7fb7509760e0|Timestamp 226768379289348|Src n/a
[engine] opt done   id=1779  ProtosRootNode@dd00e6c                             |Tier 1|Time   244(  31+213 )ms|AST    7|Inlined   0Y   0N|IR   4642/ 17482|CodeSize   90120|Addr 0x7fb74f94b480|Timestamp 226768623152749|Src n/a
[engine] opt done   id=1879  ProtosRootNode@6a80031                             |Tier 1|Time    36(   7+29  )ms|AST    2|Inlined   0Y   0N|IR    591/  1658|CodeSize    7561|Addr 0x7fb7503293a0|Timestamp 226768863496036|Src n/a
[engine] opt done   id=1880  ProtosRootNode@4fb673de                            |Tier 1|Time  2280( 187+2092)ms|AST   21|Inlined   0Y   0N|IR  20851/ 81773|CodeSize  436754|Addr 0x7fb750333920|Timestamp 226771143487803|Src n/a
[engine] opt done   id=1875  ProtosRootNode@2dd8ae75                            |Tier 1|Time    14(   5+9   )ms|AST    2|Inlined   0Y   0N|IR    888/  1275|CodeSize    5532|Addr 0x7fb7509a1460|Timestamp 226771184380063|Src n/a
[engine] opt done   id=1876  ProtosRootNode@4ad5a752                            |Tier 1|Time   751(  63+688 )ms|AST   11|Inlined   0Y   0N|IR  10711/ 39220|CodeSize  206041|Addr 0x7fb7507188c0|Timestamp 226771935818159|Src n/a
[engine] opt done   id=1877  ProtosRootNode@4c111f67                            |Tier 1|Time    14(   5+10  )ms|AST    2|Inlined   0Y   0N|IR    888/  1275|CodeSize    5532|Addr 0x7fb7509a51e0|Timestamp 226771950822611|Src n/a
[engine] opt done   id=1878  ProtosRootNode@2cf65910                            |Tier 1|Time  2144( 184+1960)ms|AST   20|Inlined   0Y   0N|IR  20353/ 75041|CodeSize  397465|Addr 0x7fb750aaae40|Timestamp 226774095018917|Src n/a
[engine] opt done   id=1879  ProtosRootNode@6a80031                             |Tier 2|Time    20(   3+16  )ms|AST    2|Inlined   0Y   0N|IR    518/  1448|CodeSize    7174|Addr 0x7fb750cdb560|Timestamp 226774193942260|Src n/a
[engine] opt done   id=1880  ProtosRootNode@4fb673de                            |Tier 2|Time  2318( 173+2145)ms|AST   21|Inlined   0Y   0N|IR  20778/ 68815|CodeSize  387532|Addr 0x7fb74fb25920|Timestamp 226776512147535|Src n/a
[engine] opt done   id=1875  ProtosRootNode@2dd8ae75                            |Tier 2|Time    19(   5+14  )ms|AST    2|Inlined   0Y   0N|IR    815/   944|CodeSize    4429|Addr 0x7fb74fb1f400|Timestamp 226776617617513|Src n/a
[engine] opt done   id=1876  ProtosRootNode@4ad5a752                            |Tier 2|Time   798(  68+731 )ms|AST   11|Inlined   0Y   0N|IR  10638/ 32814|CodeSize  176872|Addr 0x7fb74fef9660|Timestamp 226777416049953|Src n/a
[engine] opt done   id=1877  ProtosRootNode@4c111f67                            |Tier 2|Time    26(   5+22  )ms|AST    2|Inlined   0Y   0N|IR    815/   944|CodeSize    4429|Addr 0x7fb74fef5600|Timestamp 226777450626209|Src n/a
[engine] opt done   id=1878  ProtosRootNode@2cf65910                            |Tier 2|Time  2004( 152+1852)ms|AST   20|Inlined   0Y   0N|IR  20280/ 62658|CodeSize  342484|Addr 0x7fb74ff41f00|Timestamp 226779454969521|Src n/a
[engine] opt done   id=1881  ProtosRootNode@f9ee21f                             |Tier 1|Time    29(   9+19  )ms|AST    2|Inlined   0Y   0N|IR    888/  2671|CodeSize   13140|Addr 0x7fb74f8c17c0|Timestamp 226779523317442|Src n/a
[engine] opt failed id=1882  ProtosRootNode@10908264                            |Tier 1|Time   46(-226779524+226779570)ms|Reason: jdk.graal.compiler.truffle.GraphTooBigBailoutException: Graph too big to safely compile. Node count: 50681. Graph Size: 150026. Limit: 150000.|Timestamp 226779569913736|Src n/a
[engine] opt failed id=1882  ProtosRootNode@10908264                            |Tier 1|Time   47(-226779579+226779627)ms|Reason: jdk.graal.compiler.truffle.GraphTooBigBailoutException: Graph too big to safely compile. Node count: 50681. Graph Size: 150026. Limit: 150000.|Timestamp 226779626743618|Src n/a
[engine] opt done   id=1869  ProtosRootNode@651628c4                            |Tier 1|Time    15(   4+11  )ms|AST    2|Inlined   0Y   0N|IR    888/  1275|CodeSize    5532|Addr 0x7fb74f8bede0|Timestamp 226779642167900|Src n/a
[engine] opt done   id=1870  ProtosRootNode@69431551                            |Tier 1|Time   218(  25+193 )ms|AST    7|Inlined   0Y   0N|IR   4642/ 17482|CodeSize   90120|Addr 0x7fb75063f000|Timestamp 226779860605861|Src n/a
