HARNESS_REVISION=7c701e767f7f676b3af7f78fa99ecc93dafc4410
PROTOS_REVISION=d66841adb0b820047ed079f0bc7d643873f23194
PROTOS_VERSION=0.2.180-SNAPSHOT
CPUSET=0
ITERATIONS=20
phase=01 build exact control image
CONTROL_IMAGE_BUILD: PASS
CORRECTNESS: PASS variant=control result=528
phase=02 build A4g preparation-unit image
BOUNDARY_IMAGE_BUILD: PASS
BOUNDARY_SOURCE_CHECK: PASS
CORRECTNESS: PASS variant=boundary result=528
phase=03 control TraceCompilation
control_opt_done=316
control_opt_failed=40
control_graph_too_big=40
control_graph_shapes=50681:150026:150000
phase=04 A4g boundary TraceCompilation
boundary_opt_done=336
boundary_opt_failed=0
boundary_graph_too_big=0
boundary_graph_shapes=NONE
A4G_HYPOTHESIS=SUPPORTED
A4G_REASON=immediate-preparation boundary eliminated the A4a residual GraphTooBig
PERF003A_A4G_EXPERIMENT: PASS
TIMING_EVIDENCE: NO
PROTOS_REPOSITORY_CHANGED: NO
