$ taskset -c 0 java -Dprotos.benchmarks.peer.language=js -cp /workspaces/protos-benchmarks/.work/embedded/peer-25.4.4.1.1/executable-value/d0088eaa89ece882c7363b6d2a332ffbdffae8594feb7a0767135a1f7f2b5cd4/classes:/home/vscode/.m2/repository/org/graalvm/polyglot/polyglot/25.4.4.1.1/polyglot-25.4.4.1.1.jar:/home/vscode/.m2/repository/org/graalvm/sdk/collections/25.4.4.1.1/collections-25.4.4.1.1.jar:/home/vscode/.m2/repository/org/graalvm/sdk/nativeimage/25.4.4.1.1/nativeimage-25.4.4.1.1.jar:/home/vscode/.m2/repository/org/graalvm/sdk/word/25.4.4.1.1/word-25.4.4.1.1.jar:/home/vscode/.m2/repository/org/graalvm/polyglot/js/25.4.4.1.1/js-25.4.4.1.1.pom:/home/vscode/.m2/repository/org/graalvm/js/js/25.4.4.1.1/js-25.4.4.1.1.pom:/home/vscode/.m2/repository/org/graalvm/js/js-language/25.4.4.1.1/js-language-25.4.4.1.1.jar:/home/vscode/.m2/repository/org/graalvm/regex/regex/25.4.4.1.1/regex-25.4.4.1.1.jar:/home/vscode/.m2/repository/org/graalvm/truffle/truffle-api/25.4.4.1.1/truffle-api-25.4.4.1.1.jar:/home/vscode/.m2/repository/org/graalvm/sdk/jniutils/25.4.4.1.1/jniutils-25.4.4.1.1.jar:/home/vscode/.m2/repository/org/graalvm/shadowed/icu4j/25.4.4.1.1/icu4j-25.4.4.1.1.jar:/home/vscode/.m2/repository/org/graalvm/truffle/truffle-runtime/25.4.4.1.1/truffle-runtime-25.4.4.1.1.jar:/home/vscode/.m2/repository/org/graalvm/truffle/truffle-compiler/25.4.4.1.1/truffle-compiler-25.4.4.1.1.jar:/home/vscode/.m2/repository/org/graalvm/polyglot/python/25.4.4.1.1/python-25.4.4.1.1.pom:/home/vscode/.m2/repository/org/graalvm/python/python/25.4.4.1.1/python-25.4.4.1.1.pom:/home/vscode/.m2/repository/org/graalvm/python/python-language/25.4.4.1.1/python-language-25.4.4.1.1.jar:/home/vscode/.m2/repository/org/graalvm/tools/profiler-tool/25.4.4.1.1/profiler-tool-25.4.4.1.1.jar:/home/vscode/.m2/repository/org/graalvm/shadowed/json/25.4.4.1.1/json-25.4.4.1.1.jar:/home/vscode/.m2/repository/org/graalvm/shadowed/xz/25.4.4.1.1/xz-25.4.4.1.1.jar:/home/vscode/.m2/repository/org/graalvm/python/python-resources/25.4.4.1.1/python-resources-25.4.4.1.1.jar com.guillermomolina.protos.benchmarks.measure.peer.PeerExecutableSurface measure - /workspaces/protos-benchmarks/truffle/workloads/primitive-object-slot-read/primitive-object-slot-read.mjs 50 10 10000 -
WARNING: A restricted method in java.lang.System has been called
WARNING: java.lang.System::load has been called by com.oracle.truffle.polyglot.JDKSupport in an unnamed module (file:/home/vscode/.m2/repository/org/graalvm/truffle/truffle-api/25.4.4.1.1/truffle-api-25.4.4.1.1.jar)
WARNING: Use --enable-native-access=ALL-UNNAMED to avoid a warning for callers in this module
WARNING: Restricted methods will be blocked in a future release unless native access is enabled

WARNING: A terminally deprecated method in sun.misc.Unsafe has been called
WARNING: sun.misc.Unsafe::objectFieldOffset has been called by com.oracle.truffle.runtime.hotspot.HotSpotTruffleRuntime (file:/home/vscode/.m2/repository/org/graalvm/truffle/truffle-runtime/25.4.4.1.1/truffle-runtime-25.4.4.1.1.jar)
WARNING: Please consider reporting this to the maintainers of class com.oracle.truffle.runtime.hotspot.HotSpotTruffleRuntime
WARNING: sun.misc.Unsafe::objectFieldOffset will be removed in a future release
mode=jvm
surface=executable-value
language=js
run_mode=executable-value
source=/workspaces/protos-benchmarks/truffle/workloads/primitive-object-slot-read/primitive-object-slot-read.mjs
warmup_iterations=50
steady_iterations=10
sample_calls=10000
setup_ns=1041729556
sample phase=cold iteration=1 elapsed_ns=3987669
sample phase=warmup iteration=1 elapsed_ns=269197672
sample phase=warmup iteration=2 elapsed_ns=25774804
sample phase=warmup iteration=3 elapsed_ns=13843978
sample phase=warmup iteration=4 elapsed_ns=14367103
sample phase=warmup iteration=5 elapsed_ns=14095641
sample phase=warmup iteration=6 elapsed_ns=10074882
sample phase=warmup iteration=7 elapsed_ns=12337188
sample phase=warmup iteration=8 elapsed_ns=7216922
sample phase=warmup iteration=9 elapsed_ns=6208694
sample phase=warmup iteration=10 elapsed_ns=6205205
sample phase=warmup iteration=11 elapsed_ns=6205655
sample phase=warmup iteration=12 elapsed_ns=6327295
sample phase=warmup iteration=13 elapsed_ns=3908848
sample phase=warmup iteration=14 elapsed_ns=5276238
sample phase=warmup iteration=15 elapsed_ns=3513345
sample phase=warmup iteration=16 elapsed_ns=3518635
sample phase=warmup iteration=17 elapsed_ns=3670136
sample phase=warmup iteration=18 elapsed_ns=5124117
sample phase=warmup iteration=19 elapsed_ns=3474955
sample phase=warmup iteration=20 elapsed_ns=2974161
sample phase=warmup iteration=21 elapsed_ns=3158812
sample phase=warmup iteration=22 elapsed_ns=4329651
sample phase=warmup iteration=23 elapsed_ns=3530565
sample phase=warmup iteration=24 elapsed_ns=4180070
sample phase=warmup iteration=25 elapsed_ns=4173960
sample phase=warmup iteration=26 elapsed_ns=3307064
sample phase=warmup iteration=27 elapsed_ns=3172873
sample phase=warmup iteration=28 elapsed_ns=3167102
sample phase=warmup iteration=29 elapsed_ns=3295153
sample phase=warmup iteration=30 elapsed_ns=4192230
sample phase=warmup iteration=31 elapsed_ns=4571793
sample phase=warmup iteration=32 elapsed_ns=3141973
sample phase=warmup iteration=33 elapsed_ns=3018201
sample phase=warmup iteration=34 elapsed_ns=2423008
sample phase=warmup iteration=35 elapsed_ns=1534801
sample phase=warmup iteration=36 elapsed_ns=8691702
sample phase=warmup iteration=37 elapsed_ns=1046338
sample phase=warmup iteration=38 elapsed_ns=1880533
sample phase=warmup iteration=39 elapsed_ns=2661769
sample phase=warmup iteration=40 elapsed_ns=1046557
sample phase=warmup iteration=41 elapsed_ns=2662849
sample phase=warmup iteration=42 elapsed_ns=3239103
sample phase=warmup iteration=43 elapsed_ns=1052317
sample phase=warmup iteration=44 elapsed_ns=2669479
sample phase=warmup iteration=45 elapsed_ns=2217316
sample phase=warmup iteration=46 elapsed_ns=1055478
sample phase=warmup iteration=47 elapsed_ns=2433127
sample phase=warmup iteration=48 elapsed_ns=3308013
sample phase=warmup iteration=49 elapsed_ns=556684
sample phase=warmup iteration=50 elapsed_ns=2166776
sample phase=steady iteration=1 elapsed_ns=547614
sample phase=steady iteration=2 elapsed_ns=548654
sample phase=steady iteration=3 elapsed_ns=552114
sample phase=steady iteration=4 elapsed_ns=543944
sample phase=steady iteration=5 elapsed_ns=2163735
sample phase=steady iteration=6 elapsed_ns=545784
sample phase=steady iteration=7 elapsed_ns=552784
sample phase=steady iteration=8 elapsed_ns=2163996
sample phase=steady iteration=9 elapsed_ns=551304
sample phase=steady iteration=10 elapsed_ns=546684
result=1
