$ taskset -c 0 java -cp /workspaces/protos-benchmarks/.work/embedded/997f633755574bab438897379229b75ace2bd733/canonical/56c598ef559eb45ffbe2fdb5747559be39d1620490cb45998b52efa800949b82/classes:/workspaces/protos/target/classes:/home/vscode/.m2/repository/org/jline/jline/3.30.6/jline-3.30.6.jar:/home/vscode/.m2/repository/com/ibm/icu/icu4j/78.1/icu4j-78.1.jar:/home/vscode/.m2/repository/org/graalvm/sdk/graal-sdk/25.4.4.1.1/graal-sdk-25.4.4.1.1.jar:/home/vscode/.m2/repository/org/graalvm/sdk/collections/25.4.4.1.1/collections-25.4.4.1.1.jar:/home/vscode/.m2/repository/org/graalvm/sdk/nativeimage/25.4.4.1.1/nativeimage-25.4.4.1.1.jar:/home/vscode/.m2/repository/org/graalvm/sdk/word/25.4.4.1.1/word-25.4.4.1.1.jar:/home/vscode/.m2/repository/org/graalvm/polyglot/polyglot/25.4.4.1.1/polyglot-25.4.4.1.1.jar:/home/vscode/.m2/repository/org/graalvm/truffle/truffle-api/25.4.4.1.1/truffle-api-25.4.4.1.1.jar:/home/vscode/.m2/repository/org/graalvm/sdk/jniutils/25.4.4.1.1/jniutils-25.4.4.1.1.jar:/home/vscode/.m2/repository/org/graalvm/truffle/truffle-runtime/25.4.4.1.1/truffle-runtime-25.4.4.1.1.jar:/home/vscode/.m2/repository/org/graalvm/truffle/truffle-compiler/25.4.4.1.1/truffle-compiler-25.4.4.1.1.jar:/home/vscode/.m2/repository/org/graalvm/polyglot/dap/25.4.4.1.1/dap-25.4.4.1.1.pom:/home/vscode/.m2/repository/org/graalvm/tools/dap-tool/25.4.4.1.1/dap-tool-25.4.4.1.1.jar:/home/vscode/.m2/repository/org/graalvm/shadowed/json/25.4.4.1.1/json-25.4.4.1.1.jar:/home/vscode/.m2/repository/org/eclipse/lsp4j/org.eclipse.lsp4j/1.0.0/org.eclipse.lsp4j-1.0.0.jar:/home/vscode/.m2/repository/org/eclipse/lsp4j/org.eclipse.lsp4j.jsonrpc/1.0.0/org.eclipse.lsp4j.jsonrpc-1.0.0.jar:/home/vscode/.m2/repository/com/google/code/gson/gson/2.14.0/gson-2.14.0.jar:/home/vscode/.m2/repository/com/google/errorprone/error_prone_annotations/2.48.0/error_prone_annotations-2.48.0.jar:/home/vscode/.m2/repository/org/junit/jupiter/junit-jupiter/5.10.2/junit-jupiter-5.10.2.jar:/home/vscode/.m2/repository/org/junit/jupiter/junit-jupiter-api/5.10.2/junit-jupiter-api-5.10.2.jar:/home/vscode/.m2/repository/org/opentest4j/opentest4j/1.3.0/opentest4j-1.3.0.jar:/home/vscode/.m2/repository/org/junit/platform/junit-platform-commons/1.10.2/junit-platform-commons-1.10.2.jar:/home/vscode/.m2/repository/org/apiguardian/apiguardian-api/1.1.2/apiguardian-api-1.1.2.jar:/home/vscode/.m2/repository/org/junit/jupiter/junit-jupiter-params/5.10.2/junit-jupiter-params-5.10.2.jar:/home/vscode/.m2/repository/org/junit/jupiter/junit-jupiter-engine/5.10.2/junit-jupiter-engine-5.10.2.jar:/home/vscode/.m2/repository/org/junit/platform/junit-platform-engine/1.10.2/junit-platform-engine-1.10.2.jar com.guillermomolina.protos.benchmarks.measure.protos.ProtosCanonicalSurface measure /workspaces/protos/protos/lib/core /workspaces/protos-benchmarks/truffle/workloads/primitive-closure-call/primitive-closure-call.protos 50 10 10000 -
WARNING: A restricted method in java.lang.System has been called
WARNING: java.lang.System::load has been called by com.oracle.truffle.polyglot.JDKSupport in an unnamed module (file:/home/vscode/.m2/repository/org/graalvm/truffle/truffle-api/25.4.4.1.1/truffle-api-25.4.4.1.1.jar)
WARNING: Use --enable-native-access=ALL-UNNAMED to avoid a warning for callers in this module
WARNING: Restricted methods will be blocked in a future release unless native access is enabled

WARNING: A terminally deprecated method in sun.misc.Unsafe has been called
WARNING: sun.misc.Unsafe::objectFieldOffset has been called by com.oracle.truffle.runtime.hotspot.HotSpotTruffleRuntime (file:/home/vscode/.m2/repository/org/graalvm/truffle/truffle-runtime/25.4.4.1.1/truffle-runtime-25.4.4.1.1.jar)
WARNING: Please consider reporting this to the maintainers of class com.oracle.truffle.runtime.hotspot.HotSpotTruffleRuntime
WARNING: sun.misc.Unsafe::objectFieldOffset will be removed in a future release
mode=jvm
surface=canonical
language=protos
run_mode=canonical
source=/workspaces/protos-benchmarks/truffle/workloads/primitive-closure-call/primitive-closure-call.protos
warmup_iterations=50
steady_iterations=10
sample_calls=10000
setup_ns=1022646471
sample phase=cold iteration=1 elapsed_ns=21248404
sample phase=warmup iteration=1 elapsed_ns=598281704
sample phase=warmup iteration=2 elapsed_ns=279527932
sample phase=warmup iteration=3 elapsed_ns=116370067
sample phase=warmup iteration=4 elapsed_ns=73608245
sample phase=warmup iteration=5 elapsed_ns=53380277
sample phase=warmup iteration=6 elapsed_ns=58131117
sample phase=warmup iteration=7 elapsed_ns=43493595
sample phase=warmup iteration=8 elapsed_ns=40459075
sample phase=warmup iteration=9 elapsed_ns=36853603
sample phase=warmup iteration=10 elapsed_ns=35615445
sample phase=warmup iteration=11 elapsed_ns=25336650
sample phase=warmup iteration=12 elapsed_ns=27779246
sample phase=warmup iteration=13 elapsed_ns=20595860
sample phase=warmup iteration=14 elapsed_ns=20048677
sample phase=warmup iteration=15 elapsed_ns=19652414
sample phase=warmup iteration=16 elapsed_ns=30083220
sample phase=warmup iteration=17 elapsed_ns=14734604
sample phase=warmup iteration=18 elapsed_ns=14857194
sample phase=warmup iteration=19 elapsed_ns=13062833
sample phase=warmup iteration=20 elapsed_ns=14673552
sample phase=warmup iteration=21 elapsed_ns=14670282
sample phase=warmup iteration=22 elapsed_ns=14610763
sample phase=warmup iteration=23 elapsed_ns=14376421
sample phase=warmup iteration=24 elapsed_ns=14365121
sample phase=warmup iteration=25 elapsed_ns=11154721
sample phase=warmup iteration=26 elapsed_ns=22935305
sample phase=warmup iteration=27 elapsed_ns=14404681
sample phase=warmup iteration=28 elapsed_ns=14387861
sample phase=warmup iteration=29 elapsed_ns=14382960
sample phase=warmup iteration=30 elapsed_ns=14414751
sample phase=warmup iteration=31 elapsed_ns=14086799
sample phase=warmup iteration=32 elapsed_ns=14053429
sample phase=warmup iteration=33 elapsed_ns=14019448
sample phase=warmup iteration=34 elapsed_ns=10775878
sample phase=warmup iteration=35 elapsed_ns=13021003
sample phase=warmup iteration=36 elapsed_ns=14987065
sample phase=warmup iteration=37 elapsed_ns=18345466
sample phase=warmup iteration=38 elapsed_ns=12161897
sample phase=warmup iteration=39 elapsed_ns=12979082
sample phase=warmup iteration=40 elapsed_ns=10383445
sample phase=warmup iteration=41 elapsed_ns=13242784
sample phase=warmup iteration=42 elapsed_ns=10378175
sample phase=warmup iteration=43 elapsed_ns=13654526
sample phase=warmup iteration=44 elapsed_ns=10381276
sample phase=warmup iteration=45 elapsed_ns=11985845
sample phase=warmup iteration=46 elapsed_ns=10431006
sample phase=warmup iteration=47 elapsed_ns=27286382
sample phase=warmup iteration=48 elapsed_ns=8901876
sample phase=warmup iteration=49 elapsed_ns=15237696
sample phase=warmup iteration=50 elapsed_ns=10390735
sample phase=steady iteration=1 elapsed_ns=13603726
sample phase=steady iteration=2 elapsed_ns=10373986
sample phase=steady iteration=3 elapsed_ns=13620796
sample phase=steady iteration=4 elapsed_ns=10453966
sample phase=steady iteration=5 elapsed_ns=13614676
sample phase=steady iteration=6 elapsed_ns=10405476
sample phase=steady iteration=7 elapsed_ns=13628826
sample phase=steady iteration=8 elapsed_ns=17658751
sample phase=steady iteration=9 elapsed_ns=10445976
sample phase=steady iteration=10 elapsed_ns=13607786
result=1
