WARMUP	1	2315816222	240808
WARMUP	2	4318707894	240808
WARMUP	3	1854652897	240808
WARMUP	4	1751074055	240808
WARMUP	5	1779222601	240808
WARMUP	6	2405138803	240808
WARMUP	7	1768673550	240808
WARMUP	8	1872975485	240808
WARMUP	9	1769845984	240808
WARMUP	10	1735609036	240808
WARMUP	11	2044535622	240808
WARMUP	12	1681096601	240808
WARMUP	13	1670744658	240808
WARMUP	14	1778234185	240808
WARMUP	15	1767785430	240808
WARMUP	16	1772702782	240808
WARMUP	17	1761560047	240808
WARMUP	18	1740548512	240808
WARMUP	19	1815070785	240808
WARMUP	20	1783312899	240808
