[To redirect Truffle log output to a file use one of the following options:
* '--log.file=<path>' if the option is passed using a guest language launcher.
* '-Dpolyglot.log.file=<path>' if the option is passed using the host Java launcher.
* Configure logging using the polyglot embedding API.]
[engine] opt done   id=122   ProtosRootNode@a781801                             |Tier 1|Time   104(  75+30  )ms|AST    2|Inlined   0Y   0N|IR    591/  1658|CodeSize    7561|Addr 0x7fce4f1639a0|Timestamp 146185475015571|Src n/a
[engine] opt done   id=123   ProtosRootNode@6ff47aaf                            |Tier 1|Time   227(  61+166 )ms|AST    7|Inlined   0Y   0N|IR   4765/ 16236|CodeSize   81061|Addr 0x7fce4f16e0a0|Timestamp 146185708415649|Src n/a
[engine] opt done   id=124   ProtosRootNode@35d4487e                            |Tier 1|Time    27(   7+21  )ms|AST    2|Inlined   0Y   0N|IR    591/  1658|CodeSize    7561|Addr 0x7fce4f18e620|Timestamp 146185755210209|Src n/a
[engine] opt done   id=125   ProtosRootNode@1aabafe5                            |Tier 1|Time   203(  44+158 )ms|AST    7|Inlined   0Y   0N|IR   4765/ 16236|CodeSize   81061|Addr 0x7fce4f194ea0|Timestamp 146185960516847|Src n/a
[engine] opt done   id=130   ProtosRootNode@6df3586                             |Tier 1|Time    46(   8+38  )ms|AST    2|Inlined   0Y   0N|IR    591/  1658|CodeSize    7561|Addr 0x7fce4f1b63a0|Timestamp 146186009731510|Src n/a
[engine] opt done   id=131   ProtosRootNode@646d507a                            |Tier 1|Time   384(  45+339 )ms|AST    9|Inlined   0Y   0N|IR   7597/ 26924|CodeSize  137223|Addr 0x7fce4f1bba60|Timestamp 146186395126279|Src n/a
[engine] opt done   id=136   ProtosRootNode@298860d7                            |Tier 1|Time    17(   6+11  )ms|AST    2|Inlined   0Y   0N|IR    591/  1658|CodeSize    7561|Addr 0x7fce4f1f1020|Timestamp 146186431846938|Src n/a
[engine] opt done   id=137   ProtosRootNode@448dc52b                            |Tier 1|Time   393(  43+350 )ms|AST    9|Inlined   0Y   0N|IR   7597/ 26924|CodeSize  137223|Addr 0x7fce4f1f69e0|Timestamp 146186826551378|Src n/a
[engine] opt done   id=128   ProtosRootNode@b2bbbda                             |Tier 1|Time    40(  10+29  )ms|AST    2|Inlined   0Y   0N|IR    888/  1275|CodeSize    5532|Addr 0x7fce4f22fe60|Timestamp 146186885422480|Src n/a
[engine] opt done   id=129   ProtosRootNode@4010d422                            |Tier 1|Time   192(  23+170 )ms|AST    7|Inlined   0Y   0N|IR   4765/ 16236|CodeSize   81061|Addr 0x7fce4f233a20|Timestamp 146187079397816|Src n/a
[engine] opt done   id=134   ProtosRootNode@2572fd0                             |Tier 1|Time    27(   9+17  )ms|AST    2|Inlined   0Y   0N|IR    888/  1275|CodeSize    5532|Addr 0x7fce4f254260|Timestamp 146187108009207|Src n/a
[engine] opt done   id=135   ProtosRootNode@66b587e4                            |Tier 1|Time   178(  25+153 )ms|AST    7|Inlined   0Y   0N|IR   4765/ 16236|CodeSize   81061|Addr 0x7fce4f257fa0|Timestamp 146187287485327|Src n/a
[engine] opt done   id=183   ProtosRootNode@3e0436fa                            |Tier 1|Time    53(   9+44  )ms|AST    2|Inlined   0Y   0N|IR    591/  1658|CodeSize    7561|Addr 0x7fce4f286320|Timestamp 146187466381617|Src n/a
[engine] opt done   id=184   ProtosRootNode@4239341b                            |Tier 1|Time   212(  47+164 )ms|AST    7|Inlined   0Y   0N|IR   4765/ 16236|CodeSize   81061|Addr 0x7fce4f291220|Timestamp 146187678730363|Src n/a
[engine] opt done   id=185   ProtosRootNode@19fb6bfd                            |Tier 1|Time    19(   4+15  )ms|AST    2|Inlined   0Y   0N|IR    591/  1658|CodeSize    7561|Addr 0x7fce4f2b03a0|Timestamp 146187701606917|Src n/a
[engine] opt done   id=186   ProtosRootNode@6a5af591                            |Tier 1|Time   192(  24+168 )ms|AST    7|Inlined   0Y   0N|IR   4765/ 16236|CodeSize   81061|Addr 0x7fce4f2b4da0|Timestamp 146187894563542|Src n/a
[engine] opt done   id=191   ProtosRootNode@1fa72e13                            |Tier 1|Time    19(   4+15  )ms|AST    2|Inlined   0Y   0N|IR    591/  1658|CodeSize    7561|Addr 0x7fce4f2d3f20|Timestamp 146187915869124|Src n/a
[engine] opt done   id=192   ProtosRootNode@3a949204                            |Tier 1|Time   404(  52+352 )ms|AST    9|Inlined   0Y   0N|IR   7597/ 26924|CodeSize  137223|Addr 0x7fce4f2d92e0|Timestamp 146188320755634|Src n/a
[engine] opt done   id=197   ProtosRootNode@622cd8e                             |Tier 1|Time    14(   4+10  )ms|AST    2|Inlined   0Y   0N|IR    591/  1658|CodeSize    7561|Addr 0x7fce4f30e520|Timestamp 146188336232460|Src n/a
[engine] opt done   id=198   ProtosRootNode@1555933e                            |Tier 1|Time   377(  42+335 )ms|AST    9|Inlined   0Y   0N|IR   7597/ 26924|CodeSize  137223|Addr 0x7fce4f313be0|Timestamp 146188723073221|Src n/a
[engine] opt done   id=189   ProtosRootNode@3774a732                            |Tier 1|Time    27(   8+19  )ms|AST    2|Inlined   0Y   0N|IR    888/  1275|CodeSize    5532|Addr 0x7fce4f34b2e0|Timestamp 146188775760947|Src n/a
[engine] opt done   id=190   ProtosRootNode@1df47d41                            |Tier 1|Time   188(  32+155 )ms|AST    7|Inlined   0Y   0N|IR   4765/ 16236|CodeSize   81061|Addr 0x7fce4f351720|Timestamp 146188964015376|Src n/a
[engine] opt done   id=195   ProtosRootNode@16863360                            |Tier 1|Time    14(   5+9   )ms|AST    2|Inlined   0Y   0N|IR    888/  1275|CodeSize    5532|Addr 0x7fce4f370860|Timestamp 146188980224053|Src n/a
[engine] opt done   id=196   ProtosRootNode@1a65c95b                            |Tier 1|Time   192(  22+170 )ms|AST    7|Inlined   0Y   0N|IR   4765/ 16236|CodeSize   81061|Addr 0x7fce4f373fa0|Timestamp 146189172860207|Src n/a
[engine] opt done   id=101   ProtosRootNode@408bca2f                            |Tier 1|Time    37(   9+29  )ms|AST    2|Inlined   0Y   0N|IR    591/  1658|CodeSize    7561|Addr 0x7fce4f397920|Timestamp 146189254775894|Src n/a
[engine] opt done   id=102   ProtosRootNode@27f32eb                             |Tier 1|Time   329(  44+285 )ms|AST    9|Inlined   0Y   0N|IR   6629/ 23773|CodeSize  120764|Addr 0x7fce4f3a0540|Timestamp 146189588171508|Src n/a
[engine] opt done   id=99    ProtosRootNode@6f688537                            |Tier 1|Time    24(   6+18  )ms|AST    2|Inlined   0Y   0N|IR    888/  1275|CodeSize    5532|Addr 0x7fce4f3cede0|Timestamp 146189613701894|Src n/a
[engine] opt done   id=100   ProtosRootNode@6e8bca6c                            |Tier 1|Time   598(  64+535 )ms|AST   13|Inlined   0Y   0N|IR  10914/ 36834|CodeSize  192085|Addr 0x7fce4f3d43c0|Timestamp 146190213645250|Src n/a
[engine] opt done   id=103   ProtosRootNode@4de4b8ae                            |Tier 1|Time    14(   4+9   )ms|AST    2|Inlined   0Y   0N|IR    888/  1275|CodeSize    5532|Addr 0x7fce4f41f260|Timestamp 146190227847435|Src n/a
[engine] opt done   id=104   ProtosRootNode@4ee210df                            |Tier 1|Time  1396( 140+1256)ms|AST   20|Inlined   0Y   0N|IR  18070/ 60857|CodeSize  313710|Addr 0x7fce4f427760|Timestamp 146191625341223|Src n/a
[engine] opt done   id=244   ProtosRootNode@18da758                             |Tier 1|Time    28(   8+20  )ms|AST    2|Inlined   0Y   0N|IR    591/  1658|CodeSize    7561|Addr 0x7fce4f4a59a0|Timestamp 146191753653958|Src n/a
[engine] opt done   id=245   ProtosRootNode@127236df                            |Tier 1|Time   206(  49+158 )ms|AST    7|Inlined   0Y   0N|IR   4765/ 16236|CodeSize   81061|Addr 0x7fce4f4ad120|Timestamp 146191960222056|Src n/a
[engine] opt done   id=246   ProtosRootNode@42d255b0                            |Tier 1|Time    16(   6+10  )ms|AST    2|Inlined   0Y   0N|IR    591/  1658|CodeSize    7561|Addr 0x7fce4f4cc6a0|Timestamp 146191976949184|Src n/a
[engine] opt done   id=247   ProtosRootNode@41def58e                            |Tier 1|Time   217(  34+182 )ms|AST    7|Inlined   0Y   0N|IR   4765/ 16236|CodeSize   81061|Addr 0x7fce4f4d1b20|Timestamp 146192194324824|Src n/a
[engine] opt done   id=252   ProtosRootNode@2d35f031                            |Tier 1|Time    28(   8+19  )ms|AST    2|Inlined   0Y   0N|IR    591/  1658|CodeSize    7561|Addr 0x7fce4f4f2420|Timestamp 146192223613615|Src n/a
[engine] opt done   id=253   ProtosRootNode@31ae465c                            |Tier 1|Time   399(  44+355 )ms|AST    9|Inlined   0Y   0N|IR   7597/ 26924|CodeSize  137223|Addr 0x7fce4f4f77e0|Timestamp 146192623240057|Src n/a
[engine] opt done   id=258   ProtosRootNode@27fda0c7                            |Tier 1|Time    15(   4+11  )ms|AST    2|Inlined   0Y   0N|IR    591/  1658|CodeSize    7561|Addr 0x7fce4f52c320|Timestamp 146192638693393|Src n/a
[engine] opt done   id=259   ProtosRootNode@67da3727                            |Tier 1|Time   375(  42+333 )ms|AST    9|Inlined   0Y   0N|IR   7597/ 26924|CodeSize  137223|Addr 0x7fce4f531ce0|Timestamp 146193022852038|Src n/a
[engine] opt done   id=250   ProtosRootNode@56546f55                            |Tier 1|Time    27(   8+19  )ms|AST    2|Inlined   0Y   0N|IR    888/  1275|CodeSize    5532|Addr 0x7fce4f568860|Timestamp 146193078857147|Src n/a
[engine] opt done   id=251   ProtosRootNode@996e0cb                             |Tier 1|Time   210(  50+160 )ms|AST    7|Inlined   0Y   0N|IR   4765/ 16236|CodeSize   81061|Addr 0x7fce4f5705a0|Timestamp 146193289943040|Src n/a
[engine] opt done   id=256   ProtosRootNode@2ad53d6f                            |Tier 1|Time    20(   6+14  )ms|AST    2|Inlined   0Y   0N|IR    888/  1275|CodeSize    5532|Addr 0x7fce4f58f9e0|Timestamp 146193310195961|Src n/a
[engine] opt done   id=257   ProtosRootNode@1b9354e1                            |Tier 1|Time   196(  26+170 )ms|AST    7|Inlined   0Y   0N|IR   4765/ 16236|CodeSize   81061|Addr 0x7fce4f593420|Timestamp 146193507161869|Src n/a
[engine] opt done   id=305   ProtosRootNode@20203caa                            |Tier 1|Time    25(   7+18  )ms|AST    2|Inlined   0Y   0N|IR    591/  1658|CodeSize    7561|Addr 0x7fce4f5ba020|Timestamp 146193599665287|Src n/a
[engine] opt done   id=306   ProtosRootNode@42d847ab                            |Tier 1|Time   184(  22+162 )ms|AST    7|Inlined   0Y   0N|IR   4765/ 16236|CodeSize   81061|Addr 0x7fce4f5bec20|Timestamp 146193783859751|Src n/a
[engine] opt done   id=307   ProtosRootNode@1fcb56b8                            |Tier 1|Time    18(   4+15  )ms|AST    2|Inlined   0Y   0N|IR    591/  1658|CodeSize    7561|Addr 0x7fce4f5de120|Timestamp 146193802758331|Src n/a
[engine] opt done   id=308   ProtosRootNode@3873f921                            |Tier 1|Time   196(  22+173 )ms|AST    7|Inlined   0Y   0N|IR   4765/ 16236|CodeSize   81061|Addr 0x7fce4f5e3520|Timestamp 146193998855727|Src n/a
[engine] opt done   id=313   ProtosRootNode@6764eea8                            |Tier 1|Time    19(   4+15  )ms|AST    2|Inlined   0Y   0N|IR    591/  1658|CodeSize    7561|Addr 0x7fce4f6026a0|Timestamp 146194018788818|Src n/a
[engine] opt done   id=314   ProtosRootNode@4fdd848d                            |Tier 1|Time   379(  46+333 )ms|AST    9|Inlined   0Y   0N|IR   7597/ 26924|CodeSize  137223|Addr 0x7fce4f607a60|Timestamp 146194398246968|Src n/a
[engine] opt done   id=319   ProtosRootNode@208f710c                            |Tier 1|Time    14(   4+10  )ms|AST    2|Inlined   0Y   0N|IR    591/  1658|CodeSize    7561|Addr 0x7fce4f63c5a0|Timestamp 146194429198541|Src n/a
[engine] opt done   id=320   ProtosRootNode@4c449970                            |Tier 1|Time   404(  45+359 )ms|AST    9|Inlined   0Y   0N|IR   7597/ 26924|CodeSize  137223|Addr 0x7fce4f644f60|Timestamp 146194835782119|Src n/a
[engine] opt done   id=311   ProtosRootNode@4ab449ab                            |Tier 1|Time    22(   5+17  )ms|AST    2|Inlined   0Y   0N|IR    888/  1275|CodeSize    5532|Addr 0x7fce4f67a160|Timestamp 146194863016738|Src n/a
[engine] opt done   id=312   ProtosRootNode@3e364c77                            |Tier 1|Time   190(  23+167 )ms|AST    7|Inlined   0Y   0N|IR   4765/ 16236|CodeSize   81061|Addr 0x7fce4f67d8a0|Timestamp 146195053960489|Src n/a
[engine] opt done   id=317   ProtosRootNode@1972879f                            |Tier 1|Time    15(   4+11  )ms|AST    2|Inlined   0Y   0N|IR    888/  1275|CodeSize    5532|Addr 0x7fce4f69c9e0|Timestamp 146195081962198|Src n/a
[engine] opt done   id=318   ProtosRootNode@2f967998                            |Tier 1|Time   182(  25+157 )ms|AST    7|Inlined   0Y   0N|IR   4765/ 16236|CodeSize   81061|Addr 0x7fce4f6a0920|Timestamp 146195264418040|Src n/a
[engine] opt done   id=366   ProtosRootNode@3a5b2d20                            |Tier 1|Time    24(   8+17  )ms|AST    2|Inlined   0Y   0N|IR    591/  1658|CodeSize    7561|Addr 0x7fce4f6c41a0|Timestamp 146195348308829|Src n/a
[engine] opt done   id=367   ProtosRootNode@60c45527                            |Tier 1|Time   193(  22+171 )ms|AST    7|Inlined   0Y   0N|IR   4765/ 16236|CodeSize   81061|Addr 0x7fce4f6c87a0|Timestamp 146195542052562|Src n/a
[engine] opt done   id=368   ProtosRootNode@39dcaa82                            |Tier 1|Time    27(   5+21  )ms|AST    2|Inlined   0Y   0N|IR    591/  1658|CodeSize    7561|Addr 0x7fce4f6e7fa0|Timestamp 146195571459843|Src n/a
[engine] opt done   id=369   ProtosRootNode@409238f0                            |Tier 1|Time   175(  22+154 )ms|AST    7|Inlined   0Y   0N|IR   4765/ 16236|CodeSize   81061|Addr 0x7fce4f6ec5a0|Timestamp 146195746900248|Src n/a
[engine] opt done   id=374   ProtosRootNode@566a3537                            |Tier 1|Time    29(   4+25  )ms|AST    2|Inlined   0Y   0N|IR    591/  1658|CodeSize    7561|Addr 0x7fce4f70b720|Timestamp 146195776064159|Src n/a
[engine] opt done   id=375   ProtosRootNode@630f9e33                            |Tier 1|Time   400(  41+360 )ms|AST    9|Inlined   0Y   0N|IR   7597/ 26924|CodeSize  137223|Addr 0x7fce4f710ae0|Timestamp 146196177542961|Src n/a
[engine] opt done   id=380   ProtosRootNode@1d2a45c9                            |Tier 1|Time    14(   4+10  )ms|AST    2|Inlined   0Y   0N|IR    591/  1658|CodeSize    7561|Addr 0x7fce4f745620|Timestamp 146196204716889|Src n/a
[engine] opt done   id=381   ProtosRootNode@20ba8553                            |Tier 1|Time   430(  42+388 )ms|AST    9|Inlined   0Y   0N|IR   7597/ 26924|CodeSize  137223|Addr 0x7fce4f74a9e0|Timestamp 146196635177962|Src n/a
[engine] opt done   id=372   ProtosRootNode@28b89d38                            |Tier 1|Time    15(   5+10  )ms|AST    2|Inlined   0Y   0N|IR    888/  1275|CodeSize    5532|Addr 0x7fce4f77fde0|Timestamp 146196655025983|Src n/a
[engine] opt done   id=373   ProtosRootNode@4dbe2e21                            |Tier 1|Time   185(  23+162 )ms|AST    7|Inlined   0Y   0N|IR   4765/ 16236|CodeSize   81061|Addr 0x7fce4f784120|Timestamp 146196850014227|Src n/a
[engine] opt done   id=378   ProtosRootNode@572fdd70                            |Tier 1|Time    21(   6+14  )ms|AST    2|Inlined   0Y   0N|IR    888/  1275|CodeSize    5532|Addr 0x7fce4f7a3b60|Timestamp 146196871680340|Src n/a
[engine] opt done   id=379   ProtosRootNode@200e8fa                             |Tier 1|Time   194(  31+163 )ms|AST    7|Inlined   0Y   0N|IR   4765/ 16236|CodeSize   81061|Addr 0x7fce4f7a72a0|Timestamp 146197066128404|Src n/a
[engine] opt done   id=427   ProtosRootNode@2bd785db                            |Tier 1|Time    24(   7+17  )ms|AST    2|Inlined   0Y   0N|IR    591/  1658|CodeSize    7561|Addr 0x7fce4f7c8da0|Timestamp 146197125427677|Src n/a
[engine] opt done   id=428   ProtosRootNode@5325a0a3                            |Tier 1|Time   196(  22+173 )ms|AST    7|Inlined   0Y   0N|IR   4765/ 16236|CodeSize   81061|Addr 0x7fce4f7cd3a0|Timestamp 146197321526203|Src n/a
[engine] opt done   id=429   ProtosRootNode@10ea28f3                            |Tier 1|Time    36(   6+30  )ms|AST    2|Inlined   0Y   0N|IR    591/  1658|CodeSize    7561|Addr 0x7fce4f7ec520|Timestamp 146197359530742|Src n/a
[engine] opt done   id=430   ProtosRootNode@2d6c6809                            |Tier 1|Time   432(  45+388 )ms|AST    7|Inlined   0Y   0N|IR   4765/ 16236|CodeSize   81061|Addr 0x7fce4f7f0b20|Timestamp 146197792267887|Src n/a
[engine] opt done   id=435   ProtosRootNode@ee145e2                             |Tier 1|Time    35(   7+29  )ms|AST    2|Inlined   0Y   0N|IR    591/  1658|CodeSize    7561|Addr 0x7fce4f80fca0|Timestamp 146197829892266|Src n/a
[engine] opt done   id=436   ProtosRootNode@5b035b3f                            |Tier 1|Time   807( 128+679 )ms|AST    9|Inlined   0Y   0N|IR   7597/ 26924|CodeSize  137223|Addr 0x7fce4f816860|Timestamp 146198638126284|Src n/a
[engine] opt done   id=441   ProtosRootNode@4a2b6183                            |Tier 1|Time    15(   4+11  )ms|AST    2|Inlined   0Y   0N|IR    591/  1658|CodeSize    7561|Addr 0x7fce4f84b3a0|Timestamp 146198653449830|Src n/a
[engine] opt done   id=442   ProtosRootNode@75895dd2                            |Tier 1|Time   370(  46+324 )ms|AST    9|Inlined   0Y   0N|IR   7597/ 26924|CodeSize  137223|Addr 0x7fce4f850760|Timestamp 146199033062238|Src n/a
[engine] opt done   id=433   ProtosRootNode@287d8b9                             |Tier 1|Time    15(   5+9   )ms|AST    2|Inlined   0Y   0N|IR    888/  1275|CodeSize    5532|Addr 0x7fce4f885260|Timestamp 146199075017212|Src n/a
[engine] opt done   id=434   ProtosRootNode@6d7a00fd                            |Tier 1|Time   183(  25+158 )ms|AST    7|Inlined   0Y   0N|IR   4765/ 16236|CodeSize   81061|Addr 0x7fce4f8889a0|Timestamp 146199258855124|Src n/a
[engine] opt done   id=439   ProtosRootNode@68369154                            |Tier 1|Time    22(   5+18  )ms|AST    2|Inlined   0Y   0N|IR    888/  1275|CodeSize    5532|Addr 0x7fce4f8a7ae0|Timestamp 146199281773199|Src n/a
[engine] opt done   id=440   ProtosRootNode@73214d60                            |Tier 1|Time   187(  26+161 )ms|AST    7|Inlined   0Y   0N|IR   4765/ 16236|CodeSize   81061|Addr 0x7fce4f8ab220|Timestamp 146199469029685|Src n/a
[engine] opt done   id=488   ProtosRootNode@543ceebb                            |Tier 1|Time    23(   4+19  )ms|AST    2|Inlined   0Y   0N|IR    591/  1658|CodeSize    7561|Addr 0x7fce4f8cb820|Timestamp 146199528504397|Src n/a
[engine] opt done   id=489   ProtosRootNode@16c30274                            |Tier 1|Time   184(  23+161 )ms|AST    7|Inlined   0Y   0N|IR   4765/ 16236|CodeSize   81061|Addr 0x7fce4f8cfe20|Timestamp 146199712478860|Src n/a
[engine] opt done   id=490   ProtosRootNode@5df16cee                            |Tier 1|Time    22(   4+19  )ms|AST    2|Inlined   0Y   0N|IR    591/  1658|CodeSize    7561|Addr 0x7fce4f8eefa0|Timestamp 146199736117175|Src n/a
[engine] opt done   id=491   ProtosRootNode@3d9f6875                            |Tier 1|Time   182(  22+160 )ms|AST    7|Inlined   0Y   0N|IR   4765/ 16236|CodeSize   81061|Addr 0x7fce4f8f3ba0|Timestamp 146199919022006|Src n/a
[engine] opt done   id=496   ProtosRootNode@18d514bc                            |Tier 1|Time    22(   4+19  )ms|AST    2|Inlined   0Y   0N|IR    591/  1658|CodeSize    7561|Addr 0x7fce4f912d20|Timestamp 146199943891362|Src n/a
[engine] opt done   id=497   ProtosRootNode@1ce0d044                            |Tier 1|Time   377(  47+330 )ms|AST    9|Inlined   0Y   0N|IR   7597/ 26924|CodeSize  137223|Addr 0x7fce4f9190e0|Timestamp 146200321112327|Src n/a
[engine] opt done   id=502   ProtosRootNode@630b8b4c                            |Tier 1|Time    14(   4+11  )ms|AST    2|Inlined   0Y   0N|IR    591/  1658|CodeSize    7561|Addr 0x7fce4f94dc20|Timestamp 146200352078119|Src n/a
[engine] opt done   id=503   ProtosRootNode@26b16865                            |Tier 1|Time   369(  40+329 )ms|AST    9|Inlined   0Y   0N|IR   7597/ 26924|CodeSize  137223|Addr 0x7fce4f952fe0|Timestamp 146200722726477|Src n/a
[engine] opt done   id=494   ProtosRootNode@74ae12c5                            |Tier 1|Time    18(   7+10  )ms|AST    2|Inlined   0Y   0N|IR    888/  1275|CodeSize    5532|Addr 0x7fce4f9887e0|Timestamp 146200762701679|Src n/a
[engine] opt done   id=495   ProtosRootNode@7be75e36                            |Tier 1|Time   246(  42+204 )ms|AST    7|Inlined   0Y   0N|IR   4765/ 16236|CodeSize   81061|Addr 0x7fce4f98d0a0|Timestamp 146201008941486|Src n/a
[engine] opt done   id=500   ProtosRootNode@4468fe5e                            |Tier 1|Time    21(   6+15  )ms|AST    2|Inlined   0Y   0N|IR    888/  1275|CodeSize    5532|Addr 0x7fce4f9ac1e0|Timestamp 146201030935199|Src n/a
[engine] opt done   id=501   ProtosRootNode@1fddc544                            |Tier 1|Time   203(  26+177 )ms|AST    7|Inlined   0Y   0N|IR   4765/ 16236|CodeSize   81061|Addr 0x7fce4f9af920|Timestamp 146201233874351|Src n/a
[engine] opt done   id=549   ProtosRootNode@3f5616c4                            |Tier 1|Time    23(   7+15  )ms|AST    2|Inlined   0Y   0N|IR    591/  1658|CodeSize    7561|Addr 0x7fce4f9d10a0|Timestamp 146201295387086|Src n/a
[engine] opt done   id=550   ProtosRootNode@5e3b8ca                             |Tier 1|Time   269(  23+246 )ms|AST    7|Inlined   0Y   0N|IR   4765/ 16236|CodeSize   81061|Addr 0x7fce4f9d56a0|Timestamp 146201565258948|Src n/a
[engine] opt done   id=551   ProtosRootNode@136b6d26                            |Tier 1|Time    27(   5+22  )ms|AST    2|Inlined   0Y   0N|IR    591/  1658|CodeSize    7561|Addr 0x7fce4f9f4820|Timestamp 146201592560776|Src n/a
[engine] opt done   id=552   ProtosRootNode@574be4c7                            |Tier 1|Time   239(  33+206 )ms|AST    7|Inlined   0Y   0N|IR   4765/ 16236|CodeSize   81061|Addr 0x7fce4f9f8e20|Timestamp 146201832146717|Src n/a
[engine] opt done   id=557   ProtosRootNode@5a30aba5                            |Tier 1|Time    23(   4+20  )ms|AST    2|Inlined   0Y   0N|IR    591/  1658|CodeSize    7561|Addr 0x7fce4fa17fa0|Timestamp 146201856024622|Src n/a
[engine] opt done   id=558   ProtosRootNode@403ffdf                             |Tier 1|Time   381(  42+338 )ms|AST    9|Inlined   0Y   0N|IR   7597/ 26924|CodeSize  137223|Addr 0x7fce4fa1d360|Timestamp 146202237278710|Src n/a
[engine] opt done   id=563   ProtosRootNode@398154e6                            |Tier 1|Time    14(   4+10  )ms|AST    2|Inlined   0Y   0N|IR    591/  1658|CodeSize    7561|Addr 0x7fce4fa51ea0|Timestamp 146202264245568|Src n/a
[engine] opt done   id=564   ProtosRootNode@7a38e3f                             |Tier 1|Time   399(  56+343 )ms|AST    9|Inlined   0Y   0N|IR   7597/ 26924|CodeSize  137223|Addr 0x7fce4fa59660|Timestamp 146202664793396|Src n/a
[engine] opt done   id=555   ProtosRootNode@71ec661e                            |Tier 1|Time    15(   5+10  )ms|AST    2|Inlined   0Y   0N|IR    888/  1275|CodeSize    5532|Addr 0x7fce4fa8f060|Timestamp 146202695852019|Src n/a
[engine] opt done   id=556   ProtosRootNode@2e341f6b                            |Tier 1|Time   183(  23+160 )ms|AST    7|Inlined   0Y   0N|IR   4765/ 16236|CodeSize   81061|Addr 0x7fce4fa927a0|Timestamp 146202888558880|Src n/a
[engine] opt done   id=561   ProtosRootNode@6e1e4e31                            |Tier 1|Time    19(   4+14  )ms|AST    2|Inlined   0Y   0N|IR    888/  1275|CodeSize    5532|Addr 0x7fce4fab18e0|Timestamp 146202907677810|Src n/a
[engine] opt done   id=562   ProtosRootNode@30b78fec                            |Tier 1|Time   203(  27+177 )ms|AST    7|Inlined   0Y   0N|IR   4765/ 16236|CodeSize   81061|Addr 0x7fce4fab5020|Timestamp 146203111537632|Src n/a
[engine] opt done   id=610   ProtosRootNode@79a83130                            |Tier 1|Time    39(   8+31  )ms|AST    2|Inlined   0Y   0N|IR    591/  1658|CodeSize    7561|Addr 0x7fce4fad4ca0|Timestamp 146203191703046|Src n/a
[engine] opt done   id=611   ProtosRootNode@5225cf23                            |Tier 1|Time   216(  38+178 )ms|AST    7|Inlined   0Y   0N|IR   4765/ 16236|CodeSize   81061|Addr 0x7fce4fada820|Timestamp 146203408393222|Src n/a
[engine] opt done   id=612   ProtosRootNode@7a9c4ae5                            |Tier 1|Time    27(   5+22  )ms|AST    2|Inlined   0Y   0N|IR    591/  1658|CodeSize    7561|Addr 0x7fce4faf99a0|Timestamp 146203436606341|Src n/a
[engine] opt done   id=613   ProtosRootNode@7fff2c0e                            |Tier 1|Time   186(  27+159 )ms|AST    7|Inlined   0Y   0N|IR   4765/ 16236|CodeSize   81061|Addr 0x7fce4fafe2a0|Timestamp 146203623020236|Src n/a
[engine] opt done   id=618   ProtosRootNode@6ca21941                            |Tier 1|Time    36(   7+29  )ms|AST    2|Inlined   0Y   0N|IR    591/  1658|CodeSize    7561|Addr 0x7fce4fb1e9a0|Timestamp 146203660683425|Src n/a
[engine] opt done   id=619   ProtosRootNode@4d53ed68                            |Tier 1|Time   375(  41+334 )ms|AST    9|Inlined   0Y   0N|IR   7597/ 26924|CodeSize  137223|Addr 0x7fce4fb23d60|Timestamp 146204035837026|Src n/a
[engine] opt done   id=624   ProtosRootNode@443b52b8                            |Tier 1|Time    14(   4+11  )ms|AST    2|Inlined   0Y   0N|IR    591/  1658|CodeSize    7561|Addr 0x7fce4fb588a0|Timestamp 146204063011934|Src n/a
[engine] opt done   id=625   ProtosRootNode@263da06a                            |Tier 1|Time   384(  40+344 )ms|AST    9|Inlined   0Y   0N|IR   7597/ 26924|CodeSize  137223|Addr 0x7fce4fb5dc60|Timestamp 146204447800625|Src n/a
[engine] opt done   id=616   ProtosRootNode@1cef8e27                            |Tier 1|Time    14(   5+9   )ms|AST    2|Inlined   0Y   0N|IR    888/  1275|CodeSize    5532|Addr 0x7fce4fb93260|Timestamp 146204470546289|Src n/a
[engine] opt done   id=617   ProtosRootNode@19871bd8                            |Tier 1|Time   186(  24+162 )ms|AST    7|Inlined   0Y   0N|IR   4765/ 16236|CodeSize   81061|Addr 0x7fce4fb96d20|Timestamp 146204666700113|Src n/a
[engine] opt done   id=622   ProtosRootNode@25de376d                            |Tier 1|Time    19(   4+14  )ms|AST    2|Inlined   0Y   0N|IR    888/  1275|CodeSize    5532|Addr 0x7fce4fbb5e60|Timestamp 146204685707643|Src n/a
[engine] opt done   id=623   ProtosRootNode@2d8ffa07                            |Tier 1|Time   194(  27+167 )ms|AST    7|Inlined   0Y   0N|IR   4765/ 16236|CodeSize   81061|Addr 0x7fce4fbb9920|Timestamp 146204880616606|Src n/a
[engine] opt done   id=671   ProtosRootNode@61a725ff                            |Tier 1|Time    22(   7+14  )ms|AST    2|Inlined   0Y   0N|IR    591/  1658|CodeSize    7561|Addr 0x7fce4fbdb020|Timestamp 146204949069777|Src n/a
[engine] opt done   id=672   ProtosRootNode@31a50b5d                            |Tier 1|Time   205(  22+183 )ms|AST    7|Inlined   0Y   0N|IR   4765/ 16236|CodeSize   81061|Addr 0x7fce4fbdf620|Timestamp 146205154018161|Src n/a
[engine] opt done   id=673   ProtosRootNode@6a1ad854                            |Tier 1|Time    20(   4+16  )ms|AST    2|Inlined   0Y   0N|IR    591/  1658|CodeSize    7561|Addr 0x7fce4fbfe7a0|Timestamp 146205174133102|Src n/a
[engine] opt done   id=674   ProtosRootNode@30328344                            |Tier 1|Time   185(  24+161 )ms|AST    7|Inlined   0Y   0N|IR   4765/ 16236|CodeSize   81061|Addr 0x7fce4fc02da0|Timestamp 146205361053936|Src n/a
[engine] opt done   id=679   ProtosRootNode@36b2cdb4                            |Tier 1|Time    23(   7+16  )ms|AST    2|Inlined   0Y   0N|IR    591/  1658|CodeSize    7561|Addr 0x7fce4fc230a0|Timestamp 146205385115401|Src n/a
[engine] opt done   id=680   ProtosRootNode@2ef5a9da                            |Tier 1|Time   387(  52+335 )ms|AST    9|Inlined   0Y   0N|IR   7597/ 26924|CodeSize  137223|Addr 0x7fce4fc28460|Timestamp 146205773186145|Src n/a
[engine] opt done   id=685   ProtosRootNode@473d9e69                            |Tier 1|Time    14(   4+10  )ms|AST    2|Inlined   0Y   0N|IR    591/  1658|CodeSize    7561|Addr 0x7fce4fc5d2a0|Timestamp 146205787782360|Src n/a
[engine] opt done   id=686   ProtosRootNode@3fd395e8                            |Tier 1|Time   400(  52+347 )ms|AST    9|Inlined   0Y   0N|IR   7597/ 26924|CodeSize  137223|Addr 0x7fce4fc62660|Timestamp 146206187669946|Src n/a
[engine] opt done   id=677   ProtosRootNode@1864bed9                            |Tier 1|Time    15(   5+10  )ms|AST    2|Inlined   0Y   0N|IR    888/  1275|CodeSize    5532|Addr 0x7fce4fc97160|Timestamp 146206220970510|Src n/a
[engine] opt done   id=678   ProtosRootNode@6e929686                            |Tier 1|Time   184(  26+158 )ms|AST    7|Inlined   0Y   0N|IR   4765/ 16236|CodeSize   81061|Addr 0x7fce4fc9ad20|Timestamp 146206405547162|Src n/a
[engine] opt done   id=683   ProtosRootNode@5bd22c11                            |Tier 1|Time    14(   4+10  )ms|AST    2|Inlined   0Y   0N|IR    888/  1275|CodeSize    5532|Addr 0x7fce4fcb9e60|Timestamp 146206420242538|Src n/a
[engine] opt done   id=684   ProtosRootNode@7293a161                            |Tier 1|Time   199(  22+177 )ms|AST    7|Inlined   0Y   0N|IR   4765/ 16236|CodeSize   81061|Addr 0x7fce4fcbd5a0|Timestamp 146206619602495|Src n/a
[engine] opt done   id=732   ProtosRootNode@2328bfe8                            |Tier 1|Time    19(   4+15  )ms|AST    2|Inlined   0Y   0N|IR    591/  1658|CodeSize    7561|Addr 0x7fce4fcddfa0|Timestamp 146206674074531|Src n/a
[engine] opt done   id=733   ProtosRootNode@522b52f                             |Tier 1|Time   206(  28+178 )ms|AST    7|Inlined   0Y   0N|IR   4765/ 16236|CodeSize   81061|Addr 0x7fce4fce34a0|Timestamp 146206881654057|Src n/a
[engine] opt done   id=734   ProtosRootNode@258ca43d                            |Tier 1|Time    20(   5+15  )ms|AST    2|Inlined   0Y   0N|IR    591/  1658|CodeSize    7561|Addr 0x7fce4fd05620|Timestamp 146206904170050|Src n/a
[engine] opt done   id=735   ProtosRootNode@4a238077                            |Tier 1|Time   193(  22+172 )ms|AST    7|Inlined   0Y   0N|IR   4765/ 16236|CodeSize   81061|Addr 0x7fce4fd09c20|Timestamp 146207097738071|Src n/a
[engine] opt done   id=740   ProtosRootNode@9bdc02d                             |Tier 1|Time    18(   4+14  )ms|AST    2|Inlined   0Y   0N|IR    591/  1658|CodeSize    7561|Addr 0x7fce4fd28da0|Timestamp 146207116254241|Src n/a
[engine] opt done   id=741   ProtosRootNode@80d3ed9                             |Tier 1|Time   420(  41+378 )ms|AST    9|Inlined   0Y   0N|IR   7597/ 26924|CodeSize  137223|Addr 0x7fce4fd2e160|Timestamp 146207536315427|Src n/a
[engine] opt done   id=746   ProtosRootNode@38195ecc                            |Tier 1|Time    15(   4+10  )ms|AST    2|Inlined   0Y   0N|IR    591/  1658|CodeSize    7561|Addr 0x7fce4fd63320|Timestamp 146207553117205|Src n/a
[engine] opt done   id=747   ProtosRootNode@70d20ee8                            |Tier 1|Time   490(  42+448 )ms|AST    9|Inlined   0Y   0N|IR   7597/ 26924|CodeSize  137223|Addr 0x7fce4fd686e0|Timestamp 146208052234622|Src n/a
[engine] opt done   id=738   ProtosRootNode@5d955e06                            |Tier 1|Time    22(   7+15  )ms|AST    2|Inlined   0Y   0N|IR    888/  1275|CodeSize    5532|Addr 0x7fce4fd9d1e0|Timestamp 146208102535255|Src n/a
[engine] opt done   id=739   ProtosRootNode@9142c14                             |Tier 1|Time   281(  34+247 )ms|AST    7|Inlined   0Y   0N|IR   4765/ 16236|CodeSize   81061|Addr 0x7fce4fda0920|Timestamp 146208383416716|Src n/a
[engine] opt done   id=744   ProtosRootNode@58a55531                            |Tier 1|Time    21(   6+14  )ms|AST    2|Inlined   0Y   0N|IR    888/  1275|CodeSize    5532|Addr 0x7fce4fdbfa60|Timestamp 146208404567498|Src n/a
[engine] opt done   id=745   ProtosRootNode@1ae52e91                            |Tier 1|Time   250(  34+217 )ms|AST    7|Inlined   0Y   0N|IR   4765/ 16236|CodeSize   81061|Addr 0x7fce4fdc31a0|Timestamp 146208655040558|Src n/a
[engine] opt done   id=793   ProtosRootNode@7710747                             |Tier 1|Time    19(   4+15  )ms|AST    2|Inlined   0Y   0N|IR    591/  1658|CodeSize    7561|Addr 0x7fce4fde2aa0|Timestamp 146208725777781|Src n/a
[engine] opt done   id=794   ProtosRootNode@51858d50                            |Tier 1|Time   178(  24+154 )ms|AST    7|Inlined   0Y   0N|IR   4765/ 16236|CodeSize   81061|Addr 0x7fce4fde70a0|Timestamp 146208903828265|Src n/a
[engine] opt done   id=795   ProtosRootNode@14eb80fb                            |Tier 1|Time    19(   4+15  )ms|AST    2|Inlined   0Y   0N|IR    591/  1658|CodeSize    7561|Addr 0x7fce4fe06220|Timestamp 146208922986695|Src n/a
[engine] opt done   id=796   ProtosRootNode@67b47c02                            |Tier 1|Time   193(  25+168 )ms|AST    7|Inlined   0Y   0N|IR   4765/ 16236|CodeSize   81061|Addr 0x7fce4fe0aba0|Timestamp 146209117790577|Src n/a
[engine] opt done   id=801   ProtosRootNode@6f3d8752                            |Tier 1|Time    19(   4+16  )ms|AST    2|Inlined   0Y   0N|IR    591/  1658|CodeSize    7561|Addr 0x7fce4fe29d20|Timestamp 146209138440509|Src n/a
[engine] opt done   id=802   ProtosRootNode@78609363                            |Tier 1|Time   389(  48+341 )ms|AST    9|Inlined   0Y   0N|IR   7597/ 26924|CodeSize  137223|Addr 0x7fce4fe2f3e0|Timestamp 146209527424992|Src n/a
[engine] opt done   id=807   ProtosRootNode@157ecbb                             |Tier 1|Time    14(   4+10  )ms|AST    2|Inlined   0Y   0N|IR    591/  1658|CodeSize    7561|Addr 0x7fce4fe63f20|Timestamp 146209558055703|Src n/a
[engine] opt done   id=808   ProtosRootNode@6598b16c                            |Tier 1|Time   379(  39+340 )ms|AST    9|Inlined   0Y   0N|IR   7597/ 26924|CodeSize  137223|Addr 0x7fce4fe692e0|Timestamp 146209937328516|Src n/a
[engine] opt done   id=799   ProtosRootNode@53db210c                            |Tier 1|Time    21(   4+17  )ms|AST    2|Inlined   0Y   0N|IR    888/  1275|CodeSize    5532|Addr 0x7fce4fe9dde0|Timestamp 146209961502051|Src n/a
[engine] opt done   id=800   ProtosRootNode@5ef87598                            |Tier 1|Time   170(  21+149 )ms|AST    7|Inlined   0Y   0N|IR   4765/ 16236|CodeSize   81061|Addr 0x7fce4fea1520|Timestamp 146210132063338|Src n/a
[engine] opt done   id=805   ProtosRootNode@36162fb1                            |Tier 1|Time    14(   4+10  )ms|AST    2|Inlined   0Y   0N|IR    888/  1275|CodeSize    5532|Addr 0x7fce4fec0660|Timestamp 146210158361825|Src n/a
[engine] opt done   id=806   ProtosRootNode@5212faa4                            |Tier 1|Time   181(  22+158 )ms|AST    7|Inlined   0Y   0N|IR   4765/ 16236|CodeSize   81061|Addr 0x7fce4fec3da0|Timestamp 146210339433172|Src n/a
[engine] opt done   id=854   ProtosRootNode@5bc39af1                            |Tier 1|Time    14(   4+10  )ms|AST    2|Inlined   0Y   0N|IR    591/  1658|CodeSize    7561|Addr 0x7fce4fee3320|Timestamp 146210391429866|Src n/a
[engine] opt done   id=855   ProtosRootNode@4ab361fc                            |Tier 1|Time   200(  22+178 )ms|AST    7|Inlined   0Y   0N|IR   4765/ 16236|CodeSize   81061|Addr 0x7fce4fee7920|Timestamp 146210591436883|Src n/a
[engine] opt done   id=856   ProtosRootNode@11088561                            |Tier 1|Time    19(   4+15  )ms|AST    2|Inlined   0Y   0N|IR    591/  1658|CodeSize    7561|Addr 0x7fce4ff06aa0|Timestamp 146210610559713|Src n/a
[engine] opt done   id=857   ProtosRootNode@480c12ee                            |Tier 1|Time   176(  23+152 )ms|AST    7|Inlined   0Y   0N|IR   4765/ 16236|CodeSize   81061|Addr 0x7fce4ff0b420|Timestamp 146210786442275|Src n/a
[engine] opt done   id=862   ProtosRootNode@55d190cb                            |Tier 1|Time    29(   4+26  )ms|AST    2|Inlined   0Y   0N|IR    591/  1658|CodeSize    7561|Addr 0x7fce4ff2a5a0|Timestamp 146210816101055|Src n/a
[engine] opt done   id=863   ProtosRootNode@624404ac                            |Tier 1|Time   377(  41+336 )ms|AST    9|Inlined   0Y   0N|IR   7597/ 26924|CodeSize  137223|Addr 0x7fce4ff2f960|Timestamp 146211193574766|Src n/a
[engine] opt done   id=868   ProtosRootNode@365b220c                            |Tier 1|Time    14(   4+10  )ms|AST    2|Inlined   0Y   0N|IR    591/  1658|CodeSize    7561|Addr 0x7fce4ff644a0|Timestamp 146211220205843|Src n/a
[engine] opt done   id=869   ProtosRootNode@5e3c3d6                             |Tier 1|Time   383(  40+343 )ms|AST    9|Inlined   0Y   0N|IR   7597/ 26924|CodeSize  137223|Addr 0x7fce4ff69860|Timestamp 146211604264630|Src n/a
[engine] opt done   id=860   ProtosRootNode@62bfc6bf                            |Tier 1|Time    14(   4+9   )ms|AST    2|Inlined   0Y   0N|IR    888/  1275|CodeSize    5532|Addr 0x7fce4ff9e360|Timestamp 146211621081308|Src n/a
[engine] opt done   id=861   ProtosRootNode@79ac9705                            |Tier 1|Time   183(  22+161 )ms|AST    7|Inlined   0Y   0N|IR   4765/ 16236|CodeSize   81061|Addr 0x7fce4ffa1aa0|Timestamp 146211813697217|Src n/a
[engine] opt done   id=866   ProtosRootNode@18502c90                            |Tier 1|Time    18(   4+14  )ms|AST    2|Inlined   0Y   0N|IR    888/  1275|CodeSize    5532|Addr 0x7fce4ffc0be0|Timestamp 146211832278856|Src n/a
[engine] opt done   id=867   ProtosRootNode@16e980f0                            |Tier 1|Time   184(  30+154 )ms|AST    7|Inlined   0Y   0N|IR   4765/ 16236|CodeSize   81061|Addr 0x7fce4ffc4320|Timestamp 146212016824176|Src n/a
[engine] opt done   id=915   ProtosRootNode@54d23fb8                            |Tier 1|Time    19(   4+15  )ms|AST    2|Inlined   0Y   0N|IR    591/  1658|CodeSize    7561|Addr 0x7fce4ffe44a0|Timestamp 146212082564154|Src n/a
[engine] opt done   id=916   ProtosRootNode@6a5dca8d                            |Tier 1|Time   200(  22+178 )ms|AST    7|Inlined   0Y   0N|IR   4765/ 16236|CodeSize   81061|Addr 0x7fce4ffe8aa0|Timestamp 146212283153761|Src n/a
[engine] opt done   id=917   ProtosRootNode@2fd138d4                            |Tier 1|Time    18(   4+14  )ms|AST    2|Inlined   0Y   0N|IR    591/  1658|CodeSize    7561|Addr 0x7fce50007c20|Timestamp 146212301542111|Src n/a
[engine] opt done   id=918   ProtosRootNode@63e7b3b7                            |Tier 1|Time   207(  22+185 )ms|AST    7|Inlined   0Y   0N|IR   4765/ 16236|CodeSize   81061|Addr 0x7fce5000c220|Timestamp 146212508585404|Src n/a
[engine] opt done   id=923   ProtosRootNode@435b657a                            |Tier 1|Time    19(   4+15  )ms|AST    2|Inlined   0Y   0N|IR    591/  1658|CodeSize    7561|Addr 0x7fce5002b3a0|Timestamp 146212527983254|Src n/a
[engine] opt done   id=924   ProtosRootNode@5a0658e3                            |Tier 1|Time   438(  42+396 )ms|AST    9|Inlined   0Y   0N|IR   7597/ 26924|CodeSize  137223|Addr 0x7fce50030760|Timestamp 146212966257317|Src n/a
[engine] opt done   id=929   ProtosRootNode@661ad62a                            |Tier 1|Time    14(   4+10  )ms|AST    2|Inlined   0Y   0N|IR    591/  1658|CodeSize    7561|Addr 0x7fce500652a0|Timestamp 146212997560189|Src n/a
[engine] opt done   id=930   ProtosRootNode@2bec3a8d                            |Tier 1|Time   375(  41+334 )ms|AST    9|Inlined   0Y   0N|IR   7597/ 26924|CodeSize  137223|Addr 0x7fce5006a9e0|Timestamp 146213374026697|Src n/a
[engine] opt done   id=921   ProtosRootNode@7103143a                            |Tier 1|Time    14(   4+9   )ms|AST    2|Inlined   0Y   0N|IR    888/  1275|CodeSize    5532|Addr 0x7fce5009f4e0|Timestamp 146213409950574|Src n/a
[engine] opt done   id=922   ProtosRootNode@33351871                            |Tier 1|Time   176(  22+154 )ms|AST    7|Inlined   0Y   0N|IR   4765/ 16236|CodeSize   81061|Addr 0x7fce500a2c20|Timestamp 146213587709198|Src n/a
[engine] opt done   id=927   ProtosRootNode@13f4e9e1                            |Tier 1|Time    14(   4+10  )ms|AST    2|Inlined   0Y   0N|IR    888/  1275|CodeSize    5532|Addr 0x7fce500c20e0|Timestamp 146213602122683|Src n/a
[engine] opt done   id=928   ProtosRootNode@526a05ff                            |Tier 1|Time   192(  23+169 )ms|AST    7|Inlined   0Y   0N|IR   4765/ 16236|CodeSize   81061|Addr 0x7fce500c5820|Timestamp 146213794754971|Src n/a
[engine] opt done   id=976   ProtosRootNode@cbc639e                             |Tier 1|Time    14(   4+10  )ms|AST    2|Inlined   0Y   0N|IR    591/  1658|CodeSize    7561|Addr 0x7fce500e57a0|Timestamp 146213839357377|Src n/a
[engine] opt done   id=977   ProtosRootNode@73897f84                            |Tier 1|Time   188(  33+155 )ms|AST    7|Inlined   0Y   0N|IR   4765/ 16236|CodeSize   81061|Addr 0x7fce500e9da0|Timestamp 146214028256392|Src n/a
[engine] opt done   id=978   ProtosRootNode@29616092                            |Tier 1|Time    14(   4+10  )ms|AST    2|Inlined   0Y   0N|IR    591/  1658|CodeSize    7561|Addr 0x7fce50108f20|Timestamp 146214042598557|Src n/a
[engine] opt done   id=979   ProtosRootNode@17b5f8d7                            |Tier 1|Time   192(  34+157 )ms|AST    7|Inlined   0Y   0N|IR   4765/ 16236|CodeSize   81061|Addr 0x7fce5010d520|Timestamp 146214234622625|Src n/a
[engine] opt done   id=984   ProtosRootNode@51716f9d                            |Tier 1|Time    23(   4+19  )ms|AST    2|Inlined   0Y   0N|IR    591/  1658|CodeSize    7561|Addr 0x7fce5012c6a0|Timestamp 146214258078669|Src n/a
[engine] opt done   id=985   ProtosRootNode@7d816d70                            |Tier 1|Time   410(  52+358 )ms|AST    9|Inlined   0Y   0N|IR   7597/ 26924|CodeSize  137223|Addr 0x7fce50131a60|Timestamp 146214668491122|Src n/a
[engine] opt done   id=990   ProtosRootNode@770b630f                            |Tier 1|Time    15(   4+11  )ms|AST    2|Inlined   0Y   0N|IR    591/  1658|CodeSize    7561|Addr 0x7fce501665a0|Timestamp 146214703164787|Src n/a
[engine] opt done   id=991   ProtosRootNode@298c0f32                            |Tier 1|Time   394(  43+351 )ms|AST    9|Inlined   0Y   0N|IR   7597/ 26924|CodeSize  137223|Addr 0x7fce5016b960|Timestamp 146215097060063|Src n/a
[engine] opt done   id=982   ProtosRootNode@6ebe2ec                             |Tier 1|Time    26(   4+22  )ms|AST    2|Inlined   0Y   0N|IR    888/  1275|CodeSize    5532|Addr 0x7fce501a0860|Timestamp 146215126511183|Src n/a
[engine] opt done   id=983   ProtosRootNode@55e45c99                            |Tier 1|Time   203(  22+181 )ms|AST    7|Inlined   0Y   0N|IR   4765/ 16236|CodeSize   81061|Addr 0x7fce501a3fa0|Timestamp 146215329948272|Src n/a
[engine] opt done   id=988   ProtosRootNode@2ce0ffc6                            |Tier 1|Time    14(   5+9   )ms|AST    2|Inlined   0Y   0N|IR    888/  1275|CodeSize    5532|Addr 0x7fce501c30e0|Timestamp 146215344969628|Src n/a
[engine] opt done   id=989   ProtosRootNode@618b73ed                            |Tier 1|Time   204(  27+177 )ms|AST    7|Inlined   0Y   0N|IR   4765/ 16236|CodeSize   81061|Addr 0x7fce501c6820|Timestamp 146215549540078|Src n/a
[engine] opt done   id=1037  ProtosRootNode@6278475e                            |Tier 1|Time    14(   4+10  )ms|AST    2|Inlined   0Y   0N|IR    591/  1658|CodeSize    7561|Addr 0x7fce501e6d20|Timestamp 146215609758510|Src n/a
[engine] opt done   id=1038  ProtosRootNode@3a873ea                             |Tier 1|Time   184(  27+157 )ms|AST    7|Inlined   0Y   0N|IR   4765/ 16236|CodeSize   81061|Addr 0x7fce501eb720|Timestamp 146215794124850|Src n/a
[engine] opt done   id=1039  ProtosRootNode@68562f35                            |Tier 1|Time    14(   4+10  )ms|AST    2|Inlined   0Y   0N|IR    591/  1658|CodeSize    7561|Addr 0x7fce5020a8a0|Timestamp 146215826875874|Src n/a
[engine] opt done   id=1040  ProtosRootNode@2359a0a0                            |Tier 1|Time   191(  25+166 )ms|AST    7|Inlined   0Y   0N|IR   4765/ 16236|CodeSize   81061|Addr 0x7fce5020eea0|Timestamp 146216018779541|Src n/a
[engine] opt done   id=1045  ProtosRootNode@50065f07                            |Tier 1|Time    24(   4+20  )ms|AST    2|Inlined   0Y   0N|IR    591/  1658|CodeSize    7561|Addr 0x7fce5022e420|Timestamp 146216043811217|Src n/a
[engine] opt done   id=1046  ProtosRootNode@2c17be74                            |Tier 1|Time   387(  45+342 )ms|AST    9|Inlined   0Y   0N|IR   7597/ 26924|CodeSize  137223|Addr 0x7fce502337e0|Timestamp 146216431927916|Src n/a
[engine] opt done   id=1051  ProtosRootNode@4f46eb1f                            |Tier 1|Time    15(   4+11  )ms|AST    2|Inlined   0Y   0N|IR    591/  1658|CodeSize    7561|Addr 0x7fce5026ab20|Timestamp 146216487182863|Src n/a
[engine] opt done   id=1052  ProtosRootNode@2fe21989                            |Tier 1|Time   386(  41+346 )ms|AST    9|Inlined   0Y   0N|IR   7597/ 26924|CodeSize  137223|Addr 0x7fce5026fee0|Timestamp 146216873917580|Src n/a
[engine] opt done   id=1043  ProtosRootNode@c2da11                              |Tier 1|Time    15(   6+9   )ms|AST    2|Inlined   0Y   0N|IR    888/  1275|CodeSize    5532|Addr 0x7fce502a4ce0|Timestamp 146216909037276|Src n/a
[engine] opt done   id=1044  ProtosRootNode@547bdbf2                            |Tier 1|Time   201(  26+175 )ms|AST    7|Inlined   0Y   0N|IR   4765/ 16236|CodeSize   81061|Addr 0x7fce502a8420|Timestamp 146217109929512|Src n/a
[engine] opt done   id=1049  ProtosRootNode@17375521                            |Tier 1|Time    20(   5+15  )ms|AST    2|Inlined   0Y   0N|IR    888/  1275|CodeSize    5532|Addr 0x7fce502c7560|Timestamp 146217130082073|Src n/a
[engine] opt done   id=1050  ProtosRootNode@5caa7a1c                            |Tier 1|Time   205(  29+176 )ms|AST    7|Inlined   0Y   0N|IR   4765/ 16236|CodeSize   81061|Addr 0x7fce502cb1a0|Timestamp 146217335445164|Src n/a
[engine] opt done   id=1098  ProtosRootNode@96ef3a3                             |Tier 1|Time    23(   6+17  )ms|AST    2|Inlined   0Y   0N|IR    591/  1658|CodeSize    7561|Addr 0x7fce502eb1a0|Timestamp 146217392502453|Src n/a
[engine] opt done   id=1099  ProtosRootNode@60643b38                            |Tier 1|Time   210(  32+178 )ms|AST    7|Inlined   0Y   0N|IR   4765/ 16236|CodeSize   81061|Addr 0x7fce502f0f20|Timestamp 146217603028449|Src n/a
[engine] opt done   id=1100  ProtosRootNode@3f54ff44                            |Tier 1|Time    19(   4+15  )ms|AST    2|Inlined   0Y   0N|IR    591/  1658|CodeSize    7561|Addr 0x7fce503100a0|Timestamp 146217622399709|Src n/a
[engine] opt done   id=1101  ProtosRootNode@673d7a6e                            |Tier 1|Time   195(  22+172 )ms|AST    7|Inlined   0Y   0N|IR   4765/ 16236|CodeSize   81061|Addr 0x7fce503146a0|Timestamp 146217817483079|Src n/a
[engine] opt done   id=1106  ProtosRootNode@732aa606                            |Tier 1|Time    24(   4+20  )ms|AST    2|Inlined   0Y   0N|IR    591/  1658|CodeSize    7561|Addr 0x7fce50333820|Timestamp 146217841695164|Src n/a
[engine] opt done   id=1107  ProtosRootNode@1395ac4c                            |Tier 1|Time   405(  41+364 )ms|AST    9|Inlined   0Y   0N|IR   7597/ 26924|CodeSize  137223|Addr 0x7fce50338be0|Timestamp 146218247586710|Src n/a
[engine] opt done   id=1112  ProtosRootNode@22056f4e                            |Tier 1|Time    14(   4+10  )ms|AST    2|Inlined   0Y   0N|IR    591/  1658|CodeSize    7561|Addr 0x7fce5036d720|Timestamp 146218274176668|Src n/a
[engine] opt done   id=1113  ProtosRootNode@5ad7e280                            |Tier 1|Time   389(  48+340 )ms|AST    9|Inlined   0Y   0N|IR   7597/ 26924|CodeSize  137223|Addr 0x7fce50372e60|Timestamp 146218663124777|Src n/a
[engine] opt done   id=1104  ProtosRootNode@63c7e7a1                            |Tier 1|Time    14(   4+9   )ms|AST    2|Inlined   0Y   0N|IR    888/  1275|CodeSize    5532|Addr 0x7fce503a7960|Timestamp 146218679853164|Src n/a
[engine] opt done   id=1105  ProtosRootNode@6d979ddd                            |Tier 1|Time   185(  22+163 )ms|AST    7|Inlined   0Y   0N|IR   4765/ 16236|CodeSize   81061|Addr 0x7fce503ab0a0|Timestamp 146218873530752|Src n/a
[engine] opt done   id=1110  ProtosRootNode@337082eb                            |Tier 1|Time    19(   4+15  )ms|AST    2|Inlined   0Y   0N|IR    888/  1275|CodeSize    5532|Addr 0x7fce503ca1e0|Timestamp 146218893246032|Src n/a
[engine] opt done   id=1111  ProtosRootNode@12806a06                            |Tier 1|Time   194(  32+162 )ms|AST    7|Inlined   0Y   0N|IR   4765/ 16236|CodeSize   81061|Addr 0x7fce503cd920|Timestamp 146219087101491|Src n/a
[engine] opt done   id=1159  ProtosRootNode@78f344f4                            |Tier 1|Time    22(   6+16  )ms|AST    2|Inlined   0Y   0N|IR    591/  1658|CodeSize    7561|Addr 0x7fce503ed320|Timestamp 146219155580451|Src n/a
[engine] opt done   id=1160  ProtosRootNode@45ebda3                             |Tier 1|Time   198(  22+176 )ms|AST    7|Inlined   0Y   0N|IR   4765/ 16236|CodeSize   81061|Addr 0x7fce503f1920|Timestamp 146219354304855|Src n/a
[engine] opt done   id=1161  ProtosRootNode@f472d98                             |Tier 1|Time    18(   4+14  )ms|AST    2|Inlined   0Y   0N|IR    591/  1658|CodeSize    7561|Addr 0x7fce50410aa0|Timestamp 146219372796674|Src n/a
[engine] opt done   id=1162  ProtosRootNode@73b45b60                            |Tier 1|Time   214(  23+191 )ms|AST    7|Inlined   0Y   0N|IR   4765/ 16236|CodeSize   81061|Addr 0x7fce504153a0|Timestamp 146219587394574|Src n/a
[engine] opt done   id=1167  ProtosRootNode@6eea74e0                            |Tier 1|Time    19(   4+15  )ms|AST    2|Inlined   0Y   0N|IR    591/  1658|CodeSize    7561|Addr 0x7fce50434520|Timestamp 146219606602893|Src n/a
[engine] opt done   id=1168  ProtosRootNode@5178e121                            |Tier 1|Time   410(  43+367 )ms|AST    9|Inlined   0Y   0N|IR   7597/ 26924|CodeSize  137223|Addr 0x7fce504398e0|Timestamp 146220016578813|Src n/a
[engine] opt done   id=1173  ProtosRootNode@29382e46                            |Tier 1|Time    14(   4+10  )ms|AST    2|Inlined   0Y   0N|IR    591/  1658|CodeSize    7561|Addr 0x7fce5046e420|Timestamp 146220030874488|Src n/a
[engine] opt done   id=1174  ProtosRootNode@7fef8870                            |Tier 1|Time   373(  41+332 )ms|AST    9|Inlined   0Y   0N|IR   7597/ 26924|CodeSize  137223|Addr 0x7fce504737e0|Timestamp 146220412590709|Src n/a
[engine] opt done   id=1165  ProtosRootNode@1a506558                            |Tier 1|Time    14(   4+10  )ms|AST    2|Inlined   0Y   0N|IR    888/  1275|CodeSize    5532|Addr 0x7fce504a82e0|Timestamp 146220445301092|Src n/a
[engine] opt done   id=1166  ProtosRootNode@2a1d9dd3                            |Tier 1|Time   182(  22+161 )ms|AST    7|Inlined   0Y   0N|IR   4765/ 16236|CodeSize   81061|Addr 0x7fce504abe20|Timestamp 146220628021689|Src n/a
[engine] opt done   id=1171  ProtosRootNode@5dd5c7b6                            |Tier 1|Time    14(   4+9   )ms|AST    2|Inlined   0Y   0N|IR    888/  1275|CodeSize    5532|Addr 0x7fce504caf60|Timestamp 146220642290434|Src n/a
[engine] opt done   id=1172  ProtosRootNode@1e20957c                            |Tier 1|Time   195(  22+173 )ms|AST    7|Inlined   0Y   0N|IR   4765/ 16236|CodeSize   81061|Addr 0x7fce504ce6a0|Timestamp 146220838272524|Src n/a
[engine] opt done   id=1220  ProtosRootNode@4fa27a2f                            |Tier 1|Time    36(   7+29  )ms|AST    2|Inlined   0Y   0N|IR    591/  1658|CodeSize    7561|Addr 0x7fce504edca0|Timestamp 146220905730913|Src n/a
[engine] opt done   id=1221  ProtosRootNode@4abae39a                            |Tier 1|Time   214(  35+178 )ms|AST    7|Inlined   0Y   0N|IR   4765/ 16236|CodeSize   81061|Addr 0x7fce504f3d20|Timestamp 146221121714614|Src n/a
[engine] opt done   id=1222  ProtosRootNode@60e4d7a9                            |Tier 1|Time    18(   4+15  )ms|AST    2|Inlined   0Y   0N|IR    591/  1658|CodeSize    7561|Addr 0x7fce50512ea0|Timestamp 146221140547223|Src n/a
[engine] opt done   id=1223  ProtosRootNode@2c4a6135                            |Tier 1|Time   193(  23+170 )ms|AST    7|Inlined   0Y   0N|IR   4765/ 16236|CodeSize   81061|Addr 0x7fce505174a0|Timestamp 146221334227291|Src n/a
[engine] opt done   id=1228  ProtosRootNode@2f647aec                            |Tier 1|Time    24(   4+20  )ms|AST    2|Inlined   0Y   0N|IR    591/  1658|CodeSize    7561|Addr 0x7fce50536620|Timestamp 146221358709866|Src n/a
[engine] opt done   id=1229  ProtosRootNode@171523b9                            |Tier 1|Time   403(  45+358 )ms|AST    9|Inlined   0Y   0N|IR   7597/ 26924|CodeSize  137223|Addr 0x7fce5053b9e0|Timestamp 146221761765428|Src n/a
[engine] opt done   id=1234  ProtosRootNode@79dd29bb                            |Tier 1|Time    14(   4+11  )ms|AST    2|Inlined   0Y   0N|IR    591/  1658|CodeSize    7561|Addr 0x7fce50570c20|Timestamp 146221803519661|Src n/a
[engine] opt done   id=1235  ProtosRootNode@9c9aa43                             |Tier 1|Time   407(  40+367 )ms|AST    9|Inlined   0Y   0N|IR   7597/ 26924|CodeSize  137223|Addr 0x7fce50575fe0|Timestamp 146222210573497|Src n/a
[engine] opt done   id=1226  ProtosRootNode@7d3e2547                            |Tier 1|Time    20(   4+16  )ms|AST    2|Inlined   0Y   0N|IR    888/  1275|CodeSize    5532|Addr 0x7fce505aaae0|Timestamp 146222234352381|Src n/a
[engine] opt done   id=1227  ProtosRootNode@45e239e1                            |Tier 1|Time   202(  22+179 )ms|AST    7|Inlined   0Y   0N|IR   4765/ 16236|CodeSize   81061|Addr 0x7fce505ae220|Timestamp 146222436516208|Src n/a
[engine] opt done   id=1232  ProtosRootNode@22e7adfb                            |Tier 1|Time    19(   4+15  )ms|AST    2|Inlined   0Y   0N|IR    888/  1275|CodeSize    5532|Addr 0x7fce505cd360|Timestamp 146222455946357|Src n/a
[engine] opt done   id=1233  ProtosRootNode@794755c1                            |Tier 1|Time   186(  26+160 )ms|AST    7|Inlined   0Y   0N|IR   4765/ 16236|CodeSize   81061|Addr 0x7fce505d0aa0|Timestamp 146222642382198|Src n/a
[engine] opt done   id=1281  ProtosRootNode@494a58cb                            |Tier 1|Time    41(   7+34  )ms|AST    2|Inlined   0Y   0N|IR    591/  1658|CodeSize    7561|Addr 0x7fce505f1aa0|Timestamp 146222725560873|Src n/a
[engine] opt done   id=1282  ProtosRootNode@31403cd6                            |Tier 1|Time   190(  24+166 )ms|AST    7|Inlined   0Y   0N|IR   4765/ 16236|CodeSize   81061|Addr 0x7fce505f60a0|Timestamp 146222917044168|Src n/a
[engine] opt done   id=1283  ProtosRootNode@1ab5b95f                            |Tier 1|Time    20(   4+16  )ms|AST    2|Inlined   0Y   0N|IR    591/  1658|CodeSize    7561|Addr 0x7fce50615220|Timestamp 146222937635739|Src n/a
[engine] opt done   id=1284  ProtosRootNode@10fd3371                            |Tier 1|Time   197(  22+175 )ms|AST    7|Inlined   0Y   0N|IR   4765/ 16236|CodeSize   81061|Addr 0x7fce50619820|Timestamp 146223135606311|Src n/a
[engine] opt done   id=1289  ProtosRootNode@3006219e                            |Tier 1|Time    18(   4+14  )ms|AST    2|Inlined   0Y   0N|IR    591/  1658|CodeSize    7561|Addr 0x7fce506389a0|Timestamp 146223154105570|Src n/a
[engine] opt done   id=1290  ProtosRootNode@34f8e49e                            |Tier 1|Time   400(  46+353 )ms|AST    9|Inlined   0Y   0N|IR   7597/ 26924|CodeSize  137223|Addr 0x7fce5063e360|Timestamp 146223554273108|Src n/a
[engine] opt done   id=1295  ProtosRootNode@2f597e7e                            |Tier 1|Time    15(   4+11  )ms|AST    2|Inlined   0Y   0N|IR    591/  1658|CodeSize    7561|Addr 0x7fce50672ea0|Timestamp 146223586350011|Src n/a
[engine] opt done   id=1296  ProtosRootNode@5c2a9434                            |Tier 1|Time   408(  42+366 )ms|AST    9|Inlined   0Y   0N|IR   7597/ 26924|CodeSize  137223|Addr 0x7fce50678260|Timestamp 146223994804148|Src n/a
[engine] opt done   id=1287  ProtosRootNode@27f3d413                            |Tier 1|Time    23(   4+18  )ms|AST    2|Inlined   0Y   0N|IR    888/  1275|CodeSize    5532|Addr 0x7fce506acd60|Timestamp 146224021178474|Src n/a
[engine] opt done   id=1288  ProtosRootNode@7b276156                            |Tier 1|Time   187(  23+164 )ms|AST    7|Inlined   0Y   0N|IR   4765/ 16236|CodeSize   81061|Addr 0x7fce506b04a0|Timestamp 146224208657425|Src n/a
[engine] opt done   id=1293  ProtosRootNode@67b63aa5                            |Tier 1|Time    15(   4+10  )ms|AST    2|Inlined   0Y   0N|IR    888/  1275|CodeSize    5532|Addr 0x7fce506cf5e0|Timestamp 146224236403314|Src n/a
[engine] opt done   id=1294  ProtosRootNode@541ec66e                            |Tier 1|Time   199(  24+176 )ms|AST    7|Inlined   0Y   0N|IR   4765/ 16236|CodeSize   81061|Addr 0x7fce506d2d20|Timestamp 146224436440688|Src n/a
