WARMUP	1	17838836156	321601
WARMUP	2	17651177617	321601
WARMUP	3	16297314166	321601
WARMUP	4	17416922909	321601
WARMUP	5	15220616921	321601
WARMUP	6	14690638835	321601
WARMUP	7	14729895569	321601
WARMUP	8	15009272210	321601
WARMUP	9	14958693217	321601
WARMUP	10	14937541259	321601
WARMUP	11	15358740825	321601
WARMUP	12	15061782513	321601
WARMUP	13	15773847733	321601
WARMUP	14	14868142858	321601
WARMUP	15	15794757612	321601
WARMUP	16	15365117695	321601
WARMUP	17	15192990324	321601
WARMUP	18	14938737790	321601
WARMUP	19	15175099185	321601
WARMUP	20	15023703483	321601
