[To redirect Truffle log output to a file use one of the following options:
* '--log.file=<path>' if the option is passed using a guest language launcher.
* '-Dpolyglot.log.file=<path>' if the option is passed using the host Java launcher.
* Configure logging using the polyglot embedding API.]
[engine] opt done   id=110   ProtosRootNode@1b4e5635                            |Tier 1|Time    91(  63+28  )ms|AST    2|Inlined   0Y   0N|IR    575/  1647|CodeSize    7498|Addr 0x7fab2b15dfa0|Timestamp 145567489209139|Src n/a
[engine] opt done   id=111   ProtosRootNode@5b761588                            |Tier 1|Time   865( 125+739 )ms|AST   15|Inlined   0Y   0N|IR  12793/ 43583|CodeSize  223441|Addr 0x7fab2b16b5c0|Timestamp 145568360042493|Src n/a
[engine] opt done   id=103   ProtosRootNode@1822bfeb                            |Tier 1|Time    14(   4+10  )ms|AST    2|Inlined   0Y   0N|IR    575/  1647|CodeSize    7498|Addr 0x7fab2b1c25a0|Timestamp 145568376258424|Src n/a
[engine] opt done   id=104   ProtosRootNode@a58c717                             |Tier 1|Time   143(  30+113 )ms|AST    6|Inlined   0Y   0N|IR   3578/ 12397|CodeSize   61435|Addr 0x7fab2b1c71c0|Timestamp 145568522043209|Src n/a
[engine] opt done   id=101   ProtosRootNode@336590e0                            |Tier 1|Time    27(   7+20  )ms|AST    2|Inlined   0Y   0N|IR    591/  1658|CodeSize    7561|Addr 0x7fab2b1e8620|Timestamp 145568654117340|Src n/a
[engine] opt done   id=102   ProtosRootNode@3f555f23                            |Tier 1|Time   340(  75+265 )ms|AST    9|Inlined   0Y   0N|IR   6624/ 23763|CodeSize  120983|Addr 0x7fab2b1f1540|Timestamp 145568997151069|Src n/a
[engine] opt done   id=99    ProtosRootNode@67f385b3                            |Tier 1|Time    14(   5+10  )ms|AST    2|Inlined   0Y   0N|IR    888/  1275|CodeSize    5532|Addr 0x7fab2b2202e0|Timestamp 145569021086699|Src n/a
[engine] opt done   id=100   ProtosRootNode@3cf91cbc                            |Tier 1|Time   592(  62+530 )ms|AST   13|Inlined   0Y   0N|IR  10909/ 36824|CodeSize  192065|Addr 0x7fab2b225ec0|Timestamp 145569614025624|Src n/a
[engine] opt done   id=105   ProtosRootNode@29727d66                            |Tier 1|Time    14(   4+10  )ms|AST    2|Inlined   0Y   0N|IR    888/  1275|CodeSize    5532|Addr 0x7fab2b270de0|Timestamp 145569630248684|Src n/a
[engine] opt done   id=106   ProtosRootNode@e92e28d                             |Tier 1|Time   240(  46+194 )ms|AST    8|Inlined   0Y   0N|IR   5608/ 19227|CodeSize   96961|Addr 0x7fab2b275ac0|Timestamp 145569872497320|Src n/a
[engine] opt done   id=112   ProtosRootNode@4a9014bf                            |Tier 1|Time    14(   4+10  )ms|AST    2|Inlined   0Y   0N|IR    591/  1658|CodeSize    7561|Addr 0x7fab2b29b1a0|Timestamp 145569899335647|Src n/a
[engine] opt done   id=113   ProtosRootNode@2ba6aa5b                            |Tier 1|Time   787(  74+713 )ms|AST   19|Inlined   0Y   0N|IR  13183/ 44057|CodeSize  227156|Addr 0x7fab2b2a1ea0|Timestamp 145570687266137|Src n/a
[engine] opt done   id=102   ProtosRootNode@3f555f23                            |Tier 1|Time   372(  82+289 )ms|AST    9|Inlined   0Y   0N|IR   6629/ 23773|CodeSize  120764|Addr 0x7fab2b309540|Timestamp 145571111592796|Src n/a
[engine] opt done   id=100   ProtosRootNode@3cf91cbc                            |Tier 1|Time   615(  63+552 )ms|AST   13|Inlined   0Y   0N|IR  10914/ 36834|CodeSize  192085|Addr 0x7fab2b33adc0|Timestamp 145571727945074|Src n/a
[engine] opt done   id=106   ProtosRootNode@e92e28d                             |Tier 1|Time   252(  39+213 )ms|AST    8|Inlined   0Y   0N|IR   5608/ 19227|CodeSize   96993|Addr 0x7fab2b388fc0|Timestamp 145571981562966|Src n/a
[engine] opt done   id=104   ProtosRootNode@a58c717                             |Tier 1|Time   167(  32+134 )ms|AST    6|Inlined   0Y   0N|IR   3578/ 12397|CodeSize   61435|Addr 0x7fab2b3b6dc0|Timestamp 145572168148701|Src n/a
[engine] opt done   id=195   ProtosRootNode@53fce502                            |Tier 1|Time    27(   6+22  )ms|AST    2|Inlined   0Y   0N|IR    575/  1647|CodeSize    7498|Addr 0x7fab2b3d16a0|Timestamp 145572214356006|Src n/a
[engine] opt done   id=196   ProtosRootNode@17035511                            |Tier 1|Time   820( 122+698 )ms|AST   15|Inlined   0Y   0N|IR  12793/ 43583|CodeSize  223473|Addr 0x7fab2b3e05a0|Timestamp 145573034601698|Src n/a
[engine] opt done   id=104   ProtosRootNode@a58c717                             |Tier 2|Time   203(  33+170 )ms|AST    6|Inlined   0Y   0N|IR   3505/ 10183|CodeSize   51463|Addr 0x7fab2b43de20|Timestamp 145573253320322|Src n/a
[engine] opt done   id=103   ProtosRootNode@1822bfeb                            |Tier 2|Time    16(   3+14  )ms|AST    2|Inlined   0Y   0N|IR    502/  1344|CodeSize    6459|Addr 0x7fab2b4528a0|Timestamp 145573281145331|Src n/a
[engine] opt done   id=197   ProtosRootNode@132581ae                            |Tier 1|Time    27(   7+20  )ms|AST    2|Inlined   0Y   0N|IR    591/  1658|CodeSize    7561|Addr 0x7fab2b458aa0|Timestamp 145573338802315|Src n/a
[engine] opt done   id=198   ProtosRootNode@34dc7422                            |Tier 1|Time   782(  88+694 )ms|AST   19|Inlined   0Y   0N|IR  13183/ 44057|CodeSize  227188|Addr 0x7fab2b462f80|Timestamp 145574129172759|Src n/a
[engine] opt done   id=280   ProtosRootNode@c614b5f                             |Tier 1|Time    21(   6+15  )ms|AST    2|Inlined   0Y   0N|IR    575/  1647|CodeSize    7498|Addr 0x7fab2b4bfc20|Timestamp 145574178207121|Src n/a
[engine] opt done   id=281   ProtosRootNode@7d90bdb3                            |Tier 1|Time   781( 104+677 )ms|AST   15|Inlined   0Y   0N|IR  12793/ 43583|CodeSize  223473|Addr 0x7fab2b4c7ba0|Timestamp 145574959582830|Src n/a
[engine] opt done   id=282   ProtosRootNode@4526d37d                            |Tier 1|Time    14(   4+10  )ms|AST    2|Inlined   0Y   0N|IR    591/  1658|CodeSize    7561|Addr 0x7fab2b522120|Timestamp 145575020122051|Src n/a
[engine] opt done   id=283   ProtosRootNode@7bb01684                            |Tier 1|Time   752(  90+662 )ms|AST   19|Inlined   0Y   0N|IR  13183/ 44057|CodeSize  227188|Addr 0x7fab2b528d80|Timestamp 145575774326520|Src n/a
[engine] opt done   id=365   ProtosRootNode@c66719e                             |Tier 1|Time    28(   5+23  )ms|AST    2|Inlined   0Y   0N|IR    575/  1647|CodeSize    7498|Addr 0x7fab2b584720|Timestamp 145575826541720|Src n/a
[engine] opt done   id=366   ProtosRootNode@7468ebb3                            |Tier 1|Time   843( 144+698 )ms|AST   15|Inlined   0Y   0N|IR  12793/ 43583|CodeSize  223473|Addr 0x7fab2b58f320|Timestamp 145576670937090|Src n/a
[engine] opt done   id=367   ProtosRootNode@16e388a1                            |Tier 1|Time    29(   7+22  )ms|AST    2|Inlined   0Y   0N|IR    591/  1658|CodeSize    7561|Addr 0x7fab2b5e83a0|Timestamp 145576732980633|Src n/a
[engine] opt done   id=368   ProtosRootNode@72cfd8b8                            |Tier 1|Time   765( 103+662 )ms|AST   19|Inlined   0Y   0N|IR  13183/ 44057|CodeSize  227188|Addr 0x7fab2b5f2c00|Timestamp 145577499797799|Src n/a
[engine] opt done   id=450   ProtosRootNode@5a7e4ea5                            |Tier 1|Time    21(   6+16  )ms|AST    2|Inlined   0Y   0N|IR    575/  1647|CodeSize    7498|Addr 0x7fab2b64dea0|Timestamp 145577539520677|Src n/a
[engine] opt done   id=451   ProtosRootNode@19af4d2                             |Tier 1|Time   854(  79+775 )ms|AST   15|Inlined   0Y   0N|IR  12793/ 43583|CodeSize  223473|Addr 0x7fab2b658920|Timestamp 145578393697686|Src n/a
[engine] opt done   id=452   ProtosRootNode@a96954b                             |Tier 1|Time    27(   7+20  )ms|AST    2|Inlined   0Y   0N|IR    591/  1658|CodeSize    7561|Addr 0x7fab2b6b32a0|Timestamp 145578449437353|Src n/a
[engine] opt done   id=453   ProtosRootNode@1c99f2e7                            |Tier 1|Time   783(  95+688 )ms|AST   19|Inlined   0Y   0N|IR  13183/ 44057|CodeSize  227188|Addr 0x7fab2b6bb700|Timestamp 145579234357048|Src n/a
[engine] opt done   id=535   ProtosRootNode@3301fc88                            |Tier 1|Time    15(   5+10  )ms|AST    2|Inlined   0Y   0N|IR    575/  1647|CodeSize    7498|Addr 0x7fab2b716ba0|Timestamp 145579268796133|Src n/a
[engine] opt done   id=536   ProtosRootNode@4e4dc67b                            |Tier 1|Time   757(  78+679 )ms|AST   15|Inlined   0Y   0N|IR  12793/ 43583|CodeSize  223473|Addr 0x7fab2b71d8a0|Timestamp 145580026349208|Src n/a
[engine] opt done   id=537   ProtosRootNode@f628341                             |Tier 1|Time    16(   5+11  )ms|AST    2|Inlined   0Y   0N|IR    591/  1658|CodeSize    7561|Addr 0x7fab2b776520|Timestamp 145580078005905|Src n/a
[engine] opt done   id=538   ProtosRootNode@680458b2                            |Tier 1|Time   788(  87+701 )ms|AST   19|Inlined   0Y   0N|IR  13183/ 44057|CodeSize  227188|Addr 0x7fab2b77df80|Timestamp 145580867492476|Src n/a
[engine] opt done   id=620   ProtosRootNode@52634181                            |Tier 1|Time    17(   6+10  )ms|AST    2|Inlined   0Y   0N|IR    575/  1647|CodeSize    7498|Addr 0x7fab2b7d7ca0|Timestamp 145580903439045|Src n/a
[engine] opt done   id=621   ProtosRootNode@1f6f771d                            |Tier 1|Time   779(  78+701 )ms|AST   15|Inlined   0Y   0N|IR  12793/ 43583|CodeSize  223473|Addr 0x7fab2b7de4a0|Timestamp 145581683656861|Src n/a
[engine] opt done   id=622   ProtosRootNode@36f9ac9c                            |Tier 1|Time    14(   4+11  )ms|AST    2|Inlined   0Y   0N|IR    591/  1658|CodeSize    7561|Addr 0x7fab2b8361a0|Timestamp 145581719668879|Src n/a
[engine] opt done   id=623   ProtosRootNode@e68b604                             |Tier 1|Time   787(  95+693 )ms|AST   19|Inlined   0Y   0N|IR  13183/ 44057|CodeSize  227188|Addr 0x7fab2b83e180|Timestamp 145582507700652|Src n/a
[engine] opt done   id=705   ProtosRootNode@1292128e                            |Tier 1|Time    15(   5+11  )ms|AST    2|Inlined   0Y   0N|IR    575/  1647|CodeSize    7498|Addr 0x7fab2b898020|Timestamp 145582542279637|Src n/a
[engine] opt done   id=706   ProtosRootNode@3705520                             |Tier 1|Time   771(  79+691 )ms|AST   15|Inlined   0Y   0N|IR  12793/ 43583|CodeSize  223473|Addr 0x7fab2b89ee20|Timestamp 145583313434165|Src n/a
[engine] opt done   id=707   ProtosRootNode@22c87202                            |Tier 1|Time    14(   4+10  )ms|AST    2|Inlined   0Y   0N|IR    591/  1658|CodeSize    7561|Addr 0x7fab2b8f5b20|Timestamp 145583348260790|Src n/a
[engine] opt done   id=708   ProtosRootNode@6a2c91a4                            |Tier 1|Time   782(  78+705 )ms|AST   19|Inlined   0Y   0N|IR  13183/ 44057|CodeSize  227188|Addr 0x7fab2b8fc200|Timestamp 145584131123115|Src n/a
[engine] opt done   id=790   ProtosRootNode@56d9e3dd                            |Tier 1|Time    19(   6+13  )ms|AST    2|Inlined   0Y   0N|IR    575/  1647|CodeSize    7498|Addr 0x7fab2b9566a0|Timestamp 145584166082180|Src n/a
[engine] opt done   id=791   ProtosRootNode@68c4b71b                            |Tier 1|Time   757(  75+681 )ms|AST   15|Inlined   0Y   0N|IR  12793/ 43583|CodeSize  223473|Addr 0x7fab2b95cea0|Timestamp 145584923051790|Src n/a
[engine] opt done   id=792   ProtosRootNode@55062553                            |Tier 1|Time    15(   4+11  )ms|AST    2|Inlined   0Y   0N|IR    591/  1658|CodeSize    7561|Addr 0x7fab2b9b3ba0|Timestamp 145584961301623|Src n/a
[engine] opt done   id=793   ProtosRootNode@6f1247db                            |Tier 1|Time   788(  76+712 )ms|AST   19|Inlined   0Y   0N|IR  13183/ 44057|CodeSize  227188|Addr 0x7fab2b9ba680|Timestamp 145585750433068|Src n/a
[engine] opt done   id=875   ProtosRootNode@69f66f1e                            |Tier 1|Time    28(   8+20  )ms|AST    2|Inlined   0Y   0N|IR    575/  1647|CodeSize    7498|Addr 0x7fab2ba14120|Timestamp 145585798094445|Src n/a
[engine] opt done   id=876   ProtosRootNode@28b9157e                            |Tier 1|Time   794(  93+702 )ms|AST   15|Inlined   0Y   0N|IR  12793/ 43583|CodeSize  223473|Addr 0x7fab2ba1d320|Timestamp 145586594426065|Src n/a
[engine] opt done   id=877   ProtosRootNode@7b6eeddf                            |Tier 1|Time    14(   4+11  )ms|AST    2|Inlined   0Y   0N|IR    591/  1658|CodeSize    7561|Addr 0x7fab2ba74020|Timestamp 145586623653066|Src n/a
[engine] opt done   id=878   ProtosRootNode@3a25dbc0                            |Tier 1|Time   786(  80+706 )ms|AST   19|Inlined   0Y   0N|IR  13183/ 44057|CodeSize  227188|Addr 0x7fab2ba7a700|Timestamp 145587410339150|Src n/a
[engine] opt done   id=960   ProtosRootNode@f77c66f                             |Tier 1|Time    14(   4+10  )ms|AST    2|Inlined   0Y   0N|IR    575/  1647|CodeSize    7498|Addr 0x7fab2bad49a0|Timestamp 145587440615784|Src n/a
[engine] opt done   id=961   ProtosRootNode@76cd6dc8                            |Tier 1|Time   775(  77+698 )ms|AST   15|Inlined   0Y   0N|IR  12793/ 43583|CodeSize  223473|Addr 0x7fab2badb1a0|Timestamp 145588216748450|Src n/a
[engine] opt done   id=962   ProtosRootNode@796a1c                              |Tier 1|Time    16(   6+10  )ms|AST    2|Inlined   0Y   0N|IR    591/  1658|CodeSize    7561|Addr 0x7fab2bb33720|Timestamp 145588257078258|Src n/a
[engine] opt done   id=963   ProtosRootNode@70e72cf6                            |Tier 1|Time  1078( 162+916 )ms|AST   19|Inlined   0Y   0N|IR  13183/ 44057|CodeSize  227188|Addr 0x7fab2bb3a500|Timestamp 145589336468267|Src n/a
[engine] opt done   id=1045  ProtosRootNode@152b1ea                             |Tier 1|Time    15(   4+11  )ms|AST    2|Inlined   0Y   0N|IR    575/  1647|CodeSize    7498|Addr 0x7fab2bb93aa0|Timestamp 145589367054591|Src n/a
[engine] opt done   id=1046  ProtosRootNode@28f63c47                            |Tier 1|Time   843( 109+734 )ms|AST   15|Inlined   0Y   0N|IR  12793/ 43583|CodeSize  223473|Addr 0x7fab2bb9caa0|Timestamp 145590210104743|Src n/a
[engine] opt done   id=1047  ProtosRootNode@3693cf7f                            |Tier 1|Time    15(   5+10  )ms|AST    2|Inlined   0Y   0N|IR    591/  1658|CodeSize    7561|Addr 0x7fab2bbf3aa0|Timestamp 145590249967569|Src n/a
[engine] opt done   id=1048  ProtosRootNode@5566b21d                            |Tier 1|Time   785(  91+694 )ms|AST   19|Inlined   0Y   0N|IR  13183/ 44057|CodeSize  227188|Addr 0x7fab2bbfa180|Timestamp 145591035249979|Src n/a
[engine] opt done   id=1130  ProtosRootNode@66f8e836                            |Tier 1|Time    16(   5+10  )ms|AST    2|Inlined   0Y   0N|IR    575/  1647|CodeSize    7498|Addr 0x7fab2bc545a0|Timestamp 145591065358702|Src n/a
[engine] opt done   id=1131  ProtosRootNode@6a874cb7                            |Tier 1|Time   861(  92+768 )ms|AST   15|Inlined   0Y   0N|IR  12793/ 43583|CodeSize  223473|Addr 0x7fab2bc5b6a0|Timestamp 145591928350297|Src n/a
[engine] opt done   id=1132  ProtosRootNode@43587578                            |Tier 1|Time    15(   4+11  )ms|AST    2|Inlined   0Y   0N|IR    591/  1658|CodeSize    7561|Addr 0x7fab2bcb2a20|Timestamp 145591959173781|Src n/a
[engine] opt done   id=1133  ProtosRootNode@184022a8                            |Tier 1|Time   766(  91+674 )ms|AST   19|Inlined   0Y   0N|IR  13183/ 44057|CodeSize  227188|Addr 0x7fab2bcb9100|Timestamp 145592725168070|Src n/a
[engine] opt done   id=1215  ProtosRootNode@7782ba5f                            |Tier 1|Time    27(   8+19  )ms|AST    2|Inlined   0Y   0N|IR    575/  1647|CodeSize    7498|Addr 0x7fab2bd121a0|Timestamp 145592766118598|Src n/a
[engine] opt done   id=1216  ProtosRootNode@66155969                            |Tier 1|Time   958( 217+741 )ms|AST   15|Inlined   0Y   0N|IR  12793/ 43583|CodeSize  223473|Addr 0x7fab2bd1d6a0|Timestamp 145593726307621|Src n/a
[engine] opt done   id=1217  ProtosRootNode@250593d7                            |Tier 1|Time    29(   7+22  )ms|AST    2|Inlined   0Y   0N|IR    591/  1658|CodeSize    7561|Addr 0x7fab2bd746a0|Timestamp 145593784485021|Src n/a
[engine] opt done   id=1218  ProtosRootNode@2de91b17                            |Tier 1|Time  1390( 193+1197)ms|AST   19|Inlined   0Y   0N|IR  13183/ 44057|CodeSize  227188|Addr 0x7fab2bd7bf80|Timestamp 145595175365306|Src n/a
[engine] opt done   id=1300  ProtosRootNode@3f0cadb7                            |Tier 1|Time    17(   5+12  )ms|AST    2|Inlined   0Y   0N|IR    575/  1647|CodeSize    7498|Addr 0x7fab2bdd6e20|Timestamp 145595212789605|Src n/a
[engine] opt done   id=1301  ProtosRootNode@10b90dfd                            |Tier 1|Time  1062( 160+902 )ms|AST   15|Inlined   0Y   0N|IR  12793/ 43583|CodeSize  223473|Addr 0x7fab2bdde820|Timestamp 145596277010519|Src n/a
[engine] opt done   id=1302  ProtosRootNode@5e6d5f7                             |Tier 1|Time    14(   4+10  )ms|AST    2|Inlined   0Y   0N|IR    591/  1658|CodeSize    7561|Addr 0x7fab2be37120|Timestamp 145596326275617|Src n/a
[engine] opt done   id=1303  ProtosRootNode@4970cf38                            |Tier 1|Time   798(  95+703 )ms|AST   19|Inlined   0Y   0N|IR  13183/ 44057|CodeSize  227188|Addr 0x7fab2be3d800|Timestamp 145597125113831|Src n/a
[engine] opt done   id=1385  ProtosRootNode@3ed6b07a                            |Tier 1|Time    20(   5+15  )ms|AST    2|Inlined   0Y   0N|IR    575/  1647|CodeSize    7498|Addr 0x7fab2be97520|Timestamp 145597156127136|Src n/a
[engine] opt done   id=1386  ProtosRootNode@539e23ab                            |Tier 1|Time   763(  78+685 )ms|AST   15|Inlined   0Y   0N|IR  12793/ 43583|CodeSize  223473|Addr 0x7fab2be9dd20|Timestamp 145597921316006|Src n/a
[engine] opt done   id=1387  ProtosRootNode@29be5453                            |Tier 1|Time    16(   6+10  )ms|AST    2|Inlined   0Y   0N|IR    591/  1658|CodeSize    7561|Addr 0x7fab2bef66a0|Timestamp 145597961473812|Src n/a
[engine] opt done   id=1388  ProtosRootNode@25dd2bd4                            |Tier 1|Time   773(  76+697 )ms|AST   19|Inlined   0Y   0N|IR  13183/ 44057|CodeSize  227188|Addr 0x7fab2befcd80|Timestamp 145598734442400|Src n/a
[engine] opt done   id=1470  ProtosRootNode@2238da4f                            |Tier 1|Time    26(   5+22  )ms|AST    2|Inlined   0Y   0N|IR    575/  1647|CodeSize    7498|Addr 0x7fab2bf56020|Timestamp 145598770771267|Src n/a
[engine] opt done   id=1471  ProtosRootNode@430fc092                            |Tier 1|Time   769(  87+682 )ms|AST   15|Inlined   0Y   0N|IR  12793/ 43583|CodeSize  223473|Addr 0x7fab2bf5e5a0|Timestamp 145599542126028|Src n/a
[engine] opt done   id=1472  ProtosRootNode@4c133ba5                            |Tier 1|Time    14(   4+10  )ms|AST    2|Inlined   0Y   0N|IR    591/  1658|CodeSize    7561|Addr 0x7fab2bfb52a0|Timestamp 145599570187815|Src n/a
[engine] opt done   id=1473  ProtosRootNode@2cc6faa                             |Tier 1|Time   776(  77+699 )ms|AST   19|Inlined   0Y   0N|IR  13183/ 44057|CodeSize  227188|Addr 0x7fab2bfbbc80|Timestamp 145600347437557|Src n/a
[engine] opt done   id=1555  ProtosRootNode@199b0c33                            |Tier 1|Time    27(   5+22  )ms|AST    2|Inlined   0Y   0N|IR    575/  1647|CodeSize    7498|Addr 0x7fab2c0168a0|Timestamp 145600386868191|Src n/a
[engine] opt done   id=1556  ProtosRootNode@57f701bc                            |Tier 1|Time   872(  80+792 )ms|AST   15|Inlined   0Y   0N|IR  12793/ 43583|CodeSize  223473|Addr 0x7fab2c01dd20|Timestamp 145601259060677|Src n/a
[engine] opt done   id=1557  ProtosRootNode@3d6dc590                            |Tier 1|Time    15(   4+10  )ms|AST    2|Inlined   0Y   0N|IR    591/  1658|CodeSize    7561|Addr 0x7fab2c074a20|Timestamp 145601303629253|Src n/a
[engine] opt done   id=1558  ProtosRootNode@282664c9                            |Tier 1|Time   828(  82+746 )ms|AST   19|Inlined   0Y   0N|IR  13183/ 44057|CodeSize  227188|Addr 0x7fab2c07b100|Timestamp 145602133834746|Src n/a
[engine] opt done   id=1640  ProtosRootNode@693957b7                            |Tier 1|Time    26(   4+22  )ms|AST    2|Inlined   0Y   0N|IR    575/  1647|CodeSize    7498|Addr 0x7fab2c0d5b20|Timestamp 145602175809996|Src n/a
[engine] opt done   id=1641  ProtosRootNode@31b6600f                            |Tier 1|Time   789(  97+692 )ms|AST   15|Inlined   0Y   0N|IR  12793/ 43583|CodeSize  223473|Addr 0x7fab2c0de6a0|Timestamp 145602965234660|Src n/a
[engine] opt done   id=1642  ProtosRootNode@49e6dea7                            |Tier 1|Time    14(   4+10  )ms|AST    2|Inlined   0Y   0N|IR    591/  1658|CodeSize    7561|Addr 0x7fab2c1353a0|Timestamp 145602993723088|Src n/a
[engine] opt done   id=1643  ProtosRootNode@1fd3f547                            |Tier 1|Time   790(  86+704 )ms|AST   19|Inlined   0Y   0N|IR  13183/ 44057|CodeSize  227188|Addr 0x7fab2c13cf00|Timestamp 145603783785991|Src n/a
[engine] opt done   id=1725  ProtosRootNode@3447a655                            |Tier 1|Time    14(   3+11  )ms|AST    2|Inlined   0Y   0N|IR    575/  1647|CodeSize    7498|Addr 0x7fab2c196720|Timestamp 145603809380181|Src n/a
[engine] opt done   id=1726  ProtosRootNode@49916fb6                            |Tier 1|Time   751(  82+669 )ms|AST   15|Inlined   0Y   0N|IR  12793/ 43583|CodeSize  223473|Addr 0x7fab2c19cf20|Timestamp 145604560940831|Src n/a
[engine] opt done   id=1727  ProtosRootNode@124016d2                            |Tier 1|Time    14(   4+10  )ms|AST    2|Inlined   0Y   0N|IR    591/  1658|CodeSize    7561|Addr 0x7fab2c1f3c20|Timestamp 145604589816459|Src n/a
[engine] opt done   id=1728  ProtosRootNode@757602e4                            |Tier 1|Time   811( 105+706 )ms|AST   19|Inlined   0Y   0N|IR  13183/ 44057|CodeSize  227188|Addr 0x7fab2c1fa300|Timestamp 145605400901737|Src n/a
[engine] opt done   id=102   ProtosRootNode@3f555f23                            |Tier 2|Time   385(  41+345 )ms|AST    9|Inlined   0Y   0N|IR   6556/ 19786|CodeSize  105309|Addr 0x7fab2c2543a0|Timestamp 145605790017206|Src n/a
[engine] opt done   id=101   ProtosRootNode@336590e0                            |Tier 2|Time    19(   4+15  )ms|AST    2|Inlined   0Y   0N|IR    518/  1448|CodeSize    7174|Addr 0x7fab2c27d160|Timestamp 145605821313340|Src n/a
[engine] opt done   id=100   ProtosRootNode@3cf91cbc                            |Tier 2|Time   670(  60+610 )ms|AST   13|Inlined   0Y   0N|IR  10841/ 30029|CodeSize  163035|Addr 0x7fab2c282920|Timestamp 145606494028538|Src n/a
[engine] opt done   id=106   ProtosRootNode@e92e28d                             |Tier 2|Time   280(  30+250 )ms|AST    8|Inlined   0Y   0N|IR   5535/ 15668|CodeSize   82373|Addr 0x7fab2c2c2da0|Timestamp 145606796162711|Src n/a
[engine] opt done   id=99    ProtosRootNode@67f385b3                            |Tier 2|Time    17(   4+13  )ms|AST    2|Inlined   0Y   0N|IR    815/   944|CodeSize    4429|Addr 0x7fab2c2e3280|Timestamp 145606822813713|Src n/a
[engine] opt done   id=105   ProtosRootNode@29727d66                            |Tier 2|Time    18(   4+14  )ms|AST    2|Inlined   0Y   0N|IR    815/   944|CodeSize    4429|Addr 0x7fab2c2e5400|Timestamp 145606841403927|Src n/a
