[To redirect Truffle log output to a file use one of the following options:
* '--log.file=<path>' if the option is passed using a guest language launcher.
* '-Dpolyglot.log.file=<path>' if the option is passed using the host Java launcher.
* Configure logging using the polyglot embedding API.]
[engine] opt done   id=128   ProtosRootNode@a781801                             |Tier 1|Time    88(  62+26  )ms|AST    2|Inlined   0Y   0N|IR    591/  1658|CodeSize    7561|Addr 0x7f4bd7164720|Timestamp 145608657952614|Src n/a
[engine] opt done   id=129   ProtosRootNode@3fd6f615                            |Tier 1|Time  2641( 244+2397)ms|AST   31|Inlined   0Y   0N|IR  24900/ 88668|CodeSize  454302|Addr 0x7f4bd7174fc0|Timestamp 145611306374677|Src n/a
[engine] opt done   id=124   ProtosRootNode@29115ea5                            |Tier 1|Time    28(   9+19  )ms|AST    2|Inlined   0Y   0N|IR    888/  1275|CodeSize    5532|Addr 0x7f4bd72245e0|Timestamp 145611376964963|Src n/a
[engine] opt done   id=125   ProtosRootNode@3b8d3861                            |Tier 1|Time  1140( 120+1019)ms|AST   24|Inlined   0Y   0N|IR  16614/ 57331|CodeSize  296350|Addr 0x7f4bd722ee40|Timestamp 145612519585175|Src n/a
[engine] opt done   id=103   ProtosRootNode@1b7dfba1                            |Tier 1|Time    13(   3+10  )ms|AST    2|Inlined   0Y   0N|IR    575/  1647|CodeSize    7498|Addr 0x7f4bd72a1d20|Timestamp 145612535071051|Src n/a
[engine] opt done   id=104   ProtosRootNode@289020e4                            |Tier 1|Time   117(  17+101 )ms|AST    6|Inlined   0Y   0N|IR   3578/ 12397|CodeSize   61435|Addr 0x7f4bd72a65c0|Timestamp 145612671829921|Src n/a
[engine] opt done   id=126   ProtosRootNode@72adeeba                            |Tier 1|Time    27(   8+19  )ms|AST    2|Inlined   0Y   0N|IR    888/  1275|CodeSize    5532|Addr 0x7f4bd72bec60|Timestamp 145612711801764|Src n/a
[engine] opt done   id=127   ProtosRootNode@ddece54                             |Tier 1|Time  2112( 202+1909)ms|AST   28|Inlined   0Y   0N|IR  23473/ 78400|CodeSize  409752|Addr 0x7f4bd72cf940|Timestamp 145614826256075|Src n/a
[engine] opt done   id=116   ProtosRootNode@6a5af591                            |Tier 1|Time    26(   7+19  )ms|AST    2|Inlined   0Y   0N|IR    888/  1275|CodeSize    5532|Addr 0x7f4bd736f9e0|Timestamp 145614909562309|Src n/a
[engine] opt done   id=117   ProtosRootNode@3668a0b8                            |Tier 1|Time   193(  45+147 )ms|AST    7|Inlined   0Y   0N|IR   4623/ 15023|CodeSize   76661|Addr 0x7f4bd7377680|Timestamp 145615104268702|Src n/a
[engine] opt done   id=122   ProtosRootNode@e66d2ac                             |Tier 1|Time    13(   4+9   )ms|AST    2|Inlined   0Y   0N|IR    888/  1275|CodeSize    5532|Addr 0x7f4bd7396360|Timestamp 145615120477370|Src n/a
[engine] opt done   id=123   ProtosRootNode@5a520b41                            |Tier 1|Time   397(  45+352 )ms|AST   14|Inlined   0Y   0N|IR   8039/ 28350|CodeSize  146358|Addr 0x7f4bd739bd60|Timestamp 145615518767507|Src n/a
[engine] opt done   id=118   ProtosRootNode@66a2a62e                            |Tier 1|Time    14(   4+10  )ms|AST    2|Inlined   0Y   0N|IR    888/  1275|CodeSize    5532|Addr 0x7f4bd73d3860|Timestamp 145615543574644|Src n/a
[engine] opt done   id=119   ProtosRootNode@686bc7a2                            |Tier 1|Time   126(  26+100 )ms|AST    6|Inlined   0Y   0N|IR   3469/ 11274|CodeSize   56764|Addr 0x7f4bd73d7e20|Timestamp 145615673092005|Src n/a
[engine] opt done   id=128   ProtosRootNode@a781801                             |Tier 2|Time    51(   6+45  )ms|AST    2|Inlined   0Y   0N|IR    518/  1448|CodeSize    7174|Addr 0x7f4bd7401ce0|Timestamp 145615924512540|Src n/a
[engine] opt done   id=129   ProtosRootNode@3fd6f615                            |Tier 2|Time  2194( 163+2032)ms|AST   31|Inlined   0Y   0N|IR  24829/ 72708|CodeSize  394014|Addr 0x7f4bd740d2e0|Timestamp 145618121716877|Src n/a
[engine] opt done   id=104   ProtosRootNode@289020e4                            |Tier 1|Time   136(  22+114 )ms|AST    6|Inlined   0Y   0N|IR   3578/ 12397|CodeSize   61435|Addr 0x7f4bd74b3a40|Timestamp 145618422098253|Src n/a
[engine] opt done   id=213   ProtosRootNode@7a1509fb                            |Tier 1|Time    29(   7+22  )ms|AST    2|Inlined   0Y   0N|IR    591/  1658|CodeSize    7561|Addr 0x7f4bd74cde20|Timestamp 145618463042308|Src n/a
[engine] opt done   id=214   ProtosRootNode@1c52ec1d                            |Tier 1|Time  2432( 174+2257)ms|AST   31|Inlined   0Y   0N|IR  24900/ 88668|CodeSize  454366|Addr 0x7f4bd74dbca0|Timestamp 145620895403757|Src n/a
[engine] opt done   id=209   ProtosRootNode@6fb7218f                            |Tier 1|Time    29(   8+21  )ms|AST    2|Inlined   0Y   0N|IR    888/  1275|CodeSize    5532|Addr 0x7f4bd758b9e0|Timestamp 145620962984533|Src n/a
[engine] opt done   id=210   ProtosRootNode@3cfe68a7                            |Tier 1|Time  1122( 111+1011)ms|AST   24|Inlined   0Y   0N|IR  16614/ 57331|CodeSize  296414|Addr 0x7f4bd7594d80|Timestamp 145622085713380|Src n/a
[engine] opt done   id=211   ProtosRootNode@4ee210df                            |Tier 1|Time    23(   8+15  )ms|AST    2|Inlined   0Y   0N|IR    888/  1275|CodeSize    5532|Addr 0x7f4bd76084e0|Timestamp 145622111518319|Src n/a
[engine] opt done   id=212   ProtosRootNode@5e4a0aa2                            |Tier 1|Time  2058( 139+1919)ms|AST   28|Inlined   0Y   0N|IR  23473/ 78400|CodeSize  409880|Addr 0x7f4bd7613a60|Timestamp 145624183411050|Src n/a
[engine] opt done   id=201   ProtosRootNode@15e28cc8                            |Tier 1|Time    28(   8+21  )ms|AST    2|Inlined   0Y   0N|IR    888/  1275|CodeSize    5532|Addr 0x7f4bd76b54e0|Timestamp 145624288047880|Src n/a
[engine] opt done   id=202   ProtosRootNode@6ae826f4                            |Tier 1|Time   176(  29+148 )ms|AST    7|Inlined   0Y   0N|IR   4623/ 15023|CodeSize   76693|Addr 0x7f4bd76ba260|Timestamp 145624466643290|Src n/a
[engine] opt done   id=207   ProtosRootNode@7fbbb080                            |Tier 1|Time    14(   4+9   )ms|AST    2|Inlined   0Y   0N|IR    888/  1275|CodeSize    5532|Addr 0x7f4bd76d8c60|Timestamp 145624481287793|Src n/a
[engine] opt done   id=208   ProtosRootNode@472b63c3                            |Tier 1|Time   375(  44+332 )ms|AST   14|Inlined   0Y   0N|IR   8039/ 28350|CodeSize  146358|Addr 0x7f4bd76dd560|Timestamp 145624857323125|Src n/a
[engine] opt done   id=203   ProtosRootNode@782ba636                            |Tier 1|Time    29(   4+24  )ms|AST    2|Inlined   0Y   0N|IR    888/  1275|CodeSize    5532|Addr 0x7f4bd7714d60|Timestamp 145624886428342|Src n/a
[engine] opt done   id=204   ProtosRootNode@4eb76e9e                            |Tier 1|Time   119(  15+104 )ms|AST    6|Inlined   0Y   0N|IR   3469/ 11274|CodeSize   56764|Addr 0x7f4bd7718020|Timestamp 145625007091198|Src n/a
[engine] opt done   id=104   ProtosRootNode@289020e4                            |Tier 2|Time   168(  28+140 )ms|AST    6|Inlined   0Y   0N|IR   3505/ 10183|CodeSize   51463|Addr 0x7f4bd7732620|Timestamp 145625214437533|Src n/a
[engine] opt done   id=103   ProtosRootNode@1b7dfba1                            |Tier 2|Time    17(   4+13  )ms|AST    2|Inlined   0Y   0N|IR    502/  1344|CodeSize    6459|Addr 0x7f4bd7747720|Timestamp 145625232301114|Src n/a
[engine] opt done   id=101   ProtosRootNode@7da0205                             |Tier 1|Time    22(   7+15  )ms|AST    2|Inlined   0Y   0N|IR    591/  1658|CodeSize    7561|Addr 0x7f4bd77518a0|Timestamp 145625336303882|Src n/a
[engine] opt done   id=102   ProtosRootNode@60e0581d                            |Tier 1|Time   292(  33+259 )ms|AST    9|Inlined   0Y   0N|IR   6629/ 23773|CodeSize  120764|Addr 0x7f4bd77569c0|Timestamp 145625635903239|Src n/a
[engine] opt done   id=99    ProtosRootNode@42918db0                            |Tier 1|Time    14(   4+10  )ms|AST    2|Inlined   0Y   0N|IR    888/  1275|CodeSize    5532|Addr 0x7f4bd7785960|Timestamp 145625661982138|Src n/a
[engine] opt done   id=100   ProtosRootNode@786e7640                            |Tier 1|Time   595(  60+535 )ms|AST   13|Inlined   0Y   0N|IR  10914/ 36834|CodeSize  192085|Addr 0x7f4bd778b340|Timestamp 145626258151162|Src n/a
[engine] opt done   id=105   ProtosRootNode@6d35bf29                            |Tier 1|Time    14(   4+9   )ms|AST    2|Inlined   0Y   0N|IR    888/  1275|CodeSize    5532|Addr 0x7f4bd77d61e0|Timestamp 145626289373973|Src n/a
[engine] opt done   id=106   ProtosRootNode@29afc249                            |Tier 1|Time   224(  26+198 )ms|AST    8|Inlined   0Y   0N|IR   5608/ 19227|CodeSize   96993|Addr 0x7f4bd77d9bc0|Timestamp 145626513949747|Src n/a
[engine] opt done   id=213   ProtosRootNode@7a1509fb                            |Tier 2|Time    19(   4+15  )ms|AST    2|Inlined   0Y   0N|IR    518/  1448|CodeSize    7174|Addr 0x7f4bd77ff2e0|Timestamp 145626538101642|Src n/a
[engine] opt done   id=214   ProtosRootNode@1c52ec1d                            |Tier 2|Time  2190( 157+2033)ms|AST   31|Inlined   0Y   0N|IR  24829/ 72708|CodeSize  394046|Addr 0x7f4bd78076c0|Timestamp 145628736949819|Src n/a
[engine] opt done   id=298   ProtosRootNode@b10b24a                             |Tier 1|Time    26(   8+18  )ms|AST    2|Inlined   0Y   0N|IR    591/  1658|CodeSize    7561|Addr 0x7f4bd78a2ba0|Timestamp 145628870932674|Src n/a
[engine] opt done   id=299   ProtosRootNode@bb3953d                             |Tier 1|Time  2459( 167+2291)ms|AST   31|Inlined   0Y   0N|IR  24900/ 88668|CodeSize  454366|Addr 0x7f4bd78acea0|Timestamp 145631329995193|Src n/a
[engine] opt done   id=294   ProtosRootNode@65ace6da                            |Tier 1|Time    28(   9+19  )ms|AST    2|Inlined   0Y   0N|IR    888/  1275|CodeSize    5532|Addr 0x7f4bd795c760|Timestamp 145631391676263|Src n/a
[engine] opt done   id=295   ProtosRootNode@13ec111a                            |Tier 1|Time  1182( 172+1010)ms|AST   24|Inlined   0Y   0N|IR  16614/ 57331|CodeSize  296414|Addr 0x7f4bd7969500|Timestamp 145632578121612|Src n/a
[engine] opt done   id=296   ProtosRootNode@55482801                            |Tier 1|Time    14(   4+9   )ms|AST    2|Inlined   0Y   0N|IR    888/  1275|CodeSize    5532|Addr 0x7f4bd79dc9e0|Timestamp 145632593473557|Src n/a
[engine] opt done   id=297   ProtosRootNode@e31fbc5                             |Tier 1|Time  2015( 158+1858)ms|AST   28|Inlined   0Y   0N|IR  23473/ 78400|CodeSize  409880|Addr 0x7f4bd79e5e60|Timestamp 145634626246882|Src n/a
[engine] opt done   id=286   ProtosRootNode@7ddc095b                            |Tier 1|Time    27(   8+19  )ms|AST    2|Inlined   0Y   0N|IR    888/  1275|CodeSize    5532|Addr 0x7f4bd7a85f60|Timestamp 145634685856966|Src n/a
[engine] opt done   id=287   ProtosRootNode@7feeaabe                            |Tier 1|Time   206(  44+162 )ms|AST    7|Inlined   0Y   0N|IR   4623/ 15023|CodeSize   76693|Addr 0x7f4bd7a8d9e0|Timestamp 145634893800815|Src n/a
[engine] opt done   id=292   ProtosRootNode@6cabb4ba                            |Tier 1|Time    13(   4+9   )ms|AST    2|Inlined   0Y   0N|IR    888/  1275|CodeSize    5532|Addr 0x7f4bd7aac3e0|Timestamp 145634908171997|Src n/a
[engine] opt done   id=293   ProtosRootNode@32c6b32a                            |Tier 1|Time   364(  43+321 )ms|AST   14|Inlined   0Y   0N|IR   8039/ 28350|CodeSize  146358|Addr 0x7f4bd7ab0ce0|Timestamp 145635272712039|Src n/a
[engine] opt done   id=288   ProtosRootNode@1b648d95                            |Tier 1|Time    28(   4+24  )ms|AST    2|Inlined   0Y   0N|IR    888/  1275|CodeSize    5532|Addr 0x7f4bd7ae84e0|Timestamp 145635303336388|Src n/a
[engine] opt done   id=289   ProtosRootNode@21c4d097                            |Tier 1|Time   121(  18+103 )ms|AST    6|Inlined   0Y   0N|IR   3469/ 11274|CodeSize   56764|Addr 0x7f4bd7aebf20|Timestamp 145635424861253|Src n/a
[engine] opt done   id=298   ProtosRootNode@b10b24a                             |Tier 2|Time    22(   4+18  )ms|AST    2|Inlined   0Y   0N|IR    518/  1448|CodeSize    7174|Addr 0x7f4bd7b02e60|Timestamp 145635515067956|Src n/a
[engine] opt done   id=299   ProtosRootNode@bb3953d                             |Tier 2|Time  2298( 176+2122)ms|AST   31|Inlined   0Y   0N|IR  24829/ 72708|CodeSize  394046|Addr 0x7f4bd7b0bc40|Timestamp 145637813493046|Src n/a
[engine] opt done   id=383   ProtosRootNode@308c0714                            |Tier 1|Time    25(   8+17  )ms|AST    2|Inlined   0Y   0N|IR    591/  1658|CodeSize    7561|Addr 0x7f4bd7ba64a0|Timestamp 145637936846853|Src n/a
[engine] opt done   id=384   ProtosRootNode@1893cd30                            |Tier 1|Time  2293( 154+2139)ms|AST   31|Inlined   0Y   0N|IR  24900/ 88668|CodeSize  454366|Addr 0x7f4bd7bafa20|Timestamp 145640230284563|Src n/a
[engine] opt done   id=379   ProtosRootNode@38210eb                             |Tier 1|Time    14(   5+9   )ms|AST    2|Inlined   0Y   0N|IR    888/  1275|CodeSize    5532|Addr 0x7f4bd7c5efe0|Timestamp 145640277523189|Src n/a
[engine] opt done   id=380   ProtosRootNode@6d23582f                            |Tier 1|Time  1152( 119+1033)ms|AST   24|Inlined   0Y   0N|IR  16614/ 57331|CodeSize  296414|Addr 0x7f4bd7c67b00|Timestamp 145641430134845|Src n/a
[engine] opt done   id=381   ProtosRootNode@648625a                             |Tier 1|Time    29(   8+21  )ms|AST    2|Inlined   0Y   0N|IR    888/  1275|CodeSize    5532|Addr 0x7f4bd7cda9e0|Timestamp 145641461850766|Src n/a
[engine] opt done   id=382   ProtosRootNode@260083c                             |Tier 1|Time  2352( 319+2032)ms|AST   28|Inlined   0Y   0N|IR  23473/ 78400|CodeSize  409880|Addr 0x7f4bd7ce3160|Timestamp 145643851151650|Src n/a
[engine] opt done   id=371   ProtosRootNode@366e1571                            |Tier 1|Time    14(   5+9   )ms|AST    2|Inlined   0Y   0N|IR    888/  1275|CodeSize    5532|Addr 0x7f4bd7d83260|Timestamp 145643897487533|Src n/a
[engine] opt done   id=372   ProtosRootNode@285cbfb0                            |Tier 1|Time   171(  21+150 )ms|AST    7|Inlined   0Y   0N|IR   4623/ 15023|CodeSize   76693|Addr 0x7f4bd7d868e0|Timestamp 145644070543998|Src n/a
[engine] opt done   id=377   ProtosRootNode@7c4eb0be                            |Tier 1|Time    19(   8+11  )ms|AST    2|Inlined   0Y   0N|IR    888/  1275|CodeSize    5532|Addr 0x7f4bd7da58e0|Timestamp 145644090242682|Src n/a
[engine] opt done   id=378   ProtosRootNode@69b2fe58                            |Tier 1|Time   367(  44+324 )ms|AST   14|Inlined   0Y   0N|IR   8039/ 28350|CodeSize  146358|Addr 0x7f4bd7daa1e0|Timestamp 145644457756619|Src n/a
[engine] opt done   id=373   ProtosRootNode@c0aebc3                             |Tier 1|Time    22(   5+18  )ms|AST    2|Inlined   0Y   0N|IR    888/  1275|CodeSize    5532|Addr 0x7f4bd7de22e0|Timestamp 145644480833840|Src n/a
[engine] opt done   id=374   ProtosRootNode@7b2f81fb                            |Tier 1|Time   116(  15+100 )ms|AST    6|Inlined   0Y   0N|IR   3469/ 11274|CodeSize   56764|Addr 0x7f4bd7de58a0|Timestamp 145644597335179|Src n/a
[engine] opt done   id=383   ProtosRootNode@308c0714                            |Tier 2|Time    18(   3+15  )ms|AST    2|Inlined   0Y   0N|IR    518/  1448|CodeSize    7174|Addr 0x7f4bd7dfc7e0|Timestamp 145644676315385|Src n/a
[engine] opt done   id=384   ProtosRootNode@1893cd30                            |Tier 2|Time  2178( 154+2025)ms|AST   31|Inlined   0Y   0N|IR  24829/ 72708|CodeSize  394046|Addr 0x7f4bd7e04f40|Timestamp 145646871691973|Src n/a
[engine] opt done   id=468   ProtosRootNode@6fcd3096                            |Tier 1|Time    27(   7+19  )ms|AST    2|Inlined   0Y   0N|IR    591/  1658|CodeSize    7561|Addr 0x7f4bd7e9cea0|Timestamp 145646979196291|Src n/a
[engine] opt done   id=469   ProtosRootNode@4c078ccd                            |Tier 1|Time  2833( 328+2504)ms|AST   31|Inlined   0Y   0N|IR  24900/ 88668|CodeSize  454366|Addr 0x7f4bd7ea87a0|Timestamp 145649813733552|Src n/a
[engine] opt done   id=464   ProtosRootNode@ea55b8a                             |Tier 1|Time    27(   8+19  )ms|AST    2|Inlined   0Y   0N|IR    888/  1275|CodeSize    5532|Addr 0x7f4bd7f57d60|Timestamp 145649935154680|Src n/a
[engine] opt done   id=465   ProtosRootNode@e77e876                             |Tier 1|Time  1395( 199+1196)ms|AST   24|Inlined   0Y   0N|IR  16614/ 57331|CodeSize  296414|Addr 0x7f4bd7f60300|Timestamp 145651330757912|Src n/a
[engine] opt done   id=466   ProtosRootNode@4af402f5                            |Tier 1|Time    13(   4+9   )ms|AST    2|Inlined   0Y   0N|IR    888/  1275|CodeSize    5532|Addr 0x7f4bd7fd31e0|Timestamp 145651345452524|Src n/a
[engine] opt done   id=467   ProtosRootNode@1498e1be                            |Tier 1|Time  2001( 148+1854)ms|AST   28|Inlined   0Y   0N|IR  23473/ 78400|CodeSize  409880|Addr 0x7f4bd7fdb260|Timestamp 145653364524606|Src n/a
[engine] opt done   id=456   ProtosRootNode@b6e720                              |Tier 1|Time    13(   4+9   )ms|AST    2|Inlined   0Y   0N|IR    888/  1275|CodeSize    5532|Addr 0x7f4bd807b360|Timestamp 145653408467912|Src n/a
[engine] opt done   id=457   ProtosRootNode@9bd8c60                             |Tier 1|Time   170(  21+149 )ms|AST    7|Inlined   0Y   0N|IR   4623/ 15023|CodeSize   76693|Addr 0x7f4bd807e9e0|Timestamp 145653578497275|Src n/a
[engine] opt done   id=462   ProtosRootNode@4ff0d18d                            |Tier 1|Time    13(   4+9   )ms|AST    2|Inlined   0Y   0N|IR    888/  1275|CodeSize    5532|Addr 0x7f4bd809d3e0|Timestamp 145653592738646|Src n/a
[engine] opt done   id=463   ProtosRootNode@78788262                            |Tier 1|Time   372(  48+324 )ms|AST   14|Inlined   0Y   0N|IR   8039/ 28350|CodeSize  146358|Addr 0x7f4bd80a1ce0|Timestamp 145653965419532|Src n/a
[engine] opt done   id=458   ProtosRootNode@3156898                             |Tier 1|Time    14(   4+9   )ms|AST    2|Inlined   0Y   0N|IR    888/  1275|CodeSize    5532|Addr 0x7f4bd80d94e0|Timestamp 145653992489271|Src n/a
[engine] opt done   id=459   ProtosRootNode@63d02c9c                            |Tier 1|Time   113(  17+96  )ms|AST    6|Inlined   0Y   0N|IR   3469/ 11274|CodeSize   56764|Addr 0x7f4bd80dc7a0|Timestamp 145654105758999|Src n/a
[engine] opt done   id=468   ProtosRootNode@6fcd3096                            |Tier 2|Time    18(   4+15  )ms|AST    2|Inlined   0Y   0N|IR    518/  1448|CodeSize    7174|Addr 0x7f4bd80f36e0|Timestamp 145654205290267|Src n/a
[engine] opt done   id=469   ProtosRootNode@4c078ccd                            |Tier 2|Time  2160( 162+1998)ms|AST   31|Inlined   0Y   0N|IR  24829/ 72708|CodeSize  394046|Addr 0x7f4bd80fbac0|Timestamp 145656366074889|Src n/a
[engine] opt done   id=553   ProtosRootNode@4f95e22f                            |Tier 1|Time    27(   7+20  )ms|AST    2|Inlined   0Y   0N|IR    591/  1658|CodeSize    7561|Addr 0x7f4bd8193c20|Timestamp 145656476543740|Src n/a
[engine] opt done   id=554   ProtosRootNode@288ac7ab                            |Tier 1|Time  2352( 180+2172)ms|AST   31|Inlined   0Y   0N|IR  24900/ 88668|CodeSize  454366|Addr 0x7f4bd81a18a0|Timestamp 145658832579669|Src n/a
[engine] opt done   id=549   ProtosRootNode@16ce2dcf                            |Tier 1|Time    27(   7+20  )ms|AST    2|Inlined   0Y   0N|IR    888/  1275|CodeSize    5532|Addr 0x7f4bd8250e60|Timestamp 145658910564749|Src n/a
[engine] opt done   id=550   ProtosRootNode@423ef85f                            |Tier 1|Time  1143( 132+1011)ms|AST   24|Inlined   0Y   0N|IR  16614/ 57331|CodeSize  296414|Addr 0x7f4bd825a480|Timestamp 145660054651452|Src n/a
[engine] opt done   id=551   ProtosRootNode@21e92758                            |Tier 1|Time    20(  10+11  )ms|AST    2|Inlined   0Y   0N|IR    888/  1275|CodeSize    5532|Addr 0x7f4bd82cd760|Timestamp 145660108340169|Src n/a
[engine] opt done   id=552   ProtosRootNode@7ce3e07                             |Tier 1|Time  2028( 138+1891)ms|AST   28|Inlined   0Y   0N|IR  23473/ 78400|CodeSize  409880|Addr 0x7f4bd82d57e0|Timestamp 145662137216362|Src n/a
[engine] opt done   id=541   ProtosRootNode@1d71b962                            |Tier 1|Time    13(   4+9   )ms|AST    2|Inlined   0Y   0N|IR    888/  1275|CodeSize    5532|Addr 0x7f4bd83758e0|Timestamp 145662178415841|Src n/a
[engine] opt done   id=542   ProtosRootNode@37a875e5                            |Tier 1|Time   168(  21+148 )ms|AST    7|Inlined   0Y   0N|IR   4623/ 15023|CodeSize   76693|Addr 0x7f4bd8378f60|Timestamp 145662347073946|Src n/a
[engine] opt done   id=547   ProtosRootNode@19753ee1                            |Tier 1|Time    14(   4+9   )ms|AST    2|Inlined   0Y   0N|IR    888/  1275|CodeSize    5532|Addr 0x7f4bd8397960|Timestamp 145662363017321|Src n/a
[engine] opt done   id=548   ProtosRootNode@291dbb6d                            |Tier 1|Time   410(  69+341 )ms|AST   14|Inlined   0Y   0N|IR   8039/ 28350|CodeSize  146358|Addr 0x7f4bd839dce0|Timestamp 145662775060061|Src n/a
[engine] opt done   id=543   ProtosRootNode@ffc238b                             |Tier 1|Time    20(   4+16  )ms|AST    2|Inlined   0Y   0N|IR    888/  1275|CodeSize    5532|Addr 0x7f4bd83d54e0|Timestamp 145662795793946|Src n/a
[engine] opt done   id=544   ProtosRootNode@4a3bb87a                            |Tier 1|Time   116(  15+100 )ms|AST    6|Inlined   0Y   0N|IR   3469/ 11274|CodeSize   56764|Addr 0x7f4bd83d87a0|Timestamp 145662911813446|Src n/a
[engine] opt done   id=553   ProtosRootNode@4f95e22f                            |Tier 2|Time    19(   3+15  )ms|AST    2|Inlined   0Y   0N|IR    518/  1448|CodeSize    7174|Addr 0x7f4bd83ef6e0|Timestamp 145662992771131|Src n/a
[engine] opt done   id=554   ProtosRootNode@288ac7ab                            |Tier 2|Time  2324( 157+2167)ms|AST   31|Inlined   0Y   0N|IR  24829/ 72708|CodeSize  394046|Addr 0x7f4bd83f7ac0|Timestamp 145665329225127|Src n/a
[engine] opt done   id=638   ProtosRootNode@1d32fac0                            |Tier 1|Time    17(   6+11  )ms|AST    2|Inlined   0Y   0N|IR    591/  1658|CodeSize    7561|Addr 0x7f4bd848fba0|Timestamp 145665410032961|Src n/a
[engine] opt done   id=639   ProtosRootNode@608dbded                            |Tier 1|Time  2345( 181+2164)ms|AST   31|Inlined   0Y   0N|IR  24900/ 88668|CodeSize  454366|Addr 0x7f4bd8499120|Timestamp 145667755558897|Src n/a
[engine] opt done   id=634   ProtosRootNode@4c177b79                            |Tier 1|Time    14(   4+9   )ms|AST    2|Inlined   0Y   0N|IR    888/  1275|CodeSize    5532|Addr 0x7f4bd85486e0|Timestamp 145667806923917|Src n/a
[engine] opt done   id=635   ProtosRootNode@549a7364                            |Tier 1|Time  1050(  92+958 )ms|AST   24|Inlined   0Y   0N|IR  16614/ 57331|CodeSize  296414|Addr 0x7f4bd854ee00|Timestamp 145668859157960|Src n/a
[engine] opt done   id=636   ProtosRootNode@658c9e88                            |Tier 1|Time    14(   4+10  )ms|AST    2|Inlined   0Y   0N|IR    888/  1275|CodeSize    5532|Addr 0x7f4bd85c1ce0|Timestamp 145668874258672|Src n/a
[engine] opt done   id=637   ProtosRootNode@827d24c                             |Tier 1|Time  2058( 141+1917)ms|AST   28|Inlined   0Y   0N|IR  23473/ 78400|CodeSize  409880|Addr 0x7f4bd85c9d60|Timestamp 145670952257191|Src n/a
[engine] opt done   id=626   ProtosRootNode@2f856571                            |Tier 1|Time    14(   5+9   )ms|AST    2|Inlined   0Y   0N|IR    888/  1275|CodeSize    5532|Addr 0x7f4bd8669e60|Timestamp 145670998259920|Src n/a
[engine] opt done   id=627   ProtosRootNode@6ae03b4c                            |Tier 1|Time   168(  21+148 )ms|AST    7|Inlined   0Y   0N|IR   4623/ 15023|CodeSize   76693|Addr 0x7f4bd866d4e0|Timestamp 145671167126450|Src n/a
[engine] opt done   id=632   ProtosRootNode@a7edad                              |Tier 1|Time    14(   5+9   )ms|AST    2|Inlined   0Y   0N|IR    888/  1275|CodeSize    5532|Addr 0x7f4bd868bee0|Timestamp 145671182017371|Src n/a
[engine] opt done   id=633   ProtosRootNode@13a3fa01                            |Tier 1|Time   381(  46+335 )ms|AST   14|Inlined   0Y   0N|IR   8039/ 28350|CodeSize  146358|Addr 0x7f4bd86907e0|Timestamp 145671565195818|Src n/a
[engine] opt done   id=628   ProtosRootNode@10aed864                            |Tier 1|Time    31(   9+21  )ms|AST    2|Inlined   0Y   0N|IR    888/  1275|CodeSize    5532|Addr 0x7f4bd86c8460|Timestamp 145671596574055|Src n/a
[engine] opt done   id=629   ProtosRootNode@5c483109                            |Tier 1|Time   134(  32+102 )ms|AST    6|Inlined   0Y   0N|IR   3469/ 11274|CodeSize   56764|Addr 0x7f4bd86cd020|Timestamp 145671732689015|Src n/a
[engine] opt done   id=638   ProtosRootNode@1d32fac0                            |Tier 2|Time    19(   4+15  )ms|AST    2|Inlined   0Y   0N|IR    518/  1448|CodeSize    7174|Addr 0x7f4bd86e3f60|Timestamp 145671822314186|Src n/a
[engine] opt done   id=639   ProtosRootNode@608dbded                            |Tier 2|Time  2175( 158+2017)ms|AST   31|Inlined   0Y   0N|IR  24829/ 72708|CodeSize  394046|Addr 0x7f4bd86ec340|Timestamp 145674010933440|Src n/a
[engine] opt done   id=723   ProtosRootNode@1220249e                            |Tier 1|Time    20(   9+11  )ms|AST    2|Inlined   0Y   0N|IR    591/  1658|CodeSize    7561|Addr 0x7f4bd8783f20|Timestamp 145674117953107|Src n/a
[engine] opt done   id=724   ProtosRootNode@25bc86fe                            |Tier 1|Time  2400( 167+2233)ms|AST   31|Inlined   0Y   0N|IR  24900/ 88668|CodeSize  454366|Addr 0x7f4bd878ed20|Timestamp 145676518496962|Src n/a
[engine] opt done   id=719   ProtosRootNode@7a549bc6                            |Tier 1|Time    14(   4+10  )ms|AST    2|Inlined   0Y   0N|IR    888/  1275|CodeSize    5532|Addr 0x7f4bd883e2e0|Timestamp 145676561229013|Src n/a
[engine] opt done   id=720   ProtosRootNode@4be30315                            |Tier 1|Time  1129(  91+1038)ms|AST   24|Inlined   0Y   0N|IR  16614/ 57331|CodeSize  296414|Addr 0x7f4bd8844a00|Timestamp 145677690726629|Src n/a
[engine] opt done   id=721   ProtosRootNode@31dc1f4c                            |Tier 1|Time    14(   4+10  )ms|AST    2|Inlined   0Y   0N|IR    888/  1275|CodeSize    5532|Addr 0x7f4bd88b78e0|Timestamp 145677744303802|Src n/a
[engine] opt done   id=722   ProtosRootNode@2e5f9e3e                            |Tier 1|Time  2025( 168+1857)ms|AST   28|Inlined   0Y   0N|IR  23473/ 78400|CodeSize  409880|Addr 0x7f4bd88c0460|Timestamp 145679771637944|Src n/a
[engine] opt done   id=711   ProtosRootNode@546507a4                            |Tier 1|Time    21(   8+13  )ms|AST    2|Inlined   0Y   0N|IR    888/  1275|CodeSize    5532|Addr 0x7f4bd89608e0|Timestamp 145679819419334|Src n/a
[engine] opt done   id=712   ProtosRootNode@67bd44b4                            |Tier 1|Time   172(  22+151 )ms|AST    7|Inlined   0Y   0N|IR   4623/ 15023|CodeSize   76693|Addr 0x7f4bd8964260|Timestamp 145679992306198|Src n/a
[engine] opt done   id=717   ProtosRootNode@236edec7                            |Tier 1|Time    14(   4+10  )ms|AST    2|Inlined   0Y   0N|IR    888/  1275|CodeSize    5532|Addr 0x7f4bd8982c60|Timestamp 145680007220859|Src n/a
[engine] opt done   id=718   ProtosRootNode@3a8a40dc                            |Tier 1|Time   372(  44+328 )ms|AST   14|Inlined   0Y   0N|IR   8039/ 28350|CodeSize  146358|Addr 0x7f4bd8987560|Timestamp 145680379497682|Src n/a
[engine] opt done   id=713   ProtosRootNode@35d3fcf                             |Tier 1|Time    20(   4+16  )ms|AST    2|Inlined   0Y   0N|IR    888/  1275|CodeSize    5532|Addr 0x7f4bd89bed60|Timestamp 145680399930005|Src n/a
[engine] opt done   id=714   ProtosRootNode@7a05edc8                            |Tier 1|Time   117(  16+101 )ms|AST    6|Inlined   0Y   0N|IR   3469/ 11274|CodeSize   56764|Addr 0x7f4bd89c2320|Timestamp 145680517334432|Src n/a
[engine] opt done   id=723   ProtosRootNode@1220249e                            |Tier 2|Time    19(   3+16  )ms|AST    2|Inlined   0Y   0N|IR    518/  1448|CodeSize    7174|Addr 0x7f4bd89d9260|Timestamp 145680600043296|Src n/a
[engine] opt done   id=724   ProtosRootNode@25bc86fe                            |Tier 2|Time  2321( 162+2159)ms|AST   31|Inlined   0Y   0N|IR  24829/ 72708|CodeSize  394046|Addr 0x7f4bd89e1640|Timestamp 145682934313702|Src n/a
[engine] opt done   id=808   ProtosRootNode@b8bc74d                             |Tier 1|Time    25(   7+18  )ms|AST    2|Inlined   0Y   0N|IR    591/  1658|CodeSize    7561|Addr 0x7f4bd8a79d20|Timestamp 145683057071799|Src n/a
[engine] opt done   id=809   ProtosRootNode@67e11f73                            |Tier 1|Time  2518( 215+2303)ms|AST   31|Inlined   0Y   0N|IR  24900/ 88668|CodeSize  454366|Addr 0x7f4bd8a832a0|Timestamp 145685575533631|Src n/a
[engine] opt done   id=804   ProtosRootNode@7e94a052                            |Tier 1|Time    14(   5+9   )ms|AST    2|Inlined   0Y   0N|IR    888/  1275|CodeSize    5532|Addr 0x7f4bd8b32860|Timestamp 145685619835593|Src n/a
[engine] opt done   id=805   ProtosRootNode@661a5e5                             |Tier 1|Time  1163(  96+1067)ms|AST   24|Inlined   0Y   0N|IR  16614/ 57331|CodeSize  296414|Addr 0x7f4bd8b39380|Timestamp 145686783303437|Src n/a
[engine] opt done   id=806   ProtosRootNode@52aaf5e7                            |Tier 1|Time    37(  11+26  )ms|AST    2|Inlined   0Y   0N|IR    888/  1275|CodeSize    5532|Addr 0x7f4bd8bad8e0|Timestamp 145686823794741|Src n/a
[engine] opt done   id=807   ProtosRootNode@2e8290a3                            |Tier 1|Time  2152( 159+1993)ms|AST   28|Inlined   0Y   0N|IR  23473/ 78400|CodeSize  409880|Addr 0x7f4bd8bb8960|Timestamp 145688976269864|Src n/a
[engine] opt done   id=796   ProtosRootNode@2ebe65fc                            |Tier 1|Time    14(   4+9   )ms|AST    2|Inlined   0Y   0N|IR    888/  1275|CodeSize    5532|Addr 0x7f4bd8c58a60|Timestamp 145689022938210|Src n/a
[engine] opt done   id=797   ProtosRootNode@dcbe4b0                             |Tier 1|Time   171(  21+150 )ms|AST    7|Inlined   0Y   0N|IR   4623/ 15023|CodeSize   76693|Addr 0x7f4bd8c5c0e0|Timestamp 145689194082265|Src n/a
[engine] opt done   id=802   ProtosRootNode@5a919fb3                            |Tier 1|Time    13(   4+9   )ms|AST    2|Inlined   0Y   0N|IR    888/  1275|CodeSize    5532|Addr 0x7f4bd8c7aae0|Timestamp 145689208283605|Src n/a
[engine] opt done   id=803   ProtosRootNode@6191c637                            |Tier 1|Time   367(  43+323 )ms|AST   14|Inlined   0Y   0N|IR   8039/ 28350|CodeSize  146358|Addr 0x7f4bd8c7f3e0|Timestamp 145689575518117|Src n/a
[engine] opt done   id=798   ProtosRootNode@2c42d09a                            |Tier 1|Time    21(   4+17  )ms|AST    2|Inlined   0Y   0N|IR    888/  1275|CodeSize    5532|Addr 0x7f4bd8cb6be0|Timestamp 145689596856481|Src n/a
[engine] opt done   id=799   ProtosRootNode@7d949c37                            |Tier 1|Time   117(  15+101 )ms|AST    6|Inlined   0Y   0N|IR   3469/ 11274|CodeSize   56764|Addr 0x7f4bd8cba1a0|Timestamp 145689714266474|Src n/a
[engine] opt done   id=808   ProtosRootNode@b8bc74d                             |Tier 2|Time    18(   3+15  )ms|AST    2|Inlined   0Y   0N|IR    518/  1448|CodeSize    7174|Addr 0x7f4bd8cd10e0|Timestamp 145689805755283|Src n/a
[engine] opt done   id=809   ProtosRootNode@67e11f73                            |Tier 2|Time  2157( 160+1998)ms|AST   31|Inlined   0Y   0N|IR  24829/ 72708|CodeSize  394046|Addr 0x7f4bd8cd94c0|Timestamp 145691975715232|Src n/a
[engine] opt done   id=893   ProtosRootNode@742007fe                            |Tier 1|Time    27(   6+21  )ms|AST    2|Inlined   0Y   0N|IR    591/  1658|CodeSize    7561|Addr 0x7f4bd8d70a20|Timestamp 145692090388598|Src n/a
[engine] opt done   id=894   ProtosRootNode@7144aac4                            |Tier 1|Time  2487( 200+2287)ms|AST   31|Inlined   0Y   0N|IR  24900/ 88668|CodeSize  454366|Addr 0x7f4bd74dbca0|Timestamp 145694579526108|Src n/a
[engine] opt done   id=889   ProtosRootNode@14fd607e                            |Tier 1|Time    14(   5+9   )ms|AST    2|Inlined   0Y   0N|IR    888/  1275|CodeSize    5532|Addr 0x7f4bd72bec60|Timestamp 145694639960942|Src n/a
[engine] opt done   id=890   ProtosRootNode@26d73b5c                            |Tier 1|Time  1100(  94+1006)ms|AST   24|Inlined   0Y   0N|IR  16614/ 57331|CodeSize  296414|Addr 0x7f4bd722ee00|Timestamp 145695740344323|Src n/a
[engine] opt done   id=891   ProtosRootNode@5aee9bc6                            |Tier 1|Time    13(   4+9   )ms|AST    2|Inlined   0Y   0N|IR    888/  1275|CodeSize    5532|Addr 0x7f4bd7396360|Timestamp 145695755015233|Src n/a
[engine] opt done   id=892   ProtosRootNode@63f46904                            |Tier 1|Time  2038( 150+1888)ms|AST   28|Inlined   0Y   0N|IR  23473/ 78400|CodeSize  409880|Addr 0x7f4bd7613a60|Timestamp 145697812857541|Src n/a
[engine] opt done   id=881   ProtosRootNode@3988b390                            |Tier 1|Time    13(   4+9   )ms|AST    2|Inlined   0Y   0N|IR    888/  1275|CodeSize    5532|Addr 0x7f4bd73d3860|Timestamp 145697873629236|Src n/a
[engine] opt done   id=882   ProtosRootNode@24b80ea6                            |Tier 1|Time   171(  21+150 )ms|AST    7|Inlined   0Y   0N|IR   4623/ 15023|CodeSize   76693|Addr 0x7f4bd7377660|Timestamp 145698044990726|Src n/a
[engine] opt done   id=887   ProtosRootNode@66785b73                            |Tier 1|Time    13(   4+9   )ms|AST    2|Inlined   0Y   0N|IR    888/  1275|CodeSize    5532|Addr 0x7f4bd758b9e0|Timestamp 145698059213385|Src n/a
[engine] opt done   id=888   ProtosRootNode@cc4209a                             |Tier 1|Time   392(  44+348 )ms|AST   14|Inlined   0Y   0N|IR   8039/ 28350|CodeSize  146358|Addr 0x7f4bd739bd60|Timestamp 145698451321427|Src n/a
[engine] opt done   id=883   ProtosRootNode@5098fee2                            |Tier 1|Time    21(   5+17  )ms|AST    2|Inlined   0Y   0N|IR    888/  1275|CodeSize    5532|Addr 0x7f4bd76b54e0|Timestamp 145698473007822|Src n/a
[engine] opt done   id=884   ProtosRootNode@68562f35                            |Tier 1|Time   119(  16+103 )ms|AST    6|Inlined   0Y   0N|IR   3469/ 11274|CodeSize   56764|Addr 0x7f4bd73d7e20|Timestamp 145698592145875|Src n/a
[engine] opt done   id=893   ProtosRootNode@742007fe                            |Tier 2|Time    19(   3+15  )ms|AST    2|Inlined   0Y   0N|IR    518/  1448|CodeSize    7174|Addr 0x7f4bd7401ce0|Timestamp 145698673033321|Src n/a
[engine] opt done   id=894   ProtosRootNode@7144aac4                            |Tier 2|Time  2203( 155+2048)ms|AST   31|Inlined   0Y   0N|IR  24829/ 72708|CodeSize  394046|Addr 0x7f4bd740d2c0|Timestamp 145700897639820|Src n/a
[engine] opt done   id=978   ProtosRootNode@79f86458                            |Tier 1|Time    18(   7+10  )ms|AST    2|Inlined   0Y   0N|IR    591/  1658|CodeSize    7561|Addr 0x7f4bd7164720|Timestamp 145701000234428|Src n/a
[engine] opt done   id=979   ProtosRootNode@434ad6af                            |Tier 1|Time  2335( 173+2162)ms|AST   31|Inlined   0Y   0N|IR  24900/ 88668|CodeSize  454366|Addr 0x7f4bd78acea0|Timestamp 145703336225358|Src n/a
[engine] opt done   id=974   ProtosRootNode@17eba0fc                            |Tier 1|Time    15(   4+10  )ms|AST    2|Inlined   0Y   0N|IR    888/  1275|CodeSize    5532|Addr 0x7f4bd795c760|Timestamp 145703376443959|Src n/a
[engine] opt done   id=975   ProtosRootNode@da98ed8                             |Tier 1|Time  1119(  92+1027)ms|AST   24|Inlined   0Y   0N|IR  16614/ 57331|CodeSize  296414|Addr 0x7f4bd7594d80|Timestamp 145704495618129|Src n/a
[engine] opt done   id=976   ProtosRootNode@6fae7a38                            |Tier 1|Time    27(   4+22  )ms|AST    2|Inlined   0Y   0N|IR    888/  1275|CodeSize    5532|Addr 0x7f4bd79dc9e0|Timestamp 145704523340765|Src n/a
[engine] opt done   id=977   ProtosRootNode@49e161d9                            |Tier 1|Time  2091( 157+1935)ms|AST   28|Inlined   0Y   0N|IR  23473/ 78400|CodeSize  409880|Addr 0x7f4bd88c0460|Timestamp 145706614796435|Src n/a
[engine] opt done   id=966   ProtosRootNode@74e340dd                            |Tier 1|Time    15(   5+10  )ms|AST    2|Inlined   0Y   0N|IR    888/  1275|CodeSize    5532|Addr 0x7f4bd7de22e0|Timestamp 145706660055036|Src n/a
[engine] opt done   id=967   ProtosRootNode@7d2fdf35                            |Tier 1|Time   172(  22+150 )ms|AST    7|Inlined   0Y   0N|IR   4623/ 15023|CodeSize   76693|Addr 0x7f4bd7dc2fe0|Timestamp 145706832576864|Src n/a
[engine] opt done   id=972   ProtosRootNode@6c1be509                            |Tier 1|Time    14(   4+9   )ms|AST    2|Inlined   0Y   0N|IR    888/  1275|CodeSize    5532|Addr 0x7f4bd86c8460|Timestamp 145706846975443|Src n/a
[engine] opt done   id=973   ProtosRootNode@58fad47e                            |Tier 1|Time   370(  44+326 )ms|AST   14|Inlined   0Y   0N|IR   8039/ 28350|CodeSize  146358|Addr 0x7f4bd7ab34e0|Timestamp 145707216946130|Src n/a
[engine] opt done   id=968   ProtosRootNode@313e173b                            |Tier 1|Time    25(   8+17  )ms|AST    2|Inlined   0Y   0N|IR    888/  1275|CodeSize    5532|Addr 0x7f4bd89608e0|Timestamp 145707244123485|Src n/a
[engine] opt done   id=969   ProtosRootNode@4967909b                            |Tier 1|Time   115(  15+100 )ms|AST    6|Inlined   0Y   0N|IR   3469/ 11274|CodeSize   56764|Addr 0x7f4bd7aef4a0|Timestamp 145707359533808|Src n/a
[engine] opt done   id=978   ProtosRootNode@79f86458                            |Tier 2|Time    18(   3+15  )ms|AST    2|Inlined   0Y   0N|IR    518/  1448|CodeSize    7174|Addr 0x7f4bd7aeb4e0|Timestamp 145707442138394|Src n/a
[engine] opt done   id=979   ProtosRootNode@434ad6af                            |Tier 2|Time  2180( 159+2021)ms|AST   31|Inlined   0Y   0N|IR  24829/ 72708|CodeSize  394046|Addr 0x7f4bd7b0bc40|Timestamp 145709635057399|Src n/a
[engine] opt done   id=1063  ProtosRootNode@6d979ddd                            |Tier 1|Time    18(   7+11  )ms|AST    2|Inlined   0Y   0N|IR    591/  1658|CodeSize    7561|Addr 0x7f4bd74cde20|Timestamp 145709725910972|Src n/a
[engine] opt done   id=1064  ProtosRootNode@4f24fa9e                            |Tier 1|Time  2329( 147+2182)ms|AST   31|Inlined   0Y   0N|IR  24900/ 88668|CodeSize  454366|Addr 0x7f4bd86d3ca0|Timestamp 145712055269525|Src n/a
[engine] opt done   id=1059  ProtosRootNode@6db26200                            |Tier 1|Time    14(   5+9   )ms|AST    2|Inlined   0Y   0N|IR    888/  1275|CodeSize    5532|Addr 0x7f4bd78a3a60|Timestamp 145712098143021|Src n/a
[engine] opt done   id=1060  ProtosRootNode@32c38167                            |Tier 1|Time  1115(  95+1020)ms|AST   24|Inlined   0Y   0N|IR  16614/ 57331|CodeSize  296414|Addr 0x7f4bd7969500|Timestamp 145713213257912|Src n/a
[engine] opt done   id=1061  ProtosRootNode@2d4af4f3                            |Tier 1|Time    14(   4+9   )ms|AST    2|Inlined   0Y   0N|IR    888/  1275|CodeSize    5532|Addr 0x7f4bd7e9dd60|Timestamp 145713265333686|Src n/a
[engine] opt done   id=1062  ProtosRootNode@4fe59b63                            |Tier 1|Time  2043( 143+1901)ms|AST   28|Inlined   0Y   0N|IR  23473/ 78400|CodeSize  409880|Addr 0x7f4bd72d20e0|Timestamp 145715308740895|Src n/a
[engine] opt done   id=1051  ProtosRootNode@62b72bc8                            |Tier 1|Time    14(   4+9   )ms|AST    2|Inlined   0Y   0N|IR    888/  1275|CodeSize    5532|Addr 0x7f4bd72ca060|Timestamp 145715349078215|Src n/a
[engine] opt done   id=1052  ProtosRootNode@6f6f9018                            |Tier 1|Time   175(  27+148 )ms|AST    7|Inlined   0Y   0N|IR   4623/ 15023|CodeSize   76693|Addr 0x7f4bd7a929e0|Timestamp 145715526311248|Src n/a
[engine] opt done   id=1057  ProtosRootNode@268d855e                            |Tier 1|Time    13(   4+9   )ms|AST    2|Inlined   0Y   0N|IR    888/  1275|CodeSize    5532|Addr 0x7f4bd8194ae0|Timestamp 145715540511447|Src n/a
[engine] opt done   id=1058  ProtosRootNode@5dd753d                             |Tier 1|Time   364(  43+320 )ms|AST   14|Inlined   0Y   0N|IR   8039/ 28350|CodeSize  146358|Addr 0x7f4bd8989d60|Timestamp 145715904575961|Src n/a
[engine] opt done   id=1053  ProtosRootNode@7c9db95b                            |Tier 1|Time    19(   4+15  )ms|AST    2|Inlined   0Y   0N|IR    888/  1275|CodeSize    5532|Addr 0x7f4bd8784de0|Timestamp 145715924470121|Src n/a
[engine] opt done   id=1054  ProtosRootNode@41566403                            |Tier 1|Time   114(  15+99  )ms|AST    6|Inlined   0Y   0N|IR   3469/ 11274|CodeSize   56764|Addr 0x7f4bd7de8e20|Timestamp 145716038883529|Src n/a
[engine] opt done   id=1063  ProtosRootNode@6d979ddd                            |Tier 2|Time    18(   3+15  )ms|AST    2|Inlined   0Y   0N|IR    518/  1448|CodeSize    7174|Addr 0x7f4bd7de4e60|Timestamp 145716117588386|Src n/a
[engine] opt done   id=1064  ProtosRootNode@4f24fa9e                            |Tier 2|Time  2162( 163+1999)ms|AST   31|Inlined   0Y   0N|IR  24829/ 72708|CodeSize  394046|Addr 0x7f4bd7e04f40|Timestamp 145718291996596|Src n/a
[engine] opt done   id=1148  ProtosRootNode@4405af7f                            |Tier 1|Time    13(   4+10  )ms|AST    2|Inlined   0Y   0N|IR    591/  1658|CodeSize    7561|Addr 0x7f4bd7a8e4a0|Timestamp 145718384788860|Src n/a
[engine] opt done   id=1149  ProtosRootNode@517aa496                            |Tier 1|Time  2353( 187+2167)ms|AST   31|Inlined   0Y   0N|IR  24900/ 88668|CodeSize  454366|Addr 0x7f4bd89c8fa0|Timestamp 145720738546791|Src n/a
[engine] opt done   id=1144  ProtosRootNode@12f2d727                            |Tier 1|Time    13(   4+9   )ms|AST    2|Inlined   0Y   0N|IR    888/  1275|CodeSize    5532|Addr 0x7f4bd7dbf960|Timestamp 145720780657624|Src n/a
[engine] opt done   id=1145  ProtosRootNode@6e573266                            |Tier 1|Time  1132(  91+1040)ms|AST   24|Inlined   0Y   0N|IR  16614/ 57331|CodeSize  296414|Addr 0x7f4bd825a480|Timestamp 145721912543829|Src n/a
[engine] opt done   id=1146  ProtosRootNode@1c917073                            |Tier 1|Time    14(   5+9   )ms|AST    2|Inlined   0Y   0N|IR    888/  1275|CodeSize    5532|Addr 0x7f4bd7dbd160|Timestamp 145721966642826|Src n/a
[engine] opt done   id=1147  ProtosRootNode@42c5485e                            |Tier 1|Time  2065( 144+1921)ms|AST   28|Inlined   0Y   0N|IR  23473/ 78400|CodeSize  409880|Addr 0x7f4bd79e8660|Timestamp 145724031701503|Src n/a
[engine] opt done   id=1136  ProtosRootNode@203929bc                            |Tier 1|Time    14(   4+9   )ms|AST    2|Inlined   0Y   0N|IR    888/  1275|CodeSize    5532|Addr 0x7f4bd79e05e0|Timestamp 145724077698794|Src n/a
[engine] opt done   id=1137  ProtosRootNode@512e3008                            |Tier 1|Time   169(  21+148 )ms|AST    7|Inlined   0Y   0N|IR   4623/ 15023|CodeSize   76693|Addr 0x7f4bd8969260|Timestamp 145724247063377|Src n/a
[engine] opt done   id=1142  ProtosRootNode@3ba0de29                            |Tier 1|Time    14(   4+9   )ms|AST    2|Inlined   0Y   0N|IR    888/  1275|CodeSize    5532|Addr 0x7f4bd8965be0|Timestamp 145724261485945|Src n/a
[engine] opt done   id=1143  ProtosRootNode@efdc883                             |Tier 1|Time   371(  45+326 )ms|AST   14|Inlined   0Y   0N|IR   8039/ 28350|CodeSize  146358|Addr 0x7f4bd76f76e0|Timestamp 145724632756325|Src n/a
[engine] opt done   id=1138  ProtosRootNode@584cc4ff                            |Tier 1|Time    21(   5+17  )ms|AST    2|Inlined   0Y   0N|IR    888/  1275|CodeSize    5532|Addr 0x7f4bd89633e0|Timestamp 145724654516198|Src n/a
[engine] opt done   id=1139  ProtosRootNode@4d423e3c                            |Tier 1|Time   116(  15+100 )ms|AST    6|Inlined   0Y   0N|IR   3469/ 11274|CodeSize   56764|Addr 0x7f4bd76de720|Timestamp 145724770571056|Src n/a
[engine] opt done   id=1148  ProtosRootNode@4405af7f                            |Tier 2|Time    19(   4+15  )ms|AST    2|Inlined   0Y   0N|IR    518/  1448|CodeSize    7174|Addr 0x7f4bd7db9c60|Timestamp 145724854427620|Src n/a
[engine] opt done   id=1149  ProtosRootNode@517aa496                            |Tier 2|Time  2270( 167+2103)ms|AST   31|Inlined   0Y   0N|IR  24829/ 72708|CodeSize  394046|Addr 0x7f4bd78076c0|Timestamp 145727152461687|Src n/a
[engine] opt done   id=1233  ProtosRootNode@749754f                             |Tier 1|Time    28(   6+22  )ms|AST    2|Inlined   0Y   0N|IR    591/  1658|CodeSize    7561|Addr 0x7f4bd7db4520|Timestamp 145727246746941|Src n/a
[engine] opt done   id=1234  ProtosRootNode@603a8019                            |Tier 1|Time  2378( 323+2055)ms|AST   31|Inlined   0Y   0N|IR  24900/ 88668|CodeSize  454366|Addr 0x7f4bd8cc0e20|Timestamp 145729626039100|Src n/a
[engine] opt done   id=1229  ProtosRootNode@5a536db2                            |Tier 1|Time    22(   9+13  )ms|AST    2|Inlined   0Y   0N|IR    888/  1275|CodeSize    5532|Addr 0x7f4bd7db1ce0|Timestamp 145729694716804|Src n/a
[engine] opt done   id=1230  ProtosRootNode@12a1ded9                            |Tier 1|Time  1101(  89+1012)ms|AST   24|Inlined   0Y   0N|IR  16614/ 57331|CodeSize  296414|Addr 0x7f4bd8b39380|Timestamp 145730796047279|Src n/a
[engine] opt done   id=1231  ProtosRootNode@5ec58c06                            |Tier 1|Time    28(   4+24  )ms|AST    2|Inlined   0Y   0N|IR    888/  1275|CodeSize    5532|Addr 0x7f4bd7daf4e0|Timestamp 145730825346396|Src n/a
[engine] opt done   id=1232  ProtosRootNode@25913e1a                            |Tier 1|Time  2083( 160+1922)ms|AST   28|Inlined   0Y   0N|IR  23473/ 78400|CodeSize  409880|Addr 0x7f4bd7eba460|Timestamp 145732908471335|Src n/a
[engine] opt done   id=1221  ProtosRootNode@24361a48                            |Tier 1|Time    13(   4+9   )ms|AST    2|Inlined   0Y   0N|IR    888/  1275|CodeSize    5532|Addr 0x7f4bd7dacce0|Timestamp 145732953502272|Src n/a
[engine] opt done   id=1222  ProtosRootNode@54bd8319                            |Tier 1|Time   176(  23+154 )ms|AST    7|Inlined   0Y   0N|IR   4623/ 15023|CodeSize   76693|Addr 0x7f4bd76bf260|Timestamp 145733130230245|Src n/a
[engine] opt done   id=1227  ProtosRootNode@3c09bcb4                            |Tier 1|Time    14(   4+9   )ms|AST    2|Inlined   0Y   0N|IR    888/  1275|CodeSize    5532|Addr 0x7f4bd76bbbe0|Timestamp 145733144699563|Src n/a
[engine] opt done   id=1228  ProtosRootNode@585f95b8                            |Tier 1|Time   380(  46+334 )ms|AST   14|Inlined   0Y   0N|IR   8039/ 28350|CodeSize  146358|Addr 0x7f4bd7ca59e0|Timestamp 145733524524990|Src n/a
[engine] opt done   id=1223  ProtosRootNode@4ac35f0a                            |Tier 1|Time    13(   4+9   )ms|AST    2|Inlined   0Y   0N|IR    888/  1275|CodeSize    5532|Addr 0x7f4bd76b93e0|Timestamp 145733551576923|Src n/a
[engine] opt done   id=1224  ProtosRootNode@7650058                             |Tier 1|Time   123(  25+97  )ms|AST    6|Inlined   0Y   0N|IR   3469/ 11274|CodeSize   56764|Addr 0x7f4bd7c8ca20|Timestamp 145733674484081|Src n/a
[engine] opt done   id=1233  ProtosRootNode@749754f                             |Tier 2|Time    25(   4+21  )ms|AST    2|Inlined   0Y   0N|IR    518/  1448|CodeSize    7174|Addr 0x7f4bd7da97e0|Timestamp 145733764391965|Src n/a
[engine] opt done   id=1234  ProtosRootNode@603a8019                            |Tier 2|Time  2239( 157+2081)ms|AST   31|Inlined   0Y   0N|IR  24829/ 72708|CodeSize  394046|Addr 0x7f4bd81bc740|Timestamp 145736003497567|Src n/a
[engine] opt done   id=1318  ProtosRootNode@23ec2b28                            |Tier 1|Time    14(   4+10  )ms|AST    2|Inlined   0Y   0N|IR    591/  1658|CodeSize    7561|Addr 0x7f4bd7da60a0|Timestamp 145736081290327|Src n/a
[engine] opt done   id=1319  ProtosRootNode@7a998809                            |Tier 1|Time  2419( 167+2253)ms|AST   31|Inlined   0Y   0N|IR  24900/ 88668|CodeSize  454366|Addr 0x7f4bd7177820|Timestamp 145738500924572|Src n/a
[engine] opt done   id=1314  ProtosRootNode@10d0f2dd                            |Tier 1|Time    14(   5+10  )ms|AST    2|Inlined   0Y   0N|IR    888/  1275|CodeSize    5532|Addr 0x7f4bd716f0e0|Timestamp 145738562325150|Src n/a
[engine] opt done   id=1315  ProtosRootNode@9d893e3                             |Tier 1|Time  1136(  95+1041)ms|AST   24|Inlined   0Y   0N|IR  16614/ 57331|CodeSize  296414|Addr 0x7f4bd7bee900|Timestamp 145739698630025|Src n/a
[engine] opt done   id=1316  ProtosRootNode@323593af                            |Tier 1|Time    14(   4+10  )ms|AST    2|Inlined   0Y   0N|IR    888/  1275|CodeSize    5532|Addr 0x7f4bd7eb23e0|Timestamp 145739740174895|Src n/a
[engine] opt done   id=1317  ProtosRootNode@7b5ccb1d                            |Tier 1|Time  2099( 153+1946)ms|AST   28|Inlined   0Y   0N|IR  23473/ 78400|CodeSize  409880|Addr 0x7f4bd8a94f60|Timestamp 145741839356360|Src n/a
[engine] opt done   id=1306  ProtosRootNode@3579edb6                            |Tier 1|Time    16(   5+11  )ms|AST    2|Inlined   0Y   0N|IR    888/  1275|CodeSize    5532|Addr 0x7f4bd7eafbe0|Timestamp 145741885934739|Src n/a
[engine] opt done   id=1307  ProtosRootNode@8c8bd4c                             |Tier 1|Time   183(  26+157 )ms|AST    7|Inlined   0Y   0N|IR   4623/ 15023|CodeSize   76693|Addr 0x7f4bd7c6d560|Timestamp 145742068956450|Src n/a
[engine] opt done   id=1312  ProtosRootNode@17c53d19                            |Tier 1|Time    14(   5+9   )ms|AST    2|Inlined   0Y   0N|IR    888/  1275|CodeSize    5532|Addr 0x7f4bd7c69ee0|Timestamp 145742083844218|Src n/a
[engine] opt done   id=1313  ProtosRootNode@2efe312b                            |Tier 1|Time   456(  50+406 )ms|AST   14|Inlined   0Y   0N|IR   8039/ 28350|CodeSize  146358|Addr 0x7f4bd7bb31e0|Timestamp 145742540293132|Src n/a
[engine] opt done   id=1308  ProtosRootNode@3a07451                             |Tier 1|Time    21(   4+17  )ms|AST    2|Inlined   0Y   0N|IR    888/  1275|CodeSize    5532|Addr 0x7f4bd7c676e0|Timestamp 145742561751863|Src n/a
[engine] opt done   id=1309  ProtosRootNode@61e8044a                            |Tier 1|Time   125(  16+109 )ms|AST    6|Inlined   0Y   0N|IR   3469/ 11274|CodeSize   56764|Addr 0x7f4bd81a09a0|Timestamp 145742686617122|Src n/a
[engine] opt done   id=1318  ProtosRootNode@23ec2b28                            |Tier 2|Time    18(   4+15  )ms|AST    2|Inlined   0Y   0N|IR    518/  1448|CodeSize    7174|Addr 0x7f4bd7c641e0|Timestamp 145742771324354|Src n/a
[engine] opt done   id=1319  ProtosRootNode@7a998809                            |Tier 2|Time  2344( 168+2176)ms|AST   31|Inlined   0Y   0N|IR  24829/ 72708|CodeSize  394046|Addr 0x7f4bd7d0e3c0|Timestamp 145745128235672|Src n/a
[engine] opt done   id=1403  ProtosRootNode@64e757f4                            |Tier 1|Time    27(   7+20  )ms|AST    2|Inlined   0Y   0N|IR    591/  1658|CodeSize    7561|Addr 0x7f4bd819c820|Timestamp 145745231473949|Src n/a
[engine] opt done   id=1404  ProtosRootNode@588afc0d                            |Tier 1|Time  2382( 156+2226)ms|AST   31|Inlined   0Y   0N|IR  24900/ 88668|CodeSize  454366|Addr 0x7f4bd82eaba0|Timestamp 145747615175902|Src n/a
[engine] opt done   id=1399  ProtosRootNode@7950d973                            |Tier 1|Time    14(   4+9   )ms|AST    2|Inlined   0Y   0N|IR    888/  1275|CodeSize    5532|Addr 0x7f4bd7bae8e0|Timestamp 145747657256652|Src n/a
[engine] opt done   id=1400  ProtosRootNode@77fba809                            |Tier 1|Time  1083( 102+980 )ms|AST   24|Inlined   0Y   0N|IR  16614/ 57331|CodeSize  296414|Addr 0x7f4bd841bb00|Timestamp 145748740437036|Src n/a
[engine] opt done   id=1401  ProtosRootNode@308a1225                            |Tier 1|Time    14(   4+9   )ms|AST    2|Inlined   0Y   0N|IR    888/  1275|CodeSize    5532|Addr 0x7f4bd7bac0e0|Timestamp 145748755993265|Src n/a
[engine] opt done   id=1402  ProtosRootNode@54768b22                            |Tier 1|Time  1994( 140+1854)ms|AST   28|Inlined   0Y   0N|IR  23473/ 78400|CodeSize  409880|Addr 0x7f4bd8c192e0|Timestamp 145750768796894|Src n/a
[engine] opt done   id=1391  ProtosRootNode@71ba04ae                            |Tier 1|Time    13(   4+9   )ms|AST    2|Inlined   0Y   0N|IR    888/  1275|CodeSize    5532|Addr 0x7f4bd7ba98e0|Timestamp 145750812012006|Src n/a
[engine] opt done   id=1392  ProtosRootNode@138c31e9                            |Tier 1|Time   182(  30+152 )ms|AST    7|Inlined   0Y   0N|IR   4623/ 15023|CodeSize   76693|Addr 0x7f4bd7ceaae0|Timestamp 145750996038873|Src n/a
[engine] opt done   id=1397  ProtosRootNode@3b7f15dc                            |Tier 1|Time    14(   4+10  )ms|AST    2|Inlined   0Y   0N|IR    888/  1275|CodeSize    5532|Addr 0x7f4bd7ba70e0|Timestamp 145751010587811|Src n/a
[engine] opt done   id=1398  ProtosRootNode@3e44f6a8                            |Tier 1|Time   384(  48+336 )ms|AST   14|Inlined   0Y   0N|IR   8039/ 28350|CodeSize  146358|Addr 0x7f4bd8bdc260|Timestamp 145751396441179|Src n/a
[engine] opt done   id=1393  ProtosRootNode@1d299ec9                            |Tier 1|Time    21(   4+17  )ms|AST    2|Inlined   0Y   0N|IR    888/  1275|CodeSize    5532|Addr 0x7f4bd7ce7460|Timestamp 145751418419491|Src n/a
[engine] opt done   id=1394  ProtosRootNode@56689bde                            |Tier 1|Time   116(  15+101 )ms|AST    6|Inlined   0Y   0N|IR   3469/ 11274|CodeSize   56764|Addr 0x7f4bd8bc32a0|Timestamp 145751534844581|Src n/a
[engine] opt done   id=1403  ProtosRootNode@64e757f4                            |Tier 2|Time    18(   3+15  )ms|AST    2|Inlined   0Y   0N|IR    518/  1448|CodeSize    7174|Addr 0x7f4bd7ce3f60|Timestamp 145751620379132|Src n/a
[engine] opt done   id=1404  ProtosRootNode@588afc0d                            |Tier 2|Time  2214( 161+2053)ms|AST   31|Inlined   0Y   0N|IR  24829/ 72708|CodeSize  394046|Addr 0x7f4bd88231c0|Timestamp 145753847741828|Src n/a
[engine] opt done   id=1488  ProtosRootNode@4ab37024                            |Tier 1|Time    28(   7+21  )ms|AST    2|Inlined   0Y   0N|IR    591/  1658|CodeSize    7561|Addr 0x7f4bd7ce0820|Timestamp 145753942645606|Src n/a
[engine] opt done   id=1489  ProtosRootNode@77aeeb60                            |Tier 1|Time  2389( 160+2229)ms|AST   31|Inlined   0Y   0N|IR  24900/ 88668|CodeSize  454366|Addr 0x7f4bd80e3420|Timestamp 145756333645354|Src n/a
[engine] opt done   id=1484  ProtosRootNode@5c6d250d                            |Tier 1|Time    14(   4+9   )ms|AST    2|Inlined   0Y   0N|IR    888/  1275|CodeSize    5532|Addr 0x7f4bd7cddfe0|Timestamp 145756401167211|Src n/a
[engine] opt done   id=1485  ProtosRootNode@5c60ed8b                            |Tier 1|Time  1130(  99+1031)ms|AST   24|Inlined   0Y   0N|IR  16614/ 57331|CodeSize  296414|Addr 0x7f4bd83a4d00|Timestamp 145757531974568|Src n/a
[engine] opt done   id=1486  ProtosRootNode@27a11d86                            |Tier 1|Time    14(   5+9   )ms|AST    2|Inlined   0Y   0N|IR    888/  1275|CodeSize    5532|Addr 0x7f4bd839e5e0|Timestamp 145757547706447|Src n/a
[engine] opt done   id=1487  ProtosRootNode@7241733                             |Tier 1|Time  2009( 142+1867)ms|AST   28|Inlined   0Y   0N|IR  23473/ 78400|CodeSize  409880|Addr 0x7f4bd803d460|Timestamp 145759575285174|Src n/a
[engine] opt done   id=1476  ProtosRootNode@761ec908                            |Tier 1|Time    14(   4+10  )ms|AST    2|Inlined   0Y   0N|IR    888/  1275|CodeSize    5532|Addr 0x7f4bd839bbe0|Timestamp 145759619209106|Src n/a
[engine] opt done   id=1477  ProtosRootNode@2634b730                            |Tier 1|Time   180(  22+158 )ms|AST    7|Inlined   0Y   0N|IR   4623/ 15023|CodeSize   76693|Addr 0x7f4bd87ff8e0|Timestamp 145759799324051|Src n/a
[engine] opt done   id=1482  ProtosRootNode@1fc07ccb                            |Tier 1|Time    14(   5+9   )ms|AST    2|Inlined   0Y   0N|IR    888/  1275|CodeSize    5532|Addr 0x7f4bd7ead3e0|Timestamp 145759814081899|Src n/a
[engine] opt done   id=1483  ProtosRootNode@16dd030d                            |Tier 1|Time   394(  50+343 )ms|AST   14|Inlined   0Y   0N|IR   8039/ 28350|CodeSize  146358|Addr 0x7f4bd87c7260|Timestamp 145760208545734|Src n/a
[engine] opt done   id=1478  ProtosRootNode@3e64a2c0                            |Tier 1|Time    14(   5+10  )ms|AST    2|Inlined   0Y   0N|IR    888/  1275|CodeSize    5532|Addr 0x7f4bd7eaabe0|Timestamp 145760237555948|Src n/a
[engine] opt done   id=1479  ProtosRootNode@50217a0                             |Tier 1|Time   120(  17+102 )ms|AST    6|Inlined   0Y   0N|IR   3469/ 11274|CodeSize   56764|Addr 0x7f4bd87ae2a0|Timestamp 145760357380031|Src n/a
[engine] opt done   id=1488  ProtosRootNode@4ab37024                            |Tier 2|Time    19(   4+15  )ms|AST    2|Inlined   0Y   0N|IR    518/  1448|CodeSize    7174|Addr 0x7f4bd7ea76e0|Timestamp 145760452389418|Src n/a
[engine] opt done   id=1489  ProtosRootNode@77aeeb60                            |Tier 2|Time  2535( 175+2360)ms|AST   31|Inlined   0Y   0N|IR  24829/ 72708|CodeSize  394046|Addr 0x7f4bd7fa0cc0|Timestamp 145762987645691|Src n/a
[engine] opt done   id=1573  ProtosRootNode@1b2f7cd3                            |Tier 1|Time    27(   7+20  )ms|AST    2|Inlined   0Y   0N|IR    591/  1658|CodeSize    7561|Addr 0x7f4bd7ea3fa0|Timestamp 145763091413173|Src n/a
[engine] opt done   id=1574  ProtosRootNode@a5d718                              |Tier 1|Time  2360( 210+2150)ms|AST   31|Inlined   0Y   0N|IR  24900/ 88668|CodeSize  454366|Addr 0x7f4bd8618a20|Timestamp 145765453120267|Src n/a
[engine] opt done   id=1569  ProtosRootNode@2199d520                            |Tier 1|Time    14(   5+9   )ms|AST    2|Inlined   0Y   0N|IR    888/  1275|CodeSize    5532|Addr 0x7f4bd8bbca60|Timestamp 145765506479376|Src n/a
[engine] opt done   id=1570  ProtosRootNode@470da25e                            |Tier 1|Time  1078(  94+984 )ms|AST   24|Inlined   0Y   0N|IR  16614/ 57331|CodeSize  296414|Addr 0x7f4bd859fc80|Timestamp 145766584698377|Src n/a
[engine] opt done   id=1571  ProtosRootNode@2035d592                            |Tier 1|Time    22(  10+12  )ms|AST    2|Inlined   0Y   0N|IR    888/  1275|CodeSize    5532|Addr 0x7f4bd8bba260|Timestamp 145766607813700|Src n/a
[engine] opt done   id=1572  ProtosRootNode@18394ced                            |Tier 1|Time  2124( 152+1971)ms|AST   28|Inlined   0Y   0N|IR  23473/ 78400|CodeSize  409880|Addr 0x7f4bd84fbc60|Timestamp 145768752177840|Src n/a
[engine] opt done   id=1561  ProtosRootNode@57e1e0ac                            |Tier 1|Time    19(   6+13  )ms|AST    2|Inlined   0Y   0N|IR    888/  1275|CodeSize    5532|Addr 0x7f4bd8bb7a60|Timestamp 145768804898117|Src n/a
[engine] opt done   id=1562  ProtosRootNode@24016eab                            |Tier 1|Time   180(  23+157 )ms|AST    7|Inlined   0Y   0N|IR   4623/ 15023|CodeSize   76693|Addr 0x7f4bd878ede0|Timestamp 145768985396959|Src n/a
[engine] opt done   id=1567  ProtosRootNode@5fdeea5f                            |Tier 1|Time    14(   5+9   )ms|AST    2|Inlined   0Y   0N|IR    888/  1275|CodeSize    5532|Addr 0x7f4bd8bb5260|Timestamp 145769000086856|Src n/a
[engine] opt done   id=1568  ProtosRootNode@62ceb382                            |Tier 1|Time   379(  46+333 )ms|AST   14|Inlined   0Y   0N|IR   8039/ 28350|CodeSize  146358|Addr 0x7f4bd7f645e0|Timestamp 145769378995263|Src n/a
[engine] opt done   id=1563  ProtosRootNode@7e78a4ca                            |Tier 1|Time    21(   4+17  )ms|AST    2|Inlined   0Y   0N|IR    888/  1275|CodeSize    5532|Addr 0x7f4bd878b760|Timestamp 145769400773153|Src n/a
[engine] opt done   id=1564  ProtosRootNode@7c997a13                            |Tier 1|Time   120(  16+104 )ms|AST    6|Inlined   0Y   0N|IR   3469/ 11274|CodeSize   56764|Addr 0x7f4bd84df520|Timestamp 145769521475955|Src n/a
[engine] opt done   id=1573  ProtosRootNode@1b2f7cd3                            |Tier 2|Time    18(   3+15  )ms|AST    2|Inlined   0Y   0N|IR    518/  1448|CodeSize    7174|Addr 0x7f4bd7f5efe0|Timestamp 145769609050756|Src n/a
[engine] opt done   id=1574  ProtosRootNode@a5d718                              |Tier 2|Time  2312( 160+2152)ms|AST   31|Inlined   0Y   0N|IR  24829/ 72708|CodeSize  394046|Addr 0x7f4bd8d7b840|Timestamp 145771934775561|Src n/a
[engine] opt done   id=1658  ProtosRootNode@236d46dc                            |Tier 1|Time    27(   7+20  )ms|AST    2|Inlined   0Y   0N|IR    591/  1658|CodeSize    7561|Addr 0x7f4bd8a8c020|Timestamp 145772029753535|Src n/a
[engine] opt done   id=1659  ProtosRootNode@6fddacf4                            |Tier 1|Time  2439( 179+2260)ms|AST   31|Inlined   0Y   0N|IR  24900/ 88668|CodeSize  454366|Addr 0x7f4bd8e18620|Timestamp 145774470585135|Src n/a
[engine] opt done   id=1654  ProtosRootNode@2ec024a0                            |Tier 1|Time    14(   5+9   )ms|AST    2|Inlined   0Y   0N|IR    888/  1275|CodeSize    5532|Addr 0x7f4bd8788e60|Timestamp 145774531973758|Src n/a
[engine] opt done   id=1655  ProtosRootNode@5deee519                            |Tier 1|Time  1077( 102+975 )ms|AST   24|Inlined   0Y   0N|IR  16614/ 57331|CodeSize  296414|Addr 0x7f4bd8ecbb00|Timestamp 145775610544573|Src n/a
[engine] opt done   id=1656  ProtosRootNode@2aca6c08                            |Tier 1|Time    14(   4+9   )ms|AST    2|Inlined   0Y   0N|IR    888/  1275|CodeSize    5532|Addr 0x7f4bd7f5c760|Timestamp 145775625336640|Src n/a
[engine] opt done   id=1657  ProtosRootNode@5704d560                            |Tier 1|Time  2128( 142+1986)ms|AST   28|Inlined   0Y   0N|IR  23473/ 78400|CodeSize  409880|Addr 0x7f4bd8f44260|Timestamp 145777771260321|Src n/a
[engine] opt done   id=1646  ProtosRootNode@28422816                            |Tier 1|Time    27(   7+20  )ms|AST    2|Inlined   0Y   0N|IR    888/  1275|CodeSize    5532|Addr 0x7f4bd8a897e0|Timestamp 145777849417573|Src n/a
[engine] opt done   id=1647  ProtosRootNode@70d3b22f                            |Tier 1|Time   189(  32+157 )ms|AST    7|Inlined   0Y   0N|IR   4623/ 15023|CodeSize   76693|Addr 0x7f4bd84c0060|Timestamp 145778040021309|Src n/a
[engine] opt done   id=1652  ProtosRootNode@27c2c711                            |Tier 1|Time    14(   4+10  )ms|AST    2|Inlined   0Y   0N|IR    888/  1275|CodeSize    5532|Addr 0x7f4bd8a86fe0|Timestamp 145778055538187|Src n/a
[engine] opt done   id=1653  ProtosRootNode@638ce54a                            |Tier 1|Time   390(  50+339 )ms|AST   14|Inlined   0Y   0N|IR   8039/ 28350|CodeSize  146358|Addr 0x7f4bd8fe6460|Timestamp 145778445647535|Src n/a
[engine] opt done   id=1648  ProtosRootNode@2c6254a9                            |Tier 1|Time    20(   4+16  )ms|AST    2|Inlined   0Y   0N|IR    888/  1275|CodeSize    5532|Addr 0x7f4bd8a847e0|Timestamp 145778466040052|Src n/a
[engine] opt done   id=1649  ProtosRootNode@2c94bbaa                            |Tier 1|Time   119(  16+103 )ms|AST    6|Inlined   0Y   0N|IR   3469/ 11274|CodeSize   56764|Addr 0x7f4bd84a8320|Timestamp 145778585141208|Src n/a
[engine] opt done   id=1658  ProtosRootNode@236d46dc                            |Tier 2|Time    19(   3+16  )ms|AST    2|Inlined   0Y   0N|IR    518/  1448|CodeSize    7174|Addr 0x7f4bd8a812e0|Timestamp 145778677807546|Src n/a
[engine] opt done   id=1659  ProtosRootNode@6fddacf4                            |Tier 2|Time  2290( 162+2128)ms|AST   31|Inlined   0Y   0N|IR  24829/ 72708|CodeSize  394046|Addr 0x7f4bd9022b40|Timestamp 145780993207016|Src n/a
[engine] opt done   id=1743  ProtosRootNode@168f68c1                            |Tier 1|Time    28(   7+20  )ms|AST    2|Inlined   0Y   0N|IR    591/  1658|CodeSize    7561|Addr 0x7f4bd8a7dba0|Timestamp 145781106880661|Src n/a
[engine] opt done   id=1744  ProtosRootNode@63b0e393                            |Tier 1|Time  2491( 203+2288)ms|AST   31|Inlined   0Y   0N|IR  24900/ 88668|CodeSize  454366|Addr 0x7f4bd74dbca0|Timestamp 145783599560406|Src n/a
[engine] opt done   id=1739  ProtosRootNode@1edb4b63                            |Tier 1|Time    14(   4+10  )ms|AST    2|Inlined   0Y   0N|IR    888/  1275|CodeSize    5532|Addr 0x7f4bd72bec60|Timestamp 145783640219299|Src n/a
[engine] opt done   id=1740  ProtosRootNode@4f3dc6c6                            |Tier 1|Time  1167(  98+1069)ms|AST   24|Inlined   0Y   0N|IR  16614/ 57331|CodeSize  296414|Addr 0x7f4bd7594d80|Timestamp 145784807519428|Src n/a
[engine] opt done   id=1741  ProtosRootNode@2103874e                            |Tier 1|Time    14(   4+10  )ms|AST    2|Inlined   0Y   0N|IR    888/  1275|CodeSize    5532|Addr 0x7f4bd7396360|Timestamp 145784822538175|Src n/a
[engine] opt done   id=1742  ProtosRootNode@381cc3ea                            |Tier 1|Time  2195( 160+2035)ms|AST   28|Inlined   0Y   0N|IR  23473/ 78400|CodeSize  409880|Addr 0x7f4bd7613a60|Timestamp 145787035462294|Src n/a
[engine] opt done   id=1731  ProtosRootNode@3e4593d9                            |Tier 1|Time    14(   5+9   )ms|AST    2|Inlined   0Y   0N|IR    888/  1275|CodeSize    5532|Addr 0x7f4bd73d3860|Timestamp 145787080335064|Src n/a
[engine] opt done   id=1732  ProtosRootNode@46954e83                            |Tier 1|Time   220(  45+175 )ms|AST    7|Inlined   0Y   0N|IR   4623/ 15023|CodeSize   76693|Addr 0x7f4bd7377660|Timestamp 145787302830463|Src n/a
[engine] opt done   id=1737  ProtosRootNode@4d7ed7b0                            |Tier 1|Time    18(   7+11  )ms|AST    2|Inlined   0Y   0N|IR    888/  1275|CodeSize    5532|Addr 0x7f4bd758b9e0|Timestamp 145787323197729|Src n/a
[engine] opt done   id=1738  ProtosRootNode@360300d8                            |Tier 1|Time   409(  46+363 )ms|AST   14|Inlined   0Y   0N|IR   8039/ 28350|CodeSize  146358|Addr 0x7f4bd739bd60|Timestamp 145787741646548|Src n/a
[engine] opt done   id=1733  ProtosRootNode@232c6a62                            |Tier 1|Time    21(   7+14  )ms|AST    2|Inlined   0Y   0N|IR    888/  1275|CodeSize    5532|Addr 0x7f4bd76b54e0|Timestamp 145787779661456|Src n/a
[engine] opt done   id=1734  ProtosRootNode@42470bfd                            |Tier 1|Time   146(  24+122 )ms|AST    6|Inlined   0Y   0N|IR   3469/ 11274|CodeSize   56764|Addr 0x7f4bd73d7e20|Timestamp 145787925884767|Src n/a
[engine] opt done   id=1743  ProtosRootNode@168f68c1                            |Tier 2|Time    24(   4+20  )ms|AST    2|Inlined   0Y   0N|IR    518/  1448|CodeSize    7174|Addr 0x7f4bd7401ce0|Timestamp 145788016628890|Src n/a
[engine] opt done   id=1744  ProtosRootNode@63b0e393                            |Tier 2|Time  2629( 215+2414)ms|AST   31|Inlined   0Y   0N|IR  24829/ 72708|CodeSize  394046|Addr 0x7f4bd740d2c0|Timestamp 145790645503361|Src n/a
