[To redirect Truffle log output to a file use one of the following options:
* '--log.file=<path>' if the option is passed using a guest language launcher.
* '-Dpolyglot.log.file=<path>' if the option is passed using the host Java launcher.
* Configure logging using the polyglot embedding API.]
[engine] opt done   id=148   ProtosRootNode@54878e89                            |Tier 1|Time   119(  75+44  )ms|AST    2|Inlined   0Y   0N|IR    575/  1647|CodeSize    7498|Addr 0x7f5edf1487a0|Timestamp 145792742456881|Src n/a
[engine] opt done   id=149   ProtosRootNode@4acdb21                             |Tier 1|Time   869( 183+686 )ms|AST   14|Inlined   0Y   0N|IR  11410/ 40219|CodeSize  206764|Addr 0x7f5edf159d40|Timestamp 145793617256963|Src n/a
[engine] opt done   id=146   ProtosRootNode@7e927fea                            |Tier 1|Time    15(   6+10  )ms|AST    2|Inlined   0Y   0N|IR    888/  1275|CodeSize    5532|Addr 0x7f5edf1aade0|Timestamp 145793658170096|Src n/a
[engine] opt done   id=147   ProtosRootNode@2853a7cc                            |Tier 1|Time   246(  33+213 )ms|AST    8|Inlined   0Y   0N|IR   5810/ 18749|CodeSize   95867|Addr 0x7f5edf1af2e0|Timestamp 145793907685948|Src n/a
[engine] opt done   id=103   ProtosRootNode@3149410e                            |Tier 1|Time    14(   4+10  )ms|AST    2|Inlined   0Y   0N|IR    591/  1658|CodeSize    7561|Addr 0x7f5edf1d5120|Timestamp 145793923756676|Src n/a
[engine] opt done   id=104   ProtosRootNode@7c33da7f                            |Tier 1|Time   190(  24+166 )ms|AST    6|Inlined   0Y   0N|IR   4552/ 15559|CodeSize   77256|Addr 0x7f5edf1d99e0|Timestamp 145794114560965|Src n/a
[engine] opt done   id=148   ProtosRootNode@54878e89                            |Tier 2|Time    53(   4+48  )ms|AST    2|Inlined   0Y   0N|IR    502/  1344|CodeSize    6459|Addr 0x7f5edf207ca0|Timestamp 145794351082134|Src n/a
[engine] opt done   id=149   ProtosRootNode@4acdb21                             |Tier 2|Time  1097( 125+972 )ms|AST   14|Inlined   0Y   0N|IR  11337/ 33056|CodeSize  176524|Addr 0x7f5edf217e60|Timestamp 145795451108071|Src n/a
[engine] opt done   id=146   ProtosRootNode@7e927fea                            |Tier 2|Time    24(   4+20  )ms|AST    2|Inlined   0Y   0N|IR    815/   944|CodeSize    4429|Addr 0x7f5edf25c500|Timestamp 145795480324533|Src n/a
[engine] opt done   id=147   ProtosRootNode@2853a7cc                            |Tier 2|Time   269(  31+238 )ms|AST    8|Inlined   0Y   0N|IR   5737/ 15187|CodeSize   81075|Addr 0x7f5edf25fcc0|Timestamp 145795750134960|Src n/a
[engine] opt done   id=103   ProtosRootNode@3149410e                            |Tier 2|Time    18(   3+15  )ms|AST    2|Inlined   0Y   0N|IR    518/  1448|CodeSize    7174|Addr 0x7f5edf2809e0|Timestamp 145795770504396|Src n/a
[engine] opt done   id=104   ProtosRootNode@7c33da7f                            |Tier 2|Time   197(  25+172 )ms|AST    6|Inlined   0Y   0N|IR   4479/ 12604|CodeSize   64691|Addr 0x7f5edf285020|Timestamp 145795968042125|Src n/a
[engine] opt done   id=101   ProtosRootNode@62b8a74c                            |Tier 1|Time    43(   9+34  )ms|AST    2|Inlined   0Y   0N|IR    591/  1658|CodeSize    7561|Addr 0x7f5edf2a2f20|Timestamp 145796060397578|Src n/a
[engine] opt done   id=102   ProtosRootNode@b0fbdf6                             |Tier 1|Time   365(  68+296 )ms|AST    9|Inlined   0Y   0N|IR   6624/ 23763|CodeSize  120983|Addr 0x7f5edf2b2fc0|Timestamp 145796426940336|Src n/a
[engine] opt done   id=99    ProtosRootNode@2efc3b2d                            |Tier 1|Time    14(   4+9   )ms|AST    2|Inlined   0Y   0N|IR    888/  1275|CodeSize    5532|Addr 0x7f5edf2e1d60|Timestamp 145796444063246|Src n/a
[engine] opt done   id=100   ProtosRootNode@4f79fd3d                            |Tier 1|Time   604(  66+538 )ms|AST   13|Inlined   0Y   0N|IR  10909/ 36824|CodeSize  192097|Addr 0x7f5edf2e6f20|Timestamp 145797048048892|Src n/a
[engine] opt done   id=105   ProtosRootNode@39452462                            |Tier 1|Time    21(   4+16  )ms|AST    2|Inlined   0Y   0N|IR    888/  1275|CodeSize    5532|Addr 0x7f5edf331de0|Timestamp 145797069639480|Src n/a
[engine] opt done   id=106   ProtosRootNode@79ab00f4                            |Tier 1|Time   253(  27+226 )ms|AST    9|Inlined   0Y   0N|IR   5822/ 19892|CodeSize  100372|Addr 0x7f5edf335960|Timestamp 145797323193228|Src n/a
[engine] opt done   id=150   ProtosRootNode@aeee7f3                             |Tier 1|Time    30(  12+18  )ms|AST    2|Inlined   0Y   0N|IR    888/  2671|CodeSize   13140|Addr 0x7f5edf35cc40|Timestamp 145797355335675|Src n/a
[engine] opt failed id=151   ProtosRootNode@51db8be5                            |Tier 1|Time   94(-145797356+145797450)ms|Reason: jdk.graal.compiler.truffle.GraphTooBigBailoutException: Graph too big to safely compile. Node count: 52906. Graph Size: 150026. Limit: 150000.|Timestamp 145797450364742|Src n/a
[engine] opt failed id=151   ProtosRootNode@51db8be5                            |Tier 1|Time   57(-145797452+145797508)ms|Reason: jdk.graal.compiler.truffle.GraphTooBigBailoutException: Graph too big to safely compile. Node count: 52906. Graph Size: 150026. Limit: 150000.|Timestamp 145797508434265|Src n/a
[engine] opt done   id=140   ProtosRootNode@669a74b5                            |Tier 1|Time    18(   4+13  )ms|AST    2|Inlined   0Y   0N|IR    888/  1275|CodeSize    5532|Addr 0x7f5edf365160|Timestamp 145797527025448|Src n/a
[engine] opt done   id=141   ProtosRootNode@48fac98b                            |Tier 1|Time   144(  19+125 )ms|AST    7|Inlined   0Y   0N|IR   3977/ 13632|CodeSize   66729|Addr 0x7f5edf368a20|Timestamp 145797672572874|Src n/a
[engine] opt done   id=233   ProtosRootNode@46ab010                             |Tier 1|Time    33(   5+27  )ms|AST    2|Inlined   0Y   0N|IR    575/  1647|CodeSize    7498|Addr 0x7f5edf398b20|Timestamp 145797895845137|Src n/a
[engine] opt done   id=234   ProtosRootNode@120e9483                            |Tier 1|Time   703(  66+637 )ms|AST   14|Inlined   0Y   0N|IR  11410/ 40219|CodeSize  206764|Addr 0x7f5edf3a0e40|Timestamp 145798599196367|Src n/a
[engine] opt done   id=231   ProtosRootNode@1d6476f6                            |Tier 1|Time    14(   5+10  )ms|AST    2|Inlined   0Y   0N|IR    888/  1275|CodeSize    5532|Addr 0x7f5edf3f21e0|Timestamp 145798616793628|Src n/a
[engine] opt done   id=232   ProtosRootNode@7dc3e12e                            |Tier 1|Time   236(  30+206 )ms|AST    8|Inlined   0Y   0N|IR   5810/ 18749|CodeSize   95867|Addr 0x7f5edf3f5ce0|Timestamp 145798865352065|Src n/a
[engine] opt done   id=233   ProtosRootNode@46ab010                             |Tier 2|Time    28(   4+23  )ms|AST    2|Inlined   0Y   0N|IR    502/  1344|CodeSize    6459|Addr 0x7f5edf4217a0|Timestamp 145798969080377|Src n/a
[engine] opt done   id=234   ProtosRootNode@120e9483                            |Tier 2|Time   735(  76+659 )ms|AST   14|Inlined   0Y   0N|IR  11337/ 33056|CodeSize  176524|Addr 0x7f5edf427360|Timestamp 145799704626201|Src n/a
[engine] opt done   id=231   ProtosRootNode@1d6476f6                            |Tier 2|Time    24(   4+19  )ms|AST    2|Inlined   0Y   0N|IR    815/   944|CodeSize    4429|Addr 0x7f5edf46b580|Timestamp 145799728661033|Src n/a
[engine] opt done   id=232   ProtosRootNode@7dc3e12e                            |Tier 2|Time   283(  31+252 )ms|AST    8|Inlined   0Y   0N|IR   5737/ 15187|CodeSize   81075|Addr 0x7f5edf46f7c0|Timestamp 145800014720236|Src n/a
[engine] opt done   id=235   ProtosRootNode@7e69a564                            |Tier 1|Time    31(  10+21  )ms|AST    2|Inlined   0Y   0N|IR    888/  2671|CodeSize   13140|Addr 0x7f5edf4925c0|Timestamp 145800061810999|Src n/a
[engine] opt failed id=236   ProtosRootNode@4e92f78d                            |Tier 1|Time   51(-145800062+145800114)ms|Reason: jdk.graal.compiler.truffle.GraphTooBigBailoutException: Graph too big to safely compile. Node count: 52906. Graph Size: 150026. Limit: 150000.|Timestamp 145800113808620|Src n/a
[engine] opt failed id=236   ProtosRootNode@4e92f78d                            |Tier 1|Time   45(-145800123+145800168)ms|Reason: jdk.graal.compiler.truffle.GraphTooBigBailoutException: Graph too big to safely compile. Node count: 52906. Graph Size: 150026. Limit: 150000.|Timestamp 145800168082085|Src n/a
[engine] opt done   id=225   ProtosRootNode@57b163d8                            |Tier 1|Time    14(   4+9   )ms|AST    2|Inlined   0Y   0N|IR    888/  1275|CodeSize    5532|Addr 0x7f5edf4988e0|Timestamp 145800184392274|Src n/a
[engine] opt done   id=226   ProtosRootNode@5dbe3aec                            |Tier 1|Time   172(  21+150 )ms|AST    7|Inlined   0Y   0N|IR   3977/ 13632|CodeSize   66729|Addr 0x7f5edf49eba0|Timestamp 145800361816916|Src n/a
[engine] opt done   id=318   ProtosRootNode@19b3dec3                            |Tier 1|Time    27(   6+21  )ms|AST    2|Inlined   0Y   0N|IR    575/  1647|CodeSize    7498|Addr 0x7f5edf4c5020|Timestamp 145800533469247|Src n/a
[engine] opt done   id=319   ProtosRootNode@fb8d424                             |Tier 1|Time   707(  70+637 )ms|AST   14|Inlined   0Y   0N|IR  11410/ 40219|CodeSize  206764|Addr 0x7f5edf4cb540|Timestamp 145801240913409|Src n/a
[engine] opt done   id=316   ProtosRootNode@4084dc56                            |Tier 1|Time    15(   5+10  )ms|AST    2|Inlined   0Y   0N|IR    888/  1275|CodeSize    5532|Addr 0x7f5edf51c5e0|Timestamp 145801285421297|Src n/a
[engine] opt done   id=317   ProtosRootNode@436e928c                            |Tier 1|Time   275(  31+244 )ms|AST    8|Inlined   0Y   0N|IR   5810/ 18749|CodeSize   95867|Addr 0x7f5edf5200e0|Timestamp 145801561378491|Src n/a
[engine] opt done   id=318   ProtosRootNode@19b3dec3                            |Tier 2|Time    25(   5+20  )ms|AST    2|Inlined   0Y   0N|IR    502/  1344|CodeSize    6459|Addr 0x7f5edf54bc20|Timestamp 145801663341189|Src n/a
[engine] opt done   id=319   ProtosRootNode@fb8d424                             |Tier 2|Time   748(  78+670 )ms|AST   14|Inlined   0Y   0N|IR  11337/ 33056|CodeSize  176524|Addr 0x7f5edf550ee0|Timestamp 145802412389832|Src n/a
[engine] opt done   id=316   ProtosRootNode@4084dc56                            |Tier 2|Time    23(   4+19  )ms|AST    2|Inlined   0Y   0N|IR    815/   944|CodeSize    4429|Addr 0x7f5edf595400|Timestamp 145802436220523|Src n/a
[engine] opt done   id=317   ProtosRootNode@436e928c                            |Tier 2|Time   312(  28+284 )ms|AST    8|Inlined   0Y   0N|IR   5737/ 15187|CodeSize   81075|Addr 0x7f5edf598dc0|Timestamp 145802748419180|Src n/a
[engine] opt done   id=320   ProtosRootNode@13bd8c1                             |Tier 1|Time    37(  10+26  )ms|AST    2|Inlined   0Y   0N|IR    888/  2671|CodeSize   13140|Addr 0x7f5edf5bb140|Timestamp 145802804349858|Src n/a
[engine] opt failed id=321   ProtosRootNode@3bc4447                             |Tier 1|Time   72(-145802805+145802878)ms|Reason: jdk.graal.compiler.truffle.GraphTooBigBailoutException: Graph too big to safely compile. Node count: 52906. Graph Size: 150026. Limit: 150000.|Timestamp 145802877714926|Src n/a
[engine] opt failed id=321   ProtosRootNode@3bc4447                             |Tier 1|Time   52(-145802878+145802931)ms|Reason: jdk.graal.compiler.truffle.GraphTooBigBailoutException: Graph too big to safely compile. Node count: 52906. Graph Size: 150026. Limit: 150000.|Timestamp 145802930748059|Src n/a
[engine] opt done   id=310   ProtosRootNode@7889b0bf                            |Tier 1|Time    16(   5+11  )ms|AST    2|Inlined   0Y   0N|IR    888/  1275|CodeSize    5532|Addr 0x7f5edf5c1360|Timestamp 145802967812383|Src n/a
[engine] opt done   id=311   ProtosRootNode@68daafba                            |Tier 1|Time   161(  22+139 )ms|AST    7|Inlined   0Y   0N|IR   3977/ 13632|CodeSize   66729|Addr 0x7f5edf5c4820|Timestamp 145803130062207|Src n/a
[engine] opt done   id=403   ProtosRootNode@d223bb4                             |Tier 1|Time    19(   7+12  )ms|AST    2|Inlined   0Y   0N|IR    575/  1647|CodeSize    7498|Addr 0x7f5edf5e20a0|Timestamp 145803236389953|Src n/a
[engine] opt done   id=404   ProtosRootNode@12b8c4d9                            |Tier 1|Time   734(  68+666 )ms|AST   14|Inlined   0Y   0N|IR  11410/ 40219|CodeSize  206764|Addr 0x7f5edf5e82c0|Timestamp 145803970842217|Src n/a
[engine] opt done   id=401   ProtosRootNode@feda58f                             |Tier 1|Time    22(  11+11  )ms|AST    2|Inlined   0Y   0N|IR    888/  1275|CodeSize    5532|Addr 0x7f5edf639960|Timestamp 145803993724897|Src n/a
[engine] opt done   id=402   ProtosRootNode@a760b61                             |Tier 1|Time   291(  62+229 )ms|AST    8|Inlined   0Y   0N|IR   5810/ 18749|CodeSize   95867|Addr 0x7f5edf63ebe0|Timestamp 145804287541510|Src n/a
[engine] opt done   id=403   ProtosRootNode@d223bb4                             |Tier 2|Time    17(   3+14  )ms|AST    2|Inlined   0Y   0N|IR    502/  1344|CodeSize    6459|Addr 0x7f5edf665920|Timestamp 145804371654557|Src n/a
[engine] opt done   id=404   ProtosRootNode@12b8c4d9                            |Tier 2|Time   746(  65+680 )ms|AST   14|Inlined   0Y   0N|IR  11337/ 33056|CodeSize  176524|Addr 0x7f5edf66abe0|Timestamp 145805117936029|Src n/a
[engine] opt done   id=401   ProtosRootNode@feda58f                             |Tier 2|Time    29(   4+25  )ms|AST    2|Inlined   0Y   0N|IR    815/   944|CodeSize    4429|Addr 0x7f5edf6aee00|Timestamp 145805147706561|Src n/a
[engine] opt done   id=402   ProtosRootNode@a760b61                             |Tier 2|Time   288(  26+262 )ms|AST    8|Inlined   0Y   0N|IR   5737/ 15187|CodeSize   81075|Addr 0x7f5edf6b1ec0|Timestamp 145805436151174|Src n/a
[engine] opt done   id=405   ProtosRootNode@34574567                            |Tier 1|Time    26(   5+21  )ms|AST    2|Inlined   0Y   0N|IR    888/  2671|CodeSize   13140|Addr 0x7f5edf6d2740|Timestamp 145805472136817|Src n/a
[engine] opt failed id=406   ProtosRootNode@6c935f64                            |Tier 1|Time   67(-145805472+145805539)ms|Reason: jdk.graal.compiler.truffle.GraphTooBigBailoutException: Graph too big to safely compile. Node count: 52906. Graph Size: 150026. Limit: 150000.|Timestamp 145805539363024|Src n/a
[engine] opt failed id=406   ProtosRootNode@6c935f64                            |Tier 1|Time   46(-145805540+145805586)ms|Reason: jdk.graal.compiler.truffle.GraphTooBigBailoutException: Graph too big to safely compile. Node count: 52906. Graph Size: 150026. Limit: 150000.|Timestamp 145805585826485|Src n/a
[engine] opt done   id=395   ProtosRootNode@65eb9f9c                            |Tier 1|Time    30(  12+18  )ms|AST    2|Inlined   0Y   0N|IR    888/  1275|CodeSize    5532|Addr 0x7f5edf6d89e0|Timestamp 145805617738301|Src n/a
[engine] opt done   id=396   ProtosRootNode@6e001d7a                            |Tier 1|Time   192(  41+150 )ms|AST    7|Inlined   0Y   0N|IR   3977/ 13632|CodeSize   66729|Addr 0x7f5edf6ded20|Timestamp 145805810340746|Src n/a
[engine] opt done   id=488   ProtosRootNode@7b06cec7                            |Tier 1|Time    22(   7+15  )ms|AST    2|Inlined   0Y   0N|IR    575/  1647|CodeSize    7498|Addr 0x7f5edf6fd7a0|Timestamp 145805929764234|Src n/a
[engine] opt done   id=489   ProtosRootNode@a470dff                             |Tier 1|Time   743(  71+672 )ms|AST   14|Inlined   0Y   0N|IR  11410/ 40219|CodeSize  206764|Addr 0x7f5edf706cc0|Timestamp 145806673796710|Src n/a
[engine] opt done   id=486   ProtosRootNode@6854d47a                            |Tier 1|Time    15(   5+10  )ms|AST    2|Inlined   0Y   0N|IR    888/  1275|CodeSize    5532|Addr 0x7f5edf758060|Timestamp 145806689421277|Src n/a
[engine] opt done   id=487   ProtosRootNode@7e80c029                            |Tier 1|Time   246(  52+194 )ms|AST    8|Inlined   0Y   0N|IR   5810/ 18749|CodeSize   95867|Addr 0x7f5edf75bb60|Timestamp 145806935942856|Src n/a
[engine] opt done   id=488   ProtosRootNode@7b06cec7                            |Tier 2|Time    17(   3+14  )ms|AST    2|Inlined   0Y   0N|IR    502/  1344|CodeSize    6459|Addr 0x7f5edf781a20|Timestamp 145807003335703|Src n/a
[engine] opt done   id=489   ProtosRootNode@a470dff                             |Tier 2|Time   807(  65+742 )ms|AST   14|Inlined   0Y   0N|IR  11337/ 33056|CodeSize  176524|Addr 0x7f5edf786ce0|Timestamp 145807811078507|Src n/a
[engine] opt done   id=486   ProtosRootNode@6854d47a                            |Tier 2|Time    29(   4+25  )ms|AST    2|Inlined   0Y   0N|IR    815/   944|CodeSize    4429|Addr 0x7f5edf7caf00|Timestamp 145807840284518|Src n/a
[engine] opt done   id=487   ProtosRootNode@7e80c029                            |Tier 2|Time   282(  29+253 )ms|AST    8|Inlined   0Y   0N|IR   5737/ 15187|CodeSize   81075|Addr 0x7f5edf7cdfc0|Timestamp 145808122944579|Src n/a
[engine] opt done   id=490   ProtosRootNode@6f4641dc                            |Tier 1|Time    22(   5+17  )ms|AST    2|Inlined   0Y   0N|IR    888/  2671|CodeSize   13140|Addr 0x7f5edf7ee4c0|Timestamp 145808154082723|Src n/a
[engine] opt failed id=491   ProtosRootNode@17d174d6                            |Tier 1|Time   99(-145808156+145808255)ms|Reason: jdk.graal.compiler.truffle.GraphTooBigBailoutException: Graph too big to safely compile. Node count: 52906. Graph Size: 150026. Limit: 150000.|Timestamp 145808255100048|Src n/a
[engine] opt failed id=491   ProtosRootNode@17d174d6                            |Tier 1|Time   93(-145808272+145808365)ms|Reason: jdk.graal.compiler.truffle.GraphTooBigBailoutException: Graph too big to safely compile. Node count: 52906. Graph Size: 150026. Limit: 150000.|Timestamp 145808365083429|Src n/a
[engine] opt done   id=480   ProtosRootNode@1666c29e                            |Tier 1|Time    29(   8+21  )ms|AST    2|Inlined   0Y   0N|IR    888/  1275|CodeSize    5532|Addr 0x7f5edf7f40e0|Timestamp 145808403118985|Src n/a
[engine] opt done   id=481   ProtosRootNode@7e7a3a02                            |Tier 1|Time   355(  44+311 )ms|AST    7|Inlined   0Y   0N|IR   3977/ 13632|CodeSize   66729|Addr 0x7f5edf7f9520|Timestamp 145808758417272|Src n/a
[engine] opt done   id=573   ProtosRootNode@1acd4d5b                            |Tier 1|Time    27(   5+22  )ms|AST    2|Inlined   0Y   0N|IR    575/  1647|CodeSize    7498|Addr 0x7f5edf815520|Timestamp 145808871998999|Src n/a
[engine] opt done   id=574   ProtosRootNode@6f511341                            |Tier 1|Time   732( 105+626 )ms|AST   14|Inlined   0Y   0N|IR  11410/ 40219|CodeSize  206764|Addr 0x7f5edf81cfc0|Timestamp 145809605557021|Src n/a
[engine] opt done   id=571   ProtosRootNode@48e8558a                            |Tier 1|Time    16(   6+10  )ms|AST    2|Inlined   0Y   0N|IR    888/  1275|CodeSize    5532|Addr 0x7f5edf86e4e0|Timestamp 145809622055469|Src n/a
[engine] opt done   id=572   ProtosRootNode@4666f3f4                            |Tier 1|Time   268(  40+228 )ms|AST    8|Inlined   0Y   0N|IR   5810/ 18749|CodeSize   95867|Addr 0x7f5edf871fe0|Timestamp 145809890060823|Src n/a
[engine] opt done   id=573   ProtosRootNode@1acd4d5b                            |Tier 2|Time    17(   3+15  )ms|AST    2|Inlined   0Y   0N|IR    502/  1344|CodeSize    6459|Addr 0x7f5edf897b20|Timestamp 145809955427856|Src n/a
[engine] opt done   id=574   ProtosRootNode@6f511341                            |Tier 2|Time   736(  65+671 )ms|AST   14|Inlined   0Y   0N|IR  11337/ 33056|CodeSize  176524|Addr 0x7f5edf89cde0|Timestamp 145810691795571|Src n/a
[engine] opt done   id=571   ProtosRootNode@48e8558a                            |Tier 2|Time    30(   4+26  )ms|AST    2|Inlined   0Y   0N|IR    815/   944|CodeSize    4429|Addr 0x7f5edf8e1000|Timestamp 145810722476794|Src n/a
[engine] opt done   id=572   ProtosRootNode@4666f3f4                            |Tier 2|Time   267(  28+240 )ms|AST    8|Inlined   0Y   0N|IR   5737/ 15187|CodeSize   81075|Addr 0x7f5edf8e40c0|Timestamp 145810990655088|Src n/a
[engine] opt done   id=575   ProtosRootNode@2303f8c                             |Tier 1|Time    23(   5+18  )ms|AST    2|Inlined   0Y   0N|IR    888/  2671|CodeSize   13140|Addr 0x7f5edf9049c0|Timestamp 145811022765384|Src n/a
[engine] opt failed id=576   ProtosRootNode@48ac47af                            |Tier 1|Time   49(-145811023+145811073)ms|Reason: jdk.graal.compiler.truffle.GraphTooBigBailoutException: Graph too big to safely compile. Node count: 52906. Graph Size: 150026. Limit: 150000.|Timestamp 145811073318261|Src n/a
[engine] opt failed id=576   ProtosRootNode@48ac47af                            |Tier 1|Time   49(-145811083+145811132)ms|Reason: jdk.graal.compiler.truffle.GraphTooBigBailoutException: Graph too big to safely compile. Node count: 52906. Graph Size: 150026. Limit: 150000.|Timestamp 145811133130954|Src n/a
[engine] opt done   id=565   ProtosRootNode@3c0af994                            |Tier 1|Time    14(   4+9   )ms|AST    2|Inlined   0Y   0N|IR    888/  1275|CodeSize    5532|Addr 0x7f5edf90afe0|Timestamp 145811151321366|Src n/a
[engine] opt done   id=566   ProtosRootNode@746badce                            |Tier 1|Time   157(  20+137 )ms|AST    7|Inlined   0Y   0N|IR   3977/ 13632|CodeSize   66729|Addr 0x7f5edf90e7a0|Timestamp 145811309598959|Src n/a
[engine] opt done   id=658   ProtosRootNode@2fe792f2                            |Tier 1|Time    26(   4+22  )ms|AST    2|Inlined   0Y   0N|IR    575/  1647|CodeSize    7498|Addr 0x7f5edf92ada0|Timestamp 145811434636496|Src n/a
[engine] opt done   id=659   ProtosRootNode@7f71467c                            |Tier 1|Time   732(  84+648 )ms|AST   14|Inlined   0Y   0N|IR  11410/ 40219|CodeSize  206764|Addr 0x7f5edf934440|Timestamp 145812168292323|Src n/a
[engine] opt done   id=656   ProtosRootNode@5979672a                            |Tier 1|Time    16(   5+11  )ms|AST    2|Inlined   0Y   0N|IR    888/  1275|CodeSize    5532|Addr 0x7f5edf9854e0|Timestamp 145812185382092|Src n/a
[engine] opt done   id=657   ProtosRootNode@68368d6e                            |Tier 1|Time   307(  60+247 )ms|AST    8|Inlined   0Y   0N|IR   5810/ 18749|CodeSize   95867|Addr 0x7f5edf988fe0|Timestamp 145812492496782|Src n/a
[engine] opt done   id=658   ProtosRootNode@2fe792f2                            |Tier 2|Time    17(   3+14  )ms|AST    2|Inlined   0Y   0N|IR    502/  1344|CodeSize    6459|Addr 0x7f5edf9aeb20|Timestamp 145812556279353|Src n/a
[engine] opt done   id=659   ProtosRootNode@7f71467c                            |Tier 2|Time   795(  66+729 )ms|AST   14|Inlined   0Y   0N|IR  11337/ 33056|CodeSize  176524|Addr 0x7f5edf9b3de0|Timestamp 145813351773414|Src n/a
[engine] opt done   id=656   ProtosRootNode@5979672a                            |Tier 2|Time    17(   4+12  )ms|AST    2|Inlined   0Y   0N|IR    815/   944|CodeSize    4429|Addr 0x7f5edf9f8000|Timestamp 145813385625462|Src n/a
[engine] opt done   id=657   ProtosRootNode@68368d6e                            |Tier 2|Time   656(  58+598 )ms|AST    8|Inlined   0Y   0N|IR   5737/ 15187|CodeSize   81075|Addr 0x7f5edf9fb0c0|Timestamp 145814043437795|Src n/a
[engine] opt done   id=660   ProtosRootNode@5c65bcd3                            |Tier 1|Time    23(   5+18  )ms|AST    2|Inlined   0Y   0N|IR    888/  2671|CodeSize   13140|Addr 0x7f5edfa1be40|Timestamp 145814084998767|Src n/a
[engine] opt failed id=661   ProtosRootNode@18baaa5                             |Tier 1|Time   76(-145814085+145814161)ms|Reason: jdk.graal.compiler.truffle.GraphTooBigBailoutException: Graph too big to safely compile. Node count: 52906. Graph Size: 150026. Limit: 150000.|Timestamp 145814162410010|Src n/a
[engine] opt failed id=661   ProtosRootNode@18baaa5                             |Tier 1|Time   51(-145814164+145814215)ms|Reason: jdk.graal.compiler.truffle.GraphTooBigBailoutException: Graph too big to safely compile. Node count: 52906. Graph Size: 150026. Limit: 150000.|Timestamp 145814215366301|Src n/a
[engine] opt done   id=650   ProtosRootNode@7cfc6bf1                            |Tier 1|Time    18(   5+13  )ms|AST    2|Inlined   0Y   0N|IR    888/  1275|CodeSize    5532|Addr 0x7f5edfa22260|Timestamp 145814233967603|Src n/a
[engine] opt done   id=651   ProtosRootNode@636d27a8                            |Tier 1|Time   158(  21+137 )ms|AST    7|Inlined   0Y   0N|IR   3977/ 13632|CodeSize   66729|Addr 0x7f5edfa25720|Timestamp 145814392439376|Src n/a
[engine] opt done   id=743   ProtosRootNode@59761cb2                            |Tier 1|Time    34(   7+26  )ms|AST    2|Inlined   0Y   0N|IR    575/  1647|CodeSize    7498|Addr 0x7f5edfa41c20|Timestamp 145814521265408|Src n/a
[engine] opt done   id=744   ProtosRootNode@76e95bd7                            |Tier 1|Time   725(  93+633 )ms|AST   14|Inlined   0Y   0N|IR  11410/ 40219|CodeSize  206764|Addr 0x7f5edfa47e40|Timestamp 145815246777205|Src n/a
[engine] opt done   id=741   ProtosRootNode@20f5928b                            |Tier 1|Time    14(   5+10  )ms|AST    2|Inlined   0Y   0N|IR    888/  1275|CodeSize    5532|Addr 0x7f5edfa98ee0|Timestamp 145815280966384|Src n/a
[engine] opt done   id=742   ProtosRootNode@17192dbe                            |Tier 1|Time   255(  29+226 )ms|AST    8|Inlined   0Y   0N|IR   5810/ 18749|CodeSize   95867|Addr 0x7f5edfa9c9e0|Timestamp 145815536930464|Src n/a
[engine] opt done   id=743   ProtosRootNode@59761cb2                            |Tier 2|Time    26(   3+23  )ms|AST    2|Inlined   0Y   0N|IR    502/  1344|CodeSize    6459|Addr 0x7f5edfac3220|Timestamp 145815600140693|Src n/a
[engine] opt done   id=744   ProtosRootNode@76e95bd7                            |Tier 2|Time   933(  79+854 )ms|AST   14|Inlined   0Y   0N|IR  11337/ 33056|CodeSize  176524|Addr 0x7f5edfac87e0|Timestamp 145816533830216|Src n/a
[engine] opt done   id=741   ProtosRootNode@20f5928b                            |Tier 2|Time    17(   4+13  )ms|AST    2|Inlined   0Y   0N|IR    815/   944|CodeSize    4429|Addr 0x7f5edfb0ca00|Timestamp 145816563420606|Src n/a
[engine] opt done   id=742   ProtosRootNode@17192dbe                            |Tier 2|Time   289(  29+260 )ms|AST    8|Inlined   0Y   0N|IR   5737/ 15187|CodeSize   81075|Addr 0x7f5edfb0fac0|Timestamp 145816853106233|Src n/a
[engine] opt done   id=745   ProtosRootNode@777b2763                            |Tier 1|Time    22(   5+18  )ms|AST    2|Inlined   0Y   0N|IR    888/  2671|CodeSize   13140|Addr 0x7f5edfb2ffc0|Timestamp 145816884838427|Src n/a
[engine] opt failed id=746   ProtosRootNode@68a33cc0                            |Tier 1|Time   46(-145816891+145816937)ms|Reason: jdk.graal.compiler.truffle.GraphTooBigBailoutException: Graph too big to safely compile. Node count: 52906. Graph Size: 150026. Limit: 150000.|Timestamp 145816937354057|Src n/a
[engine] opt failed id=746   ProtosRootNode@68a33cc0                            |Tier 1|Time   47(-145816941+145816988)ms|Reason: jdk.graal.compiler.truffle.GraphTooBigBailoutException: Graph too big to safely compile. Node count: 52906. Graph Size: 150026. Limit: 150000.|Timestamp 145816988261855|Src n/a
[engine] opt done   id=735   ProtosRootNode@1c7cca1a                            |Tier 1|Time    25(   9+17  )ms|AST    2|Inlined   0Y   0N|IR    888/  1275|CodeSize    5532|Addr 0x7f5edfb37160|Timestamp 145817021848992|Src n/a
[engine] opt done   id=736   ProtosRootNode@76b2e427                            |Tier 1|Time   168(  22+146 )ms|AST    7|Inlined   0Y   0N|IR   3977/ 13632|CodeSize   66729|Addr 0x7f5edfb3a620|Timestamp 145817190096730|Src n/a
[engine] opt done   id=828   ProtosRootNode@43fef294                            |Tier 1|Time    21(   7+14  )ms|AST    2|Inlined   0Y   0N|IR    575/  1647|CodeSize    7498|Addr 0x7f5edfb55f20|Timestamp 145817292897637|Src n/a
[engine] opt done   id=829   ProtosRootNode@43f689b1                            |Tier 1|Time   761(  97+664 )ms|AST   14|Inlined   0Y   0N|IR  11410/ 40219|CodeSize  206764|Addr 0x7f5edfb5d3c0|Timestamp 145818054294951|Src n/a
[engine] opt done   id=826   ProtosRootNode@658e047f                            |Tier 1|Time    15(   5+10  )ms|AST    2|Inlined   0Y   0N|IR    888/  1275|CodeSize    5532|Addr 0x7f5edfbae760|Timestamp 145818070018748|Src n/a
[engine] opt done   id=827   ProtosRootNode@1b6fa7bb                            |Tier 1|Time   248(  42+206 )ms|AST    8|Inlined   0Y   0N|IR   5810/ 18749|CodeSize   95867|Addr 0x7f5edfbb2fe0|Timestamp 145818318995944|Src n/a
[engine] opt done   id=828   ProtosRootNode@43fef294                            |Tier 2|Time    17(   3+14  )ms|AST    2|Inlined   0Y   0N|IR    502/  1344|CodeSize    6459|Addr 0x7f5edfbda320|Timestamp 145818409513929|Src n/a
[engine] opt done   id=829   ProtosRootNode@43f689b1                            |Tier 2|Time   723(  62+660 )ms|AST   14|Inlined   0Y   0N|IR  11337/ 33056|CodeSize  176524|Addr 0x7f5edfbdf8e0|Timestamp 145819132531335|Src n/a
[engine] opt done   id=826   ProtosRootNode@658e047f                            |Tier 2|Time    23(   4+19  )ms|AST    2|Inlined   0Y   0N|IR    815/   944|CodeSize    4429|Addr 0x7f5edfc23b00|Timestamp 145819156666886|Src n/a
[engine] opt done   id=827   ProtosRootNode@1b6fa7bb                            |Tier 2|Time   282(  27+255 )ms|AST    8|Inlined   0Y   0N|IR   5737/ 15187|CodeSize   81075|Addr 0x7f5edfc26bc0|Timestamp 145819439159599|Src n/a
[engine] opt done   id=830   ProtosRootNode@2dab1cd7                            |Tier 1|Time    24(   6+17  )ms|AST    2|Inlined   0Y   0N|IR    888/  2671|CodeSize   13140|Addr 0x7f5edfc470c0|Timestamp 145819479251917|Src n/a
[engine] opt failed id=831   ProtosRootNode@161f6770                            |Tier 1|Time   53(-145819480+145819533)ms|Reason: jdk.graal.compiler.truffle.GraphTooBigBailoutException: Graph too big to safely compile. Node count: 52906. Graph Size: 150026. Limit: 150000.|Timestamp 145819533692800|Src n/a
[engine] opt failed id=831   ProtosRootNode@161f6770                            |Tier 1|Time   68(-145819534+145819602)ms|Reason: jdk.graal.compiler.truffle.GraphTooBigBailoutException: Graph too big to safely compile. Node count: 52906. Graph Size: 150026. Limit: 150000.|Timestamp 145819603322859|Src n/a
[engine] opt done   id=820   ProtosRootNode@46d3e3e0                            |Tier 1|Time    20(   8+12  )ms|AST    2|Inlined   0Y   0N|IR    888/  1275|CodeSize    5532|Addr 0x7f5edfc4db60|Timestamp 145819623385944|Src n/a
[engine] opt done   id=821   ProtosRootNode@50ade415                            |Tier 1|Time   178(  24+154 )ms|AST    7|Inlined   0Y   0N|IR   3977/ 13632|CodeSize   66729|Addr 0x7f5edfc51420|Timestamp 145819801474847|Src n/a
[engine] opt done   id=913   ProtosRootNode@672be4d3                            |Tier 1|Time    26(   7+20  )ms|AST    2|Inlined   0Y   0N|IR    575/  1647|CodeSize    7498|Addr 0x7f5edfc6d5a0|Timestamp 145819909966423|Src n/a
[engine] opt done   id=914   ProtosRootNode@1f384c4b                            |Tier 1|Time   748(  83+664 )ms|AST   14|Inlined   0Y   0N|IR  11410/ 40219|CodeSize  206764|Addr 0x7f5edfc783c0|Timestamp 145820661171904|Src n/a
[engine] opt done   id=911   ProtosRootNode@68401db2                            |Tier 1|Time    16(   4+11  )ms|AST    2|Inlined   0Y   0N|IR    888/  1275|CodeSize    5532|Addr 0x7f5edfcc9460|Timestamp 145820677962153|Src n/a
[engine] opt done   id=912   ProtosRootNode@1ea4d4c0                            |Tier 1|Time   256(  55+202 )ms|AST    8|Inlined   0Y   0N|IR   5810/ 18749|CodeSize   95867|Addr 0x7f5edfcccf60|Timestamp 145820934703061|Src n/a
[engine] opt done   id=913   ProtosRootNode@672be4d3                            |Tier 2|Time    19(   4+15  )ms|AST    2|Inlined   0Y   0N|IR    502/  1344|CodeSize    6459|Addr 0x7f5edfcf41a0|Timestamp 145821023250762|Src n/a
[engine] opt done   id=914   ProtosRootNode@1f384c4b                            |Tier 2|Time   769(  69+701 )ms|AST   14|Inlined   0Y   0N|IR  11337/ 33056|CodeSize  176524|Addr 0x7f5edfcf9460|Timestamp 145821793085203|Src n/a
[engine] opt done   id=911   ProtosRootNode@68401db2                            |Tier 2|Time    23(   4+19  )ms|AST    2|Inlined   0Y   0N|IR    815/   944|CodeSize    4429|Addr 0x7f5edfd3d680|Timestamp 145821816529703|Src n/a
[engine] opt done   id=912   ProtosRootNode@1ea4d4c0                            |Tier 2|Time   286(  27+259 )ms|AST    8|Inlined   0Y   0N|IR   5737/ 15187|CodeSize   81075|Addr 0x7f5edfd40740|Timestamp 145822103098241|Src n/a
[engine] opt done   id=915   ProtosRootNode@1560b0d2                            |Tier 1|Time    22(   5+17  )ms|AST    2|Inlined   0Y   0N|IR    888/  2671|CodeSize   13140|Addr 0x7f5edfd60c40|Timestamp 145822134361044|Src n/a
[engine] opt failed id=916   ProtosRootNode@4681162b                            |Tier 1|Time   46(-145822136+145822181)ms|Reason: jdk.graal.compiler.truffle.GraphTooBigBailoutException: Graph too big to safely compile. Node count: 52906. Graph Size: 150026. Limit: 150000.|Timestamp 145822181394924|Src n/a
[engine] opt failed id=916   ProtosRootNode@4681162b                            |Tier 1|Time   48(-145822190+145822238)ms|Reason: jdk.graal.compiler.truffle.GraphTooBigBailoutException: Graph too big to safely compile. Node count: 52906. Graph Size: 150026. Limit: 150000.|Timestamp 145822237904070|Src n/a
[engine] opt done   id=905   ProtosRootNode@460b154a                            |Tier 1|Time    14(   5+10  )ms|AST    2|Inlined   0Y   0N|IR    888/  1275|CodeSize    5532|Addr 0x7f5edfd66e60|Timestamp 145822256789052|Src n/a
[engine] opt done   id=906   ProtosRootNode@e14de67                             |Tier 1|Time   152(  20+132 )ms|AST    7|Inlined   0Y   0N|IR   3977/ 13632|CodeSize   66729|Addr 0x7f5edfd6a320|Timestamp 145822409405092|Src n/a
[engine] opt done   id=101   ProtosRootNode@62b8a74c                            |Tier 2|Time    20(   4+16  )ms|AST    2|Inlined   0Y   0N|IR    518/  1448|CodeSize    7174|Addr 0x7f5edfd84f60|Timestamp 145822504338793|Src n/a
[engine] opt done   id=102   ProtosRootNode@b0fbdf6                             |Tier 2|Time   407(  36+371 )ms|AST    9|Inlined   0Y   0N|IR   6556/ 19786|CodeSize  105309|Addr 0x7f5edfd89820|Timestamp 145822918136297|Src n/a
[engine] opt done   id=99    ProtosRootNode@2efc3b2d                            |Tier 2|Time    21(   5+16  )ms|AST    2|Inlined   0Y   0N|IR    815/   944|CodeSize    4429|Addr 0x7f5edfdb2500|Timestamp 145822941557327|Src n/a
[engine] opt done   id=100   ProtosRootNode@4f79fd3d                            |Tier 2|Time   749(  62+687 )ms|AST   13|Inlined   0Y   0N|IR  10841/ 30029|CodeSize  163035|Addr 0x7f5edfdb69a0|Timestamp 145823691364430|Src n/a
[engine] opt done   id=105   ProtosRootNode@39452462                            |Tier 2|Time    30(   5+25  )ms|AST    2|Inlined   0Y   0N|IR    815/   944|CodeSize    4429|Addr 0x7f5edfdf5e00|Timestamp 145823721701772|Src n/a
[engine] opt done   id=106   ProtosRootNode@79ab00f4                            |Tier 2|Time   319(  28+291 )ms|AST    9|Inlined   0Y   0N|IR   5750/ 16202|CodeSize   85180|Addr 0x7f5edfdf8fa0|Timestamp 145824040968604|Src n/a
[engine] opt done   id=998   ProtosRootNode@1bdf8ac8                            |Tier 1|Time    29(  10+19  )ms|AST    2|Inlined   0Y   0N|IR    575/  1647|CodeSize    7498|Addr 0x7f5edfe1afa0|Timestamp 145824082575974|Src n/a
[engine] opt done   id=999   ProtosRootNode@65dfa36a                            |Tier 1|Time   743(  64+678 )ms|AST   14|Inlined   0Y   0N|IR  11410/ 40219|CodeSize  206764|Addr 0x7f5edfe211c0|Timestamp 145824825448244|Src n/a
[engine] opt done   id=996   ProtosRootNode@7dfeec96                            |Tier 1|Time    14(   4+10  )ms|AST    2|Inlined   0Y   0N|IR    888/  1275|CodeSize    5532|Addr 0x7f5edfe73160|Timestamp 145824840625800|Src n/a
[engine] opt done   id=997   ProtosRootNode@25cc3498                            |Tier 1|Time   243(  41+201 )ms|AST    8|Inlined   0Y   0N|IR   5810/ 18749|CodeSize   95867|Addr 0x7f5edfe76c60|Timestamp 145825083595722|Src n/a
[engine] opt done   id=998   ProtosRootNode@1bdf8ac8                            |Tier 2|Time    27(   4+23  )ms|AST    2|Inlined   0Y   0N|IR    502/  1344|CodeSize    6459|Addr 0x7f5edfe9e8a0|Timestamp 145825165899371|Src n/a
[engine] opt done   id=999   ProtosRootNode@65dfa36a                            |Tier 2|Time   790(  67+723 )ms|AST   14|Inlined   0Y   0N|IR  11337/ 33056|CodeSize  176524|Addr 0x7f5edfea3b60|Timestamp 145825955797799|Src n/a
[engine] opt done   id=996   ProtosRootNode@7dfeec96                            |Tier 2|Time    24(   5+19  )ms|AST    2|Inlined   0Y   0N|IR    815/   944|CodeSize    4429|Addr 0x7f5edfee7d80|Timestamp 145825979854039|Src n/a
[engine] opt done   id=997   ProtosRootNode@25cc3498                            |Tier 2|Time   275(  27+248 )ms|AST    8|Inlined   0Y   0N|IR   5737/ 15187|CodeSize   81075|Addr 0x7f5edfeeae40|Timestamp 145826254739505|Src n/a
[engine] opt done   id=1000  ProtosRootNode@45928718                            |Tier 1|Time    36(  16+20  )ms|AST    2|Inlined   0Y   0N|IR    888/  2671|CodeSize   13140|Addr 0x7f5edff0b640|Timestamp 145826299574390|Src n/a
[engine] opt failed id=1001  ProtosRootNode@787a5b                              |Tier 1|Time   56(-145826300+145826356)ms|Reason: jdk.graal.compiler.truffle.GraphTooBigBailoutException: Graph too big to safely compile. Node count: 52906. Graph Size: 150026. Limit: 150000.|Timestamp 145826356452717|Src n/a
[engine] opt failed id=1001  ProtosRootNode@787a5b                              |Tier 1|Time   55(-145826366+145826421)ms|Reason: jdk.graal.compiler.truffle.GraphTooBigBailoutException: Graph too big to safely compile. Node count: 52906. Graph Size: 150026. Limit: 150000.|Timestamp 145826420570435|Src n/a
[engine] opt done   id=990   ProtosRootNode@7143523b                            |Tier 1|Time    14(   4+10  )ms|AST    2|Inlined   0Y   0N|IR    888/  1275|CodeSize    5532|Addr 0x7f5edff11260|Timestamp 145826435156360|Src n/a
[engine] opt done   id=991   ProtosRootNode@7f577d3f                            |Tier 1|Time   183(  22+161 )ms|AST    7|Inlined   0Y   0N|IR   3977/ 13632|CodeSize   66729|Addr 0x7f5edff14720|Timestamp 145826626245433|Src n/a
[engine] opt done   id=1083  ProtosRootNode@3ca308c1                            |Tier 1|Time    48(   8+40  )ms|AST    2|Inlined   0Y   0N|IR    575/  1647|CodeSize    7498|Addr 0x7f5edff312a0|Timestamp 145826759630598|Src n/a
[engine] opt done   id=1084  ProtosRootNode@1f06054a                            |Tier 1|Time   731(  91+639 )ms|AST   14|Inlined   0Y   0N|IR  11410/ 40219|CodeSize  206764|Addr 0x7f5edff38fc0|Timestamp 145827490944664|Src n/a
[engine] opt done   id=1081  ProtosRootNode@24d0a957                            |Tier 1|Time    14(   5+10  )ms|AST    2|Inlined   0Y   0N|IR    888/  1275|CodeSize    5532|Addr 0x7f5edff8a060|Timestamp 145827535584439|Src n/a
[engine] opt done   id=1082  ProtosRootNode@6138758f                            |Tier 1|Time   249(  31+217 )ms|AST    8|Inlined   0Y   0N|IR   5810/ 18749|CodeSize   95867|Addr 0x7f5edff8db60|Timestamp 145827784756770|Src n/a
[engine] opt done   id=1083  ProtosRootNode@3ca308c1                            |Tier 2|Time    28(   3+25  )ms|AST    2|Inlined   0Y   0N|IR    502/  1344|CodeSize    6459|Addr 0x7f5edffb36a0|Timestamp 145827845579752|Src n/a
[engine] opt done   id=1084  ProtosRootNode@1f06054a                            |Tier 2|Time   758(  63+695 )ms|AST   14|Inlined   0Y   0N|IR  11337/ 33056|CodeSize  176524|Addr 0x7f5edffb8ce0|Timestamp 145828603488211|Src n/a
[engine] opt done   id=1081  ProtosRootNode@24d0a957                            |Tier 2|Time    31(   4+27  )ms|AST    2|Inlined   0Y   0N|IR    815/   944|CodeSize    4429|Addr 0x7f5edfffcf00|Timestamp 145828634727304|Src n/a
[engine] opt done   id=1082  ProtosRootNode@6138758f                            |Tier 2|Time   301(  27+275 )ms|AST    8|Inlined   0Y   0N|IR   5737/ 15187|CodeSize   81075|Addr 0x7f5edfffffc0|Timestamp 145828936316392|Src n/a
[engine] opt done   id=1085  ProtosRootNode@27896b0e                            |Tier 1|Time    27(   4+22  )ms|AST    2|Inlined   0Y   0N|IR    888/  2671|CodeSize   13140|Addr 0x7f5ee00204c0|Timestamp 145828971898042|Src n/a
[engine] opt failed id=1086  ProtosRootNode@317f84                              |Tier 1|Time   77(-145828972+145829049)ms|Reason: jdk.graal.compiler.truffle.GraphTooBigBailoutException: Graph too big to safely compile. Node count: 52906. Graph Size: 150026. Limit: 150000.|Timestamp 145829048915041|Src n/a
[engine] opt failed id=1086  ProtosRootNode@317f84                              |Tier 1|Time   49(-145829049+145829098)ms|Reason: jdk.graal.compiler.truffle.GraphTooBigBailoutException: Graph too big to safely compile. Node count: 52906. Graph Size: 150026. Limit: 150000.|Timestamp 145829097990654|Src n/a
[engine] opt done   id=1075  ProtosRootNode@3f9d110a                            |Tier 1|Time    22(   5+17  )ms|AST    2|Inlined   0Y   0N|IR    888/  1275|CodeSize    5532|Addr 0x7f5ee00260e0|Timestamp 145829121373874|Src n/a
[engine] opt done   id=1076  ProtosRootNode@54bfb10e                            |Tier 1|Time   195(  19+177 )ms|AST    7|Inlined   0Y   0N|IR   3977/ 13632|CodeSize   66729|Addr 0x7f5ee00295a0|Timestamp 145829317604694|Src n/a
[engine] opt done   id=1168  ProtosRootNode@1a70f100                            |Tier 1|Time    14(   3+10  )ms|AST    2|Inlined   0Y   0N|IR    575/  1647|CodeSize    7498|Addr 0x7f5ee00454a0|Timestamp 145829416487711|Src n/a
[engine] opt done   id=1169  ProtosRootNode@48b74607                            |Tier 1|Time   723(  72+651 )ms|AST   14|Inlined   0Y   0N|IR  11410/ 40219|CodeSize  206764|Addr 0x7f5ee004b6c0|Timestamp 145830139896588|Src n/a
[engine] opt done   id=1166  ProtosRootNode@2dbcf1ad                            |Tier 1|Time    15(   4+11  )ms|AST    2|Inlined   0Y   0N|IR    888/  1275|CodeSize    5532|Addr 0x7f5ee009c760|Timestamp 145830155674345|Src n/a
[engine] opt done   id=1167  ProtosRootNode@3262037d                            |Tier 1|Time   247(  51+196 )ms|AST    8|Inlined   0Y   0N|IR   5810/ 18749|CodeSize   95867|Addr 0x7f5ee00a0260|Timestamp 145830403294891|Src n/a
[engine] opt done   id=1168  ProtosRootNode@1a70f100                            |Tier 2|Time    17(   3+14  )ms|AST    2|Inlined   0Y   0N|IR    502/  1344|CodeSize    6459|Addr 0x7f5ee00c5da0|Timestamp 145830473611920|Src n/a
[engine] opt done   id=1169  ProtosRootNode@48b74607                            |Tier 2|Time   819(  64+755 )ms|AST   14|Inlined   0Y   0N|IR  11337/ 33056|CodeSize  176524|Addr 0x7f5ee00cb060|Timestamp 145831292836896|Src n/a
[engine] opt done   id=1166  ProtosRootNode@2dbcf1ad                            |Tier 2|Time    30(   4+26  )ms|AST    2|Inlined   0Y   0N|IR    815/   944|CodeSize    4429|Addr 0x7f5ee010f280|Timestamp 145831323176727|Src n/a
[engine] opt done   id=1167  ProtosRootNode@3262037d                            |Tier 2|Time   278(  27+251 )ms|AST    8|Inlined   0Y   0N|IR   5737/ 15187|CodeSize   81075|Addr 0x7f5ee0112340|Timestamp 145831601699335|Src n/a
[engine] opt done   id=1170  ProtosRootNode@5982df84                            |Tier 1|Time    23(   4+19  )ms|AST    2|Inlined   0Y   0N|IR    888/  2671|CodeSize   13140|Addr 0x7f5ee0132bc0|Timestamp 145831634044949|Src n/a
[engine] opt failed id=1171  ProtosRootNode@249a4466                            |Tier 1|Time   54(-145831636+145831691)ms|Reason: jdk.graal.compiler.truffle.GraphTooBigBailoutException: Graph too big to safely compile. Node count: 52906. Graph Size: 150026. Limit: 150000.|Timestamp 145831690620174|Src n/a
[engine] opt failed id=1171  ProtosRootNode@249a4466                            |Tier 1|Time   54(-145831699+145831752)ms|Reason: jdk.graal.compiler.truffle.GraphTooBigBailoutException: Graph too big to safely compile. Node count: 52906. Graph Size: 150026. Limit: 150000.|Timestamp 145831752206827|Src n/a
[engine] opt done   id=1160  ProtosRootNode@53a42f9c                            |Tier 1|Time    21(   6+15  )ms|AST    2|Inlined   0Y   0N|IR    888/  1275|CodeSize    5532|Addr 0x7f5ee01391e0|Timestamp 145831778767742|Src n/a
[engine] opt done   id=1161  ProtosRootNode@5f53a119                            |Tier 1|Time   154(  20+134 )ms|AST    7|Inlined   0Y   0N|IR   3977/ 13632|CodeSize   66729|Addr 0x7f5ee013c6a0|Timestamp 145831932825700|Src n/a
[engine] opt done   id=1253  ProtosRootNode@15bd54b7                            |Tier 1|Time    14(   3+10  )ms|AST    2|Inlined   0Y   0N|IR    575/  1647|CodeSize    7498|Addr 0x7f5ee0157620|Timestamp 145832017026061|Src n/a
[engine] opt done   id=1254  ProtosRootNode@5d44ef29                            |Tier 1|Time   744(  71+673 )ms|AST   14|Inlined   0Y   0N|IR  11410/ 40219|CodeSize  206764|Addr 0x7f5ee015d840|Timestamp 145832761798280|Src n/a
[engine] opt done   id=1251  ProtosRootNode@6e8de682                            |Tier 1|Time    16(   4+12  )ms|AST    2|Inlined   0Y   0N|IR    888/  1275|CodeSize    5532|Addr 0x7f5ee01ae8e0|Timestamp 145832778379018|Src n/a
[engine] opt done   id=1252  ProtosRootNode@2f02bf00                            |Tier 1|Time   348(  55+294 )ms|AST    8|Inlined   0Y   0N|IR   5810/ 18749|CodeSize   95867|Addr 0x7f5ee01b23e0|Timestamp 145833127132012|Src n/a
[engine] opt done   id=1253  ProtosRootNode@15bd54b7                            |Tier 2|Time    18(   3+14  )ms|AST    2|Inlined   0Y   0N|IR    502/  1344|CodeSize    6459|Addr 0x7f5ee01d7f20|Timestamp 145833191764081|Src n/a
[engine] opt done   id=1254  ProtosRootNode@5d44ef29                            |Tier 2|Time   779(  69+711 )ms|AST   14|Inlined   0Y   0N|IR  11337/ 33056|CodeSize  176524|Addr 0x7f5ee01dd1e0|Timestamp 145833971399826|Src n/a
[engine] opt done   id=1251  ProtosRootNode@6e8de682                            |Tier 2|Time    31(   5+25  )ms|AST    2|Inlined   0Y   0N|IR    815/   944|CodeSize    4429|Addr 0x7f5ee0221400|Timestamp 145834002378667|Src n/a
[engine] opt done   id=1252  ProtosRootNode@2f02bf00                            |Tier 2|Time   278(  28+250 )ms|AST    8|Inlined   0Y   0N|IR   5737/ 15187|CodeSize   81075|Addr 0x7f5ee02244c0|Timestamp 145834280358372|Src n/a
[engine] opt done   id=1255  ProtosRootNode@7e964c0d                            |Tier 1|Time    23(   5+18  )ms|AST    2|Inlined   0Y   0N|IR    888/  2671|CodeSize   13140|Addr 0x7f5ee02449c0|Timestamp 145834316553853|Src n/a
[engine] opt failed id=1256  ProtosRootNode@d9aaac6                             |Tier 1|Time   49(-145834317+145834366)ms|Reason: jdk.graal.compiler.truffle.GraphTooBigBailoutException: Graph too big to safely compile. Node count: 52906. Graph Size: 150026. Limit: 150000.|Timestamp 145834366372106|Src n/a
[engine] opt failed id=1256  ProtosRootNode@d9aaac6                             |Tier 1|Time   44(-145834375+145834419)ms|Reason: jdk.graal.compiler.truffle.GraphTooBigBailoutException: Graph too big to safely compile. Node count: 52906. Graph Size: 150026. Limit: 150000.|Timestamp 145834419251735|Src n/a
[engine] opt done   id=1245  ProtosRootNode@5b3be725                            |Tier 1|Time    14(   4+9   )ms|AST    2|Inlined   0Y   0N|IR    888/  1275|CodeSize    5532|Addr 0x7f5ee024a5e0|Timestamp 145834437336665|Src n/a
[engine] opt done   id=1246  ProtosRootNode@3fb4c3af                            |Tier 1|Time   150(  20+130 )ms|AST    7|Inlined   0Y   0N|IR   3977/ 13632|CodeSize   66729|Addr 0x7f5ee024daa0|Timestamp 145834587720217|Src n/a
[engine] opt done   id=1338  ProtosRootNode@4c1336a                             |Tier 1|Time    25(   5+20  )ms|AST    2|Inlined   0Y   0N|IR    575/  1647|CodeSize    7498|Addr 0x7f5ee0269120|Timestamp 145834686445651|Src n/a
[engine] opt done   id=1339  ProtosRootNode@5145f466                            |Tier 1|Time   718(  66+652 )ms|AST   14|Inlined   0Y   0N|IR  11410/ 40219|CodeSize  206764|Addr 0x7f5ee026f340|Timestamp 145835405249442|Src n/a
[engine] opt done   id=1336  ProtosRootNode@7c9b91f7                            |Tier 1|Time    16(   4+11  )ms|AST    2|Inlined   0Y   0N|IR    888/  1275|CodeSize    5532|Addr 0x7f5ee02c03e0|Timestamp 145835421466159|Src n/a
[engine] opt done   id=1337  ProtosRootNode@3fcf3896                            |Tier 1|Time   247(  54+193 )ms|AST    8|Inlined   0Y   0N|IR   5810/ 18749|CodeSize   95867|Addr 0x7f5ee02c3ee0|Timestamp 145835668737652|Src n/a
[engine] opt done   id=1338  ProtosRootNode@4c1336a                             |Tier 2|Time    17(   3+14  )ms|AST    2|Inlined   0Y   0N|IR    502/  1344|CodeSize    6459|Addr 0x7f5ee02e9a20|Timestamp 145835735106433|Src n/a
[engine] opt done   id=1339  ProtosRootNode@5145f466                            |Tier 2|Time   736(  63+673 )ms|AST   14|Inlined   0Y   0N|IR  11337/ 33056|CodeSize  176524|Addr 0x7f5ee02eece0|Timestamp 145836471598181|Src n/a
[engine] opt done   id=1336  ProtosRootNode@7c9b91f7                            |Tier 2|Time    30(   4+25  )ms|AST    2|Inlined   0Y   0N|IR    815/   944|CodeSize    4429|Addr 0x7f5ee0332f00|Timestamp 145836501572471|Src n/a
[engine] opt done   id=1337  ProtosRootNode@3fcf3896                            |Tier 2|Time   289(  26+263 )ms|AST    8|Inlined   0Y   0N|IR   5737/ 15187|CodeSize   81075|Addr 0x7f5ee0335fc0|Timestamp 145836791421784|Src n/a
[engine] opt done   id=1340  ProtosRootNode@7d3b1fe7                            |Tier 1|Time    23(   4+18  )ms|AST    2|Inlined   0Y   0N|IR    888/  2671|CodeSize   13140|Addr 0x7f5ee03564c0|Timestamp 145836831803411|Src n/a
[engine] opt failed id=1341  ProtosRootNode@2125266                             |Tier 1|Time   82(-145836834+145836916)ms|Reason: jdk.graal.compiler.truffle.GraphTooBigBailoutException: Graph too big to safely compile. Node count: 52906. Graph Size: 150026. Limit: 150000.|Timestamp 145836915941721|Src n/a
[engine] opt failed id=1341  ProtosRootNode@2125266                             |Tier 1|Time   71(-145836917+145836987)ms|Reason: jdk.graal.compiler.truffle.GraphTooBigBailoutException: Graph too big to safely compile. Node count: 52906. Graph Size: 150026. Limit: 150000.|Timestamp 145836987387760|Src n/a
[engine] opt done   id=1330  ProtosRootNode@577774f1                            |Tier 1|Time    14(   4+9   )ms|AST    2|Inlined   0Y   0N|IR    888/  1275|CodeSize    5532|Addr 0x7f5ee035e760|Timestamp 145837001566234|Src n/a
[engine] opt done   id=1331  ProtosRootNode@63a32ab3                            |Tier 1|Time   172(  21+150 )ms|AST    7|Inlined   0Y   0N|IR   3977/ 13632|CodeSize   66729|Addr 0x7f5ee0361c20|Timestamp 145837173927401|Src n/a
[engine] opt done   id=1423  ProtosRootNode@1c485cf5                            |Tier 1|Time    27(   6+21  )ms|AST    2|Inlined   0Y   0N|IR    575/  1647|CodeSize    7498|Addr 0x7f5ee037d320|Timestamp 145837274803449|Src n/a
[engine] opt done   id=1424  ProtosRootNode@22935b6f                            |Tier 1|Time   748(  89+659 )ms|AST   14|Inlined   0Y   0N|IR  11410/ 40219|CodeSize  206764|Addr 0x7f5ee03851c0|Timestamp 145838025837339|Src n/a
[engine] opt done   id=1421  ProtosRootNode@5fd98f                              |Tier 1|Time    16(   4+11  )ms|AST    2|Inlined   0Y   0N|IR    888/  1275|CodeSize    5532|Addr 0x7f5ee03d6260|Timestamp 145838042242636|Src n/a
[engine] opt done   id=1422  ProtosRootNode@510fab58                            |Tier 1|Time   257(  56+201 )ms|AST    8|Inlined   0Y   0N|IR   5810/ 18749|CodeSize   95867|Addr 0x7f5ee03d9d60|Timestamp 145838299754394|Src n/a
[engine] opt done   id=1423  ProtosRootNode@1c485cf5                            |Tier 2|Time    17(   3+14  )ms|AST    2|Inlined   0Y   0N|IR    502/  1344|CodeSize    6459|Addr 0x7f5ee03ff8a0|Timestamp 145838372035685|Src n/a
[engine] opt done   id=1424  ProtosRootNode@22935b6f                            |Tier 2|Time   872(  65+807 )ms|AST   14|Inlined   0Y   0N|IR  11337/ 33056|CodeSize  176524|Addr 0x7f5ee0404ee0|Timestamp 145839244490164|Src n/a
[engine] opt done   id=1421  ProtosRootNode@5fd98f                              |Tier 2|Time    17(   5+13  )ms|AST    2|Inlined   0Y   0N|IR    815/   944|CodeSize    4429|Addr 0x7f5ee0449100|Timestamp 145839289378129|Src n/a
[engine] opt done   id=1422  ProtosRootNode@510fab58                            |Tier 2|Time   299(  31+268 )ms|AST    8|Inlined   0Y   0N|IR   5737/ 15187|CodeSize   81075|Addr 0x7f5ee044c1c0|Timestamp 145839588912996|Src n/a
[engine] opt done   id=1425  ProtosRootNode@3ff1b081                            |Tier 1|Time    22(   4+18  )ms|AST    2|Inlined   0Y   0N|IR    888/  2671|CodeSize   13140|Addr 0x7f5ee046c6c0|Timestamp 145839619947368|Src n/a
[engine] opt failed id=1426  ProtosRootNode@4760443b                            |Tier 1|Time   47(-145839626+145839673)ms|Reason: jdk.graal.compiler.truffle.GraphTooBigBailoutException: Graph too big to safely compile. Node count: 52906. Graph Size: 150026. Limit: 150000.|Timestamp 145839673433556|Src n/a
[engine] opt failed id=1426  ProtosRootNode@4760443b                            |Tier 1|Time   47(-145839677+145839724)ms|Reason: jdk.graal.compiler.truffle.GraphTooBigBailoutException: Graph too big to safely compile. Node count: 52906. Graph Size: 150026. Limit: 150000.|Timestamp 145839723804890|Src n/a
[engine] opt done   id=1415  ProtosRootNode@304dad6a                            |Tier 1|Time    20(   8+11  )ms|AST    2|Inlined   0Y   0N|IR    888/  1275|CodeSize    5532|Addr 0x7f5ee04734e0|Timestamp 145839751882206|Src n/a
[engine] opt done   id=1416  ProtosRootNode@6d327ec2                            |Tier 1|Time   158(  21+137 )ms|AST    7|Inlined   0Y   0N|IR   3977/ 13632|CodeSize   66729|Addr 0x7f5ee04769a0|Timestamp 145839910805120|Src n/a
[engine] opt done   id=1508  ProtosRootNode@7830a72a                            |Tier 1|Time    25(   5+20  )ms|AST    2|Inlined   0Y   0N|IR    575/  1647|CodeSize    7498|Addr 0x7f5ee04927a0|Timestamp 145840006899349|Src n/a
[engine] opt done   id=1509  ProtosRootNode@2743d56d                            |Tier 1|Time   738(  82+655 )ms|AST   14|Inlined   0Y   0N|IR  11410/ 40219|CodeSize  206764|Addr 0x7f5ee04989c0|Timestamp 145840744959073|Src n/a
[engine] opt done   id=1506  ProtosRootNode@574496e5                            |Tier 1|Time    15(   4+11  )ms|AST    2|Inlined   0Y   0N|IR    888/  1275|CodeSize    5532|Addr 0x7f5ee04e9a60|Timestamp 145840760759979|Src n/a
[engine] opt done   id=1507  ProtosRootNode@76b41ba                             |Tier 1|Time   244(  37+207 )ms|AST    8|Inlined   0Y   0N|IR   5810/ 18749|CodeSize   95867|Addr 0x7f5ee04ed560|Timestamp 145841005116894|Src n/a
[engine] opt done   id=1508  ProtosRootNode@7830a72a                            |Tier 2|Time    18(   3+15  )ms|AST    2|Inlined   0Y   0N|IR    502/  1344|CodeSize    6459|Addr 0x7f5ee05130a0|Timestamp 145841066855226|Src n/a
[engine] opt done   id=1509  ProtosRootNode@2743d56d                            |Tier 2|Time   830(  65+765 )ms|AST   14|Inlined   0Y   0N|IR  11337/ 33056|CodeSize  176524|Addr 0x7f5ee0518360|Timestamp 145841897282560|Src n/a
[engine] opt done   id=1506  ProtosRootNode@574496e5                            |Tier 2|Time    23(   4+19  )ms|AST    2|Inlined   0Y   0N|IR    815/   944|CodeSize    4429|Addr 0x7f5ee055c580|Timestamp 145841920879050|Src n/a
[engine] opt done   id=1507  ProtosRootNode@76b41ba                             |Tier 2|Time   296(  28+269 )ms|AST    8|Inlined   0Y   0N|IR   5737/ 15187|CodeSize   81075|Addr 0x7f5ee055f640|Timestamp 145842217540540|Src n/a
[engine] opt done   id=1510  ProtosRootNode@e81d74d                             |Tier 1|Time    23(   5+18  )ms|AST    2|Inlined   0Y   0N|IR    888/  2671|CodeSize   13140|Addr 0x7f5ee057fb40|Timestamp 145842253987900|Src n/a
[engine] opt failed id=1511  ProtosRootNode@75e0fc33                            |Tier 1|Time   45(-145842261+145842306)ms|Reason: jdk.graal.compiler.truffle.GraphTooBigBailoutException: Graph too big to safely compile. Node count: 52906. Graph Size: 150026. Limit: 150000.|Timestamp 145842306311137|Src n/a
[engine] opt failed id=1511  ProtosRootNode@75e0fc33                            |Tier 1|Time   46(-145842310+145842356)ms|Reason: jdk.graal.compiler.truffle.GraphTooBigBailoutException: Graph too big to safely compile. Node count: 52906. Graph Size: 150026. Limit: 150000.|Timestamp 145842357348691|Src n/a
[engine] opt done   id=1500  ProtosRootNode@263401dc                            |Tier 1|Time    18(   8+10  )ms|AST    2|Inlined   0Y   0N|IR    888/  1275|CodeSize    5532|Addr 0x7f5ee0585ae0|Timestamp 145842382674263|Src n/a
[engine] opt done   id=1501  ProtosRootNode@62e4e4b4                            |Tier 1|Time   176(  21+154 )ms|AST    7|Inlined   0Y   0N|IR   3977/ 13632|CodeSize   66729|Addr 0x7f5ee0588fa0|Timestamp 145842558658274|Src n/a
[engine] opt done   id=1593  ProtosRootNode@500b9489                            |Tier 1|Time    18(   7+11  )ms|AST    2|Inlined   0Y   0N|IR    575/  1647|CodeSize    7498|Addr 0x7f5ee05a41a0|Timestamp 145842648851093|Src n/a
[engine] opt done   id=1594  ProtosRootNode@33ab12ca                            |Tier 1|Time   714(  76+638 )ms|AST   14|Inlined   0Y   0N|IR  11410/ 40219|CodeSize  206764|Addr 0x7f5ee05aa3c0|Timestamp 145843364448795|Src n/a
[engine] opt done   id=1591  ProtosRootNode@1be878a0                            |Tier 1|Time    14(   5+10  )ms|AST    2|Inlined   0Y   0N|IR    888/  1275|CodeSize    5532|Addr 0x7f5ee05fb460|Timestamp 145843392835742|Src n/a
[engine] opt done   id=1592  ProtosRootNode@4ef1389e                            |Tier 1|Time   246(  27+220 )ms|AST    8|Inlined   0Y   0N|IR   5810/ 18749|CodeSize   95867|Addr 0x7f5ee05fef60|Timestamp 145843639175148|Src n/a
[engine] opt done   id=1593  ProtosRootNode@500b9489                            |Tier 2|Time    17(   3+14  )ms|AST    2|Inlined   0Y   0N|IR    502/  1344|CodeSize    6459|Addr 0x7f5ee0624aa0|Timestamp 145843690070162|Src n/a
[engine] opt done   id=1594  ProtosRootNode@33ab12ca                            |Tier 2|Time   809( 108+702 )ms|AST   14|Inlined   0Y   0N|IR  11337/ 33056|CodeSize  176524|Addr 0x7f5ee0629d60|Timestamp 145844499558497|Src n/a
[engine] opt done   id=1591  ProtosRootNode@1be878a0                            |Tier 2|Time    30(   4+26  )ms|AST    2|Inlined   0Y   0N|IR    815/   944|CodeSize    4429|Addr 0x7f5ee066df80|Timestamp 145844529780127|Src n/a
[engine] opt done   id=1592  ProtosRootNode@4ef1389e                            |Tier 2|Time   281(  27+253 )ms|AST    8|Inlined   0Y   0N|IR   5737/ 15187|CodeSize   81075|Addr 0x7f5ee0671040|Timestamp 145844810976570|Src n/a
[engine] opt done   id=1595  ProtosRootNode@5dd18b8b                            |Tier 1|Time    22(   4+18  )ms|AST    2|Inlined   0Y   0N|IR    888/  2671|CodeSize   13140|Addr 0x7f5ee0691540|Timestamp 145844842165611|Src n/a
[engine] opt failed id=1596  ProtosRootNode@1c3c6a00                            |Tier 1|Time   50(-145844842+145844893)ms|Reason: jdk.graal.compiler.truffle.GraphTooBigBailoutException: Graph too big to safely compile. Node count: 52906. Graph Size: 150026. Limit: 150000.|Timestamp 145844892876315|Src n/a
[engine] opt failed id=1596  ProtosRootNode@1c3c6a00                            |Tier 1|Time   50(-145844902+145844951)ms|Reason: jdk.graal.compiler.truffle.GraphTooBigBailoutException: Graph too big to safely compile. Node count: 52906. Graph Size: 150026. Limit: 150000.|Timestamp 145844951196561|Src n/a
[engine] opt done   id=1585  ProtosRootNode@581d36aa                            |Tier 1|Time    14(   5+10  )ms|AST    2|Inlined   0Y   0N|IR    888/  1275|CodeSize    5532|Addr 0x7f5ee0697160|Timestamp 145844969689411|Src n/a
[engine] opt done   id=1586  ProtosRootNode@4e80801                             |Tier 1|Time   162(  21+141 )ms|AST    7|Inlined   0Y   0N|IR   3977/ 13632|CodeSize   66729|Addr 0x7f5ee069a920|Timestamp 145845131851478|Src n/a
[engine] opt done   id=1678  ProtosRootNode@623b58ea                            |Tier 1|Time    29(   7+22  )ms|AST    2|Inlined   0Y   0N|IR    575/  1647|CodeSize    7498|Addr 0x7f5ee06b5520|Timestamp 145845234942728|Src n/a
[engine] opt done   id=1679  ProtosRootNode@283b2058                            |Tier 1|Time   737(  87+650 )ms|AST   14|Inlined   0Y   0N|IR  11410/ 40219|CodeSize  206764|Addr 0x7f5ee06bd5c0|Timestamp 145845972385742|Src n/a
[engine] opt done   id=1676  ProtosRootNode@28ac4796                            |Tier 1|Time    16(   5+11  )ms|AST    2|Inlined   0Y   0N|IR    888/  1275|CodeSize    5532|Addr 0x7f5ee070e660|Timestamp 145845988929019|Src n/a
[engine] opt done   id=1677  ProtosRootNode@50fc43c                             |Tier 1|Time   285(  55+230 )ms|AST    8|Inlined   0Y   0N|IR   5810/ 18749|CodeSize   95867|Addr 0x7f5ee0712160|Timestamp 145846274255528|Src n/a
[engine] opt done   id=1678  ProtosRootNode@623b58ea                            |Tier 2|Time    18(   3+15  )ms|AST    2|Inlined   0Y   0N|IR    502/  1344|CodeSize    6459|Addr 0x7f5ee0737ca0|Timestamp 145846336570280|Src n/a
[engine] opt done   id=1679  ProtosRootNode@283b2058                            |Tier 2|Time  1044( 100+944 )ms|AST   14|Inlined   0Y   0N|IR  11337/ 33056|CodeSize  176524|Addr 0x7f5ee073cf60|Timestamp 145847382961329|Src n/a
[engine] opt done   id=1676  ProtosRootNode@28ac4796                            |Tier 2|Time    17(   4+12  )ms|AST    2|Inlined   0Y   0N|IR    815/   944|CodeSize    4429|Addr 0x7f5ee0781a00|Timestamp 145847439921083|Src n/a
[engine] opt done   id=1677  ProtosRootNode@50fc43c                             |Tier 2|Time   299(  29+270 )ms|AST    8|Inlined   0Y   0N|IR   5737/ 15187|CodeSize   81075|Addr 0x7f5ee0784ac0|Timestamp 145847739248464|Src n/a
[engine] opt done   id=1680  ProtosRootNode@7b7000cd                            |Tier 1|Time    25(   5+19  )ms|AST    2|Inlined   0Y   0N|IR    888/  2671|CodeSize   13140|Addr 0x7f5ee07a4fc0|Timestamp 145847772814979|Src n/a
[engine] opt failed id=1681  ProtosRootNode@3c3be2b8                            |Tier 1|Time   54(-145847779+145847833)ms|Reason: jdk.graal.compiler.truffle.GraphTooBigBailoutException: Graph too big to safely compile. Node count: 52906. Graph Size: 150026. Limit: 150000.|Timestamp 145847833540068|Src n/a
[engine] opt failed id=1681  ProtosRootNode@3c3be2b8                            |Tier 1|Time   48(-145847838+145847886)ms|Reason: jdk.graal.compiler.truffle.GraphTooBigBailoutException: Graph too big to safely compile. Node count: 52906. Graph Size: 150026. Limit: 150000.|Timestamp 145847886014724|Src n/a
[engine] opt done   id=1670  ProtosRootNode@506aa0bd                            |Tier 1|Time    15(   5+11  )ms|AST    2|Inlined   0Y   0N|IR    888/  1275|CodeSize    5532|Addr 0x7f5ee07aabe0|Timestamp 145847905417866|Src n/a
[engine] opt done   id=1671  ProtosRootNode@2b97023                             |Tier 1|Time   164(  21+143 )ms|AST    7|Inlined   0Y   0N|IR   3977/ 13632|CodeSize   66729|Addr 0x7f5ee07ae0a0|Timestamp 145848069606085|Src n/a
[engine] opt done   id=1763  ProtosRootNode@5e1feb9f                            |Tier 1|Time    28(   6+22  )ms|AST    2|Inlined   0Y   0N|IR    575/  1647|CodeSize    7498|Addr 0x7f5ee07c9020|Timestamp 145848169950660|Src n/a
[engine] opt done   id=1764  ProtosRootNode@15ac0ff5                            |Tier 1|Time  1167( 171+996 )ms|AST   14|Inlined   0Y   0N|IR  11410/ 40219|CodeSize  206764|Addr 0x7f5ee07d0ec0|Timestamp 145849339331585|Src n/a
[engine] opt done   id=1761  ProtosRootNode@156d035c                            |Tier 1|Time    14(   4+10  )ms|AST    2|Inlined   0Y   0N|IR    888/  1275|CodeSize    5532|Addr 0x7f5ee0822260|Timestamp 145849371093157|Src n/a
[engine] opt done   id=1762  ProtosRootNode@7a44f1d0                            |Tier 1|Time   251(  27+224 )ms|AST    8|Inlined   0Y   0N|IR   5810/ 18749|CodeSize   95867|Addr 0x7f5ee0825d60|Timestamp 145849622393059|Src n/a
[engine] opt done   id=1763  ProtosRootNode@5e1feb9f                            |Tier 2|Time    31(  10+21  )ms|AST    2|Inlined   0Y   0N|IR    502/  1344|CodeSize    6459|Addr 0x7f5ee084b8a0|Timestamp 145849684685491|Src n/a
[engine] opt done   id=1764  ProtosRootNode@15ac0ff5                            |Tier 2|Time   815(  96+719 )ms|AST   14|Inlined   0Y   0N|IR  11337/ 33056|CodeSize  176524|Addr 0x7f5ee0850b60|Timestamp 145850500583345|Src n/a
[engine] opt done   id=1761  ProtosRootNode@156d035c                            |Tier 2|Time    17(   4+12  )ms|AST    2|Inlined   0Y   0N|IR    815/   944|CodeSize    4429|Addr 0x7f5ee0894d80|Timestamp 145850535123631|Src n/a
[engine] opt done   id=1762  ProtosRootNode@7a44f1d0                            |Tier 2|Time   270(  26+244 )ms|AST    8|Inlined   0Y   0N|IR   5737/ 15187|CodeSize   81075|Addr 0x7f5ee0897e40|Timestamp 145850805312722|Src n/a
[engine] opt done   id=1765  ProtosRootNode@6c6889a1                            |Tier 1|Time    23(   5+18  )ms|AST    2|Inlined   0Y   0N|IR    888/  2671|CodeSize   13140|Addr 0x7f5ee08b8340|Timestamp 145850837087194|Src n/a
[engine] opt failed id=1766  ProtosRootNode@39526805                            |Tier 1|Time   45(-145850838+145850883)ms|Reason: jdk.graal.compiler.truffle.GraphTooBigBailoutException: Graph too big to safely compile. Node count: 52906. Graph Size: 150026. Limit: 150000.|Timestamp 145850883098879|Src n/a
[engine] opt failed id=1766  ProtosRootNode@39526805                            |Tier 1|Time   45(-145850891+145850937)ms|Reason: jdk.graal.compiler.truffle.GraphTooBigBailoutException: Graph too big to safely compile. Node count: 52906. Graph Size: 150026. Limit: 150000.|Timestamp 145850936699277|Src n/a
[engine] opt done   id=1755  ProtosRootNode@40cff817                            |Tier 1|Time    14(   4+9   )ms|AST    2|Inlined   0Y   0N|IR    888/  1275|CodeSize    5532|Addr 0x7f5ee08be560|Timestamp 145850951733851|Src n/a
[engine] opt done   id=1756  ProtosRootNode@5ba0be33                            |Tier 1|Time   149(  20+130 )ms|AST    7|Inlined   0Y   0N|IR   3977/ 13632|CodeSize   66729|Addr 0x7f5ee08c1a20|Timestamp 145851109320639|Src n/a
